[0.014s][info][gc,heap] Heap region size: 1M
[0.018s][info][gc     ] Using G1
[0.018s][info][gc,heap,coops] Heap address: 0x0000000700000000, size: 4096 MB, Compressed Oops mode: Zero based, Oop shift amount: 3
[0.362s][info][gc,start     ] GC(0) Pause Young (Normal) (G1 Evacuation Pause)
[0.362s][info][gc,task      ] GC(0) Using 6 workers of 8 for evacuation
[0.368s][info][gc,phases    ] GC(0)   Pre Evacuate Collection Set: 0.0ms
[0.368s][info][gc,phases    ] GC(0)   Evacuate Collection Set: 4.3ms
[0.368s][info][gc,phases    ] GC(0)   Post Evacuate Collection Set: 0.3ms
[0.368s][info][gc,phases    ] GC(0)   Other: 0.8ms
[0.368s][info][gc,heap      ] GC(0) Eden regions: 24->0(19)
[0.368s][info][gc,heap      ] GC(0) Survivor regions: 0->3(3)
[0.368s][info][gc,heap      ] GC(0) Old regions: 0->10
[0.368s][info][gc,heap      ] GC(0) Humongous regions: 4->4
[0.368s][info][gc,metaspace ] GC(0) Metaspace: 6147K->6147K(1056768K)
[0.368s][info][gc           ] GC(0) Pause Young (Normal) (G1 Evacuation Pause) 28M->16M(256M) 5.964ms
[0.368s][info][gc,cpu       ] GC(0) User=0.02s Sys=0.01s Real=0.00s
[0.446s][info][gc,start     ] GC(1) Pause Young (Normal) (G1 Evacuation Pause)
[0.446s][info][gc,task      ] GC(1) Using 6 workers of 8 for evacuation
[0.449s][info][gc,phases    ] GC(1)   Pre Evacuate Collection Set: 0.0ms
[0.449s][info][gc,phases    ] GC(1)   Evacuate Collection Set: 2.9ms
[0.449s][info][gc,phases    ] GC(1)   Post Evacuate Collection Set: 0.3ms
[0.449s][info][gc,phases    ] GC(1)   Other: 0.2ms
[0.449s][info][gc,heap      ] GC(1) Eden regions: 19->0(42)
[0.449s][info][gc,heap      ] GC(1) Survivor regions: 3->3(3)
[0.449s][info][gc,heap      ] GC(1) Old regions: 10->18
[0.449s][info][gc,heap      ] GC(1) Humongous regions: 5->5
[0.449s][info][gc,metaspace ] GC(1) Metaspace: 6207K->6207K(1056768K)
[0.449s][info][gc           ] GC(1) Pause Young (Normal) (G1 Evacuation Pause) 36M->25M(256M) 3.559ms
[0.449s][info][gc,cpu       ] GC(1) User=0.02s Sys=0.01s Real=0.00s
[0.845s][info][gc,start     ] GC(2) Pause Young (Normal) (G1 Evacuation Pause)
[0.845s][info][gc,task      ] GC(2) Using 6 workers of 8 for evacuation
[0.848s][info][gc,phases    ] GC(2)   Pre Evacuate Collection Set: 0.0ms
[0.848s][info][gc,phases    ] GC(2)   Evacuate Collection Set: 2.5ms
[0.848s][info][gc,phases    ] GC(2)   Post Evacuate Collection Set: 0.3ms
[0.848s][info][gc,phases    ] GC(2)   Other: 0.2ms
[0.848s][info][gc,heap      ] GC(2) Eden regions: 42->0(58)
[0.848s][info][gc,heap      ] GC(2) Survivor regions: 3->6(6)
[0.848s][info][gc,heap      ] GC(2) Old regions: 18->19
[0.848s][info][gc,heap      ] GC(2) Humongous regions: 48->48
[0.848s][info][gc,metaspace ] GC(2) Metaspace: 9193K->9193K(1058816K)
[0.848s][info][gc           ] GC(2) Pause Young (Normal) (G1 Evacuation Pause) 110M->72M(256M) 3.113ms
[0.848s][info][gc,cpu       ] GC(2) User=0.00s Sys=0.01s Real=0.00s
[1.159s][info][gc,start     ] GC(3) Pause Young (Concurrent Start) (G1 Humongous Allocation)
[1.159s][info][gc,task      ] GC(3) Using 6 workers of 8 for evacuation
[1.164s][info][gc,phases    ] GC(3)   Pre Evacuate Collection Set: 0.1ms
[1.164s][info][gc,phases    ] GC(3)   Evacuate Collection Set: 3.3ms
[1.164s][info][gc,phases    ] GC(3)   Post Evacuate Collection Set: 0.3ms
[1.164s][info][gc,phases    ] GC(3)   Other: 0.6ms
[1.164s][info][gc,heap      ] GC(3) Eden regions: 49->0(57)
[1.164s][info][gc,heap      ] GC(3) Survivor regions: 6->4(8)
[1.164s][info][gc,heap      ] GC(3) Old regions: 19->21
[1.164s][info][gc,heap      ] GC(3) Humongous regions: 96->96
[1.164s][info][gc,metaspace ] GC(3) Metaspace: 9730K->9730K(1058816K)
[1.164s][info][gc           ] GC(3) Pause Young (Concurrent Start) (G1 Humongous Allocation) 169M->120M(256M) 4.468ms
[1.164s][info][gc,cpu       ] GC(3) User=0.01s Sys=0.01s Real=0.01s
[1.164s][info][gc           ] GC(4) Concurrent Cycle
[1.164s][info][gc,marking   ] GC(4) Concurrent Clear Claimed Marks
[1.164s][info][gc,marking   ] GC(4) Concurrent Clear Claimed Marks 0.031ms
[1.164s][info][gc,marking   ] GC(4) Concurrent Scan Root Regions
[1.166s][info][gc,marking   ] GC(4) Concurrent Scan Root Regions 1.140ms
[1.166s][info][gc,marking   ] GC(4) Concurrent Mark (1.166s)
[1.166s][info][gc,marking   ] GC(4) Concurrent Mark From Roots
[1.166s][info][gc,task      ] GC(4) Using 2 workers of 2 for marking
[1.173s][info][gc,marking   ] GC(4) Concurrent Mark From Roots 7.134ms
[1.173s][info][gc,marking   ] GC(4) Concurrent Preclean
[1.173s][info][gc,marking   ] GC(4) Concurrent Preclean 0.067ms
[1.173s][info][gc,marking   ] GC(4) Concurrent Mark (1.166s, 1.173s) 7.271ms
[1.173s][info][gc,start     ] GC(4) Pause Remark
[1.174s][info][gc,stringtable] GC(4) Cleaned string and symbol table, strings: 4288 processed, 22 removed, symbols: 36593 processed, 5 removed
[1.175s][info][gc            ] GC(4) Pause Remark 124M->124M(256M) 1.555ms
[1.175s][info][gc,cpu        ] GC(4) User=0.01s Sys=0.00s Real=0.00s
[1.175s][info][gc,marking    ] GC(4) Concurrent Rebuild Remembered Sets
[1.180s][info][gc,marking    ] GC(4) Concurrent Rebuild Remembered Sets 5.136ms
[1.180s][info][gc,start      ] GC(4) Pause Cleanup
[1.180s][info][gc            ] GC(4) Pause Cleanup 125M->125M(256M) 0.109ms
[1.180s][info][gc,cpu        ] GC(4) User=0.00s Sys=0.00s Real=0.00s
[1.180s][info][gc,marking    ] GC(4) Concurrent Cleanup for Next Mark
[1.182s][info][gc,marking    ] GC(4) Concurrent Cleanup for Next Mark 1.632ms
[1.182s][info][gc            ] GC(4) Concurrent Cycle 17.762ms
[1.194s][info][gc,start      ] GC(5) Pause Young (Concurrent Start) (G1 Humongous Allocation)
[1.194s][info][gc,task       ] GC(5) Using 6 workers of 8 for evacuation
[1.197s][info][gc,phases     ] GC(5)   Pre Evacuate Collection Set: 0.0ms
[1.197s][info][gc,phases     ] GC(5)   Evacuate Collection Set: 2.5ms
[1.197s][info][gc,phases     ] GC(5)   Post Evacuate Collection Set: 0.5ms
[1.197s][info][gc,phases     ] GC(5)   Other: 0.2ms
[1.197s][info][gc,heap       ] GC(5) Eden regions: 5->0(65)
[1.197s][info][gc,heap       ] GC(5) Survivor regions: 4->4(8)
[1.197s][info][gc,heap       ] GC(5) Old regions: 21->21
[1.197s][info][gc,heap       ] GC(5) Humongous regions: 100->100
[1.197s][info][gc,metaspace  ] GC(5) Metaspace: 9734K->9734K(1058816K)
[1.197s][info][gc            ] GC(5) Pause Young (Concurrent Start) (G1 Humongous Allocation) 129M->124M(308M) 3.328ms
[1.197s][info][gc,cpu        ] GC(5) User=0.01s Sys=0.00s Real=0.00s
[1.197s][info][gc            ] GC(6) Concurrent Cycle
[1.197s][info][gc,marking    ] GC(6) Concurrent Clear Claimed Marks
[1.197s][info][gc,marking    ] GC(6) Concurrent Clear Claimed Marks 0.016ms
[1.197s][info][gc,marking    ] GC(6) Concurrent Scan Root Regions
[1.198s][info][gc,marking    ] GC(6) Concurrent Scan Root Regions 0.797ms
[1.198s][info][gc,marking    ] GC(6) Concurrent Mark (1.198s)
[1.198s][info][gc,marking    ] GC(6) Concurrent Mark From Roots
[1.198s][info][gc,task       ] GC(6) Using 2 workers of 2 for marking
[1.204s][info][gc,marking    ] GC(6) Concurrent Mark From Roots 5.735ms
[1.204s][info][gc,marking    ] GC(6) Concurrent Preclean
[1.204s][info][gc,marking    ] GC(6) Concurrent Preclean 0.083ms
[1.204s][info][gc,marking    ] GC(6) Concurrent Mark (1.198s, 1.204s) 5.928ms
[1.204s][info][gc,start      ] GC(6) Pause Remark
[1.205s][info][gc,stringtable] GC(6) Cleaned string and symbol table, strings: 4266 processed, 0 removed, symbols: 36588 processed, 0 removed
[1.205s][info][gc            ] GC(6) Pause Remark 127M->127M(308M) 1.601ms
[1.205s][info][gc,cpu        ] GC(6) User=0.01s Sys=0.00s Real=0.00s
[1.205s][info][gc,marking    ] GC(6) Concurrent Rebuild Remembered Sets
[1.212s][info][gc,marking    ] GC(6) Concurrent Rebuild Remembered Sets 6.158ms
[1.212s][info][gc,start      ] GC(6) Pause Cleanup
[1.212s][info][gc            ] GC(6) Pause Cleanup 128M->128M(308M) 0.095ms
[1.212s][info][gc,cpu        ] GC(6) User=0.00s Sys=0.00s Real=0.00s
[1.212s][info][gc,marking    ] GC(6) Concurrent Cleanup for Next Mark
[1.213s][info][gc,marking    ] GC(6) Concurrent Cleanup for Next Mark 1.496ms
[1.213s][info][gc            ] GC(6) Concurrent Cycle 16.597ms
[1.323s][info][gc,start      ] GC(7) Pause Young (Concurrent Start) (G1 Humongous Allocation)
[1.324s][info][gc,task       ] GC(7) Using 7 workers of 8 for evacuation
[1.349s][info][gc,phases     ] GC(7)   Pre Evacuate Collection Set: 0.0ms
[1.349s][info][gc,phases     ] GC(7)   Evacuate Collection Set: 20.7ms
[1.349s][info][gc,phases     ] GC(7)   Post Evacuate Collection Set: 3.3ms
[1.349s][info][gc,phases     ] GC(7)   Other: 1.8ms
[1.349s][info][gc,heap       ] GC(7) Eden regions: 16->0(58)
[1.349s][info][gc,heap       ] GC(7) Survivor regions: 4->4(9)
[1.349s][info][gc,heap       ] GC(7) Old regions: 21->21
[1.349s][info][gc,heap       ] GC(7) Humongous regions: 116->116
[1.349s][info][gc,metaspace  ] GC(7) Metaspace: 9734K->9734K(1058816K)
[1.349s][info][gc            ] GC(7) Pause Young (Concurrent Start) (G1 Humongous Allocation) 156M->140M(308M) 25.969ms
[1.349s][info][gc,cpu        ] GC(7) User=0.01s Sys=0.01s Real=0.02s
[1.350s][info][gc            ] GC(8) Concurrent Cycle
[1.350s][info][gc,marking    ] GC(8) Concurrent Clear Claimed Marks
[1.350s][info][gc,marking    ] GC(8) Concurrent Clear Claimed Marks 0.021ms
[1.350s][info][gc,marking    ] GC(8) Concurrent Scan Root Regions
[1.352s][info][gc,marking    ] GC(8) Concurrent Scan Root Regions 2.319ms
[1.352s][info][gc,marking    ] GC(8) Concurrent Mark (1.352s)
[1.353s][info][gc,marking    ] GC(8) Concurrent Mark From Roots
[1.353s][info][gc,task       ] GC(8) Using 2 workers of 2 for marking
[1.369s][info][gc,marking    ] GC(8) Concurrent Mark From Roots 16.183ms
[1.369s][info][gc,marking    ] GC(8) Concurrent Preclean
[1.369s][info][gc,marking    ] GC(8) Concurrent Preclean 0.110ms
[1.369s][info][gc,marking    ] GC(8) Concurrent Mark (1.352s, 1.369s) 16.391ms
[1.369s][info][gc,start      ] GC(8) Pause Remark
[1.371s][info][gc,stringtable] GC(8) Cleaned string and symbol table, strings: 4266 processed, 0 removed, symbols: 36588 processed, 0 removed
[1.371s][info][gc            ] GC(8) Pause Remark 144M->144M(308M) 2.364ms
[1.371s][info][gc,cpu        ] GC(8) User=0.01s Sys=0.00s Real=0.01s
[1.372s][info][gc,marking    ] GC(8) Concurrent Rebuild Remembered Sets
[1.378s][info][gc,marking    ] GC(8) Concurrent Rebuild Remembered Sets 6.672ms
[1.379s][info][gc,start      ] GC(8) Pause Cleanup
[1.379s][info][gc            ] GC(8) Pause Cleanup 146M->146M(308M) 0.169ms
[1.379s][info][gc,cpu        ] GC(8) User=0.00s Sys=0.00s Real=0.00s
[1.379s][info][gc,marking    ] GC(8) Concurrent Cleanup for Next Mark
[1.380s][info][gc,marking    ] GC(8) Concurrent Cleanup for Next Mark 0.870ms
[1.380s][info][gc            ] GC(8) Concurrent Cycle 30.039ms
[1.398s][info][gc,start      ] GC(9) Pause Young (Concurrent Start) (G1 Humongous Allocation)
[1.398s][info][gc,task       ] GC(9) Using 7 workers of 8 for evacuation
[1.401s][info][gc,phases     ] GC(9)   Pre Evacuate Collection Set: 0.0ms
[1.401s][info][gc,phases     ] GC(9)   Evacuate Collection Set: 2.2ms
[1.401s][info][gc,phases     ] GC(9)   Post Evacuate Collection Set: 0.2ms
[1.401s][info][gc,phases     ] GC(9)   Other: 0.2ms
[1.401s][info][gc,heap       ] GC(9) Eden regions: 4->0(55)
[1.401s][info][gc,heap       ] GC(9) Survivor regions: 4->4(8)
[1.401s][info][gc,heap       ] GC(9) Old regions: 21->21
[1.401s][info][gc,heap       ] GC(9) Humongous regions: 120->120
[1.401s][info][gc,metaspace  ] GC(9) Metaspace: 9734K->9734K(1058816K)
[1.401s][info][gc            ] GC(9) Pause Young (Concurrent Start) (G1 Humongous Allocation) 148M->144M(308M) 2.778ms
[1.401s][info][gc,cpu        ] GC(9) User=0.01s Sys=0.00s Real=0.00s
[1.401s][info][gc            ] GC(10) Concurrent Cycle
[1.401s][info][gc,marking    ] GC(10) Concurrent Clear Claimed Marks
[1.401s][info][gc,marking    ] GC(10) Concurrent Clear Claimed Marks 0.019ms
[1.401s][info][gc,marking    ] GC(10) Concurrent Scan Root Regions
[1.402s][info][gc,marking    ] GC(10) Concurrent Scan Root Regions 0.951ms
[1.402s][info][gc,marking    ] GC(10) Concurrent Mark (1.402s)
[1.402s][info][gc,marking    ] GC(10) Concurrent Mark From Roots
[1.402s][info][gc,task       ] GC(10) Using 2 workers of 2 for marking
[1.412s][info][gc,marking    ] GC(10) Concurrent Mark From Roots 9.660ms
[1.412s][info][gc,marking    ] GC(10) Concurrent Preclean
[1.412s][info][gc,marking    ] GC(10) Concurrent Preclean 0.216ms
[1.412s][info][gc,marking    ] GC(10) Concurrent Mark (1.402s, 1.412s) 9.975ms
[1.412s][info][gc,start      ] GC(10) Pause Remark
[1.413s][info][gc,stringtable] GC(10) Cleaned string and symbol table, strings: 4266 processed, 0 removed, symbols: 36588 processed, 0 removed
[1.413s][info][gc            ] GC(10) Pause Remark 147M->147M(308M) 1.099ms
[1.413s][info][gc,cpu        ] GC(10) User=0.01s Sys=0.00s Real=0.00s
[1.413s][info][gc,marking    ] GC(10) Concurrent Rebuild Remembered Sets
[1.419s][info][gc,marking    ] GC(10) Concurrent Rebuild Remembered Sets 6.062ms
[1.419s][info][gc,start      ] GC(10) Pause Cleanup
[1.420s][info][gc            ] GC(10) Pause Cleanup 147M->147M(308M) 0.123ms
[1.420s][info][gc,cpu        ] GC(10) User=0.00s Sys=0.00s Real=0.00s
[1.420s][info][gc,marking    ] GC(10) Concurrent Cleanup for Next Mark
[1.420s][info][gc,marking    ] GC(10) Concurrent Cleanup for Next Mark 0.486ms
[1.420s][info][gc            ] GC(10) Concurrent Cycle 19.221ms
[1.429s][info][gc,start      ] GC(11) Pause Young (Concurrent Start) (G1 Humongous Allocation)
[1.429s][info][gc,task       ] GC(11) Using 7 workers of 8 for evacuation
[1.434s][info][gc,phases     ] GC(11)   Pre Evacuate Collection Set: 0.0ms
[1.434s][info][gc,phases     ] GC(11)   Evacuate Collection Set: 4.4ms
[1.434s][info][gc,phases     ] GC(11)   Post Evacuate Collection Set: 0.2ms
[1.434s][info][gc,phases     ] GC(11)   Other: 0.2ms
[1.434s][info][gc,heap       ] GC(11) Eden regions: 2->0(54)
[1.434s][info][gc,heap       ] GC(11) Survivor regions: 4->4(8)
[1.434s][info][gc,heap       ] GC(11) Old regions: 21->21
[1.434s][info][gc,heap       ] GC(11) Humongous regions: 122->122
[1.434s][info][gc,metaspace  ] GC(11) Metaspace: 9734K->9734K(1058816K)
[1.434s][info][gc            ] GC(11) Pause Young (Concurrent Start) (G1 Humongous Allocation) 148M->146M(308M) 5.075ms
[1.434s][info][gc,cpu        ] GC(11) User=0.01s Sys=0.00s Real=0.01s
[1.434s][info][gc            ] GC(12) Concurrent Cycle
[1.434s][info][gc,marking    ] GC(12) Concurrent Clear Claimed Marks
[1.434s][info][gc,marking    ] GC(12) Concurrent Clear Claimed Marks 0.022ms
[1.434s][info][gc,marking    ] GC(12) Concurrent Scan Root Regions
[1.435s][info][gc,marking    ] GC(12) Concurrent Scan Root Regions 0.883ms
[1.435s][info][gc,marking    ] GC(12) Concurrent Mark (1.435s)
[1.435s][info][gc,marking    ] GC(12) Concurrent Mark From Roots
[1.435s][info][gc,task       ] GC(12) Using 2 workers of 2 for marking
[1.443s][info][gc,marking    ] GC(12) Concurrent Mark From Roots 7.348ms
[1.443s][info][gc,marking    ] GC(12) Concurrent Preclean
[1.443s][info][gc,marking    ] GC(12) Concurrent Preclean 0.087ms
[1.443s][info][gc,marking    ] GC(12) Concurrent Mark (1.435s, 1.443s) 7.536ms
[1.454s][info][gc,start      ] GC(12) Pause Remark
[1.460s][info][gc,stringtable] GC(12) Cleaned string and symbol table, strings: 4266 processed, 0 removed, symbols: 36588 processed, 0 removed
[1.460s][info][gc            ] GC(12) Pause Remark 149M->149M(308M) 6.094ms
[1.460s][info][gc,cpu        ] GC(12) User=0.00s Sys=0.00s Real=0.00s
[1.460s][info][gc,marking    ] GC(12) Concurrent Rebuild Remembered Sets
[1.467s][info][gc,marking    ] GC(12) Concurrent Rebuild Remembered Sets 6.674ms
[1.467s][info][gc,start      ] GC(12) Pause Cleanup
[1.468s][info][gc            ] GC(12) Pause Cleanup 149M->149M(308M) 0.276ms
[1.468s][info][gc,cpu        ] GC(12) User=0.00s Sys=0.00s Real=0.00s
[1.468s][info][gc,marking    ] GC(12) Concurrent Cleanup for Next Mark
[1.468s][info][gc,marking    ] GC(12) Concurrent Cleanup for Next Mark 0.619ms
[1.468s][info][gc            ] GC(12) Concurrent Cycle 34.068ms
[1.477s][info][gc,start      ] GC(13) Pause Young (Concurrent Start) (G1 Humongous Allocation)
[1.477s][info][gc,task       ] GC(13) Using 7 workers of 8 for evacuation
[1.483s][info][gc,phases     ] GC(13)   Pre Evacuate Collection Set: 0.0ms
[1.483s][info][gc,phases     ] GC(13)   Evacuate Collection Set: 3.9ms
[1.483s][info][gc,phases     ] GC(13)   Post Evacuate Collection Set: 1.6ms
[1.483s][info][gc,phases     ] GC(13)   Other: 0.2ms
[1.483s][info][gc,heap       ] GC(13) Eden regions: 2->0(102)
[1.483s][info][gc,heap       ] GC(13) Survivor regions: 4->4(8)
[1.483s][info][gc,heap       ] GC(13) Old regions: 21->21
[1.483s][info][gc,heap       ] GC(13) Humongous regions: 124->124
[1.483s][info][gc,metaspace  ] GC(13) Metaspace: 9734K->9734K(1058816K)
[1.483s][info][gc            ] GC(13) Pause Young (Concurrent Start) (G1 Humongous Allocation) 150M->148M(449M) 5.879ms
[1.483s][info][gc,cpu        ] GC(13) User=0.01s Sys=0.01s Real=0.01s
[1.483s][info][gc            ] GC(14) Concurrent Cycle
[1.483s][info][gc,marking    ] GC(14) Concurrent Clear Claimed Marks
[1.483s][info][gc,marking    ] GC(14) Concurrent Clear Claimed Marks 0.015ms
[1.483s][info][gc,marking    ] GC(14) Concurrent Scan Root Regions
[1.484s][info][gc,marking    ] GC(14) Concurrent Scan Root Regions 0.698ms
[1.484s][info][gc,marking    ] GC(14) Concurrent Mark (1.484s)
[1.484s][info][gc,marking    ] GC(14) Concurrent Mark From Roots
[1.484s][info][gc,task       ] GC(14) Using 2 workers of 2 for marking
[1.491s][info][gc,marking    ] GC(14) Concurrent Mark From Roots 6.828ms
[1.491s][info][gc,marking    ] GC(14) Concurrent Preclean
[1.491s][info][gc,marking    ] GC(14) Concurrent Preclean 0.106ms
[1.491s][info][gc,marking    ] GC(14) Concurrent Mark (1.484s, 1.491s) 7.011ms
[1.491s][info][gc,start      ] GC(14) Pause Remark
[1.493s][info][gc,stringtable] GC(14) Cleaned string and symbol table, strings: 4266 processed, 0 removed, symbols: 36588 processed, 0 removed
[1.493s][info][gc            ] GC(14) Pause Remark 151M->151M(449M) 2.011ms
[1.493s][info][gc,cpu        ] GC(14) User=0.00s Sys=0.00s Real=0.01s
[1.493s][info][gc,marking    ] GC(14) Concurrent Rebuild Remembered Sets
[1.499s][info][gc,marking    ] GC(14) Concurrent Rebuild Remembered Sets 5.760ms
[1.499s][info][gc,start      ] GC(14) Pause Cleanup
[1.499s][info][gc            ] GC(14) Pause Cleanup 152M->152M(449M) 0.140ms
[1.499s][info][gc,cpu        ] GC(14) User=0.00s Sys=0.00s Real=0.00s
[1.499s][info][gc,marking    ] GC(14) Concurrent Cleanup for Next Mark
[1.501s][info][gc,marking    ] GC(14) Concurrent Cleanup for Next Mark 1.344ms
[1.501s][info][gc            ] GC(14) Concurrent Cycle 17.507ms
[1.910s][info][gc,start      ] GC(15) Pause Young (Concurrent Start) (G1 Humongous Allocation)
[1.911s][info][gc,task       ] GC(15) Using 8 workers of 8 for evacuation
[1.916s][info][gc,phases     ] GC(15)   Pre Evacuate Collection Set: 0.1ms
[1.916s][info][gc,phases     ] GC(15)   Evacuate Collection Set: 4.6ms
[1.916s][info][gc,phases     ] GC(15)   Post Evacuate Collection Set: 0.2ms
[1.916s][info][gc,phases     ] GC(15)   Other: 0.3ms
[1.916s][info][gc,heap       ] GC(15) Eden regions: 55->0(81)
[1.916s][info][gc,heap       ] GC(15) Survivor regions: 4->4(14)
[1.916s][info][gc,heap       ] GC(15) Old regions: 21->21
[1.916s][info][gc,heap       ] GC(15) Humongous regions: 180->180
[1.916s][info][gc,metaspace  ] GC(15) Metaspace: 9734K->9734K(1058816K)
[1.916s][info][gc            ] GC(15) Pause Young (Concurrent Start) (G1 Humongous Allocation) 259M->204M(449M) 5.434ms
[1.916s][info][gc,cpu        ] GC(15) User=0.01s Sys=0.00s Real=0.01s
[1.916s][info][gc            ] GC(16) Concurrent Cycle
[1.916s][info][gc,marking    ] GC(16) Concurrent Clear Claimed Marks
[1.916s][info][gc,marking    ] GC(16) Concurrent Clear Claimed Marks 0.017ms
[1.916s][info][gc,marking    ] GC(16) Concurrent Scan Root Regions
[1.917s][info][gc,marking    ] GC(16) Concurrent Scan Root Regions 0.888ms
[1.917s][info][gc,marking    ] GC(16) Concurrent Mark (1.917s)
[1.917s][info][gc,marking    ] GC(16) Concurrent Mark From Roots
[1.917s][info][gc,task       ] GC(16) Using 2 workers of 2 for marking
[1.924s][info][gc,marking    ] GC(16) Concurrent Mark From Roots 7.270ms
[1.924s][info][gc,marking    ] GC(16) Concurrent Preclean
[1.924s][info][gc,marking    ] GC(16) Concurrent Preclean 0.089ms
[1.924s][info][gc,marking    ] GC(16) Concurrent Mark (1.917s, 1.924s) 7.496ms
[1.924s][info][gc,start      ] GC(16) Pause Remark
[1.926s][info][gc,stringtable] GC(16) Cleaned string and symbol table, strings: 4271 processed, 0 removed, symbols: 36588 processed, 0 removed
[1.926s][info][gc            ] GC(16) Pause Remark 207M->207M(449M) 1.716ms
[1.926s][info][gc,cpu        ] GC(16) User=0.00s Sys=0.00s Real=0.00s
[1.926s][info][gc,marking    ] GC(16) Concurrent Rebuild Remembered Sets
[1.932s][info][gc,marking    ] GC(16) Concurrent Rebuild Remembered Sets 6.026ms
[1.932s][info][gc,start      ] GC(16) Pause Cleanup
[1.933s][info][gc            ] GC(16) Pause Cleanup 208M->208M(449M) 0.126ms
[1.933s][info][gc,cpu        ] GC(16) User=0.00s Sys=0.00s Real=0.00s
[1.933s][info][gc,marking    ] GC(16) Concurrent Cleanup for Next Mark
[1.934s][info][gc,marking    ] GC(16) Concurrent Cleanup for Next Mark 1.199ms
[1.934s][info][gc            ] GC(16) Concurrent Cycle 17.998ms
[1.934s][info][gc,start      ] GC(17) Pause Young (Concurrent Start) (G1 Humongous Allocation)
[1.935s][info][gc,task       ] GC(17) Using 8 workers of 8 for evacuation
[1.938s][info][gc,phases     ] GC(17)   Pre Evacuate Collection Set: 0.1ms
[1.938s][info][gc,phases     ] GC(17)   Evacuate Collection Set: 3.5ms
[1.939s][info][gc,phases     ] GC(17)   Post Evacuate Collection Set: 0.2ms
[1.939s][info][gc,phases     ] GC(17)   Other: 0.2ms
[1.939s][info][gc,heap       ] GC(17) Eden regions: 2->0(78)
[1.939s][info][gc,heap       ] GC(17) Survivor regions: 4->4(11)
[1.939s][info][gc,heap       ] GC(17) Old regions: 21->21
[1.939s][info][gc,heap       ] GC(17) Humongous regions: 182->182
[1.939s][info][gc,metaspace  ] GC(17) Metaspace: 9734K->9734K(1058816K)
[1.939s][info][gc            ] GC(17) Pause Young (Concurrent Start) (G1 Humongous Allocation) 208M->206M(449M) 4.136ms
[1.939s][info][gc,cpu        ] GC(17) User=0.01s Sys=0.00s Real=0.00s
[1.939s][info][gc            ] GC(18) Concurrent Cycle
[1.939s][info][gc,marking    ] GC(18) Concurrent Clear Claimed Marks
[1.939s][info][gc,marking    ] GC(18) Concurrent Clear Claimed Marks 0.017ms
[1.939s][info][gc,marking    ] GC(18) Concurrent Scan Root Regions
[1.940s][info][gc,marking    ] GC(18) Concurrent Scan Root Regions 0.867ms
[1.940s][info][gc,marking    ] GC(18) Concurrent Mark (1.940s)
[1.940s][info][gc,marking    ] GC(18) Concurrent Mark From Roots
[1.940s][info][gc,task       ] GC(18) Using 2 workers of 2 for marking
[1.945s][info][gc,marking    ] GC(18) Concurrent Mark From Roots 5.525ms
[1.945s][info][gc,marking    ] GC(18) Concurrent Preclean
[1.945s][info][gc,marking    ] GC(18) Concurrent Preclean 0.070ms
[1.945s][info][gc,marking    ] GC(18) Concurrent Mark (1.940s, 1.945s) 5.673ms
[1.945s][info][gc,start      ] GC(18) Pause Remark
[1.947s][info][gc,stringtable] GC(18) Cleaned string and symbol table, strings: 4275 processed, 0 removed, symbols: 36588 processed, 0 removed
[1.947s][info][gc            ] GC(18) Pause Remark 210M->210M(449M) 2.021ms
[1.947s][info][gc,cpu        ] GC(18) User=0.01s Sys=0.00s Real=0.00s
[1.948s][info][gc,marking    ] GC(18) Concurrent Rebuild Remembered Sets
[1.953s][info][gc,marking    ] GC(18) Concurrent Rebuild Remembered Sets 5.797ms
[1.954s][info][gc,start      ] GC(18) Pause Cleanup
[1.954s][info][gc            ] GC(18) Pause Cleanup 210M->210M(449M) 0.139ms
[1.954s][info][gc,cpu        ] GC(18) User=0.00s Sys=0.00s Real=0.00s
[1.954s][info][gc,marking    ] GC(18) Concurrent Cleanup for Next Mark
[1.954s][info][gc,marking    ] GC(18) Concurrent Cleanup for Next Mark 0.704ms
[1.954s][info][gc            ] GC(18) Concurrent Cycle 15.791ms
[1.955s][info][gc,start      ] GC(19) Pause Young (Concurrent Start) (G1 Humongous Allocation)
[1.955s][info][gc,task       ] GC(19) Using 8 workers of 8 for evacuation
[1.959s][info][gc,phases     ] GC(19)   Pre Evacuate Collection Set: 0.0ms
[1.959s][info][gc,phases     ] GC(19)   Evacuate Collection Set: 3.1ms
[1.959s][info][gc,phases     ] GC(19)   Post Evacuate Collection Set: 0.2ms
[1.959s][info][gc,phases     ] GC(19)   Other: 0.2ms
[1.959s][info][gc,heap       ] GC(19) Eden regions: 3->0(73)
[1.959s][info][gc,heap       ] GC(19) Survivor regions: 4->4(11)
[1.959s][info][gc,heap       ] GC(19) Old regions: 21->21
[1.959s][info][gc,heap       ] GC(19) Humongous regions: 184->184
[1.959s][info][gc,metaspace  ] GC(19) Metaspace: 9734K->9734K(1058816K)
[1.959s][info][gc            ] GC(19) Pause Young (Concurrent Start) (G1 Humongous Allocation) 211M->208M(449M) 3.729ms
[1.959s][info][gc,cpu        ] GC(19) User=0.01s Sys=0.00s Real=0.00s
[1.959s][info][gc            ] GC(20) Concurrent Cycle
[1.959s][info][gc,marking    ] GC(20) Concurrent Clear Claimed Marks
[1.959s][info][gc,marking    ] GC(20) Concurrent Clear Claimed Marks 0.020ms
[1.959s][info][gc,marking    ] GC(20) Concurrent Scan Root Regions
[1.960s][info][gc,marking    ] GC(20) Concurrent Scan Root Regions 0.811ms
[1.960s][info][gc,marking    ] GC(20) Concurrent Mark (1.960s)
[1.960s][info][gc,marking    ] GC(20) Concurrent Mark From Roots
[1.960s][info][gc,task       ] GC(20) Using 2 workers of 2 for marking
[1.966s][info][gc,marking    ] GC(20) Concurrent Mark From Roots 5.703ms
[1.966s][info][gc,marking    ] GC(20) Concurrent Preclean
[1.966s][info][gc,marking    ] GC(20) Concurrent Preclean 0.088ms
[1.966s][info][gc,marking    ] GC(20) Concurrent Mark (1.960s, 1.966s) 5.878ms
[1.966s][info][gc,start      ] GC(20) Pause Remark
[1.968s][info][gc,stringtable] GC(20) Cleaned string and symbol table, strings: 4277 processed, 0 removed, symbols: 36588 processed, 0 removed
[1.968s][info][gc            ] GC(20) Pause Remark 211M->211M(449M) 1.779ms
[1.968s][info][gc,cpu        ] GC(20) User=0.00s Sys=0.00s Real=0.00s
[1.968s][info][gc,marking    ] GC(20) Concurrent Rebuild Remembered Sets
[1.974s][info][gc,marking    ] GC(20) Concurrent Rebuild Remembered Sets 6.003ms
[1.974s][info][gc,start      ] GC(20) Pause Cleanup
[1.974s][info][gc            ] GC(20) Pause Cleanup 212M->212M(449M) 0.137ms
[1.974s][info][gc,cpu        ] GC(20) User=0.00s Sys=0.00s Real=0.00s
[1.974s][info][gc,marking    ] GC(20) Concurrent Cleanup for Next Mark
[1.975s][info][gc,marking    ] GC(20) Concurrent Cleanup for Next Mark 0.675ms
[1.975s][info][gc            ] GC(20) Concurrent Cycle 15.850ms
[1.977s][info][gc,start      ] GC(21) Pause Young (Concurrent Start) (G1 Humongous Allocation)
[1.977s][info][gc,task       ] GC(21) Using 8 workers of 8 for evacuation
[1.981s][info][gc,phases     ] GC(21)   Pre Evacuate Collection Set: 0.0ms
[1.981s][info][gc,phases     ] GC(21)   Evacuate Collection Set: 3.4ms
[1.981s][info][gc,phases     ] GC(21)   Post Evacuate Collection Set: 0.9ms
[1.981s][info][gc,phases     ] GC(21)   Other: 0.2ms
[1.981s][info][gc,heap       ] GC(21) Eden regions: 3->0(96)
[1.981s][info][gc,heap       ] GC(21) Survivor regions: 4->4(10)
[1.981s][info][gc,heap       ] GC(21) Old regions: 21->21
[1.981s][info][gc,heap       ] GC(21) Humongous regions: 186->186
[1.981s][info][gc,metaspace  ] GC(21) Metaspace: 9734K->9734K(1058816K)
[1.981s][info][gc            ] GC(21) Pause Young (Concurrent Start) (G1 Humongous Allocation) 213M->210M(539M) 4.823ms
[1.981s][info][gc,cpu        ] GC(21) User=0.01s Sys=0.00s Real=0.01s
[1.981s][info][gc            ] GC(22) Concurrent Cycle
[1.982s][info][gc,marking    ] GC(22) Concurrent Clear Claimed Marks
[1.982s][info][gc,marking    ] GC(22) Concurrent Clear Claimed Marks 0.024ms
[1.982s][info][gc,marking    ] GC(22) Concurrent Scan Root Regions
[1.982s][info][gc,marking    ] GC(22) Concurrent Scan Root Regions 0.781ms
[1.982s][info][gc,marking    ] GC(22) Concurrent Mark (1.982s)
[1.982s][info][gc,marking    ] GC(22) Concurrent Mark From Roots
[1.982s][info][gc,task       ] GC(22) Using 2 workers of 2 for marking
[1.989s][info][gc,marking    ] GC(22) Concurrent Mark From Roots 6.597ms
[1.989s][info][gc,marking    ] GC(22) Concurrent Preclean
[1.989s][info][gc,marking    ] GC(22) Concurrent Preclean 0.090ms
[1.989s][info][gc,marking    ] GC(22) Concurrent Mark (1.982s, 1.989s) 6.773ms
[1.989s][info][gc,start      ] GC(22) Pause Remark
[1.991s][info][gc,stringtable] GC(22) Cleaned string and symbol table, strings: 4277 processed, 0 removed, symbols: 36588 processed, 0 removed
[1.991s][info][gc            ] GC(22) Pause Remark 213M->213M(539M) 1.698ms
[1.991s][info][gc,cpu        ] GC(22) User=0.00s Sys=0.00s Real=0.00s
[1.991s][info][gc,marking    ] GC(22) Concurrent Rebuild Remembered Sets
[1.997s][info][gc,marking    ] GC(22) Concurrent Rebuild Remembered Sets 5.842ms
[1.997s][info][gc,start      ] GC(22) Pause Cleanup
[1.997s][info][gc            ] GC(22) Pause Cleanup 214M->214M(539M) 0.160ms
[1.997s][info][gc,cpu        ] GC(22) User=0.00s Sys=0.00s Real=0.00s
[1.997s][info][gc,marking    ] GC(22) Concurrent Cleanup for Next Mark
[1.999s][info][gc,marking    ] GC(22) Concurrent Cleanup for Next Mark 1.255ms
[1.999s][info][gc            ] GC(22) Concurrent Cycle 17.059ms
[2.240s][info][gc,start      ] GC(23) Pause Young (Concurrent Start) (G1 Humongous Allocation)
[2.240s][info][gc,task       ] GC(23) Using 8 workers of 8 for evacuation
[2.244s][info][gc,phases     ] GC(23)   Pre Evacuate Collection Set: 0.1ms
[2.244s][info][gc,phases     ] GC(23)   Evacuate Collection Set: 4.1ms
[2.244s][info][gc,phases     ] GC(23)   Post Evacuate Collection Set: 0.2ms
[2.245s][info][gc,phases     ] GC(23)   Other: 0.2ms
[2.245s][info][gc,heap       ] GC(23) Eden regions: 34->0(92)
[2.245s][info][gc,heap       ] GC(23) Survivor regions: 4->4(13)
[2.245s][info][gc,heap       ] GC(23) Old regions: 21->21
[2.245s][info][gc,heap       ] GC(23) Humongous regions: 220->220
[2.245s][info][gc,metaspace  ] GC(23) Metaspace: 9734K->9734K(1058816K)
[2.245s][info][gc            ] GC(23) Pause Young (Concurrent Start) (G1 Humongous Allocation) 278M->244M(539M) 4.694ms
[2.245s][info][gc,cpu        ] GC(23) User=0.01s Sys=0.01s Real=0.01s
[2.245s][info][gc            ] GC(24) Concurrent Cycle
[2.245s][info][gc,marking    ] GC(24) Concurrent Clear Claimed Marks
[2.245s][info][gc,marking    ] GC(24) Concurrent Clear Claimed Marks 0.017ms
[2.245s][info][gc,marking    ] GC(24) Concurrent Scan Root Regions
[2.246s][info][gc,marking    ] GC(24) Concurrent Scan Root Regions 1.209ms
[2.246s][info][gc,marking    ] GC(24) Concurrent Mark (2.246s)
[2.246s][info][gc,marking    ] GC(24) Concurrent Mark From Roots
[2.246s][info][gc,task       ] GC(24) Using 2 workers of 2 for marking
[2.251s][info][gc,marking    ] GC(24) Concurrent Mark From Roots 5.542ms
[2.252s][info][gc,marking    ] GC(24) Concurrent Preclean
[2.252s][info][gc,marking    ] GC(24) Concurrent Preclean 0.068ms
[2.252s][info][gc,marking    ] GC(24) Concurrent Mark (2.246s, 2.252s) 5.681ms
[2.252s][info][gc,start      ] GC(24) Pause Remark
[2.254s][info][gc,stringtable] GC(24) Cleaned string and symbol table, strings: 4284 processed, 0 removed, symbols: 36588 processed, 0 removed
[2.254s][info][gc            ] GC(24) Pause Remark 248M->248M(539M) 2.082ms
[2.254s][info][gc,cpu        ] GC(24) User=0.00s Sys=0.00s Real=0.00s
[2.254s][info][gc,marking    ] GC(24) Concurrent Rebuild Remembered Sets
[2.260s][info][gc,marking    ] GC(24) Concurrent Rebuild Remembered Sets 5.656ms
[2.260s][info][gc,start      ] GC(24) Pause Cleanup
[2.260s][info][gc            ] GC(24) Pause Cleanup 248M->248M(539M) 0.146ms
[2.260s][info][gc,cpu        ] GC(24) User=0.00s Sys=0.00s Real=0.00s
[2.260s][info][gc,marking    ] GC(24) Concurrent Cleanup for Next Mark
[2.261s][info][gc,marking    ] GC(24) Concurrent Cleanup for Next Mark 1.122ms
[2.261s][info][gc            ] GC(24) Concurrent Cycle 16.411ms
[2.262s][info][gc,start      ] GC(25) Pause Young (Concurrent Start) (G1 Humongous Allocation)
[2.262s][info][gc,task       ] GC(25) Using 8 workers of 8 for evacuation
[2.265s][info][gc,phases     ] GC(25)   Pre Evacuate Collection Set: 0.1ms
[2.265s][info][gc,phases     ] GC(25)   Evacuate Collection Set: 2.6ms
[2.265s][info][gc,phases     ] GC(25)   Post Evacuate Collection Set: 0.2ms
[2.265s][info][gc,phases     ] GC(25)   Other: 0.2ms
[2.265s][info][gc,heap       ] GC(25) Eden regions: 3->0(88)
[2.265s][info][gc,heap       ] GC(25) Survivor regions: 4->4(12)
[2.265s][info][gc,heap       ] GC(25) Old regions: 21->21
[2.265s][info][gc,heap       ] GC(25) Humongous regions: 222->222
[2.265s][info][gc,metaspace  ] GC(25) Metaspace: 9734K->9734K(1058816K)
[2.265s][info][gc            ] GC(25) Pause Young (Concurrent Start) (G1 Humongous Allocation) 249M->246M(539M) 3.238ms
[2.265s][info][gc,cpu        ] GC(25) User=0.01s Sys=0.00s Real=0.00s
[2.265s][info][gc            ] GC(26) Concurrent Cycle
[2.266s][info][gc,marking    ] GC(26) Concurrent Clear Claimed Marks
[2.266s][info][gc,marking    ] GC(26) Concurrent Clear Claimed Marks 0.015ms
[2.266s][info][gc,marking    ] GC(26) Concurrent Scan Root Regions
[2.266s][info][gc,marking    ] GC(26) Concurrent Scan Root Regions 0.843ms
[2.266s][info][gc,marking    ] GC(26) Concurrent Mark (2.266s)
[2.266s][info][gc,marking    ] GC(26) Concurrent Mark From Roots
[2.266s][info][gc,task       ] GC(26) Using 2 workers of 2 for marking
[2.273s][info][gc,marking    ] GC(26) Concurrent Mark From Roots 6.516ms
[2.273s][info][gc,marking    ] GC(26) Concurrent Preclean
[2.273s][info][gc,marking    ] GC(26) Concurrent Preclean 0.091ms
[2.273s][info][gc,marking    ] GC(26) Concurrent Mark (2.266s, 2.273s) 6.689ms
[2.273s][info][gc,start      ] GC(26) Pause Remark
[2.275s][info][gc,stringtable] GC(26) Cleaned string and symbol table, strings: 4284 processed, 0 removed, symbols: 36588 processed, 0 removed
[2.275s][info][gc            ] GC(26) Pause Remark 250M->250M(539M) 1.670ms
[2.275s][info][gc,cpu        ] GC(26) User=0.01s Sys=0.00s Real=0.00s
[2.275s][info][gc,marking    ] GC(26) Concurrent Rebuild Remembered Sets
[2.281s][info][gc,marking    ] GC(26) Concurrent Rebuild Remembered Sets 6.265ms
[2.281s][info][gc,start      ] GC(26) Pause Cleanup
[2.282s][info][gc            ] GC(26) Pause Cleanup 250M->250M(539M) 0.153ms
[2.282s][info][gc,cpu        ] GC(26) User=0.00s Sys=0.00s Real=0.00s
[2.282s][info][gc,marking    ] GC(26) Concurrent Cleanup for Next Mark
[2.283s][info][gc,marking    ] GC(26) Concurrent Cleanup for Next Mark 0.941ms
[2.283s][info][gc            ] GC(26) Concurrent Cycle 17.088ms
[2.283s][info][gc,start      ] GC(27) Pause Young (Concurrent Start) (G1 Humongous Allocation)
[2.283s][info][gc,task       ] GC(27) Using 8 workers of 8 for evacuation
[2.286s][info][gc,phases     ] GC(27)   Pre Evacuate Collection Set: 0.1ms
[2.286s][info][gc,phases     ] GC(27)   Evacuate Collection Set: 3.0ms
[2.286s][info][gc,phases     ] GC(27)   Post Evacuate Collection Set: 0.2ms
[2.286s][info][gc,phases     ] GC(27)   Other: 0.2ms
[2.286s][info][gc,heap       ] GC(27) Eden regions: 2->0(84)
[2.287s][info][gc,heap       ] GC(27) Survivor regions: 4->4(12)
[2.287s][info][gc,heap       ] GC(27) Old regions: 21->21
[2.287s][info][gc,heap       ] GC(27) Humongous regions: 224->224
[2.287s][info][gc,metaspace  ] GC(27) Metaspace: 9734K->9734K(1058816K)
[2.287s][info][gc            ] GC(27) Pause Young (Concurrent Start) (G1 Humongous Allocation) 250M->248M(539M) 3.672ms
[2.287s][info][gc,cpu        ] GC(27) User=0.01s Sys=0.00s Real=0.00s
[2.287s][info][gc            ] GC(28) Concurrent Cycle
[2.287s][info][gc,marking    ] GC(28) Concurrent Clear Claimed Marks
[2.287s][info][gc,marking    ] GC(28) Concurrent Clear Claimed Marks 0.016ms
[2.287s][info][gc,marking    ] GC(28) Concurrent Scan Root Regions
[2.288s][info][gc,marking    ] GC(28) Concurrent Scan Root Regions 0.815ms
[2.288s][info][gc,marking    ] GC(28) Concurrent Mark (2.288s)
[2.288s][info][gc,marking    ] GC(28) Concurrent Mark From Roots
[2.288s][info][gc,task       ] GC(28) Using 2 workers of 2 for marking
[2.294s][info][gc,marking    ] GC(28) Concurrent Mark From Roots 6.382ms
[2.294s][info][gc,marking    ] GC(28) Concurrent Preclean
[2.294s][info][gc,marking    ] GC(28) Concurrent Preclean 0.124ms
[2.294s][info][gc,marking    ] GC(28) Concurrent Mark (2.288s, 2.294s) 6.620ms
[2.294s][info][gc,start      ] GC(28) Pause Remark
[2.296s][info][gc,stringtable] GC(28) Cleaned string and symbol table, strings: 4284 processed, 0 removed, symbols: 36588 processed, 0 removed
[2.296s][info][gc            ] GC(28) Pause Remark 251M->251M(539M) 1.730ms
[2.296s][info][gc,cpu        ] GC(28) User=0.01s Sys=0.00s Real=0.00s
[2.296s][info][gc,marking    ] GC(28) Concurrent Rebuild Remembered Sets
[2.301s][info][gc,marking    ] GC(28) Concurrent Rebuild Remembered Sets 5.116ms
[2.301s][info][gc,start      ] GC(28) Pause Cleanup
[2.301s][info][gc            ] GC(28) Pause Cleanup 252M->252M(539M) 0.165ms
[2.302s][info][gc,cpu        ] GC(28) User=0.00s Sys=0.00s Real=0.00s
[2.302s][info][gc,marking    ] GC(28) Concurrent Cleanup for Next Mark
[2.302s][info][gc,marking    ] GC(28) Concurrent Cleanup for Next Mark 0.821ms
[2.302s][info][gc            ] GC(28) Concurrent Cycle 15.764ms
[2.305s][info][gc,start      ] GC(29) Pause Young (Concurrent Start) (G1 Humongous Allocation)
[2.305s][info][gc,task       ] GC(29) Using 8 workers of 8 for evacuation
[2.309s][info][gc,phases     ] GC(29)   Pre Evacuate Collection Set: 0.1ms
[2.309s][info][gc,phases     ] GC(29)   Evacuate Collection Set: 3.2ms
[2.309s][info][gc,phases     ] GC(29)   Post Evacuate Collection Set: 1.4ms
[2.309s][info][gc,phases     ] GC(29)   Other: 0.2ms
[2.309s][info][gc,heap       ] GC(29) Eden regions: 2->0(118)
[2.309s][info][gc,heap       ] GC(29) Survivor regions: 4->5(11)
[2.309s][info][gc,heap       ] GC(29) Old regions: 21->21
[2.309s][info][gc,heap       ] GC(29) Humongous regions: 226->226
[2.309s][info][gc,metaspace  ] GC(29) Metaspace: 9734K->9734K(1058816K)
[2.309s][info][gc            ] GC(29) Pause Young (Concurrent Start) (G1 Humongous Allocation) 252M->251M(651M) 4.973ms
[2.309s][info][gc,cpu        ] GC(29) User=0.00s Sys=0.00s Real=0.00s
[2.310s][info][gc            ] GC(30) Concurrent Cycle
[2.310s][info][gc,marking    ] GC(30) Concurrent Clear Claimed Marks
[2.310s][info][gc,marking    ] GC(30) Concurrent Clear Claimed Marks 0.016ms
[2.310s][info][gc,marking    ] GC(30) Concurrent Scan Root Regions
[2.310s][info][gc,marking    ] GC(30) Concurrent Scan Root Regions 0.823ms
[2.310s][info][gc,marking    ] GC(30) Concurrent Mark (2.310s)
[2.310s][info][gc,marking    ] GC(30) Concurrent Mark From Roots
[2.310s][info][gc,task       ] GC(30) Using 2 workers of 2 for marking
[2.317s][info][gc,marking    ] GC(30) Concurrent Mark From Roots 6.757ms
[2.317s][info][gc,marking    ] GC(30) Concurrent Preclean
[2.317s][info][gc,marking    ] GC(30) Concurrent Preclean 0.102ms
[2.317s][info][gc,marking    ] GC(30) Concurrent Mark (2.310s, 2.317s) 6.983ms
[2.318s][info][gc,start      ] GC(30) Pause Remark
[2.319s][info][gc,stringtable] GC(30) Cleaned string and symbol table, strings: 4284 processed, 0 removed, symbols: 36588 processed, 0 removed
[2.319s][info][gc            ] GC(30) Pause Remark 254M->254M(651M) 1.663ms
[2.319s][info][gc,cpu        ] GC(30) User=0.00s Sys=0.00s Real=0.00s
[2.319s][info][gc,marking    ] GC(30) Concurrent Rebuild Remembered Sets
[2.325s][info][gc,marking    ] GC(30) Concurrent Rebuild Remembered Sets 5.801ms
[2.325s][info][gc,start      ] GC(30) Pause Cleanup
[2.325s][info][gc            ] GC(30) Pause Cleanup 255M->255M(651M) 0.145ms
[2.325s][info][gc,cpu        ] GC(30) User=0.00s Sys=0.00s Real=0.00s
[2.325s][info][gc,marking    ] GC(30) Concurrent Cleanup for Next Mark
[2.327s][info][gc,marking    ] GC(30) Concurrent Cleanup for Next Mark 1.577ms
[2.327s][info][gc            ] GC(30) Concurrent Cycle 17.537ms
[2.640s][info][gc,start      ] GC(31) Pause Young (Concurrent Start) (G1 Humongous Allocation)
[2.640s][info][gc,task       ] GC(31) Using 8 workers of 8 for evacuation
[2.643s][info][gc,phases     ] GC(31)   Pre Evacuate Collection Set: 0.0ms
[2.643s][info][gc,phases     ] GC(31)   Evacuate Collection Set: 2.7ms
[2.643s][info][gc,phases     ] GC(31)   Post Evacuate Collection Set: 0.2ms
[2.643s][info][gc,phases     ] GC(31)   Other: 0.2ms
[2.644s][info][gc,heap       ] GC(31) Eden regions: 45->0(113)
[2.644s][info][gc,heap       ] GC(31) Survivor regions: 5->1(16)
[2.644s][info][gc,heap       ] GC(31) Old regions: 21->25
[2.644s][info][gc,heap       ] GC(31) Humongous regions: 272->272
[2.644s][info][gc,metaspace  ] GC(31) Metaspace: 9736K->9736K(1058816K)
[2.644s][info][gc            ] GC(31) Pause Young (Concurrent Start) (G1 Humongous Allocation) 342M->296M(651M) 3.278ms
[2.644s][info][gc,cpu        ] GC(31) User=0.01s Sys=0.00s Real=0.01s
[2.644s][info][gc            ] GC(32) Concurrent Cycle
[2.644s][info][gc,marking    ] GC(32) Concurrent Clear Claimed Marks
[2.644s][info][gc,marking    ] GC(32) Concurrent Clear Claimed Marks 0.019ms
[2.644s][info][gc,marking    ] GC(32) Concurrent Scan Root Regions
[2.644s][info][gc,marking    ] GC(32) Concurrent Scan Root Regions 0.405ms
[2.644s][info][gc,marking    ] GC(32) Concurrent Mark (2.644s)
[2.644s][info][gc,marking    ] GC(32) Concurrent Mark From Roots
[2.644s][info][gc,task       ] GC(32) Using 2 workers of 2 for marking
[2.650s][info][gc,marking    ] GC(32) Concurrent Mark From Roots 5.646ms
[2.650s][info][gc,marking    ] GC(32) Concurrent Preclean
[2.650s][info][gc,marking    ] GC(32) Concurrent Preclean 0.107ms
[2.650s][info][gc,marking    ] GC(32) Concurrent Mark (2.644s, 2.650s) 5.837ms
[2.650s][info][gc,start      ] GC(32) Pause Remark
[2.652s][info][gc,stringtable] GC(32) Cleaned string and symbol table, strings: 4285 processed, 0 removed, symbols: 36588 processed, 0 removed
[2.652s][info][gc            ] GC(32) Pause Remark 300M->300M(651M) 1.613ms
[2.652s][info][gc,cpu        ] GC(32) User=0.00s Sys=0.00s Real=0.01s
[2.652s][info][gc,marking    ] GC(32) Concurrent Rebuild Remembered Sets
[2.657s][info][gc,marking    ] GC(32) Concurrent Rebuild Remembered Sets 4.845ms
[2.657s][info][gc,start      ] GC(32) Pause Cleanup
[2.657s][info][gc            ] GC(32) Pause Cleanup 302M->302M(651M) 0.192ms
[2.657s][info][gc,cpu        ] GC(32) User=0.00s Sys=0.00s Real=0.00s
[2.657s][info][gc,marking    ] GC(32) Concurrent Cleanup for Next Mark
[2.659s][info][gc,marking    ] GC(32) Concurrent Cleanup for Next Mark 1.371ms
[2.659s][info][gc            ] GC(32) Concurrent Cycle 14.928ms
[2.668s][info][gc,start      ] GC(33) Pause Young (Concurrent Start) (G1 Humongous Allocation)
[2.668s][info][gc,task       ] GC(33) Using 8 workers of 8 for evacuation
[2.669s][info][gc,phases     ] GC(33)   Pre Evacuate Collection Set: 0.1ms
[2.669s][info][gc,phases     ] GC(33)   Evacuate Collection Set: 1.5ms
[2.670s][info][gc,phases     ] GC(33)   Post Evacuate Collection Set: 0.2ms
[2.670s][info][gc,phases     ] GC(33)   Other: 0.2ms
[2.670s][info][gc,heap       ] GC(33) Eden regions: 4->0(119)
[2.670s][info][gc,heap       ] GC(33) Survivor regions: 1->1(15)
[2.670s][info][gc,heap       ] GC(33) Old regions: 25->25
[2.670s][info][gc,heap       ] GC(33) Humongous regions: 276->276
[2.670s][info][gc,metaspace  ] GC(33) Metaspace: 9736K->9736K(1058816K)
[2.670s][info][gc            ] GC(33) Pause Young (Concurrent Start) (G1 Humongous Allocation) 304M->300M(651M) 2.038ms
[2.670s][info][gc,cpu        ] GC(33) User=0.01s Sys=0.00s Real=0.00s
[2.670s][info][gc            ] GC(34) Concurrent Cycle
[2.670s][info][gc,marking    ] GC(34) Concurrent Clear Claimed Marks
[2.670s][info][gc,marking    ] GC(34) Concurrent Clear Claimed Marks 0.016ms
[2.670s][info][gc,marking    ] GC(34) Concurrent Scan Root Regions
[2.670s][info][gc,marking    ] GC(34) Concurrent Scan Root Regions 0.088ms
[2.670s][info][gc,marking    ] GC(34) Concurrent Mark (2.670s)
[2.670s][info][gc,marking    ] GC(34) Concurrent Mark From Roots
[2.670s][info][gc,task       ] GC(34) Using 2 workers of 2 for marking
[2.675s][info][gc,marking    ] GC(34) Concurrent Mark From Roots 5.359ms
[2.675s][info][gc,marking    ] GC(34) Concurrent Preclean
[2.675s][info][gc,marking    ] GC(34) Concurrent Preclean 0.078ms
[2.675s][info][gc,marking    ] GC(34) Concurrent Mark (2.670s, 2.675s) 5.527ms
[2.675s][info][gc,start      ] GC(34) Pause Remark
[2.677s][info][gc,stringtable] GC(34) Cleaned string and symbol table, strings: 4285 processed, 3 removed, symbols: 36588 processed, 0 removed
[2.677s][info][gc            ] GC(34) Pause Remark 303M->303M(651M) 1.562ms
[2.677s][info][gc,cpu        ] GC(34) User=0.01s Sys=0.00s Real=0.00s
[2.677s][info][gc,marking    ] GC(34) Concurrent Rebuild Remembered Sets
[2.682s][info][gc,marking    ] GC(34) Concurrent Rebuild Remembered Sets 4.562ms
[2.682s][info][gc,start      ] GC(34) Pause Cleanup
[2.682s][info][gc            ] GC(34) Pause Cleanup 304M->304M(651M) 0.177ms
[2.682s][info][gc,cpu        ] GC(34) User=0.00s Sys=0.00s Real=0.00s
[2.682s][info][gc,marking    ] GC(34) Concurrent Cleanup for Next Mark
[2.683s][info][gc,marking    ] GC(34) Concurrent Cleanup for Next Mark 0.874ms
[2.683s][info][gc            ] GC(34) Concurrent Cycle 13.346ms
[2.685s][info][gc,start      ] GC(35) Pause Young (Concurrent Start) (G1 Humongous Allocation)
[2.685s][info][gc,task       ] GC(35) Using 8 workers of 8 for evacuation
[2.686s][info][gc,phases     ] GC(35)   Pre Evacuate Collection Set: 0.1ms
[2.686s][info][gc,phases     ] GC(35)   Evacuate Collection Set: 1.0ms
[2.686s][info][gc,phases     ] GC(35)   Post Evacuate Collection Set: 0.2ms
[2.686s][info][gc,phases     ] GC(35)   Other: 0.2ms
[2.686s][info][gc,heap       ] GC(35) Eden regions: 2->0(133)
[2.686s][info][gc,heap       ] GC(35) Survivor regions: 1->1(15)
[2.686s][info][gc,heap       ] GC(35) Old regions: 25->25
[2.686s][info][gc,heap       ] GC(35) Humongous regions: 278->278
[2.686s][info][gc,metaspace  ] GC(35) Metaspace: 9736K->9736K(1058816K)
[2.686s][info][gc            ] GC(35) Pause Young (Concurrent Start) (G1 Humongous Allocation) 304M->302M(651M) 1.500ms
[2.686s][info][gc,cpu        ] GC(35) User=0.00s Sys=0.00s Real=0.00s
[2.686s][info][gc            ] GC(36) Concurrent Cycle
[2.686s][info][gc,marking    ] GC(36) Concurrent Clear Claimed Marks
[2.686s][info][gc,marking    ] GC(36) Concurrent Clear Claimed Marks 0.026ms
[2.686s][info][gc,marking    ] GC(36) Concurrent Scan Root Regions
[2.687s][info][gc,marking    ] GC(36) Concurrent Scan Root Regions 0.106ms
[2.687s][info][gc,marking    ] GC(36) Concurrent Mark (2.687s)
[2.687s][info][gc,marking    ] GC(36) Concurrent Mark From Roots
[2.687s][info][gc,task       ] GC(36) Using 2 workers of 2 for marking
[2.692s][info][gc,marking    ] GC(36) Concurrent Mark From Roots 5.603ms
[2.692s][info][gc,marking    ] GC(36) Concurrent Preclean
[2.692s][info][gc,marking    ] GC(36) Concurrent Preclean 0.076ms
[2.692s][info][gc,marking    ] GC(36) Concurrent Mark (2.687s, 2.692s) 5.774ms
[2.692s][info][gc,start      ] GC(36) Pause Remark
[2.694s][info][gc,stringtable] GC(36) Cleaned string and symbol table, strings: 4282 processed, 0 removed, symbols: 36588 processed, 0 removed
[2.694s][info][gc            ] GC(36) Pause Remark 305M->305M(651M) 1.487ms
[2.694s][info][gc,cpu        ] GC(36) User=0.01s Sys=0.00s Real=0.00s
[2.694s][info][gc,marking    ] GC(36) Concurrent Rebuild Remembered Sets
[2.699s][info][gc,marking    ] GC(36) Concurrent Rebuild Remembered Sets 4.726ms
[2.699s][info][gc,start      ] GC(36) Pause Cleanup
[2.699s][info][gc            ] GC(36) Pause Cleanup 306M->306M(651M) 0.153ms
[2.699s][info][gc,cpu        ] GC(36) User=0.00s Sys=0.00s Real=0.00s
[2.699s][info][gc,marking    ] GC(36) Concurrent Cleanup for Next Mark
[2.700s][info][gc,marking    ] GC(36) Concurrent Cleanup for Next Mark 0.829ms
[2.700s][info][gc            ] GC(36) Concurrent Cycle 13.639ms
[2.701s][info][gc,start      ] GC(37) Pause Young (Concurrent Start) (G1 Humongous Allocation)
[2.701s][info][gc,task       ] GC(37) Using 8 workers of 8 for evacuation
[2.702s][info][gc,phases     ] GC(37)   Pre Evacuate Collection Set: 0.1ms
[2.702s][info][gc,phases     ] GC(37)   Evacuate Collection Set: 1.0ms
[2.702s][info][gc,phases     ] GC(37)   Post Evacuate Collection Set: 0.1ms
[2.702s][info][gc,phases     ] GC(37)   Other: 0.2ms
[2.702s][info][gc,heap       ] GC(37) Eden regions: 2->0(148)
[2.702s][info][gc,heap       ] GC(37) Survivor regions: 1->1(17)
[2.702s][info][gc,heap       ] GC(37) Old regions: 25->25
[2.702s][info][gc,heap       ] GC(37) Humongous regions: 280->280
[2.702s][info][gc,metaspace  ] GC(37) Metaspace: 9736K->9736K(1058816K)
[2.702s][info][gc            ] GC(37) Pause Young (Concurrent Start) (G1 Humongous Allocation) 306M->304M(651M) 1.505ms
[2.702s][info][gc,cpu        ] GC(37) User=0.01s Sys=0.00s Real=0.01s
[2.703s][info][gc            ] GC(38) Concurrent Cycle
[2.703s][info][gc,marking    ] GC(38) Concurrent Clear Claimed Marks
[2.703s][info][gc,marking    ] GC(38) Concurrent Clear Claimed Marks 0.017ms
[2.703s][info][gc,marking    ] GC(38) Concurrent Scan Root Regions
[2.703s][info][gc,marking    ] GC(38) Concurrent Scan Root Regions 0.078ms
[2.703s][info][gc,marking    ] GC(38) Concurrent Mark (2.703s)
[2.703s][info][gc,marking    ] GC(38) Concurrent Mark From Roots
[2.703s][info][gc,task       ] GC(38) Using 2 workers of 2 for marking
[2.708s][info][gc,marking    ] GC(38) Concurrent Mark From Roots 5.337ms
[2.708s][info][gc,marking    ] GC(38) Concurrent Preclean
[2.708s][info][gc,marking    ] GC(38) Concurrent Preclean 0.106ms
[2.708s][info][gc,marking    ] GC(38) Concurrent Mark (2.703s, 2.708s) 5.515ms
[2.708s][info][gc,start      ] GC(38) Pause Remark
[2.710s][info][gc,stringtable] GC(38) Cleaned string and symbol table, strings: 4282 processed, 0 removed, symbols: 36588 processed, 0 removed
[2.710s][info][gc            ] GC(38) Pause Remark 307M->307M(651M) 1.570ms
[2.710s][info][gc,cpu        ] GC(38) User=0.00s Sys=0.00s Real=0.00s
[2.710s][info][gc,marking    ] GC(38) Concurrent Rebuild Remembered Sets
[2.715s][info][gc,marking    ] GC(38) Concurrent Rebuild Remembered Sets 5.437ms
[2.716s][info][gc,start      ] GC(38) Pause Cleanup
[2.716s][info][gc            ] GC(38) Pause Cleanup 308M->308M(651M) 0.151ms
[2.716s][info][gc,cpu        ] GC(38) User=0.00s Sys=0.00s Real=0.00s
[2.716s][info][gc,marking    ] GC(38) Concurrent Cleanup for Next Mark
[2.717s][info][gc,marking    ] GC(38) Concurrent Cleanup for Next Mark 0.902ms
[2.717s][info][gc            ] GC(38) Concurrent Cycle 14.342ms
[2.717s][info][gc,start      ] GC(39) Pause Young (Concurrent Start) (G1 Humongous Allocation)
[2.717s][info][gc,task       ] GC(39) Using 8 workers of 8 for evacuation
[2.719s][info][gc,phases     ] GC(39)   Pre Evacuate Collection Set: 0.1ms
[2.719s][info][gc,phases     ] GC(39)   Evacuate Collection Set: 1.0ms
[2.719s][info][gc,phases     ] GC(39)   Post Evacuate Collection Set: 0.1ms
[2.719s][info][gc,phases     ] GC(39)   Other: 0.2ms
[2.719s][info][gc,heap       ] GC(39) Eden regions: 2->0(163)
[2.719s][info][gc,heap       ] GC(39) Survivor regions: 1->1(19)
[2.719s][info][gc,heap       ] GC(39) Old regions: 25->25
[2.719s][info][gc,heap       ] GC(39) Humongous regions: 282->282
[2.719s][info][gc,metaspace  ] GC(39) Metaspace: 9736K->9736K(1058816K)
[2.719s][info][gc            ] GC(39) Pause Young (Concurrent Start) (G1 Humongous Allocation) 308M->306M(651M) 1.417ms
[2.719s][info][gc,cpu        ] GC(39) User=0.01s Sys=0.00s Real=0.00s
[2.719s][info][gc            ] GC(40) Concurrent Cycle
[2.719s][info][gc,marking    ] GC(40) Concurrent Clear Claimed Marks
[2.719s][info][gc,marking    ] GC(40) Concurrent Clear Claimed Marks 0.012ms
[2.719s][info][gc,marking    ] GC(40) Concurrent Scan Root Regions
[2.719s][info][gc,marking    ] GC(40) Concurrent Scan Root Regions 0.081ms
[2.719s][info][gc,marking    ] GC(40) Concurrent Mark (2.719s)
[2.719s][info][gc,marking    ] GC(40) Concurrent Mark From Roots
[2.719s][info][gc,task       ] GC(40) Using 2 workers of 2 for marking
[2.726s][info][gc,marking    ] GC(40) Concurrent Mark From Roots 6.996ms
[2.726s][info][gc,marking    ] GC(40) Concurrent Preclean
[2.726s][info][gc,marking    ] GC(40) Concurrent Preclean 0.085ms
[2.726s][info][gc,marking    ] GC(40) Concurrent Mark (2.719s, 2.726s) 7.142ms
[2.726s][info][gc,start      ] GC(40) Pause Remark
[2.727s][info][gc,stringtable] GC(40) Cleaned string and symbol table, strings: 4282 processed, 0 removed, symbols: 36588 processed, 0 removed
[2.728s][info][gc            ] GC(40) Pause Remark 309M->309M(651M) 1.468ms
[2.728s][info][gc,cpu        ] GC(40) User=0.00s Sys=0.00s Real=0.00s
[2.728s][info][gc,marking    ] GC(40) Concurrent Rebuild Remembered Sets
[2.733s][info][gc,marking    ] GC(40) Concurrent Rebuild Remembered Sets 5.406ms
[2.733s][info][gc,start      ] GC(40) Pause Cleanup
[2.734s][info][gc            ] GC(40) Pause Cleanup 310M->310M(651M) 0.205ms
[2.734s][info][gc,cpu        ] GC(40) User=0.00s Sys=0.00s Real=0.00s
[2.734s][info][gc,marking    ] GC(40) Concurrent Cleanup for Next Mark
[2.735s][info][gc,marking    ] GC(40) Concurrent Cleanup for Next Mark 0.983ms
[2.735s][info][gc            ] GC(40) Concurrent Cycle 15.832ms
[2.745s][info][gc,start      ] GC(41) Pause Young (Concurrent Start) (G1 Humongous Allocation)
[2.745s][info][gc,task       ] GC(41) Using 8 workers of 8 for evacuation
[2.747s][info][gc,phases     ] GC(41)   Pre Evacuate Collection Set: 0.1ms
[2.747s][info][gc,phases     ] GC(41)   Evacuate Collection Set: 1.0ms
[2.747s][info][gc,phases     ] GC(41)   Post Evacuate Collection Set: 0.2ms
[2.747s][info][gc,phases     ] GC(41)   Other: 0.2ms
[2.747s][info][gc,heap       ] GC(41) Eden regions: 4->0(175)
[2.747s][info][gc,heap       ] GC(41) Survivor regions: 1->1(21)
[2.747s][info][gc,heap       ] GC(41) Old regions: 25->25
[2.747s][info][gc,heap       ] GC(41) Humongous regions: 286->286
[2.747s][info][gc,metaspace  ] GC(41) Metaspace: 9736K->9736K(1058816K)
[2.747s][info][gc            ] GC(41) Pause Young (Concurrent Start) (G1 Humongous Allocation) 314M->310M(651M) 1.593ms
[2.747s][info][gc,cpu        ] GC(41) User=0.01s Sys=0.01s Real=0.00s
[2.747s][info][gc            ] GC(42) Concurrent Cycle
[2.747s][info][gc,marking    ] GC(42) Concurrent Clear Claimed Marks
[2.747s][info][gc,marking    ] GC(42) Concurrent Clear Claimed Marks 0.043ms
[2.747s][info][gc,marking    ] GC(42) Concurrent Scan Root Regions
[2.747s][info][gc,marking    ] GC(42) Concurrent Scan Root Regions 0.071ms
[2.747s][info][gc,marking    ] GC(42) Concurrent Mark (2.747s)
[2.747s][info][gc,marking    ] GC(42) Concurrent Mark From Roots
[2.747s][info][gc,task       ] GC(42) Using 2 workers of 2 for marking
[2.753s][info][gc,marking    ] GC(42) Concurrent Mark From Roots 5.476ms
[2.753s][info][gc,marking    ] GC(42) Concurrent Preclean
[2.753s][info][gc,marking    ] GC(42) Concurrent Preclean 0.136ms
[2.753s][info][gc,marking    ] GC(42) Concurrent Mark (2.747s, 2.753s) 5.678ms
[2.753s][info][gc,start      ] GC(42) Pause Remark
[2.754s][info][gc,stringtable] GC(42) Cleaned string and symbol table, strings: 4282 processed, 0 removed, symbols: 36588 processed, 0 removed
[2.754s][info][gc            ] GC(42) Pause Remark 313M->313M(651M) 0.872ms
[2.754s][info][gc,cpu        ] GC(42) User=0.01s Sys=0.00s Real=0.00s
[2.754s][info][gc,marking    ] GC(42) Concurrent Rebuild Remembered Sets
[2.759s][info][gc,marking    ] GC(42) Concurrent Rebuild Remembered Sets 5.200ms
[2.759s][info][gc,start      ] GC(42) Pause Cleanup
[2.760s][info][gc            ] GC(42) Pause Cleanup 314M->314M(651M) 0.198ms
[2.760s][info][gc,cpu        ] GC(42) User=0.00s Sys=0.00s Real=0.00s
[2.760s][info][gc,marking    ] GC(42) Concurrent Cleanup for Next Mark
[2.760s][info][gc,marking    ] GC(42) Concurrent Cleanup for Next Mark 0.827ms
[2.760s][info][gc            ] GC(42) Concurrent Cycle 13.329ms
[2.762s][info][gc,start      ] GC(43) Pause Young (Concurrent Start) (G1 Humongous Allocation)
[2.762s][info][gc,task       ] GC(43) Using 8 workers of 8 for evacuation
[2.763s][info][gc,phases     ] GC(43)   Pre Evacuate Collection Set: 0.1ms
[2.763s][info][gc,phases     ] GC(43)   Evacuate Collection Set: 0.6ms
[2.763s][info][gc,phases     ] GC(43)   Post Evacuate Collection Set: 0.2ms
[2.763s][info][gc,phases     ] GC(43)   Other: 0.2ms
[2.763s][info][gc,heap       ] GC(43) Eden regions: 2->0(186)
[2.763s][info][gc,heap       ] GC(43) Survivor regions: 1->1(22)
[2.763s][info][gc,heap       ] GC(43) Old regions: 25->25
[2.763s][info][gc,heap       ] GC(43) Humongous regions: 288->288
[2.763s][info][gc,metaspace  ] GC(43) Metaspace: 9736K->9736K(1058816K)
[2.763s][info][gc            ] GC(43) Pause Young (Concurrent Start) (G1 Humongous Allocation) 314M->312M(651M) 1.183ms
[2.763s][info][gc,cpu        ] GC(43) User=0.00s Sys=0.00s Real=0.00s
[2.763s][info][gc            ] GC(44) Concurrent Cycle
[2.763s][info][gc,marking    ] GC(44) Concurrent Clear Claimed Marks
[2.763s][info][gc,marking    ] GC(44) Concurrent Clear Claimed Marks 0.069ms
[2.763s][info][gc,marking    ] GC(44) Concurrent Scan Root Regions
[2.763s][info][gc,marking    ] GC(44) Concurrent Scan Root Regions 0.072ms
[2.763s][info][gc,marking    ] GC(44) Concurrent Mark (2.763s)
[2.763s][info][gc,marking    ] GC(44) Concurrent Mark From Roots
[2.763s][info][gc,task       ] GC(44) Using 2 workers of 2 for marking
[2.769s][info][gc,marking    ] GC(44) Concurrent Mark From Roots 5.774ms
[2.769s][info][gc,marking    ] GC(44) Concurrent Preclean
[2.769s][info][gc,marking    ] GC(44) Concurrent Preclean 0.097ms
[2.769s][info][gc,marking    ] GC(44) Concurrent Mark (2.763s, 2.769s) 5.983ms
[2.769s][info][gc,start      ] GC(44) Pause Remark
[2.770s][info][gc,stringtable] GC(44) Cleaned string and symbol table, strings: 4282 processed, 0 removed, symbols: 36588 processed, 0 removed
[2.771s][info][gc            ] GC(44) Pause Remark 315M->315M(651M) 1.485ms
[2.771s][info][gc,cpu        ] GC(44) User=0.01s Sys=0.00s Real=0.00s
[2.771s][info][gc,marking    ] GC(44) Concurrent Rebuild Remembered Sets
[2.775s][info][gc,marking    ] GC(44) Concurrent Rebuild Remembered Sets 4.106ms
[2.775s][info][gc,start      ] GC(44) Pause Cleanup
[2.775s][info][gc            ] GC(44) Pause Cleanup 316M->316M(651M) 0.123ms
[2.775s][info][gc,cpu        ] GC(44) User=0.00s Sys=0.00s Real=0.00s
[2.775s][info][gc,marking    ] GC(44) Concurrent Cleanup for Next Mark
[2.776s][info][gc,marking    ] GC(44) Concurrent Cleanup for Next Mark 0.814ms
[2.776s][info][gc            ] GC(44) Concurrent Cycle 13.096ms
[2.777s][info][gc,start      ] GC(45) Pause Young (Concurrent Start) (G1 Humongous Allocation)
[2.777s][info][gc,task       ] GC(45) Using 8 workers of 8 for evacuation
[2.778s][info][gc,phases     ] GC(45)   Pre Evacuate Collection Set: 0.1ms
[2.778s][info][gc,phases     ] GC(45)   Evacuate Collection Set: 0.5ms
[2.778s][info][gc,phases     ] GC(45)   Post Evacuate Collection Set: 0.1ms
[2.778s][info][gc,phases     ] GC(45)   Other: 0.2ms
[2.778s][info][gc,heap       ] GC(45) Eden regions: 2->0(196)
[2.778s][info][gc,heap       ] GC(45) Survivor regions: 1->1(24)
[2.778s][info][gc,heap       ] GC(45) Old regions: 25->25
[2.778s][info][gc,heap       ] GC(45) Humongous regions: 290->290
[2.778s][info][gc,metaspace  ] GC(45) Metaspace: 9736K->9736K(1058816K)
[2.778s][info][gc            ] GC(45) Pause Young (Concurrent Start) (G1 Humongous Allocation) 316M->314M(651M) 0.960ms
[2.778s][info][gc,cpu        ] GC(45) User=0.00s Sys=0.00s Real=0.00s
[2.778s][info][gc            ] GC(46) Concurrent Cycle
[2.778s][info][gc,marking    ] GC(46) Concurrent Clear Claimed Marks
[2.778s][info][gc,marking    ] GC(46) Concurrent Clear Claimed Marks 0.017ms
[2.778s][info][gc,marking    ] GC(46) Concurrent Scan Root Regions
[2.778s][info][gc,marking    ] GC(46) Concurrent Scan Root Regions 0.071ms
[2.778s][info][gc,marking    ] GC(46) Concurrent Mark (2.778s)
[2.778s][info][gc,marking    ] GC(46) Concurrent Mark From Roots
[2.778s][info][gc,task       ] GC(46) Using 2 workers of 2 for marking
[2.783s][info][gc,marking    ] GC(46) Concurrent Mark From Roots 5.291ms
[2.783s][info][gc,marking    ] GC(46) Concurrent Preclean
[2.784s][info][gc,marking    ] GC(46) Concurrent Preclean 0.078ms
[2.784s][info][gc,marking    ] GC(46) Concurrent Mark (2.778s, 2.784s) 5.429ms
[2.784s][info][gc,start      ] GC(46) Pause Remark
[2.784s][info][gc,stringtable] GC(46) Cleaned string and symbol table, strings: 4282 processed, 0 removed, symbols: 36588 processed, 0 removed
[2.784s][info][gc            ] GC(46) Pause Remark 317M->317M(651M) 0.870ms
[2.785s][info][gc,cpu        ] GC(46) User=0.00s Sys=0.00s Real=0.00s
[2.785s][info][gc,marking    ] GC(46) Concurrent Rebuild Remembered Sets
[2.789s][info][gc,marking    ] GC(46) Concurrent Rebuild Remembered Sets 4.276ms
[2.789s][info][gc,start      ] GC(46) Pause Cleanup
[2.789s][info][gc            ] GC(46) Pause Cleanup 318M->318M(651M) 0.151ms
[2.789s][info][gc,cpu        ] GC(46) User=0.00s Sys=0.00s Real=0.00s
[2.789s][info][gc,marking    ] GC(46) Concurrent Cleanup for Next Mark
[2.790s][info][gc,marking    ] GC(46) Concurrent Cleanup for Next Mark 0.832ms
[2.790s][info][gc            ] GC(46) Concurrent Cycle 12.094ms
[2.792s][info][gc,start      ] GC(47) Pause Young (Concurrent Start) (G1 Humongous Allocation)
[2.792s][info][gc,task       ] GC(47) Using 8 workers of 8 for evacuation
[2.793s][info][gc,phases     ] GC(47)   Pre Evacuate Collection Set: 0.1ms
[2.793s][info][gc,phases     ] GC(47)   Evacuate Collection Set: 0.7ms
[2.793s][info][gc,phases     ] GC(47)   Post Evacuate Collection Set: 0.1ms
[2.793s][info][gc,phases     ] GC(47)   Other: 0.2ms
[2.793s][info][gc,heap       ] GC(47) Eden regions: 2->0(205)
[2.793s][info][gc,heap       ] GC(47) Survivor regions: 1->1(25)
[2.793s][info][gc,heap       ] GC(47) Old regions: 25->25
[2.793s][info][gc,heap       ] GC(47) Humongous regions: 292->292
[2.793s][info][gc,metaspace  ] GC(47) Metaspace: 9736K->9736K(1058816K)
[2.793s][info][gc            ] GC(47) Pause Young (Concurrent Start) (G1 Humongous Allocation) 318M->316M(651M) 1.197ms
[2.793s][info][gc,cpu        ] GC(47) User=0.00s Sys=0.00s Real=0.00s
[2.793s][info][gc            ] GC(48) Concurrent Cycle
[2.793s][info][gc,marking    ] GC(48) Concurrent Clear Claimed Marks
[2.793s][info][gc,marking    ] GC(48) Concurrent Clear Claimed Marks 0.012ms
[2.793s][info][gc,marking    ] GC(48) Concurrent Scan Root Regions
[2.793s][info][gc,marking    ] GC(48) Concurrent Scan Root Regions 0.058ms
[2.793s][info][gc,marking    ] GC(48) Concurrent Mark (2.793s)
[2.793s][info][gc,marking    ] GC(48) Concurrent Mark From Roots
[2.793s][info][gc,task       ] GC(48) Using 2 workers of 2 for marking
[2.799s][info][gc,marking    ] GC(48) Concurrent Mark From Roots 5.603ms
[2.799s][info][gc,marking    ] GC(48) Concurrent Preclean
[2.799s][info][gc,marking    ] GC(48) Concurrent Preclean 0.086ms
[2.799s][info][gc,marking    ] GC(48) Concurrent Mark (2.793s, 2.799s) 5.760ms
[2.799s][info][gc,start      ] GC(48) Pause Remark
[2.800s][info][gc,stringtable] GC(48) Cleaned string and symbol table, strings: 4282 processed, 0 removed, symbols: 36588 processed, 0 removed
[2.800s][info][gc            ] GC(48) Pause Remark 319M->319M(651M) 1.487ms
[2.800s][info][gc,cpu        ] GC(48) User=0.01s Sys=0.00s Real=0.00s
[2.801s][info][gc,marking    ] GC(48) Concurrent Rebuild Remembered Sets
[2.806s][info][gc,marking    ] GC(48) Concurrent Rebuild Remembered Sets 5.406ms
[2.806s][info][gc,start      ] GC(48) Pause Cleanup
[2.806s][info][gc            ] GC(48) Pause Cleanup 320M->320M(651M) 0.129ms
[2.806s][info][gc,cpu        ] GC(48) User=0.01s Sys=0.00s Real=0.00s
[2.806s][info][gc,marking    ] GC(48) Concurrent Cleanup for Next Mark
[2.807s][info][gc,marking    ] GC(48) Concurrent Cleanup for Next Mark 0.842ms
[2.807s][info][gc            ] GC(48) Concurrent Cycle 14.171ms
[2.809s][info][gc,start      ] GC(49) Pause Young (Concurrent Start) (G1 Humongous Allocation)
[2.809s][info][gc,task       ] GC(49) Using 8 workers of 8 for evacuation
[2.810s][info][gc,phases     ] GC(49)   Pre Evacuate Collection Set: 0.1ms
[2.811s][info][gc,phases     ] GC(49)   Evacuate Collection Set: 1.0ms
[2.811s][info][gc,phases     ] GC(49)   Post Evacuate Collection Set: 0.1ms
[2.811s][info][gc,phases     ] GC(49)   Other: 0.2ms
[2.811s][info][gc,heap       ] GC(49) Eden regions: 2->0(212)
[2.811s][info][gc,heap       ] GC(49) Survivor regions: 1->1(26)
[2.811s][info][gc,heap       ] GC(49) Old regions: 25->25
[2.811s][info][gc,heap       ] GC(49) Humongous regions: 294->294
[2.811s][info][gc,metaspace  ] GC(49) Metaspace: 9736K->9736K(1058816K)
[2.811s][info][gc            ] GC(49) Pause Young (Concurrent Start) (G1 Humongous Allocation) 320M->318M(651M) 1.490ms
[2.811s][info][gc,cpu        ] GC(49) User=0.01s Sys=0.00s Real=0.00s
[2.811s][info][gc            ] GC(50) Concurrent Cycle
[2.811s][info][gc,marking    ] GC(50) Concurrent Clear Claimed Marks
[2.811s][info][gc,marking    ] GC(50) Concurrent Clear Claimed Marks 0.012ms
[2.811s][info][gc,marking    ] GC(50) Concurrent Scan Root Regions
[2.811s][info][gc,marking    ] GC(50) Concurrent Scan Root Regions 0.079ms
[2.811s][info][gc,marking    ] GC(50) Concurrent Mark (2.811s)
[2.811s][info][gc,marking    ] GC(50) Concurrent Mark From Roots
[2.811s][info][gc,task       ] GC(50) Using 2 workers of 2 for marking
[2.816s][info][gc,marking    ] GC(50) Concurrent Mark From Roots 5.634ms
[2.816s][info][gc,marking    ] GC(50) Concurrent Preclean
[2.817s][info][gc,marking    ] GC(50) Concurrent Preclean 0.111ms
[2.817s][info][gc,marking    ] GC(50) Concurrent Mark (2.811s, 2.817s) 5.812ms
[2.817s][info][gc,start      ] GC(50) Pause Remark
[2.818s][info][gc,stringtable] GC(50) Cleaned string and symbol table, strings: 4282 processed, 0 removed, symbols: 36588 processed, 0 removed
[2.818s][info][gc            ] GC(50) Pause Remark 321M->321M(651M) 1.361ms
[2.818s][info][gc,cpu        ] GC(50) User=0.01s Sys=0.00s Real=0.00s
[2.818s][info][gc,marking    ] GC(50) Concurrent Rebuild Remembered Sets
[2.823s][info][gc,marking    ] GC(50) Concurrent Rebuild Remembered Sets 5.154ms
[2.823s][info][gc,start      ] GC(50) Pause Cleanup
[2.824s][info][gc            ] GC(50) Pause Cleanup 322M->322M(651M) 0.131ms
[2.824s][info][gc,cpu        ] GC(50) User=0.01s Sys=0.00s Real=0.00s
[2.824s][info][gc,marking    ] GC(50) Concurrent Cleanup for Next Mark
[2.825s][info][gc,marking    ] GC(50) Concurrent Cleanup for Next Mark 0.865ms
[2.825s][info][gc            ] GC(50) Concurrent Cycle 13.908ms
[2.825s][info][gc,start      ] GC(51) Pause Young (Concurrent Start) (G1 Humongous Allocation)
[2.825s][info][gc,task       ] GC(51) Using 8 workers of 8 for evacuation
[2.827s][info][gc,phases     ] GC(51)   Pre Evacuate Collection Set: 0.1ms
[2.827s][info][gc,phases     ] GC(51)   Evacuate Collection Set: 0.6ms
[2.827s][info][gc,phases     ] GC(51)   Post Evacuate Collection Set: 1.1ms
[2.827s][info][gc,phases     ] GC(51)   Other: 0.1ms
[2.827s][info][gc,heap       ] GC(51) Eden regions: 2->0(315)
[2.827s][info][gc,heap       ] GC(51) Survivor regions: 1->1(27)
[2.827s][info][gc,heap       ] GC(51) Old regions: 25->25
[2.827s][info][gc,heap       ] GC(51) Humongous regions: 296->296
[2.827s][info][gc,metaspace  ] GC(51) Metaspace: 9736K->9736K(1058816K)
[2.827s][info][gc            ] GC(51) Pause Young (Concurrent Start) (G1 Humongous Allocation) 322M->320M(782M) 2.058ms
[2.827s][info][gc,cpu        ] GC(51) User=0.00s Sys=0.00s Real=0.00s
[2.827s][info][gc            ] GC(52) Concurrent Cycle
[2.827s][info][gc,marking    ] GC(52) Concurrent Clear Claimed Marks
[2.827s][info][gc,marking    ] GC(52) Concurrent Clear Claimed Marks 0.022ms
[2.827s][info][gc,marking    ] GC(52) Concurrent Scan Root Regions
[2.827s][info][gc,marking    ] GC(52) Concurrent Scan Root Regions 0.086ms
[2.827s][info][gc,marking    ] GC(52) Concurrent Mark (2.827s)
[2.827s][info][gc,marking    ] GC(52) Concurrent Mark From Roots
[2.827s][info][gc,task       ] GC(52) Using 2 workers of 2 for marking
[2.833s][info][gc,marking    ] GC(52) Concurrent Mark From Roots 5.471ms
[2.833s][info][gc,marking    ] GC(52) Concurrent Preclean
[2.833s][info][gc,marking    ] GC(52) Concurrent Preclean 0.088ms
[2.833s][info][gc,marking    ] GC(52) Concurrent Mark (2.827s, 2.833s) 5.623ms
[2.833s][info][gc,start      ] GC(52) Pause Remark
[2.834s][info][gc,stringtable] GC(52) Cleaned string and symbol table, strings: 4292 processed, 0 removed, symbols: 36588 processed, 0 removed
[2.834s][info][gc            ] GC(52) Pause Remark 323M->323M(782M) 1.022ms
[2.834s][info][gc,cpu        ] GC(52) User=0.00s Sys=0.00s Real=0.00s
[2.834s][info][gc,marking    ] GC(52) Concurrent Rebuild Remembered Sets
[2.838s][info][gc,marking    ] GC(52) Concurrent Rebuild Remembered Sets 4.299ms
[2.839s][info][gc,start      ] GC(52) Pause Cleanup
[2.839s][info][gc            ] GC(52) Pause Cleanup 324M->324M(782M) 0.203ms
[2.839s][info][gc,cpu        ] GC(52) User=0.00s Sys=0.00s Real=0.00s
[2.839s][info][gc,marking    ] GC(52) Concurrent Cleanup for Next Mark
[2.840s][info][gc,marking    ] GC(52) Concurrent Cleanup for Next Mark 1.496ms
[2.840s][info][gc            ] GC(52) Concurrent Cycle 13.333ms
[3.050s][info][gc,start      ] GC(53) Pause Young (Concurrent Start) (G1 Humongous Allocation)
[3.050s][info][gc,task       ] GC(53) Using 8 workers of 8 for evacuation
[3.051s][info][gc,phases     ] GC(53)   Pre Evacuate Collection Set: 0.1ms
[3.051s][info][gc,phases     ] GC(53)   Evacuate Collection Set: 0.7ms
[3.051s][info][gc,phases     ] GC(53)   Post Evacuate Collection Set: 0.1ms
[3.051s][info][gc,phases     ] GC(53)   Other: 0.2ms
[3.051s][info][gc,heap       ] GC(53) Eden regions: 30->0(298)
[3.051s][info][gc,heap       ] GC(53) Survivor regions: 1->1(40)
[3.051s][info][gc,heap       ] GC(53) Old regions: 25->25
[3.051s][info][gc,heap       ] GC(53) Humongous regions: 326->326
[3.051s][info][gc,metaspace  ] GC(53) Metaspace: 9736K->9736K(1058816K)
[3.051s][info][gc            ] GC(53) Pause Young (Concurrent Start) (G1 Humongous Allocation) 380M->350M(782M) 1.214ms
[3.051s][info][gc,cpu        ] GC(53) User=0.01s Sys=0.00s Real=0.01s
[3.051s][info][gc            ] GC(54) Concurrent Cycle
[3.051s][info][gc,marking    ] GC(54) Concurrent Clear Claimed Marks
[3.051s][info][gc,marking    ] GC(54) Concurrent Clear Claimed Marks 0.011ms
[3.051s][info][gc,marking    ] GC(54) Concurrent Scan Root Regions
[3.052s][info][gc,marking    ] GC(54) Concurrent Scan Root Regions 0.077ms
[3.052s][info][gc,marking    ] GC(54) Concurrent Mark (3.052s)
[3.052s][info][gc,marking    ] GC(54) Concurrent Mark From Roots
[3.052s][info][gc,task       ] GC(54) Using 2 workers of 2 for marking
[3.058s][info][gc,marking    ] GC(54) Concurrent Mark From Roots 5.982ms
[3.058s][info][gc,marking    ] GC(54) Concurrent Preclean
[3.058s][info][gc,marking    ] GC(54) Concurrent Preclean 0.088ms
[3.058s][info][gc,marking    ] GC(54) Concurrent Mark (3.052s, 3.058s) 6.129ms
[3.058s][info][gc,start      ] GC(54) Pause Remark
[3.059s][info][gc,stringtable] GC(54) Cleaned string and symbol table, strings: 4293 processed, 0 removed, symbols: 36588 processed, 0 removed
[3.059s][info][gc            ] GC(54) Pause Remark 353M->353M(782M) 1.537ms
[3.059s][info][gc,cpu        ] GC(54) User=0.01s Sys=0.00s Real=0.00s
[3.059s][info][gc,marking    ] GC(54) Concurrent Rebuild Remembered Sets
[3.064s][info][gc,marking    ] GC(54) Concurrent Rebuild Remembered Sets 4.315ms
[3.064s][info][gc,start      ] GC(54) Pause Cleanup
[3.064s][info][gc            ] GC(54) Pause Cleanup 354M->354M(782M) 0.201ms
[3.064s][info][gc,cpu        ] GC(54) User=0.01s Sys=0.00s Real=0.00s
[3.064s][info][gc,marking    ] GC(54) Concurrent Cleanup for Next Mark
[3.066s][info][gc,marking    ] GC(54) Concurrent Cleanup for Next Mark 1.664ms
[3.066s][info][gc            ] GC(54) Concurrent Cycle 14.423ms
[3.067s][info][gc,start      ] GC(55) Pause Young (Concurrent Start) (G1 Humongous Allocation)
[3.067s][info][gc,task       ] GC(55) Using 8 workers of 8 for evacuation
[3.068s][info][gc,phases     ] GC(55)   Pre Evacuate Collection Set: 0.1ms
[3.068s][info][gc,phases     ] GC(55)   Evacuate Collection Set: 0.9ms
[3.068s][info][gc,phases     ] GC(55)   Post Evacuate Collection Set: 0.2ms
[3.068s][info][gc,phases     ] GC(55)   Other: 0.2ms
[3.068s][info][gc,heap       ] GC(55) Eden regions: 2->0(303)
[3.068s][info][gc,heap       ] GC(55) Survivor regions: 1->1(38)
[3.068s][info][gc,heap       ] GC(55) Old regions: 25->25
[3.068s][info][gc,heap       ] GC(55) Humongous regions: 328->328
[3.068s][info][gc,metaspace  ] GC(55) Metaspace: 9736K->9736K(1058816K)
[3.068s][info][gc            ] GC(55) Pause Young (Concurrent Start) (G1 Humongous Allocation) 354M->352M(782M) 1.507ms
[3.068s][info][gc,cpu        ] GC(55) User=0.00s Sys=0.00s Real=0.00s
[3.068s][info][gc            ] GC(56) Concurrent Cycle
[3.068s][info][gc,marking    ] GC(56) Concurrent Clear Claimed Marks
[3.068s][info][gc,marking    ] GC(56) Concurrent Clear Claimed Marks 0.029ms
[3.068s][info][gc,marking    ] GC(56) Concurrent Scan Root Regions
[3.068s][info][gc,marking    ] GC(56) Concurrent Scan Root Regions 0.074ms
[3.068s][info][gc,marking    ] GC(56) Concurrent Mark (3.068s)
[3.068s][info][gc,marking    ] GC(56) Concurrent Mark From Roots
[3.068s][info][gc,task       ] GC(56) Using 2 workers of 2 for marking
[3.074s][info][gc,marking    ] GC(56) Concurrent Mark From Roots 5.354ms
[3.074s][info][gc,marking    ] GC(56) Concurrent Preclean
[3.074s][info][gc,marking    ] GC(56) Concurrent Preclean 0.094ms
[3.074s][info][gc,marking    ] GC(56) Concurrent Mark (3.068s, 3.074s) 5.519ms
[3.074s][info][gc,start      ] GC(56) Pause Remark
[3.075s][info][gc,stringtable] GC(56) Cleaned string and symbol table, strings: 4293 processed, 0 removed, symbols: 36588 processed, 0 removed
[3.076s][info][gc            ] GC(56) Pause Remark 355M->355M(782M) 1.668ms
[3.076s][info][gc,cpu        ] GC(56) User=0.01s Sys=0.00s Real=0.00s
[3.076s][info][gc,marking    ] GC(56) Concurrent Rebuild Remembered Sets
[3.081s][info][gc,marking    ] GC(56) Concurrent Rebuild Remembered Sets 5.474ms
[3.081s][info][gc,start      ] GC(56) Pause Cleanup
[3.082s][info][gc            ] GC(56) Pause Cleanup 356M->356M(782M) 0.128ms
[3.082s][info][gc,cpu        ] GC(56) User=0.00s Sys=0.00s Real=0.00s
[3.082s][info][gc,marking    ] GC(56) Concurrent Cleanup for Next Mark
[3.083s][info][gc,marking    ] GC(56) Concurrent Cleanup for Next Mark 1.117ms
[3.083s][info][gc            ] GC(56) Concurrent Cycle 14.558ms
[3.083s][info][gc,start      ] GC(57) Pause Young (Concurrent Start) (G1 Humongous Allocation)
[3.083s][info][gc,task       ] GC(57) Using 8 workers of 8 for evacuation
[3.085s][info][gc,phases     ] GC(57)   Pre Evacuate Collection Set: 0.1ms
[3.085s][info][gc,phases     ] GC(57)   Evacuate Collection Set: 1.0ms
[3.085s][info][gc,phases     ] GC(57)   Post Evacuate Collection Set: 0.2ms
[3.085s][info][gc,phases     ] GC(57)   Other: 0.2ms
[3.085s][info][gc,heap       ] GC(57) Eden regions: 2->0(306)
[3.085s][info][gc,heap       ] GC(57) Survivor regions: 1->1(38)
[3.085s][info][gc,heap       ] GC(57) Old regions: 25->25
[3.085s][info][gc,heap       ] GC(57) Humongous regions: 330->330
[3.085s][info][gc,metaspace  ] GC(57) Metaspace: 9736K->9736K(1058816K)
[3.085s][info][gc            ] GC(57) Pause Young (Concurrent Start) (G1 Humongous Allocation) 356M->354M(782M) 1.522ms
[3.085s][info][gc,cpu        ] GC(57) User=0.00s Sys=0.00s Real=0.00s
[3.085s][info][gc            ] GC(58) Concurrent Cycle
[3.085s][info][gc,marking    ] GC(58) Concurrent Clear Claimed Marks
[3.085s][info][gc,marking    ] GC(58) Concurrent Clear Claimed Marks 0.018ms
[3.085s][info][gc,marking    ] GC(58) Concurrent Scan Root Regions
[3.085s][info][gc,marking    ] GC(58) Concurrent Scan Root Regions 0.106ms
[3.085s][info][gc,marking    ] GC(58) Concurrent Mark (3.085s)
[3.085s][info][gc,marking    ] GC(58) Concurrent Mark From Roots
[3.085s][info][gc,task       ] GC(58) Using 2 workers of 2 for marking
[3.090s][info][gc,marking    ] GC(58) Concurrent Mark From Roots 5.367ms
[3.090s][info][gc,marking    ] GC(58) Concurrent Preclean
[3.090s][info][gc,marking    ] GC(58) Concurrent Preclean 0.083ms
[3.090s][info][gc,marking    ] GC(58) Concurrent Mark (3.085s, 3.090s) 5.554ms
[3.091s][info][gc,start      ] GC(58) Pause Remark
[3.092s][info][gc,stringtable] GC(58) Cleaned string and symbol table, strings: 4293 processed, 0 removed, symbols: 36588 processed, 0 removed
[3.092s][info][gc            ] GC(58) Pause Remark 357M->357M(782M) 1.649ms
[3.092s][info][gc,cpu        ] GC(58) User=0.01s Sys=0.00s Real=0.01s
[3.092s][info][gc,marking    ] GC(58) Concurrent Rebuild Remembered Sets
[3.098s][info][gc,marking    ] GC(58) Concurrent Rebuild Remembered Sets 5.476ms
[3.098s][info][gc,start      ] GC(58) Pause Cleanup
[3.098s][info][gc            ] GC(58) Pause Cleanup 358M->358M(782M) 0.207ms
[3.098s][info][gc,cpu        ] GC(58) User=0.00s Sys=0.00s Real=0.00s
[3.098s][info][gc,marking    ] GC(58) Concurrent Cleanup for Next Mark
[3.099s][info][gc,marking    ] GC(58) Concurrent Cleanup for Next Mark 0.973ms
[3.099s][info][gc            ] GC(58) Concurrent Cycle 14.533ms
[3.100s][info][gc,start      ] GC(59) Pause Young (Concurrent Start) (G1 Humongous Allocation)
[3.100s][info][gc,task       ] GC(59) Using 8 workers of 8 for evacuation
[3.102s][info][gc,phases     ] GC(59)   Pre Evacuate Collection Set: 0.1ms
[3.102s][info][gc,phases     ] GC(59)   Evacuate Collection Set: 1.0ms
[3.102s][info][gc,phases     ] GC(59)   Post Evacuate Collection Set: 0.2ms
[3.102s][info][gc,phases     ] GC(59)   Other: 0.2ms
[3.102s][info][gc,heap       ] GC(59) Eden regions: 2->0(309)
[3.102s][info][gc,heap       ] GC(59) Survivor regions: 1->1(39)
[3.102s][info][gc,heap       ] GC(59) Old regions: 25->25
[3.102s][info][gc,heap       ] GC(59) Humongous regions: 332->332
[3.102s][info][gc,metaspace  ] GC(59) Metaspace: 9736K->9736K(1058816K)
[3.102s][info][gc            ] GC(59) Pause Young (Concurrent Start) (G1 Humongous Allocation) 358M->356M(782M) 1.551ms
[3.102s][info][gc,cpu        ] GC(59) User=0.00s Sys=0.00s Real=0.01s
[3.102s][info][gc            ] GC(60) Concurrent Cycle
[3.102s][info][gc,marking    ] GC(60) Concurrent Clear Claimed Marks
[3.102s][info][gc,marking    ] GC(60) Concurrent Clear Claimed Marks 0.011ms
[3.102s][info][gc,marking    ] GC(60) Concurrent Scan Root Regions
[3.102s][info][gc,marking    ] GC(60) Concurrent Scan Root Regions 0.073ms
[3.102s][info][gc,marking    ] GC(60) Concurrent Mark (3.102s)
[3.102s][info][gc,marking    ] GC(60) Concurrent Mark From Roots
[3.102s][info][gc,task       ] GC(60) Using 2 workers of 2 for marking
[3.107s][info][gc,marking    ] GC(60) Concurrent Mark From Roots 5.071ms
[3.107s][info][gc,marking    ] GC(60) Concurrent Preclean
[3.107s][info][gc,marking    ] GC(60) Concurrent Preclean 0.080ms
[3.107s][info][gc,marking    ] GC(60) Concurrent Mark (3.102s, 3.107s) 5.209ms
[3.107s][info][gc,start      ] GC(60) Pause Remark
[3.108s][info][gc,stringtable] GC(60) Cleaned string and symbol table, strings: 4293 processed, 0 removed, symbols: 36588 processed, 0 removed
[3.108s][info][gc            ] GC(60) Pause Remark 359M->359M(782M) 0.863ms
[3.108s][info][gc,cpu        ] GC(60) User=0.00s Sys=0.00s Real=0.00s
[3.108s][info][gc,marking    ] GC(60) Concurrent Rebuild Remembered Sets
[3.113s][info][gc,marking    ] GC(60) Concurrent Rebuild Remembered Sets 4.301ms
[3.113s][info][gc,start      ] GC(60) Pause Cleanup
[3.113s][info][gc            ] GC(60) Pause Cleanup 360M->360M(782M) 0.153ms
[3.113s][info][gc,cpu        ] GC(60) User=0.00s Sys=0.00s Real=0.00s
[3.113s][info][gc,marking    ] GC(60) Concurrent Cleanup for Next Mark
[3.114s][info][gc,marking    ] GC(60) Concurrent Cleanup for Next Mark 0.998ms
[3.114s][info][gc            ] GC(60) Concurrent Cycle 12.119ms
[3.117s][info][gc,start      ] GC(61) Pause Young (Concurrent Start) (G1 Humongous Allocation)
[3.117s][info][gc,task       ] GC(61) Using 8 workers of 8 for evacuation
[3.119s][info][gc,phases     ] GC(61)   Pre Evacuate Collection Set: 0.1ms
[3.119s][info][gc,phases     ] GC(61)   Evacuate Collection Set: 0.7ms
[3.119s][info][gc,phases     ] GC(61)   Post Evacuate Collection Set: 1.7ms
[3.120s][info][gc,phases     ] GC(61)   Other: 0.2ms
[3.120s][info][gc,heap       ] GC(61) Eden regions: 2->0(465)
[3.120s][info][gc,heap       ] GC(61) Survivor regions: 1->1(39)
[3.120s][info][gc,heap       ] GC(61) Old regions: 25->25
[3.120s][info][gc,heap       ] GC(61) Humongous regions: 334->334
[3.120s][info][gc,metaspace  ] GC(61) Metaspace: 9736K->9736K(1058816K)
[3.120s][info][gc            ] GC(61) Pause Young (Concurrent Start) (G1 Humongous Allocation) 360M->358M(972M) 2.780ms
[3.120s][info][gc,cpu        ] GC(61) User=0.00s Sys=0.00s Real=0.00s
[3.120s][info][gc            ] GC(62) Concurrent Cycle
[3.120s][info][gc,marking    ] GC(62) Concurrent Clear Claimed Marks
[3.120s][info][gc,marking    ] GC(62) Concurrent Clear Claimed Marks 0.016ms
[3.120s][info][gc,marking    ] GC(62) Concurrent Scan Root Regions
[3.120s][info][gc,marking    ] GC(62) Concurrent Scan Root Regions 0.083ms
[3.120s][info][gc,marking    ] GC(62) Concurrent Mark (3.120s)
[3.120s][info][gc,marking    ] GC(62) Concurrent Mark From Roots
[3.120s][info][gc,task       ] GC(62) Using 2 workers of 2 for marking
[3.125s][info][gc,marking    ] GC(62) Concurrent Mark From Roots 5.235ms
[3.125s][info][gc,marking    ] GC(62) Concurrent Preclean
[3.125s][info][gc,marking    ] GC(62) Concurrent Preclean 0.099ms
[3.125s][info][gc,marking    ] GC(62) Concurrent Mark (3.120s, 3.125s) 5.444ms
[3.125s][info][gc,start      ] GC(62) Pause Remark
[3.127s][info][gc,stringtable] GC(62) Cleaned string and symbol table, strings: 4293 processed, 0 removed, symbols: 36588 processed, 0 removed
[3.127s][info][gc            ] GC(62) Pause Remark 361M->361M(972M) 1.458ms
[3.127s][info][gc,cpu        ] GC(62) User=0.01s Sys=0.00s Real=0.00s
[3.127s][info][gc,marking    ] GC(62) Concurrent Rebuild Remembered Sets
[3.131s][info][gc,marking    ] GC(62) Concurrent Rebuild Remembered Sets 4.284ms
[3.131s][info][gc,start      ] GC(62) Pause Cleanup
[3.131s][info][gc            ] GC(62) Pause Cleanup 362M->362M(972M) 0.152ms
[3.132s][info][gc,cpu        ] GC(62) User=0.00s Sys=0.00s Real=0.00s
[3.132s][info][gc,marking    ] GC(62) Concurrent Cleanup for Next Mark
[3.133s][info][gc,marking    ] GC(62) Concurrent Cleanup for Next Mark 1.793ms
[3.133s][info][gc            ] GC(62) Concurrent Cycle 13.693ms
[3.632s][info][gc,start      ] GC(63) Pause Young (Concurrent Start) (G1 Humongous Allocation)
[3.632s][info][gc,task       ] GC(63) Using 8 workers of 8 for evacuation
[3.634s][info][gc,phases     ] GC(63)   Pre Evacuate Collection Set: 0.1ms
[3.634s][info][gc,phases     ] GC(63)   Evacuate Collection Set: 1.0ms
[3.634s][info][gc,phases     ] GC(63)   Post Evacuate Collection Set: 0.2ms
[3.634s][info][gc,phases     ] GC(63)   Other: 0.3ms
[3.634s][info][gc,heap       ] GC(63) Eden regions: 77->0(411)
[3.634s][info][gc,heap       ] GC(63) Survivor regions: 1->1(59)
[3.634s][info][gc,heap       ] GC(63) Old regions: 25->25
[3.634s][info][gc,heap       ] GC(63) Humongous regions: 412->412
[3.634s][info][gc,metaspace  ] GC(63) Metaspace: 9750K->9750K(1058816K)
[3.634s][info][gc            ] GC(63) Pause Young (Concurrent Start) (G1 Humongous Allocation) 513M->437M(972M) 1.643ms
[3.634s][info][gc,cpu        ] GC(63) User=0.01s Sys=0.00s Real=0.00s
[3.634s][info][gc            ] GC(64) Concurrent Cycle
[3.634s][info][gc,marking    ] GC(64) Concurrent Clear Claimed Marks
[3.634s][info][gc,marking    ] GC(64) Concurrent Clear Claimed Marks 0.013ms
[3.634s][info][gc,marking    ] GC(64) Concurrent Scan Root Regions
[3.634s][info][gc,marking    ] GC(64) Concurrent Scan Root Regions 0.078ms
[3.634s][info][gc,marking    ] GC(64) Concurrent Mark (3.634s)
[3.634s][info][gc,marking    ] GC(64) Concurrent Mark From Roots
[3.634s][info][gc,task       ] GC(64) Using 2 workers of 2 for marking
[3.640s][info][gc,marking    ] GC(64) Concurrent Mark From Roots 5.414ms
[3.640s][info][gc,marking    ] GC(64) Concurrent Preclean
[3.640s][info][gc,marking    ] GC(64) Concurrent Preclean 0.080ms
[3.640s][info][gc,marking    ] GC(64) Concurrent Mark (3.634s, 3.640s) 5.548ms
[3.640s][info][gc,start      ] GC(64) Pause Remark
[3.641s][info][gc,stringtable] GC(64) Cleaned string and symbol table, strings: 4302 processed, 0 removed, symbols: 36588 processed, 0 removed
[3.642s][info][gc            ] GC(64) Pause Remark 441M->441M(972M) 1.649ms
[3.642s][info][gc,cpu        ] GC(64) User=0.01s Sys=0.00s Real=0.01s
[3.642s][info][gc,marking    ] GC(64) Concurrent Rebuild Remembered Sets
[3.646s][info][gc,marking    ] GC(64) Concurrent Rebuild Remembered Sets 4.398ms
[3.646s][info][gc,start      ] GC(64) Pause Cleanup
[3.646s][info][gc            ] GC(64) Pause Cleanup 441M->441M(972M) 0.174ms
[3.646s][info][gc,cpu        ] GC(64) User=0.00s Sys=0.01s Real=0.00s
[3.647s][info][gc,marking    ] GC(64) Concurrent Cleanup for Next Mark
[3.649s][info][gc,marking    ] GC(64) Concurrent Cleanup for Next Mark 2.098ms
[3.649s][info][gc            ] GC(64) Concurrent Cycle 14.606ms
[3.657s][info][gc,start      ] GC(65) Pause Young (Concurrent Start) (G1 Humongous Allocation)
[3.657s][info][gc,task       ] GC(65) Using 8 workers of 8 for evacuation
[3.658s][info][gc,phases     ] GC(65)   Pre Evacuate Collection Set: 0.1ms
[3.658s][info][gc,phases     ] GC(65)   Evacuate Collection Set: 1.0ms
[3.658s][info][gc,phases     ] GC(65)   Post Evacuate Collection Set: 0.1ms
[3.658s][info][gc,phases     ] GC(65)   Other: 0.2ms
[3.658s][info][gc,heap       ] GC(65) Eden regions: 5->0(403)
[3.658s][info][gc,heap       ] GC(65) Survivor regions: 1->1(52)
[3.658s][info][gc,heap       ] GC(65) Old regions: 25->25
[3.658s][info][gc,heap       ] GC(65) Humongous regions: 416->416
[3.658s][info][gc,metaspace  ] GC(65) Metaspace: 9753K->9753K(1058816K)
[3.658s][info][gc            ] GC(65) Pause Young (Concurrent Start) (G1 Humongous Allocation) 445M->441M(972M) 1.500ms
[3.658s][info][gc,cpu        ] GC(65) User=0.00s Sys=0.00s Real=0.00s
[3.658s][info][gc            ] GC(66) Concurrent Cycle
[3.658s][info][gc,marking    ] GC(66) Concurrent Clear Claimed Marks
[3.658s][info][gc,marking    ] GC(66) Concurrent Clear Claimed Marks 0.015ms
[3.658s][info][gc,marking    ] GC(66) Concurrent Scan Root Regions
[3.658s][info][gc,marking    ] GC(66) Concurrent Scan Root Regions 0.070ms
[3.658s][info][gc,marking    ] GC(66) Concurrent Mark (3.658s)
[3.658s][info][gc,marking    ] GC(66) Concurrent Mark From Roots
[3.658s][info][gc,task       ] GC(66) Using 2 workers of 2 for marking
[3.664s][info][gc,marking    ] GC(66) Concurrent Mark From Roots 5.186ms
[3.664s][info][gc,marking    ] GC(66) Concurrent Preclean
[3.664s][info][gc,marking    ] GC(66) Concurrent Preclean 0.085ms
[3.664s][info][gc,marking    ] GC(66) Concurrent Mark (3.658s, 3.664s) 5.394ms
[3.664s][info][gc,start      ] GC(66) Pause Remark
[3.665s][info][gc,stringtable] GC(66) Cleaned string and symbol table, strings: 4302 processed, 0 removed, symbols: 36588 processed, 0 removed
[3.666s][info][gc            ] GC(66) Pause Remark 444M->444M(972M) 1.473ms
[3.666s][info][gc,cpu        ] GC(66) User=0.01s Sys=0.00s Real=0.00s
[3.666s][info][gc,marking    ] GC(66) Concurrent Rebuild Remembered Sets
[3.670s][info][gc,marking    ] GC(66) Concurrent Rebuild Remembered Sets 4.370ms
[3.670s][info][gc,start      ] GC(66) Pause Cleanup
[3.670s][info][gc            ] GC(66) Pause Cleanup 445M->445M(972M) 0.209ms
[3.670s][info][gc,cpu        ] GC(66) User=0.00s Sys=0.00s Real=0.00s
[3.671s][info][gc,marking    ] GC(66) Concurrent Cleanup for Next Mark
[3.672s][info][gc,marking    ] GC(66) Concurrent Cleanup for Next Mark 1.387ms
[3.672s][info][gc            ] GC(66) Concurrent Cycle 13.666ms
[3.681s][info][gc,start      ] GC(67) Pause Young (Concurrent Start) (G1 Humongous Allocation)
[3.681s][info][gc,task       ] GC(67) Using 8 workers of 8 for evacuation
[3.682s][info][gc,phases     ] GC(67)   Pre Evacuate Collection Set: 0.1ms
[3.682s][info][gc,phases     ] GC(67)   Evacuate Collection Set: 0.9ms
[3.682s][info][gc,phases     ] GC(67)   Post Evacuate Collection Set: 0.2ms
[3.682s][info][gc,phases     ] GC(67)   Other: 0.2ms
[3.682s][info][gc,heap       ] GC(67) Eden regions: 4->0(398)
[3.682s][info][gc,heap       ] GC(67) Survivor regions: 1->1(51)
[3.682s][info][gc,heap       ] GC(67) Old regions: 25->25
[3.682s][info][gc,heap       ] GC(67) Humongous regions: 420->420
[3.682s][info][gc,metaspace  ] GC(67) Metaspace: 9753K->9753K(1058816K)
[3.682s][info][gc            ] GC(67) Pause Young (Concurrent Start) (G1 Humongous Allocation) 449M->445M(972M) 1.474ms
[3.682s][info][gc,cpu        ] GC(67) User=0.01s Sys=0.00s Real=0.01s
[3.682s][info][gc            ] GC(68) Concurrent Cycle
[3.682s][info][gc,marking    ] GC(68) Concurrent Clear Claimed Marks
[3.682s][info][gc,marking    ] GC(68) Concurrent Clear Claimed Marks 0.017ms
[3.682s][info][gc,marking    ] GC(68) Concurrent Scan Root Regions
[3.683s][info][gc,marking    ] GC(68) Concurrent Scan Root Regions 0.092ms
[3.683s][info][gc,marking    ] GC(68) Concurrent Mark (3.683s)
[3.683s][info][gc,marking    ] GC(68) Concurrent Mark From Roots
[3.683s][info][gc,task       ] GC(68) Using 2 workers of 2 for marking
[3.688s][info][gc,marking    ] GC(68) Concurrent Mark From Roots 5.289ms
[3.688s][info][gc,marking    ] GC(68) Concurrent Preclean
[3.688s][info][gc,marking    ] GC(68) Concurrent Preclean 0.083ms
[3.688s][info][gc,marking    ] GC(68) Concurrent Mark (3.683s, 3.688s) 5.477ms
[3.688s][info][gc,start      ] GC(68) Pause Remark
[3.690s][info][gc,stringtable] GC(68) Cleaned string and symbol table, strings: 4302 processed, 0 removed, symbols: 36588 processed, 0 removed
[3.690s][info][gc            ] GC(68) Pause Remark 448M->448M(972M) 1.554ms
[3.690s][info][gc,cpu        ] GC(68) User=0.01s Sys=0.00s Real=0.00s
[3.690s][info][gc,marking    ] GC(68) Concurrent Rebuild Remembered Sets
[3.694s][info][gc,marking    ] GC(68) Concurrent Rebuild Remembered Sets 4.314ms
[3.694s][info][gc,start      ] GC(68) Pause Cleanup
[3.694s][info][gc            ] GC(68) Pause Cleanup 449M->449M(972M) 0.138ms
[3.694s][info][gc,cpu        ] GC(68) User=0.00s Sys=0.00s Real=0.00s
[3.694s][info][gc,marking    ] GC(68) Concurrent Cleanup for Next Mark
[3.696s][info][gc,marking    ] GC(68) Concurrent Cleanup for Next Mark 1.261ms
[3.696s][info][gc            ] GC(68) Concurrent Cycle 13.315ms
[3.704s][info][gc,start      ] GC(69) Pause Young (Concurrent Start) (G1 Humongous Allocation)
[3.704s][info][gc,task       ] GC(69) Using 8 workers of 8 for evacuation
[3.705s][info][gc,phases     ] GC(69)   Pre Evacuate Collection Set: 0.1ms
[3.705s][info][gc,phases     ] GC(69)   Evacuate Collection Set: 0.7ms
[3.705s][info][gc,phases     ] GC(69)   Post Evacuate Collection Set: 0.1ms
[3.705s][info][gc,phases     ] GC(69)   Other: 0.2ms
[3.705s][info][gc,heap       ] GC(69) Eden regions: 4->0(396)
[3.705s][info][gc,heap       ] GC(69) Survivor regions: 1->1(50)
[3.705s][info][gc,heap       ] GC(69) Old regions: 25->25
[3.705s][info][gc,heap       ] GC(69) Humongous regions: 424->424
[3.705s][info][gc,metaspace  ] GC(69) Metaspace: 9754K->9754K(1058816K)
[3.705s][info][gc            ] GC(69) Pause Young (Concurrent Start) (G1 Humongous Allocation) 453M->449M(972M) 1.110ms
[3.705s][info][gc,cpu        ] GC(69) User=0.00s Sys=0.00s Real=0.00s
[3.705s][info][gc            ] GC(70) Concurrent Cycle
[3.705s][info][gc,marking    ] GC(70) Concurrent Clear Claimed Marks
[3.705s][info][gc,marking    ] GC(70) Concurrent Clear Claimed Marks 0.010ms
[3.705s][info][gc,marking    ] GC(70) Concurrent Scan Root Regions
[3.706s][info][gc,marking    ] GC(70) Concurrent Scan Root Regions 0.068ms
[3.706s][info][gc,marking    ] GC(70) Concurrent Mark (3.706s)
[3.706s][info][gc,marking    ] GC(70) Concurrent Mark From Roots
[3.706s][info][gc,task       ] GC(70) Using 2 workers of 2 for marking
[3.711s][info][gc,marking    ] GC(70) Concurrent Mark From Roots 5.099ms
[3.711s][info][gc,marking    ] GC(70) Concurrent Preclean
[3.711s][info][gc,marking    ] GC(70) Concurrent Preclean 0.069ms
[3.711s][info][gc,marking    ] GC(70) Concurrent Mark (3.706s, 3.711s) 5.221ms
[3.711s][info][gc,start      ] GC(70) Pause Remark
[3.712s][info][gc,stringtable] GC(70) Cleaned string and symbol table, strings: 4302 processed, 0 removed, symbols: 36588 processed, 0 removed
[3.712s][info][gc            ] GC(70) Pause Remark 452M->452M(972M) 1.482ms
[3.712s][info][gc,cpu        ] GC(70) User=0.00s Sys=0.00s Real=0.01s
[3.712s][info][gc,marking    ] GC(70) Concurrent Rebuild Remembered Sets
[3.717s][info][gc,marking    ] GC(70) Concurrent Rebuild Remembered Sets 4.369ms
[3.717s][info][gc,start      ] GC(70) Pause Cleanup
[3.717s][info][gc            ] GC(70) Pause Cleanup 453M->453M(972M) 0.120ms
[3.717s][info][gc,cpu        ] GC(70) User=0.00s Sys=0.00s Real=0.00s
[3.717s][info][gc,marking    ] GC(70) Concurrent Cleanup for Next Mark
[3.718s][info][gc,marking    ] GC(70) Concurrent Cleanup for Next Mark 1.269ms
[3.718s][info][gc            ] GC(70) Concurrent Cycle 12.941ms
[3.729s][info][gc,start      ] GC(71) Pause Young (Concurrent Start) (G1 Humongous Allocation)
[3.729s][info][gc,task       ] GC(71) Using 8 workers of 8 for evacuation
[3.730s][info][gc,phases     ] GC(71)   Pre Evacuate Collection Set: 0.2ms
[3.730s][info][gc,phases     ] GC(71)   Evacuate Collection Set: 1.0ms
[3.730s][info][gc,phases     ] GC(71)   Post Evacuate Collection Set: 0.1ms
[3.730s][info][gc,phases     ] GC(71)   Other: 0.2ms
[3.730s][info][gc,heap       ] GC(71) Eden regions: 4->0(393)
[3.730s][info][gc,heap       ] GC(71) Survivor regions: 1->1(50)
[3.730s][info][gc,heap       ] GC(71) Old regions: 25->25
[3.730s][info][gc,heap       ] GC(71) Humongous regions: 428->428
[3.730s][info][gc,metaspace  ] GC(71) Metaspace: 9754K->9754K(1058816K)
[3.731s][info][gc            ] GC(71) Pause Young (Concurrent Start) (G1 Humongous Allocation) 457M->453M(972M) 1.614ms
[3.731s][info][gc,cpu        ] GC(71) User=0.00s Sys=0.00s Real=0.00s
[3.731s][info][gc            ] GC(72) Concurrent Cycle
[3.731s][info][gc,marking    ] GC(72) Concurrent Clear Claimed Marks
[3.731s][info][gc,marking    ] GC(72) Concurrent Clear Claimed Marks 0.024ms
[3.731s][info][gc,marking    ] GC(72) Concurrent Scan Root Regions
[3.731s][info][gc,marking    ] GC(72) Concurrent Scan Root Regions 0.067ms
[3.731s][info][gc,marking    ] GC(72) Concurrent Mark (3.731s)
[3.731s][info][gc,marking    ] GC(72) Concurrent Mark From Roots
[3.731s][info][gc,task       ] GC(72) Using 2 workers of 2 for marking
[3.736s][info][gc,marking    ] GC(72) Concurrent Mark From Roots 5.395ms
[3.736s][info][gc,marking    ] GC(72) Concurrent Preclean
[3.736s][info][gc,marking    ] GC(72) Concurrent Preclean 0.074ms
[3.736s][info][gc,marking    ] GC(72) Concurrent Mark (3.731s, 3.736s) 5.523ms
[3.736s][info][gc,start      ] GC(72) Pause Remark
[3.738s][info][gc,stringtable] GC(72) Cleaned string and symbol table, strings: 4302 processed, 0 removed, symbols: 36588 processed, 0 removed
[3.738s][info][gc            ] GC(72) Pause Remark 456M->456M(972M) 1.437ms
[3.738s][info][gc,cpu        ] GC(72) User=0.01s Sys=0.00s Real=0.00s
[3.738s][info][gc,marking    ] GC(72) Concurrent Rebuild Remembered Sets
[3.742s][info][gc,marking    ] GC(72) Concurrent Rebuild Remembered Sets 4.367ms
[3.742s][info][gc,start      ] GC(72) Pause Cleanup
[3.742s][info][gc            ] GC(72) Pause Cleanup 457M->457M(972M) 0.131ms
[3.742s][info][gc,cpu        ] GC(72) User=0.00s Sys=0.01s Real=0.00s
[3.743s][info][gc,marking    ] GC(72) Concurrent Cleanup for Next Mark
[3.744s][info][gc,marking    ] GC(72) Concurrent Cleanup for Next Mark 1.254ms
[3.744s][info][gc            ] GC(72) Concurrent Cycle 13.250ms
[3.754s][info][gc,start      ] GC(73) Pause Young (Concurrent Start) (G1 Humongous Allocation)
[3.754s][info][gc,task       ] GC(73) Using 8 workers of 8 for evacuation
[3.755s][info][gc,phases     ] GC(73)   Pre Evacuate Collection Set: 0.1ms
[3.755s][info][gc,phases     ] GC(73)   Evacuate Collection Set: 1.0ms
[3.755s][info][gc,phases     ] GC(73)   Post Evacuate Collection Set: 0.1ms
[3.755s][info][gc,phases     ] GC(73)   Other: 0.3ms
[3.755s][info][gc,heap       ] GC(73) Eden regions: 4->0(389)
[3.755s][info][gc,heap       ] GC(73) Survivor regions: 1->1(50)
[3.755s][info][gc,heap       ] GC(73) Old regions: 25->25
[3.755s][info][gc,heap       ] GC(73) Humongous regions: 432->432
[3.755s][info][gc,metaspace  ] GC(73) Metaspace: 9754K->9754K(1058816K)
[3.755s][info][gc            ] GC(73) Pause Young (Concurrent Start) (G1 Humongous Allocation) 461M->457M(972M) 1.566ms
[3.755s][info][gc,cpu        ] GC(73) User=0.01s Sys=0.00s Real=0.00s
[3.756s][info][gc            ] GC(74) Concurrent Cycle
[3.756s][info][gc,marking    ] GC(74) Concurrent Clear Claimed Marks
[3.756s][info][gc,marking    ] GC(74) Concurrent Clear Claimed Marks 0.014ms
[3.756s][info][gc,marking    ] GC(74) Concurrent Scan Root Regions
[3.756s][info][gc,marking    ] GC(74) Concurrent Scan Root Regions 0.084ms
[3.756s][info][gc,marking    ] GC(74) Concurrent Mark (3.756s)
[3.756s][info][gc,marking    ] GC(74) Concurrent Mark From Roots
[3.756s][info][gc,task       ] GC(74) Using 2 workers of 2 for marking
[3.761s][info][gc,marking    ] GC(74) Concurrent Mark From Roots 5.205ms
[3.761s][info][gc,marking    ] GC(74) Concurrent Preclean
[3.761s][info][gc,marking    ] GC(74) Concurrent Preclean 0.085ms
[3.761s][info][gc,marking    ] GC(74) Concurrent Mark (3.756s, 3.761s) 5.399ms
[3.761s][info][gc,start      ] GC(74) Pause Remark
[3.763s][info][gc,stringtable] GC(74) Cleaned string and symbol table, strings: 4302 processed, 0 removed, symbols: 36588 processed, 0 removed
[3.763s][info][gc            ] GC(74) Pause Remark 460M->460M(972M) 1.687ms
[3.763s][info][gc,cpu        ] GC(74) User=0.00s Sys=0.00s Real=0.01s
[3.763s][info][gc,marking    ] GC(74) Concurrent Rebuild Remembered Sets
[3.768s][info][gc,marking    ] GC(74) Concurrent Rebuild Remembered Sets 4.504ms
[3.768s][info][gc,start      ] GC(74) Pause Cleanup
[3.768s][info][gc            ] GC(74) Pause Cleanup 461M->461M(972M) 0.163ms
[3.768s][info][gc,cpu        ] GC(74) User=0.00s Sys=0.00s Real=0.00s
[3.768s][info][gc,marking    ] GC(74) Concurrent Cleanup for Next Mark
[3.769s][info][gc,marking    ] GC(74) Concurrent Cleanup for Next Mark 1.281ms
[3.769s][info][gc            ] GC(74) Concurrent Cycle 13.713ms
[3.780s][info][gc,start      ] GC(75) Pause Young (Concurrent Start) (G1 Humongous Allocation)
[3.780s][info][gc,task       ] GC(75) Using 8 workers of 8 for evacuation
[3.781s][info][gc,phases     ] GC(75)   Pre Evacuate Collection Set: 0.1ms
[3.781s][info][gc,phases     ] GC(75)   Evacuate Collection Set: 1.0ms
[3.781s][info][gc,phases     ] GC(75)   Post Evacuate Collection Set: 0.2ms
[3.781s][info][gc,phases     ] GC(75)   Other: 0.2ms
[3.781s][info][gc,heap       ] GC(75) Eden regions: 4->0(384)
[3.781s][info][gc,heap       ] GC(75) Survivor regions: 1->1(49)
[3.781s][info][gc,heap       ] GC(75) Old regions: 25->25
[3.781s][info][gc,heap       ] GC(75) Humongous regions: 436->436
[3.781s][info][gc,metaspace  ] GC(75) Metaspace: 9754K->9754K(1058816K)
[3.781s][info][gc            ] GC(75) Pause Young (Concurrent Start) (G1 Humongous Allocation) 465M->461M(972M) 1.537ms
[3.781s][info][gc,cpu        ] GC(75) User=0.01s Sys=0.00s Real=0.00s
[3.781s][info][gc            ] GC(76) Concurrent Cycle
[3.781s][info][gc,marking    ] GC(76) Concurrent Clear Claimed Marks
[3.781s][info][gc,marking    ] GC(76) Concurrent Clear Claimed Marks 0.025ms
[3.781s][info][gc,marking    ] GC(76) Concurrent Scan Root Regions
[3.781s][info][gc,marking    ] GC(76) Concurrent Scan Root Regions 0.088ms
[3.781s][info][gc,marking    ] GC(76) Concurrent Mark (3.781s)
[3.781s][info][gc,marking    ] GC(76) Concurrent Mark From Roots
[3.782s][info][gc,task       ] GC(76) Using 2 workers of 2 for marking
[3.787s][info][gc,marking    ] GC(76) Concurrent Mark From Roots 5.476ms
[3.787s][info][gc,marking    ] GC(76) Concurrent Preclean
[3.787s][info][gc,marking    ] GC(76) Concurrent Preclean 0.074ms
[3.787s][info][gc,marking    ] GC(76) Concurrent Mark (3.781s, 3.787s) 5.676ms
[3.787s][info][gc,start      ] GC(76) Pause Remark
[3.789s][info][gc,stringtable] GC(76) Cleaned string and symbol table, strings: 4302 processed, 0 removed, symbols: 36588 processed, 0 removed
[3.789s][info][gc            ] GC(76) Pause Remark 464M->464M(972M) 1.628ms
[3.789s][info][gc,cpu        ] GC(76) User=0.01s Sys=0.00s Real=0.00s
[3.789s][info][gc,marking    ] GC(76) Concurrent Rebuild Remembered Sets
[3.794s][info][gc,marking    ] GC(76) Concurrent Rebuild Remembered Sets 4.725ms
[3.794s][info][gc,start      ] GC(76) Pause Cleanup
[3.794s][info][gc            ] GC(76) Pause Cleanup 465M->465M(972M) 0.144ms
[3.794s][info][gc,cpu        ] GC(76) User=0.00s Sys=0.00s Real=0.00s
[3.794s][info][gc,marking    ] GC(76) Concurrent Cleanup for Next Mark
[3.795s][info][gc,marking    ] GC(76) Concurrent Cleanup for Next Mark 1.268ms
[3.795s][info][gc            ] GC(76) Concurrent Cycle 14.146ms
[3.806s][info][gc,start      ] GC(77) Pause Young (Concurrent Start) (G1 Humongous Allocation)
[3.806s][info][gc,task       ] GC(77) Using 8 workers of 8 for evacuation
[3.807s][info][gc,phases     ] GC(77)   Pre Evacuate Collection Set: 0.1ms
[3.807s][info][gc,phases     ] GC(77)   Evacuate Collection Set: 1.0ms
[3.807s][info][gc,phases     ] GC(77)   Post Evacuate Collection Set: 0.1ms
[3.807s][info][gc,phases     ] GC(77)   Other: 0.2ms
[3.807s][info][gc,heap       ] GC(77) Eden regions: 4->0(380)
[3.807s][info][gc,heap       ] GC(77) Survivor regions: 1->1(49)
[3.807s][info][gc,heap       ] GC(77) Old regions: 25->25
[3.807s][info][gc,heap       ] GC(77) Humongous regions: 440->440
[3.807s][info][gc,metaspace  ] GC(77) Metaspace: 9754K->9754K(1058816K)
[3.807s][info][gc            ] GC(77) Pause Young (Concurrent Start) (G1 Humongous Allocation) 469M->465M(972M) 1.479ms
[3.807s][info][gc,cpu        ] GC(77) User=0.00s Sys=0.00s Real=0.00s
[3.807s][info][gc            ] GC(78) Concurrent Cycle
[3.807s][info][gc,marking    ] GC(78) Concurrent Clear Claimed Marks
[3.807s][info][gc,marking    ] GC(78) Concurrent Clear Claimed Marks 0.011ms
[3.807s][info][gc,marking    ] GC(78) Concurrent Scan Root Regions
[3.807s][info][gc,marking    ] GC(78) Concurrent Scan Root Regions 0.070ms
[3.807s][info][gc,marking    ] GC(78) Concurrent Mark (3.807s)
[3.807s][info][gc,marking    ] GC(78) Concurrent Mark From Roots
[3.807s][info][gc,task       ] GC(78) Using 2 workers of 2 for marking
[3.813s][info][gc,marking    ] GC(78) Concurrent Mark From Roots 5.252ms
[3.813s][info][gc,marking    ] GC(78) Concurrent Preclean
[3.813s][info][gc,marking    ] GC(78) Concurrent Preclean 0.092ms
[3.813s][info][gc,marking    ] GC(78) Concurrent Mark (3.807s, 3.813s) 5.417ms
[3.813s][info][gc,start      ] GC(78) Pause Remark
[3.814s][info][gc,stringtable] GC(78) Cleaned string and symbol table, strings: 4302 processed, 0 removed, symbols: 36588 processed, 0 removed
[3.814s][info][gc            ] GC(78) Pause Remark 468M->468M(972M) 1.550ms
[3.814s][info][gc,cpu        ] GC(78) User=0.01s Sys=0.00s Real=0.00s
[3.815s][info][gc,marking    ] GC(78) Concurrent Rebuild Remembered Sets
[3.819s][info][gc,marking    ] GC(78) Concurrent Rebuild Remembered Sets 4.299ms
[3.819s][info][gc,start      ] GC(78) Pause Cleanup
[3.819s][info][gc            ] GC(78) Pause Cleanup 469M->469M(972M) 0.134ms
[3.819s][info][gc,cpu        ] GC(78) User=0.00s Sys=0.00s Real=0.00s
[3.819s][info][gc,marking    ] GC(78) Concurrent Cleanup for Next Mark
[3.820s][info][gc,marking    ] GC(78) Concurrent Cleanup for Next Mark 1.217ms
[3.820s][info][gc            ] GC(78) Concurrent Cycle 13.126ms
[3.831s][info][gc,start      ] GC(79) Pause Young (Concurrent Start) (G1 Humongous Allocation)
[3.831s][info][gc,task       ] GC(79) Using 8 workers of 8 for evacuation
[3.832s][info][gc,phases     ] GC(79)   Pre Evacuate Collection Set: 0.1ms
[3.832s][info][gc,phases     ] GC(79)   Evacuate Collection Set: 0.8ms
[3.832s][info][gc,phases     ] GC(79)   Post Evacuate Collection Set: 0.1ms
[3.832s][info][gc,phases     ] GC(79)   Other: 0.2ms
[3.832s][info][gc,heap       ] GC(79) Eden regions: 4->0(376)
[3.832s][info][gc,heap       ] GC(79) Survivor regions: 1->1(48)
[3.832s][info][gc,heap       ] GC(79) Old regions: 25->25
[3.832s][info][gc,heap       ] GC(79) Humongous regions: 444->444
[3.832s][info][gc,metaspace  ] GC(79) Metaspace: 9754K->9754K(1058816K)
[3.832s][info][gc            ] GC(79) Pause Young (Concurrent Start) (G1 Humongous Allocation) 473M->469M(972M) 1.220ms
[3.832s][info][gc,cpu        ] GC(79) User=0.01s Sys=0.00s Real=0.01s
[3.832s][info][gc            ] GC(80) Concurrent Cycle
[3.832s][info][gc,marking    ] GC(80) Concurrent Clear Claimed Marks
[3.832s][info][gc,marking    ] GC(80) Concurrent Clear Claimed Marks 0.010ms
[3.832s][info][gc,marking    ] GC(80) Concurrent Scan Root Regions
[3.832s][info][gc,marking    ] GC(80) Concurrent Scan Root Regions 0.062ms
[3.832s][info][gc,marking    ] GC(80) Concurrent Mark (3.832s)
[3.832s][info][gc,marking    ] GC(80) Concurrent Mark From Roots
[3.832s][info][gc,task       ] GC(80) Using 2 workers of 2 for marking
[3.838s][info][gc,marking    ] GC(80) Concurrent Mark From Roots 5.829ms
[3.838s][info][gc,marking    ] GC(80) Concurrent Preclean
[3.838s][info][gc,marking    ] GC(80) Concurrent Preclean 0.096ms
[3.838s][info][gc,marking    ] GC(80) Concurrent Mark (3.832s, 3.838s) 5.986ms
[3.838s][info][gc,start      ] GC(80) Pause Remark
[3.840s][info][gc,stringtable] GC(80) Cleaned string and symbol table, strings: 4302 processed, 0 removed, symbols: 36588 processed, 0 removed
[3.840s][info][gc            ] GC(80) Pause Remark 472M->472M(972M) 1.682ms
[3.840s][info][gc,cpu        ] GC(80) User=0.00s Sys=0.00s Real=0.00s
[3.840s][info][gc,marking    ] GC(80) Concurrent Rebuild Remembered Sets
[3.847s][info][gc,marking    ] GC(80) Concurrent Rebuild Remembered Sets 7.266ms
[3.847s][info][gc,start      ] GC(80) Pause Cleanup
[3.847s][info][gc            ] GC(80) Pause Cleanup 475M->475M(972M) 0.216ms
[3.848s][info][gc,cpu        ] GC(80) User=0.00s Sys=0.00s Real=0.00s
[3.848s][info][gc,marking    ] GC(80) Concurrent Cleanup for Next Mark
[3.849s][info][gc,marking    ] GC(80) Concurrent Cleanup for Next Mark 1.676ms
[3.849s][info][gc            ] GC(80) Concurrent Cycle 17.370ms
[3.862s][info][gc,start      ] GC(81) Pause Young (Concurrent Start) (G1 Humongous Allocation)
[3.862s][info][gc,task       ] GC(81) Using 8 workers of 8 for evacuation
[3.864s][info][gc,phases     ] GC(81)   Pre Evacuate Collection Set: 0.1ms
[3.864s][info][gc,phases     ] GC(81)   Evacuate Collection Set: 1.6ms
[3.864s][info][gc,phases     ] GC(81)   Post Evacuate Collection Set: 0.2ms
[3.864s][info][gc,phases     ] GC(81)   Other: 0.3ms
[3.864s][info][gc,heap       ] GC(81) Eden regions: 4->0(372)
[3.864s][info][gc,heap       ] GC(81) Survivor regions: 1->1(48)
[3.864s][info][gc,heap       ] GC(81) Old regions: 25->25
[3.864s][info][gc,heap       ] GC(81) Humongous regions: 448->448
[3.864s][info][gc,metaspace  ] GC(81) Metaspace: 9754K->9754K(1058816K)
[3.864s][info][gc            ] GC(81) Pause Young (Concurrent Start) (G1 Humongous Allocation) 477M->473M(972M) 2.572ms
[3.864s][info][gc,cpu        ] GC(81) User=0.00s Sys=0.00s Real=0.00s
[3.864s][info][gc            ] GC(82) Concurrent Cycle
[3.864s][info][gc,marking    ] GC(82) Concurrent Clear Claimed Marks
[3.864s][info][gc,marking    ] GC(82) Concurrent Clear Claimed Marks 0.018ms
[3.864s][info][gc,marking    ] GC(82) Concurrent Scan Root Regions
[3.864s][info][gc,marking    ] GC(82) Concurrent Scan Root Regions 0.096ms
[3.864s][info][gc,marking    ] GC(82) Concurrent Mark (3.864s)
[3.864s][info][gc,marking    ] GC(82) Concurrent Mark From Roots
[3.864s][info][gc,task       ] GC(82) Using 2 workers of 2 for marking
[3.872s][info][gc,marking    ] GC(82) Concurrent Mark From Roots 7.990ms
[3.873s][info][gc,marking    ] GC(82) Concurrent Preclean
[3.873s][info][gc,marking    ] GC(82) Concurrent Preclean 0.117ms
[3.873s][info][gc,marking    ] GC(82) Concurrent Mark (3.864s, 3.873s) 8.194ms
[3.873s][info][gc,start      ] GC(82) Pause Remark
[3.875s][info][gc,stringtable] GC(82) Cleaned string and symbol table, strings: 4302 processed, 0 removed, symbols: 36588 processed, 0 removed
[3.875s][info][gc            ] GC(82) Pause Remark 476M->476M(972M) 2.316ms
[3.875s][info][gc,cpu        ] GC(82) User=0.00s Sys=0.00s Real=0.00s
[3.875s][info][gc,marking    ] GC(82) Concurrent Rebuild Remembered Sets
[3.883s][info][gc,marking    ] GC(82) Concurrent Rebuild Remembered Sets 7.375ms
[3.883s][info][gc,start      ] GC(82) Pause Cleanup
[3.883s][info][gc            ] GC(82) Pause Cleanup 477M->477M(972M) 0.161ms
[3.883s][info][gc,cpu        ] GC(82) User=0.00s Sys=0.00s Real=0.00s
[3.883s][info][gc,marking    ] GC(82) Concurrent Cleanup for Next Mark
[3.884s][info][gc,marking    ] GC(82) Concurrent Cleanup for Next Mark 1.459ms
[3.884s][info][gc            ] GC(82) Concurrent Cycle 20.064ms
[3.900s][info][gc,start      ] GC(83) Pause Young (Concurrent Start) (G1 Humongous Allocation)
[3.900s][info][gc,task       ] GC(83) Using 8 workers of 8 for evacuation
[3.902s][info][gc,phases     ] GC(83)   Pre Evacuate Collection Set: 0.1ms
[3.902s][info][gc,phases     ] GC(83)   Evacuate Collection Set: 1.3ms
[3.902s][info][gc,phases     ] GC(83)   Post Evacuate Collection Set: 0.1ms
[3.902s][info][gc,phases     ] GC(83)   Other: 0.2ms
[3.902s][info][gc,heap       ] GC(83) Eden regions: 4->0(368)
[3.902s][info][gc,heap       ] GC(83) Survivor regions: 1->1(47)
[3.902s][info][gc,heap       ] GC(83) Old regions: 25->25
[3.902s][info][gc,heap       ] GC(83) Humongous regions: 452->452
[3.902s][info][gc,metaspace  ] GC(83) Metaspace: 9754K->9754K(1058816K)
[3.902s][info][gc            ] GC(83) Pause Young (Concurrent Start) (G1 Humongous Allocation) 481M->477M(972M) 1.917ms
[3.902s][info][gc,cpu        ] GC(83) User=0.00s Sys=0.00s Real=0.01s
[3.902s][info][gc            ] GC(84) Concurrent Cycle
[3.902s][info][gc,marking    ] GC(84) Concurrent Clear Claimed Marks
[3.902s][info][gc,marking    ] GC(84) Concurrent Clear Claimed Marks 0.017ms
[3.902s][info][gc,marking    ] GC(84) Concurrent Scan Root Regions
[3.902s][info][gc,marking    ] GC(84) Concurrent Scan Root Regions 0.117ms
[3.902s][info][gc,marking    ] GC(84) Concurrent Mark (3.902s)
[3.902s][info][gc,marking    ] GC(84) Concurrent Mark From Roots
[3.902s][info][gc,task       ] GC(84) Using 2 workers of 2 for marking
[3.910s][info][gc,marking    ] GC(84) Concurrent Mark From Roots 7.551ms
[3.910s][info][gc,marking    ] GC(84) Concurrent Preclean
[3.910s][info][gc,marking    ] GC(84) Concurrent Preclean 0.203ms
[3.910s][info][gc,marking    ] GC(84) Concurrent Mark (3.902s, 3.910s) 7.945ms
[3.910s][info][gc,start      ] GC(84) Pause Remark
[3.912s][info][gc,stringtable] GC(84) Cleaned string and symbol table, strings: 4302 processed, 0 removed, symbols: 36588 processed, 0 removed
[3.912s][info][gc            ] GC(84) Pause Remark 480M->480M(972M) 1.523ms
[3.912s][info][gc,cpu        ] GC(84) User=0.00s Sys=0.00s Real=0.01s
[3.912s][info][gc,marking    ] GC(84) Concurrent Rebuild Remembered Sets
[3.919s][info][gc,marking    ] GC(84) Concurrent Rebuild Remembered Sets 6.615ms
[3.919s][info][gc,start      ] GC(84) Pause Cleanup
[3.919s][info][gc            ] GC(84) Pause Cleanup 481M->481M(972M) 0.171ms
[3.919s][info][gc,cpu        ] GC(84) User=0.00s Sys=0.00s Real=0.00s
[3.919s][info][gc,marking    ] GC(84) Concurrent Cleanup for Next Mark
[3.921s][info][gc,marking    ] GC(84) Concurrent Cleanup for Next Mark 1.566ms
[3.921s][info][gc            ] GC(84) Concurrent Cycle 18.606ms
[3.936s][info][gc,start      ] GC(85) Pause Young (Concurrent Start) (G1 Humongous Allocation)
[3.936s][info][gc,task       ] GC(85) Using 8 workers of 8 for evacuation
[3.938s][info][gc,phases     ] GC(85)   Pre Evacuate Collection Set: 0.2ms
[3.938s][info][gc,phases     ] GC(85)   Evacuate Collection Set: 1.1ms
[3.938s][info][gc,phases     ] GC(85)   Post Evacuate Collection Set: 0.2ms
[3.938s][info][gc,phases     ] GC(85)   Other: 0.2ms
[3.938s][info][gc,heap       ] GC(85) Eden regions: 4->0(366)
[3.938s][info][gc,heap       ] GC(85) Survivor regions: 1->1(47)
[3.938s][info][gc,heap       ] GC(85) Old regions: 25->25
[3.938s][info][gc,heap       ] GC(85) Humongous regions: 456->456
[3.938s][info][gc,metaspace  ] GC(85) Metaspace: 9754K->9754K(1058816K)
[3.938s][info][gc            ] GC(85) Pause Young (Concurrent Start) (G1 Humongous Allocation) 485M->481M(972M) 1.957ms
[3.938s][info][gc,cpu        ] GC(85) User=0.00s Sys=0.00s Real=0.00s
[3.938s][info][gc            ] GC(86) Concurrent Cycle
[3.938s][info][gc,marking    ] GC(86) Concurrent Clear Claimed Marks
[3.938s][info][gc,marking    ] GC(86) Concurrent Clear Claimed Marks 0.070ms
[3.938s][info][gc,marking    ] GC(86) Concurrent Scan Root Regions
[3.938s][info][gc,marking    ] GC(86) Concurrent Scan Root Regions 0.137ms
[3.938s][info][gc,marking    ] GC(86) Concurrent Mark (3.938s)
[3.938s][info][gc,marking    ] GC(86) Concurrent Mark From Roots
[3.938s][info][gc,task       ] GC(86) Using 2 workers of 2 for marking
[3.946s][info][gc,marking    ] GC(86) Concurrent Mark From Roots 8.000ms
[3.946s][info][gc,marking    ] GC(86) Concurrent Preclean
[3.946s][info][gc,marking    ] GC(86) Concurrent Preclean 0.108ms
[3.946s][info][gc,marking    ] GC(86) Concurrent Mark (3.938s, 3.946s) 8.188ms
[3.947s][info][gc,start      ] GC(86) Pause Remark
[3.948s][info][gc,stringtable] GC(86) Cleaned string and symbol table, strings: 4302 processed, 0 removed, symbols: 36588 processed, 0 removed
[3.948s][info][gc            ] GC(86) Pause Remark 484M->484M(972M) 1.664ms
[3.948s][info][gc,cpu        ] GC(86) User=0.01s Sys=0.00s Real=0.00s
[3.948s][info][gc,marking    ] GC(86) Concurrent Rebuild Remembered Sets
[3.956s][info][gc,marking    ] GC(86) Concurrent Rebuild Remembered Sets 7.644ms
[3.956s][info][gc,start      ] GC(86) Pause Cleanup
[3.956s][info][gc            ] GC(86) Pause Cleanup 485M->485M(972M) 0.208ms
[3.956s][info][gc,cpu        ] GC(86) User=0.00s Sys=0.00s Real=0.00s
[3.956s][info][gc,marking    ] GC(86) Concurrent Cleanup for Next Mark
[3.958s][info][gc,marking    ] GC(86) Concurrent Cleanup for Next Mark 1.561ms
[3.958s][info][gc            ] GC(86) Concurrent Cycle 20.044ms
[3.969s][info][gc,start      ] GC(87) Pause Young (Concurrent Start) (G1 Humongous Allocation)
[3.969s][info][gc,task       ] GC(87) Using 8 workers of 8 for evacuation
[3.971s][info][gc,phases     ] GC(87)   Pre Evacuate Collection Set: 0.1ms
[3.971s][info][gc,phases     ] GC(87)   Evacuate Collection Set: 1.0ms
[3.971s][info][gc,phases     ] GC(87)   Post Evacuate Collection Set: 0.1ms
[3.971s][info][gc,phases     ] GC(87)   Other: 0.2ms
[3.971s][info][gc,heap       ] GC(87) Eden regions: 4->0(362)
[3.971s][info][gc,heap       ] GC(87) Survivor regions: 1->1(46)
[3.971s][info][gc,heap       ] GC(87) Old regions: 25->26
[3.971s][info][gc,heap       ] GC(87) Humongous regions: 460->460
[3.971s][info][gc,metaspace  ] GC(87) Metaspace: 9754K->9754K(1058816K)
[3.971s][info][gc            ] GC(87) Pause Young (Concurrent Start) (G1 Humongous Allocation) 489M->485M(972M) 1.474ms
[3.971s][info][gc,cpu        ] GC(87) User=0.00s Sys=0.00s Real=0.00s
[3.971s][info][gc            ] GC(88) Concurrent Cycle
[3.971s][info][gc,marking    ] GC(88) Concurrent Clear Claimed Marks
[3.971s][info][gc,marking    ] GC(88) Concurrent Clear Claimed Marks 0.020ms
[3.971s][info][gc,marking    ] GC(88) Concurrent Scan Root Regions
[3.971s][info][gc,marking    ] GC(88) Concurrent Scan Root Regions 0.094ms
[3.971s][info][gc,marking    ] GC(88) Concurrent Mark (3.971s)
[3.971s][info][gc,marking    ] GC(88) Concurrent Mark From Roots
[3.971s][info][gc,task       ] GC(88) Using 2 workers of 2 for marking
[3.977s][info][gc,marking    ] GC(88) Concurrent Mark From Roots 6.133ms
[3.977s][info][gc,marking    ] GC(88) Concurrent Preclean
[3.977s][info][gc,marking    ] GC(88) Concurrent Preclean 0.084ms
[3.977s][info][gc,marking    ] GC(88) Concurrent Mark (3.971s, 3.977s) 6.277ms
[3.977s][info][gc,start      ] GC(88) Pause Remark
[3.979s][info][gc,stringtable] GC(88) Cleaned string and symbol table, strings: 4302 processed, 0 removed, symbols: 36588 processed, 0 removed
[3.979s][info][gc            ] GC(88) Pause Remark 488M->488M(972M) 1.572ms
[3.979s][info][gc,cpu        ] GC(88) User=0.01s Sys=0.00s Real=0.00s
[3.979s][info][gc,marking    ] GC(88) Concurrent Rebuild Remembered Sets
[3.984s][info][gc,marking    ] GC(88) Concurrent Rebuild Remembered Sets 4.775ms
[3.984s][info][gc,start      ] GC(88) Pause Cleanup
[3.984s][info][gc            ] GC(88) Pause Cleanup 489M->489M(972M) 0.156ms
[3.984s][info][gc,cpu        ] GC(88) User=0.00s Sys=0.00s Real=0.00s
[3.984s][info][gc,marking    ] GC(88) Concurrent Cleanup for Next Mark
[3.986s][info][gc,marking    ] GC(88) Concurrent Cleanup for Next Mark 1.351ms
[3.986s][info][gc            ] GC(88) Concurrent Cycle 14.655ms
[3.986s][info][gc,start      ] GC(89) Pause Young (Concurrent Start) (G1 Humongous Allocation)
[3.986s][info][gc,task       ] GC(89) Using 8 workers of 8 for evacuation
[3.988s][info][gc,phases     ] GC(89)   Pre Evacuate Collection Set: 0.1ms
[3.988s][info][gc,phases     ] GC(89)   Evacuate Collection Set: 1.0ms
[3.988s][info][gc,phases     ] GC(89)   Post Evacuate Collection Set: 0.1ms
[3.988s][info][gc,phases     ] GC(89)   Other: 0.1ms
[3.988s][info][gc,heap       ] GC(89) Eden regions: 2->0(360)
[3.988s][info][gc,heap       ] GC(89) Survivor regions: 1->1(46)
[3.988s][info][gc,heap       ] GC(89) Old regions: 26->26
[3.988s][info][gc,heap       ] GC(89) Humongous regions: 462->462
[3.988s][info][gc,metaspace  ] GC(89) Metaspace: 9754K->9754K(1058816K)
[3.988s][info][gc            ] GC(89) Pause Young (Concurrent Start) (G1 Humongous Allocation) 489M->487M(972M) 1.399ms
[3.988s][info][gc,cpu        ] GC(89) User=0.00s Sys=0.00s Real=0.00s
[3.988s][info][gc            ] GC(90) Concurrent Cycle
[3.988s][info][gc,marking    ] GC(90) Concurrent Clear Claimed Marks
[3.988s][info][gc,marking    ] GC(90) Concurrent Clear Claimed Marks 0.015ms
[3.988s][info][gc,marking    ] GC(90) Concurrent Scan Root Regions
[3.988s][info][gc,marking    ] GC(90) Concurrent Scan Root Regions 0.085ms
[3.988s][info][gc,marking    ] GC(90) Concurrent Mark (3.988s)
[3.988s][info][gc,marking    ] GC(90) Concurrent Mark From Roots
[3.988s][info][gc,task       ] GC(90) Using 2 workers of 2 for marking
[3.994s][info][gc,marking    ] GC(90) Concurrent Mark From Roots 6.154ms
[3.994s][info][gc,marking    ] GC(90) Concurrent Preclean
[3.994s][info][gc,marking    ] GC(90) Concurrent Preclean 0.087ms
[3.994s][info][gc,marking    ] GC(90) Concurrent Mark (3.988s, 3.994s) 6.305ms
[3.995s][info][gc,start      ] GC(90) Pause Remark
[3.996s][info][gc,stringtable] GC(90) Cleaned string and symbol table, strings: 4302 processed, 0 removed, symbols: 36588 processed, 0 removed
[3.996s][info][gc            ] GC(90) Pause Remark 490M->490M(972M) 1.428ms
[3.996s][info][gc,cpu        ] GC(90) User=0.01s Sys=0.00s Real=0.00s
[3.996s][info][gc,marking    ] GC(90) Concurrent Rebuild Remembered Sets
[4.001s][info][gc,marking    ] GC(90) Concurrent Rebuild Remembered Sets 5.479ms
[4.002s][info][gc,start      ] GC(90) Pause Cleanup
[4.002s][info][gc            ] GC(90) Pause Cleanup 491M->491M(972M) 0.152ms
[4.002s][info][gc,cpu        ] GC(90) User=0.00s Sys=0.00s Real=0.00s
[4.002s][info][gc,marking    ] GC(90) Concurrent Cleanup for Next Mark
[4.003s][info][gc,marking    ] GC(90) Concurrent Cleanup for Next Mark 1.233ms
[4.003s][info][gc            ] GC(90) Concurrent Cycle 15.149ms
[4.014s][info][gc,start      ] GC(91) Pause Young (Concurrent Start) (G1 Humongous Allocation)
[4.014s][info][gc,task       ] GC(91) Using 8 workers of 8 for evacuation
[4.016s][info][gc,phases     ] GC(91)   Pre Evacuate Collection Set: 0.1ms
[4.016s][info][gc,phases     ] GC(91)   Evacuate Collection Set: 1.1ms
[4.016s][info][gc,phases     ] GC(91)   Post Evacuate Collection Set: 1.0ms
[4.016s][info][gc,phases     ] GC(91)   Other: 0.2ms
[4.016s][info][gc,heap       ] GC(91) Eden regions: 4->0(463)
[4.016s][info][gc,heap       ] GC(91) Survivor regions: 1->1(46)
[4.016s][info][gc,heap       ] GC(91) Old regions: 26->26
[4.016s][info][gc,heap       ] GC(91) Humongous regions: 466->466
[4.016s][info][gc,metaspace  ] GC(91) Metaspace: 9754K->9754K(1058816K)
[4.016s][info][gc            ] GC(91) Pause Young (Concurrent Start) (G1 Humongous Allocation) 495M->491M(1097M) 2.499ms
[4.016s][info][gc,cpu        ] GC(91) User=0.00s Sys=0.00s Real=0.00s
[4.016s][info][gc            ] GC(92) Concurrent Cycle
[4.016s][info][gc,marking    ] GC(92) Concurrent Clear Claimed Marks
[4.016s][info][gc,marking    ] GC(92) Concurrent Clear Claimed Marks 0.047ms
[4.016s][info][gc,marking    ] GC(92) Concurrent Scan Root Regions
[4.016s][info][gc,marking    ] GC(92) Concurrent Scan Root Regions 0.070ms
[4.016s][info][gc,marking    ] GC(92) Concurrent Mark (4.016s)
[4.016s][info][gc,marking    ] GC(92) Concurrent Mark From Roots
[4.016s][info][gc,task       ] GC(92) Using 2 workers of 2 for marking
[4.021s][info][gc,marking    ] GC(92) Concurrent Mark From Roots 5.083ms
[4.021s][info][gc,marking    ] GC(92) Concurrent Preclean
[4.022s][info][gc,marking    ] GC(92) Concurrent Preclean 0.076ms
[4.022s][info][gc,marking    ] GC(92) Concurrent Mark (4.016s, 4.022s) 5.215ms
[4.022s][info][gc,start      ] GC(92) Pause Remark
[4.023s][info][gc,stringtable] GC(92) Cleaned string and symbol table, strings: 4302 processed, 0 removed, symbols: 36588 processed, 0 removed
[4.023s][info][gc            ] GC(92) Pause Remark 494M->494M(1097M) 1.498ms
[4.023s][info][gc,cpu        ] GC(92) User=0.00s Sys=0.00s Real=0.00s
[4.023s][info][gc,marking    ] GC(92) Concurrent Rebuild Remembered Sets
[4.028s][info][gc,marking    ] GC(92) Concurrent Rebuild Remembered Sets 4.354ms
[4.028s][info][gc,start      ] GC(92) Pause Cleanup
[4.028s][info][gc            ] GC(92) Pause Cleanup 495M->495M(1097M) 0.145ms
[4.028s][info][gc,cpu        ] GC(92) User=0.00s Sys=0.00s Real=0.00s
[4.028s][info][gc,marking    ] GC(92) Concurrent Cleanup for Next Mark
[4.030s][info][gc,marking    ] GC(92) Concurrent Cleanup for Next Mark 1.794ms
[4.030s][info][gc            ] GC(92) Concurrent Cycle 13.538ms
[4.030s][info][gc,start      ] GC(93) Pause Young (Concurrent Start) (G1 Humongous Allocation)
[4.030s][info][gc,task       ] GC(93) Using 8 workers of 8 for evacuation
[4.031s][info][gc,phases     ] GC(93)   Pre Evacuate Collection Set: 0.1ms
[4.031s][info][gc,phases     ] GC(93)   Evacuate Collection Set: 0.7ms
[4.031s][info][gc,phases     ] GC(93)   Post Evacuate Collection Set: 0.1ms
[4.031s][info][gc,phases     ] GC(93)   Other: 0.1ms
[4.031s][info][gc,heap       ] GC(93) Eden regions: 2->0(461)
[4.031s][info][gc,heap       ] GC(93) Survivor regions: 1->1(58)
[4.031s][info][gc,heap       ] GC(93) Old regions: 26->26
[4.031s][info][gc,heap       ] GC(93) Humongous regions: 468->468
[4.031s][info][gc,metaspace  ] GC(93) Metaspace: 9754K->9754K(1058816K)
[4.031s][info][gc            ] GC(93) Pause Young (Concurrent Start) (G1 Humongous Allocation) 495M->493M(1097M) 1.171ms
[4.031s][info][gc,cpu        ] GC(93) User=0.01s Sys=0.00s Real=0.01s
[4.031s][info][gc            ] GC(94) Concurrent Cycle
[4.031s][info][gc,marking    ] GC(94) Concurrent Clear Claimed Marks
[4.031s][info][gc,marking    ] GC(94) Concurrent Clear Claimed Marks 0.011ms
[4.031s][info][gc,marking    ] GC(94) Concurrent Scan Root Regions
[4.031s][info][gc,marking    ] GC(94) Concurrent Scan Root Regions 0.052ms
[4.031s][info][gc,marking    ] GC(94) Concurrent Mark (4.031s)
[4.031s][info][gc,marking    ] GC(94) Concurrent Mark From Roots
[4.031s][info][gc,task       ] GC(94) Using 2 workers of 2 for marking
[4.037s][info][gc,marking    ] GC(94) Concurrent Mark From Roots 5.261ms
[4.037s][info][gc,marking    ] GC(94) Concurrent Preclean
[4.037s][info][gc,marking    ] GC(94) Concurrent Preclean 0.074ms
[4.037s][info][gc,marking    ] GC(94) Concurrent Mark (4.031s, 4.037s) 5.388ms
[4.037s][info][gc,start      ] GC(94) Pause Remark
[4.038s][info][gc,stringtable] GC(94) Cleaned string and symbol table, strings: 4302 processed, 0 removed, symbols: 36588 processed, 0 removed
[4.038s][info][gc            ] GC(94) Pause Remark 496M->496M(1097M) 1.473ms
[4.038s][info][gc,cpu        ] GC(94) User=0.01s Sys=0.00s Real=0.00s
[4.038s][info][gc,marking    ] GC(94) Concurrent Rebuild Remembered Sets
[4.043s][info][gc,marking    ] GC(94) Concurrent Rebuild Remembered Sets 4.394ms
[4.043s][info][gc,start      ] GC(94) Pause Cleanup
[4.043s][info][gc            ] GC(94) Pause Cleanup 497M->497M(1097M) 0.144ms
[4.043s][info][gc,cpu        ] GC(94) User=0.00s Sys=0.00s Real=0.00s
[4.043s][info][gc,marking    ] GC(94) Concurrent Cleanup for Next Mark
[4.045s][info][gc,marking    ] GC(94) Concurrent Cleanup for Next Mark 2.079ms
[4.045s][info][gc            ] GC(94) Concurrent Cycle 13.972ms
[4.059s][info][gc,start      ] GC(95) Pause Young (Concurrent Start) (G1 Humongous Allocation)
[4.059s][info][gc,task       ] GC(95) Using 8 workers of 8 for evacuation
[4.061s][info][gc,phases     ] GC(95)   Pre Evacuate Collection Set: 0.2ms
[4.061s][info][gc,phases     ] GC(95)   Evacuate Collection Set: 1.2ms
[4.061s][info][gc,phases     ] GC(95)   Post Evacuate Collection Set: 0.1ms
[4.061s][info][gc,phases     ] GC(95)   Other: 0.2ms
[4.061s][info][gc,heap       ] GC(95) Eden regions: 4->0(460)
[4.061s][info][gc,heap       ] GC(95) Survivor regions: 1->1(58)
[4.061s][info][gc,heap       ] GC(95) Old regions: 26->26
[4.061s][info][gc,heap       ] GC(95) Humongous regions: 472->472
[4.061s][info][gc,metaspace  ] GC(95) Metaspace: 9754K->9754K(1058816K)
[4.061s][info][gc            ] GC(95) Pause Young (Concurrent Start) (G1 Humongous Allocation) 501M->497M(1097M) 1.885ms
[4.061s][info][gc,cpu        ] GC(95) User=0.01s Sys=0.00s Real=0.00s
[4.061s][info][gc            ] GC(96) Concurrent Cycle
[4.061s][info][gc,marking    ] GC(96) Concurrent Clear Claimed Marks
[4.061s][info][gc,marking    ] GC(96) Concurrent Clear Claimed Marks 0.019ms
[4.061s][info][gc,marking    ] GC(96) Concurrent Scan Root Regions
[4.061s][info][gc,marking    ] GC(96) Concurrent Scan Root Regions 0.118ms
[4.061s][info][gc,marking    ] GC(96) Concurrent Mark (4.061s)
[4.061s][info][gc,marking    ] GC(96) Concurrent Mark From Roots
[4.061s][info][gc,task       ] GC(96) Using 2 workers of 2 for marking
[4.069s][info][gc,marking    ] GC(96) Concurrent Mark From Roots 8.017ms
[4.069s][info][gc,marking    ] GC(96) Concurrent Preclean
[4.070s][info][gc,marking    ] GC(96) Concurrent Preclean 0.207ms
[4.070s][info][gc,marking    ] GC(96) Concurrent Mark (4.061s, 4.070s) 8.365ms
[4.070s][info][gc,start      ] GC(96) Pause Remark
[4.071s][info][gc,stringtable] GC(96) Cleaned string and symbol table, strings: 4306 processed, 0 removed, symbols: 36588 processed, 0 removed
[4.072s][info][gc            ] GC(96) Pause Remark 500M->500M(1097M) 1.987ms
[4.072s][info][gc,cpu        ] GC(96) User=0.01s Sys=0.01s Real=0.01s
[4.072s][info][gc,marking    ] GC(96) Concurrent Rebuild Remembered Sets
[4.078s][info][gc,marking    ] GC(96) Concurrent Rebuild Remembered Sets 6.224ms
[4.078s][info][gc,start      ] GC(96) Pause Cleanup
[4.078s][info][gc            ] GC(96) Pause Cleanup 503M->503M(1097M) 0.169ms
[4.079s][info][gc,cpu        ] GC(96) User=0.00s Sys=0.00s Real=0.00s
[4.079s][info][gc,marking    ] GC(96) Concurrent Cleanup for Next Mark
[4.080s][info][gc,marking    ] GC(96) Concurrent Cleanup for Next Mark 1.739ms
[4.080s][info][gc            ] GC(96) Concurrent Cycle 19.317ms
[4.093s][info][gc,start      ] GC(97) Pause Young (Concurrent Start) (G1 Humongous Allocation)
[4.093s][info][gc,task       ] GC(97) Using 8 workers of 8 for evacuation
[4.095s][info][gc,phases     ] GC(97)   Pre Evacuate Collection Set: 0.1ms
[4.095s][info][gc,phases     ] GC(97)   Evacuate Collection Set: 1.0ms
[4.095s][info][gc,phases     ] GC(97)   Post Evacuate Collection Set: 0.1ms
[4.095s][info][gc,phases     ] GC(97)   Other: 0.2ms
[4.095s][info][gc,heap       ] GC(97) Eden regions: 4->0(459)
[4.095s][info][gc,heap       ] GC(97) Survivor regions: 1->1(58)
[4.095s][info][gc,heap       ] GC(97) Old regions: 26->26
[4.095s][info][gc,heap       ] GC(97) Humongous regions: 476->476
[4.095s][info][gc,metaspace  ] GC(97) Metaspace: 9754K->9754K(1058816K)
[4.095s][info][gc            ] GC(97) Pause Young (Concurrent Start) (G1 Humongous Allocation) 505M->501M(1097M) 1.576ms
[4.095s][info][gc,cpu        ] GC(97) User=0.00s Sys=0.00s Real=0.00s
[4.095s][info][gc            ] GC(98) Concurrent Cycle
[4.095s][info][gc,marking    ] GC(98) Concurrent Clear Claimed Marks
[4.095s][info][gc,marking    ] GC(98) Concurrent Clear Claimed Marks 0.030ms
[4.095s][info][gc,marking    ] GC(98) Concurrent Scan Root Regions
[4.095s][info][gc,marking    ] GC(98) Concurrent Scan Root Regions 0.145ms
[4.095s][info][gc,marking    ] GC(98) Concurrent Mark (4.095s)
[4.095s][info][gc,marking    ] GC(98) Concurrent Mark From Roots
[4.095s][info][gc,task       ] GC(98) Using 2 workers of 2 for marking
[4.103s][info][gc,marking    ] GC(98) Concurrent Mark From Roots 7.696ms
[4.103s][info][gc,marking    ] GC(98) Concurrent Preclean
[4.103s][info][gc,marking    ] GC(98) Concurrent Preclean 0.087ms
[4.103s][info][gc,marking    ] GC(98) Concurrent Mark (4.095s, 4.103s) 7.869ms
[4.103s][info][gc,start      ] GC(98) Pause Remark
[4.105s][info][gc,stringtable] GC(98) Cleaned string and symbol table, strings: 4306 processed, 0 removed, symbols: 36588 processed, 0 removed
[4.105s][info][gc            ] GC(98) Pause Remark 504M->504M(1097M) 1.560ms
[4.105s][info][gc,cpu        ] GC(98) User=0.00s Sys=0.00s Real=0.00s
[4.105s][info][gc,marking    ] GC(98) Concurrent Rebuild Remembered Sets
[4.111s][info][gc,marking    ] GC(98) Concurrent Rebuild Remembered Sets 6.052ms
[4.111s][info][gc,start      ] GC(98) Pause Cleanup
[4.111s][info][gc            ] GC(98) Pause Cleanup 507M->507M(1097M) 0.182ms
[4.112s][info][gc,cpu        ] GC(98) User=0.00s Sys=0.00s Real=0.00s
[4.112s][info][gc,marking    ] GC(98) Concurrent Cleanup for Next Mark
[4.114s][info][gc,marking    ] GC(98) Concurrent Cleanup for Next Mark 2.258ms
[4.114s][info][gc            ] GC(98) Concurrent Cycle 18.808ms
[4.127s][info][gc,start      ] GC(99) Pause Young (Concurrent Start) (G1 Humongous Allocation)
[4.127s][info][gc,task       ] GC(99) Using 8 workers of 8 for evacuation
[4.128s][info][gc,phases     ] GC(99)   Pre Evacuate Collection Set: 0.1ms
[4.128s][info][gc,phases     ] GC(99)   Evacuate Collection Set: 1.2ms
[4.128s][info][gc,phases     ] GC(99)   Post Evacuate Collection Set: 0.1ms
[4.128s][info][gc,phases     ] GC(99)   Other: 0.2ms
[4.128s][info][gc,heap       ] GC(99) Eden regions: 4->0(458)
[4.128s][info][gc,heap       ] GC(99) Survivor regions: 1->1(58)
[4.128s][info][gc,heap       ] GC(99) Old regions: 26->26
[4.128s][info][gc,heap       ] GC(99) Humongous regions: 480->480
[4.128s][info][gc,metaspace  ] GC(99) Metaspace: 9754K->9754K(1058816K)
[4.128s][info][gc            ] GC(99) Pause Young (Concurrent Start) (G1 Humongous Allocation) 509M->505M(1097M) 1.772ms
[4.128s][info][gc,cpu        ] GC(99) User=0.00s Sys=0.00s Real=0.00s
[4.129s][info][gc            ] GC(100) Concurrent Cycle
[4.129s][info][gc,marking    ] GC(100) Concurrent Clear Claimed Marks
[4.129s][info][gc,marking    ] GC(100) Concurrent Clear Claimed Marks 0.135ms
[4.129s][info][gc,marking    ] GC(100) Concurrent Scan Root Regions
[4.129s][info][gc,marking    ] GC(100) Concurrent Scan Root Regions 0.124ms
[4.129s][info][gc,marking    ] GC(100) Concurrent Mark (4.129s)
[4.129s][info][gc,marking    ] GC(100) Concurrent Mark From Roots
[4.129s][info][gc,task       ] GC(100) Using 2 workers of 2 for marking
[4.137s][info][gc,marking    ] GC(100) Concurrent Mark From Roots 7.599ms
[4.137s][info][gc,marking    ] GC(100) Concurrent Preclean
[4.137s][info][gc,marking    ] GC(100) Concurrent Preclean 0.184ms
[4.137s][info][gc,marking    ] GC(100) Concurrent Mark (4.129s, 4.137s) 7.920ms
[4.137s][info][gc,start      ] GC(100) Pause Remark
[4.138s][info][gc,stringtable] GC(100) Cleaned string and symbol table, strings: 4306 processed, 0 removed, symbols: 36588 processed, 0 removed
[4.139s][info][gc            ] GC(100) Pause Remark 508M->508M(1097M) 1.703ms
[4.139s][info][gc,cpu        ] GC(100) User=0.01s Sys=0.00s Real=0.00s
[4.139s][info][gc,marking    ] GC(100) Concurrent Rebuild Remembered Sets
[4.145s][info][gc,marking    ] GC(100) Concurrent Rebuild Remembered Sets 6.491ms
[4.146s][info][gc,start      ] GC(100) Pause Cleanup
[4.146s][info][gc            ] GC(100) Pause Cleanup 509M->509M(1097M) 0.383ms
[4.146s][info][gc,cpu        ] GC(100) User=0.00s Sys=0.00s Real=0.00s
[4.146s][info][gc,marking    ] GC(100) Concurrent Cleanup for Next Mark
[4.148s][info][gc,marking    ] GC(100) Concurrent Cleanup for Next Mark 1.649ms
[4.148s][info][gc            ] GC(100) Concurrent Cycle 19.295ms
[4.148s][info][gc,start      ] GC(101) Pause Young (Concurrent Start) (G1 Humongous Allocation)
[4.148s][info][gc,task       ] GC(101) Using 8 workers of 8 for evacuation
[4.152s][info][gc,phases     ] GC(101)   Pre Evacuate Collection Set: 0.1ms
[4.152s][info][gc,phases     ] GC(101)   Evacuate Collection Set: 1.0ms
[4.152s][info][gc,phases     ] GC(101)   Post Evacuate Collection Set: 2.4ms
[4.152s][info][gc,phases     ] GC(101)   Other: 0.2ms
[4.152s][info][gc,heap       ] GC(101) Eden regions: 2->0(578)
[4.152s][info][gc,heap       ] GC(101) Survivor regions: 1->1(58)
[4.152s][info][gc,heap       ] GC(101) Old regions: 26->26
[4.152s][info][gc,heap       ] GC(101) Humongous regions: 482->482
[4.152s][info][gc,metaspace  ] GC(101) Metaspace: 9754K->9754K(1058816K)
[4.152s][info][gc            ] GC(101) Pause Young (Concurrent Start) (G1 Humongous Allocation) 509M->507M(1236M) 3.948ms
[4.152s][info][gc,cpu        ] GC(101) User=0.01s Sys=0.00s Real=0.01s
[4.152s][info][gc            ] GC(102) Concurrent Cycle
[4.152s][info][gc,marking    ] GC(102) Concurrent Clear Claimed Marks
[4.152s][info][gc,marking    ] GC(102) Concurrent Clear Claimed Marks 0.016ms
[4.152s][info][gc,marking    ] GC(102) Concurrent Scan Root Regions
[4.152s][info][gc,marking    ] GC(102) Concurrent Scan Root Regions 0.077ms
[4.152s][info][gc,marking    ] GC(102) Concurrent Mark (4.152s)
[4.152s][info][gc,marking    ] GC(102) Concurrent Mark From Roots
[4.152s][info][gc,task       ] GC(102) Using 2 workers of 2 for marking
[4.159s][info][gc,marking    ] GC(102) Concurrent Mark From Roots 6.987ms
[4.159s][info][gc,marking    ] GC(102) Concurrent Preclean
[4.159s][info][gc,marking    ] GC(102) Concurrent Preclean 0.165ms
[4.159s][info][gc,marking    ] GC(102) Concurrent Mark (4.152s, 4.159s) 7.247ms
[4.160s][info][gc,start      ] GC(102) Pause Remark
[4.161s][info][gc,stringtable] GC(102) Cleaned string and symbol table, strings: 4310 processed, 0 removed, symbols: 36588 processed, 0 removed
[4.161s][info][gc            ] GC(102) Pause Remark 511M->511M(1236M) 1.891ms
[4.161s][info][gc,cpu        ] GC(102) User=0.01s Sys=0.00s Real=0.01s
[4.162s][info][gc,marking    ] GC(102) Concurrent Rebuild Remembered Sets
[4.167s][info][gc,marking    ] GC(102) Concurrent Rebuild Remembered Sets 5.732ms
[4.167s][info][gc,start      ] GC(102) Pause Cleanup
[4.168s][info][gc            ] GC(102) Pause Cleanup 511M->511M(1236M) 0.172ms
[4.168s][info][gc,cpu        ] GC(102) User=0.00s Sys=0.00s Real=0.00s
[4.168s][info][gc,marking    ] GC(102) Concurrent Cleanup for Next Mark
[4.170s][info][gc,marking    ] GC(102) Concurrent Cleanup for Next Mark 2.194ms
[4.170s][info][gc            ] GC(102) Concurrent Cycle 17.852ms
[4.460s][info][gc,start      ] GC(103) Pause Young (Concurrent Start) (G1 Humongous Allocation)
[4.460s][info][gc,task       ] GC(103) Using 8 workers of 8 for evacuation
[4.462s][info][gc,phases     ] GC(103)   Pre Evacuate Collection Set: 0.1ms
[4.462s][info][gc,phases     ] GC(103)   Evacuate Collection Set: 1.1ms
[4.462s][info][gc,phases     ] GC(103)   Post Evacuate Collection Set: 0.2ms
[4.462s][info][gc,phases     ] GC(103)   Other: 0.3ms
[4.462s][info][gc,heap       ] GC(103) Eden regions: 48->0(534)
[4.462s][info][gc,heap       ] GC(103) Survivor regions: 1->1(73)
[4.462s][info][gc,heap       ] GC(103) Old regions: 26->26
[4.462s][info][gc,heap       ] GC(103) Humongous regions: 530->530
[4.462s][info][gc,metaspace  ] GC(103) Metaspace: 9775K->9775K(1058816K)
[4.462s][info][gc            ] GC(103) Pause Young (Concurrent Start) (G1 Humongous Allocation) 602M->555M(1236M) 1.790ms
[4.462s][info][gc,cpu        ] GC(103) User=0.01s Sys=0.00s Real=0.01s
[4.462s][info][gc            ] GC(104) Concurrent Cycle
[4.462s][info][gc,marking    ] GC(104) Concurrent Clear Claimed Marks
[4.462s][info][gc,marking    ] GC(104) Concurrent Clear Claimed Marks 0.030ms
[4.462s][info][gc,marking    ] GC(104) Concurrent Scan Root Regions
[4.462s][info][gc,marking    ] GC(104) Concurrent Scan Root Regions 0.094ms
[4.462s][info][gc,marking    ] GC(104) Concurrent Mark (4.462s)
[4.462s][info][gc,marking    ] GC(104) Concurrent Mark From Roots
[4.462s][info][gc,task       ] GC(104) Using 2 workers of 2 for marking
[4.468s][info][gc,marking    ] GC(104) Concurrent Mark From Roots 5.777ms
[4.468s][info][gc,marking    ] GC(104) Concurrent Preclean
[4.468s][info][gc,marking    ] GC(104) Concurrent Preclean 0.090ms
[4.468s][info][gc,marking    ] GC(104) Concurrent Mark (4.462s, 4.468s) 5.980ms
[4.468s][info][gc,start      ] GC(104) Pause Remark
[4.470s][info][gc,stringtable] GC(104) Cleaned string and symbol table, strings: 4317 processed, 0 removed, symbols: 36588 processed, 0 removed
[4.470s][info][gc            ] GC(104) Pause Remark 558M->558M(1236M) 1.617ms
[4.470s][info][gc,cpu        ] GC(104) User=0.01s Sys=0.00s Real=0.00s
[4.470s][info][gc,marking    ] GC(104) Concurrent Rebuild Remembered Sets
[4.475s][info][gc,marking    ] GC(104) Concurrent Rebuild Remembered Sets 4.448ms
[4.475s][info][gc,start      ] GC(104) Pause Cleanup
[4.475s][info][gc            ] GC(104) Pause Cleanup 559M->559M(1236M) 0.169ms
[4.475s][info][gc,cpu        ] GC(104) User=0.00s Sys=0.00s Real=0.00s
[4.475s][info][gc,marking    ] GC(104) Concurrent Cleanup for Next Mark
[4.477s][info][gc,marking    ] GC(104) Concurrent Cleanup for Next Mark 2.120ms
[4.477s][info][gc            ] GC(104) Concurrent Cycle 15.012ms
[4.487s][info][gc,start      ] GC(105) Pause Young (Concurrent Start) (G1 Humongous Allocation)
[4.487s][info][gc,task       ] GC(105) Using 8 workers of 8 for evacuation
[4.488s][info][gc,phases     ] GC(105)   Pre Evacuate Collection Set: 0.1ms
[4.489s][info][gc,phases     ] GC(105)   Evacuate Collection Set: 1.0ms
[4.489s][info][gc,phases     ] GC(105)   Post Evacuate Collection Set: 0.1ms
[4.489s][info][gc,phases     ] GC(105)   Other: 0.2ms
[4.489s][info][gc,heap       ] GC(105) Eden regions: 4->0(528)
[4.489s][info][gc,heap       ] GC(105) Survivor regions: 1->1(67)
[4.489s][info][gc,heap       ] GC(105) Old regions: 26->26
[4.489s][info][gc,heap       ] GC(105) Humongous regions: 534->534
[4.489s][info][gc,metaspace  ] GC(105) Metaspace: 9775K->9775K(1058816K)
[4.489s][info][gc            ] GC(105) Pause Young (Concurrent Start) (G1 Humongous Allocation) 563M->559M(1236M) 1.497ms
[4.489s][info][gc,cpu        ] GC(105) User=0.01s Sys=0.00s Real=0.00s
[4.489s][info][gc            ] GC(106) Concurrent Cycle
[4.489s][info][gc,marking    ] GC(106) Concurrent Clear Claimed Marks
[4.489s][info][gc,marking    ] GC(106) Concurrent Clear Claimed Marks 0.018ms
[4.489s][info][gc,marking    ] GC(106) Concurrent Scan Root Regions
[4.489s][info][gc,marking    ] GC(106) Concurrent Scan Root Regions 0.075ms
[4.489s][info][gc,marking    ] GC(106) Concurrent Mark (4.489s)
[4.489s][info][gc,marking    ] GC(106) Concurrent Mark From Roots
[4.489s][info][gc,task       ] GC(106) Using 2 workers of 2 for marking
[4.495s][info][gc,marking    ] GC(106) Concurrent Mark From Roots 5.716ms
[4.495s][info][gc,marking    ] GC(106) Concurrent Preclean
[4.495s][info][gc,marking    ] GC(106) Concurrent Preclean 0.083ms
[4.495s][info][gc,marking    ] GC(106) Concurrent Mark (4.489s, 4.495s) 5.859ms
[4.495s][info][gc,start      ] GC(106) Pause Remark
[4.496s][info][gc,stringtable] GC(106) Cleaned string and symbol table, strings: 4317 processed, 0 removed, symbols: 36588 processed, 0 removed
[4.496s][info][gc            ] GC(106) Pause Remark 562M->562M(1236M) 1.662ms
[4.496s][info][gc,cpu        ] GC(106) User=0.01s Sys=0.00s Real=0.00s
[4.496s][info][gc,marking    ] GC(106) Concurrent Rebuild Remembered Sets
[4.501s][info][gc,marking    ] GC(106) Concurrent Rebuild Remembered Sets 4.480ms
[4.501s][info][gc,start      ] GC(106) Pause Cleanup
[4.501s][info][gc            ] GC(106) Pause Cleanup 563M->563M(1236M) 0.296ms
[4.502s][info][gc,cpu        ] GC(106) User=0.00s Sys=0.00s Real=0.01s
[4.502s][info][gc,marking    ] GC(106) Concurrent Cleanup for Next Mark
[4.503s][info][gc,marking    ] GC(106) Concurrent Cleanup for Next Mark 1.622ms
[4.503s][info][gc            ] GC(106) Concurrent Cycle 14.554ms
[4.514s][info][gc,start      ] GC(107) Pause Young (Concurrent Start) (G1 Humongous Allocation)
[4.514s][info][gc,task       ] GC(107) Using 8 workers of 8 for evacuation
[4.515s][info][gc,phases     ] GC(107)   Pre Evacuate Collection Set: 0.2ms
[4.515s][info][gc,phases     ] GC(107)   Evacuate Collection Set: 1.0ms
[4.515s][info][gc,phases     ] GC(107)   Post Evacuate Collection Set: 0.2ms
[4.515s][info][gc,phases     ] GC(107)   Other: 0.2ms
[4.515s][info][gc,heap       ] GC(107) Eden regions: 4->0(523)
[4.515s][info][gc,heap       ] GC(107) Survivor regions: 1->1(67)
[4.515s][info][gc,heap       ] GC(107) Old regions: 26->26
[4.515s][info][gc,heap       ] GC(107) Humongous regions: 538->538
[4.515s][info][gc,metaspace  ] GC(107) Metaspace: 9775K->9775K(1058816K)
[4.515s][info][gc            ] GC(107) Pause Young (Concurrent Start) (G1 Humongous Allocation) 567M->563M(1236M) 1.694ms
[4.515s][info][gc,cpu        ] GC(107) User=0.00s Sys=0.00s Real=0.00s
[4.515s][info][gc            ] GC(108) Concurrent Cycle
[4.515s][info][gc,marking    ] GC(108) Concurrent Clear Claimed Marks
[4.515s][info][gc,marking    ] GC(108) Concurrent Clear Claimed Marks 0.018ms
[4.515s][info][gc,marking    ] GC(108) Concurrent Scan Root Regions
[4.516s][info][gc,marking    ] GC(108) Concurrent Scan Root Regions 0.077ms
[4.516s][info][gc,marking    ] GC(108) Concurrent Mark (4.516s)
[4.516s][info][gc,marking    ] GC(108) Concurrent Mark From Roots
[4.516s][info][gc,task       ] GC(108) Using 2 workers of 2 for marking
[4.521s][info][gc,marking    ] GC(108) Concurrent Mark From Roots 5.103ms
[4.521s][info][gc,marking    ] GC(108) Concurrent Preclean
[4.521s][info][gc,marking    ] GC(108) Concurrent Preclean 0.073ms
[4.521s][info][gc,marking    ] GC(108) Concurrent Mark (4.516s, 4.521s) 5.294ms
[4.521s][info][gc,start      ] GC(108) Pause Remark
[4.522s][info][gc,stringtable] GC(108) Cleaned string and symbol table, strings: 4317 processed, 0 removed, symbols: 36588 processed, 0 removed
[4.523s][info][gc            ] GC(108) Pause Remark 566M->566M(1236M) 1.588ms
[4.523s][info][gc,cpu        ] GC(108) User=0.00s Sys=0.00s Real=0.01s
[4.523s][info][gc,marking    ] GC(108) Concurrent Rebuild Remembered Sets
[4.527s][info][gc,marking    ] GC(108) Concurrent Rebuild Remembered Sets 4.247ms
[4.527s][info][gc,start      ] GC(108) Pause Cleanup
[4.527s][info][gc            ] GC(108) Pause Cleanup 567M->567M(1236M) 0.182ms
[4.527s][info][gc,cpu        ] GC(108) User=0.00s Sys=0.00s Real=0.00s
[4.527s][info][gc,marking    ] GC(108) Concurrent Cleanup for Next Mark
[4.529s][info][gc,marking    ] GC(108) Concurrent Cleanup for Next Mark 1.772ms
[4.529s][info][gc            ] GC(108) Concurrent Cycle 13.813ms
[4.539s][info][gc,start      ] GC(109) Pause Young (Concurrent Start) (G1 Humongous Allocation)
[4.539s][info][gc,task       ] GC(109) Using 8 workers of 8 for evacuation
[4.541s][info][gc,phases     ] GC(109)   Pre Evacuate Collection Set: 0.2ms
[4.541s][info][gc,phases     ] GC(109)   Evacuate Collection Set: 1.1ms
[4.541s][info][gc,phases     ] GC(109)   Post Evacuate Collection Set: 0.1ms
[4.541s][info][gc,phases     ] GC(109)   Other: 0.2ms
[4.541s][info][gc,heap       ] GC(109) Eden regions: 4->0(518)
[4.541s][info][gc,heap       ] GC(109) Survivor regions: 1->1(66)
[4.541s][info][gc,heap       ] GC(109) Old regions: 26->26
[4.541s][info][gc,heap       ] GC(109) Humongous regions: 542->542
[4.541s][info][gc,metaspace  ] GC(109) Metaspace: 9775K->9775K(1058816K)
[4.541s][info][gc            ] GC(109) Pause Young (Concurrent Start) (G1 Humongous Allocation) 571M->567M(1236M) 1.634ms
[4.541s][info][gc,cpu        ] GC(109) User=0.01s Sys=0.00s Real=0.00s
[4.541s][info][gc            ] GC(110) Concurrent Cycle
[4.541s][info][gc,marking    ] GC(110) Concurrent Clear Claimed Marks
[4.541s][info][gc,marking    ] GC(110) Concurrent Clear Claimed Marks 0.013ms
[4.541s][info][gc,marking    ] GC(110) Concurrent Scan Root Regions
[4.541s][info][gc,marking    ] GC(110) Concurrent Scan Root Regions 0.078ms
[4.541s][info][gc,marking    ] GC(110) Concurrent Mark (4.541s)
[4.541s][info][gc,marking    ] GC(110) Concurrent Mark From Roots
[4.541s][info][gc,task       ] GC(110) Using 2 workers of 2 for marking
[4.546s][info][gc,marking    ] GC(110) Concurrent Mark From Roots 5.082ms
[4.546s][info][gc,marking    ] GC(110) Concurrent Preclean
[4.546s][info][gc,marking    ] GC(110) Concurrent Preclean 0.076ms
[4.546s][info][gc,marking    ] GC(110) Concurrent Mark (4.541s, 4.546s) 5.213ms
[4.547s][info][gc,start      ] GC(110) Pause Remark
[4.547s][info][gc,stringtable] GC(110) Cleaned string and symbol table, strings: 4317 processed, 0 removed, symbols: 36588 processed, 0 removed
[4.548s][info][gc            ] GC(110) Pause Remark 570M->570M(1236M) 1.138ms
[4.548s][info][gc,cpu        ] GC(110) User=0.01s Sys=0.00s Real=0.00s
[4.548s][info][gc,marking    ] GC(110) Concurrent Rebuild Remembered Sets
[4.552s][info][gc,marking    ] GC(110) Concurrent Rebuild Remembered Sets 4.485ms
[4.552s][info][gc,start      ] GC(110) Pause Cleanup
[4.553s][info][gc            ] GC(110) Pause Cleanup 571M->571M(1236M) 0.187ms
[4.553s][info][gc,cpu        ] GC(110) User=0.00s Sys=0.00s Real=0.00s
[4.553s][info][gc,marking    ] GC(110) Concurrent Cleanup for Next Mark
[4.554s][info][gc,marking    ] GC(110) Concurrent Cleanup for Next Mark 1.780ms
[4.554s][info][gc            ] GC(110) Concurrent Cycle 13.328ms
[4.565s][info][gc,start      ] GC(111) Pause Young (Concurrent Start) (G1 Humongous Allocation)
[4.565s][info][gc,task       ] GC(111) Using 8 workers of 8 for evacuation
[4.566s][info][gc,phases     ] GC(111)   Pre Evacuate Collection Set: 0.1ms
[4.566s][info][gc,phases     ] GC(111)   Evacuate Collection Set: 1.0ms
[4.566s][info][gc,phases     ] GC(111)   Post Evacuate Collection Set: 0.1ms
[4.566s][info][gc,phases     ] GC(111)   Other: 0.2ms
[4.566s][info][gc,heap       ] GC(111) Eden regions: 4->0(514)
[4.566s][info][gc,heap       ] GC(111) Survivor regions: 1->1(65)
[4.566s][info][gc,heap       ] GC(111) Old regions: 26->26
[4.566s][info][gc,heap       ] GC(111) Humongous regions: 546->546
[4.566s][info][gc,metaspace  ] GC(111) Metaspace: 9775K->9775K(1058816K)
[4.566s][info][gc            ] GC(111) Pause Young (Concurrent Start) (G1 Humongous Allocation) 575M->571M(1236M) 1.509ms
[4.566s][info][gc,cpu        ] GC(111) User=0.00s Sys=0.00s Real=0.00s
[4.566s][info][gc            ] GC(112) Concurrent Cycle
[4.566s][info][gc,marking    ] GC(112) Concurrent Clear Claimed Marks
[4.566s][info][gc,marking    ] GC(112) Concurrent Clear Claimed Marks 0.015ms
[4.566s][info][gc,marking    ] GC(112) Concurrent Scan Root Regions
[4.566s][info][gc,marking    ] GC(112) Concurrent Scan Root Regions 0.086ms
[4.567s][info][gc,marking    ] GC(112) Concurrent Mark (4.567s)
[4.567s][info][gc,marking    ] GC(112) Concurrent Mark From Roots
[4.567s][info][gc,task       ] GC(112) Using 2 workers of 2 for marking
[4.572s][info][gc,marking    ] GC(112) Concurrent Mark From Roots 5.534ms
[4.572s][info][gc,marking    ] GC(112) Concurrent Preclean
[4.572s][info][gc,marking    ] GC(112) Concurrent Preclean 0.077ms
[4.572s][info][gc,marking    ] GC(112) Concurrent Mark (4.567s, 4.572s) 5.666ms
[4.572s][info][gc,start      ] GC(112) Pause Remark
[4.574s][info][gc,stringtable] GC(112) Cleaned string and symbol table, strings: 4317 processed, 0 removed, symbols: 36588 processed, 0 removed
[4.574s][info][gc            ] GC(112) Pause Remark 574M->574M(1236M) 1.687ms
[4.574s][info][gc,cpu        ] GC(112) User=0.01s Sys=0.00s Real=0.00s
[4.574s][info][gc,marking    ] GC(112) Concurrent Rebuild Remembered Sets
[4.579s][info][gc,marking    ] GC(112) Concurrent Rebuild Remembered Sets 4.453ms
[4.579s][info][gc,start      ] GC(112) Pause Cleanup
[4.579s][info][gc            ] GC(112) Pause Cleanup 575M->575M(1236M) 0.204ms
[4.579s][info][gc,cpu        ] GC(112) User=0.00s Sys=0.00s Real=0.00s
[4.579s][info][gc,marking    ] GC(112) Concurrent Cleanup for Next Mark
[4.581s][info][gc,marking    ] GC(112) Concurrent Cleanup for Next Mark 1.586ms
[4.581s][info][gc            ] GC(112) Concurrent Cycle 14.190ms
[4.591s][info][gc,start      ] GC(113) Pause Young (Concurrent Start) (G1 Humongous Allocation)
[4.591s][info][gc,task       ] GC(113) Using 8 workers of 8 for evacuation
[4.592s][info][gc,phases     ] GC(113)   Pre Evacuate Collection Set: 0.1ms
[4.592s][info][gc,phases     ] GC(113)   Evacuate Collection Set: 1.0ms
[4.592s][info][gc,phases     ] GC(113)   Post Evacuate Collection Set: 0.2ms
[4.592s][info][gc,phases     ] GC(113)   Other: 0.2ms
[4.592s][info][gc,heap       ] GC(113) Eden regions: 4->0(510)
[4.592s][info][gc,heap       ] GC(113) Survivor regions: 1->1(65)
[4.592s][info][gc,heap       ] GC(113) Old regions: 26->26
[4.592s][info][gc,heap       ] GC(113) Humongous regions: 550->550
[4.592s][info][gc,metaspace  ] GC(113) Metaspace: 9775K->9775K(1058816K)
[4.592s][info][gc            ] GC(113) Pause Young (Concurrent Start) (G1 Humongous Allocation) 579M->575M(1236M) 1.673ms
[4.592s][info][gc,cpu        ] GC(113) User=0.01s Sys=0.01s Real=0.01s
[4.592s][info][gc            ] GC(114) Concurrent Cycle
[4.592s][info][gc,marking    ] GC(114) Concurrent Clear Claimed Marks
[4.592s][info][gc,marking    ] GC(114) Concurrent Clear Claimed Marks 0.025ms
[4.592s][info][gc,marking    ] GC(114) Concurrent Scan Root Regions
[4.592s][info][gc,marking    ] GC(114) Concurrent Scan Root Regions 0.067ms
[4.593s][info][gc,marking    ] GC(114) Concurrent Mark (4.593s)
[4.593s][info][gc,marking    ] GC(114) Concurrent Mark From Roots
[4.593s][info][gc,task       ] GC(114) Using 2 workers of 2 for marking
[4.598s][info][gc,marking    ] GC(114) Concurrent Mark From Roots 5.172ms
[4.598s][info][gc,marking    ] GC(114) Concurrent Preclean
[4.598s][info][gc,marking    ] GC(114) Concurrent Preclean 0.074ms
[4.598s][info][gc,marking    ] GC(114) Concurrent Mark (4.593s, 4.598s) 5.365ms
[4.598s][info][gc,start      ] GC(114) Pause Remark
[4.599s][info][gc,stringtable] GC(114) Cleaned string and symbol table, strings: 4317 processed, 0 removed, symbols: 36588 processed, 0 removed
[4.600s][info][gc            ] GC(114) Pause Remark 578M->578M(1236M) 1.701ms
[4.600s][info][gc,cpu        ] GC(114) User=0.01s Sys=0.00s Real=0.00s
[4.600s][info][gc,marking    ] GC(114) Concurrent Rebuild Remembered Sets
[4.604s][info][gc,marking    ] GC(114) Concurrent Rebuild Remembered Sets 4.493ms
[4.604s][info][gc,start      ] GC(114) Pause Cleanup
[4.605s][info][gc            ] GC(114) Pause Cleanup 579M->579M(1236M) 0.148ms
[4.605s][info][gc,cpu        ] GC(114) User=0.00s Sys=0.00s Real=0.00s
[4.605s][info][gc,marking    ] GC(114) Concurrent Cleanup for Next Mark
[4.606s][info][gc,marking    ] GC(114) Concurrent Cleanup for Next Mark 1.698ms
[4.606s][info][gc            ] GC(114) Concurrent Cycle 14.140ms
[4.616s][info][gc,start      ] GC(115) Pause Young (Concurrent Start) (G1 Humongous Allocation)
[4.616s][info][gc,task       ] GC(115) Using 8 workers of 8 for evacuation
[4.618s][info][gc,phases     ] GC(115)   Pre Evacuate Collection Set: 0.1ms
[4.618s][info][gc,phases     ] GC(115)   Evacuate Collection Set: 0.9ms
[4.618s][info][gc,phases     ] GC(115)   Post Evacuate Collection Set: 0.1ms
[4.618s][info][gc,phases     ] GC(115)   Other: 0.2ms
[4.618s][info][gc,heap       ] GC(115) Eden regions: 4->0(506)
[4.618s][info][gc,heap       ] GC(115) Survivor regions: 1->1(64)
[4.618s][info][gc,heap       ] GC(115) Old regions: 26->26
[4.618s][info][gc,heap       ] GC(115) Humongous regions: 554->554
[4.618s][info][gc,metaspace  ] GC(115) Metaspace: 9775K->9775K(1058816K)
[4.618s][info][gc            ] GC(115) Pause Young (Concurrent Start) (G1 Humongous Allocation) 583M->579M(1236M) 1.463ms
[4.618s][info][gc,cpu        ] GC(115) User=0.01s Sys=0.00s Real=0.00s
[4.618s][info][gc            ] GC(116) Concurrent Cycle
[4.618s][info][gc,marking    ] GC(116) Concurrent Clear Claimed Marks
[4.618s][info][gc,marking    ] GC(116) Concurrent Clear Claimed Marks 0.010ms
[4.618s][info][gc,marking    ] GC(116) Concurrent Scan Root Regions
[4.618s][info][gc,marking    ] GC(116) Concurrent Scan Root Regions 0.058ms
[4.618s][info][gc,marking    ] GC(116) Concurrent Mark (4.618s)
[4.618s][info][gc,marking    ] GC(116) Concurrent Mark From Roots
[4.618s][info][gc,task       ] GC(116) Using 2 workers of 2 for marking
[4.624s][info][gc,marking    ] GC(116) Concurrent Mark From Roots 5.452ms
[4.624s][info][gc,marking    ] GC(116) Concurrent Preclean
[4.624s][info][gc,marking    ] GC(116) Concurrent Preclean 0.091ms
[4.624s][info][gc,marking    ] GC(116) Concurrent Mark (4.618s, 4.624s) 5.668ms
[4.624s][info][gc,start      ] GC(116) Pause Remark
[4.625s][info][gc,stringtable] GC(116) Cleaned string and symbol table, strings: 4317 processed, 0 removed, symbols: 36588 processed, 0 removed
[4.625s][info][gc            ] GC(116) Pause Remark 582M->582M(1236M) 1.533ms
[4.625s][info][gc,cpu        ] GC(116) User=0.01s Sys=0.00s Real=0.00s
[4.625s][info][gc,marking    ] GC(116) Concurrent Rebuild Remembered Sets
[4.630s][info][gc,marking    ] GC(116) Concurrent Rebuild Remembered Sets 4.291ms
[4.630s][info][gc,start      ] GC(116) Pause Cleanup
[4.630s][info][gc            ] GC(116) Pause Cleanup 583M->583M(1236M) 0.224ms
[4.630s][info][gc,cpu        ] GC(116) User=0.00s Sys=0.00s Real=0.00s
[4.630s][info][gc,marking    ] GC(116) Concurrent Cleanup for Next Mark
[4.632s][info][gc,marking    ] GC(116) Concurrent Cleanup for Next Mark 1.597ms
[4.632s][info][gc            ] GC(116) Concurrent Cycle 13.885ms
[4.642s][info][gc,start      ] GC(117) Pause Young (Concurrent Start) (G1 Humongous Allocation)
[4.642s][info][gc,task       ] GC(117) Using 8 workers of 8 for evacuation
[4.644s][info][gc,phases     ] GC(117)   Pre Evacuate Collection Set: 0.1ms
[4.644s][info][gc,phases     ] GC(117)   Evacuate Collection Set: 1.0ms
[4.644s][info][gc,phases     ] GC(117)   Post Evacuate Collection Set: 0.2ms
[4.644s][info][gc,phases     ] GC(117)   Other: 0.2ms
[4.644s][info][gc,heap       ] GC(117) Eden regions: 4->0(502)
[4.644s][info][gc,heap       ] GC(117) Survivor regions: 1->1(64)
[4.644s][info][gc,heap       ] GC(117) Old regions: 26->26
[4.644s][info][gc,heap       ] GC(117) Humongous regions: 558->558
[4.644s][info][gc,metaspace  ] GC(117) Metaspace: 9775K->9775K(1058816K)
[4.644s][info][gc            ] GC(117) Pause Young (Concurrent Start) (G1 Humongous Allocation) 587M->583M(1236M) 1.627ms
[4.644s][info][gc,cpu        ] GC(117) User=0.00s Sys=0.00s Real=0.00s
[4.644s][info][gc            ] GC(118) Concurrent Cycle
[4.644s][info][gc,marking    ] GC(118) Concurrent Clear Claimed Marks
[4.644s][info][gc,marking    ] GC(118) Concurrent Clear Claimed Marks 0.014ms
[4.644s][info][gc,marking    ] GC(118) Concurrent Scan Root Regions
[4.644s][info][gc,marking    ] GC(118) Concurrent Scan Root Regions 0.079ms
[4.644s][info][gc,marking    ] GC(118) Concurrent Mark (4.644s)
[4.644s][info][gc,marking    ] GC(118) Concurrent Mark From Roots
[4.644s][info][gc,task       ] GC(118) Using 2 workers of 2 for marking
[4.649s][info][gc,marking    ] GC(118) Concurrent Mark From Roots 5.282ms
[4.650s][info][gc,marking    ] GC(118) Concurrent Preclean
[4.650s][info][gc,marking    ] GC(118) Concurrent Preclean 0.087ms
[4.650s][info][gc,marking    ] GC(118) Concurrent Mark (4.644s, 4.650s) 5.474ms
[4.650s][info][gc,start      ] GC(118) Pause Remark
[4.651s][info][gc,stringtable] GC(118) Cleaned string and symbol table, strings: 4317 processed, 0 removed, symbols: 36588 processed, 0 removed
[4.651s][info][gc            ] GC(118) Pause Remark 586M->586M(1236M) 1.694ms
[4.652s][info][gc,cpu        ] GC(118) User=0.01s Sys=0.00s Real=0.01s
[4.652s][info][gc,marking    ] GC(118) Concurrent Rebuild Remembered Sets
[4.656s][info][gc,marking    ] GC(118) Concurrent Rebuild Remembered Sets 4.606ms
[4.656s][info][gc,start      ] GC(118) Pause Cleanup
[4.657s][info][gc            ] GC(118) Pause Cleanup 587M->587M(1236M) 0.224ms
[4.657s][info][gc,cpu        ] GC(118) User=0.00s Sys=0.00s Real=0.00s
[4.657s][info][gc,marking    ] GC(118) Concurrent Cleanup for Next Mark
[4.658s][info][gc,marking    ] GC(118) Concurrent Cleanup for Next Mark 1.661ms
[4.658s][info][gc            ] GC(118) Concurrent Cycle 14.306ms
[4.669s][info][gc,start      ] GC(119) Pause Young (Concurrent Start) (G1 Humongous Allocation)
[4.670s][info][gc,task       ] GC(119) Using 8 workers of 8 for evacuation
[4.671s][info][gc,phases     ] GC(119)   Pre Evacuate Collection Set: 0.2ms
[4.671s][info][gc,phases     ] GC(119)   Evacuate Collection Set: 1.4ms
[4.671s][info][gc,phases     ] GC(119)   Post Evacuate Collection Set: 0.1ms
[4.671s][info][gc,phases     ] GC(119)   Other: 0.2ms
[4.671s][info][gc,heap       ] GC(119) Eden regions: 4->0(498)
[4.671s][info][gc,heap       ] GC(119) Survivor regions: 1->1(63)
[4.671s][info][gc,heap       ] GC(119) Old regions: 26->26
[4.672s][info][gc,heap       ] GC(119) Humongous regions: 562->562
[4.672s][info][gc,metaspace  ] GC(119) Metaspace: 9775K->9775K(1058816K)
[4.672s][info][gc            ] GC(119) Pause Young (Concurrent Start) (G1 Humongous Allocation) 591M->587M(1236M) 2.062ms
[4.672s][info][gc,cpu        ] GC(119) User=0.00s Sys=0.00s Real=0.01s
[4.672s][info][gc            ] GC(120) Concurrent Cycle
[4.672s][info][gc,marking    ] GC(120) Concurrent Clear Claimed Marks
[4.672s][info][gc,marking    ] GC(120) Concurrent Clear Claimed Marks 0.023ms
[4.672s][info][gc,marking    ] GC(120) Concurrent Scan Root Regions
[4.672s][info][gc,marking    ] GC(120) Concurrent Scan Root Regions 0.106ms
[4.672s][info][gc,marking    ] GC(120) Concurrent Mark (4.672s)
[4.672s][info][gc,marking    ] GC(120) Concurrent Mark From Roots
[4.672s][info][gc,task       ] GC(120) Using 2 workers of 2 for marking
[4.679s][info][gc,marking    ] GC(120) Concurrent Mark From Roots 7.078ms
[4.679s][info][gc,marking    ] GC(120) Concurrent Preclean
[4.679s][info][gc,marking    ] GC(120) Concurrent Preclean 0.130ms
[4.679s][info][gc,marking    ] GC(120) Concurrent Mark (4.672s, 4.679s) 7.280ms
[4.679s][info][gc,start      ] GC(120) Pause Remark
[4.681s][info][gc,stringtable] GC(120) Cleaned string and symbol table, strings: 4317 processed, 0 removed, symbols: 36588 processed, 0 removed
[4.681s][info][gc            ] GC(120) Pause Remark 590M->590M(1236M) 1.768ms
[4.681s][info][gc,cpu        ] GC(120) User=0.01s Sys=0.00s Real=0.00s
[4.681s][info][gc,marking    ] GC(120) Concurrent Rebuild Remembered Sets
[4.687s][info][gc,marking    ] GC(120) Concurrent Rebuild Remembered Sets 5.376ms
[4.687s][info][gc,start      ] GC(120) Pause Cleanup
[4.687s][info][gc            ] GC(120) Pause Cleanup 591M->591M(1236M) 0.200ms
[4.687s][info][gc,cpu        ] GC(120) User=0.00s Sys=0.00s Real=0.00s
[4.687s][info][gc,marking    ] GC(120) Concurrent Cleanup for Next Mark
[4.689s][info][gc,marking    ] GC(120) Concurrent Cleanup for Next Mark 2.249ms
[4.689s][info][gc            ] GC(120) Concurrent Cycle 17.762ms
[4.705s][info][gc,start      ] GC(121) Pause Young (Concurrent Start) (G1 Humongous Allocation)
[4.705s][info][gc,task       ] GC(121) Using 8 workers of 8 for evacuation
[4.707s][info][gc,phases     ] GC(121)   Pre Evacuate Collection Set: 0.4ms
[4.707s][info][gc,phases     ] GC(121)   Evacuate Collection Set: 1.0ms
[4.707s][info][gc,phases     ] GC(121)   Post Evacuate Collection Set: 0.1ms
[4.707s][info][gc,phases     ] GC(121)   Other: 0.6ms
[4.707s][info][gc,heap       ] GC(121) Eden regions: 4->0(495)
[4.707s][info][gc,heap       ] GC(121) Survivor regions: 1->1(63)
[4.707s][info][gc,heap       ] GC(121) Old regions: 26->26
[4.707s][info][gc,heap       ] GC(121) Humongous regions: 566->566
[4.707s][info][gc,metaspace  ] GC(121) Metaspace: 9775K->9775K(1058816K)
[4.707s][info][gc            ] GC(121) Pause Young (Concurrent Start) (G1 Humongous Allocation) 595M->591M(1236M) 2.190ms
[4.707s][info][gc,cpu        ] GC(121) User=0.01s Sys=0.00s Real=0.00s
[4.707s][info][gc            ] GC(122) Concurrent Cycle
[4.707s][info][gc,marking    ] GC(122) Concurrent Clear Claimed Marks
[4.707s][info][gc,marking    ] GC(122) Concurrent Clear Claimed Marks 0.011ms
[4.707s][info][gc,marking    ] GC(122) Concurrent Scan Root Regions
[4.707s][info][gc,marking    ] GC(122) Concurrent Scan Root Regions 0.084ms
[4.707s][info][gc,marking    ] GC(122) Concurrent Mark (4.707s)
[4.707s][info][gc,marking    ] GC(122) Concurrent Mark From Roots
[4.707s][info][gc,task       ] GC(122) Using 2 workers of 2 for marking
[4.714s][info][gc,marking    ] GC(122) Concurrent Mark From Roots 7.196ms
[4.714s][info][gc,marking    ] GC(122) Concurrent Preclean
[4.715s][info][gc,marking    ] GC(122) Concurrent Preclean 0.111ms
[4.715s][info][gc,marking    ] GC(122) Concurrent Mark (4.707s, 4.715s) 7.390ms
[4.715s][info][gc,start      ] GC(122) Pause Remark
[4.717s][info][gc,stringtable] GC(122) Cleaned string and symbol table, strings: 4317 processed, 0 removed, symbols: 36588 processed, 0 removed
[4.717s][info][gc            ] GC(122) Pause Remark 594M->594M(1236M) 2.842ms
[4.718s][info][gc,cpu        ] GC(122) User=0.01s Sys=0.00s Real=0.00s
[4.718s][info][gc,marking    ] GC(122) Concurrent Rebuild Remembered Sets
[4.724s][info][gc,marking    ] GC(122) Concurrent Rebuild Remembered Sets 5.995ms
[4.724s][info][gc,start      ] GC(122) Pause Cleanup
[4.724s][info][gc            ] GC(122) Pause Cleanup 595M->595M(1236M) 0.149ms
[4.724s][info][gc,cpu        ] GC(122) User=0.00s Sys=0.00s Real=0.00s
[4.724s][info][gc,marking    ] GC(122) Concurrent Cleanup for Next Mark
[4.726s][info][gc,marking    ] GC(122) Concurrent Cleanup for Next Mark 1.925ms
[4.726s][info][gc            ] GC(122) Concurrent Cycle 18.936ms
[4.727s][info][gc,start      ] GC(123) Pause Young (Concurrent Start) (G1 Humongous Allocation)
[4.727s][info][gc,task       ] GC(123) Using 8 workers of 8 for evacuation
[4.729s][info][gc,phases     ] GC(123)   Pre Evacuate Collection Set: 0.2ms
[4.729s][info][gc,phases     ] GC(123)   Evacuate Collection Set: 1.6ms
[4.729s][info][gc,phases     ] GC(123)   Post Evacuate Collection Set: 0.4ms
[4.729s][info][gc,phases     ] GC(123)   Other: 0.3ms
[4.729s][info][gc,heap       ] GC(123) Eden regions: 2->0(493)
[4.729s][info][gc,heap       ] GC(123) Survivor regions: 1->1(62)
[4.729s][info][gc,heap       ] GC(123) Old regions: 26->26
[4.729s][info][gc,heap       ] GC(123) Humongous regions: 568->568
[4.729s][info][gc,metaspace  ] GC(123) Metaspace: 9775K->9775K(1058816K)
[4.729s][info][gc            ] GC(123) Pause Young (Concurrent Start) (G1 Humongous Allocation) 595M->593M(1236M) 2.700ms
[4.729s][info][gc,cpu        ] GC(123) User=0.01s Sys=0.00s Real=0.00s
[4.729s][info][gc            ] GC(124) Concurrent Cycle
[4.729s][info][gc,marking    ] GC(124) Concurrent Clear Claimed Marks
[4.729s][info][gc,marking    ] GC(124) Concurrent Clear Claimed Marks 0.021ms
[4.729s][info][gc,marking    ] GC(124) Concurrent Scan Root Regions
[4.730s][info][gc,marking    ] GC(124) Concurrent Scan Root Regions 0.095ms
[4.730s][info][gc,marking    ] GC(124) Concurrent Mark (4.730s)
[4.730s][info][gc,marking    ] GC(124) Concurrent Mark From Roots
[4.730s][info][gc,task       ] GC(124) Using 2 workers of 2 for marking
[4.736s][info][gc,marking    ] GC(124) Concurrent Mark From Roots 6.885ms
[4.737s][info][gc,marking    ] GC(124) Concurrent Preclean
[4.737s][info][gc,marking    ] GC(124) Concurrent Preclean 0.091ms
[4.737s][info][gc,marking    ] GC(124) Concurrent Mark (4.730s, 4.737s) 7.043ms
[4.737s][info][gc,start      ] GC(124) Pause Remark
[4.738s][info][gc,stringtable] GC(124) Cleaned string and symbol table, strings: 4317 processed, 0 removed, symbols: 36588 processed, 0 removed
[4.739s][info][gc            ] GC(124) Pause Remark 596M->596M(1236M) 1.963ms
[4.739s][info][gc,cpu        ] GC(124) User=0.01s Sys=0.00s Real=0.00s
[4.739s][info][gc,marking    ] GC(124) Concurrent Rebuild Remembered Sets
[4.744s][info][gc,marking    ] GC(124) Concurrent Rebuild Remembered Sets 5.348ms
[4.744s][info][gc,start      ] GC(124) Pause Cleanup
[4.745s][info][gc            ] GC(124) Pause Cleanup 597M->597M(1236M) 0.323ms
[4.745s][info][gc,cpu        ] GC(124) User=0.00s Sys=0.00s Real=0.00s
[4.745s][info][gc,marking    ] GC(124) Concurrent Cleanup for Next Mark
[4.747s][info][gc,marking    ] GC(124) Concurrent Cleanup for Next Mark 1.688ms
[4.747s][info][gc            ] GC(124) Concurrent Cycle 17.281ms
[4.747s][info][gc,start      ] GC(125) Pause Young (Concurrent Start) (G1 Humongous Allocation)
[4.747s][info][gc,task       ] GC(125) Using 8 workers of 8 for evacuation
[4.748s][info][gc,phases     ] GC(125)   Pre Evacuate Collection Set: 0.1ms
[4.748s][info][gc,phases     ] GC(125)   Evacuate Collection Set: 1.1ms
[4.748s][info][gc,phases     ] GC(125)   Post Evacuate Collection Set: 0.1ms
[4.748s][info][gc,phases     ] GC(125)   Other: 0.2ms
[4.748s][info][gc,heap       ] GC(125) Eden regions: 2->0(491)
[4.748s][info][gc,heap       ] GC(125) Survivor regions: 1->1(62)
[4.748s][info][gc,heap       ] GC(125) Old regions: 26->26
[4.748s][info][gc,heap       ] GC(125) Humongous regions: 570->570
[4.748s][info][gc,metaspace  ] GC(125) Metaspace: 9775K->9775K(1058816K)
[4.748s][info][gc            ] GC(125) Pause Young (Concurrent Start) (G1 Humongous Allocation) 597M->595M(1236M) 1.621ms
[4.748s][info][gc,cpu        ] GC(125) User=0.01s Sys=0.00s Real=0.00s
[4.748s][info][gc            ] GC(126) Concurrent Cycle
[4.748s][info][gc,marking    ] GC(126) Concurrent Clear Claimed Marks
[4.748s][info][gc,marking    ] GC(126) Concurrent Clear Claimed Marks 0.020ms
[4.749s][info][gc,marking    ] GC(126) Concurrent Scan Root Regions
[4.749s][info][gc,marking    ] GC(126) Concurrent Scan Root Regions 0.094ms
[4.749s][info][gc,marking    ] GC(126) Concurrent Mark (4.749s)
[4.749s][info][gc,marking    ] GC(126) Concurrent Mark From Roots
[4.749s][info][gc,task       ] GC(126) Using 2 workers of 2 for marking
[4.756s][info][gc,marking    ] GC(126) Concurrent Mark From Roots 6.994ms
[4.756s][info][gc,marking    ] GC(126) Concurrent Preclean
[4.756s][info][gc,marking    ] GC(126) Concurrent Preclean 0.296ms
[4.756s][info][gc,marking    ] GC(126) Concurrent Mark (4.749s, 4.756s) 7.423ms
[4.756s][info][gc,start      ] GC(126) Pause Remark
[4.758s][info][gc,stringtable] GC(126) Cleaned string and symbol table, strings: 4317 processed, 0 removed, symbols: 36588 processed, 0 removed
[4.758s][info][gc            ] GC(126) Pause Remark 598M->598M(1236M) 1.635ms
[4.758s][info][gc,cpu        ] GC(126) User=0.01s Sys=0.00s Real=0.00s
[4.758s][info][gc,marking    ] GC(126) Concurrent Rebuild Remembered Sets
[4.765s][info][gc,marking    ] GC(126) Concurrent Rebuild Remembered Sets 6.790ms
[4.765s][info][gc,start      ] GC(126) Pause Cleanup
[4.765s][info][gc            ] GC(126) Pause Cleanup 599M->599M(1236M) 0.367ms
[4.765s][info][gc,cpu        ] GC(126) User=0.01s Sys=0.00s Real=0.00s
[4.765s][info][gc,marking    ] GC(126) Concurrent Cleanup for Next Mark
[4.768s][info][gc,marking    ] GC(126) Concurrent Cleanup for Next Mark 2.239ms
[4.768s][info][gc            ] GC(126) Concurrent Cycle 19.341ms
[4.768s][info][gc,start      ] GC(127) Pause Young (Concurrent Start) (G1 Humongous Allocation)
[4.768s][info][gc,task       ] GC(127) Using 8 workers of 8 for evacuation
[4.770s][info][gc,phases     ] GC(127)   Pre Evacuate Collection Set: 0.3ms
[4.770s][info][gc,phases     ] GC(127)   Evacuate Collection Set: 1.0ms
[4.770s][info][gc,phases     ] GC(127)   Post Evacuate Collection Set: 0.1ms
[4.770s][info][gc,phases     ] GC(127)   Other: 0.2ms
[4.770s][info][gc,heap       ] GC(127) Eden regions: 2->0(489)
[4.770s][info][gc,heap       ] GC(127) Survivor regions: 1->1(62)
[4.770s][info][gc,heap       ] GC(127) Old regions: 26->26
[4.770s][info][gc,heap       ] GC(127) Humongous regions: 572->572
[4.770s][info][gc,metaspace  ] GC(127) Metaspace: 9775K->9775K(1058816K)
[4.770s][info][gc            ] GC(127) Pause Young (Concurrent Start) (G1 Humongous Allocation) 599M->597M(1236M) 1.835ms
[4.770s][info][gc,cpu        ] GC(127) User=0.00s Sys=0.00s Real=0.00s
[4.770s][info][gc            ] GC(128) Concurrent Cycle
[4.770s][info][gc,marking    ] GC(128) Concurrent Clear Claimed Marks
[4.770s][info][gc,marking    ] GC(128) Concurrent Clear Claimed Marks 0.018ms
[4.770s][info][gc,marking    ] GC(128) Concurrent Scan Root Regions
[4.770s][info][gc,marking    ] GC(128) Concurrent Scan Root Regions 0.089ms
[4.770s][info][gc,marking    ] GC(128) Concurrent Mark (4.770s)
[4.770s][info][gc,marking    ] GC(128) Concurrent Mark From Roots
[4.770s][info][gc,task       ] GC(128) Using 2 workers of 2 for marking
[4.778s][info][gc,marking    ] GC(128) Concurrent Mark From Roots 8.124ms
[4.778s][info][gc,marking    ] GC(128) Concurrent Preclean
[4.779s][info][gc,marking    ] GC(128) Concurrent Preclean 0.191ms
[4.779s][info][gc,marking    ] GC(128) Concurrent Mark (4.770s, 4.779s) 8.467ms
[4.779s][info][gc,start      ] GC(128) Pause Remark
[4.781s][info][gc,stringtable] GC(128) Cleaned string and symbol table, strings: 4317 processed, 0 removed, symbols: 36588 processed, 0 removed
[4.781s][info][gc            ] GC(128) Pause Remark 600M->600M(1236M) 2.289ms
[4.781s][info][gc,cpu        ] GC(128) User=0.00s Sys=0.00s Real=0.01s
[4.781s][info][gc,marking    ] GC(128) Concurrent Rebuild Remembered Sets
[4.788s][info][gc,marking    ] GC(128) Concurrent Rebuild Remembered Sets 6.372ms
[4.788s][info][gc,start      ] GC(128) Pause Cleanup
[4.788s][info][gc            ] GC(128) Pause Cleanup 601M->601M(1236M) 0.197ms
[4.788s][info][gc,cpu        ] GC(128) User=0.00s Sys=0.00s Real=0.00s
[4.788s][info][gc,marking    ] GC(128) Concurrent Cleanup for Next Mark
[4.790s][info][gc,marking    ] GC(128) Concurrent Cleanup for Next Mark 1.744ms
[4.790s][info][gc            ] GC(128) Concurrent Cycle 19.964ms
[4.800s][info][gc,start      ] GC(129) Pause Young (Concurrent Start) (G1 Humongous Allocation)
[4.800s][info][gc,task       ] GC(129) Using 8 workers of 8 for evacuation
[4.802s][info][gc,phases     ] GC(129)   Pre Evacuate Collection Set: 0.1ms
[4.802s][info][gc,phases     ] GC(129)   Evacuate Collection Set: 1.0ms
[4.802s][info][gc,phases     ] GC(129)   Post Evacuate Collection Set: 0.1ms
[4.802s][info][gc,phases     ] GC(129)   Other: 0.2ms
[4.802s][info][gc,heap       ] GC(129) Eden regions: 4->0(485)
[4.802s][info][gc,heap       ] GC(129) Survivor regions: 1->1(62)
[4.802s][info][gc,heap       ] GC(129) Old regions: 26->26
[4.802s][info][gc,heap       ] GC(129) Humongous regions: 576->576
[4.802s][info][gc,metaspace  ] GC(129) Metaspace: 9775K->9775K(1058816K)
[4.802s][info][gc            ] GC(129) Pause Young (Concurrent Start) (G1 Humongous Allocation) 605M->601M(1236M) 1.536ms
[4.802s][info][gc,cpu        ] GC(129) User=0.00s Sys=0.00s Real=0.01s
[4.802s][info][gc            ] GC(130) Concurrent Cycle
[4.802s][info][gc,marking    ] GC(130) Concurrent Clear Claimed Marks
[4.802s][info][gc,marking    ] GC(130) Concurrent Clear Claimed Marks 0.016ms
[4.802s][info][gc,marking    ] GC(130) Concurrent Scan Root Regions
[4.802s][info][gc,marking    ] GC(130) Concurrent Scan Root Regions 0.082ms
[4.802s][info][gc,marking    ] GC(130) Concurrent Mark (4.802s)
[4.802s][info][gc,marking    ] GC(130) Concurrent Mark From Roots
[4.802s][info][gc,task       ] GC(130) Using 2 workers of 2 for marking
[4.808s][info][gc,marking    ] GC(130) Concurrent Mark From Roots 6.037ms
[4.808s][info][gc,marking    ] GC(130) Concurrent Preclean
[4.808s][info][gc,marking    ] GC(130) Concurrent Preclean 0.111ms
[4.808s][info][gc,marking    ] GC(130) Concurrent Mark (4.802s, 4.808s) 6.228ms
[4.808s][info][gc,start      ] GC(130) Pause Remark
[4.810s][info][gc,stringtable] GC(130) Cleaned string and symbol table, strings: 4317 processed, 0 removed, symbols: 36588 processed, 0 removed
[4.810s][info][gc            ] GC(130) Pause Remark 604M->604M(1236M) 1.824ms
[4.810s][info][gc,cpu        ] GC(130) User=0.01s Sys=0.00s Real=0.00s
[4.810s][info][gc,marking    ] GC(130) Concurrent Rebuild Remembered Sets
[4.815s][info][gc,marking    ] GC(130) Concurrent Rebuild Remembered Sets 4.375ms
[4.815s][info][gc,start      ] GC(130) Pause Cleanup
[4.815s][info][gc            ] GC(130) Pause Cleanup 605M->605M(1236M) 0.184ms
[4.815s][info][gc,cpu        ] GC(130) User=0.00s Sys=0.00s Real=0.00s
[4.815s][info][gc,marking    ] GC(130) Concurrent Cleanup for Next Mark
[4.817s][info][gc,marking    ] GC(130) Concurrent Cleanup for Next Mark 1.602ms
[4.817s][info][gc            ] GC(130) Concurrent Cycle 14.757ms
[4.826s][info][gc,start      ] GC(131) Pause Young (Concurrent Start) (G1 Humongous Allocation)
[4.826s][info][gc,task       ] GC(131) Using 8 workers of 8 for evacuation
[4.829s][info][gc,phases     ] GC(131)   Pre Evacuate Collection Set: 0.1ms
[4.829s][info][gc,phases     ] GC(131)   Evacuate Collection Set: 1.0ms
[4.829s][info][gc,phases     ] GC(131)   Post Evacuate Collection Set: 1.1ms
[4.829s][info][gc,phases     ] GC(131)   Other: 0.2ms
[4.829s][info][gc,heap       ] GC(131) Eden regions: 4->0(599)
[4.829s][info][gc,heap       ] GC(131) Survivor regions: 1->1(61)
[4.829s][info][gc,heap       ] GC(131) Old regions: 26->26
[4.829s][info][gc,heap       ] GC(131) Humongous regions: 580->580
[4.829s][info][gc,metaspace  ] GC(131) Metaspace: 9775K->9775K(1058816K)
[4.829s][info][gc            ] GC(131) Pause Young (Concurrent Start) (G1 Humongous Allocation) 609M->605M(1373M) 2.607ms
[4.829s][info][gc,cpu        ] GC(131) User=0.00s Sys=0.00s Real=0.00s
[4.829s][info][gc            ] GC(132) Concurrent Cycle
[4.829s][info][gc,marking    ] GC(132) Concurrent Clear Claimed Marks
[4.829s][info][gc,marking    ] GC(132) Concurrent Clear Claimed Marks 0.014ms
[4.829s][info][gc,marking    ] GC(132) Concurrent Scan Root Regions
[4.829s][info][gc,marking    ] GC(132) Concurrent Scan Root Regions 0.115ms
[4.829s][info][gc,marking    ] GC(132) Concurrent Mark (4.829s)
[4.829s][info][gc,marking    ] GC(132) Concurrent Mark From Roots
[4.829s][info][gc,task       ] GC(132) Using 2 workers of 2 for marking
[4.835s][info][gc,marking    ] GC(132) Concurrent Mark From Roots 5.566ms
[4.835s][info][gc,marking    ] GC(132) Concurrent Preclean
[4.835s][info][gc,marking    ] GC(132) Concurrent Preclean 0.077ms
[4.835s][info][gc,marking    ] GC(132) Concurrent Mark (4.829s, 4.835s) 5.701ms
[4.835s][info][gc,start      ] GC(132) Pause Remark
[4.836s][info][gc,stringtable] GC(132) Cleaned string and symbol table, strings: 4317 processed, 0 removed, symbols: 36588 processed, 0 removed
[4.837s][info][gc            ] GC(132) Pause Remark 608M->608M(1373M) 1.587ms
[4.837s][info][gc,cpu        ] GC(132) User=0.01s Sys=0.00s Real=0.00s
[4.837s][info][gc,marking    ] GC(132) Concurrent Rebuild Remembered Sets
[4.841s][info][gc,marking    ] GC(132) Concurrent Rebuild Remembered Sets 4.433ms
[4.842s][info][gc,start      ] GC(132) Pause Cleanup
[4.842s][info][gc            ] GC(132) Pause Cleanup 609M->609M(1373M) 0.253ms
[4.842s][info][gc,cpu        ] GC(132) User=0.00s Sys=0.00s Real=0.00s
[4.842s][info][gc,marking    ] GC(132) Concurrent Cleanup for Next Mark
[4.844s][info][gc,marking    ] GC(132) Concurrent Cleanup for Next Mark 2.269ms
[4.844s][info][gc            ] GC(132) Concurrent Cycle 15.077ms
[4.891s][info][gc,start      ] GC(133) Pause Young (Concurrent Start) (G1 Humongous Allocation)
[4.891s][info][gc,task       ] GC(133) Using 8 workers of 8 for evacuation
[4.893s][info][gc,phases     ] GC(133)   Pre Evacuate Collection Set: 0.2ms
[4.893s][info][gc,phases     ] GC(133)   Evacuate Collection Set: 1.5ms
[4.893s][info][gc,phases     ] GC(133)   Post Evacuate Collection Set: 0.2ms
[4.893s][info][gc,phases     ] GC(133)   Other: 0.3ms
[4.893s][info][gc,heap       ] GC(133) Eden regions: 10->0(590)
[4.893s][info][gc,heap       ] GC(133) Survivor regions: 1->1(75)
[4.893s][info][gc,heap       ] GC(133) Old regions: 26->26
[4.893s][info][gc,heap       ] GC(133) Humongous regions: 590->590
[4.893s][info][gc,metaspace  ] GC(133) Metaspace: 9775K->9775K(1058816K)
[4.893s][info][gc            ] GC(133) Pause Young (Concurrent Start) (G1 Humongous Allocation) 625M->615M(1373M) 2.242ms
[4.893s][info][gc,cpu        ] GC(133) User=0.00s Sys=0.00s Real=0.01s
[4.893s][info][gc            ] GC(134) Concurrent Cycle
[4.893s][info][gc,marking    ] GC(134) Concurrent Clear Claimed Marks
[4.893s][info][gc,marking    ] GC(134) Concurrent Clear Claimed Marks 0.021ms
[4.893s][info][gc,marking    ] GC(134) Concurrent Scan Root Regions
[4.893s][info][gc,marking    ] GC(134) Concurrent Scan Root Regions 0.089ms
[4.893s][info][gc,marking    ] GC(134) Concurrent Mark (4.893s)
[4.893s][info][gc,marking    ] GC(134) Concurrent Mark From Roots
[4.893s][info][gc,task       ] GC(134) Using 2 workers of 2 for marking
[4.901s][info][gc,marking    ] GC(134) Concurrent Mark From Roots 8.023ms
[4.901s][info][gc,marking    ] GC(134) Concurrent Preclean
[4.902s][info][gc,marking    ] GC(134) Concurrent Preclean 0.275ms
[4.902s][info][gc,marking    ] GC(134) Concurrent Mark (4.893s, 4.902s) 8.490ms
[4.902s][info][gc,start      ] GC(134) Pause Remark
[4.904s][info][gc,stringtable] GC(134) Cleaned string and symbol table, strings: 4317 processed, 0 removed, symbols: 36588 processed, 0 removed
[4.904s][info][gc            ] GC(134) Pause Remark 618M->618M(1373M) 1.840ms
[4.904s][info][gc,cpu        ] GC(134) User=0.00s Sys=0.00s Real=0.00s
[4.904s][info][gc,marking    ] GC(134) Concurrent Rebuild Remembered Sets
[4.911s][info][gc,marking    ] GC(134) Concurrent Rebuild Remembered Sets 6.822ms
[4.911s][info][gc,start      ] GC(134) Pause Cleanup
[4.911s][info][gc            ] GC(134) Pause Cleanup 621M->621M(1373M) 0.337ms
[4.911s][info][gc,cpu        ] GC(134) User=0.00s Sys=0.00s Real=0.01s
[4.911s][info][gc,marking    ] GC(134) Concurrent Cleanup for Next Mark
[4.914s][info][gc,marking    ] GC(134) Concurrent Cleanup for Next Mark 2.730ms
[4.914s][info][gc            ] GC(134) Concurrent Cycle 21.110ms
[4.925s][info][gc,start      ] GC(135) Pause Young (Concurrent Start) (G1 Humongous Allocation)
[4.925s][info][gc,task       ] GC(135) Using 8 workers of 8 for evacuation
[4.927s][info][gc,phases     ] GC(135)   Pre Evacuate Collection Set: 0.4ms
[4.927s][info][gc,phases     ] GC(135)   Evacuate Collection Set: 1.2ms
[4.927s][info][gc,phases     ] GC(135)   Post Evacuate Collection Set: 0.3ms
[4.927s][info][gc,phases     ] GC(135)   Other: 0.4ms
[4.927s][info][gc,heap       ] GC(135) Eden regions: 4->0(587)
[4.927s][info][gc,heap       ] GC(135) Survivor regions: 1->1(74)
[4.927s][info][gc,heap       ] GC(135) Old regions: 26->26
[4.927s][info][gc,heap       ] GC(135) Humongous regions: 594->594
[4.927s][info][gc,metaspace  ] GC(135) Metaspace: 9775K->9775K(1058816K)
[4.927s][info][gc            ] GC(135) Pause Young (Concurrent Start) (G1 Humongous Allocation) 623M->619M(1373M) 2.394ms
[4.927s][info][gc,cpu        ] GC(135) User=0.00s Sys=0.00s Real=0.00s
[4.927s][info][gc            ] GC(136) Concurrent Cycle
[4.927s][info][gc,marking    ] GC(136) Concurrent Clear Claimed Marks
[4.927s][info][gc,marking    ] GC(136) Concurrent Clear Claimed Marks 0.017ms
[4.927s][info][gc,marking    ] GC(136) Concurrent Scan Root Regions
[4.928s][info][gc,marking    ] GC(136) Concurrent Scan Root Regions 0.091ms
[4.928s][info][gc,marking    ] GC(136) Concurrent Mark (4.928s)
[4.928s][info][gc,marking    ] GC(136) Concurrent Mark From Roots
[4.928s][info][gc,task       ] GC(136) Using 2 workers of 2 for marking
[4.936s][info][gc,marking    ] GC(136) Concurrent Mark From Roots 8.159ms
[4.936s][info][gc,marking    ] GC(136) Concurrent Preclean
[4.936s][info][gc,marking    ] GC(136) Concurrent Preclean 0.126ms
[4.936s][info][gc,marking    ] GC(136) Concurrent Mark (4.928s, 4.936s) 8.408ms
[4.936s][info][gc,start      ] GC(136) Pause Remark
[4.938s][info][gc,stringtable] GC(136) Cleaned string and symbol table, strings: 4317 processed, 0 removed, symbols: 36588 processed, 0 removed
[4.938s][info][gc            ] GC(136) Pause Remark 622M->622M(1373M) 1.895ms
[4.938s][info][gc,cpu        ] GC(136) User=0.01s Sys=0.00s Real=0.00s
[4.938s][info][gc,marking    ] GC(136) Concurrent Rebuild Remembered Sets
[4.944s][info][gc,marking    ] GC(136) Concurrent Rebuild Remembered Sets 6.113ms
[4.944s][info][gc,start      ] GC(136) Pause Cleanup
[4.945s][info][gc            ] GC(136) Pause Cleanup 625M->625M(1373M) 0.227ms
[4.945s][info][gc,cpu        ] GC(136) User=0.00s Sys=0.00s Real=0.00s
[4.945s][info][gc,marking    ] GC(136) Concurrent Cleanup for Next Mark
[4.947s][info][gc,marking    ] GC(136) Concurrent Cleanup for Next Mark 2.592ms
[4.947s][info][gc            ] GC(136) Concurrent Cycle 20.019ms
[4.960s][info][gc,start      ] GC(137) Pause Young (Concurrent Start) (G1 Humongous Allocation)
[4.960s][info][gc,task       ] GC(137) Using 8 workers of 8 for evacuation
[4.961s][info][gc,phases     ] GC(137)   Pre Evacuate Collection Set: 0.3ms
[4.961s][info][gc,phases     ] GC(137)   Evacuate Collection Set: 1.0ms
[4.961s][info][gc,phases     ] GC(137)   Post Evacuate Collection Set: 0.1ms
[4.961s][info][gc,phases     ] GC(137)   Other: 0.2ms
[4.961s][info][gc,heap       ] GC(137) Eden regions: 4->0(586)
[4.961s][info][gc,heap       ] GC(137) Survivor regions: 1->1(74)
[4.961s][info][gc,heap       ] GC(137) Old regions: 26->26
[4.961s][info][gc,heap       ] GC(137) Humongous regions: 598->598
[4.962s][info][gc,metaspace  ] GC(137) Metaspace: 9775K->9775K(1058816K)
[4.962s][info][gc            ] GC(137) Pause Young (Concurrent Start) (G1 Humongous Allocation) 627M->623M(1373M) 1.776ms
[4.962s][info][gc,cpu        ] GC(137) User=0.00s Sys=0.00s Real=0.01s
[4.962s][info][gc            ] GC(138) Concurrent Cycle
[4.962s][info][gc,marking    ] GC(138) Concurrent Clear Claimed Marks
[4.962s][info][gc,marking    ] GC(138) Concurrent Clear Claimed Marks 0.019ms
[4.962s][info][gc,marking    ] GC(138) Concurrent Scan Root Regions
[4.962s][info][gc,marking    ] GC(138) Concurrent Scan Root Regions 0.086ms
[4.962s][info][gc,marking    ] GC(138) Concurrent Mark (4.962s)
[4.962s][info][gc,marking    ] GC(138) Concurrent Mark From Roots
[4.962s][info][gc,task       ] GC(138) Using 2 workers of 2 for marking
[4.969s][info][gc,marking    ] GC(138) Concurrent Mark From Roots 7.646ms
[4.969s][info][gc,marking    ] GC(138) Concurrent Preclean
[4.970s][info][gc,marking    ] GC(138) Concurrent Preclean 0.132ms
[4.970s][info][gc,marking    ] GC(138) Concurrent Mark (4.962s, 4.970s) 7.864ms
[4.970s][info][gc,start      ] GC(138) Pause Remark
[4.972s][info][gc,stringtable] GC(138) Cleaned string and symbol table, strings: 4317 processed, 0 removed, symbols: 36588 processed, 0 removed
[4.972s][info][gc            ] GC(138) Pause Remark 626M->626M(1373M) 2.396ms
[4.972s][info][gc,cpu        ] GC(138) User=0.01s Sys=0.00s Real=0.01s
[4.972s][info][gc,marking    ] GC(138) Concurrent Rebuild Remembered Sets
[4.979s][info][gc,marking    ] GC(138) Concurrent Rebuild Remembered Sets 7.008ms
[4.979s][info][gc,start      ] GC(138) Pause Cleanup
[4.980s][info][gc            ] GC(138) Pause Cleanup 627M->627M(1373M) 0.201ms
[4.980s][info][gc,cpu        ] GC(138) User=0.00s Sys=0.00s Real=0.00s
[4.980s][info][gc,marking    ] GC(138) Concurrent Cleanup for Next Mark
[4.982s][info][gc,marking    ] GC(138) Concurrent Cleanup for Next Mark 1.969ms
[4.982s][info][gc            ] GC(138) Concurrent Cycle 20.148ms
[4.994s][info][gc,start      ] GC(139) Pause Young (Concurrent Start) (G1 Humongous Allocation)
[4.994s][info][gc,task       ] GC(139) Using 8 workers of 8 for evacuation
[4.995s][info][gc,phases     ] GC(139)   Pre Evacuate Collection Set: 0.2ms
[4.996s][info][gc,phases     ] GC(139)   Evacuate Collection Set: 1.2ms
[4.996s][info][gc,phases     ] GC(139)   Post Evacuate Collection Set: 0.2ms
[4.996s][info][gc,phases     ] GC(139)   Other: 0.3ms
[4.996s][info][gc,heap       ] GC(139) Eden regions: 4->0(583)
[4.996s][info][gc,heap       ] GC(139) Survivor regions: 1->1(74)
[4.996s][info][gc,heap       ] GC(139) Old regions: 26->26
[4.996s][info][gc,heap       ] GC(139) Humongous regions: 602->602
[4.996s][info][gc,metaspace  ] GC(139) Metaspace: 9775K->9775K(1058816K)
[4.996s][info][gc            ] GC(139) Pause Young (Concurrent Start) (G1 Humongous Allocation) 631M->627M(1373M) 1.917ms
[4.996s][info][gc,cpu        ] GC(139) User=0.01s Sys=0.00s Real=0.00s
[4.996s][info][gc            ] GC(140) Concurrent Cycle
[4.996s][info][gc,marking    ] GC(140) Concurrent Clear Claimed Marks
[4.996s][info][gc,marking    ] GC(140) Concurrent Clear Claimed Marks 0.012ms
[4.996s][info][gc,marking    ] GC(140) Concurrent Scan Root Regions
[4.996s][info][gc,marking    ] GC(140) Concurrent Scan Root Regions 0.068ms
[4.996s][info][gc,marking    ] GC(140) Concurrent Mark (4.996s)
[4.996s][info][gc,marking    ] GC(140) Concurrent Mark From Roots
[4.996s][info][gc,task       ] GC(140) Using 2 workers of 2 for marking
[5.002s][info][gc,marking    ] GC(140) Concurrent Mark From Roots 5.771ms
[5.002s][info][gc,marking    ] GC(140) Concurrent Preclean
[5.002s][info][gc,marking    ] GC(140) Concurrent Preclean 0.081ms
[5.002s][info][gc,marking    ] GC(140) Concurrent Mark (4.996s, 5.002s) 5.922ms
[5.002s][info][gc,start      ] GC(140) Pause Remark
[5.003s][info][gc,stringtable] GC(140) Cleaned string and symbol table, strings: 4317 processed, 0 removed, symbols: 36588 processed, 0 removed
[5.004s][info][gc            ] GC(140) Pause Remark 630M->630M(1373M) 1.666ms
[5.004s][info][gc,cpu        ] GC(140) User=0.01s Sys=0.00s Real=0.00s
[5.004s][info][gc,marking    ] GC(140) Concurrent Rebuild Remembered Sets
[5.008s][info][gc,marking    ] GC(140) Concurrent Rebuild Remembered Sets 4.658ms
[5.009s][info][gc,start      ] GC(140) Pause Cleanup
[5.009s][info][gc            ] GC(140) Pause Cleanup 633M->633M(1373M) 0.203ms
[5.009s][info][gc,cpu        ] GC(140) User=0.00s Sys=0.00s Real=0.00s
[5.009s][info][gc,marking    ] GC(140) Concurrent Cleanup for Next Mark
[5.011s][info][gc,marking    ] GC(140) Concurrent Cleanup for Next Mark 2.042ms
[5.011s][info][gc            ] GC(140) Concurrent Cycle 15.247ms
[5.019s][info][gc,start      ] GC(141) Pause Young (Concurrent Start) (G1 Humongous Allocation)
[5.019s][info][gc,task       ] GC(141) Using 8 workers of 8 for evacuation
[5.021s][info][gc,phases     ] GC(141)   Pre Evacuate Collection Set: 0.2ms
[5.021s][info][gc,phases     ] GC(141)   Evacuate Collection Set: 1.1ms
[5.021s][info][gc,phases     ] GC(141)   Post Evacuate Collection Set: 1.1ms
[5.021s][info][gc,phases     ] GC(141)   Other: 0.2ms
[5.021s][info][gc,heap       ] GC(141) Eden regions: 4->0(689)
[5.021s][info][gc,heap       ] GC(141) Survivor regions: 1->1(73)
[5.021s][info][gc,heap       ] GC(141) Old regions: 26->26
[5.021s][info][gc,heap       ] GC(141) Humongous regions: 606->606
[5.021s][info][gc,metaspace  ] GC(141) Metaspace: 9775K->9775K(1058816K)
[5.021s][info][gc            ] GC(141) Pause Young (Concurrent Start) (G1 Humongous Allocation) 635M->631M(1497M) 2.702ms
[5.021s][info][gc,cpu        ] GC(141) User=0.01s Sys=0.01s Real=0.01s
[5.021s][info][gc            ] GC(142) Concurrent Cycle
[5.021s][info][gc,marking    ] GC(142) Concurrent Clear Claimed Marks
[5.021s][info][gc,marking    ] GC(142) Concurrent Clear Claimed Marks 0.041ms
[5.021s][info][gc,marking    ] GC(142) Concurrent Scan Root Regions
[5.022s][info][gc,marking    ] GC(142) Concurrent Scan Root Regions 0.089ms
[5.022s][info][gc,marking    ] GC(142) Concurrent Mark (5.022s)
[5.022s][info][gc,marking    ] GC(142) Concurrent Mark From Roots
[5.022s][info][gc,task       ] GC(142) Using 2 workers of 2 for marking
[5.027s][info][gc,marking    ] GC(142) Concurrent Mark From Roots 5.611ms
[5.027s][info][gc,marking    ] GC(142) Concurrent Preclean
[5.027s][info][gc,marking    ] GC(142) Concurrent Preclean 0.097ms
[5.027s][info][gc,marking    ] GC(142) Concurrent Mark (5.022s, 5.027s) 5.814ms
[5.028s][info][gc,start      ] GC(142) Pause Remark
[5.029s][info][gc,stringtable] GC(142) Cleaned string and symbol table, strings: 4317 processed, 0 removed, symbols: 36588 processed, 0 removed
[5.029s][info][gc            ] GC(142) Pause Remark 634M->634M(1497M) 1.864ms
[5.030s][info][gc,cpu        ] GC(142) User=0.00s Sys=0.00s Real=0.00s
[5.030s][info][gc,marking    ] GC(142) Concurrent Rebuild Remembered Sets
[5.034s][info][gc,marking    ] GC(142) Concurrent Rebuild Remembered Sets 4.679ms
[5.034s][info][gc,start      ] GC(142) Pause Cleanup
[5.035s][info][gc            ] GC(142) Pause Cleanup 635M->635M(1497M) 0.187ms
[5.035s][info][gc,cpu        ] GC(142) User=0.00s Sys=0.00s Real=0.00s
[5.035s][info][gc,marking    ] GC(142) Concurrent Cleanup for Next Mark
[5.037s][info][gc,marking    ] GC(142) Concurrent Cleanup for Next Mark 2.293ms
[5.037s][info][gc            ] GC(142) Concurrent Cycle 15.601ms
[5.289s][info][gc,start      ] GC(143) Pause Young (Concurrent Start) (G1 Humongous Allocation)
[5.289s][info][gc,task       ] GC(143) Using 8 workers of 8 for evacuation
[5.290s][info][gc,phases     ] GC(143)   Pre Evacuate Collection Set: 0.2ms
[5.290s][info][gc,phases     ] GC(143)   Evacuate Collection Set: 1.0ms
[5.291s][info][gc,phases     ] GC(143)   Post Evacuate Collection Set: 0.3ms
[5.291s][info][gc,phases     ] GC(143)   Other: 0.3ms
[5.291s][info][gc,heap       ] GC(143) Eden regions: 39->0(652)
[5.291s][info][gc,heap       ] GC(143) Survivor regions: 1->1(87)
[5.291s][info][gc,heap       ] GC(143) Old regions: 26->26
[5.291s][info][gc,heap       ] GC(143) Humongous regions: 646->646
[5.291s][info][gc,metaspace  ] GC(143) Metaspace: 9775K->9775K(1058816K)
[5.291s][info][gc            ] GC(143) Pause Young (Concurrent Start) (G1 Humongous Allocation) 710M->671M(1497M) 1.944ms
[5.291s][info][gc,cpu        ] GC(143) User=0.01s Sys=0.00s Real=0.00s
[5.291s][info][gc            ] GC(144) Concurrent Cycle
[5.291s][info][gc,marking    ] GC(144) Concurrent Clear Claimed Marks
[5.291s][info][gc,marking    ] GC(144) Concurrent Clear Claimed Marks 0.021ms
[5.291s][info][gc,marking    ] GC(144) Concurrent Scan Root Regions
[5.291s][info][gc,marking    ] GC(144) Concurrent Scan Root Regions 0.128ms
[5.291s][info][gc,marking    ] GC(144) Concurrent Mark (5.291s)
[5.291s][info][gc,marking    ] GC(144) Concurrent Mark From Roots
[5.291s][info][gc,task       ] GC(144) Using 2 workers of 2 for marking
[5.298s][info][gc,marking    ] GC(144) Concurrent Mark From Roots 6.589ms
[5.298s][info][gc,marking    ] GC(144) Concurrent Preclean
[5.298s][info][gc,marking    ] GC(144) Concurrent Preclean 0.089ms
[5.298s][info][gc,marking    ] GC(144) Concurrent Mark (5.291s, 5.298s) 6.750ms
[5.298s][info][gc,start      ] GC(144) Pause Remark
[5.299s][info][gc,stringtable] GC(144) Cleaned string and symbol table, strings: 4321 processed, 0 removed, symbols: 36588 processed, 0 removed
[5.300s][info][gc            ] GC(144) Pause Remark 674M->674M(1497M) 1.831ms
[5.300s][info][gc,cpu        ] GC(144) User=0.01s Sys=0.00s Real=0.00s
[5.300s][info][gc,marking    ] GC(144) Concurrent Rebuild Remembered Sets
[5.305s][info][gc,marking    ] GC(144) Concurrent Rebuild Remembered Sets 5.127ms
[5.305s][info][gc,start      ] GC(144) Pause Cleanup
[5.305s][info][gc            ] GC(144) Pause Cleanup 675M->675M(1497M) 0.261ms
[5.305s][info][gc,cpu        ] GC(144) User=0.00s Sys=0.00s Real=0.00s
[5.305s][info][gc,marking    ] GC(144) Concurrent Cleanup for Next Mark
[5.308s][info][gc,marking    ] GC(144) Concurrent Cleanup for Next Mark 3.025ms
[5.308s][info][gc            ] GC(144) Concurrent Cycle 17.769ms
[5.320s][info][gc,start      ] GC(145) Pause Young (Concurrent Start) (G1 Humongous Allocation)
[5.320s][info][gc,task       ] GC(145) Using 8 workers of 8 for evacuation
[5.322s][info][gc,phases     ] GC(145)   Pre Evacuate Collection Set: 0.2ms
[5.322s][info][gc,phases     ] GC(145)   Evacuate Collection Set: 1.2ms
[5.322s][info][gc,phases     ] GC(145)   Post Evacuate Collection Set: 0.2ms
[5.322s][info][gc,phases     ] GC(145)   Other: 0.3ms
[5.322s][info][gc,heap       ] GC(145) Eden regions: 4->0(645)
[5.322s][info][gc,heap       ] GC(145) Survivor regions: 1->1(82)
[5.322s][info][gc,heap       ] GC(145) Old regions: 26->26
[5.322s][info][gc,heap       ] GC(145) Humongous regions: 650->650
[5.322s][info][gc,metaspace  ] GC(145) Metaspace: 9775K->9775K(1058816K)
[5.322s][info][gc            ] GC(145) Pause Young (Concurrent Start) (G1 Humongous Allocation) 679M->675M(1497M) 1.900ms
[5.322s][info][gc,cpu        ] GC(145) User=0.00s Sys=0.00s Real=0.01s
[5.322s][info][gc            ] GC(146) Concurrent Cycle
[5.322s][info][gc,marking    ] GC(146) Concurrent Clear Claimed Marks
[5.322s][info][gc,marking    ] GC(146) Concurrent Clear Claimed Marks 0.012ms
[5.322s][info][gc,marking    ] GC(146) Concurrent Scan Root Regions
[5.322s][info][gc,marking    ] GC(146) Concurrent Scan Root Regions 0.095ms
[5.322s][info][gc,marking    ] GC(146) Concurrent Mark (5.322s)
[5.322s][info][gc,marking    ] GC(146) Concurrent Mark From Roots
[5.322s][info][gc,task       ] GC(146) Using 2 workers of 2 for marking
[5.328s][info][gc,marking    ] GC(146) Concurrent Mark From Roots 6.101ms
[5.328s][info][gc,marking    ] GC(146) Concurrent Preclean
[5.328s][info][gc,marking    ] GC(146) Concurrent Preclean 0.122ms
[5.328s][info][gc,marking    ] GC(146) Concurrent Mark (5.322s, 5.328s) 6.334ms
[5.329s][info][gc,start      ] GC(146) Pause Remark
[5.330s][info][gc,stringtable] GC(146) Cleaned string and symbol table, strings: 4321 processed, 0 removed, symbols: 36588 processed, 0 removed
[5.335s][info][gc            ] GC(146) Pause Remark 678M->678M(1497M) 5.906ms
[5.335s][info][gc,cpu        ] GC(146) User=0.01s Sys=0.00s Real=0.01s
[5.335s][info][gc,marking    ] GC(146) Concurrent Rebuild Remembered Sets
[5.339s][info][gc,marking    ] GC(146) Concurrent Rebuild Remembered Sets 4.893ms
[5.340s][info][gc,start      ] GC(146) Pause Cleanup
[5.343s][info][gc            ] GC(146) Pause Cleanup 679M->679M(1497M) 3.552ms
[5.343s][info][gc,cpu        ] GC(146) User=0.00s Sys=0.00s Real=0.01s
[5.344s][info][gc,marking    ] GC(146) Concurrent Cleanup for Next Mark
[5.346s][info][gc,marking    ] GC(146) Concurrent Cleanup for Next Mark 2.022ms
[5.346s][info][gc            ] GC(146) Concurrent Cycle 23.704ms
[5.346s][info][gc,start      ] GC(147) Pause Young (Concurrent Start) (G1 Humongous Allocation)
[5.349s][info][gc,task       ] GC(147) Using 8 workers of 8 for evacuation
[5.350s][info][gc,phases     ] GC(147)   Pre Evacuate Collection Set: 0.2ms
[5.354s][info][gc,phases     ] GC(147)   Evacuate Collection Set: 1.0ms
[5.354s][info][gc,phases     ] GC(147)   Post Evacuate Collection Set: 0.2ms
[5.354s][info][gc,phases     ] GC(147)   Other: 2.8ms
[5.354s][info][gc,heap       ] GC(147) Eden regions: 2->0(641)
[5.354s][info][gc,heap       ] GC(147) Survivor regions: 1->1(81)
[5.354s][info][gc,heap       ] GC(147) Old regions: 26->26
[5.354s][info][gc,heap       ] GC(147) Humongous regions: 652->652
[5.354s][info][gc,metaspace  ] GC(147) Metaspace: 9775K->9775K(1058816K)
[5.354s][info][gc            ] GC(147) Pause Young (Concurrent Start) (G1 Humongous Allocation) 679M->677M(1497M) 8.010ms
[5.354s][info][gc,cpu        ] GC(147) User=0.00s Sys=0.00s Real=0.01s
[5.354s][info][gc            ] GC(148) Concurrent Cycle
[5.354s][info][gc,marking    ] GC(148) Concurrent Clear Claimed Marks
[5.354s][info][gc,marking    ] GC(148) Concurrent Clear Claimed Marks 0.016ms
[5.354s][info][gc,marking    ] GC(148) Concurrent Scan Root Regions
[5.354s][info][gc,marking    ] GC(148) Concurrent Scan Root Regions 0.083ms
[5.354s][info][gc,marking    ] GC(148) Concurrent Mark (5.354s)
[5.354s][info][gc,marking    ] GC(148) Concurrent Mark From Roots
[5.354s][info][gc,task       ] GC(148) Using 2 workers of 2 for marking
[5.360s][info][gc,marking    ] GC(148) Concurrent Mark From Roots 5.387ms
[5.360s][info][gc,marking    ] GC(148) Concurrent Preclean
[5.360s][info][gc,marking    ] GC(148) Concurrent Preclean 0.113ms
[5.360s][info][gc,marking    ] GC(148) Concurrent Mark (5.354s, 5.360s) 5.603ms
[5.360s][info][gc,start      ] GC(148) Pause Remark
[5.361s][info][gc,stringtable] GC(148) Cleaned string and symbol table, strings: 4321 processed, 0 removed, symbols: 36588 processed, 0 removed
[5.362s][info][gc            ] GC(148) Pause Remark 680M->680M(1497M) 1.584ms
[5.362s][info][gc,cpu        ] GC(148) User=0.01s Sys=0.00s Real=0.01s
[5.362s][info][gc,marking    ] GC(148) Concurrent Rebuild Remembered Sets
[5.366s][info][gc,marking    ] GC(148) Concurrent Rebuild Remembered Sets 4.459ms
[5.366s][info][gc,start      ] GC(148) Pause Cleanup
[5.366s][info][gc            ] GC(148) Pause Cleanup 681M->681M(1497M) 0.218ms
[5.366s][info][gc,cpu        ] GC(148) User=0.00s Sys=0.00s Real=0.00s
[5.366s][info][gc,marking    ] GC(148) Concurrent Cleanup for Next Mark
[5.368s][info][gc,marking    ] GC(148) Concurrent Cleanup for Next Mark 1.907ms
[5.368s][info][gc            ] GC(148) Concurrent Cycle 14.364ms
[5.378s][info][gc,start      ] GC(149) Pause Young (Concurrent Start) (G1 Humongous Allocation)
[5.378s][info][gc,task       ] GC(149) Using 8 workers of 8 for evacuation
[5.379s][info][gc,phases     ] GC(149)   Pre Evacuate Collection Set: 0.2ms
[5.379s][info][gc,phases     ] GC(149)   Evacuate Collection Set: 0.5ms
[5.379s][info][gc,phases     ] GC(149)   Post Evacuate Collection Set: 0.1ms
[5.379s][info][gc,phases     ] GC(149)   Other: 0.2ms
[5.379s][info][gc,heap       ] GC(149) Eden regions: 4->0(636)
[5.379s][info][gc,heap       ] GC(149) Survivor regions: 1->1(81)
[5.379s][info][gc,heap       ] GC(149) Old regions: 26->26
[5.379s][info][gc,heap       ] GC(149) Humongous regions: 656->656
[5.379s][info][gc,metaspace  ] GC(149) Metaspace: 9775K->9775K(1058816K)
[5.379s][info][gc            ] GC(149) Pause Young (Concurrent Start) (G1 Humongous Allocation) 685M->681M(1497M) 1.087ms
[5.379s][info][gc,cpu        ] GC(149) User=0.00s Sys=0.00s Real=0.00s
[5.379s][info][gc            ] GC(150) Concurrent Cycle
[5.379s][info][gc,marking    ] GC(150) Concurrent Clear Claimed Marks
[5.379s][info][gc,marking    ] GC(150) Concurrent Clear Claimed Marks 0.014ms
[5.379s][info][gc,marking    ] GC(150) Concurrent Scan Root Regions
[5.380s][info][gc,marking    ] GC(150) Concurrent Scan Root Regions 0.061ms
[5.380s][info][gc,marking    ] GC(150) Concurrent Mark (5.380s)
[5.380s][info][gc,marking    ] GC(150) Concurrent Mark From Roots
[5.380s][info][gc,task       ] GC(150) Using 2 workers of 2 for marking
[5.385s][info][gc,marking    ] GC(150) Concurrent Mark From Roots 5.011ms
[5.385s][info][gc,marking    ] GC(150) Concurrent Preclean
[5.385s][info][gc,marking    ] GC(150) Concurrent Preclean 0.090ms
[5.385s][info][gc,marking    ] GC(150) Concurrent Mark (5.380s, 5.385s) 5.208ms
[5.385s][info][gc,start      ] GC(150) Pause Remark
[5.385s][info][gc,stringtable] GC(150) Cleaned string and symbol table, strings: 4321 processed, 0 removed, symbols: 36588 processed, 0 removed
[5.386s][info][gc            ] GC(150) Pause Remark 684M->684M(1497M) 0.979ms
[5.386s][info][gc,cpu        ] GC(150) User=0.01s Sys=0.00s Real=0.00s
[5.386s][info][gc,marking    ] GC(150) Concurrent Rebuild Remembered Sets
[5.390s][info][gc,marking    ] GC(150) Concurrent Rebuild Remembered Sets 4.545ms
[5.391s][info][gc,start      ] GC(150) Pause Cleanup
[5.391s][info][gc            ] GC(150) Pause Cleanup 685M->685M(1497M) 0.273ms
[5.391s][info][gc,cpu        ] GC(150) User=0.00s Sys=0.00s Real=0.00s
[5.391s][info][gc,marking    ] GC(150) Concurrent Cleanup for Next Mark
[5.393s][info][gc,marking    ] GC(150) Concurrent Cleanup for Next Mark 2.046ms
[5.393s][info][gc            ] GC(150) Concurrent Cycle 13.601ms
[5.403s][info][gc,start      ] GC(151) Pause Young (Concurrent Start) (G1 Humongous Allocation)
[5.403s][info][gc,task       ] GC(151) Using 8 workers of 8 for evacuation
[5.404s][info][gc,phases     ] GC(151)   Pre Evacuate Collection Set: 0.2ms
[5.404s][info][gc,phases     ] GC(151)   Evacuate Collection Set: 0.4ms
[5.404s][info][gc,phases     ] GC(151)   Post Evacuate Collection Set: 0.1ms
[5.404s][info][gc,phases     ] GC(151)   Other: 0.2ms
[5.404s][info][gc,heap       ] GC(151) Eden regions: 4->0(632)
[5.404s][info][gc,heap       ] GC(151) Survivor regions: 1->1(80)
[5.404s][info][gc,heap       ] GC(151) Old regions: 26->26
[5.404s][info][gc,heap       ] GC(151) Humongous regions: 660->660
[5.404s][info][gc,metaspace  ] GC(151) Metaspace: 9775K->9775K(1058816K)
[5.404s][info][gc            ] GC(151) Pause Young (Concurrent Start) (G1 Humongous Allocation) 689M->685M(1497M) 1.011ms
[5.404s][info][gc,cpu        ] GC(151) User=0.00s Sys=0.00s Real=0.00s
[5.404s][info][gc            ] GC(152) Concurrent Cycle
[5.404s][info][gc,marking    ] GC(152) Concurrent Clear Claimed Marks
[5.404s][info][gc,marking    ] GC(152) Concurrent Clear Claimed Marks 0.012ms
[5.404s][info][gc,marking    ] GC(152) Concurrent Scan Root Regions
[5.405s][info][gc,marking    ] GC(152) Concurrent Scan Root Regions 0.061ms
[5.405s][info][gc,marking    ] GC(152) Concurrent Mark (5.405s)
[5.405s][info][gc,marking    ] GC(152) Concurrent Mark From Roots
[5.405s][info][gc,task       ] GC(152) Using 2 workers of 2 for marking
[5.410s][info][gc,marking    ] GC(152) Concurrent Mark From Roots 5.111ms
[5.410s][info][gc,marking    ] GC(152) Concurrent Preclean
[5.410s][info][gc,marking    ] GC(152) Concurrent Preclean 0.075ms
[5.410s][info][gc,marking    ] GC(152) Concurrent Mark (5.405s, 5.410s) 5.242ms
[5.410s][info][gc,start      ] GC(152) Pause Remark
[5.410s][info][gc,stringtable] GC(152) Cleaned string and symbol table, strings: 4321 processed, 0 removed, symbols: 36588 processed, 0 removed
[5.411s][info][gc            ] GC(152) Pause Remark 688M->688M(1497M) 0.810ms
[5.411s][info][gc,cpu        ] GC(152) User=0.00s Sys=0.00s Real=0.00s
[5.411s][info][gc,marking    ] GC(152) Concurrent Rebuild Remembered Sets
[5.415s][info][gc,marking    ] GC(152) Concurrent Rebuild Remembered Sets 4.441ms
[5.415s][info][gc,start      ] GC(152) Pause Cleanup
[5.415s][info][gc            ] GC(152) Pause Cleanup 689M->689M(1497M) 0.158ms
[5.415s][info][gc,cpu        ] GC(152) User=0.00s Sys=0.00s Real=0.00s
[5.415s][info][gc,marking    ] GC(152) Concurrent Cleanup for Next Mark
[5.417s][info][gc,marking    ] GC(152) Concurrent Cleanup for Next Mark 1.868ms
[5.417s][info][gc            ] GC(152) Concurrent Cycle 12.932ms
[5.428s][info][gc,start      ] GC(153) Pause Young (Concurrent Start) (G1 Humongous Allocation)
[5.428s][info][gc,task       ] GC(153) Using 8 workers of 8 for evacuation
[5.429s][info][gc,phases     ] GC(153)   Pre Evacuate Collection Set: 0.2ms
[5.429s][info][gc,phases     ] GC(153)   Evacuate Collection Set: 0.5ms
[5.429s][info][gc,phases     ] GC(153)   Post Evacuate Collection Set: 0.2ms
[5.429s][info][gc,phases     ] GC(153)   Other: 0.2ms
[5.429s][info][gc,heap       ] GC(153) Eden regions: 4->0(628)
[5.429s][info][gc,heap       ] GC(153) Survivor regions: 1->1(80)
[5.429s][info][gc,heap       ] GC(153) Old regions: 26->26
[5.429s][info][gc,heap       ] GC(153) Humongous regions: 664->664
[5.429s][info][gc,metaspace  ] GC(153) Metaspace: 9775K->9775K(1058816K)
[5.429s][info][gc            ] GC(153) Pause Young (Concurrent Start) (G1 Humongous Allocation) 693M->689M(1497M) 1.235ms
[5.429s][info][gc,cpu        ] GC(153) User=0.00s Sys=0.00s Real=0.00s
[5.429s][info][gc            ] GC(154) Concurrent Cycle
[5.429s][info][gc,marking    ] GC(154) Concurrent Clear Claimed Marks
[5.429s][info][gc,marking    ] GC(154) Concurrent Clear Claimed Marks 0.013ms
[5.429s][info][gc,marking    ] GC(154) Concurrent Scan Root Regions
[5.429s][info][gc,marking    ] GC(154) Concurrent Scan Root Regions 0.073ms
[5.429s][info][gc,marking    ] GC(154) Concurrent Mark (5.429s)
[5.429s][info][gc,marking    ] GC(154) Concurrent Mark From Roots
[5.429s][info][gc,task       ] GC(154) Using 2 workers of 2 for marking
[5.434s][info][gc,marking    ] GC(154) Concurrent Mark From Roots 4.970ms
[5.434s][info][gc,marking    ] GC(154) Concurrent Preclean
[5.435s][info][gc,marking    ] GC(154) Concurrent Preclean 0.073ms
[5.435s][info][gc,marking    ] GC(154) Concurrent Mark (5.429s, 5.435s) 5.098ms
[5.435s][info][gc,start      ] GC(154) Pause Remark
[5.435s][info][gc,stringtable] GC(154) Cleaned string and symbol table, strings: 4321 processed, 0 removed, symbols: 36588 processed, 0 removed
[5.435s][info][gc            ] GC(154) Pause Remark 692M->692M(1497M) 0.831ms
[5.435s][info][gc,cpu        ] GC(154) User=0.00s Sys=0.00s Real=0.00s
[5.436s][info][gc,marking    ] GC(154) Concurrent Rebuild Remembered Sets
[5.440s][info][gc,marking    ] GC(154) Concurrent Rebuild Remembered Sets 4.544ms
[5.440s][info][gc,start      ] GC(154) Pause Cleanup
[5.440s][info][gc            ] GC(154) Pause Cleanup 693M->693M(1497M) 0.197ms
[5.440s][info][gc,cpu        ] GC(154) User=0.00s Sys=0.00s Real=0.00s
[5.440s][info][gc,marking    ] GC(154) Concurrent Cleanup for Next Mark
[5.442s][info][gc,marking    ] GC(154) Concurrent Cleanup for Next Mark 1.942ms
[5.442s][info][gc            ] GC(154) Concurrent Cycle 13.106ms
[5.443s][info][gc,start      ] GC(155) Pause Young (Concurrent Start) (G1 Humongous Allocation)
[5.443s][info][gc,task       ] GC(155) Using 8 workers of 8 for evacuation
[5.444s][info][gc,phases     ] GC(155)   Pre Evacuate Collection Set: 0.2ms
[5.444s][info][gc,phases     ] GC(155)   Evacuate Collection Set: 0.5ms
[5.444s][info][gc,phases     ] GC(155)   Post Evacuate Collection Set: 0.1ms
[5.444s][info][gc,phases     ] GC(155)   Other: 0.2ms
[5.444s][info][gc,heap       ] GC(155) Eden regions: 2->0(626)
[5.444s][info][gc,heap       ] GC(155) Survivor regions: 1->1(79)
[5.444s][info][gc,heap       ] GC(155) Old regions: 26->26
[5.444s][info][gc,heap       ] GC(155) Humongous regions: 666->666
[5.444s][info][gc,metaspace  ] GC(155) Metaspace: 9775K->9775K(1058816K)
[5.444s][info][gc            ] GC(155) Pause Young (Concurrent Start) (G1 Humongous Allocation) 693M->691M(1497M) 1.012ms
[5.444s][info][gc,cpu        ] GC(155) User=0.00s Sys=0.00s Real=0.00s
[5.444s][info][gc            ] GC(156) Concurrent Cycle
[5.444s][info][gc,marking    ] GC(156) Concurrent Clear Claimed Marks
[5.444s][info][gc,marking    ] GC(156) Concurrent Clear Claimed Marks 0.016ms
[5.444s][info][gc,marking    ] GC(156) Concurrent Scan Root Regions
[5.444s][info][gc,marking    ] GC(156) Concurrent Scan Root Regions 0.065ms
[5.444s][info][gc,marking    ] GC(156) Concurrent Mark (5.444s)
[5.444s][info][gc,marking    ] GC(156) Concurrent Mark From Roots
[5.444s][info][gc,task       ] GC(156) Using 2 workers of 2 for marking
[5.449s][info][gc,marking    ] GC(156) Concurrent Mark From Roots 5.086ms
[5.449s][info][gc,marking    ] GC(156) Concurrent Preclean
[5.449s][info][gc,marking    ] GC(156) Concurrent Preclean 0.076ms
[5.449s][info][gc,marking    ] GC(156) Concurrent Mark (5.444s, 5.449s) 5.217ms
[5.449s][info][gc,start      ] GC(156) Pause Remark
[5.450s][info][gc,stringtable] GC(156) Cleaned string and symbol table, strings: 4321 processed, 0 removed, symbols: 36588 processed, 0 removed
[5.450s][info][gc            ] GC(156) Pause Remark 694M->694M(1497M) 0.943ms
[5.450s][info][gc,cpu        ] GC(156) User=0.00s Sys=0.00s Real=0.00s
[5.450s][info][gc,marking    ] GC(156) Concurrent Rebuild Remembered Sets
[5.455s][info][gc,marking    ] GC(156) Concurrent Rebuild Remembered Sets 4.395ms
[5.455s][info][gc,start      ] GC(156) Pause Cleanup
[5.455s][info][gc            ] GC(156) Pause Cleanup 695M->695M(1497M) 0.181ms
[5.455s][info][gc,cpu        ] GC(156) User=0.00s Sys=0.00s Real=0.00s
[5.455s][info][gc,marking    ] GC(156) Concurrent Cleanup for Next Mark
[5.457s][info][gc,marking    ] GC(156) Concurrent Cleanup for Next Mark 1.922ms
[5.457s][info][gc            ] GC(156) Concurrent Cycle 13.157ms
[5.468s][info][gc,start      ] GC(157) Pause Young (Concurrent Start) (G1 Humongous Allocation)
[5.468s][info][gc,task       ] GC(157) Using 8 workers of 8 for evacuation
[5.470s][info][gc,phases     ] GC(157)   Pre Evacuate Collection Set: 0.2ms
[5.470s][info][gc,phases     ] GC(157)   Evacuate Collection Set: 1.0ms
[5.470s][info][gc,phases     ] GC(157)   Post Evacuate Collection Set: 0.2ms
[5.470s][info][gc,phases     ] GC(157)   Other: 0.3ms
[5.470s][info][gc,heap       ] GC(157) Eden regions: 4->0(622)
[5.470s][info][gc,heap       ] GC(157) Survivor regions: 1->1(79)
[5.470s][info][gc,heap       ] GC(157) Old regions: 26->26
[5.470s][info][gc,heap       ] GC(157) Humongous regions: 670->670
[5.470s][info][gc,metaspace  ] GC(157) Metaspace: 9775K->9775K(1058816K)
[5.470s][info][gc            ] GC(157) Pause Young (Concurrent Start) (G1 Humongous Allocation) 699M->695M(1497M) 1.701ms
[5.470s][info][gc,cpu        ] GC(157) User=0.01s Sys=0.00s Real=0.00s
[5.470s][info][gc            ] GC(158) Concurrent Cycle
[5.470s][info][gc,marking    ] GC(158) Concurrent Clear Claimed Marks
[5.470s][info][gc,marking    ] GC(158) Concurrent Clear Claimed Marks 0.010ms
[5.470s][info][gc,marking    ] GC(158) Concurrent Scan Root Regions
[5.470s][info][gc,marking    ] GC(158) Concurrent Scan Root Regions 0.059ms
[5.470s][info][gc,marking    ] GC(158) Concurrent Mark (5.470s)
[5.470s][info][gc,marking    ] GC(158) Concurrent Mark From Roots
[5.470s][info][gc,task       ] GC(158) Using 2 workers of 2 for marking
[5.475s][info][gc,marking    ] GC(158) Concurrent Mark From Roots 5.034ms
[5.475s][info][gc,marking    ] GC(158) Concurrent Preclean
[5.475s][info][gc,marking    ] GC(158) Concurrent Preclean 0.077ms
[5.475s][info][gc,marking    ] GC(158) Concurrent Mark (5.470s, 5.475s) 5.168ms
[5.475s][info][gc,start      ] GC(158) Pause Remark
[5.476s][info][gc,stringtable] GC(158) Cleaned string and symbol table, strings: 4321 processed, 0 removed, symbols: 36588 processed, 0 removed
[5.477s][info][gc            ] GC(158) Pause Remark 698M->698M(1497M) 1.460ms
[5.477s][info][gc,cpu        ] GC(158) User=0.01s Sys=0.00s Real=0.00s
[5.477s][info][gc,marking    ] GC(158) Concurrent Rebuild Remembered Sets
[5.481s][info][gc,marking    ] GC(158) Concurrent Rebuild Remembered Sets 4.628ms
[5.481s][info][gc,start      ] GC(158) Pause Cleanup
[5.482s][info][gc            ] GC(158) Pause Cleanup 699M->699M(1497M) 0.200ms
[5.482s][info][gc,cpu        ] GC(158) User=0.01s Sys=0.00s Real=0.00s
[5.482s][info][gc,marking    ] GC(158) Concurrent Cleanup for Next Mark
[5.484s][info][gc,marking    ] GC(158) Concurrent Cleanup for Next Mark 2.133ms
[5.484s][info][gc            ] GC(158) Concurrent Cycle 14.133ms
[5.495s][info][gc,start      ] GC(159) Pause Young (Concurrent Start) (G1 Humongous Allocation)
[5.495s][info][gc,task       ] GC(159) Using 8 workers of 8 for evacuation
[5.496s][info][gc,phases     ] GC(159)   Pre Evacuate Collection Set: 0.2ms
[5.496s][info][gc,phases     ] GC(159)   Evacuate Collection Set: 1.0ms
[5.496s][info][gc,phases     ] GC(159)   Post Evacuate Collection Set: 0.1ms
[5.496s][info][gc,phases     ] GC(159)   Other: 0.3ms
[5.496s][info][gc,heap       ] GC(159) Eden regions: 4->0(618)
[5.496s][info][gc,heap       ] GC(159) Survivor regions: 1->1(78)
[5.496s][info][gc,heap       ] GC(159) Old regions: 26->26
[5.496s][info][gc,heap       ] GC(159) Humongous regions: 674->674
[5.496s][info][gc,metaspace  ] GC(159) Metaspace: 9775K->9775K(1058816K)
[5.496s][info][gc            ] GC(159) Pause Young (Concurrent Start) (G1 Humongous Allocation) 703M->699M(1497M) 1.652ms
[5.497s][info][gc,cpu        ] GC(159) User=0.01s Sys=0.00s Real=0.00s
[5.497s][info][gc            ] GC(160) Concurrent Cycle
[5.497s][info][gc,marking    ] GC(160) Concurrent Clear Claimed Marks
[5.497s][info][gc,marking    ] GC(160) Concurrent Clear Claimed Marks 0.016ms
[5.497s][info][gc,marking    ] GC(160) Concurrent Scan Root Regions
[5.497s][info][gc,marking    ] GC(160) Concurrent Scan Root Regions 0.096ms
[5.497s][info][gc,marking    ] GC(160) Concurrent Mark (5.497s)
[5.497s][info][gc,marking    ] GC(160) Concurrent Mark From Roots
[5.497s][info][gc,task       ] GC(160) Using 2 workers of 2 for marking
[5.505s][info][gc,marking    ] GC(160) Concurrent Mark From Roots 8.442ms
[5.505s][info][gc,marking    ] GC(160) Concurrent Preclean
[5.505s][info][gc,marking    ] GC(160) Concurrent Preclean 0.139ms
[5.505s][info][gc,marking    ] GC(160) Concurrent Mark (5.497s, 5.505s) 8.668ms
[5.506s][info][gc,start      ] GC(160) Pause Remark
[5.509s][info][gc,stringtable] GC(160) Cleaned string and symbol table, strings: 4321 processed, 0 removed, symbols: 36588 processed, 0 removed
[5.510s][info][gc            ] GC(160) Pause Remark 702M->702M(1497M) 4.130ms
[5.510s][info][gc,cpu        ] GC(160) User=0.01s Sys=0.01s Real=0.00s
[5.510s][info][gc,marking    ] GC(160) Concurrent Rebuild Remembered Sets
[5.515s][info][gc,marking    ] GC(160) Concurrent Rebuild Remembered Sets 5.372ms
[5.515s][info][gc,start      ] GC(160) Pause Cleanup
[5.516s][info][gc            ] GC(160) Pause Cleanup 703M->703M(1497M) 0.318ms
[5.516s][info][gc,cpu        ] GC(160) User=0.00s Sys=0.00s Real=0.00s
[5.516s][info][gc,marking    ] GC(160) Concurrent Cleanup for Next Mark
[5.518s][info][gc,marking    ] GC(160) Concurrent Cleanup for Next Mark 2.430ms
[5.518s][info][gc            ] GC(160) Concurrent Cycle 21.662ms
[5.532s][info][gc,start      ] GC(161) Pause Young (Concurrent Start) (G1 Humongous Allocation)
[5.532s][info][gc,task       ] GC(161) Using 8 workers of 8 for evacuation
[5.534s][info][gc,phases     ] GC(161)   Pre Evacuate Collection Set: 0.3ms
[5.534s][info][gc,phases     ] GC(161)   Evacuate Collection Set: 1.5ms
[5.534s][info][gc,phases     ] GC(161)   Post Evacuate Collection Set: 0.3ms
[5.534s][info][gc,phases     ] GC(161)   Other: 0.3ms
[5.534s][info][gc,heap       ] GC(161) Eden regions: 4->0(614)
[5.534s][info][gc,heap       ] GC(161) Survivor regions: 1->1(78)
[5.534s][info][gc,heap       ] GC(161) Old regions: 26->26
[5.534s][info][gc,heap       ] GC(161) Humongous regions: 678->678
[5.534s][info][gc,metaspace  ] GC(161) Metaspace: 9775K->9775K(1058816K)
[5.535s][info][gc            ] GC(161) Pause Young (Concurrent Start) (G1 Humongous Allocation) 707M->703M(1497M) 2.469ms
[5.535s][info][gc,cpu        ] GC(161) User=0.01s Sys=0.00s Real=0.00s
[5.535s][info][gc            ] GC(162) Concurrent Cycle
[5.535s][info][gc,marking    ] GC(162) Concurrent Clear Claimed Marks
[5.535s][info][gc,marking    ] GC(162) Concurrent Clear Claimed Marks 0.020ms
[5.535s][info][gc,marking    ] GC(162) Concurrent Scan Root Regions
[5.535s][info][gc,marking    ] GC(162) Concurrent Scan Root Regions 0.106ms
[5.535s][info][gc,marking    ] GC(162) Concurrent Mark (5.535s)
[5.535s][info][gc,marking    ] GC(162) Concurrent Mark From Roots
[5.535s][info][gc,task       ] GC(162) Using 2 workers of 2 for marking
[5.544s][info][gc,marking    ] GC(162) Concurrent Mark From Roots 8.876ms
[5.544s][info][gc,marking    ] GC(162) Concurrent Preclean
[5.544s][info][gc,marking    ] GC(162) Concurrent Preclean 0.140ms
[5.544s][info][gc,marking    ] GC(162) Concurrent Mark (5.535s, 5.544s) 9.105ms
[5.544s][info][gc,start      ] GC(162) Pause Remark
[5.547s][info][gc,stringtable] GC(162) Cleaned string and symbol table, strings: 4321 processed, 0 removed, symbols: 36588 processed, 0 removed
[5.547s][info][gc            ] GC(162) Pause Remark 706M->706M(1497M) 3.045ms
[5.547s][info][gc,cpu        ] GC(162) User=0.01s Sys=0.00s Real=0.00s
[5.547s][info][gc,marking    ] GC(162) Concurrent Rebuild Remembered Sets
[5.555s][info][gc,marking    ] GC(162) Concurrent Rebuild Remembered Sets 7.605ms
[5.555s][info][gc,start      ] GC(162) Pause Cleanup
[5.555s][info][gc            ] GC(162) Pause Cleanup 709M->709M(1497M) 0.311ms
[5.555s][info][gc,cpu        ] GC(162) User=0.00s Sys=0.00s Real=0.00s
[5.555s][info][gc,marking    ] GC(162) Concurrent Cleanup for Next Mark
[5.558s][info][gc,marking    ] GC(162) Concurrent Cleanup for Next Mark 2.390ms
[5.558s][info][gc            ] GC(162) Concurrent Cycle 23.236ms
[5.569s][info][gc,start      ] GC(163) Pause Young (Concurrent Start) (G1 Humongous Allocation)
[5.569s][info][gc,task       ] GC(163) Using 8 workers of 8 for evacuation
[5.572s][info][gc,phases     ] GC(163)   Pre Evacuate Collection Set: 0.3ms
[5.572s][info][gc,phases     ] GC(163)   Evacuate Collection Set: 1.9ms
[5.572s][info][gc,phases     ] GC(163)   Post Evacuate Collection Set: 0.4ms
[5.572s][info][gc,phases     ] GC(163)   Other: 0.3ms
[5.572s][info][gc,heap       ] GC(163) Eden regions: 4->0(610)
[5.572s][info][gc,heap       ] GC(163) Survivor regions: 1->1(77)
[5.572s][info][gc,heap       ] GC(163) Old regions: 26->26
[5.572s][info][gc,heap       ] GC(163) Humongous regions: 682->682
[5.572s][info][gc,metaspace  ] GC(163) Metaspace: 9775K->9775K(1058816K)
[5.572s][info][gc            ] GC(163) Pause Young (Concurrent Start) (G1 Humongous Allocation) 711M->707M(1497M) 3.251ms
[5.572s][info][gc,cpu        ] GC(163) User=0.00s Sys=0.00s Real=0.01s
[5.572s][info][gc            ] GC(164) Concurrent Cycle
[5.572s][info][gc,marking    ] GC(164) Concurrent Clear Claimed Marks
[5.572s][info][gc,marking    ] GC(164) Concurrent Clear Claimed Marks 0.051ms
[5.572s][info][gc,marking    ] GC(164) Concurrent Scan Root Regions
[5.572s][info][gc,marking    ] GC(164) Concurrent Scan Root Regions 0.156ms
[5.572s][info][gc,marking    ] GC(164) Concurrent Mark (5.572s)
[5.572s][info][gc,marking    ] GC(164) Concurrent Mark From Roots
[5.573s][info][gc,task       ] GC(164) Using 2 workers of 2 for marking
[5.581s][info][gc,marking    ] GC(164) Concurrent Mark From Roots 8.292ms
[5.581s][info][gc,marking    ] GC(164) Concurrent Preclean
[5.581s][info][gc,marking    ] GC(164) Concurrent Preclean 0.141ms
[5.581s][info][gc,marking    ] GC(164) Concurrent Mark (5.572s, 5.581s) 8.528ms
[5.581s][info][gc,start      ] GC(164) Pause Remark
[5.583s][info][gc,stringtable] GC(164) Cleaned string and symbol table, strings: 4321 processed, 0 removed, symbols: 36588 processed, 0 removed
[5.583s][info][gc            ] GC(164) Pause Remark 710M->710M(1497M) 2.096ms
[5.583s][info][gc,cpu        ] GC(164) User=0.00s Sys=0.00s Real=0.01s
[5.583s][info][gc,marking    ] GC(164) Concurrent Rebuild Remembered Sets
[5.590s][info][gc,marking    ] GC(164) Concurrent Rebuild Remembered Sets 7.038ms
[5.591s][info][gc,start      ] GC(164) Pause Cleanup
[5.591s][info][gc            ] GC(164) Pause Cleanup 711M->711M(1497M) 0.248ms
[5.591s][info][gc,cpu        ] GC(164) User=0.00s Sys=0.00s Real=0.00s
[5.591s][info][gc,marking    ] GC(164) Concurrent Cleanup for Next Mark
[5.593s][info][gc,marking    ] GC(164) Concurrent Cleanup for Next Mark 2.299ms
[5.593s][info][gc            ] GC(164) Concurrent Cycle 21.082ms
[5.608s][info][gc,start      ] GC(165) Pause Young (Concurrent Start) (G1 Humongous Allocation)
[5.608s][info][gc,task       ] GC(165) Using 8 workers of 8 for evacuation
[5.610s][info][gc,phases     ] GC(165)   Pre Evacuate Collection Set: 0.3ms
[5.610s][info][gc,phases     ] GC(165)   Evacuate Collection Set: 1.7ms
[5.610s][info][gc,phases     ] GC(165)   Post Evacuate Collection Set: 0.2ms
[5.610s][info][gc,phases     ] GC(165)   Other: 0.3ms
[5.610s][info][gc,heap       ] GC(165) Eden regions: 4->0(606)
[5.610s][info][gc,heap       ] GC(165) Survivor regions: 1->1(77)
[5.610s][info][gc,heap       ] GC(165) Old regions: 26->26
[5.610s][info][gc,heap       ] GC(165) Humongous regions: 686->686
[5.610s][info][gc,metaspace  ] GC(165) Metaspace: 9775K->9775K(1058816K)
[5.610s][info][gc            ] GC(165) Pause Young (Concurrent Start) (G1 Humongous Allocation) 715M->711M(1497M) 2.702ms
[5.610s][info][gc,cpu        ] GC(165) User=0.01s Sys=0.01s Real=0.00s
[5.610s][info][gc            ] GC(166) Concurrent Cycle
[5.610s][info][gc,marking    ] GC(166) Concurrent Clear Claimed Marks
[5.610s][info][gc,marking    ] GC(166) Concurrent Clear Claimed Marks 0.019ms
[5.610s][info][gc,marking    ] GC(166) Concurrent Scan Root Regions
[5.611s][info][gc,marking    ] GC(166) Concurrent Scan Root Regions 0.095ms
[5.611s][info][gc,marking    ] GC(166) Concurrent Mark (5.611s)
[5.611s][info][gc,marking    ] GC(166) Concurrent Mark From Roots
[5.611s][info][gc,task       ] GC(166) Using 2 workers of 2 for marking
[5.619s][info][gc,marking    ] GC(166) Concurrent Mark From Roots 8.442ms
[5.619s][info][gc,marking    ] GC(166) Concurrent Preclean
[5.619s][info][gc,marking    ] GC(166) Concurrent Preclean 0.125ms
[5.619s][info][gc,marking    ] GC(166) Concurrent Mark (5.611s, 5.619s) 8.652ms
[5.619s][info][gc,start      ] GC(166) Pause Remark
[5.621s][info][gc,stringtable] GC(166) Cleaned string and symbol table, strings: 4321 processed, 0 removed, symbols: 36588 processed, 0 removed
[5.621s][info][gc            ] GC(166) Pause Remark 714M->714M(1497M) 1.749ms
[5.621s][info][gc,cpu        ] GC(166) User=0.01s Sys=0.00s Real=0.00s
[5.621s][info][gc,marking    ] GC(166) Concurrent Rebuild Remembered Sets
[5.626s][info][gc,marking    ] GC(166) Concurrent Rebuild Remembered Sets 5.131ms
[5.627s][info][gc,start      ] GC(166) Pause Cleanup
[5.628s][info][gc            ] GC(166) Pause Cleanup 717M->717M(1497M) 0.296ms
[5.628s][info][gc,cpu        ] GC(166) User=0.00s Sys=0.00s Real=0.00s
[5.628s][info][gc,marking    ] GC(166) Concurrent Cleanup for Next Mark
[5.630s][info][gc,marking    ] GC(166) Concurrent Cleanup for Next Mark 2.246ms
[5.630s][info][gc            ] GC(166) Concurrent Cycle 19.683ms
[5.639s][info][gc,start      ] GC(167) Pause Young (Concurrent Start) (G1 Humongous Allocation)
[5.639s][info][gc,task       ] GC(167) Using 8 workers of 8 for evacuation
[5.641s][info][gc,phases     ] GC(167)   Pre Evacuate Collection Set: 0.2ms
[5.641s][info][gc,phases     ] GC(167)   Evacuate Collection Set: 1.1ms
[5.641s][info][gc,phases     ] GC(167)   Post Evacuate Collection Set: 0.2ms
[5.641s][info][gc,phases     ] GC(167)   Other: 0.3ms
[5.641s][info][gc,heap       ] GC(167) Eden regions: 4->0(603)
[5.641s][info][gc,heap       ] GC(167) Survivor regions: 1->1(76)
[5.641s][info][gc,heap       ] GC(167) Old regions: 26->26
[5.641s][info][gc,heap       ] GC(167) Humongous regions: 690->690
[5.641s][info][gc,metaspace  ] GC(167) Metaspace: 9775K->9775K(1058816K)
[5.641s][info][gc            ] GC(167) Pause Young (Concurrent Start) (G1 Humongous Allocation) 719M->715M(1497M) 1.842ms
[5.641s][info][gc,cpu        ] GC(167) User=0.00s Sys=0.00s Real=0.01s
[5.641s][info][gc            ] GC(168) Concurrent Cycle
[5.641s][info][gc,marking    ] GC(168) Concurrent Clear Claimed Marks
[5.641s][info][gc,marking    ] GC(168) Concurrent Clear Claimed Marks 0.052ms
[5.641s][info][gc,marking    ] GC(168) Concurrent Scan Root Regions
[5.641s][info][gc,marking    ] GC(168) Concurrent Scan Root Regions 0.075ms
[5.641s][info][gc,marking    ] GC(168) Concurrent Mark (5.641s)
[5.642s][info][gc,marking    ] GC(168) Concurrent Mark From Roots
[5.642s][info][gc,task       ] GC(168) Using 2 workers of 2 for marking
[5.648s][info][gc,marking    ] GC(168) Concurrent Mark From Roots 6.505ms
[5.648s][info][gc,marking    ] GC(168) Concurrent Preclean
[5.648s][info][gc,marking    ] GC(168) Concurrent Preclean 0.096ms
[5.648s][info][gc,marking    ] GC(168) Concurrent Mark (5.641s, 5.648s) 6.677ms
[5.648s][info][gc,start      ] GC(168) Pause Remark
[5.650s][info][gc,stringtable] GC(168) Cleaned string and symbol table, strings: 4321 processed, 0 removed, symbols: 36588 processed, 0 removed
[5.650s][info][gc            ] GC(168) Pause Remark 718M->718M(1497M) 1.670ms
[5.650s][info][gc,cpu        ] GC(168) User=0.01s Sys=0.00s Real=0.00s
[5.650s][info][gc,marking    ] GC(168) Concurrent Rebuild Remembered Sets
[5.655s][info][gc,marking    ] GC(168) Concurrent Rebuild Remembered Sets 5.255ms
[5.655s][info][gc,start      ] GC(168) Pause Cleanup
[5.656s][info][gc            ] GC(168) Pause Cleanup 719M->719M(1497M) 0.271ms
[5.656s][info][gc,cpu        ] GC(168) User=0.00s Sys=0.00s Real=0.00s
[5.656s][info][gc,marking    ] GC(168) Concurrent Cleanup for Next Mark
[5.658s][info][gc,marking    ] GC(168) Concurrent Cleanup for Next Mark 2.088ms
[5.658s][info][gc            ] GC(168) Concurrent Cycle 16.585ms
[5.669s][info][gc,start      ] GC(169) Pause Young (Concurrent Start) (G1 Humongous Allocation)
[5.669s][info][gc,task       ] GC(169) Using 8 workers of 8 for evacuation
[5.670s][info][gc,phases     ] GC(169)   Pre Evacuate Collection Set: 0.3ms
[5.670s][info][gc,phases     ] GC(169)   Evacuate Collection Set: 1.0ms
[5.670s][info][gc,phases     ] GC(169)   Post Evacuate Collection Set: 0.1ms
[5.670s][info][gc,phases     ] GC(169)   Other: 0.3ms
[5.670s][info][gc,heap       ] GC(169) Eden regions: 4->0(599)
[5.670s][info][gc,heap       ] GC(169) Survivor regions: 1->1(76)
[5.670s][info][gc,heap       ] GC(169) Old regions: 26->26
[5.670s][info][gc,heap       ] GC(169) Humongous regions: 694->694
[5.670s][info][gc,metaspace  ] GC(169) Metaspace: 9775K->9775K(1058816K)
[5.670s][info][gc            ] GC(169) Pause Young (Concurrent Start) (G1 Humongous Allocation) 723M->719M(1497M) 1.708ms
[5.671s][info][gc,cpu        ] GC(169) User=0.01s Sys=0.00s Real=0.00s
[5.671s][info][gc            ] GC(170) Concurrent Cycle
[5.671s][info][gc,marking    ] GC(170) Concurrent Clear Claimed Marks
[5.671s][info][gc,marking    ] GC(170) Concurrent Clear Claimed Marks 0.013ms
[5.671s][info][gc,marking    ] GC(170) Concurrent Scan Root Regions
[5.671s][info][gc,marking    ] GC(170) Concurrent Scan Root Regions 0.097ms
[5.671s][info][gc,marking    ] GC(170) Concurrent Mark (5.671s)
[5.671s][info][gc,marking    ] GC(170) Concurrent Mark From Roots
[5.671s][info][gc,task       ] GC(170) Using 2 workers of 2 for marking
[5.676s][info][gc,marking    ] GC(170) Concurrent Mark From Roots 5.602ms
[5.676s][info][gc,marking    ] GC(170) Concurrent Preclean
[5.676s][info][gc,marking    ] GC(170) Concurrent Preclean 0.078ms
[5.676s][info][gc,marking    ] GC(170) Concurrent Mark (5.671s, 5.676s) 5.733ms
[5.677s][info][gc,start      ] GC(170) Pause Remark
[5.678s][info][gc,stringtable] GC(170) Cleaned string and symbol table, strings: 4321 processed, 0 removed, symbols: 36588 processed, 0 removed
[5.678s][info][gc            ] GC(170) Pause Remark 722M->722M(1497M) 1.726ms
[5.678s][info][gc,cpu        ] GC(170) User=0.01s Sys=0.01s Real=0.00s
[5.678s][info][gc,marking    ] GC(170) Concurrent Rebuild Remembered Sets
[5.684s][info][gc,marking    ] GC(170) Concurrent Rebuild Remembered Sets 5.155ms
[5.684s][info][gc,start      ] GC(170) Pause Cleanup
[5.684s][info][gc            ] GC(170) Pause Cleanup 725M->725M(1497M) 0.228ms
[5.684s][info][gc,cpu        ] GC(170) User=0.00s Sys=0.00s Real=0.00s
[5.685s][info][gc,marking    ] GC(170) Concurrent Cleanup for Next Mark
[5.687s][info][gc,marking    ] GC(170) Concurrent Cleanup for Next Mark 2.404ms
[5.687s][info][gc            ] GC(170) Concurrent Cycle 16.344ms
[5.695s][info][gc,start      ] GC(171) Pause Young (Concurrent Start) (G1 Humongous Allocation)
[5.695s][info][gc,task       ] GC(171) Using 8 workers of 8 for evacuation
[5.697s][info][gc,phases     ] GC(171)   Pre Evacuate Collection Set: 0.2ms
[5.697s][info][gc,phases     ] GC(171)   Evacuate Collection Set: 1.0ms
[5.697s][info][gc,phases     ] GC(171)   Post Evacuate Collection Set: 0.1ms
[5.697s][info][gc,phases     ] GC(171)   Other: 0.2ms
[5.697s][info][gc,heap       ] GC(171) Eden regions: 5->0(595)
[5.697s][info][gc,heap       ] GC(171) Survivor regions: 1->1(75)
[5.697s][info][gc,heap       ] GC(171) Old regions: 26->26
[5.697s][info][gc,heap       ] GC(171) Humongous regions: 698->698
[5.697s][info][gc,metaspace  ] GC(171) Metaspace: 9810K->9810K(1058816K)
[5.697s][info][gc            ] GC(171) Pause Young (Concurrent Start) (G1 Humongous Allocation) 727M->723M(1497M) 1.691ms
[5.697s][info][gc,cpu        ] GC(171) User=0.01s Sys=0.00s Real=0.00s
[5.697s][info][gc            ] GC(172) Concurrent Cycle
[5.697s][info][gc,marking    ] GC(172) Concurrent Clear Claimed Marks
[5.697s][info][gc,marking    ] GC(172) Concurrent Clear Claimed Marks 0.017ms
[5.697s][info][gc,marking    ] GC(172) Concurrent Scan Root Regions
[5.697s][info][gc,marking    ] GC(172) Concurrent Scan Root Regions 0.089ms
[5.697s][info][gc,marking    ] GC(172) Concurrent Mark (5.697s)
[5.697s][info][gc,marking    ] GC(172) Concurrent Mark From Roots
[5.697s][info][gc,task       ] GC(172) Using 2 workers of 2 for marking
[5.704s][info][gc,marking    ] GC(172) Concurrent Mark From Roots 7.318ms
[5.705s][info][gc,marking    ] GC(172) Concurrent Preclean
[5.705s][info][gc,marking    ] GC(172) Concurrent Preclean 0.087ms
[5.705s][info][gc,marking    ] GC(172) Concurrent Mark (5.697s, 5.705s) 7.473ms
[5.705s][info][gc,start      ] GC(172) Pause Remark
[5.707s][info][gc,stringtable] GC(172) Cleaned string and symbol table, strings: 4322 processed, 0 removed, symbols: 36588 processed, 0 removed
[5.708s][info][gc            ] GC(172) Pause Remark 726M->726M(1497M) 2.756ms
[5.708s][info][gc,cpu        ] GC(172) User=0.01s Sys=0.00s Real=0.00s
[5.708s][info][gc,marking    ] GC(172) Concurrent Rebuild Remembered Sets
[5.714s][info][gc,marking    ] GC(172) Concurrent Rebuild Remembered Sets 6.753ms
[5.715s][info][gc,start      ] GC(172) Pause Cleanup
[5.715s][info][gc            ] GC(172) Pause Cleanup 727M->727M(1497M) 0.206ms
[5.715s][info][gc,cpu        ] GC(172) User=0.00s Sys=0.00s Real=0.00s
[5.715s][info][gc,marking    ] GC(172) Concurrent Cleanup for Next Mark
[5.717s][info][gc,marking    ] GC(172) Concurrent Cleanup for Next Mark 2.267ms
[5.717s][info][gc            ] GC(172) Concurrent Cycle 20.201ms
[5.731s][info][gc,start      ] GC(173) Pause Young (Concurrent Start) (G1 Humongous Allocation)
[5.731s][info][gc,task       ] GC(173) Using 8 workers of 8 for evacuation
[5.733s][info][gc,phases     ] GC(173)   Pre Evacuate Collection Set: 0.3ms
[5.733s][info][gc,phases     ] GC(173)   Evacuate Collection Set: 1.8ms
[5.733s][info][gc,phases     ] GC(173)   Post Evacuate Collection Set: 0.1ms
[5.733s][info][gc,phases     ] GC(173)   Other: 0.4ms
[5.733s][info][gc,heap       ] GC(173) Eden regions: 4->0(592)
[5.734s][info][gc,heap       ] GC(173) Survivor regions: 1->1(75)
[5.734s][info][gc,heap       ] GC(173) Old regions: 26->26
[5.734s][info][gc,heap       ] GC(173) Humongous regions: 702->702
[5.734s][info][gc,metaspace  ] GC(173) Metaspace: 9810K->9810K(1058816K)
[5.734s][info][gc            ] GC(173) Pause Young (Concurrent Start) (G1 Humongous Allocation) 731M->727M(1497M) 2.834ms
[5.734s][info][gc,cpu        ] GC(173) User=0.01s Sys=0.00s Real=0.01s
[5.734s][info][gc            ] GC(174) Concurrent Cycle
[5.734s][info][gc,marking    ] GC(174) Concurrent Clear Claimed Marks
[5.734s][info][gc,marking    ] GC(174) Concurrent Clear Claimed Marks 0.022ms
[5.734s][info][gc,marking    ] GC(174) Concurrent Scan Root Regions
[5.734s][info][gc,marking    ] GC(174) Concurrent Scan Root Regions 0.091ms
[5.734s][info][gc,marking    ] GC(174) Concurrent Mark (5.734s)
[5.734s][info][gc,marking    ] GC(174) Concurrent Mark From Roots
[5.734s][info][gc,task       ] GC(174) Using 2 workers of 2 for marking
[5.741s][info][gc,marking    ] GC(174) Concurrent Mark From Roots 7.599ms
[5.741s][info][gc,marking    ] GC(174) Concurrent Preclean
[5.742s][info][gc,marking    ] GC(174) Concurrent Preclean 0.131ms
[5.742s][info][gc,marking    ] GC(174) Concurrent Mark (5.734s, 5.742s) 7.814ms
[5.742s][info][gc,start      ] GC(174) Pause Remark
[5.744s][info][gc,stringtable] GC(174) Cleaned string and symbol table, strings: 4322 processed, 0 removed, symbols: 36588 processed, 0 removed
[5.744s][info][gc            ] GC(174) Pause Remark 730M->730M(1497M) 2.600ms
[5.744s][info][gc,cpu        ] GC(174) User=0.01s Sys=0.01s Real=0.00s
[5.744s][info][gc,marking    ] GC(174) Concurrent Rebuild Remembered Sets
[5.751s][info][gc,marking    ] GC(174) Concurrent Rebuild Remembered Sets 7.048ms
[5.752s][info][gc,start      ] GC(174) Pause Cleanup
[5.752s][info][gc            ] GC(174) Pause Cleanup 731M->731M(1497M) 0.230ms
[5.752s][info][gc,cpu        ] GC(174) User=0.00s Sys=0.00s Real=0.00s
[5.752s][info][gc,marking    ] GC(174) Concurrent Cleanup for Next Mark
[5.755s][info][gc,marking    ] GC(174) Concurrent Cleanup for Next Mark 2.691ms
[5.755s][info][gc            ] GC(174) Concurrent Cycle 20.996ms
[5.770s][info][gc,start      ] GC(175) Pause Young (Concurrent Start) (G1 Humongous Allocation)
[5.770s][info][gc,task       ] GC(175) Using 8 workers of 8 for evacuation
[5.772s][info][gc,phases     ] GC(175)   Pre Evacuate Collection Set: 0.4ms
[5.772s][info][gc,phases     ] GC(175)   Evacuate Collection Set: 1.0ms
[5.772s][info][gc,phases     ] GC(175)   Post Evacuate Collection Set: 0.1ms
[5.772s][info][gc,phases     ] GC(175)   Other: 0.3ms
[5.772s][info][gc,heap       ] GC(175) Eden regions: 4->0(589)
[5.772s][info][gc,heap       ] GC(175) Survivor regions: 1->1(75)
[5.772s][info][gc,heap       ] GC(175) Old regions: 26->26
[5.772s][info][gc,heap       ] GC(175) Humongous regions: 706->706
[5.772s][info][gc,metaspace  ] GC(175) Metaspace: 9810K->9810K(1058816K)
[5.772s][info][gc            ] GC(175) Pause Young (Concurrent Start) (G1 Humongous Allocation) 735M->731M(1497M) 1.951ms
[5.772s][info][gc,cpu        ] GC(175) User=0.00s Sys=0.00s Real=0.01s
[5.772s][info][gc            ] GC(176) Concurrent Cycle
[5.772s][info][gc,marking    ] GC(176) Concurrent Clear Claimed Marks
[5.772s][info][gc,marking    ] GC(176) Concurrent Clear Claimed Marks 0.017ms
[5.772s][info][gc,marking    ] GC(176) Concurrent Scan Root Regions
[5.772s][info][gc,marking    ] GC(176) Concurrent Scan Root Regions 0.081ms
[5.772s][info][gc,marking    ] GC(176) Concurrent Mark (5.772s)
[5.772s][info][gc,marking    ] GC(176) Concurrent Mark From Roots
[5.772s][info][gc,task       ] GC(176) Using 2 workers of 2 for marking
[5.781s][info][gc,marking    ] GC(176) Concurrent Mark From Roots 8.823ms
[5.781s][info][gc,marking    ] GC(176) Concurrent Preclean
[5.782s][info][gc,marking    ] GC(176) Concurrent Preclean 0.209ms
[5.782s][info][gc,marking    ] GC(176) Concurrent Mark (5.772s, 5.782s) 9.172ms
[5.782s][info][gc,start      ] GC(176) Pause Remark
[5.783s][info][gc,stringtable] GC(176) Cleaned string and symbol table, strings: 4322 processed, 0 removed, symbols: 36588 processed, 0 removed
[5.783s][info][gc            ] GC(176) Pause Remark 734M->734M(1497M) 1.785ms
[5.784s][info][gc,cpu        ] GC(176) User=0.01s Sys=0.00s Real=0.00s
[5.784s][info][gc,marking    ] GC(176) Concurrent Rebuild Remembered Sets
[5.791s][info][gc,marking    ] GC(176) Concurrent Rebuild Remembered Sets 7.654ms
[5.791s][info][gc,start      ] GC(176) Pause Cleanup
[5.792s][info][gc            ] GC(176) Pause Cleanup 735M->735M(1497M) 0.424ms
[5.792s][info][gc,cpu        ] GC(176) User=0.00s Sys=0.00s Real=0.00s
[5.792s][info][gc,marking    ] GC(176) Concurrent Cleanup for Next Mark
[5.795s][info][gc,marking    ] GC(176) Concurrent Cleanup for Next Mark 2.574ms
[5.795s][info][gc            ] GC(176) Concurrent Cycle 22.364ms
[5.795s][info][gc,start      ] GC(177) Pause Young (Concurrent Start) (G1 Humongous Allocation)
[5.795s][info][gc,task       ] GC(177) Using 8 workers of 8 for evacuation
[5.797s][info][gc,phases     ] GC(177)   Pre Evacuate Collection Set: 0.3ms
[5.797s][info][gc,phases     ] GC(177)   Evacuate Collection Set: 0.9ms
[5.797s][info][gc,phases     ] GC(177)   Post Evacuate Collection Set: 0.1ms
[5.797s][info][gc,phases     ] GC(177)   Other: 0.3ms
[5.797s][info][gc,heap       ] GC(177) Eden regions: 2->0(589)
[5.797s][info][gc,heap       ] GC(177) Survivor regions: 1->1(74)
[5.797s][info][gc,heap       ] GC(177) Old regions: 26->26
[5.797s][info][gc,heap       ] GC(177) Humongous regions: 708->708
[5.797s][info][gc,metaspace  ] GC(177) Metaspace: 9810K->9810K(1058816K)
[5.797s][info][gc            ] GC(177) Pause Young (Concurrent Start) (G1 Humongous Allocation) 735M->733M(1497M) 1.739ms
[5.797s][info][gc,cpu        ] GC(177) User=0.00s Sys=0.00s Real=0.00s
[5.797s][info][gc            ] GC(178) Concurrent Cycle
[5.797s][info][gc,marking    ] GC(178) Concurrent Clear Claimed Marks
[5.797s][info][gc,marking    ] GC(178) Concurrent Clear Claimed Marks 0.016ms
[5.797s][info][gc,marking    ] GC(178) Concurrent Scan Root Regions
[5.797s][info][gc,marking    ] GC(178) Concurrent Scan Root Regions 0.142ms
[5.797s][info][gc,marking    ] GC(178) Concurrent Mark (5.797s)
[5.797s][info][gc,marking    ] GC(178) Concurrent Mark From Roots
[5.797s][info][gc,task       ] GC(178) Using 2 workers of 2 for marking
[5.805s][info][gc,marking    ] GC(178) Concurrent Mark From Roots 7.879ms
[5.805s][info][gc,marking    ] GC(178) Concurrent Preclean
[5.805s][info][gc,marking    ] GC(178) Concurrent Preclean 0.210ms
[5.805s][info][gc,marking    ] GC(178) Concurrent Mark (5.797s, 5.805s) 8.201ms
[5.805s][info][gc,start      ] GC(178) Pause Remark
[5.807s][info][gc,stringtable] GC(178) Cleaned string and symbol table, strings: 4322 processed, 0 removed, symbols: 36588 processed, 0 removed
[5.807s][info][gc            ] GC(178) Pause Remark 736M->736M(1497M) 1.802ms
[5.807s][info][gc,cpu        ] GC(178) User=0.01s Sys=0.00s Real=0.00s
[5.807s][info][gc,marking    ] GC(178) Concurrent Rebuild Remembered Sets
[5.815s][info][gc,marking    ] GC(178) Concurrent Rebuild Remembered Sets 7.955ms
[5.816s][info][gc,start      ] GC(178) Pause Cleanup
[5.816s][info][gc            ] GC(178) Pause Cleanup 737M->737M(1497M) 0.283ms
[5.816s][info][gc,cpu        ] GC(178) User=0.00s Sys=0.00s Real=0.00s
[5.816s][info][gc,marking    ] GC(178) Concurrent Cleanup for Next Mark
[5.818s][info][gc,marking    ] GC(178) Concurrent Cleanup for Next Mark 2.259ms
[5.818s][info][gc            ] GC(178) Concurrent Cycle 21.461ms
[5.819s][info][gc,start      ] GC(179) Pause Young (Concurrent Start) (G1 Humongous Allocation)
[5.819s][info][gc,task       ] GC(179) Using 8 workers of 8 for evacuation
[5.820s][info][gc,phases     ] GC(179)   Pre Evacuate Collection Set: 0.2ms
[5.820s][info][gc,phases     ] GC(179)   Evacuate Collection Set: 0.6ms
[5.820s][info][gc,phases     ] GC(179)   Post Evacuate Collection Set: 0.2ms
[5.820s][info][gc,phases     ] GC(179)   Other: 0.2ms
[5.820s][info][gc,heap       ] GC(179) Eden regions: 2->0(589)
[5.820s][info][gc,heap       ] GC(179) Survivor regions: 1->1(74)
[5.820s][info][gc,heap       ] GC(179) Old regions: 26->26
[5.820s][info][gc,heap       ] GC(179) Humongous regions: 710->710
[5.820s][info][gc,metaspace  ] GC(179) Metaspace: 9810K->9810K(1058816K)
[5.820s][info][gc            ] GC(179) Pause Young (Concurrent Start) (G1 Humongous Allocation) 737M->735M(1497M) 1.386ms
[5.820s][info][gc,cpu        ] GC(179) User=0.00s Sys=0.00s Real=0.00s
[5.820s][info][gc            ] GC(180) Concurrent Cycle
[5.820s][info][gc,marking    ] GC(180) Concurrent Clear Claimed Marks
[5.820s][info][gc,marking    ] GC(180) Concurrent Clear Claimed Marks 0.019ms
[5.820s][info][gc,marking    ] GC(180) Concurrent Scan Root Regions
[5.820s][info][gc,marking    ] GC(180) Concurrent Scan Root Regions 0.078ms
[5.820s][info][gc,marking    ] GC(180) Concurrent Mark (5.820s)
[5.820s][info][gc,marking    ] GC(180) Concurrent Mark From Roots
[5.820s][info][gc,task       ] GC(180) Using 2 workers of 2 for marking
[5.827s][info][gc,marking    ] GC(180) Concurrent Mark From Roots 7.184ms
[5.827s][info][gc,marking    ] GC(180) Concurrent Preclean
[5.828s][info][gc,marking    ] GC(180) Concurrent Preclean 0.134ms
[5.828s][info][gc,marking    ] GC(180) Concurrent Mark (5.820s, 5.828s) 7.404ms
[5.828s][info][gc,start      ] GC(180) Pause Remark
[5.828s][info][gc,stringtable] GC(180) Cleaned string and symbol table, strings: 4322 processed, 0 removed, symbols: 36588 processed, 0 removed
[5.829s][info][gc            ] GC(180) Pause Remark 738M->738M(1497M) 0.994ms
[5.829s][info][gc,cpu        ] GC(180) User=0.00s Sys=0.00s Real=0.00s
[5.829s][info][gc,marking    ] GC(180) Concurrent Rebuild Remembered Sets
[5.835s][info][gc,marking    ] GC(180) Concurrent Rebuild Remembered Sets 6.613ms
[5.836s][info][gc,start      ] GC(180) Pause Cleanup
[5.836s][info][gc            ] GC(180) Pause Cleanup 739M->739M(1497M) 0.201ms
[5.836s][info][gc,cpu        ] GC(180) User=0.00s Sys=0.00s Real=0.00s
[5.836s][info][gc,marking    ] GC(180) Concurrent Cleanup for Next Mark
[5.838s][info][gc,marking    ] GC(180) Concurrent Cleanup for Next Mark 2.184ms
[5.838s][info][gc            ] GC(180) Concurrent Cycle 18.054ms
[5.848s][info][gc,start      ] GC(181) Pause Young (Concurrent Start) (G1 Humongous Allocation)
[5.848s][info][gc,task       ] GC(181) Using 8 workers of 8 for evacuation
[5.849s][info][gc,phases     ] GC(181)   Pre Evacuate Collection Set: 0.2ms
[5.849s][info][gc,phases     ] GC(181)   Evacuate Collection Set: 0.6ms
[5.849s][info][gc,phases     ] GC(181)   Post Evacuate Collection Set: 0.1ms
[5.849s][info][gc,phases     ] GC(181)   Other: 0.2ms
[5.849s][info][gc,heap       ] GC(181) Eden regions: 4->0(586)
[5.849s][info][gc,heap       ] GC(181) Survivor regions: 1->1(74)
[5.849s][info][gc,heap       ] GC(181) Old regions: 26->26
[5.849s][info][gc,heap       ] GC(181) Humongous regions: 714->714
[5.849s][info][gc,metaspace  ] GC(181) Metaspace: 9810K->9810K(1058816K)
[5.849s][info][gc            ] GC(181) Pause Young (Concurrent Start) (G1 Humongous Allocation) 743M->739M(1497M) 1.177ms
[5.849s][info][gc,cpu        ] GC(181) User=0.00s Sys=0.00s Real=0.00s
[5.849s][info][gc            ] GC(182) Concurrent Cycle
[5.849s][info][gc,marking    ] GC(182) Concurrent Clear Claimed Marks
[5.849s][info][gc,marking    ] GC(182) Concurrent Clear Claimed Marks 0.016ms
[5.849s][info][gc,marking    ] GC(182) Concurrent Scan Root Regions
[5.849s][info][gc,marking    ] GC(182) Concurrent Scan Root Regions 0.063ms
[5.849s][info][gc,marking    ] GC(182) Concurrent Mark (5.849s)
[5.849s][info][gc,marking    ] GC(182) Concurrent Mark From Roots
[5.850s][info][gc,task       ] GC(182) Using 2 workers of 2 for marking
[5.856s][info][gc,marking    ] GC(182) Concurrent Mark From Roots 6.040ms
[5.856s][info][gc,marking    ] GC(182) Concurrent Preclean
[5.856s][info][gc,marking    ] GC(182) Concurrent Preclean 0.171ms
[5.856s][info][gc,marking    ] GC(182) Concurrent Mark (5.849s, 5.856s) 6.287ms
[5.856s][info][gc,start      ] GC(182) Pause Remark
[5.857s][info][gc,stringtable] GC(182) Cleaned string and symbol table, strings: 4322 processed, 0 removed, symbols: 36588 processed, 0 removed
[5.857s][info][gc            ] GC(182) Pause Remark 742M->742M(1497M) 1.472ms
[5.857s][info][gc,cpu        ] GC(182) User=0.00s Sys=0.00s Real=0.00s
[5.857s][info][gc,marking    ] GC(182) Concurrent Rebuild Remembered Sets
[5.866s][info][gc,marking    ] GC(182) Concurrent Rebuild Remembered Sets 8.081ms
[5.866s][info][gc,start      ] GC(182) Pause Cleanup
[5.866s][info][gc            ] GC(182) Pause Cleanup 743M->743M(1497M) 0.213ms
[5.866s][info][gc,cpu        ] GC(182) User=0.01s Sys=0.00s Real=0.00s
[5.866s][info][gc,marking    ] GC(182) Concurrent Cleanup for Next Mark
[5.868s][info][gc,marking    ] GC(182) Concurrent Cleanup for Next Mark 2.244ms
[5.868s][info][gc            ] GC(182) Concurrent Cycle 18.975ms
[5.880s][info][gc,start      ] GC(183) Pause Young (Concurrent Start) (G1 Humongous Allocation)
[5.880s][info][gc,task       ] GC(183) Using 8 workers of 8 for evacuation
[5.881s][info][gc,phases     ] GC(183)   Pre Evacuate Collection Set: 0.2ms
[5.881s][info][gc,phases     ] GC(183)   Evacuate Collection Set: 1.0ms
[5.881s][info][gc,phases     ] GC(183)   Post Evacuate Collection Set: 0.2ms
[5.881s][info][gc,phases     ] GC(183)   Other: 0.3ms
[5.881s][info][gc,heap       ] GC(183) Eden regions: 4->0(583)
[5.881s][info][gc,heap       ] GC(183) Survivor regions: 1->1(74)
[5.881s][info][gc,heap       ] GC(183) Old regions: 26->26
[5.881s][info][gc,heap       ] GC(183) Humongous regions: 718->718
[5.881s][info][gc,metaspace  ] GC(183) Metaspace: 9810K->9810K(1058816K)
[5.882s][info][gc            ] GC(183) Pause Young (Concurrent Start) (G1 Humongous Allocation) 747M->743M(1497M) 1.807ms
[5.882s][info][gc,cpu        ] GC(183) User=0.01s Sys=0.00s Real=0.01s
[5.882s][info][gc            ] GC(184) Concurrent Cycle
[5.882s][info][gc,marking    ] GC(184) Concurrent Clear Claimed Marks
[5.882s][info][gc,marking    ] GC(184) Concurrent Clear Claimed Marks 0.016ms
[5.882s][info][gc,marking    ] GC(184) Concurrent Scan Root Regions
[5.882s][info][gc,marking    ] GC(184) Concurrent Scan Root Regions 0.100ms
[5.882s][info][gc,marking    ] GC(184) Concurrent Mark (5.882s)
[5.882s][info][gc,marking    ] GC(184) Concurrent Mark From Roots
[5.882s][info][gc,task       ] GC(184) Using 2 workers of 2 for marking
[5.888s][info][gc,marking    ] GC(184) Concurrent Mark From Roots 5.952ms
[5.888s][info][gc,marking    ] GC(184) Concurrent Preclean
[5.888s][info][gc,marking    ] GC(184) Concurrent Preclean 0.086ms
[5.888s][info][gc,marking    ] GC(184) Concurrent Mark (5.882s, 5.888s) 6.138ms
[5.888s][info][gc,start      ] GC(184) Pause Remark
[5.890s][info][gc,stringtable] GC(184) Cleaned string and symbol table, strings: 4322 processed, 0 removed, symbols: 36588 processed, 0 removed
[5.890s][info][gc            ] GC(184) Pause Remark 746M->746M(1497M) 1.883ms
[5.890s][info][gc,cpu        ] GC(184) User=0.00s Sys=0.00s Real=0.00s
[5.890s][info][gc,marking    ] GC(184) Concurrent Rebuild Remembered Sets
[5.895s][info][gc,marking    ] GC(184) Concurrent Rebuild Remembered Sets 4.967ms
[5.895s][info][gc,start      ] GC(184) Pause Cleanup
[5.896s][info][gc            ] GC(184) Pause Cleanup 747M->747M(1497M) 0.271ms
[5.896s][info][gc,cpu        ] GC(184) User=0.00s Sys=0.00s Real=0.00s
[5.896s][info][gc,marking    ] GC(184) Concurrent Cleanup for Next Mark
[5.898s][info][gc,marking    ] GC(184) Concurrent Cleanup for Next Mark 2.391ms
[5.898s][info][gc            ] GC(184) Concurrent Cycle 16.455ms
[5.909s][info][gc,start      ] GC(185) Pause Young (Concurrent Start) (G1 Humongous Allocation)
[5.909s][info][gc,task       ] GC(185) Using 8 workers of 8 for evacuation
[5.911s][info][gc,phases     ] GC(185)   Pre Evacuate Collection Set: 0.2ms
[5.912s][info][gc,phases     ] GC(185)   Evacuate Collection Set: 1.6ms
[5.912s][info][gc,phases     ] GC(185)   Post Evacuate Collection Set: 0.5ms
[5.912s][info][gc,phases     ] GC(185)   Other: 0.3ms
[5.912s][info][gc,heap       ] GC(185) Eden regions: 4->0(580)
[5.912s][info][gc,heap       ] GC(185) Survivor regions: 1->1(73)
[5.912s][info][gc,heap       ] GC(185) Old regions: 26->26
[5.912s][info][gc,heap       ] GC(185) Humongous regions: 722->722
[5.912s][info][gc,metaspace  ] GC(185) Metaspace: 9810K->9810K(1058816K)
[5.912s][info][gc            ] GC(185) Pause Young (Concurrent Start) (G1 Humongous Allocation) 751M->747M(1497M) 3.033ms
[5.912s][info][gc,cpu        ] GC(185) User=0.00s Sys=0.01s Real=0.01s
[5.912s][info][gc            ] GC(186) Concurrent Cycle
[5.912s][info][gc,marking    ] GC(186) Concurrent Clear Claimed Marks
[5.912s][info][gc,marking    ] GC(186) Concurrent Clear Claimed Marks 0.020ms
[5.912s][info][gc,marking    ] GC(186) Concurrent Scan Root Regions
[5.912s][info][gc,marking    ] GC(186) Concurrent Scan Root Regions 0.101ms
[5.912s][info][gc,marking    ] GC(186) Concurrent Mark (5.912s)
[5.912s][info][gc,marking    ] GC(186) Concurrent Mark From Roots
[5.912s][info][gc,task       ] GC(186) Using 2 workers of 2 for marking
[5.920s][info][gc,marking    ] GC(186) Concurrent Mark From Roots 8.082ms
[5.920s][info][gc,marking    ] GC(186) Concurrent Preclean
[5.921s][info][gc,marking    ] GC(186) Concurrent Preclean 0.118ms
[5.921s][info][gc,marking    ] GC(186) Concurrent Mark (5.912s, 5.921s) 8.272ms
[5.921s][info][gc,start      ] GC(186) Pause Remark
[5.922s][info][gc,stringtable] GC(186) Cleaned string and symbol table, strings: 4322 processed, 0 removed, symbols: 36588 processed, 0 removed
[5.922s][info][gc            ] GC(186) Pause Remark 750M->750M(1497M) 1.690ms
[5.922s][info][gc,cpu        ] GC(186) User=0.01s Sys=0.00s Real=0.01s
[5.923s][info][gc,marking    ] GC(186) Concurrent Rebuild Remembered Sets
[5.930s][info][gc,marking    ] GC(186) Concurrent Rebuild Remembered Sets 7.493ms
[5.930s][info][gc,start      ] GC(186) Pause Cleanup
[5.930s][info][gc            ] GC(186) Pause Cleanup 751M->751M(1497M) 0.250ms
[5.930s][info][gc,cpu        ] GC(186) User=0.00s Sys=0.00s Real=0.00s
[5.930s][info][gc,marking    ] GC(186) Concurrent Cleanup for Next Mark
[5.933s][info][gc,marking    ] GC(186) Concurrent Cleanup for Next Mark 2.788ms
[5.933s][info][gc            ] GC(186) Concurrent Cycle 21.297ms
[5.947s][info][gc,start      ] GC(187) Pause Young (Concurrent Start) (G1 Humongous Allocation)
[5.947s][info][gc,task       ] GC(187) Using 8 workers of 8 for evacuation
[5.949s][info][gc,phases     ] GC(187)   Pre Evacuate Collection Set: 0.4ms
[5.949s][info][gc,phases     ] GC(187)   Evacuate Collection Set: 1.4ms
[5.949s][info][gc,phases     ] GC(187)   Post Evacuate Collection Set: 0.2ms
[5.949s][info][gc,phases     ] GC(187)   Other: 0.4ms
[5.949s][info][gc,heap       ] GC(187) Eden regions: 4->0(577)
[5.949s][info][gc,heap       ] GC(187) Survivor regions: 1->1(73)
[5.949s][info][gc,heap       ] GC(187) Old regions: 26->26
[5.949s][info][gc,heap       ] GC(187) Humongous regions: 726->726
[5.949s][info][gc,metaspace  ] GC(187) Metaspace: 9810K->9810K(1058816K)
[5.949s][info][gc            ] GC(187) Pause Young (Concurrent Start) (G1 Humongous Allocation) 755M->751M(1497M) 2.497ms
[5.949s][info][gc,cpu        ] GC(187) User=0.00s Sys=0.00s Real=0.00s
[5.949s][info][gc            ] GC(188) Concurrent Cycle
[5.949s][info][gc,marking    ] GC(188) Concurrent Clear Claimed Marks
[5.949s][info][gc,marking    ] GC(188) Concurrent Clear Claimed Marks 0.016ms
[5.949s][info][gc,marking    ] GC(188) Concurrent Scan Root Regions
[5.950s][info][gc,marking    ] GC(188) Concurrent Scan Root Regions 0.068ms
[5.950s][info][gc,marking    ] GC(188) Concurrent Mark (5.950s)
[5.950s][info][gc,marking    ] GC(188) Concurrent Mark From Roots
[5.950s][info][gc,task       ] GC(188) Using 2 workers of 2 for marking
[5.958s][info][gc,marking    ] GC(188) Concurrent Mark From Roots 8.002ms
[5.958s][info][gc,marking    ] GC(188) Concurrent Preclean
[5.958s][info][gc,marking    ] GC(188) Concurrent Preclean 0.135ms
[5.958s][info][gc,marking    ] GC(188) Concurrent Mark (5.950s, 5.958s) 8.224ms
[5.958s][info][gc,start      ] GC(188) Pause Remark
[5.960s][info][gc,stringtable] GC(188) Cleaned string and symbol table, strings: 4322 processed, 0 removed, symbols: 36588 processed, 0 removed
[5.960s][info][gc            ] GC(188) Pause Remark 754M->754M(1497M) 2.221ms
[5.960s][info][gc,cpu        ] GC(188) User=0.01s Sys=0.01s Real=0.00s
[5.960s][info][gc,marking    ] GC(188) Concurrent Rebuild Remembered Sets
[5.967s][info][gc,marking    ] GC(188) Concurrent Rebuild Remembered Sets 7.042ms
[5.967s][info][gc,start      ] GC(188) Pause Cleanup
[5.968s][info][gc            ] GC(188) Pause Cleanup 757M->757M(1497M) 0.285ms
[5.968s][info][gc,cpu        ] GC(188) User=0.01s Sys=0.00s Real=0.00s
[5.968s][info][gc,marking    ] GC(188) Concurrent Cleanup for Next Mark
[5.971s][info][gc,marking    ] GC(188) Concurrent Cleanup for Next Mark 2.694ms
[5.971s][info][gc            ] GC(188) Concurrent Cycle 21.187ms
[5.983s][info][gc,start      ] GC(189) Pause Young (Concurrent Start) (G1 Humongous Allocation)
[5.983s][info][gc,task       ] GC(189) Using 8 workers of 8 for evacuation
[5.985s][info][gc,phases     ] GC(189)   Pre Evacuate Collection Set: 0.3ms
[5.985s][info][gc,phases     ] GC(189)   Evacuate Collection Set: 0.9ms
[5.985s][info][gc,phases     ] GC(189)   Post Evacuate Collection Set: 0.2ms
[5.985s][info][gc,phases     ] GC(189)   Other: 0.3ms
[5.985s][info][gc,heap       ] GC(189) Eden regions: 4->0(573)
[5.985s][info][gc,heap       ] GC(189) Survivor regions: 1->1(73)
[5.985s][info][gc,heap       ] GC(189) Old regions: 26->26
[5.985s][info][gc,heap       ] GC(189) Humongous regions: 730->730
[5.985s][info][gc,metaspace  ] GC(189) Metaspace: 9810K->9810K(1058816K)
[5.985s][info][gc            ] GC(189) Pause Young (Concurrent Start) (G1 Humongous Allocation) 759M->755M(1497M) 1.771ms
[5.985s][info][gc,cpu        ] GC(189) User=0.01s Sys=0.00s Real=0.00s
[5.985s][info][gc            ] GC(190) Concurrent Cycle
[5.985s][info][gc,marking    ] GC(190) Concurrent Clear Claimed Marks
[5.985s][info][gc,marking    ] GC(190) Concurrent Clear Claimed Marks 0.012ms
[5.985s][info][gc,marking    ] GC(190) Concurrent Scan Root Regions
[5.985s][info][gc,marking    ] GC(190) Concurrent Scan Root Regions 0.079ms
[5.985s][info][gc,marking    ] GC(190) Concurrent Mark (5.985s)
[5.985s][info][gc,marking    ] GC(190) Concurrent Mark From Roots
[5.985s][info][gc,task       ] GC(190) Using 2 workers of 2 for marking
[5.994s][info][gc,marking    ] GC(190) Concurrent Mark From Roots 9.087ms
[5.994s][info][gc,marking    ] GC(190) Concurrent Preclean
[5.994s][info][gc,marking    ] GC(190) Concurrent Preclean 0.101ms
[5.994s][info][gc,marking    ] GC(190) Concurrent Mark (5.985s, 5.994s) 9.251ms
[5.994s][info][gc,start      ] GC(190) Pause Remark
[5.996s][info][gc,stringtable] GC(190) Cleaned string and symbol table, strings: 4322 processed, 0 removed, symbols: 36588 processed, 0 removed
[5.996s][info][gc            ] GC(190) Pause Remark 758M->758M(1497M) 1.908ms
[5.996s][info][gc,cpu        ] GC(190) User=0.01s Sys=0.00s Real=0.00s
[5.996s][info][gc,marking    ] GC(190) Concurrent Rebuild Remembered Sets
[6.004s][info][gc,marking    ] GC(190) Concurrent Rebuild Remembered Sets 7.854ms
[6.005s][info][gc,start      ] GC(190) Pause Cleanup
[6.005s][info][gc            ] GC(190) Pause Cleanup 761M->761M(1497M) 0.408ms
[6.005s][info][gc,cpu        ] GC(190) User=0.00s Sys=0.00s Real=0.00s
[6.005s][info][gc,marking    ] GC(190) Concurrent Cleanup for Next Mark
[6.007s][info][gc,marking    ] GC(190) Concurrent Cleanup for Next Mark 2.378ms
[6.008s][info][gc            ] GC(190) Concurrent Cycle 22.653ms
[6.018s][info][gc,start      ] GC(191) Pause Young (Concurrent Start) (G1 Humongous Allocation)
[6.018s][info][gc,task       ] GC(191) Using 8 workers of 8 for evacuation
[6.020s][info][gc,phases     ] GC(191)   Pre Evacuate Collection Set: 0.2ms
[6.020s][info][gc,phases     ] GC(191)   Evacuate Collection Set: 1.1ms
[6.020s][info][gc,phases     ] GC(191)   Post Evacuate Collection Set: 0.2ms
[6.020s][info][gc,phases     ] GC(191)   Other: 0.3ms
[6.020s][info][gc,heap       ] GC(191) Eden regions: 4->0(569)
[6.020s][info][gc,heap       ] GC(191) Survivor regions: 1->1(72)
[6.020s][info][gc,heap       ] GC(191) Old regions: 26->26
[6.020s][info][gc,heap       ] GC(191) Humongous regions: 734->734
[6.020s][info][gc,metaspace  ] GC(191) Metaspace: 9810K->9810K(1058816K)
[6.020s][info][gc            ] GC(191) Pause Young (Concurrent Start) (G1 Humongous Allocation) 763M->759M(1497M) 1.896ms
[6.020s][info][gc,cpu        ] GC(191) User=0.01s Sys=0.01s Real=0.00s
[6.020s][info][gc            ] GC(192) Concurrent Cycle
[6.020s][info][gc,marking    ] GC(192) Concurrent Clear Claimed Marks
[6.020s][info][gc,marking    ] GC(192) Concurrent Clear Claimed Marks 0.054ms
[6.020s][info][gc,marking    ] GC(192) Concurrent Scan Root Regions
[6.020s][info][gc,marking    ] GC(192) Concurrent Scan Root Regions 0.126ms
[6.020s][info][gc,marking    ] GC(192) Concurrent Mark (6.020s)
[6.020s][info][gc,marking    ] GC(192) Concurrent Mark From Roots
[6.020s][info][gc,task       ] GC(192) Using 2 workers of 2 for marking
[6.026s][info][gc,marking    ] GC(192) Concurrent Mark From Roots 6.066ms
[6.026s][info][gc,marking    ] GC(192) Concurrent Preclean
[6.026s][info][gc,marking    ] GC(192) Concurrent Preclean 0.086ms
[6.026s][info][gc,marking    ] GC(192) Concurrent Mark (6.020s, 6.026s) 6.226ms
[6.026s][info][gc,start      ] GC(192) Pause Remark
[6.028s][info][gc,stringtable] GC(192) Cleaned string and symbol table, strings: 4322 processed, 0 removed, symbols: 36588 processed, 0 removed
[6.028s][info][gc            ] GC(192) Pause Remark 762M->762M(1497M) 1.783ms
[6.028s][info][gc,cpu        ] GC(192) User=0.01s Sys=0.00s Real=0.00s
[6.028s][info][gc,marking    ] GC(192) Concurrent Rebuild Remembered Sets
[6.033s][info][gc,marking    ] GC(192) Concurrent Rebuild Remembered Sets 4.838ms
[6.033s][info][gc,start      ] GC(192) Pause Cleanup
[6.034s][info][gc            ] GC(192) Pause Cleanup 763M->763M(1497M) 0.248ms
[6.034s][info][gc,cpu        ] GC(192) User=0.00s Sys=0.00s Real=0.00s
[6.034s][info][gc,marking    ] GC(192) Concurrent Cleanup for Next Mark
[6.036s][info][gc,marking    ] GC(192) Concurrent Cleanup for Next Mark 2.118ms
[6.036s][info][gc            ] GC(192) Concurrent Cycle 16.019ms
[6.045s][info][gc,start      ] GC(193) Pause Young (Concurrent Start) (G1 Humongous Allocation)
[6.045s][info][gc,task       ] GC(193) Using 8 workers of 8 for evacuation
[6.047s][info][gc,phases     ] GC(193)   Pre Evacuate Collection Set: 0.3ms
[6.047s][info][gc,phases     ] GC(193)   Evacuate Collection Set: 0.9ms
[6.047s][info][gc,phases     ] GC(193)   Post Evacuate Collection Set: 0.2ms
[6.047s][info][gc,phases     ] GC(193)   Other: 0.3ms
[6.047s][info][gc,heap       ] GC(193) Eden regions: 4->0(566)
[6.047s][info][gc,heap       ] GC(193) Survivor regions: 1->1(72)
[6.047s][info][gc,heap       ] GC(193) Old regions: 26->26
[6.047s][info][gc,heap       ] GC(193) Humongous regions: 738->738
[6.047s][info][gc,metaspace  ] GC(193) Metaspace: 9810K->9810K(1058816K)
[6.047s][info][gc            ] GC(193) Pause Young (Concurrent Start) (G1 Humongous Allocation) 767M->763M(1497M) 1.854ms
[6.047s][info][gc,cpu        ] GC(193) User=0.00s Sys=0.00s Real=0.00s
[6.047s][info][gc            ] GC(194) Concurrent Cycle
[6.047s][info][gc,marking    ] GC(194) Concurrent Clear Claimed Marks
[6.047s][info][gc,marking    ] GC(194) Concurrent Clear Claimed Marks 0.048ms
[6.047s][info][gc,marking    ] GC(194) Concurrent Scan Root Regions
[6.047s][info][gc,marking    ] GC(194) Concurrent Scan Root Regions 0.077ms
[6.047s][info][gc,marking    ] GC(194) Concurrent Mark (6.047s)
[6.047s][info][gc,marking    ] GC(194) Concurrent Mark From Roots
[6.047s][info][gc,task       ] GC(194) Using 2 workers of 2 for marking
[6.053s][info][gc,marking    ] GC(194) Concurrent Mark From Roots 6.222ms
[6.053s][info][gc,marking    ] GC(194) Concurrent Preclean
[6.054s][info][gc,marking    ] GC(194) Concurrent Preclean 0.109ms
[6.054s][info][gc,marking    ] GC(194) Concurrent Mark (6.047s, 6.054s) 6.421ms
[6.054s][info][gc,start      ] GC(194) Pause Remark
[6.055s][info][gc,stringtable] GC(194) Cleaned string and symbol table, strings: 4322 processed, 0 removed, symbols: 36588 processed, 0 removed
[6.055s][info][gc            ] GC(194) Pause Remark 766M->766M(1497M) 1.648ms
[6.055s][info][gc,cpu        ] GC(194) User=0.01s Sys=0.00s Real=0.00s
[6.055s][info][gc,marking    ] GC(194) Concurrent Rebuild Remembered Sets
[6.060s][info][gc,marking    ] GC(194) Concurrent Rebuild Remembered Sets 4.591ms
[6.060s][info][gc,start      ] GC(194) Pause Cleanup
[6.060s][info][gc            ] GC(194) Pause Cleanup 769M->769M(1497M) 0.269ms
[6.060s][info][gc,cpu        ] GC(194) User=0.00s Sys=0.00s Real=0.00s
[6.060s][info][gc,marking    ] GC(194) Concurrent Cleanup for Next Mark
[6.063s][info][gc,marking    ] GC(194) Concurrent Cleanup for Next Mark 2.064ms
[6.063s][info][gc            ] GC(194) Concurrent Cycle 15.582ms
[6.071s][info][gc,start      ] GC(195) Pause Young (Concurrent Start) (G1 Humongous Allocation)
[6.071s][info][gc,task       ] GC(195) Using 8 workers of 8 for evacuation
[6.073s][info][gc,phases     ] GC(195)   Pre Evacuate Collection Set: 0.2ms
[6.073s][info][gc,phases     ] GC(195)   Evacuate Collection Set: 1.1ms
[6.073s][info][gc,phases     ] GC(195)   Post Evacuate Collection Set: 0.2ms
[6.073s][info][gc,phases     ] GC(195)   Other: 0.2ms
[6.073s][info][gc,heap       ] GC(195) Eden regions: 4->0(562)
[6.073s][info][gc,heap       ] GC(195) Survivor regions: 1->1(71)
[6.073s][info][gc,heap       ] GC(195) Old regions: 26->26
[6.073s][info][gc,heap       ] GC(195) Humongous regions: 742->742
[6.073s][info][gc,metaspace  ] GC(195) Metaspace: 9810K->9810K(1058816K)
[6.073s][info][gc            ] GC(195) Pause Young (Concurrent Start) (G1 Humongous Allocation) 771M->767M(1497M) 1.841ms
[6.073s][info][gc,cpu        ] GC(195) User=0.00s Sys=0.00s Real=0.01s
[6.073s][info][gc            ] GC(196) Concurrent Cycle
[6.073s][info][gc,marking    ] GC(196) Concurrent Clear Claimed Marks
[6.073s][info][gc,marking    ] GC(196) Concurrent Clear Claimed Marks 0.014ms
[6.073s][info][gc,marking    ] GC(196) Concurrent Scan Root Regions
[6.073s][info][gc,marking    ] GC(196) Concurrent Scan Root Regions 0.067ms
[6.073s][info][gc,marking    ] GC(196) Concurrent Mark (6.073s)
[6.073s][info][gc,marking    ] GC(196) Concurrent Mark From Roots
[6.073s][info][gc,task       ] GC(196) Using 2 workers of 2 for marking
[6.079s][info][gc,marking    ] GC(196) Concurrent Mark From Roots 5.525ms
[6.079s][info][gc,marking    ] GC(196) Concurrent Preclean
[6.079s][info][gc,marking    ] GC(196) Concurrent Preclean 0.088ms
[6.079s][info][gc,marking    ] GC(196) Concurrent Mark (6.073s, 6.079s) 5.682ms
[6.079s][info][gc,start      ] GC(196) Pause Remark
[6.080s][info][gc,stringtable] GC(196) Cleaned string and symbol table, strings: 4322 processed, 0 removed, symbols: 36588 processed, 0 removed
[6.081s][info][gc            ] GC(196) Pause Remark 770M->770M(1497M) 1.677ms
[6.081s][info][gc,cpu        ] GC(196) User=0.01s Sys=0.00s Real=0.00s
[6.081s][info][gc,marking    ] GC(196) Concurrent Rebuild Remembered Sets
[6.086s][info][gc,marking    ] GC(196) Concurrent Rebuild Remembered Sets 5.007ms
[6.086s][info][gc,start      ] GC(196) Pause Cleanup
[6.086s][info][gc            ] GC(196) Pause Cleanup 771M->771M(1497M) 0.240ms
[6.086s][info][gc,cpu        ] GC(196) User=0.00s Sys=0.00s Real=0.00s
[6.086s][info][gc,marking    ] GC(196) Concurrent Cleanup for Next Mark
[6.088s][info][gc,marking    ] GC(196) Concurrent Cleanup for Next Mark 2.060ms
[6.088s][info][gc            ] GC(196) Concurrent Cycle 15.205ms
[6.098s][info][gc,start      ] GC(197) Pause Young (Concurrent Start) (G1 Humongous Allocation)
[6.098s][info][gc,task       ] GC(197) Using 8 workers of 8 for evacuation
[6.100s][info][gc,phases     ] GC(197)   Pre Evacuate Collection Set: 0.3ms
[6.100s][info][gc,phases     ] GC(197)   Evacuate Collection Set: 1.1ms
[6.100s][info][gc,phases     ] GC(197)   Post Evacuate Collection Set: 0.1ms
[6.100s][info][gc,phases     ] GC(197)   Other: 0.3ms
[6.100s][info][gc,heap       ] GC(197) Eden regions: 4->0(558)
[6.100s][info][gc,heap       ] GC(197) Survivor regions: 1->1(71)
[6.100s][info][gc,heap       ] GC(197) Old regions: 26->26
[6.100s][info][gc,heap       ] GC(197) Humongous regions: 746->746
[6.100s][info][gc,metaspace  ] GC(197) Metaspace: 9810K->9810K(1058816K)
[6.100s][info][gc            ] GC(197) Pause Young (Concurrent Start) (G1 Humongous Allocation) 775M->771M(1497M) 1.988ms
[6.100s][info][gc,cpu        ] GC(197) User=0.00s Sys=0.00s Real=0.00s
[6.100s][info][gc            ] GC(198) Concurrent Cycle
[6.100s][info][gc,marking    ] GC(198) Concurrent Clear Claimed Marks
[6.100s][info][gc,marking    ] GC(198) Concurrent Clear Claimed Marks 0.017ms
[6.100s][info][gc,marking    ] GC(198) Concurrent Scan Root Regions
[6.100s][info][gc,marking    ] GC(198) Concurrent Scan Root Regions 0.083ms
[6.100s][info][gc,marking    ] GC(198) Concurrent Mark (6.100s)
[6.100s][info][gc,marking    ] GC(198) Concurrent Mark From Roots
[6.100s][info][gc,task       ] GC(198) Using 2 workers of 2 for marking
[6.107s][info][gc,marking    ] GC(198) Concurrent Mark From Roots 6.870ms
[6.107s][info][gc,marking    ] GC(198) Concurrent Preclean
[6.107s][info][gc,marking    ] GC(198) Concurrent Preclean 0.134ms
[6.108s][info][gc,marking    ] GC(198) Concurrent Mark (6.100s, 6.108s) 7.115ms
[6.108s][info][gc,start      ] GC(198) Pause Remark
[6.109s][info][gc,stringtable] GC(198) Cleaned string and symbol table, strings: 4322 processed, 0 removed, symbols: 36588 processed, 0 removed
[6.109s][info][gc            ] GC(198) Pause Remark 774M->774M(1497M) 1.746ms
[6.109s][info][gc,cpu        ] GC(198) User=0.00s Sys=0.00s Real=0.00s
[6.109s][info][gc,marking    ] GC(198) Concurrent Rebuild Remembered Sets
[6.116s][info][gc,marking    ] GC(198) Concurrent Rebuild Remembered Sets 6.431ms
[6.116s][info][gc,start      ] GC(198) Pause Cleanup
[6.117s][info][gc            ] GC(198) Pause Cleanup 775M->775M(1497M) 0.504ms
[6.117s][info][gc,cpu        ] GC(198) User=0.00s Sys=0.00s Real=0.00s
[6.117s][info][gc,marking    ] GC(198) Concurrent Cleanup for Next Mark
[6.119s][info][gc,marking    ] GC(198) Concurrent Cleanup for Next Mark 2.772ms
[6.120s][info][gc            ] GC(198) Concurrent Cycle 19.282ms
[6.134s][info][gc,start      ] GC(199) Pause Young (Concurrent Start) (G1 Humongous Allocation)
[6.134s][info][gc,task       ] GC(199) Using 8 workers of 8 for evacuation
[6.137s][info][gc,phases     ] GC(199)   Pre Evacuate Collection Set: 0.3ms
[6.137s][info][gc,phases     ] GC(199)   Evacuate Collection Set: 1.8ms
[6.137s][info][gc,phases     ] GC(199)   Post Evacuate Collection Set: 0.2ms
[6.137s][info][gc,phases     ] GC(199)   Other: 0.4ms
[6.137s][info][gc,heap       ] GC(199) Eden regions: 4->0(554)
[6.137s][info][gc,heap       ] GC(199) Survivor regions: 1->1(70)
[6.137s][info][gc,heap       ] GC(199) Old regions: 26->26
[6.137s][info][gc,heap       ] GC(199) Humongous regions: 750->750
[6.137s][info][gc,metaspace  ] GC(199) Metaspace: 9810K->9810K(1058816K)
[6.137s][info][gc            ] GC(199) Pause Young (Concurrent Start) (G1 Humongous Allocation) 779M->775M(1497M) 2.786ms
[6.137s][info][gc,cpu        ] GC(199) User=0.01s Sys=0.00s Real=0.00s
[6.137s][info][gc            ] GC(200) Concurrent Cycle
[6.137s][info][gc,marking    ] GC(200) Concurrent Clear Claimed Marks
[6.137s][info][gc,marking    ] GC(200) Concurrent Clear Claimed Marks 0.011ms
[6.137s][info][gc,marking    ] GC(200) Concurrent Scan Root Regions
[6.137s][info][gc,marking    ] GC(200) Concurrent Scan Root Regions 0.073ms
[6.137s][info][gc,marking    ] GC(200) Concurrent Mark (6.137s)
[6.137s][info][gc,marking    ] GC(200) Concurrent Mark From Roots
[6.137s][info][gc,task       ] GC(200) Using 2 workers of 2 for marking
[6.144s][info][gc,marking    ] GC(200) Concurrent Mark From Roots 7.092ms
[6.144s][info][gc,marking    ] GC(200) Concurrent Preclean
[6.144s][info][gc,marking    ] GC(200) Concurrent Preclean 0.134ms
[6.144s][info][gc,marking    ] GC(200) Concurrent Mark (6.137s, 6.144s) 7.309ms
[6.144s][info][gc,start      ] GC(200) Pause Remark
[6.147s][info][gc,stringtable] GC(200) Cleaned string and symbol table, strings: 4322 processed, 0 removed, symbols: 36588 processed, 0 removed
[6.147s][info][gc            ] GC(200) Pause Remark 778M->778M(1497M) 3.029ms
[6.147s][info][gc,cpu        ] GC(200) User=0.01s Sys=0.00s Real=0.00s
[6.147s][info][gc,marking    ] GC(200) Concurrent Rebuild Remembered Sets
[6.153s][info][gc,marking    ] GC(200) Concurrent Rebuild Remembered Sets 5.963ms
[6.154s][info][gc,start      ] GC(200) Pause Cleanup
[6.154s][info][gc            ] GC(200) Pause Cleanup 779M->779M(1497M) 0.293ms
[6.154s][info][gc,cpu        ] GC(200) User=0.00s Sys=0.00s Real=0.00s
[6.154s][info][gc,marking    ] GC(200) Concurrent Cleanup for Next Mark
[6.156s][info][gc,marking    ] GC(200) Concurrent Cleanup for Next Mark 2.409ms
[6.156s][info][gc            ] GC(200) Concurrent Cycle 19.631ms
[6.157s][info][gc,start      ] GC(201) Pause Young (Concurrent Start) (G1 Humongous Allocation)
[6.157s][info][gc,task       ] GC(201) Using 8 workers of 8 for evacuation
[6.159s][info][gc,phases     ] GC(201)   Pre Evacuate Collection Set: 0.2ms
[6.159s][info][gc,phases     ] GC(201)   Evacuate Collection Set: 1.1ms
[6.159s][info][gc,phases     ] GC(201)   Post Evacuate Collection Set: 1.2ms
[6.159s][info][gc,phases     ] GC(201)   Other: 0.2ms
[6.159s][info][gc,heap       ] GC(201) Eden regions: 2->0(651)
[6.159s][info][gc,heap       ] GC(201) Survivor regions: 1->1(70)
[6.159s][info][gc,heap       ] GC(201) Old regions: 26->26
[6.159s][info][gc,heap       ] GC(201) Humongous regions: 752->752
[6.159s][info][gc,metaspace  ] GC(201) Metaspace: 9810K->9810K(1058816K)
[6.159s][info][gc            ] GC(201) Pause Young (Concurrent Start) (G1 Humongous Allocation) 779M->777M(1609M) 2.895ms
[6.160s][info][gc,cpu        ] GC(201) User=0.01s Sys=0.00s Real=0.00s
[6.160s][info][gc            ] GC(202) Concurrent Cycle
[6.160s][info][gc,marking    ] GC(202) Concurrent Clear Claimed Marks
[6.160s][info][gc,marking    ] GC(202) Concurrent Clear Claimed Marks 0.022ms
[6.160s][info][gc,marking    ] GC(202) Concurrent Scan Root Regions
[6.160s][info][gc,marking    ] GC(202) Concurrent Scan Root Regions 0.114ms
[6.160s][info][gc,marking    ] GC(202) Concurrent Mark (6.160s)
[6.160s][info][gc,marking    ] GC(202) Concurrent Mark From Roots
[6.160s][info][gc,task       ] GC(202) Using 2 workers of 2 for marking
[6.168s][info][gc,marking    ] GC(202) Concurrent Mark From Roots 8.260ms
[6.168s][info][gc,marking    ] GC(202) Concurrent Preclean
[6.168s][info][gc,marking    ] GC(202) Concurrent Preclean 0.115ms
[6.168s][info][gc,marking    ] GC(202) Concurrent Mark (6.160s, 6.168s) 8.464ms
[6.168s][info][gc,start      ] GC(202) Pause Remark
[6.170s][info][gc,stringtable] GC(202) Cleaned string and symbol table, strings: 4322 processed, 0 removed, symbols: 36588 processed, 0 removed
[6.170s][info][gc            ] GC(202) Pause Remark 780M->780M(1609M) 1.748ms
[6.170s][info][gc,cpu        ] GC(202) User=0.00s Sys=0.00s Real=0.00s
[6.170s][info][gc,marking    ] GC(202) Concurrent Rebuild Remembered Sets
[6.177s][info][gc,marking    ] GC(202) Concurrent Rebuild Remembered Sets 6.597ms
[6.177s][info][gc,start      ] GC(202) Pause Cleanup
[6.177s][info][gc            ] GC(202) Pause Cleanup 781M->781M(1609M) 0.506ms
[6.178s][info][gc,cpu        ] GC(202) User=0.00s Sys=0.00s Real=0.00s
[6.178s][info][gc,marking    ] GC(202) Concurrent Cleanup for Next Mark
[6.181s][info][gc,marking    ] GC(202) Concurrent Cleanup for Next Mark 3.379ms
[6.181s][info][gc            ] GC(202) Concurrent Cycle 21.428ms
[6.196s][info][gc,start      ] GC(203) Pause Young (Concurrent Start) (G1 Humongous Allocation)
[6.196s][info][gc,task       ] GC(203) Using 8 workers of 8 for evacuation
[6.198s][info][gc,phases     ] GC(203)   Pre Evacuate Collection Set: 0.2ms
[6.198s][info][gc,phases     ] GC(203)   Evacuate Collection Set: 1.1ms
[6.198s][info][gc,phases     ] GC(203)   Post Evacuate Collection Set: 0.1ms
[6.198s][info][gc,phases     ] GC(203)   Other: 0.2ms
[6.198s][info][gc,heap       ] GC(203) Eden regions: 4->0(647)
[6.198s][info][gc,heap       ] GC(203) Survivor regions: 1->1(82)
[6.198s][info][gc,heap       ] GC(203) Old regions: 26->26
[6.198s][info][gc,heap       ] GC(203) Humongous regions: 756->756
[6.198s][info][gc,metaspace  ] GC(203) Metaspace: 9810K->9810K(1058816K)
[6.198s][info][gc            ] GC(203) Pause Young (Concurrent Start) (G1 Humongous Allocation) 785M->781M(1609M) 1.800ms
[6.198s][info][gc,cpu        ] GC(203) User=0.01s Sys=0.00s Real=0.00s
[6.198s][info][gc            ] GC(204) Concurrent Cycle
[6.198s][info][gc,marking    ] GC(204) Concurrent Clear Claimed Marks
[6.198s][info][gc,marking    ] GC(204) Concurrent Clear Claimed Marks 0.021ms
[6.198s][info][gc,marking    ] GC(204) Concurrent Scan Root Regions
[6.198s][info][gc,marking    ] GC(204) Concurrent Scan Root Regions 0.090ms
[6.198s][info][gc,marking    ] GC(204) Concurrent Mark (6.198s)
[6.198s][info][gc,marking    ] GC(204) Concurrent Mark From Roots
[6.199s][info][gc,task       ] GC(204) Using 2 workers of 2 for marking
[6.206s][info][gc,marking    ] GC(204) Concurrent Mark From Roots 7.621ms
[6.206s][info][gc,marking    ] GC(204) Concurrent Preclean
[6.206s][info][gc,marking    ] GC(204) Concurrent Preclean 0.180ms
[6.206s][info][gc,marking    ] GC(204) Concurrent Mark (6.198s, 6.206s) 7.896ms
[6.207s][info][gc,start      ] GC(204) Pause Remark
[6.209s][info][gc,stringtable] GC(204) Cleaned string and symbol table, strings: 4322 processed, 0 removed, symbols: 36588 processed, 0 removed
[6.209s][info][gc            ] GC(204) Pause Remark 784M->784M(1609M) 2.473ms
[6.209s][info][gc,cpu        ] GC(204) User=0.01s Sys=0.00s Real=0.00s
[6.209s][info][gc,marking    ] GC(204) Concurrent Rebuild Remembered Sets
[6.216s][info][gc,marking    ] GC(204) Concurrent Rebuild Remembered Sets 6.592ms
[6.216s][info][gc,start      ] GC(204) Pause Cleanup
[6.216s][info][gc            ] GC(204) Pause Cleanup 785M->785M(1609M) 0.283ms
[6.216s][info][gc,cpu        ] GC(204) User=0.00s Sys=0.00s Real=0.00s
[6.216s][info][gc,marking    ] GC(204) Concurrent Cleanup for Next Mark
[6.220s][info][gc,marking    ] GC(204) Concurrent Cleanup for Next Mark 3.282ms
[6.220s][info][gc            ] GC(204) Concurrent Cycle 21.408ms
[6.231s][info][gc,start      ] GC(205) Pause Young (Concurrent Start) (G1 Humongous Allocation)
[6.231s][info][gc,task       ] GC(205) Using 8 workers of 8 for evacuation
[6.233s][info][gc,phases     ] GC(205)   Pre Evacuate Collection Set: 0.2ms
[6.233s][info][gc,phases     ] GC(205)   Evacuate Collection Set: 1.1ms
[6.233s][info][gc,phases     ] GC(205)   Post Evacuate Collection Set: 0.2ms
[6.233s][info][gc,phases     ] GC(205)   Other: 0.3ms
[6.233s][info][gc,heap       ] GC(205) Eden regions: 4->0(644)
[6.233s][info][gc,heap       ] GC(205) Survivor regions: 1->1(81)
[6.233s][info][gc,heap       ] GC(205) Old regions: 26->26
[6.233s][info][gc,heap       ] GC(205) Humongous regions: 760->760
[6.233s][info][gc,metaspace  ] GC(205) Metaspace: 9810K->9810K(1058816K)
[6.233s][info][gc            ] GC(205) Pause Young (Concurrent Start) (G1 Humongous Allocation) 789M->785M(1609M) 1.820ms
[6.233s][info][gc,cpu        ] GC(205) User=0.01s Sys=0.00s Real=0.01s
[6.233s][info][gc            ] GC(206) Concurrent Cycle
[6.233s][info][gc,marking    ] GC(206) Concurrent Clear Claimed Marks
[6.233s][info][gc,marking    ] GC(206) Concurrent Clear Claimed Marks 0.012ms
[6.233s][info][gc,marking    ] GC(206) Concurrent Scan Root Regions
[6.233s][info][gc,marking    ] GC(206) Concurrent Scan Root Regions 0.078ms
[6.233s][info][gc,marking    ] GC(206) Concurrent Mark (6.233s)
[6.233s][info][gc,marking    ] GC(206) Concurrent Mark From Roots
[6.233s][info][gc,task       ] GC(206) Using 2 workers of 2 for marking
[6.239s][info][gc,marking    ] GC(206) Concurrent Mark From Roots 5.485ms
[6.239s][info][gc,marking    ] GC(206) Concurrent Preclean
[6.239s][info][gc,marking    ] GC(206) Concurrent Preclean 0.079ms
[6.239s][info][gc,marking    ] GC(206) Concurrent Mark (6.233s, 6.239s) 5.626ms
[6.239s][info][gc,start      ] GC(206) Pause Remark
[6.240s][info][gc,stringtable] GC(206) Cleaned string and symbol table, strings: 4322 processed, 0 removed, symbols: 36588 processed, 0 removed
[6.240s][info][gc            ] GC(206) Pause Remark 788M->788M(1609M) 1.511ms
[6.240s][info][gc,cpu        ] GC(206) User=0.00s Sys=0.00s Real=0.00s
[6.240s][info][gc,marking    ] GC(206) Concurrent Rebuild Remembered Sets
[6.246s][info][gc,marking    ] GC(206) Concurrent Rebuild Remembered Sets 5.091ms
[6.246s][info][gc,start      ] GC(206) Pause Cleanup
[6.246s][info][gc            ] GC(206) Pause Cleanup 789M->789M(1609M) 0.273ms
[6.246s][info][gc,cpu        ] GC(206) User=0.00s Sys=0.00s Real=0.00s
[6.246s][info][gc,marking    ] GC(206) Concurrent Cleanup for Next Mark
[6.248s][info][gc,marking    ] GC(206) Concurrent Cleanup for Next Mark 2.233ms
[6.248s][info][gc            ] GC(206) Concurrent Cycle 15.525ms
[6.258s][info][gc,start      ] GC(207) Pause Young (Concurrent Start) (G1 Humongous Allocation)
[6.258s][info][gc,task       ] GC(207) Using 8 workers of 8 for evacuation
[6.260s][info][gc,phases     ] GC(207)   Pre Evacuate Collection Set: 0.2ms
[6.260s][info][gc,phases     ] GC(207)   Evacuate Collection Set: 1.1ms
[6.260s][info][gc,phases     ] GC(207)   Post Evacuate Collection Set: 0.2ms
[6.260s][info][gc,phases     ] GC(207)   Other: 0.3ms
[6.260s][info][gc,heap       ] GC(207) Eden regions: 4->0(640)
[6.260s][info][gc,heap       ] GC(207) Survivor regions: 1->1(81)
[6.260s][info][gc,heap       ] GC(207) Old regions: 26->26
[6.260s][info][gc,heap       ] GC(207) Humongous regions: 764->764
[6.260s][info][gc,metaspace  ] GC(207) Metaspace: 9810K->9810K(1058816K)
[6.260s][info][gc            ] GC(207) Pause Young (Concurrent Start) (G1 Humongous Allocation) 793M->789M(1609M) 1.924ms
[6.260s][info][gc,cpu        ] GC(207) User=0.01s Sys=0.00s Real=0.00s
[6.260s][info][gc            ] GC(208) Concurrent Cycle
[6.260s][info][gc,marking    ] GC(208) Concurrent Clear Claimed Marks
[6.260s][info][gc,marking    ] GC(208) Concurrent Clear Claimed Marks 0.014ms
[6.260s][info][gc,marking    ] GC(208) Concurrent Scan Root Regions
[6.260s][info][gc,marking    ] GC(208) Concurrent Scan Root Regions 0.066ms
[6.260s][info][gc,marking    ] GC(208) Concurrent Mark (6.260s)
[6.260s][info][gc,marking    ] GC(208) Concurrent Mark From Roots
[6.260s][info][gc,task       ] GC(208) Using 2 workers of 2 for marking
[6.266s][info][gc,marking    ] GC(208) Concurrent Mark From Roots 5.761ms
[6.266s][info][gc,marking    ] GC(208) Concurrent Preclean
[6.266s][info][gc,marking    ] GC(208) Concurrent Preclean 0.092ms
[6.266s][info][gc,marking    ] GC(208) Concurrent Mark (6.260s, 6.266s) 5.962ms
[6.266s][info][gc,start      ] GC(208) Pause Remark
[6.267s][info][gc,stringtable] GC(208) Cleaned string and symbol table, strings: 4322 processed, 0 removed, symbols: 36588 processed, 0 removed
[6.268s][info][gc            ] GC(208) Pause Remark 792M->792M(1609M) 1.677ms
[6.268s][info][gc,cpu        ] GC(208) User=0.01s Sys=0.00s Real=0.00s
[6.268s][info][gc,marking    ] GC(208) Concurrent Rebuild Remembered Sets
[6.273s][info][gc,marking    ] GC(208) Concurrent Rebuild Remembered Sets 4.586ms
[6.273s][info][gc,start      ] GC(208) Pause Cleanup
[6.273s][info][gc            ] GC(208) Pause Cleanup 793M->793M(1609M) 0.239ms
[6.273s][info][gc,cpu        ] GC(208) User=0.00s Sys=0.00s Real=0.00s
[6.273s][info][gc,marking    ] GC(208) Concurrent Cleanup for Next Mark
[6.275s][info][gc,marking    ] GC(208) Concurrent Cleanup for Next Mark 2.193ms
[6.275s][info][gc            ] GC(208) Concurrent Cycle 15.353ms
[6.284s][info][gc,start      ] GC(209) Pause Young (Concurrent Start) (G1 Humongous Allocation)
[6.285s][info][gc,task       ] GC(209) Using 8 workers of 8 for evacuation
[6.286s][info][gc,phases     ] GC(209)   Pre Evacuate Collection Set: 0.3ms
[6.286s][info][gc,phases     ] GC(209)   Evacuate Collection Set: 1.1ms
[6.286s][info][gc,phases     ] GC(209)   Post Evacuate Collection Set: 0.2ms
[6.286s][info][gc,phases     ] GC(209)   Other: 0.3ms
[6.286s][info][gc,heap       ] GC(209) Eden regions: 4->0(636)
[6.286s][info][gc,heap       ] GC(209) Survivor regions: 1->1(81)
[6.286s][info][gc,heap       ] GC(209) Old regions: 26->26
[6.286s][info][gc,heap       ] GC(209) Humongous regions: 768->768
[6.286s][info][gc,metaspace  ] GC(209) Metaspace: 9810K->9810K(1058816K)
[6.286s][info][gc            ] GC(209) Pause Young (Concurrent Start) (G1 Humongous Allocation) 797M->793M(1609M) 1.960ms
[6.286s][info][gc,cpu        ] GC(209) User=0.01s Sys=0.00s Real=0.00s
[6.286s][info][gc            ] GC(210) Concurrent Cycle
[6.287s][info][gc,marking    ] GC(210) Concurrent Clear Claimed Marks
[6.287s][info][gc,marking    ] GC(210) Concurrent Clear Claimed Marks 0.015ms
[6.287s][info][gc,marking    ] GC(210) Concurrent Scan Root Regions
[6.287s][info][gc,marking    ] GC(210) Concurrent Scan Root Regions 0.081ms
[6.287s][info][gc,marking    ] GC(210) Concurrent Mark (6.287s)
[6.287s][info][gc,marking    ] GC(210) Concurrent Mark From Roots
[6.287s][info][gc,task       ] GC(210) Using 2 workers of 2 for marking
[6.292s][info][gc,marking    ] GC(210) Concurrent Mark From Roots 5.191ms
[6.292s][info][gc,marking    ] GC(210) Concurrent Preclean
[6.292s][info][gc,marking    ] GC(210) Concurrent Preclean 0.095ms
[6.292s][info][gc,marking    ] GC(210) Concurrent Mark (6.287s, 6.292s) 5.340ms
[6.292s][info][gc,start      ] GC(210) Pause Remark
[6.293s][info][gc,stringtable] GC(210) Cleaned string and symbol table, strings: 4322 processed, 0 removed, symbols: 36588 processed, 0 removed
[6.294s][info][gc            ] GC(210) Pause Remark 796M->796M(1609M) 1.648ms
[6.294s][info][gc,cpu        ] GC(210) User=0.00s Sys=0.00s Real=0.00s
[6.294s][info][gc,marking    ] GC(210) Concurrent Rebuild Remembered Sets
[6.298s][info][gc,marking    ] GC(210) Concurrent Rebuild Remembered Sets 4.629ms
[6.299s][info][gc,start      ] GC(210) Pause Cleanup
[6.299s][info][gc            ] GC(210) Pause Cleanup 797M->797M(1609M) 0.193ms
[6.299s][info][gc,cpu        ] GC(210) User=0.00s Sys=0.00s Real=0.00s
[6.299s][info][gc,marking    ] GC(210) Concurrent Cleanup for Next Mark
[6.301s][info][gc,marking    ] GC(210) Concurrent Cleanup for Next Mark 2.377ms
[6.301s][info][gc            ] GC(210) Concurrent Cycle 14.816ms
[6.312s][info][gc,start      ] GC(211) Pause Young (Concurrent Start) (G1 Humongous Allocation)
[6.312s][info][gc,task       ] GC(211) Using 8 workers of 8 for evacuation
[6.313s][info][gc,phases     ] GC(211)   Pre Evacuate Collection Set: 0.2ms
[6.313s][info][gc,phases     ] GC(211)   Evacuate Collection Set: 1.2ms
[6.313s][info][gc,phases     ] GC(211)   Post Evacuate Collection Set: 0.2ms
[6.313s][info][gc,phases     ] GC(211)   Other: 0.2ms
[6.313s][info][gc,heap       ] GC(211) Eden regions: 4->0(632)
[6.313s][info][gc,heap       ] GC(211) Survivor regions: 1->1(80)
[6.314s][info][gc,heap       ] GC(211) Old regions: 26->26
[6.314s][info][gc,heap       ] GC(211) Humongous regions: 772->772
[6.314s][info][gc,metaspace  ] GC(211) Metaspace: 9810K->9810K(1058816K)
[6.314s][info][gc            ] GC(211) Pause Young (Concurrent Start) (G1 Humongous Allocation) 801M->797M(1609M) 1.908ms
[6.314s][info][gc,cpu        ] GC(211) User=0.00s Sys=0.00s Real=0.00s
[6.314s][info][gc            ] GC(212) Concurrent Cycle
[6.314s][info][gc,marking    ] GC(212) Concurrent Clear Claimed Marks
[6.314s][info][gc,marking    ] GC(212) Concurrent Clear Claimed Marks 0.018ms
[6.314s][info][gc,marking    ] GC(212) Concurrent Scan Root Regions
[6.314s][info][gc,marking    ] GC(212) Concurrent Scan Root Regions 0.094ms
[6.314s][info][gc,marking    ] GC(212) Concurrent Mark (6.314s)
[6.314s][info][gc,marking    ] GC(212) Concurrent Mark From Roots
[6.314s][info][gc,task       ] GC(212) Using 2 workers of 2 for marking
[6.323s][info][gc,marking    ] GC(212) Concurrent Mark From Roots 9.234ms
[6.323s][info][gc,marking    ] GC(212) Concurrent Preclean
[6.323s][info][gc,marking    ] GC(212) Concurrent Preclean 0.143ms
[6.323s][info][gc,marking    ] GC(212) Concurrent Mark (6.314s, 6.323s) 9.477ms
[6.324s][info][gc,start      ] GC(212) Pause Remark
[6.325s][info][gc,stringtable] GC(212) Cleaned string and symbol table, strings: 4322 processed, 0 removed, symbols: 36588 processed, 0 removed
[6.325s][info][gc            ] GC(212) Pause Remark 800M->800M(1609M) 1.889ms
[6.325s][info][gc,cpu        ] GC(212) User=0.01s Sys=0.00s Real=0.00s
[6.326s][info][gc,marking    ] GC(212) Concurrent Rebuild Remembered Sets
[6.332s][info][gc,marking    ] GC(212) Concurrent Rebuild Remembered Sets 6.542ms
[6.332s][info][gc,start      ] GC(212) Pause Cleanup
[6.332s][info][gc            ] GC(212) Pause Cleanup 801M->801M(1609M) 0.243ms
[6.332s][info][gc,cpu        ] GC(212) User=0.00s Sys=0.00s Real=0.00s
[6.333s][info][gc,marking    ] GC(212) Concurrent Cleanup for Next Mark
[6.335s][info][gc,marking    ] GC(212) Concurrent Cleanup for Next Mark 2.484ms
[6.335s][info][gc            ] GC(212) Concurrent Cycle 21.438ms
[6.351s][info][gc,start      ] GC(213) Pause Young (Concurrent Start) (G1 Humongous Allocation)
[6.351s][info][gc,task       ] GC(213) Using 8 workers of 8 for evacuation
[6.353s][info][gc,phases     ] GC(213)   Pre Evacuate Collection Set: 0.2ms
[6.353s][info][gc,phases     ] GC(213)   Evacuate Collection Set: 1.4ms
[6.353s][info][gc,phases     ] GC(213)   Post Evacuate Collection Set: 0.2ms
[6.353s][info][gc,phases     ] GC(213)   Other: 0.2ms
[6.353s][info][gc,heap       ] GC(213) Eden regions: 4->0(628)
[6.353s][info][gc,heap       ] GC(213) Survivor regions: 1->1(80)
[6.353s][info][gc,heap       ] GC(213) Old regions: 26->26
[6.353s][info][gc,heap       ] GC(213) Humongous regions: 776->776
[6.353s][info][gc,metaspace  ] GC(213) Metaspace: 9810K->9810K(1058816K)
[6.353s][info][gc            ] GC(213) Pause Young (Concurrent Start) (G1 Humongous Allocation) 805M->801M(1609M) 2.412ms
[6.353s][info][gc,cpu        ] GC(213) User=0.01s Sys=0.00s Real=0.01s
[6.353s][info][gc            ] GC(214) Concurrent Cycle
[6.353s][info][gc,marking    ] GC(214) Concurrent Clear Claimed Marks
[6.353s][info][gc,marking    ] GC(214) Concurrent Clear Claimed Marks 0.020ms
[6.353s][info][gc,marking    ] GC(214) Concurrent Scan Root Regions
[6.353s][info][gc,marking    ] GC(214) Concurrent Scan Root Regions 0.133ms
[6.353s][info][gc,marking    ] GC(214) Concurrent Mark (6.353s)
[6.354s][info][gc,marking    ] GC(214) Concurrent Mark From Roots
[6.354s][info][gc,task       ] GC(214) Using 2 workers of 2 for marking
[6.361s][info][gc,marking    ] GC(214) Concurrent Mark From Roots 7.679ms
[6.361s][info][gc,marking    ] GC(214) Concurrent Preclean
[6.361s][info][gc,marking    ] GC(214) Concurrent Preclean 0.138ms
[6.361s][info][gc,marking    ] GC(214) Concurrent Mark (6.353s, 6.361s) 7.935ms
[6.362s][info][gc,start      ] GC(214) Pause Remark
[6.363s][info][gc,stringtable] GC(214) Cleaned string and symbol table, strings: 4322 processed, 0 removed, symbols: 36588 processed, 0 removed
[6.363s][info][gc            ] GC(214) Pause Remark 804M->804M(1609M) 1.754ms
[6.363s][info][gc,cpu        ] GC(214) User=0.00s Sys=0.00s Real=0.00s
[6.363s][info][gc,marking    ] GC(214) Concurrent Rebuild Remembered Sets
[6.370s][info][gc,marking    ] GC(214) Concurrent Rebuild Remembered Sets 6.185ms
[6.370s][info][gc,start      ] GC(214) Pause Cleanup
[6.370s][info][gc            ] GC(214) Pause Cleanup 805M->805M(1609M) 0.287ms
[6.370s][info][gc,cpu        ] GC(214) User=0.00s Sys=0.00s Real=0.00s
[6.370s][info][gc,marking    ] GC(214) Concurrent Cleanup for Next Mark
[6.373s][info][gc,marking    ] GC(214) Concurrent Cleanup for Next Mark 2.961ms
[6.373s][info][gc            ] GC(214) Concurrent Cycle 20.028ms
[6.391s][info][gc,start      ] GC(215) Pause Young (Concurrent Start) (G1 Humongous Allocation)
[6.391s][info][gc,task       ] GC(215) Using 8 workers of 8 for evacuation
[6.393s][info][gc,phases     ] GC(215)   Pre Evacuate Collection Set: 0.6ms
[6.393s][info][gc,phases     ] GC(215)   Evacuate Collection Set: 1.1ms
[6.393s][info][gc,phases     ] GC(215)   Post Evacuate Collection Set: 0.2ms
[6.393s][info][gc,phases     ] GC(215)   Other: 0.6ms
[6.393s][info][gc,heap       ] GC(215) Eden regions: 4->0(624)
[6.393s][info][gc,heap       ] GC(215) Survivor regions: 1->1(79)
[6.393s][info][gc,heap       ] GC(215) Old regions: 26->26
[6.393s][info][gc,heap       ] GC(215) Humongous regions: 780->780
[6.393s][info][gc,metaspace  ] GC(215) Metaspace: 9812K->9812K(1058816K)
[6.393s][info][gc            ] GC(215) Pause Young (Concurrent Start) (G1 Humongous Allocation) 809M->805M(1609M) 2.626ms
[6.393s][info][gc,cpu        ] GC(215) User=0.01s Sys=0.00s Real=0.01s
[6.393s][info][gc            ] GC(216) Concurrent Cycle
[6.393s][info][gc,marking    ] GC(216) Concurrent Clear Claimed Marks
[6.393s][info][gc,marking    ] GC(216) Concurrent Clear Claimed Marks 0.016ms
[6.393s][info][gc,marking    ] GC(216) Concurrent Scan Root Regions
[6.393s][info][gc,marking    ] GC(216) Concurrent Scan Root Regions 0.097ms
[6.393s][info][gc,marking    ] GC(216) Concurrent Mark (6.393s)
[6.393s][info][gc,marking    ] GC(216) Concurrent Mark From Roots
[6.393s][info][gc,task       ] GC(216) Using 2 workers of 2 for marking
[6.401s][info][gc,marking    ] GC(216) Concurrent Mark From Roots 7.626ms
[6.401s][info][gc,marking    ] GC(216) Concurrent Preclean
[6.401s][info][gc,marking    ] GC(216) Concurrent Preclean 0.142ms
[6.401s][info][gc,marking    ] GC(216) Concurrent Mark (6.393s, 6.401s) 7.862ms
[6.401s][info][gc,start      ] GC(216) Pause Remark
[6.404s][info][gc,stringtable] GC(216) Cleaned string and symbol table, strings: 4326 processed, 0 removed, symbols: 36588 processed, 0 removed
[6.404s][info][gc            ] GC(216) Pause Remark 808M->808M(1609M) 2.769ms
[6.404s][info][gc,cpu        ] GC(216) User=0.01s Sys=0.00s Real=0.00s
[6.404s][info][gc,marking    ] GC(216) Concurrent Rebuild Remembered Sets
[6.411s][info][gc,marking    ] GC(216) Concurrent Rebuild Remembered Sets 6.626ms
[6.411s][info][gc,start      ] GC(216) Pause Cleanup
[6.412s][info][gc            ] GC(216) Pause Cleanup 809M->809M(1609M) 0.524ms
[6.412s][info][gc,cpu        ] GC(216) User=0.00s Sys=0.00s Real=0.00s
[6.412s][info][gc,marking    ] GC(216) Concurrent Cleanup for Next Mark
[6.415s][info][gc,marking    ] GC(216) Concurrent Cleanup for Next Mark 2.712ms
[6.415s][info][gc            ] GC(216) Concurrent Cycle 21.317ms
[6.427s][info][gc,start      ] GC(217) Pause Young (Concurrent Start) (G1 Humongous Allocation)
[6.427s][info][gc,task       ] GC(217) Using 8 workers of 8 for evacuation
[6.429s][info][gc,phases     ] GC(217)   Pre Evacuate Collection Set: 0.2ms
[6.429s][info][gc,phases     ] GC(217)   Evacuate Collection Set: 1.0ms
[6.429s][info][gc,phases     ] GC(217)   Post Evacuate Collection Set: 0.2ms
[6.429s][info][gc,phases     ] GC(217)   Other: 0.3ms
[6.429s][info][gc,heap       ] GC(217) Eden regions: 5->0(620)
[6.429s][info][gc,heap       ] GC(217) Survivor regions: 1->1(79)
[6.429s][info][gc,heap       ] GC(217) Old regions: 26->26
[6.429s][info][gc,heap       ] GC(217) Humongous regions: 784->784
[6.429s][info][gc,metaspace  ] GC(217) Metaspace: 9826K->9826K(1058816K)
[6.429s][info][gc            ] GC(217) Pause Young (Concurrent Start) (G1 Humongous Allocation) 813M->809M(1609M) 1.830ms
[6.429s][info][gc,cpu        ] GC(217) User=0.01s Sys=0.00s Real=0.00s
[6.429s][info][gc            ] GC(218) Concurrent Cycle
[6.429s][info][gc,marking    ] GC(218) Concurrent Clear Claimed Marks
[6.429s][info][gc,marking    ] GC(218) Concurrent Clear Claimed Marks 0.018ms
[6.429s][info][gc,marking    ] GC(218) Concurrent Scan Root Regions
[6.429s][info][gc,marking    ] GC(218) Concurrent Scan Root Regions 0.065ms
[6.429s][info][gc,marking    ] GC(218) Concurrent Mark (6.429s)
[6.430s][info][gc,marking    ] GC(218) Concurrent Mark From Roots
[6.430s][info][gc,task       ] GC(218) Using 2 workers of 2 for marking
[6.436s][info][gc,marking    ] GC(218) Concurrent Mark From Roots 6.292ms
[6.436s][info][gc,marking    ] GC(218) Concurrent Preclean
[6.436s][info][gc,marking    ] GC(218) Concurrent Preclean 0.086ms
[6.436s][info][gc,marking    ] GC(218) Concurrent Mark (6.429s, 6.436s) 6.443ms
[6.436s][info][gc,start      ] GC(218) Pause Remark
[6.438s][info][gc,stringtable] GC(218) Cleaned string and symbol table, strings: 4326 processed, 0 removed, symbols: 36588 processed, 0 removed
[6.438s][info][gc            ] GC(218) Pause Remark 812M->812M(1609M) 1.871ms
[6.438s][info][gc,cpu        ] GC(218) User=0.00s Sys=0.00s Real=0.00s
[6.438s][info][gc,marking    ] GC(218) Concurrent Rebuild Remembered Sets
[6.444s][info][gc,marking    ] GC(218) Concurrent Rebuild Remembered Sets 5.699ms
[6.445s][info][gc,start      ] GC(218) Pause Cleanup
[6.445s][info][gc            ] GC(218) Pause Cleanup 815M->815M(1609M) 0.300ms
[6.445s][info][gc,cpu        ] GC(218) User=0.00s Sys=0.00s Real=0.00s
[6.445s][info][gc,marking    ] GC(218) Concurrent Cleanup for Next Mark
[6.447s][info][gc,marking    ] GC(218) Concurrent Cleanup for Next Mark 2.312ms
[6.447s][info][gc            ] GC(218) Concurrent Cycle 18.131ms
[6.456s][info][gc,start      ] GC(219) Pause Young (Concurrent Start) (G1 Humongous Allocation)
[6.456s][info][gc,task       ] GC(219) Using 8 workers of 8 for evacuation
[6.458s][info][gc,phases     ] GC(219)   Pre Evacuate Collection Set: 0.2ms
[6.458s][info][gc,phases     ] GC(219)   Evacuate Collection Set: 1.1ms
[6.458s][info][gc,phases     ] GC(219)   Post Evacuate Collection Set: 0.2ms
[6.458s][info][gc,phases     ] GC(219)   Other: 0.3ms
[6.458s][info][gc,heap       ] GC(219) Eden regions: 4->0(616)
[6.458s][info][gc,heap       ] GC(219) Survivor regions: 1->1(78)
[6.458s][info][gc,heap       ] GC(219) Old regions: 26->26
[6.458s][info][gc,heap       ] GC(219) Humongous regions: 788->788
[6.458s][info][gc,metaspace  ] GC(219) Metaspace: 9826K->9826K(1058816K)
[6.458s][info][gc            ] GC(219) Pause Young (Concurrent Start) (G1 Humongous Allocation) 817M->813M(1609M) 1.812ms
[6.458s][info][gc,cpu        ] GC(219) User=0.00s Sys=0.00s Real=0.00s
[6.458s][info][gc            ] GC(220) Concurrent Cycle
[6.458s][info][gc,marking    ] GC(220) Concurrent Clear Claimed Marks
[6.458s][info][gc,marking    ] GC(220) Concurrent Clear Claimed Marks 0.052ms
[6.458s][info][gc,marking    ] GC(220) Concurrent Scan Root Regions
[6.458s][info][gc,marking    ] GC(220) Concurrent Scan Root Regions 0.069ms
[6.458s][info][gc,marking    ] GC(220) Concurrent Mark (6.458s)
[6.458s][info][gc,marking    ] GC(220) Concurrent Mark From Roots
[6.458s][info][gc,task       ] GC(220) Using 2 workers of 2 for marking
[6.463s][info][gc,marking    ] GC(220) Concurrent Mark From Roots 5.133ms
[6.463s][info][gc,marking    ] GC(220) Concurrent Preclean
[6.463s][info][gc,marking    ] GC(220) Concurrent Preclean 0.081ms
[6.463s][info][gc,marking    ] GC(220) Concurrent Mark (6.458s, 6.463s) 5.321ms
[6.463s][info][gc,start      ] GC(220) Pause Remark
[6.465s][info][gc,stringtable] GC(220) Cleaned string and symbol table, strings: 4326 processed, 0 removed, symbols: 36588 processed, 0 removed
[6.465s][info][gc            ] GC(220) Pause Remark 816M->816M(1609M) 1.670ms
[6.465s][info][gc,cpu        ] GC(220) User=0.01s Sys=0.00s Real=0.00s
[6.465s][info][gc,marking    ] GC(220) Concurrent Rebuild Remembered Sets
[6.471s][info][gc,marking    ] GC(220) Concurrent Rebuild Remembered Sets 6.069ms
[6.472s][info][gc,start      ] GC(220) Pause Cleanup
[6.472s][info][gc            ] GC(220) Pause Cleanup 819M->819M(1609M) 0.271ms
[6.473s][info][gc,cpu        ] GC(220) User=0.01s Sys=0.00s Real=0.00s
[6.473s][info][gc,marking    ] GC(220) Concurrent Cleanup for Next Mark
[6.475s][info][gc,marking    ] GC(220) Concurrent Cleanup for Next Mark 2.180ms
[6.475s][info][gc            ] GC(220) Concurrent Cycle 16.884ms
[6.484s][info][gc,start      ] GC(221) Pause Young (Concurrent Start) (G1 Humongous Allocation)
[6.484s][info][gc,task       ] GC(221) Using 8 workers of 8 for evacuation
[6.486s][info][gc,phases     ] GC(221)   Pre Evacuate Collection Set: 0.3ms
[6.486s][info][gc,phases     ] GC(221)   Evacuate Collection Set: 1.0ms
[6.486s][info][gc,phases     ] GC(221)   Post Evacuate Collection Set: 0.2ms
[6.486s][info][gc,phases     ] GC(221)   Other: 0.3ms
[6.486s][info][gc,heap       ] GC(221) Eden regions: 4->0(612)
[6.486s][info][gc,heap       ] GC(221) Survivor regions: 1->1(78)
[6.486s][info][gc,heap       ] GC(221) Old regions: 26->26
[6.486s][info][gc,heap       ] GC(221) Humongous regions: 792->792
[6.486s][info][gc,metaspace  ] GC(221) Metaspace: 9826K->9826K(1058816K)
[6.486s][info][gc            ] GC(221) Pause Young (Concurrent Start) (G1 Humongous Allocation) 821M->817M(1609M) 1.875ms
[6.486s][info][gc,cpu        ] GC(221) User=0.01s Sys=0.01s Real=0.00s
[6.486s][info][gc            ] GC(222) Concurrent Cycle
[6.486s][info][gc,marking    ] GC(222) Concurrent Clear Claimed Marks
[6.486s][info][gc,marking    ] GC(222) Concurrent Clear Claimed Marks 0.015ms
[6.486s][info][gc,marking    ] GC(222) Concurrent Scan Root Regions
[6.486s][info][gc,marking    ] GC(222) Concurrent Scan Root Regions 0.086ms
[6.486s][info][gc,marking    ] GC(222) Concurrent Mark (6.486s)
[6.486s][info][gc,marking    ] GC(222) Concurrent Mark From Roots
[6.486s][info][gc,task       ] GC(222) Using 2 workers of 2 for marking
[6.491s][info][gc,marking    ] GC(222) Concurrent Mark From Roots 5.377ms
[6.491s][info][gc,marking    ] GC(222) Concurrent Preclean
[6.491s][info][gc,marking    ] GC(222) Concurrent Preclean 0.090ms
[6.491s][info][gc,marking    ] GC(222) Concurrent Mark (6.486s, 6.491s) 5.577ms
[6.492s][info][gc,start      ] GC(222) Pause Remark
[6.493s][info][gc,stringtable] GC(222) Cleaned string and symbol table, strings: 4326 processed, 0 removed, symbols: 36588 processed, 0 removed
[6.493s][info][gc            ] GC(222) Pause Remark 820M->820M(1609M) 1.586ms
[6.493s][info][gc,cpu        ] GC(222) User=0.01s Sys=0.00s Real=0.00s
[6.493s][info][gc,marking    ] GC(222) Concurrent Rebuild Remembered Sets
[6.499s][info][gc,marking    ] GC(222) Concurrent Rebuild Remembered Sets 5.841ms
[6.499s][info][gc,start      ] GC(222) Pause Cleanup
[6.500s][info][gc            ] GC(222) Pause Cleanup 821M->821M(1609M) 0.286ms
[6.500s][info][gc,cpu        ] GC(222) User=0.00s Sys=0.00s Real=0.00s
[6.500s][info][gc,marking    ] GC(222) Concurrent Cleanup for Next Mark
[6.502s][info][gc,marking    ] GC(222) Concurrent Cleanup for Next Mark 2.367ms
[6.502s][info][gc            ] GC(222) Concurrent Cycle 16.382ms
[6.513s][info][gc,start      ] GC(223) Pause Young (Concurrent Start) (G1 Humongous Allocation)
[6.513s][info][gc,task       ] GC(223) Using 8 workers of 8 for evacuation
[6.517s][info][gc,phases     ] GC(223)   Pre Evacuate Collection Set: 0.4ms
[6.517s][info][gc,phases     ] GC(223)   Evacuate Collection Set: 2.4ms
[6.517s][info][gc,phases     ] GC(223)   Post Evacuate Collection Set: 0.3ms
[6.517s][info][gc,phases     ] GC(223)   Other: 0.3ms
[6.517s][info][gc,heap       ] GC(223) Eden regions: 4->0(608)
[6.517s][info][gc,heap       ] GC(223) Survivor regions: 1->1(77)
[6.517s][info][gc,heap       ] GC(223) Old regions: 26->26
[6.517s][info][gc,heap       ] GC(223) Humongous regions: 796->796
[6.517s][info][gc,metaspace  ] GC(223) Metaspace: 9826K->9826K(1058816K)
[6.517s][info][gc            ] GC(223) Pause Young (Concurrent Start) (G1 Humongous Allocation) 825M->821M(1609M) 3.536ms
[6.517s][info][gc,cpu        ] GC(223) User=0.01s Sys=0.00s Real=0.00s
[6.517s][info][gc            ] GC(224) Concurrent Cycle
[6.517s][info][gc,marking    ] GC(224) Concurrent Clear Claimed Marks
[6.517s][info][gc,marking    ] GC(224) Concurrent Clear Claimed Marks 0.016ms
[6.517s][info][gc,marking    ] GC(224) Concurrent Scan Root Regions
[6.517s][info][gc,marking    ] GC(224) Concurrent Scan Root Regions 0.085ms
[6.517s][info][gc,marking    ] GC(224) Concurrent Mark (6.517s)
[6.517s][info][gc,marking    ] GC(224) Concurrent Mark From Roots
[6.517s][info][gc,task       ] GC(224) Using 2 workers of 2 for marking
[6.526s][info][gc,marking    ] GC(224) Concurrent Mark From Roots 8.658ms
[6.526s][info][gc,marking    ] GC(224) Concurrent Preclean
[6.526s][info][gc,marking    ] GC(224) Concurrent Preclean 0.105ms
[6.526s][info][gc,marking    ] GC(224) Concurrent Mark (6.517s, 6.526s) 8.833ms
[6.526s][info][gc,start      ] GC(224) Pause Remark
[6.528s][info][gc,stringtable] GC(224) Cleaned string and symbol table, strings: 4326 processed, 0 removed, symbols: 36588 processed, 0 removed
[6.528s][info][gc            ] GC(224) Pause Remark 824M->824M(1609M) 2.027ms
[6.528s][info][gc,cpu        ] GC(224) User=0.01s Sys=0.00s Real=0.00s
[6.528s][info][gc,marking    ] GC(224) Concurrent Rebuild Remembered Sets
[6.536s][info][gc,marking    ] GC(224) Concurrent Rebuild Remembered Sets 7.197ms
[6.536s][info][gc,start      ] GC(224) Pause Cleanup
[6.536s][info][gc            ] GC(224) Pause Cleanup 825M->825M(1609M) 0.319ms
[6.536s][info][gc,cpu        ] GC(224) User=0.00s Sys=0.00s Real=0.00s
[6.536s][info][gc,marking    ] GC(224) Concurrent Cleanup for Next Mark
[6.539s][info][gc,marking    ] GC(224) Concurrent Cleanup for Next Mark 2.502ms
[6.539s][info][gc            ] GC(224) Concurrent Cycle 21.741ms
[6.554s][info][gc,start      ] GC(225) Pause Young (Concurrent Start) (G1 Humongous Allocation)
[6.554s][info][gc,task       ] GC(225) Using 8 workers of 8 for evacuation
[6.555s][info][gc,phases     ] GC(225)   Pre Evacuate Collection Set: 0.2ms
[6.555s][info][gc,phases     ] GC(225)   Evacuate Collection Set: 1.1ms
[6.555s][info][gc,phases     ] GC(225)   Post Evacuate Collection Set: 0.2ms
[6.556s][info][gc,phases     ] GC(225)   Other: 0.3ms
[6.556s][info][gc,heap       ] GC(225) Eden regions: 4->0(604)
[6.556s][info][gc,heap       ] GC(225) Survivor regions: 1->1(77)
[6.556s][info][gc,heap       ] GC(225) Old regions: 26->26
[6.556s][info][gc,heap       ] GC(225) Humongous regions: 800->800
[6.556s][info][gc,metaspace  ] GC(225) Metaspace: 9826K->9826K(1058816K)
[6.556s][info][gc            ] GC(225) Pause Young (Concurrent Start) (G1 Humongous Allocation) 829M->825M(1609M) 1.848ms
[6.556s][info][gc,cpu        ] GC(225) User=0.00s Sys=0.00s Real=0.00s
[6.556s][info][gc            ] GC(226) Concurrent Cycle
[6.556s][info][gc,marking    ] GC(226) Concurrent Clear Claimed Marks
[6.556s][info][gc,marking    ] GC(226) Concurrent Clear Claimed Marks 0.019ms
[6.556s][info][gc,marking    ] GC(226) Concurrent Scan Root Regions
[6.556s][info][gc,marking    ] GC(226) Concurrent Scan Root Regions 0.067ms
[6.556s][info][gc,marking    ] GC(226) Concurrent Mark (6.556s)
[6.556s][info][gc,marking    ] GC(226) Concurrent Mark From Roots
[6.556s][info][gc,task       ] GC(226) Using 2 workers of 2 for marking
[6.563s][info][gc,marking    ] GC(226) Concurrent Mark From Roots 7.414ms
[6.563s][info][gc,marking    ] GC(226) Concurrent Preclean
[6.563s][info][gc,marking    ] GC(226) Concurrent Preclean 0.179ms
[6.563s][info][gc,marking    ] GC(226) Concurrent Mark (6.556s, 6.563s) 7.684ms
[6.564s][info][gc,start      ] GC(226) Pause Remark
[6.566s][info][gc,stringtable] GC(226) Cleaned string and symbol table, strings: 4326 processed, 0 removed, symbols: 36588 processed, 0 removed
[6.566s][info][gc            ] GC(226) Pause Remark 828M->828M(1609M) 2.605ms
[6.566s][info][gc,cpu        ] GC(226) User=0.01s Sys=0.00s Real=0.00s
[6.566s][info][gc,marking    ] GC(226) Concurrent Rebuild Remembered Sets
[6.573s][info][gc,marking    ] GC(226) Concurrent Rebuild Remembered Sets 6.564ms
[6.573s][info][gc,start      ] GC(226) Pause Cleanup
[6.573s][info][gc            ] GC(226) Pause Cleanup 829M->829M(1609M) 0.274ms
[6.573s][info][gc,cpu        ] GC(226) User=0.00s Sys=0.00s Real=0.00s
[6.573s][info][gc,marking    ] GC(226) Concurrent Cleanup for Next Mark
[6.576s][info][gc,marking    ] GC(226) Concurrent Cleanup for Next Mark 2.308ms
[6.576s][info][gc            ] GC(226) Concurrent Cycle 20.172ms
[6.592s][info][gc,start      ] GC(227) Pause Young (Concurrent Start) (G1 Humongous Allocation)
[6.592s][info][gc,task       ] GC(227) Using 8 workers of 8 for evacuation
[6.593s][info][gc,phases     ] GC(227)   Pre Evacuate Collection Set: 0.2ms
[6.593s][info][gc,phases     ] GC(227)   Evacuate Collection Set: 1.1ms
[6.593s][info][gc,phases     ] GC(227)   Post Evacuate Collection Set: 0.2ms
[6.593s][info][gc,phases     ] GC(227)   Other: 0.4ms
[6.593s][info][gc,heap       ] GC(227) Eden regions: 4->0(600)
[6.594s][info][gc,heap       ] GC(227) Survivor regions: 1->1(76)
[6.594s][info][gc,heap       ] GC(227) Old regions: 26->26
[6.594s][info][gc,heap       ] GC(227) Humongous regions: 804->804
[6.594s][info][gc,metaspace  ] GC(227) Metaspace: 9826K->9826K(1058816K)
[6.594s][info][gc            ] GC(227) Pause Young (Concurrent Start) (G1 Humongous Allocation) 833M->829M(1609M) 1.921ms
[6.594s][info][gc,cpu        ] GC(227) User=0.00s Sys=0.00s Real=0.00s
[6.594s][info][gc            ] GC(228) Concurrent Cycle
[6.594s][info][gc,marking    ] GC(228) Concurrent Clear Claimed Marks
[6.594s][info][gc,marking    ] GC(228) Concurrent Clear Claimed Marks 0.018ms
[6.594s][info][gc,marking    ] GC(228) Concurrent Scan Root Regions
[6.594s][info][gc,marking    ] GC(228) Concurrent Scan Root Regions 0.080ms
[6.594s][info][gc,marking    ] GC(228) Concurrent Mark (6.594s)
[6.594s][info][gc,marking    ] GC(228) Concurrent Mark From Roots
[6.594s][info][gc,task       ] GC(228) Using 2 workers of 2 for marking
[6.602s][info][gc,marking    ] GC(228) Concurrent Mark From Roots 7.985ms
[6.602s][info][gc,marking    ] GC(228) Concurrent Preclean
[6.602s][info][gc,marking    ] GC(228) Concurrent Preclean 0.109ms
[6.602s][info][gc,marking    ] GC(228) Concurrent Mark (6.594s, 6.602s) 8.164ms
[6.602s][info][gc,start      ] GC(228) Pause Remark
[6.603s][info][gc,stringtable] GC(228) Cleaned string and symbol table, strings: 4326 processed, 0 removed, symbols: 36588 processed, 0 removed
[6.604s][info][gc            ] GC(228) Pause Remark 832M->832M(1609M) 1.582ms
[6.604s][info][gc,cpu        ] GC(228) User=0.01s Sys=0.00s Real=0.00s
[6.604s][info][gc,marking    ] GC(228) Concurrent Rebuild Remembered Sets
[6.610s][info][gc,marking    ] GC(228) Concurrent Rebuild Remembered Sets 6.190ms
[6.610s][info][gc,start      ] GC(228) Pause Cleanup
[6.610s][info][gc            ] GC(228) Pause Cleanup 833M->833M(1609M) 0.207ms
[6.610s][info][gc,cpu        ] GC(228) User=0.00s Sys=0.00s Real=0.00s
[6.610s][info][gc,marking    ] GC(228) Concurrent Cleanup for Next Mark
[6.613s][info][gc,marking    ] GC(228) Concurrent Cleanup for Next Mark 2.865ms
[6.613s][info][gc            ] GC(228) Concurrent Cycle 19.543ms
[6.627s][info][gc,start      ] GC(229) Pause Young (Concurrent Start) (G1 Humongous Allocation)
[6.627s][info][gc,task       ] GC(229) Using 8 workers of 8 for evacuation
[6.628s][info][gc,phases     ] GC(229)   Pre Evacuate Collection Set: 0.2ms
[6.628s][info][gc,phases     ] GC(229)   Evacuate Collection Set: 0.7ms
[6.628s][info][gc,phases     ] GC(229)   Post Evacuate Collection Set: 0.1ms
[6.628s][info][gc,phases     ] GC(229)   Other: 0.2ms
[6.628s][info][gc,heap       ] GC(229) Eden regions: 4->0(596)
[6.628s][info][gc,heap       ] GC(229) Survivor regions: 1->1(76)
[6.628s][info][gc,heap       ] GC(229) Old regions: 26->26
[6.628s][info][gc,heap       ] GC(229) Humongous regions: 808->808
[6.628s][info][gc,metaspace  ] GC(229) Metaspace: 9826K->9826K(1058816K)
[6.628s][info][gc            ] GC(229) Pause Young (Concurrent Start) (G1 Humongous Allocation) 837M->833M(1609M) 1.487ms
[6.628s][info][gc,cpu        ] GC(229) User=0.00s Sys=0.00s Real=0.00s
[6.628s][info][gc            ] GC(230) Concurrent Cycle
[6.628s][info][gc,marking    ] GC(230) Concurrent Clear Claimed Marks
[6.628s][info][gc,marking    ] GC(230) Concurrent Clear Claimed Marks 0.012ms
[6.628s][info][gc,marking    ] GC(230) Concurrent Scan Root Regions
[6.628s][info][gc,marking    ] GC(230) Concurrent Scan Root Regions 0.058ms
[6.628s][info][gc,marking    ] GC(230) Concurrent Mark (6.628s)
[6.628s][info][gc,marking    ] GC(230) Concurrent Mark From Roots
[6.629s][info][gc,task       ] GC(230) Using 2 workers of 2 for marking
[6.634s][info][gc,marking    ] GC(230) Concurrent Mark From Roots 5.392ms
[6.634s][info][gc,marking    ] GC(230) Concurrent Preclean
[6.634s][info][gc,marking    ] GC(230) Concurrent Preclean 0.080ms
[6.634s][info][gc,marking    ] GC(230) Concurrent Mark (6.628s, 6.634s) 5.542ms
[6.634s][info][gc,start      ] GC(230) Pause Remark
[6.635s][info][gc,stringtable] GC(230) Cleaned string and symbol table, strings: 4326 processed, 0 removed, symbols: 36588 processed, 0 removed
[6.635s][info][gc            ] GC(230) Pause Remark 836M->836M(1609M) 1.272ms
[6.635s][info][gc,cpu        ] GC(230) User=0.00s Sys=0.00s Real=0.00s
[6.635s][info][gc,marking    ] GC(230) Concurrent Rebuild Remembered Sets
[6.640s][info][gc,marking    ] GC(230) Concurrent Rebuild Remembered Sets 4.726ms
[6.640s][info][gc,start      ] GC(230) Pause Cleanup
[6.641s][info][gc            ] GC(230) Pause Cleanup 837M->837M(1609M) 0.182ms
[6.641s][info][gc,cpu        ] GC(230) User=0.00s Sys=0.00s Real=0.00s
[6.641s][info][gc,marking    ] GC(230) Concurrent Cleanup for Next Mark
[6.643s][info][gc,marking    ] GC(230) Concurrent Cleanup for Next Mark 2.340ms
[6.643s][info][gc            ] GC(230) Concurrent Cycle 14.660ms
[6.652s][info][gc,start      ] GC(231) Pause Young (Concurrent Start) (G1 Humongous Allocation)
[6.652s][info][gc,task       ] GC(231) Using 8 workers of 8 for evacuation
[6.653s][info][gc,phases     ] GC(231)   Pre Evacuate Collection Set: 0.2ms
[6.653s][info][gc,phases     ] GC(231)   Evacuate Collection Set: 0.5ms
[6.653s][info][gc,phases     ] GC(231)   Post Evacuate Collection Set: 0.1ms
[6.653s][info][gc,phases     ] GC(231)   Other: 0.2ms
[6.653s][info][gc,heap       ] GC(231) Eden regions: 4->0(592)
[6.653s][info][gc,heap       ] GC(231) Survivor regions: 1->1(75)
[6.653s][info][gc,heap       ] GC(231) Old regions: 26->26
[6.653s][info][gc,heap       ] GC(231) Humongous regions: 812->812
[6.653s][info][gc,metaspace  ] GC(231) Metaspace: 9826K->9826K(1058816K)
[6.653s][info][gc            ] GC(231) Pause Young (Concurrent Start) (G1 Humongous Allocation) 841M->837M(1609M) 1.049ms
[6.653s][info][gc,cpu        ] GC(231) User=0.00s Sys=0.00s Real=0.00s
[6.653s][info][gc            ] GC(232) Concurrent Cycle
[6.653s][info][gc,marking    ] GC(232) Concurrent Clear Claimed Marks
[6.653s][info][gc,marking    ] GC(232) Concurrent Clear Claimed Marks 0.009ms
[6.653s][info][gc,marking    ] GC(232) Concurrent Scan Root Regions
[6.654s][info][gc,marking    ] GC(232) Concurrent Scan Root Regions 0.071ms
[6.654s][info][gc,marking    ] GC(232) Concurrent Mark (6.654s)
[6.654s][info][gc,marking    ] GC(232) Concurrent Mark From Roots
[6.654s][info][gc,task       ] GC(232) Using 2 workers of 2 for marking
[6.659s][info][gc,marking    ] GC(232) Concurrent Mark From Roots 5.416ms
[6.659s][info][gc,marking    ] GC(232) Concurrent Preclean
[6.659s][info][gc,marking    ] GC(232) Concurrent Preclean 0.079ms
[6.659s][info][gc,marking    ] GC(232) Concurrent Mark (6.654s, 6.659s) 5.554ms
[6.659s][info][gc,start      ] GC(232) Pause Remark
[6.661s][info][gc,stringtable] GC(232) Cleaned string and symbol table, strings: 4326 processed, 0 removed, symbols: 36588 processed, 0 removed
[6.661s][info][gc            ] GC(232) Pause Remark 840M->840M(1609M) 1.651ms
[6.661s][info][gc,cpu        ] GC(232) User=0.01s Sys=0.00s Real=0.00s
[6.661s][info][gc,marking    ] GC(232) Concurrent Rebuild Remembered Sets
[6.665s][info][gc,marking    ] GC(232) Concurrent Rebuild Remembered Sets 4.369ms
[6.665s][info][gc,start      ] GC(232) Pause Cleanup
[6.666s][info][gc            ] GC(232) Pause Cleanup 841M->841M(1609M) 0.155ms
[6.666s][info][gc,cpu        ] GC(232) User=0.00s Sys=0.00s Real=0.00s
[6.666s][info][gc,marking    ] GC(232) Concurrent Cleanup for Next Mark
[6.668s][info][gc,marking    ] GC(232) Concurrent Cleanup for Next Mark 2.146ms
[6.668s][info][gc            ] GC(232) Concurrent Cycle 14.370ms
[6.678s][info][gc,start      ] GC(233) Pause Young (Concurrent Start) (G1 Humongous Allocation)
[6.678s][info][gc,task       ] GC(233) Using 8 workers of 8 for evacuation
[6.679s][info][gc,phases     ] GC(233)   Pre Evacuate Collection Set: 0.2ms
[6.679s][info][gc,phases     ] GC(233)   Evacuate Collection Set: 0.8ms
[6.679s][info][gc,phases     ] GC(233)   Post Evacuate Collection Set: 0.2ms
[6.679s][info][gc,phases     ] GC(233)   Other: 0.3ms
[6.679s][info][gc,heap       ] GC(233) Eden regions: 4->0(588)
[6.679s][info][gc,heap       ] GC(233) Survivor regions: 1->1(75)
[6.679s][info][gc,heap       ] GC(233) Old regions: 26->26
[6.679s][info][gc,heap       ] GC(233) Humongous regions: 816->816
[6.679s][info][gc,metaspace  ] GC(233) Metaspace: 9826K->9826K(1058816K)
[6.679s][info][gc            ] GC(233) Pause Young (Concurrent Start) (G1 Humongous Allocation) 845M->841M(1609M) 1.583ms
[6.679s][info][gc,cpu        ] GC(233) User=0.00s Sys=0.00s Real=0.00s
[6.679s][info][gc            ] GC(234) Concurrent Cycle
[6.679s][info][gc,marking    ] GC(234) Concurrent Clear Claimed Marks
[6.679s][info][gc,marking    ] GC(234) Concurrent Clear Claimed Marks 0.010ms
[6.679s][info][gc,marking    ] GC(234) Concurrent Scan Root Regions
[6.679s][info][gc,marking    ] GC(234) Concurrent Scan Root Regions 0.053ms
[6.679s][info][gc,marking    ] GC(234) Concurrent Mark (6.679s)
[6.679s][info][gc,marking    ] GC(234) Concurrent Mark From Roots
[6.679s][info][gc,task       ] GC(234) Using 2 workers of 2 for marking
[6.685s][info][gc,marking    ] GC(234) Concurrent Mark From Roots 5.198ms
[6.685s][info][gc,marking    ] GC(234) Concurrent Preclean
[6.685s][info][gc,marking    ] GC(234) Concurrent Preclean 0.089ms
[6.685s][info][gc,marking    ] GC(234) Concurrent Mark (6.679s, 6.685s) 5.372ms
[6.685s][info][gc,start      ] GC(234) Pause Remark
[6.686s][info][gc,stringtable] GC(234) Cleaned string and symbol table, strings: 4326 processed, 0 removed, symbols: 36588 processed, 0 removed
[6.686s][info][gc            ] GC(234) Pause Remark 844M->844M(1609M) 1.486ms
[6.686s][info][gc,cpu        ] GC(234) User=0.00s Sys=0.00s Real=0.00s
[6.686s][info][gc,marking    ] GC(234) Concurrent Rebuild Remembered Sets
[6.691s][info][gc,marking    ] GC(234) Concurrent Rebuild Remembered Sets 4.428ms
[6.691s][info][gc,start      ] GC(234) Pause Cleanup
[6.691s][info][gc            ] GC(234) Pause Cleanup 845M->845M(1609M) 0.270ms
[6.691s][info][gc,cpu        ] GC(234) User=0.00s Sys=0.00s Real=0.01s
[6.691s][info][gc,marking    ] GC(234) Concurrent Cleanup for Next Mark
[6.694s][info][gc,marking    ] GC(234) Concurrent Cleanup for Next Mark 2.219ms
[6.694s][info][gc            ] GC(234) Concurrent Cycle 14.455ms
[6.704s][info][gc,start      ] GC(235) Pause Young (Concurrent Start) (G1 Humongous Allocation)
[6.704s][info][gc,task       ] GC(235) Using 8 workers of 8 for evacuation
[6.705s][info][gc,phases     ] GC(235)   Pre Evacuate Collection Set: 0.2ms
[6.705s][info][gc,phases     ] GC(235)   Evacuate Collection Set: 1.0ms
[6.705s][info][gc,phases     ] GC(235)   Post Evacuate Collection Set: 0.1ms
[6.705s][info][gc,phases     ] GC(235)   Other: 0.2ms
[6.706s][info][gc,heap       ] GC(235) Eden regions: 4->0(584)
[6.706s][info][gc,heap       ] GC(235) Survivor regions: 1->1(74)
[6.706s][info][gc,heap       ] GC(235) Old regions: 26->26
[6.706s][info][gc,heap       ] GC(235) Humongous regions: 820->820
[6.706s][info][gc,metaspace  ] GC(235) Metaspace: 9826K->9826K(1058816K)
[6.706s][info][gc            ] GC(235) Pause Young (Concurrent Start) (G1 Humongous Allocation) 849M->845M(1609M) 1.695ms
[6.706s][info][gc,cpu        ] GC(235) User=0.01s Sys=0.00s Real=0.00s
[6.706s][info][gc            ] GC(236) Concurrent Cycle
[6.706s][info][gc,marking    ] GC(236) Concurrent Clear Claimed Marks
[6.706s][info][gc,marking    ] GC(236) Concurrent Clear Claimed Marks 0.017ms
[6.706s][info][gc,marking    ] GC(236) Concurrent Scan Root Regions
[6.706s][info][gc,marking    ] GC(236) Concurrent Scan Root Regions 0.091ms
[6.706s][info][gc,marking    ] GC(236) Concurrent Mark (6.706s)
[6.706s][info][gc,marking    ] GC(236) Concurrent Mark From Roots
[6.706s][info][gc,task       ] GC(236) Using 2 workers of 2 for marking
[6.714s][info][gc,marking    ] GC(236) Concurrent Mark From Roots 7.836ms
[6.714s][info][gc,marking    ] GC(236) Concurrent Preclean
[6.714s][info][gc,marking    ] GC(236) Concurrent Preclean 0.107ms
[6.714s][info][gc,marking    ] GC(236) Concurrent Mark (6.706s, 6.714s) 8.020ms
[6.714s][info][gc,start      ] GC(236) Pause Remark
[6.716s][info][gc,stringtable] GC(236) Cleaned string and symbol table, strings: 4326 processed, 0 removed, symbols: 36588 processed, 0 removed
[6.717s][info][gc            ] GC(236) Pause Remark 848M->848M(1609M) 2.656ms
[6.717s][info][gc,cpu        ] GC(236) User=0.01s Sys=0.00s Real=0.00s
[6.717s][info][gc,marking    ] GC(236) Concurrent Rebuild Remembered Sets
[6.723s][info][gc,marking    ] GC(236) Concurrent Rebuild Remembered Sets 6.606ms
[6.724s][info][gc,start      ] GC(236) Pause Cleanup
[6.724s][info][gc            ] GC(236) Pause Cleanup 851M->851M(1609M) 0.257ms
[6.724s][info][gc,cpu        ] GC(236) User=0.00s Sys=0.00s Real=0.00s
[6.724s][info][gc,marking    ] GC(236) Concurrent Cleanup for Next Mark
[6.727s][info][gc,marking    ] GC(236) Concurrent Cleanup for Next Mark 2.832ms
[6.727s][info][gc            ] GC(236) Concurrent Cycle 21.585ms
[6.739s][info][gc,start      ] GC(237) Pause Young (Concurrent Start) (G1 Humongous Allocation)
[6.739s][info][gc,task       ] GC(237) Using 8 workers of 8 for evacuation
[6.741s][info][gc,phases     ] GC(237)   Pre Evacuate Collection Set: 0.3ms
[6.741s][info][gc,phases     ] GC(237)   Evacuate Collection Set: 1.4ms
[6.741s][info][gc,phases     ] GC(237)   Post Evacuate Collection Set: 0.3ms
[6.741s][info][gc,phases     ] GC(237)   Other: 0.4ms
[6.741s][info][gc,heap       ] GC(237) Eden regions: 4->0(580)
[6.741s][info][gc,heap       ] GC(237) Survivor regions: 1->1(74)
[6.741s][info][gc,heap       ] GC(237) Old regions: 26->26
[6.741s][info][gc,heap       ] GC(237) Humongous regions: 824->824
[6.741s][info][gc,metaspace  ] GC(237) Metaspace: 9826K->9826K(1058816K)
[6.741s][info][gc            ] GC(237) Pause Young (Concurrent Start) (G1 Humongous Allocation) 853M->849M(1609M) 2.495ms
[6.741s][info][gc,cpu        ] GC(237) User=0.00s Sys=0.00s Real=0.00s
[6.741s][info][gc            ] GC(238) Concurrent Cycle
[6.741s][info][gc,marking    ] GC(238) Concurrent Clear Claimed Marks
[6.741s][info][gc,marking    ] GC(238) Concurrent Clear Claimed Marks 0.048ms
[6.741s][info][gc,marking    ] GC(238) Concurrent Scan Root Regions
[6.741s][info][gc,marking    ] GC(238) Concurrent Scan Root Regions 0.076ms
[6.741s][info][gc,marking    ] GC(238) Concurrent Mark (6.741s)
[6.741s][info][gc,marking    ] GC(238) Concurrent Mark From Roots
[6.741s][info][gc,task       ] GC(238) Using 2 workers of 2 for marking
[6.749s][info][gc,marking    ] GC(238) Concurrent Mark From Roots 7.544ms
[6.749s][info][gc,marking    ] GC(238) Concurrent Preclean
[6.749s][info][gc,marking    ] GC(238) Concurrent Preclean 0.125ms
[6.749s][info][gc,marking    ] GC(238) Concurrent Mark (6.741s, 6.749s) 7.788ms
[6.749s][info][gc,start      ] GC(238) Pause Remark
[6.751s][info][gc,stringtable] GC(238) Cleaned string and symbol table, strings: 4326 processed, 0 removed, symbols: 36588 processed, 0 removed
[6.751s][info][gc            ] GC(238) Pause Remark 852M->852M(1609M) 2.064ms
[6.751s][info][gc,cpu        ] GC(238) User=0.01s Sys=0.00s Real=0.01s
[6.751s][info][gc,marking    ] GC(238) Concurrent Rebuild Remembered Sets
[6.758s][info][gc,marking    ] GC(238) Concurrent Rebuild Remembered Sets 6.728ms
[6.758s][info][gc,start      ] GC(238) Pause Cleanup
[6.759s][info][gc            ] GC(238) Pause Cleanup 853M->853M(1609M) 0.315ms
[6.759s][info][gc,cpu        ] GC(238) User=0.00s Sys=0.00s Real=0.00s
[6.759s][info][gc,marking    ] GC(238) Concurrent Cleanup for Next Mark
[6.761s][info][gc,marking    ] GC(238) Concurrent Cleanup for Next Mark 2.508ms
[6.761s][info][gc            ] GC(238) Concurrent Cycle 20.198ms
[6.778s][info][gc,start      ] GC(239) Pause Young (Concurrent Start) (G1 Humongous Allocation)
[6.778s][info][gc,task       ] GC(239) Using 8 workers of 8 for evacuation
[6.780s][info][gc,phases     ] GC(239)   Pre Evacuate Collection Set: 0.3ms
[6.780s][info][gc,phases     ] GC(239)   Evacuate Collection Set: 1.0ms
[6.780s][info][gc,phases     ] GC(239)   Post Evacuate Collection Set: 0.1ms
[6.780s][info][gc,phases     ] GC(239)   Other: 0.3ms
[6.780s][info][gc,heap       ] GC(239) Eden regions: 4->0(576)
[6.780s][info][gc,heap       ] GC(239) Survivor regions: 1->1(73)
[6.780s][info][gc,heap       ] GC(239) Old regions: 26->26
[6.780s][info][gc,heap       ] GC(239) Humongous regions: 828->828
[6.780s][info][gc,metaspace  ] GC(239) Metaspace: 9826K->9826K(1058816K)
[6.780s][info][gc            ] GC(239) Pause Young (Concurrent Start) (G1 Humongous Allocation) 857M->853M(1609M) 1.896ms
[6.780s][info][gc,cpu        ] GC(239) User=0.00s Sys=0.00s Real=0.00s
[6.780s][info][gc            ] GC(240) Concurrent Cycle
[6.780s][info][gc,marking    ] GC(240) Concurrent Clear Claimed Marks
[6.780s][info][gc,marking    ] GC(240) Concurrent Clear Claimed Marks 0.021ms
[6.780s][info][gc,marking    ] GC(240) Concurrent Scan Root Regions
[6.780s][info][gc,marking    ] GC(240) Concurrent Scan Root Regions 0.071ms
[6.780s][info][gc,marking    ] GC(240) Concurrent Mark (6.780s)
[6.780s][info][gc,marking    ] GC(240) Concurrent Mark From Roots
[6.780s][info][gc,task       ] GC(240) Using 2 workers of 2 for marking
[6.787s][info][gc,marking    ] GC(240) Concurrent Mark From Roots 6.944ms
[6.787s][info][gc,marking    ] GC(240) Concurrent Preclean
[6.788s][info][gc,marking    ] GC(240) Concurrent Preclean 0.119ms
[6.788s][info][gc,marking    ] GC(240) Concurrent Mark (6.780s, 6.788s) 7.150ms
[6.788s][info][gc,start      ] GC(240) Pause Remark
[6.790s][info][gc,stringtable] GC(240) Cleaned string and symbol table, strings: 4326 processed, 0 removed, symbols: 36588 processed, 0 removed
[6.790s][info][gc            ] GC(240) Pause Remark 856M->856M(1609M) 2.477ms
[6.790s][info][gc,cpu        ] GC(240) User=0.01s Sys=0.00s Real=0.00s
[6.790s][info][gc,marking    ] GC(240) Concurrent Rebuild Remembered Sets
[6.796s][info][gc,marking    ] GC(240) Concurrent Rebuild Remembered Sets 5.991ms
[6.796s][info][gc,start      ] GC(240) Pause Cleanup
[6.797s][info][gc            ] GC(240) Pause Cleanup 857M->857M(1609M) 0.263ms
[6.797s][info][gc,cpu        ] GC(240) User=0.00s Sys=0.00s Real=0.00s
[6.797s][info][gc,marking    ] GC(240) Concurrent Cleanup for Next Mark
[6.799s][info][gc,marking    ] GC(240) Concurrent Cleanup for Next Mark 2.372ms
[6.799s][info][gc            ] GC(240) Concurrent Cycle 19.019ms
[6.799s][info][gc,start      ] GC(241) Pause Young (Concurrent Start) (G1 Humongous Allocation)
[6.799s][info][gc,task       ] GC(241) Using 8 workers of 8 for evacuation
[6.803s][info][gc,phases     ] GC(241)   Pre Evacuate Collection Set: 0.6ms
[6.803s][info][gc,phases     ] GC(241)   Evacuate Collection Set: 1.9ms
[6.803s][info][gc,phases     ] GC(241)   Post Evacuate Collection Set: 0.3ms
[6.803s][info][gc,phases     ] GC(241)   Other: 0.5ms
[6.803s][info][gc,heap       ] GC(241) Eden regions: 2->0(574)
[6.803s][info][gc,heap       ] GC(241) Survivor regions: 1->1(73)
[6.803s][info][gc,heap       ] GC(241) Old regions: 26->26
[6.803s][info][gc,heap       ] GC(241) Humongous regions: 830->830
[6.803s][info][gc,metaspace  ] GC(241) Metaspace: 9826K->9826K(1058816K)
[6.803s][info][gc            ] GC(241) Pause Young (Concurrent Start) (G1 Humongous Allocation) 857M->855M(1609M) 3.583ms
[6.803s][info][gc,cpu        ] GC(241) User=0.01s Sys=0.00s Real=0.01s
[6.803s][info][gc            ] GC(242) Concurrent Cycle
[6.803s][info][gc,marking    ] GC(242) Concurrent Clear Claimed Marks
[6.803s][info][gc,marking    ] GC(242) Concurrent Clear Claimed Marks 0.013ms
[6.803s][info][gc,marking    ] GC(242) Concurrent Scan Root Regions
[6.803s][info][gc,marking    ] GC(242) Concurrent Scan Root Regions 0.065ms
[6.803s][info][gc,marking    ] GC(242) Concurrent Mark (6.803s)
[6.803s][info][gc,marking    ] GC(242) Concurrent Mark From Roots
[6.803s][info][gc,task       ] GC(242) Using 2 workers of 2 for marking
[6.811s][info][gc,marking    ] GC(242) Concurrent Mark From Roots 7.697ms
[6.811s][info][gc,marking    ] GC(242) Concurrent Preclean
[6.811s][info][gc,marking    ] GC(242) Concurrent Preclean 0.145ms
[6.811s][info][gc,marking    ] GC(242) Concurrent Mark (6.803s, 6.811s) 7.955ms
[6.811s][info][gc,start      ] GC(242) Pause Remark
[6.813s][info][gc,stringtable] GC(242) Cleaned string and symbol table, strings: 4326 processed, 0 removed, symbols: 36588 processed, 0 removed
[6.814s][info][gc            ] GC(242) Pause Remark 858M->858M(1609M) 2.393ms
[6.814s][info][gc,cpu        ] GC(242) User=0.01s Sys=0.01s Real=0.00s
[6.814s][info][gc,marking    ] GC(242) Concurrent Rebuild Remembered Sets
[6.820s][info][gc,marking    ] GC(242) Concurrent Rebuild Remembered Sets 6.145ms
[6.820s][info][gc,start      ] GC(242) Pause Cleanup
[6.820s][info][gc            ] GC(242) Pause Cleanup 859M->859M(1609M) 0.303ms
[6.820s][info][gc,cpu        ] GC(242) User=0.00s Sys=0.00s Real=0.00s
[6.820s][info][gc,marking    ] GC(242) Concurrent Cleanup for Next Mark
[6.823s][info][gc,marking    ] GC(242) Concurrent Cleanup for Next Mark 2.055ms
[6.823s][info][gc            ] GC(242) Concurrent Cycle 19.495ms
[6.833s][info][gc,start      ] GC(243) Pause Young (Concurrent Start) (G1 Humongous Allocation)
[6.833s][info][gc,task       ] GC(243) Using 8 workers of 8 for evacuation
[6.834s][info][gc,phases     ] GC(243)   Pre Evacuate Collection Set: 0.2ms
[6.834s][info][gc,phases     ] GC(243)   Evacuate Collection Set: 0.6ms
[6.834s][info][gc,phases     ] GC(243)   Post Evacuate Collection Set: 0.2ms
[6.834s][info][gc,phases     ] GC(243)   Other: 0.3ms
[6.834s][info][gc,heap       ] GC(243) Eden regions: 4->0(571)
[6.834s][info][gc,heap       ] GC(243) Survivor regions: 1->1(72)
[6.834s][info][gc,heap       ] GC(243) Old regions: 26->26
[6.834s][info][gc,heap       ] GC(243) Humongous regions: 834->834
[6.834s][info][gc,metaspace  ] GC(243) Metaspace: 9826K->9826K(1058816K)
[6.834s][info][gc            ] GC(243) Pause Young (Concurrent Start) (G1 Humongous Allocation) 863M->859M(1609M) 1.334ms
[6.834s][info][gc,cpu        ] GC(243) User=0.01s Sys=0.00s Real=0.00s
[6.834s][info][gc            ] GC(244) Concurrent Cycle
[6.834s][info][gc,marking    ] GC(244) Concurrent Clear Claimed Marks
[6.834s][info][gc,marking    ] GC(244) Concurrent Clear Claimed Marks 0.012ms
[6.834s][info][gc,marking    ] GC(244) Concurrent Scan Root Regions
[6.834s][info][gc,marking    ] GC(244) Concurrent Scan Root Regions 0.053ms
[6.834s][info][gc,marking    ] GC(244) Concurrent Mark (6.834s)
[6.834s][info][gc,marking    ] GC(244) Concurrent Mark From Roots
[6.834s][info][gc,task       ] GC(244) Using 2 workers of 2 for marking
[6.840s][info][gc,marking    ] GC(244) Concurrent Mark From Roots 5.645ms
[6.840s][info][gc,marking    ] GC(244) Concurrent Preclean
[6.840s][info][gc,marking    ] GC(244) Concurrent Preclean 0.095ms
[6.840s][info][gc,marking    ] GC(244) Concurrent Mark (6.834s, 6.840s) 5.870ms
[6.840s][info][gc,start      ] GC(244) Pause Remark
[6.842s][info][gc,stringtable] GC(244) Cleaned string and symbol table, strings: 4326 processed, 0 removed, symbols: 36588 processed, 0 removed
[6.842s][info][gc            ] GC(244) Pause Remark 862M->862M(1609M) 1.851ms
[6.842s][info][gc,cpu        ] GC(244) User=0.01s Sys=0.00s Real=0.01s
[6.842s][info][gc,marking    ] GC(244) Concurrent Rebuild Remembered Sets
[6.847s][info][gc,marking    ] GC(244) Concurrent Rebuild Remembered Sets 4.723ms
[6.847s][info][gc,start      ] GC(244) Pause Cleanup
[6.848s][info][gc            ] GC(244) Pause Cleanup 863M->863M(1609M) 0.240ms
[6.848s][info][gc,cpu        ] GC(244) User=0.00s Sys=0.00s Real=0.00s
[6.848s][info][gc,marking    ] GC(244) Concurrent Cleanup for Next Mark
[6.850s][info][gc,marking    ] GC(244) Concurrent Cleanup for Next Mark 2.259ms
[6.850s][info][gc            ] GC(244) Concurrent Cycle 15.703ms
[6.860s][info][gc,start      ] GC(245) Pause Young (Concurrent Start) (G1 Humongous Allocation)
[6.860s][info][gc,task       ] GC(245) Using 8 workers of 8 for evacuation
[6.861s][info][gc,phases     ] GC(245)   Pre Evacuate Collection Set: 0.2ms
[6.861s][info][gc,phases     ] GC(245)   Evacuate Collection Set: 1.0ms
[6.861s][info][gc,phases     ] GC(245)   Post Evacuate Collection Set: 0.2ms
[6.861s][info][gc,phases     ] GC(245)   Other: 0.2ms
[6.861s][info][gc,heap       ] GC(245) Eden regions: 4->0(567)
[6.861s][info][gc,heap       ] GC(245) Survivor regions: 1->1(72)
[6.861s][info][gc,heap       ] GC(245) Old regions: 26->26
[6.861s][info][gc,heap       ] GC(245) Humongous regions: 838->838
[6.861s][info][gc,metaspace  ] GC(245) Metaspace: 9826K->9826K(1058816K)
[6.861s][info][gc            ] GC(245) Pause Young (Concurrent Start) (G1 Humongous Allocation) 867M->863M(1609M) 1.789ms
[6.861s][info][gc,cpu        ] GC(245) User=0.01s Sys=0.00s Real=0.01s
[6.862s][info][gc            ] GC(246) Concurrent Cycle
[6.862s][info][gc,marking    ] GC(246) Concurrent Clear Claimed Marks
[6.862s][info][gc,marking    ] GC(246) Concurrent Clear Claimed Marks 0.026ms
[6.862s][info][gc,marking    ] GC(246) Concurrent Scan Root Regions
[6.862s][info][gc,marking    ] GC(246) Concurrent Scan Root Regions 0.072ms
[6.862s][info][gc,marking    ] GC(246) Concurrent Mark (6.862s)
[6.862s][info][gc,marking    ] GC(246) Concurrent Mark From Roots
[6.862s][info][gc,task       ] GC(246) Using 2 workers of 2 for marking
[6.868s][info][gc,marking    ] GC(246) Concurrent Mark From Roots 5.931ms
[6.868s][info][gc,marking    ] GC(246) Concurrent Preclean
[6.868s][info][gc,marking    ] GC(246) Concurrent Preclean 0.090ms
[6.868s][info][gc,marking    ] GC(246) Concurrent Mark (6.862s, 6.868s) 6.116ms
[6.868s][info][gc,start      ] GC(246) Pause Remark
[6.869s][info][gc,stringtable] GC(246) Cleaned string and symbol table, strings: 4326 processed, 0 removed, symbols: 36588 processed, 0 removed
[6.870s][info][gc            ] GC(246) Pause Remark 866M->866M(1609M) 1.795ms
[6.870s][info][gc,cpu        ] GC(246) User=0.00s Sys=0.00s Real=0.00s
[6.870s][info][gc,marking    ] GC(246) Concurrent Rebuild Remembered Sets
[6.874s][info][gc,marking    ] GC(246) Concurrent Rebuild Remembered Sets 4.588ms
[6.874s][info][gc,start      ] GC(246) Pause Cleanup
[6.875s][info][gc            ] GC(246) Pause Cleanup 867M->867M(1609M) 0.185ms
[6.875s][info][gc,cpu        ] GC(246) User=0.00s Sys=0.00s Real=0.00s
[6.875s][info][gc,marking    ] GC(246) Concurrent Cleanup for Next Mark
[6.877s][info][gc,marking    ] GC(246) Concurrent Cleanup for Next Mark 2.195ms
[6.877s][info][gc            ] GC(246) Concurrent Cycle 15.458ms
[6.886s][info][gc,start      ] GC(247) Pause Young (Concurrent Start) (G1 Humongous Allocation)
[6.886s][info][gc,task       ] GC(247) Using 8 workers of 8 for evacuation
[6.888s][info][gc,phases     ] GC(247)   Pre Evacuate Collection Set: 0.2ms
[6.888s][info][gc,phases     ] GC(247)   Evacuate Collection Set: 1.0ms
[6.888s][info][gc,phases     ] GC(247)   Post Evacuate Collection Set: 0.2ms
[6.888s][info][gc,phases     ] GC(247)   Other: 0.3ms
[6.888s][info][gc,heap       ] GC(247) Eden regions: 4->0(563)
[6.888s][info][gc,heap       ] GC(247) Survivor regions: 1->1(71)
[6.888s][info][gc,heap       ] GC(247) Old regions: 26->26
[6.888s][info][gc,heap       ] GC(247) Humongous regions: 842->842
[6.888s][info][gc,metaspace  ] GC(247) Metaspace: 9826K->9826K(1058816K)
[6.888s][info][gc            ] GC(247) Pause Young (Concurrent Start) (G1 Humongous Allocation) 871M->867M(1609M) 1.789ms
[6.888s][info][gc,cpu        ] GC(247) User=0.01s Sys=0.00s Real=0.00s
[6.888s][info][gc            ] GC(248) Concurrent Cycle
[6.888s][info][gc,marking    ] GC(248) Concurrent Clear Claimed Marks
[6.888s][info][gc,marking    ] GC(248) Concurrent Clear Claimed Marks 0.016ms
[6.888s][info][gc,marking    ] GC(248) Concurrent Scan Root Regions
[6.888s][info][gc,marking    ] GC(248) Concurrent Scan Root Regions 0.129ms
[6.888s][info][gc,marking    ] GC(248) Concurrent Mark (6.888s)
[6.888s][info][gc,marking    ] GC(248) Concurrent Mark From Roots
[6.888s][info][gc,task       ] GC(248) Using 2 workers of 2 for marking
[6.893s][info][gc,marking    ] GC(248) Concurrent Mark From Roots 5.132ms
[6.893s][info][gc,marking    ] GC(248) Concurrent Preclean
[6.894s][info][gc,marking    ] GC(248) Concurrent Preclean 0.121ms
[6.894s][info][gc,marking    ] GC(248) Concurrent Mark (6.888s, 6.894s) 5.347ms
[6.894s][info][gc,start      ] GC(248) Pause Remark
[6.895s][info][gc,stringtable] GC(248) Cleaned string and symbol table, strings: 4328 processed, 0 removed, symbols: 36588 processed, 0 removed
[6.895s][info][gc            ] GC(248) Pause Remark 870M->870M(1609M) 1.286ms
[6.895s][info][gc,cpu        ] GC(248) User=0.01s Sys=0.00s Real=0.00s
[6.895s][info][gc,marking    ] GC(248) Concurrent Rebuild Remembered Sets
[6.900s][info][gc,marking    ] GC(248) Concurrent Rebuild Remembered Sets 4.504ms
[6.900s][info][gc,start      ] GC(248) Pause Cleanup
[6.900s][info][gc            ] GC(248) Pause Cleanup 871M->871M(1609M) 0.236ms
[6.900s][info][gc,cpu        ] GC(248) User=0.01s Sys=0.00s Real=0.00s
[6.900s][info][gc,marking    ] GC(248) Concurrent Cleanup for Next Mark
[6.902s][info][gc,marking    ] GC(248) Concurrent Cleanup for Next Mark 2.213ms
[6.902s][info][gc            ] GC(248) Concurrent Cycle 14.225ms
[6.912s][info][gc,start      ] GC(249) Pause Young (Concurrent Start) (G1 Humongous Allocation)
[6.912s][info][gc,task       ] GC(249) Using 8 workers of 8 for evacuation
[6.914s][info][gc,phases     ] GC(249)   Pre Evacuate Collection Set: 0.3ms
[6.914s][info][gc,phases     ] GC(249)   Evacuate Collection Set: 1.1ms
[6.914s][info][gc,phases     ] GC(249)   Post Evacuate Collection Set: 0.1ms
[6.914s][info][gc,phases     ] GC(249)   Other: 0.3ms
[6.914s][info][gc,heap       ] GC(249) Eden regions: 4->0(559)
[6.914s][info][gc,heap       ] GC(249) Survivor regions: 1->1(71)
[6.914s][info][gc,heap       ] GC(249) Old regions: 26->26
[6.914s][info][gc,heap       ] GC(249) Humongous regions: 846->846
[6.914s][info][gc,metaspace  ] GC(249) Metaspace: 9826K->9826K(1058816K)
[6.914s][info][gc            ] GC(249) Pause Young (Concurrent Start) (G1 Humongous Allocation) 875M->871M(1609M) 1.839ms
[6.914s][info][gc,cpu        ] GC(249) User=0.01s Sys=0.00s Real=0.00s
[6.914s][info][gc            ] GC(250) Concurrent Cycle
[6.914s][info][gc,marking    ] GC(250) Concurrent Clear Claimed Marks
[6.914s][info][gc,marking    ] GC(250) Concurrent Clear Claimed Marks 0.019ms
[6.914s][info][gc,marking    ] GC(250) Concurrent Scan Root Regions
[6.914s][info][gc,marking    ] GC(250) Concurrent Scan Root Regions 0.079ms
[6.914s][info][gc,marking    ] GC(250) Concurrent Mark (6.914s)
[6.914s][info][gc,marking    ] GC(250) Concurrent Mark From Roots
[6.914s][info][gc,task       ] GC(250) Using 2 workers of 2 for marking
[6.921s][info][gc,marking    ] GC(250) Concurrent Mark From Roots 6.655ms
[6.921s][info][gc,marking    ] GC(250) Concurrent Preclean
[6.921s][info][gc,marking    ] GC(250) Concurrent Preclean 0.145ms
[6.921s][info][gc,marking    ] GC(250) Concurrent Mark (6.914s, 6.921s) 6.885ms
[6.921s][info][gc,start      ] GC(250) Pause Remark
[6.923s][info][gc,stringtable] GC(250) Cleaned string and symbol table, strings: 4328 processed, 0 removed, symbols: 36588 processed, 0 removed
[6.923s][info][gc            ] GC(250) Pause Remark 874M->874M(1609M) 2.134ms
[6.923s][info][gc,cpu        ] GC(250) User=0.00s Sys=0.00s Real=0.01s
[6.923s][info][gc,marking    ] GC(250) Concurrent Rebuild Remembered Sets
[6.931s][info][gc,marking    ] GC(250) Concurrent Rebuild Remembered Sets 7.402ms
[6.931s][info][gc,start      ] GC(250) Pause Cleanup
[6.931s][info][gc            ] GC(250) Pause Cleanup 875M->875M(1609M) 0.406ms
[6.931s][info][gc,cpu        ] GC(250) User=0.00s Sys=0.00s Real=0.01s
[6.931s][info][gc,marking    ] GC(250) Concurrent Cleanup for Next Mark
[6.934s][info][gc,marking    ] GC(250) Concurrent Cleanup for Next Mark 2.615ms
[6.934s][info][gc            ] GC(250) Concurrent Cycle 20.184ms
[6.935s][info][gc,start      ] GC(251) Pause Young (Concurrent Start) (G1 Humongous Allocation)
[6.935s][info][gc,task       ] GC(251) Using 8 workers of 8 for evacuation
[6.938s][info][gc,phases     ] GC(251)   Pre Evacuate Collection Set: 0.4ms
[6.938s][info][gc,phases     ] GC(251)   Evacuate Collection Set: 1.8ms
[6.938s][info][gc,phases     ] GC(251)   Post Evacuate Collection Set: 0.2ms
[6.938s][info][gc,phases     ] GC(251)   Other: 0.4ms
[6.938s][info][gc,heap       ] GC(251) Eden regions: 2->0(557)
[6.938s][info][gc,heap       ] GC(251) Survivor regions: 1->1(70)
[6.938s][info][gc,heap       ] GC(251) Old regions: 26->26
[6.938s][info][gc,heap       ] GC(251) Humongous regions: 848->848
[6.938s][info][gc,metaspace  ] GC(251) Metaspace: 9826K->9826K(1058816K)
[6.938s][info][gc            ] GC(251) Pause Young (Concurrent Start) (G1 Humongous Allocation) 875M->873M(1609M) 2.913ms
[6.938s][info][gc,cpu        ] GC(251) User=0.01s Sys=0.00s Real=0.00s
[6.938s][info][gc            ] GC(252) Concurrent Cycle
[6.938s][info][gc,marking    ] GC(252) Concurrent Clear Claimed Marks
[6.938s][info][gc,marking    ] GC(252) Concurrent Clear Claimed Marks 0.041ms
[6.938s][info][gc,marking    ] GC(252) Concurrent Scan Root Regions
[6.938s][info][gc,marking    ] GC(252) Concurrent Scan Root Regions 0.090ms
[6.938s][info][gc,marking    ] GC(252) Concurrent Mark (6.938s)
[6.938s][info][gc,marking    ] GC(252) Concurrent Mark From Roots
[6.938s][info][gc,task       ] GC(252) Using 2 workers of 2 for marking
[6.947s][info][gc,marking    ] GC(252) Concurrent Mark From Roots 8.784ms
[6.947s][info][gc,marking    ] GC(252) Concurrent Preclean
[6.947s][info][gc,marking    ] GC(252) Concurrent Preclean 0.141ms
[6.947s][info][gc,marking    ] GC(252) Concurrent Mark (6.938s, 6.947s) 9.016ms
[6.947s][info][gc,start      ] GC(252) Pause Remark
[6.950s][info][gc,stringtable] GC(252) Cleaned string and symbol table, strings: 4328 processed, 0 removed, symbols: 36588 processed, 0 removed
[6.951s][info][gc            ] GC(252) Pause Remark 876M->876M(1609M) 3.818ms
[6.951s][info][gc,cpu        ] GC(252) User=0.01s Sys=0.01s Real=0.00s
[6.951s][info][gc,marking    ] GC(252) Concurrent Rebuild Remembered Sets
[6.960s][info][gc,marking    ] GC(252) Concurrent Rebuild Remembered Sets 8.647ms
[6.961s][info][gc,start      ] GC(252) Pause Cleanup
[6.961s][info][gc            ] GC(252) Pause Cleanup 879M->879M(1609M) 0.279ms
[6.961s][info][gc,cpu        ] GC(252) User=0.00s Sys=0.00s Real=0.01s
[6.961s][info][gc,marking    ] GC(252) Concurrent Cleanup for Next Mark
[6.964s][info][gc,marking    ] GC(252) Concurrent Cleanup for Next Mark 2.450ms
[6.964s][info][gc            ] GC(252) Concurrent Cycle 25.984ms
[6.976s][info][gc,start      ] GC(253) Pause Young (Concurrent Start) (G1 Humongous Allocation)
[6.976s][info][gc,task       ] GC(253) Using 8 workers of 8 for evacuation
[6.979s][info][gc,phases     ] GC(253)   Pre Evacuate Collection Set: 0.3ms
[6.979s][info][gc,phases     ] GC(253)   Evacuate Collection Set: 2.0ms
[6.979s][info][gc,phases     ] GC(253)   Post Evacuate Collection Set: 0.2ms
[6.979s][info][gc,phases     ] GC(253)   Other: 0.5ms
[6.979s][info][gc,heap       ] GC(253) Eden regions: 4->0(554)
[6.979s][info][gc,heap       ] GC(253) Survivor regions: 1->1(70)
[6.979s][info][gc,heap       ] GC(253) Old regions: 26->26
[6.979s][info][gc,heap       ] GC(253) Humongous regions: 852->852
[6.979s][info][gc,metaspace  ] GC(253) Metaspace: 9826K->9826K(1058816K)
[6.979s][info][gc            ] GC(253) Pause Young (Concurrent Start) (G1 Humongous Allocation) 881M->877M(1609M) 3.273ms
[6.979s][info][gc,cpu        ] GC(253) User=0.01s Sys=0.00s Real=0.00s
[6.979s][info][gc            ] GC(254) Concurrent Cycle
[6.979s][info][gc,marking    ] GC(254) Concurrent Clear Claimed Marks
[6.979s][info][gc,marking    ] GC(254) Concurrent Clear Claimed Marks 0.022ms
[6.979s][info][gc,marking    ] GC(254) Concurrent Scan Root Regions
[6.980s][info][gc,marking    ] GC(254) Concurrent Scan Root Regions 0.087ms
[6.980s][info][gc,marking    ] GC(254) Concurrent Mark (6.980s)
[6.980s][info][gc,marking    ] GC(254) Concurrent Mark From Roots
[6.980s][info][gc,task       ] GC(254) Using 2 workers of 2 for marking
[6.989s][info][gc,marking    ] GC(254) Concurrent Mark From Roots 9.301ms
[6.989s][info][gc,marking    ] GC(254) Concurrent Preclean
[6.989s][info][gc,marking    ] GC(254) Concurrent Preclean 0.136ms
[6.989s][info][gc,marking    ] GC(254) Concurrent Mark (6.980s, 6.989s) 9.535ms
[6.989s][info][gc,start      ] GC(254) Pause Remark
[6.992s][info][gc,stringtable] GC(254) Cleaned string and symbol table, strings: 4328 processed, 0 removed, symbols: 36588 processed, 0 removed
[6.993s][info][gc            ] GC(254) Pause Remark 880M->880M(1609M) 3.710ms
[6.993s][info][gc,cpu        ] GC(254) User=0.01s Sys=0.00s Real=0.01s
[6.993s][info][gc,marking    ] GC(254) Concurrent Rebuild Remembered Sets
[7.001s][info][gc,marking    ] GC(254) Concurrent Rebuild Remembered Sets 8.040ms
[7.001s][info][gc,start      ] GC(254) Pause Cleanup
[7.002s][info][gc            ] GC(254) Pause Cleanup 883M->883M(1609M) 0.229ms
[7.002s][info][gc,cpu        ] GC(254) User=0.00s Sys=0.00s Real=0.00s
[7.002s][info][gc,marking    ] GC(254) Concurrent Cleanup for Next Mark
[7.005s][info][gc,marking    ] GC(254) Concurrent Cleanup for Next Mark 2.922ms
[7.005s][info][gc            ] GC(254) Concurrent Cycle 25.338ms
[7.016s][info][gc,start      ] GC(255) Pause Young (Concurrent Start) (G1 Humongous Allocation)
[7.016s][info][gc,task       ] GC(255) Using 8 workers of 8 for evacuation
[7.018s][info][gc,phases     ] GC(255)   Pre Evacuate Collection Set: 0.3ms
[7.018s][info][gc,phases     ] GC(255)   Evacuate Collection Set: 1.8ms
[7.019s][info][gc,phases     ] GC(255)   Post Evacuate Collection Set: 0.2ms
[7.019s][info][gc,phases     ] GC(255)   Other: 0.3ms
[7.019s][info][gc,heap       ] GC(255) Eden regions: 4->0(550)
[7.019s][info][gc,heap       ] GC(255) Survivor regions: 1->1(70)
[7.019s][info][gc,heap       ] GC(255) Old regions: 26->26
[7.019s][info][gc,heap       ] GC(255) Humongous regions: 856->856
[7.019s][info][gc,metaspace  ] GC(255) Metaspace: 9826K->9826K(1058816K)
[7.019s][info][gc            ] GC(255) Pause Young (Concurrent Start) (G1 Humongous Allocation) 885M->881M(1609M) 2.772ms
[7.019s][info][gc,cpu        ] GC(255) User=0.00s Sys=0.00s Real=0.00s
[7.019s][info][gc            ] GC(256) Concurrent Cycle
[7.019s][info][gc,marking    ] GC(256) Concurrent Clear Claimed Marks
[7.019s][info][gc,marking    ] GC(256) Concurrent Clear Claimed Marks 0.019ms
[7.019s][info][gc,marking    ] GC(256) Concurrent Scan Root Regions
[7.019s][info][gc,marking    ] GC(256) Concurrent Scan Root Regions 0.100ms
[7.019s][info][gc,marking    ] GC(256) Concurrent Mark (7.019s)
[7.019s][info][gc,marking    ] GC(256) Concurrent Mark From Roots
[7.019s][info][gc,task       ] GC(256) Using 2 workers of 2 for marking
[7.028s][info][gc,marking    ] GC(256) Concurrent Mark From Roots 9.499ms
[7.029s][info][gc,marking    ] GC(256) Concurrent Preclean
[7.029s][info][gc,marking    ] GC(256) Concurrent Preclean 0.404ms
[7.029s][info][gc,marking    ] GC(256) Concurrent Mark (7.019s, 7.029s) 10.203ms
[7.029s][info][gc,start      ] GC(256) Pause Remark
[7.031s][info][gc,stringtable] GC(256) Cleaned string and symbol table, strings: 4328 processed, 0 removed, symbols: 36588 processed, 0 removed
[7.031s][info][gc            ] GC(256) Pause Remark 884M->884M(1609M) 2.053ms
[7.031s][info][gc,cpu        ] GC(256) User=0.00s Sys=0.00s Real=0.01s
[7.031s][info][gc,marking    ] GC(256) Concurrent Rebuild Remembered Sets
[7.039s][info][gc,marking    ] GC(256) Concurrent Rebuild Remembered Sets 7.303ms
[7.040s][info][gc,start      ] GC(256) Pause Cleanup
[7.040s][info][gc            ] GC(256) Pause Cleanup 887M->887M(1609M) 0.348ms
[7.040s][info][gc,cpu        ] GC(256) User=0.00s Sys=0.00s Real=0.00s
[7.040s][info][gc,marking    ] GC(256) Concurrent Cleanup for Next Mark
[7.043s][info][gc,marking    ] GC(256) Concurrent Cleanup for Next Mark 2.376ms
[7.043s][info][gc            ] GC(256) Concurrent Cycle 23.886ms
[7.052s][info][gc,start      ] GC(257) Pause Young (Concurrent Start) (G1 Humongous Allocation)
[7.052s][info][gc,task       ] GC(257) Using 8 workers of 8 for evacuation
[7.053s][info][gc,phases     ] GC(257)   Pre Evacuate Collection Set: 0.3ms
[7.053s][info][gc,phases     ] GC(257)   Evacuate Collection Set: 1.1ms
[7.053s][info][gc,phases     ] GC(257)   Post Evacuate Collection Set: 0.2ms
[7.054s][info][gc,phases     ] GC(257)   Other: 0.3ms
[7.054s][info][gc,heap       ] GC(257) Eden regions: 4->0(546)
[7.054s][info][gc,heap       ] GC(257) Survivor regions: 1->1(69)
[7.054s][info][gc,heap       ] GC(257) Old regions: 26->26
[7.054s][info][gc,heap       ] GC(257) Humongous regions: 860->860
[7.054s][info][gc,metaspace  ] GC(257) Metaspace: 9826K->9826K(1058816K)
[7.054s][info][gc            ] GC(257) Pause Young (Concurrent Start) (G1 Humongous Allocation) 889M->885M(1609M) 2.024ms
[7.054s][info][gc,cpu        ] GC(257) User=0.01s Sys=0.00s Real=0.00s
[7.054s][info][gc            ] GC(258) Concurrent Cycle
[7.054s][info][gc,marking    ] GC(258) Concurrent Clear Claimed Marks
[7.054s][info][gc,marking    ] GC(258) Concurrent Clear Claimed Marks 0.017ms
[7.054s][info][gc,marking    ] GC(258) Concurrent Scan Root Regions
[7.054s][info][gc,marking    ] GC(258) Concurrent Scan Root Regions 0.077ms
[7.054s][info][gc,marking    ] GC(258) Concurrent Mark (7.054s)
[7.054s][info][gc,marking    ] GC(258) Concurrent Mark From Roots
[7.054s][info][gc,task       ] GC(258) Using 2 workers of 2 for marking
[7.063s][info][gc,marking    ] GC(258) Concurrent Mark From Roots 8.657ms
[7.063s][info][gc,marking    ] GC(258) Concurrent Preclean
[7.063s][info][gc,marking    ] GC(258) Concurrent Preclean 0.143ms
[7.063s][info][gc,marking    ] GC(258) Concurrent Mark (7.054s, 7.063s) 8.888ms
[7.063s][info][gc,start      ] GC(258) Pause Remark
[7.065s][info][gc,stringtable] GC(258) Cleaned string and symbol table, strings: 4328 processed, 0 removed, symbols: 36588 processed, 0 removed
[7.065s][info][gc            ] GC(258) Pause Remark 888M->888M(1609M) 2.264ms
[7.065s][info][gc,cpu        ] GC(258) User=0.01s Sys=0.00s Real=0.00s
[7.065s][info][gc,marking    ] GC(258) Concurrent Rebuild Remembered Sets
[7.072s][info][gc,marking    ] GC(258) Concurrent Rebuild Remembered Sets 7.002ms
[7.072s][info][gc,start      ] GC(258) Pause Cleanup
[7.073s][info][gc            ] GC(258) Pause Cleanup 889M->889M(1609M) 0.303ms
[7.073s][info][gc,cpu        ] GC(258) User=0.00s Sys=0.00s Real=0.00s
[7.073s][info][gc,marking    ] GC(258) Concurrent Cleanup for Next Mark
[7.076s][info][gc,marking    ] GC(258) Concurrent Cleanup for Next Mark 2.815ms
[7.076s][info][gc            ] GC(258) Concurrent Cycle 21.974ms
[7.090s][info][gc,start      ] GC(259) Pause Young (Concurrent Start) (G1 Humongous Allocation)
[7.090s][info][gc,task       ] GC(259) Using 8 workers of 8 for evacuation
[7.092s][info][gc,phases     ] GC(259)   Pre Evacuate Collection Set: 0.3ms
[7.092s][info][gc,phases     ] GC(259)   Evacuate Collection Set: 1.3ms
[7.092s][info][gc,phases     ] GC(259)   Post Evacuate Collection Set: 0.1ms
[7.092s][info][gc,phases     ] GC(259)   Other: 0.3ms
[7.092s][info][gc,heap       ] GC(259) Eden regions: 4->0(542)
[7.092s][info][gc,heap       ] GC(259) Survivor regions: 1->1(69)
[7.092s][info][gc,heap       ] GC(259) Old regions: 26->26
[7.092s][info][gc,heap       ] GC(259) Humongous regions: 864->864
[7.092s][info][gc,metaspace  ] GC(259) Metaspace: 9826K->9826K(1058816K)
[7.092s][info][gc            ] GC(259) Pause Young (Concurrent Start) (G1 Humongous Allocation) 893M->889M(1609M) 2.110ms
[7.092s][info][gc,cpu        ] GC(259) User=0.00s Sys=0.00s Real=0.01s
[7.092s][info][gc            ] GC(260) Concurrent Cycle
[7.092s][info][gc,marking    ] GC(260) Concurrent Clear Claimed Marks
[7.092s][info][gc,marking    ] GC(260) Concurrent Clear Claimed Marks 0.018ms
[7.092s][info][gc,marking    ] GC(260) Concurrent Scan Root Regions
[7.092s][info][gc,marking    ] GC(260) Concurrent Scan Root Regions 0.098ms
[7.092s][info][gc,marking    ] GC(260) Concurrent Mark (7.092s)
[7.092s][info][gc,marking    ] GC(260) Concurrent Mark From Roots
[7.092s][info][gc,task       ] GC(260) Using 2 workers of 2 for marking
[7.101s][info][gc,marking    ] GC(260) Concurrent Mark From Roots 8.365ms
[7.101s][info][gc,marking    ] GC(260) Concurrent Preclean
[7.101s][info][gc,marking    ] GC(260) Concurrent Preclean 0.129ms
[7.101s][info][gc,marking    ] GC(260) Concurrent Mark (7.092s, 7.101s) 8.580ms
[7.101s][info][gc,start      ] GC(260) Pause Remark
[7.103s][info][gc,stringtable] GC(260) Cleaned string and symbol table, strings: 4328 processed, 0 removed, symbols: 36588 processed, 0 removed
[7.103s][info][gc            ] GC(260) Pause Remark 892M->892M(1609M) 2.002ms
[7.103s][info][gc,cpu        ] GC(260) User=0.01s Sys=0.00s Real=0.01s
[7.103s][info][gc,marking    ] GC(260) Concurrent Rebuild Remembered Sets
[7.109s][info][gc,marking    ] GC(260) Concurrent Rebuild Remembered Sets 6.377ms
[7.110s][info][gc,start      ] GC(260) Pause Cleanup
[7.111s][info][gc            ] GC(260) Pause Cleanup 895M->895M(1609M) 0.305ms
[7.111s][info][gc,cpu        ] GC(260) User=0.00s Sys=0.00s Real=0.00s
[7.111s][info][gc,marking    ] GC(260) Concurrent Cleanup for Next Mark
[7.113s][info][gc,marking    ] GC(260) Concurrent Cleanup for Next Mark 2.193ms
[7.113s][info][gc            ] GC(260) Concurrent Cycle 20.738ms
[7.121s][info][gc,start      ] GC(261) Pause Young (Concurrent Start) (G1 Humongous Allocation)
[7.121s][info][gc,task       ] GC(261) Using 8 workers of 8 for evacuation
[7.124s][info][gc,phases     ] GC(261)   Pre Evacuate Collection Set: 0.2ms
[7.124s][info][gc,phases     ] GC(261)   Evacuate Collection Set: 1.0ms
[7.124s][info][gc,phases     ] GC(261)   Post Evacuate Collection Set: 1.3ms
[7.124s][info][gc,phases     ] GC(261)   Other: 0.2ms
[7.124s][info][gc,heap       ] GC(261) Eden regions: 4->0(659)
[7.124s][info][gc,heap       ] GC(261) Survivor regions: 1->1(68)
[7.124s][info][gc,heap       ] GC(261) Old regions: 26->26
[7.124s][info][gc,heap       ] GC(261) Humongous regions: 868->868
[7.124s][info][gc,metaspace  ] GC(261) Metaspace: 9826K->9826K(1058816K)
[7.124s][info][gc            ] GC(261) Pause Young (Concurrent Start) (G1 Humongous Allocation) 897M->893M(1747M) 2.834ms
[7.124s][info][gc,cpu        ] GC(261) User=0.01s Sys=0.00s Real=0.01s
[7.124s][info][gc            ] GC(262) Concurrent Cycle
[7.124s][info][gc,marking    ] GC(262) Concurrent Clear Claimed Marks
[7.124s][info][gc,marking    ] GC(262) Concurrent Clear Claimed Marks 0.020ms
[7.124s][info][gc,marking    ] GC(262) Concurrent Scan Root Regions
[7.124s][info][gc,marking    ] GC(262) Concurrent Scan Root Regions 0.087ms
[7.124s][info][gc,marking    ] GC(262) Concurrent Mark (7.124s)
[7.124s][info][gc,marking    ] GC(262) Concurrent Mark From Roots
[7.124s][info][gc,task       ] GC(262) Using 2 workers of 2 for marking
[7.131s][info][gc,marking    ] GC(262) Concurrent Mark From Roots 6.536ms
[7.131s][info][gc,marking    ] GC(262) Concurrent Preclean
[7.131s][info][gc,marking    ] GC(262) Concurrent Preclean 0.172ms
[7.131s][info][gc,marking    ] GC(262) Concurrent Mark (7.124s, 7.131s) 6.811ms
[7.131s][info][gc,start      ] GC(262) Pause Remark
[7.133s][info][gc,stringtable] GC(262) Cleaned string and symbol table, strings: 4328 processed, 0 removed, symbols: 36588 processed, 0 removed
[7.134s][info][gc            ] GC(262) Pause Remark 896M->896M(1747M) 2.397ms
[7.134s][info][gc,cpu        ] GC(262) User=0.00s Sys=0.00s Real=0.01s
[7.134s][info][gc,marking    ] GC(262) Concurrent Rebuild Remembered Sets
[7.140s][info][gc,marking    ] GC(262) Concurrent Rebuild Remembered Sets 6.450ms
[7.140s][info][gc,start      ] GC(262) Pause Cleanup
[7.141s][info][gc            ] GC(262) Pause Cleanup 897M->897M(1747M) 0.253ms
[7.141s][info][gc,cpu        ] GC(262) User=0.00s Sys=0.00s Real=0.00s
[7.141s][info][gc,marking    ] GC(262) Concurrent Cleanup for Next Mark
[7.144s][info][gc,marking    ] GC(262) Concurrent Cleanup for Next Mark 3.279ms
[7.144s][info][gc            ] GC(262) Concurrent Cycle 20.020ms
[7.161s][info][gc,start      ] GC(263) Pause Young (Concurrent Start) (G1 Humongous Allocation)
[7.161s][info][gc,task       ] GC(263) Using 8 workers of 8 for evacuation
[7.163s][info][gc,phases     ] GC(263)   Pre Evacuate Collection Set: 0.5ms
[7.163s][info][gc,phases     ] GC(263)   Evacuate Collection Set: 1.1ms
[7.163s][info][gc,phases     ] GC(263)   Post Evacuate Collection Set: 0.2ms
[7.163s][info][gc,phases     ] GC(263)   Other: 0.4ms
[7.163s][info][gc,heap       ] GC(263) Eden regions: 4->0(655)
[7.163s][info][gc,heap       ] GC(263) Survivor regions: 1->1(83)
[7.163s][info][gc,heap       ] GC(263) Old regions: 26->26
[7.163s][info][gc,heap       ] GC(263) Humongous regions: 872->872
[7.163s][info][gc,metaspace  ] GC(263) Metaspace: 9826K->9826K(1058816K)
[7.163s][info][gc            ] GC(263) Pause Young (Concurrent Start) (G1 Humongous Allocation) 901M->897M(1747M) 2.209ms
[7.163s][info][gc,cpu        ] GC(263) User=0.01s Sys=0.00s Real=0.01s
[7.163s][info][gc            ] GC(264) Concurrent Cycle
[7.163s][info][gc,marking    ] GC(264) Concurrent Clear Claimed Marks
[7.163s][info][gc,marking    ] GC(264) Concurrent Clear Claimed Marks 0.038ms
[7.163s][info][gc,marking    ] GC(264) Concurrent Scan Root Regions
[7.163s][info][gc,marking    ] GC(264) Concurrent Scan Root Regions 0.078ms
[7.163s][info][gc,marking    ] GC(264) Concurrent Mark (7.163s)
[7.163s][info][gc,marking    ] GC(264) Concurrent Mark From Roots
[7.163s][info][gc,task       ] GC(264) Using 2 workers of 2 for marking
[7.171s][info][gc,marking    ] GC(264) Concurrent Mark From Roots 7.516ms
[7.171s][info][gc,marking    ] GC(264) Concurrent Preclean
[7.171s][info][gc,marking    ] GC(264) Concurrent Preclean 0.092ms
[7.171s][info][gc,marking    ] GC(264) Concurrent Mark (7.163s, 7.171s) 7.692ms
[7.171s][info][gc,start      ] GC(264) Pause Remark
[7.173s][info][gc,stringtable] GC(264) Cleaned string and symbol table, strings: 4328 processed, 0 removed, symbols: 36588 processed, 0 removed
[7.173s][info][gc            ] GC(264) Pause Remark 900M->900M(1747M) 2.080ms
[7.173s][info][gc,cpu        ] GC(264) User=0.01s Sys=0.00s Real=0.01s
[7.173s][info][gc,marking    ] GC(264) Concurrent Rebuild Remembered Sets
[7.180s][info][gc,marking    ] GC(264) Concurrent Rebuild Remembered Sets 7.029ms
[7.180s][info][gc,start      ] GC(264) Pause Cleanup
[7.181s][info][gc            ] GC(264) Pause Cleanup 903M->903M(1747M) 0.296ms
[7.181s][info][gc,cpu        ] GC(264) User=0.00s Sys=0.00s Real=0.00s
[7.181s][info][gc,marking    ] GC(264) Concurrent Cleanup for Next Mark
[7.184s][info][gc,marking    ] GC(264) Concurrent Cleanup for Next Mark 3.023ms
[7.184s][info][gc            ] GC(264) Concurrent Cycle 20.904ms
[7.195s][info][gc,start      ] GC(265) Pause Young (Concurrent Start) (G1 Humongous Allocation)
[7.195s][info][gc,task       ] GC(265) Using 8 workers of 8 for evacuation
[7.198s][info][gc,phases     ] GC(265)   Pre Evacuate Collection Set: 1.0ms
[7.198s][info][gc,phases     ] GC(265)   Evacuate Collection Set: 1.1ms
[7.198s][info][gc,phases     ] GC(265)   Post Evacuate Collection Set: 0.2ms
[7.198s][info][gc,phases     ] GC(265)   Other: 0.5ms
[7.198s][info][gc,heap       ] GC(265) Eden regions: 4->0(651)
[7.198s][info][gc,heap       ] GC(265) Survivor regions: 1->1(82)
[7.198s][info][gc,heap       ] GC(265) Old regions: 26->26
[7.198s][info][gc,heap       ] GC(265) Humongous regions: 876->876
[7.198s][info][gc,metaspace  ] GC(265) Metaspace: 9826K->9826K(1058816K)
[7.198s][info][gc            ] GC(265) Pause Young (Concurrent Start) (G1 Humongous Allocation) 905M->901M(1747M) 2.815ms
[7.198s][info][gc,cpu        ] GC(265) User=0.00s Sys=0.00s Real=0.00s
[7.198s][info][gc            ] GC(266) Concurrent Cycle
[7.198s][info][gc,marking    ] GC(266) Concurrent Clear Claimed Marks
[7.198s][info][gc,marking    ] GC(266) Concurrent Clear Claimed Marks 0.016ms
[7.198s][info][gc,marking    ] GC(266) Concurrent Scan Root Regions
[7.198s][info][gc,marking    ] GC(266) Concurrent Scan Root Regions 0.062ms
[7.198s][info][gc,marking    ] GC(266) Concurrent Mark (7.198s)
[7.198s][info][gc,marking    ] GC(266) Concurrent Mark From Roots
[7.198s][info][gc,task       ] GC(266) Using 2 workers of 2 for marking
[7.205s][info][gc,marking    ] GC(266) Concurrent Mark From Roots 7.437ms
[7.206s][info][gc,marking    ] GC(266) Concurrent Preclean
[7.206s][info][gc,marking    ] GC(266) Concurrent Preclean 0.117ms
[7.206s][info][gc,marking    ] GC(266) Concurrent Mark (7.198s, 7.206s) 7.626ms
[7.206s][info][gc,start      ] GC(266) Pause Remark
[7.208s][info][gc,stringtable] GC(266) Cleaned string and symbol table, strings: 4328 processed, 0 removed, symbols: 36588 processed, 0 removed
[7.208s][info][gc            ] GC(266) Pause Remark 904M->904M(1747M) 2.159ms
[7.208s][info][gc,cpu        ] GC(266) User=0.01s Sys=0.00s Real=0.00s
[7.208s][info][gc,marking    ] GC(266) Concurrent Rebuild Remembered Sets
[7.215s][info][gc,marking    ] GC(266) Concurrent Rebuild Remembered Sets 7.025ms
[7.215s][info][gc,start      ] GC(266) Pause Cleanup
[7.215s][info][gc            ] GC(266) Pause Cleanup 907M->907M(1747M) 0.231ms
[7.215s][info][gc,cpu        ] GC(266) User=0.00s Sys=0.00s Real=0.00s
[7.216s][info][gc,marking    ] GC(266) Concurrent Cleanup for Next Mark
[7.218s][info][gc,marking    ] GC(266) Concurrent Cleanup for Next Mark 2.656ms
[7.218s][info][gc            ] GC(266) Concurrent Cycle 20.328ms
[7.230s][info][gc,start      ] GC(267) Pause Young (Concurrent Start) (G1 Humongous Allocation)
[7.230s][info][gc,task       ] GC(267) Using 8 workers of 8 for evacuation
[7.233s][info][gc,phases     ] GC(267)   Pre Evacuate Collection Set: 0.8ms
[7.233s][info][gc,phases     ] GC(267)   Evacuate Collection Set: 1.4ms
[7.233s][info][gc,phases     ] GC(267)   Post Evacuate Collection Set: 0.3ms
[7.233s][info][gc,phases     ] GC(267)   Other: 0.5ms
[7.233s][info][gc,heap       ] GC(267) Eden regions: 4->0(648)
[7.233s][info][gc,heap       ] GC(267) Survivor regions: 1->1(82)
[7.233s][info][gc,heap       ] GC(267) Old regions: 26->26
[7.233s][info][gc,heap       ] GC(267) Humongous regions: 880->880
[7.233s][info][gc,metaspace  ] GC(267) Metaspace: 9826K->9826K(1058816K)
[7.233s][info][gc            ] GC(267) Pause Young (Concurrent Start) (G1 Humongous Allocation) 909M->905M(1747M) 3.153ms
[7.233s][info][gc,cpu        ] GC(267) User=0.00s Sys=0.00s Real=0.01s
[7.233s][info][gc            ] GC(268) Concurrent Cycle
[7.233s][info][gc,marking    ] GC(268) Concurrent Clear Claimed Marks
[7.233s][info][gc,marking    ] GC(268) Concurrent Clear Claimed Marks 0.011ms
[7.233s][info][gc,marking    ] GC(268) Concurrent Scan Root Regions
[7.233s][info][gc,marking    ] GC(268) Concurrent Scan Root Regions 0.071ms
[7.233s][info][gc,marking    ] GC(268) Concurrent Mark (7.233s)
[7.233s][info][gc,marking    ] GC(268) Concurrent Mark From Roots
[7.233s][info][gc,task       ] GC(268) Using 2 workers of 2 for marking
[7.241s][info][gc,marking    ] GC(268) Concurrent Mark From Roots 7.404ms
[7.241s][info][gc,marking    ] GC(268) Concurrent Preclean
[7.241s][info][gc,marking    ] GC(268) Concurrent Preclean 0.082ms
[7.241s][info][gc,marking    ] GC(268) Concurrent Mark (7.233s, 7.241s) 7.544ms
[7.241s][info][gc,start      ] GC(268) Pause Remark
[7.242s][info][gc,stringtable] GC(268) Cleaned string and symbol table, strings: 4328 processed, 0 removed, symbols: 36588 processed, 0 removed
[7.242s][info][gc            ] GC(268) Pause Remark 908M->908M(1747M) 1.571ms
[7.242s][info][gc,cpu        ] GC(268) User=0.01s Sys=0.00s Real=0.01s
[7.242s][info][gc,marking    ] GC(268) Concurrent Rebuild Remembered Sets
[7.247s][info][gc,marking    ] GC(268) Concurrent Rebuild Remembered Sets 4.831ms
[7.247s][info][gc,start      ] GC(268) Pause Cleanup
[7.248s][info][gc            ] GC(268) Pause Cleanup 911M->911M(1747M) 0.247ms
[7.248s][info][gc,cpu        ] GC(268) User=0.00s Sys=0.00s Real=0.00s
[7.248s][info][gc,marking    ] GC(268) Concurrent Cleanup for Next Mark
[7.250s][info][gc,marking    ] GC(268) Concurrent Cleanup for Next Mark 2.213ms
[7.250s][info][gc            ] GC(268) Concurrent Cycle 17.064ms
[7.257s][info][gc,start      ] GC(269) Pause Young (Concurrent Start) (G1 Humongous Allocation)
[7.257s][info][gc,task       ] GC(269) Using 8 workers of 8 for evacuation
[7.259s][info][gc,phases     ] GC(269)   Pre Evacuate Collection Set: 0.2ms
[7.259s][info][gc,phases     ] GC(269)   Evacuate Collection Set: 1.0ms
[7.259s][info][gc,phases     ] GC(269)   Post Evacuate Collection Set: 0.2ms
[7.259s][info][gc,phases     ] GC(269)   Other: 0.3ms
[7.259s][info][gc,heap       ] GC(269) Eden regions: 4->0(644)
[7.259s][info][gc,heap       ] GC(269) Survivor regions: 1->1(82)
[7.259s][info][gc,heap       ] GC(269) Old regions: 26->26
[7.259s][info][gc,heap       ] GC(269) Humongous regions: 884->884
[7.259s][info][gc,metaspace  ] GC(269) Metaspace: 9826K->9826K(1058816K)
[7.259s][info][gc            ] GC(269) Pause Young (Concurrent Start) (G1 Humongous Allocation) 913M->909M(1747M) 1.882ms
[7.259s][info][gc,cpu        ] GC(269) User=0.00s Sys=0.00s Real=0.00s
[7.259s][info][gc            ] GC(270) Concurrent Cycle
[7.259s][info][gc,marking    ] GC(270) Concurrent Clear Claimed Marks
[7.259s][info][gc,marking    ] GC(270) Concurrent Clear Claimed Marks 0.017ms
[7.259s][info][gc,marking    ] GC(270) Concurrent Scan Root Regions
[7.260s][info][gc,marking    ] GC(270) Concurrent Scan Root Regions 0.081ms
[7.260s][info][gc,marking    ] GC(270) Concurrent Mark (7.260s)
[7.260s][info][gc,marking    ] GC(270) Concurrent Mark From Roots
[7.260s][info][gc,task       ] GC(270) Using 2 workers of 2 for marking
[7.265s][info][gc,marking    ] GC(270) Concurrent Mark From Roots 5.176ms
[7.265s][info][gc,marking    ] GC(270) Concurrent Preclean
[7.265s][info][gc,marking    ] GC(270) Concurrent Preclean 0.086ms
[7.265s][info][gc,marking    ] GC(270) Concurrent Mark (7.260s, 7.265s) 5.376ms
[7.265s][info][gc,start      ] GC(270) Pause Remark
[7.266s][info][gc,stringtable] GC(270) Cleaned string and symbol table, strings: 4328 processed, 0 removed, symbols: 36588 processed, 0 removed
[7.267s][info][gc            ] GC(270) Pause Remark 912M->912M(1747M) 1.785ms
[7.267s][info][gc,cpu        ] GC(270) User=0.01s Sys=0.00s Real=0.00s
[7.267s][info][gc,marking    ] GC(270) Concurrent Rebuild Remembered Sets
[7.272s][info][gc,marking    ] GC(270) Concurrent Rebuild Remembered Sets 4.637ms
[7.272s][info][gc,start      ] GC(270) Pause Cleanup
[7.272s][info][gc            ] GC(270) Pause Cleanup 915M->915M(1747M) 0.282ms
[7.272s][info][gc,cpu        ] GC(270) User=0.00s Sys=0.00s Real=0.00s
[7.272s][info][gc,marking    ] GC(270) Concurrent Cleanup for Next Mark
[7.275s][info][gc,marking    ] GC(270) Concurrent Cleanup for Next Mark 2.269ms
[7.275s][info][gc            ] GC(270) Concurrent Cycle 15.237ms
[7.283s][info][gc,start      ] GC(271) Pause Young (Concurrent Start) (G1 Humongous Allocation)
[7.283s][info][gc,task       ] GC(271) Using 8 workers of 8 for evacuation
[7.284s][info][gc,phases     ] GC(271)   Pre Evacuate Collection Set: 0.2ms
[7.284s][info][gc,phases     ] GC(271)   Evacuate Collection Set: 1.1ms
[7.284s][info][gc,phases     ] GC(271)   Post Evacuate Collection Set: 0.1ms
[7.284s][info][gc,phases     ] GC(271)   Other: 0.2ms
[7.284s][info][gc,heap       ] GC(271) Eden regions: 4->0(640)
[7.284s][info][gc,heap       ] GC(271) Survivor regions: 1->1(81)
[7.284s][info][gc,heap       ] GC(271) Old regions: 26->26
[7.284s][info][gc,heap       ] GC(271) Humongous regions: 888->888
[7.284s][info][gc,metaspace  ] GC(271) Metaspace: 9826K->9826K(1058816K)
[7.284s][info][gc            ] GC(271) Pause Young (Concurrent Start) (G1 Humongous Allocation) 917M->913M(1747M) 1.789ms
[7.284s][info][gc,cpu        ] GC(271) User=0.00s Sys=0.00s Real=0.00s
[7.284s][info][gc            ] GC(272) Concurrent Cycle
[7.284s][info][gc,marking    ] GC(272) Concurrent Clear Claimed Marks
[7.284s][info][gc,marking    ] GC(272) Concurrent Clear Claimed Marks 0.014ms
[7.284s][info][gc,marking    ] GC(272) Concurrent Scan Root Regions
[7.285s][info][gc,marking    ] GC(272) Concurrent Scan Root Regions 0.136ms
[7.285s][info][gc,marking    ] GC(272) Concurrent Mark (7.285s)
[7.285s][info][gc,marking    ] GC(272) Concurrent Mark From Roots
[7.285s][info][gc,task       ] GC(272) Using 2 workers of 2 for marking
[7.290s][info][gc,marking    ] GC(272) Concurrent Mark From Roots 5.239ms
[7.290s][info][gc,marking    ] GC(272) Concurrent Preclean
[7.290s][info][gc,marking    ] GC(272) Concurrent Preclean 0.086ms
[7.290s][info][gc,marking    ] GC(272) Concurrent Mark (7.285s, 7.290s) 5.432ms
[7.290s][info][gc,start      ] GC(272) Pause Remark
[7.291s][info][gc,stringtable] GC(272) Cleaned string and symbol table, strings: 4328 processed, 0 removed, symbols: 36588 processed, 0 removed
[7.292s][info][gc            ] GC(272) Pause Remark 916M->916M(1747M) 1.684ms
[7.292s][info][gc,cpu        ] GC(272) User=0.01s Sys=0.00s Real=0.01s
[7.292s][info][gc,marking    ] GC(272) Concurrent Rebuild Remembered Sets
[7.296s][info][gc,marking    ] GC(272) Concurrent Rebuild Remembered Sets 4.552ms
[7.297s][info][gc,start      ] GC(272) Pause Cleanup
[7.297s][info][gc            ] GC(272) Pause Cleanup 919M->919M(1747M) 0.261ms
[7.297s][info][gc,cpu        ] GC(272) User=0.00s Sys=0.00s Real=0.00s
[7.297s][info][gc,marking    ] GC(272) Concurrent Cleanup for Next Mark
[7.299s][info][gc,marking    ] GC(272) Concurrent Cleanup for Next Mark 2.301ms
[7.299s][info][gc            ] GC(272) Concurrent Cycle 15.073ms
[7.307s][info][gc,start      ] GC(273) Pause Young (Concurrent Start) (G1 Humongous Allocation)
[7.307s][info][gc,task       ] GC(273) Using 8 workers of 8 for evacuation
[7.309s][info][gc,phases     ] GC(273)   Pre Evacuate Collection Set: 0.2ms
[7.309s][info][gc,phases     ] GC(273)   Evacuate Collection Set: 1.1ms
[7.309s][info][gc,phases     ] GC(273)   Post Evacuate Collection Set: 0.2ms
[7.309s][info][gc,phases     ] GC(273)   Other: 0.2ms
[7.309s][info][gc,heap       ] GC(273) Eden regions: 4->0(636)
[7.309s][info][gc,heap       ] GC(273) Survivor regions: 1->1(81)
[7.309s][info][gc,heap       ] GC(273) Old regions: 26->26
[7.309s][info][gc,heap       ] GC(273) Humongous regions: 892->892
[7.309s][info][gc,metaspace  ] GC(273) Metaspace: 9826K->9826K(1058816K)
[7.309s][info][gc            ] GC(273) Pause Young (Concurrent Start) (G1 Humongous Allocation) 921M->917M(1747M) 1.813ms
[7.309s][info][gc,cpu        ] GC(273) User=0.00s Sys=0.00s Real=0.00s
[7.309s][info][gc            ] GC(274) Concurrent Cycle
[7.309s][info][gc,marking    ] GC(274) Concurrent Clear Claimed Marks
[7.309s][info][gc,marking    ] GC(274) Concurrent Clear Claimed Marks 0.009ms
[7.309s][info][gc,marking    ] GC(274) Concurrent Scan Root Regions
[7.309s][info][gc,marking    ] GC(274) Concurrent Scan Root Regions 0.062ms
[7.309s][info][gc,marking    ] GC(274) Concurrent Mark (7.309s)
[7.309s][info][gc,marking    ] GC(274) Concurrent Mark From Roots
[7.309s][info][gc,task       ] GC(274) Using 2 workers of 2 for marking
[7.315s][info][gc,marking    ] GC(274) Concurrent Mark From Roots 5.948ms
[7.315s][info][gc,marking    ] GC(274) Concurrent Preclean
[7.315s][info][gc,marking    ] GC(274) Concurrent Preclean 0.080ms
[7.315s][info][gc,marking    ] GC(274) Concurrent Mark (7.309s, 7.315s) 6.092ms
[7.316s][info][gc,start      ] GC(274) Pause Remark
[7.317s][info][gc,stringtable] GC(274) Cleaned string and symbol table, strings: 4328 processed, 0 removed, symbols: 36588 processed, 0 removed
[7.317s][info][gc            ] GC(274) Pause Remark 920M->920M(1747M) 1.579ms
[7.317s][info][gc,cpu        ] GC(274) User=0.00s Sys=0.00s Real=0.00s
[7.317s][info][gc,marking    ] GC(274) Concurrent Rebuild Remembered Sets
[7.322s][info][gc,marking    ] GC(274) Concurrent Rebuild Remembered Sets 4.737ms
[7.322s][info][gc,start      ] GC(274) Pause Cleanup
[7.322s][info][gc            ] GC(274) Pause Cleanup 923M->923M(1747M) 0.273ms
[7.322s][info][gc,cpu        ] GC(274) User=0.00s Sys=0.00s Real=0.00s
[7.322s][info][gc,marking    ] GC(274) Concurrent Cleanup for Next Mark
[7.325s][info][gc,marking    ] GC(274) Concurrent Cleanup for Next Mark 2.406ms
[7.325s][info][gc            ] GC(274) Concurrent Cycle 15.625ms
[7.332s][info][gc,start      ] GC(275) Pause Young (Concurrent Start) (G1 Humongous Allocation)
[7.332s][info][gc,task       ] GC(275) Using 8 workers of 8 for evacuation
[7.334s][info][gc,phases     ] GC(275)   Pre Evacuate Collection Set: 0.2ms
[7.334s][info][gc,phases     ] GC(275)   Evacuate Collection Set: 1.1ms
[7.334s][info][gc,phases     ] GC(275)   Post Evacuate Collection Set: 0.2ms
[7.334s][info][gc,phases     ] GC(275)   Other: 0.2ms
[7.334s][info][gc,heap       ] GC(275) Eden regions: 4->0(632)
[7.334s][info][gc,heap       ] GC(275) Survivor regions: 1->1(80)
[7.334s][info][gc,heap       ] GC(275) Old regions: 26->26
[7.334s][info][gc,heap       ] GC(275) Humongous regions: 896->896
[7.334s][info][gc,metaspace  ] GC(275) Metaspace: 9826K->9826K(1058816K)
[7.334s][info][gc            ] GC(275) Pause Young (Concurrent Start) (G1 Humongous Allocation) 925M->921M(1747M) 1.900ms
[7.334s][info][gc,cpu        ] GC(275) User=0.01s Sys=0.00s Real=0.00s
[7.334s][info][gc            ] GC(276) Concurrent Cycle
[7.334s][info][gc,marking    ] GC(276) Concurrent Clear Claimed Marks
[7.334s][info][gc,marking    ] GC(276) Concurrent Clear Claimed Marks 0.014ms
[7.334s][info][gc,marking    ] GC(276) Concurrent Scan Root Regions
[7.334s][info][gc,marking    ] GC(276) Concurrent Scan Root Regions 0.084ms
[7.334s][info][gc,marking    ] GC(276) Concurrent Mark (7.334s)
[7.334s][info][gc,marking    ] GC(276) Concurrent Mark From Roots
[7.334s][info][gc,task       ] GC(276) Using 2 workers of 2 for marking
[7.341s][info][gc,marking    ] GC(276) Concurrent Mark From Roots 6.492ms
[7.341s][info][gc,marking    ] GC(276) Concurrent Preclean
[7.341s][info][gc,marking    ] GC(276) Concurrent Preclean 0.132ms
[7.341s][info][gc,marking    ] GC(276) Concurrent Mark (7.334s, 7.341s) 6.700ms
[7.341s][info][gc,start      ] GC(276) Pause Remark
[7.342s][info][gc,stringtable] GC(276) Cleaned string and symbol table, strings: 4328 processed, 0 removed, symbols: 36588 processed, 0 removed
[7.343s][info][gc            ] GC(276) Pause Remark 924M->924M(1747M) 1.659ms
[7.343s][info][gc,cpu        ] GC(276) User=0.01s Sys=0.00s Real=0.01s
[7.343s][info][gc,marking    ] GC(276) Concurrent Rebuild Remembered Sets
[7.349s][info][gc,marking    ] GC(276) Concurrent Rebuild Remembered Sets 6.141ms
[7.349s][info][gc,start      ] GC(276) Pause Cleanup
[7.350s][info][gc            ] GC(276) Pause Cleanup 927M->927M(1747M) 0.393ms
[7.350s][info][gc,cpu        ] GC(276) User=0.00s Sys=0.00s Real=0.00s
[7.350s][info][gc,marking    ] GC(276) Concurrent Cleanup for Next Mark
[7.352s][info][gc,marking    ] GC(276) Concurrent Cleanup for Next Mark 2.688ms
[7.352s][info][gc            ] GC(276) Concurrent Cycle 18.446ms
[7.363s][info][gc,start      ] GC(277) Pause Young (Concurrent Start) (G1 Humongous Allocation)
[7.363s][info][gc,task       ] GC(277) Using 8 workers of 8 for evacuation
[7.365s][info][gc,phases     ] GC(277)   Pre Evacuate Collection Set: 0.2ms
[7.365s][info][gc,phases     ] GC(277)   Evacuate Collection Set: 1.5ms
[7.365s][info][gc,phases     ] GC(277)   Post Evacuate Collection Set: 0.3ms
[7.365s][info][gc,phases     ] GC(277)   Other: 0.3ms
[7.365s][info][gc,heap       ] GC(277) Eden regions: 4->0(628)
[7.365s][info][gc,heap       ] GC(277) Survivor regions: 1->1(80)
[7.365s][info][gc,heap       ] GC(277) Old regions: 26->26
[7.365s][info][gc,heap       ] GC(277) Humongous regions: 900->900
[7.366s][info][gc,metaspace  ] GC(277) Metaspace: 9826K->9826K(1058816K)
[7.366s][info][gc            ] GC(277) Pause Young (Concurrent Start) (G1 Humongous Allocation) 929M->925M(1747M) 2.534ms
[7.366s][info][gc,cpu        ] GC(277) User=0.01s Sys=0.00s Real=0.00s
[7.366s][info][gc            ] GC(278) Concurrent Cycle
[7.366s][info][gc,marking    ] GC(278) Concurrent Clear Claimed Marks
[7.366s][info][gc,marking    ] GC(278) Concurrent Clear Claimed Marks 0.018ms
[7.366s][info][gc,marking    ] GC(278) Concurrent Scan Root Regions
[7.366s][info][gc,marking    ] GC(278) Concurrent Scan Root Regions 0.185ms
[7.366s][info][gc,marking    ] GC(278) Concurrent Mark (7.366s)
[7.366s][info][gc,marking    ] GC(278) Concurrent Mark From Roots
[7.366s][info][gc,task       ] GC(278) Using 2 workers of 2 for marking
[7.375s][info][gc,marking    ] GC(278) Concurrent Mark From Roots 9.221ms
[7.375s][info][gc,marking    ] GC(278) Concurrent Preclean
[7.376s][info][gc,marking    ] GC(278) Concurrent Preclean 0.119ms
[7.376s][info][gc,marking    ] GC(278) Concurrent Mark (7.366s, 7.376s) 9.530ms
[7.376s][info][gc,start      ] GC(278) Pause Remark
[7.378s][info][gc,stringtable] GC(278) Cleaned string and symbol table, strings: 4328 processed, 0 removed, symbols: 36588 processed, 0 removed
[7.378s][info][gc            ] GC(278) Pause Remark 928M->928M(1747M) 2.216ms
[7.378s][info][gc,cpu        ] GC(278) User=0.01s Sys=0.00s Real=0.00s
[7.378s][info][gc,marking    ] GC(278) Concurrent Rebuild Remembered Sets
[7.386s][info][gc,marking    ] GC(278) Concurrent Rebuild Remembered Sets 8.436ms
[7.387s][info][gc,start      ] GC(278) Pause Cleanup
[7.387s][info][gc            ] GC(278) Pause Cleanup 931M->931M(1747M) 0.410ms
[7.387s][info][gc,cpu        ] GC(278) User=0.00s Sys=0.00s Real=0.00s
[7.387s][info][gc,marking    ] GC(278) Concurrent Cleanup for Next Mark
[7.390s][info][gc,marking    ] GC(278) Concurrent Cleanup for Next Mark 2.606ms
[7.390s][info][gc            ] GC(278) Concurrent Cycle 24.133ms
[7.400s][info][gc,start      ] GC(279) Pause Young (Concurrent Start) (G1 Humongous Allocation)
[7.400s][info][gc,task       ] GC(279) Using 8 workers of 8 for evacuation
[7.404s][info][gc,phases     ] GC(279)   Pre Evacuate Collection Set: 0.3ms
[7.404s][info][gc,phases     ] GC(279)   Evacuate Collection Set: 1.0ms
[7.404s][info][gc,phases     ] GC(279)   Post Evacuate Collection Set: 1.9ms
[7.404s][info][gc,phases     ] GC(279)   Other: 0.3ms
[7.404s][info][gc,heap       ] GC(279) Eden regions: 4->0(706)
[7.404s][info][gc,heap       ] GC(279) Survivor regions: 1->1(79)
[7.404s][info][gc,heap       ] GC(279) Old regions: 26->26
[7.404s][info][gc,heap       ] GC(279) Humongous regions: 904->904
[7.404s][info][gc,metaspace  ] GC(279) Metaspace: 9826K->9826K(1058816K)
[7.404s][info][gc            ] GC(279) Pause Young (Concurrent Start) (G1 Humongous Allocation) 933M->929M(1841M) 3.712ms
[7.404s][info][gc,cpu        ] GC(279) User=0.00s Sys=0.00s Real=0.01s
[7.404s][info][gc            ] GC(280) Concurrent Cycle
[7.404s][info][gc,marking    ] GC(280) Concurrent Clear Claimed Marks
[7.404s][info][gc,marking    ] GC(280) Concurrent Clear Claimed Marks 0.032ms
[7.404s][info][gc,marking    ] GC(280) Concurrent Scan Root Regions
[7.404s][info][gc,marking    ] GC(280) Concurrent Scan Root Regions 0.116ms
[7.404s][info][gc,marking    ] GC(280) Concurrent Mark (7.404s)
[7.404s][info][gc,marking    ] GC(280) Concurrent Mark From Roots
[7.404s][info][gc,task       ] GC(280) Using 2 workers of 2 for marking
[7.411s][info][gc,marking    ] GC(280) Concurrent Mark From Roots 6.925ms
[7.411s][info][gc,marking    ] GC(280) Concurrent Preclean
[7.412s][info][gc,marking    ] GC(280) Concurrent Preclean 0.123ms
[7.412s][info][gc,marking    ] GC(280) Concurrent Mark (7.404s, 7.412s) 7.123ms
[7.412s][info][gc,start      ] GC(280) Pause Remark
[7.413s][info][gc,stringtable] GC(280) Cleaned string and symbol table, strings: 4328 processed, 0 removed, symbols: 36588 processed, 0 removed
[7.413s][info][gc            ] GC(280) Pause Remark 932M->932M(1841M) 1.716ms
[7.413s][info][gc,cpu        ] GC(280) User=0.01s Sys=0.01s Real=0.00s
[7.413s][info][gc,marking    ] GC(280) Concurrent Rebuild Remembered Sets
[7.420s][info][gc,marking    ] GC(280) Concurrent Rebuild Remembered Sets 6.345ms
[7.420s][info][gc,start      ] GC(280) Pause Cleanup
[7.421s][info][gc            ] GC(280) Pause Cleanup 933M->933M(1841M) 0.551ms
[7.421s][info][gc,cpu        ] GC(280) User=0.00s Sys=0.00s Real=0.00s
[7.421s][info][gc,marking    ] GC(280) Concurrent Cleanup for Next Mark
[7.424s][info][gc,marking    ] GC(280) Concurrent Cleanup for Next Mark 3.290ms
[7.424s][info][gc            ] GC(280) Concurrent Cycle 19.898ms
[7.441s][info][gc,start      ] GC(281) Pause Young (Concurrent Start) (G1 Humongous Allocation)
[7.441s][info][gc,task       ] GC(281) Using 8 workers of 8 for evacuation
[7.442s][info][gc,phases     ] GC(281)   Pre Evacuate Collection Set: 0.3ms
[7.442s][info][gc,phases     ] GC(281)   Evacuate Collection Set: 1.0ms
[7.442s][info][gc,phases     ] GC(281)   Post Evacuate Collection Set: 0.1ms
[7.442s][info][gc,phases     ] GC(281)   Other: 0.3ms
[7.442s][info][gc,heap       ] GC(281) Eden regions: 4->0(702)
[7.442s][info][gc,heap       ] GC(281) Survivor regions: 1->1(89)
[7.442s][info][gc,heap       ] GC(281) Old regions: 26->26
[7.442s][info][gc,heap       ] GC(281) Humongous regions: 908->908
[7.442s][info][gc,metaspace  ] GC(281) Metaspace: 9826K->9826K(1058816K)
[7.443s][info][gc            ] GC(281) Pause Young (Concurrent Start) (G1 Humongous Allocation) 937M->933M(1841M) 1.824ms
[7.443s][info][gc,cpu        ] GC(281) User=0.01s Sys=0.00s Real=0.01s
[7.443s][info][gc            ] GC(282) Concurrent Cycle
[7.443s][info][gc,marking    ] GC(282) Concurrent Clear Claimed Marks
[7.443s][info][gc,marking    ] GC(282) Concurrent Clear Claimed Marks 0.012ms
[7.443s][info][gc,marking    ] GC(282) Concurrent Scan Root Regions
[7.443s][info][gc,marking    ] GC(282) Concurrent Scan Root Regions 0.064ms
[7.443s][info][gc,marking    ] GC(282) Concurrent Mark (7.443s)
[7.443s][info][gc,marking    ] GC(282) Concurrent Mark From Roots
[7.443s][info][gc,task       ] GC(282) Using 2 workers of 2 for marking
[7.449s][info][gc,marking    ] GC(282) Concurrent Mark From Roots 6.747ms
[7.449s][info][gc,marking    ] GC(282) Concurrent Preclean
[7.450s][info][gc,marking    ] GC(282) Concurrent Preclean 0.073ms
[7.450s][info][gc,marking    ] GC(282) Concurrent Mark (7.443s, 7.450s) 6.893ms
[7.450s][info][gc,start      ] GC(282) Pause Remark
[7.451s][info][gc,stringtable] GC(282) Cleaned string and symbol table, strings: 4328 processed, 0 removed, symbols: 36588 processed, 0 removed
[7.451s][info][gc            ] GC(282) Pause Remark 936M->936M(1841M) 1.278ms
[7.451s][info][gc,cpu        ] GC(282) User=0.00s Sys=0.00s Real=0.00s
[7.451s][info][gc,marking    ] GC(282) Concurrent Rebuild Remembered Sets
[7.456s][info][gc,marking    ] GC(282) Concurrent Rebuild Remembered Sets 4.516ms
[7.456s][info][gc,start      ] GC(282) Pause Cleanup
[7.456s][info][gc            ] GC(282) Pause Cleanup 939M->939M(1841M) 0.214ms
[7.456s][info][gc,cpu        ] GC(282) User=0.00s Sys=0.00s Real=0.00s
[7.456s][info][gc,marking    ] GC(282) Concurrent Cleanup for Next Mark
[7.459s][info][gc,marking    ] GC(282) Concurrent Cleanup for Next Mark 2.869ms
[7.459s][info][gc            ] GC(282) Concurrent Cycle 16.272ms
[7.466s][info][gc,start      ] GC(283) Pause Young (Concurrent Start) (G1 Humongous Allocation)
[7.466s][info][gc,task       ] GC(283) Using 8 workers of 8 for evacuation
[7.467s][info][gc,phases     ] GC(283)   Pre Evacuate Collection Set: 0.2ms
[7.467s][info][gc,phases     ] GC(283)   Evacuate Collection Set: 0.5ms
[7.467s][info][gc,phases     ] GC(283)   Post Evacuate Collection Set: 0.1ms
[7.467s][info][gc,phases     ] GC(283)   Other: 0.2ms
[7.467s][info][gc,heap       ] GC(283) Eden regions: 4->0(698)
[7.467s][info][gc,heap       ] GC(283) Survivor regions: 1->1(88)
[7.467s][info][gc,heap       ] GC(283) Old regions: 26->26
[7.467s][info][gc,heap       ] GC(283) Humongous regions: 912->912
[7.467s][info][gc,metaspace  ] GC(283) Metaspace: 9826K->9826K(1058816K)
[7.467s][info][gc            ] GC(283) Pause Young (Concurrent Start) (G1 Humongous Allocation) 941M->937M(1841M) 1.138ms
[7.467s][info][gc,cpu        ] GC(283) User=0.00s Sys=0.01s Real=0.00s
[7.467s][info][gc            ] GC(284) Concurrent Cycle
[7.467s][info][gc,marking    ] GC(284) Concurrent Clear Claimed Marks
[7.467s][info][gc,marking    ] GC(284) Concurrent Clear Claimed Marks 0.009ms
[7.467s][info][gc,marking    ] GC(284) Concurrent Scan Root Regions
[7.467s][info][gc,marking    ] GC(284) Concurrent Scan Root Regions 0.059ms
[7.467s][info][gc,marking    ] GC(284) Concurrent Mark (7.467s)
[7.468s][info][gc,marking    ] GC(284) Concurrent Mark From Roots
[7.468s][info][gc,task       ] GC(284) Using 2 workers of 2 for marking
[7.473s][info][gc,marking    ] GC(284) Concurrent Mark From Roots 5.522ms
[7.473s][info][gc,marking    ] GC(284) Concurrent Preclean
[7.473s][info][gc,marking    ] GC(284) Concurrent Preclean 0.083ms
[7.473s][info][gc,marking    ] GC(284) Concurrent Mark (7.467s, 7.473s) 5.664ms
[7.473s][info][gc,start      ] GC(284) Pause Remark
[7.474s][info][gc,stringtable] GC(284) Cleaned string and symbol table, strings: 4337 processed, 0 removed, symbols: 36588 processed, 0 removed
[7.475s][info][gc            ] GC(284) Pause Remark 940M->940M(1841M) 1.573ms
[7.475s][info][gc,cpu        ] GC(284) User=0.01s Sys=0.00s Real=0.00s
[7.475s][info][gc,marking    ] GC(284) Concurrent Rebuild Remembered Sets
[7.480s][info][gc,marking    ] GC(284) Concurrent Rebuild Remembered Sets 4.677ms
[7.480s][info][gc,start      ] GC(284) Pause Cleanup
[7.480s][info][gc            ] GC(284) Pause Cleanup 941M->941M(1841M) 0.215ms
[7.480s][info][gc,cpu        ] GC(284) User=0.00s Sys=0.00s Real=0.00s
[7.480s][info][gc,marking    ] GC(284) Concurrent Cleanup for Next Mark
[7.482s][info][gc,marking    ] GC(284) Concurrent Cleanup for Next Mark 2.603ms
[7.483s][info][gc            ] GC(284) Concurrent Cycle 15.152ms
[7.491s][info][gc,start      ] GC(285) Pause Young (Concurrent Start) (G1 Humongous Allocation)
[7.491s][info][gc,task       ] GC(285) Using 8 workers of 8 for evacuation
[7.493s][info][gc,phases     ] GC(285)   Pre Evacuate Collection Set: 0.2ms
[7.493s][info][gc,phases     ] GC(285)   Evacuate Collection Set: 1.0ms
[7.493s][info][gc,phases     ] GC(285)   Post Evacuate Collection Set: 0.1ms
[7.493s][info][gc,phases     ] GC(285)   Other: 0.2ms
[7.493s][info][gc,heap       ] GC(285) Eden regions: 4->0(693)
[7.493s][info][gc,heap       ] GC(285) Survivor regions: 1->1(88)
[7.493s][info][gc,heap       ] GC(285) Old regions: 26->26
[7.493s][info][gc,heap       ] GC(285) Humongous regions: 916->916
[7.493s][info][gc,metaspace  ] GC(285) Metaspace: 9826K->9826K(1058816K)
[7.493s][info][gc            ] GC(285) Pause Young (Concurrent Start) (G1 Humongous Allocation) 945M->941M(1841M) 1.684ms
[7.493s][info][gc,cpu        ] GC(285) User=0.00s Sys=0.00s Real=0.01s
[7.493s][info][gc            ] GC(286) Concurrent Cycle
[7.493s][info][gc,marking    ] GC(286) Concurrent Clear Claimed Marks
[7.493s][info][gc,marking    ] GC(286) Concurrent Clear Claimed Marks 0.009ms
[7.493s][info][gc,marking    ] GC(286) Concurrent Scan Root Regions
[7.493s][info][gc,marking    ] GC(286) Concurrent Scan Root Regions 0.071ms
[7.493s][info][gc,marking    ] GC(286) Concurrent Mark (7.493s)
[7.493s][info][gc,marking    ] GC(286) Concurrent Mark From Roots
[7.493s][info][gc,task       ] GC(286) Using 2 workers of 2 for marking
[7.498s][info][gc,marking    ] GC(286) Concurrent Mark From Roots 5.254ms
[7.498s][info][gc,marking    ] GC(286) Concurrent Preclean
[7.498s][info][gc,marking    ] GC(286) Concurrent Preclean 0.075ms
[7.498s][info][gc,marking    ] GC(286) Concurrent Mark (7.493s, 7.498s) 5.388ms
[7.498s][info][gc,start      ] GC(286) Pause Remark
[7.499s][info][gc,stringtable] GC(286) Cleaned string and symbol table, strings: 4337 processed, 0 removed, symbols: 36588 processed, 0 removed
[7.500s][info][gc            ] GC(286) Pause Remark 944M->944M(1841M) 1.307ms
[7.500s][info][gc,cpu        ] GC(286) User=0.00s Sys=0.00s Real=0.00s
[7.500s][info][gc,marking    ] GC(286) Concurrent Rebuild Remembered Sets
[7.504s][info][gc,marking    ] GC(286) Concurrent Rebuild Remembered Sets 4.557ms
[7.504s][info][gc,start      ] GC(286) Pause Cleanup
[7.505s][info][gc            ] GC(286) Pause Cleanup 947M->947M(1841M) 0.275ms
[7.505s][info][gc,cpu        ] GC(286) User=0.00s Sys=0.00s Real=0.00s
[7.505s][info][gc,marking    ] GC(286) Concurrent Cleanup for Next Mark
[7.507s][info][gc,marking    ] GC(286) Concurrent Cleanup for Next Mark 2.436ms
[7.507s][info][gc            ] GC(286) Concurrent Cycle 14.459ms
[7.515s][info][gc,start      ] GC(287) Pause Young (Concurrent Start) (G1 Humongous Allocation)
[7.515s][info][gc,task       ] GC(287) Using 8 workers of 8 for evacuation
[7.516s][info][gc,phases     ] GC(287)   Pre Evacuate Collection Set: 0.2ms
[7.516s][info][gc,phases     ] GC(287)   Evacuate Collection Set: 1.0ms
[7.516s][info][gc,phases     ] GC(287)   Post Evacuate Collection Set: 0.1ms
[7.516s][info][gc,phases     ] GC(287)   Other: 0.2ms
[7.516s][info][gc,heap       ] GC(287) Eden regions: 4->0(689)
[7.516s][info][gc,heap       ] GC(287) Survivor regions: 1->1(87)
[7.516s][info][gc,heap       ] GC(287) Old regions: 26->26
[7.516s][info][gc,heap       ] GC(287) Humongous regions: 920->920
[7.516s][info][gc,metaspace  ] GC(287) Metaspace: 9826K->9826K(1058816K)
[7.516s][info][gc            ] GC(287) Pause Young (Concurrent Start) (G1 Humongous Allocation) 949M->945M(1841M) 1.644ms
[7.516s][info][gc,cpu        ] GC(287) User=0.01s Sys=0.00s Real=0.00s
[7.516s][info][gc            ] GC(288) Concurrent Cycle
[7.516s][info][gc,marking    ] GC(288) Concurrent Clear Claimed Marks
[7.516s][info][gc,marking    ] GC(288) Concurrent Clear Claimed Marks 0.012ms
[7.516s][info][gc,marking    ] GC(288) Concurrent Scan Root Regions
[7.516s][info][gc,marking    ] GC(288) Concurrent Scan Root Regions 0.062ms
[7.516s][info][gc,marking    ] GC(288) Concurrent Mark (7.516s)
[7.516s][info][gc,marking    ] GC(288) Concurrent Mark From Roots
[7.516s][info][gc,task       ] GC(288) Using 2 workers of 2 for marking
[7.522s][info][gc,marking    ] GC(288) Concurrent Mark From Roots 5.787ms
[7.522s][info][gc,marking    ] GC(288) Concurrent Preclean
[7.522s][info][gc,marking    ] GC(288) Concurrent Preclean 0.087ms
[7.522s][info][gc,marking    ] GC(288) Concurrent Mark (7.516s, 7.522s) 5.963ms
[7.522s][info][gc,start      ] GC(288) Pause Remark
[7.524s][info][gc,stringtable] GC(288) Cleaned string and symbol table, strings: 4337 processed, 0 removed, symbols: 36588 processed, 0 removed
[7.524s][info][gc            ] GC(288) Pause Remark 948M->948M(1841M) 1.743ms
[7.524s][info][gc,cpu        ] GC(288) User=0.01s Sys=0.00s Real=0.00s
[7.524s][info][gc,marking    ] GC(288) Concurrent Rebuild Remembered Sets
[7.529s][info][gc,marking    ] GC(288) Concurrent Rebuild Remembered Sets 5.217ms
[7.530s][info][gc,start      ] GC(288) Pause Cleanup
[7.530s][info][gc            ] GC(288) Pause Cleanup 951M->951M(1841M) 0.286ms
[7.530s][info][gc,cpu        ] GC(288) User=0.00s Sys=0.00s Real=0.00s
[7.530s][info][gc,marking    ] GC(288) Concurrent Cleanup for Next Mark
[7.533s][info][gc,marking    ] GC(288) Concurrent Cleanup for Next Mark 2.603ms
[7.533s][info][gc            ] GC(288) Concurrent Cycle 16.384ms
[7.545s][info][gc,start      ] GC(289) Pause Young (Concurrent Start) (G1 Humongous Allocation)
[7.545s][info][gc,task       ] GC(289) Using 8 workers of 8 for evacuation
[7.547s][info][gc,phases     ] GC(289)   Pre Evacuate Collection Set: 0.2ms
[7.547s][info][gc,phases     ] GC(289)   Evacuate Collection Set: 1.0ms
[7.547s][info][gc,phases     ] GC(289)   Post Evacuate Collection Set: 0.1ms
[7.547s][info][gc,phases     ] GC(289)   Other: 0.3ms
[7.547s][info][gc,heap       ] GC(289) Eden regions: 4->0(685)
[7.547s][info][gc,heap       ] GC(289) Survivor regions: 1->1(87)
[7.547s][info][gc,heap       ] GC(289) Old regions: 26->26
[7.547s][info][gc,heap       ] GC(289) Humongous regions: 924->924
[7.547s][info][gc,metaspace  ] GC(289) Metaspace: 9826K->9826K(1058816K)
[7.547s][info][gc            ] GC(289) Pause Young (Concurrent Start) (G1 Humongous Allocation) 953M->949M(1841M) 1.773ms
[7.547s][info][gc,cpu        ] GC(289) User=0.01s Sys=0.00s Real=0.00s
[7.547s][info][gc            ] GC(290) Concurrent Cycle
[7.547s][info][gc,marking    ] GC(290) Concurrent Clear Claimed Marks
[7.547s][info][gc,marking    ] GC(290) Concurrent Clear Claimed Marks 0.016ms
[7.547s][info][gc,marking    ] GC(290) Concurrent Scan Root Regions
[7.547s][info][gc,marking    ] GC(290) Concurrent Scan Root Regions 0.084ms
[7.547s][info][gc,marking    ] GC(290) Concurrent Mark (7.547s)
[7.547s][info][gc,marking    ] GC(290) Concurrent Mark From Roots
[7.547s][info][gc,task       ] GC(290) Using 2 workers of 2 for marking
[7.554s][info][gc,marking    ] GC(290) Concurrent Mark From Roots 6.878ms
[7.554s][info][gc,marking    ] GC(290) Concurrent Preclean
[7.554s][info][gc,marking    ] GC(290) Concurrent Preclean 0.140ms
[7.554s][info][gc,marking    ] GC(290) Concurrent Mark (7.547s, 7.554s) 7.172ms
[7.555s][info][gc,start      ] GC(290) Pause Remark
[7.556s][info][gc,stringtable] GC(290) Cleaned string and symbol table, strings: 4337 processed, 0 removed, symbols: 36588 processed, 0 removed
[7.557s][info][gc            ] GC(290) Pause Remark 952M->952M(1841M) 2.062ms
[7.557s][info][gc,cpu        ] GC(290) User=0.01s Sys=0.00s Real=0.00s
[7.557s][info][gc,marking    ] GC(290) Concurrent Rebuild Remembered Sets
[7.564s][info][gc,marking    ] GC(290) Concurrent Rebuild Remembered Sets 7.441ms
[7.564s][info][gc,start      ] GC(290) Pause Cleanup
[7.565s][info][gc            ] GC(290) Pause Cleanup 955M->955M(1841M) 0.357ms
[7.565s][info][gc,cpu        ] GC(290) User=0.00s Sys=0.00s Real=0.00s
[7.565s][info][gc,marking    ] GC(290) Concurrent Cleanup for Next Mark
[7.567s][info][gc,marking    ] GC(290) Concurrent Cleanup for Next Mark 2.769ms
[7.568s][info][gc            ] GC(290) Concurrent Cycle 20.538ms
[7.579s][info][gc,start      ] GC(291) Pause Young (Concurrent Start) (G1 Humongous Allocation)
[7.579s][info][gc,task       ] GC(291) Using 8 workers of 8 for evacuation
[7.582s][info][gc,phases     ] GC(291)   Pre Evacuate Collection Set: 0.6ms
[7.582s][info][gc,phases     ] GC(291)   Evacuate Collection Set: 1.3ms
[7.582s][info][gc,phases     ] GC(291)   Post Evacuate Collection Set: 0.2ms
[7.582s][info][gc,phases     ] GC(291)   Other: 0.5ms
[7.582s][info][gc,heap       ] GC(291) Eden regions: 4->0(681)
[7.582s][info][gc,heap       ] GC(291) Survivor regions: 1->1(86)
[7.582s][info][gc,heap       ] GC(291) Old regions: 26->26
[7.582s][info][gc,heap       ] GC(291) Humongous regions: 928->928
[7.582s][info][gc,metaspace  ] GC(291) Metaspace: 9826K->9826K(1058816K)
[7.582s][info][gc            ] GC(291) Pause Young (Concurrent Start) (G1 Humongous Allocation) 957M->953M(1841M) 2.719ms
[7.582s][info][gc,cpu        ] GC(291) User=0.01s Sys=0.00s Real=0.01s
[7.582s][info][gc            ] GC(292) Concurrent Cycle
[7.582s][info][gc,marking    ] GC(292) Concurrent Clear Claimed Marks
[7.582s][info][gc,marking    ] GC(292) Concurrent Clear Claimed Marks 0.015ms
[7.582s][info][gc,marking    ] GC(292) Concurrent Scan Root Regions
[7.582s][info][gc,marking    ] GC(292) Concurrent Scan Root Regions 0.073ms
[7.582s][info][gc,marking    ] GC(292) Concurrent Mark (7.582s)
[7.582s][info][gc,marking    ] GC(292) Concurrent Mark From Roots
[7.582s][info][gc,task       ] GC(292) Using 2 workers of 2 for marking
[7.591s][info][gc,marking    ] GC(292) Concurrent Mark From Roots 8.484ms
[7.591s][info][gc,marking    ] GC(292) Concurrent Preclean
[7.591s][info][gc,marking    ] GC(292) Concurrent Preclean 0.139ms
[7.591s][info][gc,marking    ] GC(292) Concurrent Mark (7.582s, 7.591s) 8.705ms
[7.591s][info][gc,start      ] GC(292) Pause Remark
[7.593s][info][gc,stringtable] GC(292) Cleaned string and symbol table, strings: 4337 processed, 0 removed, symbols: 36588 processed, 0 removed
[7.594s][info][gc            ] GC(292) Pause Remark 956M->956M(1841M) 2.552ms
[7.594s][info][gc,cpu        ] GC(292) User=0.01s Sys=0.00s Real=0.01s
[7.594s][info][gc,marking    ] GC(292) Concurrent Rebuild Remembered Sets
[7.601s][info][gc,marking    ] GC(292) Concurrent Rebuild Remembered Sets 7.048ms
[7.601s][info][gc,start      ] GC(292) Pause Cleanup
[7.601s][info][gc            ] GC(292) Pause Cleanup 959M->959M(1841M) 0.252ms
[7.601s][info][gc,cpu        ] GC(292) User=0.00s Sys=0.00s Real=0.00s
[7.601s][info][gc,marking    ] GC(292) Concurrent Cleanup for Next Mark
[7.604s][info][gc,marking    ] GC(292) Concurrent Cleanup for Next Mark 2.701ms
[7.604s][info][gc            ] GC(292) Concurrent Cycle 21.938ms
[7.614s][info][gc,start      ] GC(293) Pause Young (Concurrent Start) (G1 Humongous Allocation)
[7.615s][info][gc,task       ] GC(293) Using 8 workers of 8 for evacuation
[7.616s][info][gc,phases     ] GC(293)   Pre Evacuate Collection Set: 0.3ms
[7.616s][info][gc,phases     ] GC(293)   Evacuate Collection Set: 1.0ms
[7.616s][info][gc,phases     ] GC(293)   Post Evacuate Collection Set: 0.1ms
[7.616s][info][gc,phases     ] GC(293)   Other: 0.3ms
[7.616s][info][gc,heap       ] GC(293) Eden regions: 4->0(677)
[7.616s][info][gc,heap       ] GC(293) Survivor regions: 1->1(86)
[7.616s][info][gc,heap       ] GC(293) Old regions: 26->26
[7.616s][info][gc,heap       ] GC(293) Humongous regions: 932->932
[7.616s][info][gc,metaspace  ] GC(293) Metaspace: 9826K->9826K(1058816K)
[7.616s][info][gc            ] GC(293) Pause Young (Concurrent Start) (G1 Humongous Allocation) 961M->957M(1841M) 1.831ms
[7.616s][info][gc,cpu        ] GC(293) User=0.00s Sys=0.00s Real=0.00s
[7.616s][info][gc            ] GC(294) Concurrent Cycle
[7.616s][info][gc,marking    ] GC(294) Concurrent Clear Claimed Marks
[7.616s][info][gc,marking    ] GC(294) Concurrent Clear Claimed Marks 0.018ms
[7.616s][info][gc,marking    ] GC(294) Concurrent Scan Root Regions
[7.617s][info][gc,marking    ] GC(294) Concurrent Scan Root Regions 0.159ms
[7.617s][info][gc,marking    ] GC(294) Concurrent Mark (7.617s)
[7.617s][info][gc,marking    ] GC(294) Concurrent Mark From Roots
[7.617s][info][gc,task       ] GC(294) Using 2 workers of 2 for marking
[7.625s][info][gc,marking    ] GC(294) Concurrent Mark From Roots 8.210ms
[7.625s][info][gc,marking    ] GC(294) Concurrent Preclean
[7.625s][info][gc,marking    ] GC(294) Concurrent Preclean 0.121ms
[7.625s][info][gc,marking    ] GC(294) Concurrent Mark (7.617s, 7.625s) 8.422ms
[7.625s][info][gc,start      ] GC(294) Pause Remark
[7.627s][info][gc,stringtable] GC(294) Cleaned string and symbol table, strings: 4337 processed, 0 removed, symbols: 36588 processed, 0 removed
[7.627s][info][gc            ] GC(294) Pause Remark 960M->960M(1841M) 1.843ms
[7.627s][info][gc,cpu        ] GC(294) User=0.00s Sys=0.00s Real=0.00s
[7.627s][info][gc,marking    ] GC(294) Concurrent Rebuild Remembered Sets
[7.635s][info][gc,marking    ] GC(294) Concurrent Rebuild Remembered Sets 8.154ms
[7.635s][info][gc,start      ] GC(294) Pause Cleanup
[7.636s][info][gc            ] GC(294) Pause Cleanup 961M->961M(1841M) 0.311ms
[7.636s][info][gc,cpu        ] GC(294) User=0.01s Sys=0.00s Real=0.00s
[7.636s][info][gc,marking    ] GC(294) Concurrent Cleanup for Next Mark
[7.639s][info][gc,marking    ] GC(294) Concurrent Cleanup for Next Mark 2.828ms
[7.639s][info][gc            ] GC(294) Concurrent Cycle 22.280ms
[7.649s][info][gc,start      ] GC(295) Pause Young (Concurrent Start) (G1 Humongous Allocation)
[7.649s][info][gc,task       ] GC(295) Using 8 workers of 8 for evacuation
[7.651s][info][gc,phases     ] GC(295)   Pre Evacuate Collection Set: 0.3ms
[7.651s][info][gc,phases     ] GC(295)   Evacuate Collection Set: 1.1ms
[7.651s][info][gc,phases     ] GC(295)   Post Evacuate Collection Set: 0.2ms
[7.651s][info][gc,phases     ] GC(295)   Other: 0.3ms
[7.651s][info][gc,heap       ] GC(295) Eden regions: 4->0(673)
[7.651s][info][gc,heap       ] GC(295) Survivor regions: 1->1(85)
[7.651s][info][gc,heap       ] GC(295) Old regions: 26->26
[7.651s][info][gc,heap       ] GC(295) Humongous regions: 936->936
[7.651s][info][gc,metaspace  ] GC(295) Metaspace: 9826K->9826K(1058816K)
[7.651s][info][gc            ] GC(295) Pause Young (Concurrent Start) (G1 Humongous Allocation) 965M->961M(1841M) 2.045ms
[7.652s][info][gc,cpu        ] GC(295) User=0.01s Sys=0.00s Real=0.01s
[7.652s][info][gc            ] GC(296) Concurrent Cycle
[7.652s][info][gc,marking    ] GC(296) Concurrent Clear Claimed Marks
[7.652s][info][gc,marking    ] GC(296) Concurrent Clear Claimed Marks 0.036ms
[7.652s][info][gc,marking    ] GC(296) Concurrent Scan Root Regions
[7.652s][info][gc,marking    ] GC(296) Concurrent Scan Root Regions 0.076ms
[7.652s][info][gc,marking    ] GC(296) Concurrent Mark (7.652s)
[7.652s][info][gc,marking    ] GC(296) Concurrent Mark From Roots
[7.652s][info][gc,task       ] GC(296) Using 2 workers of 2 for marking
[7.659s][info][gc,marking    ] GC(296) Concurrent Mark From Roots 7.440ms
[7.659s][info][gc,marking    ] GC(296) Concurrent Preclean
[7.659s][info][gc,marking    ] GC(296) Concurrent Preclean 0.141ms
[7.659s][info][gc,marking    ] GC(296) Concurrent Mark (7.652s, 7.659s) 7.660ms
[7.660s][info][gc,start      ] GC(296) Pause Remark
[7.661s][info][gc,stringtable] GC(296) Cleaned string and symbol table, strings: 4337 processed, 0 removed, symbols: 36588 processed, 0 removed
[7.661s][info][gc            ] GC(296) Pause Remark 964M->964M(1841M) 1.725ms
[7.661s][info][gc,cpu        ] GC(296) User=0.01s Sys=0.00s Real=0.01s
[7.661s][info][gc,marking    ] GC(296) Concurrent Rebuild Remembered Sets
[7.669s][info][gc,marking    ] GC(296) Concurrent Rebuild Remembered Sets 7.219ms
[7.669s][info][gc,start      ] GC(296) Pause Cleanup
[7.669s][info][gc            ] GC(296) Pause Cleanup 967M->967M(1841M) 0.224ms
[7.669s][info][gc,cpu        ] GC(296) User=0.00s Sys=0.00s Real=0.00s
[7.669s][info][gc,marking    ] GC(296) Concurrent Cleanup for Next Mark
[7.672s][info][gc,marking    ] GC(296) Concurrent Cleanup for Next Mark 2.497ms
[7.672s][info][gc            ] GC(296) Concurrent Cycle 20.034ms
[7.679s][info][gc,start      ] GC(297) Pause Young (Concurrent Start) (G1 Humongous Allocation)
[7.679s][info][gc,task       ] GC(297) Using 8 workers of 8 for evacuation
[7.681s][info][gc,phases     ] GC(297)   Pre Evacuate Collection Set: 0.3ms
[7.681s][info][gc,phases     ] GC(297)   Evacuate Collection Set: 1.2ms
[7.681s][info][gc,phases     ] GC(297)   Post Evacuate Collection Set: 0.2ms
[7.681s][info][gc,phases     ] GC(297)   Other: 0.3ms
[7.681s][info][gc,heap       ] GC(297) Eden regions: 4->0(669)
[7.681s][info][gc,heap       ] GC(297) Survivor regions: 1->1(85)
[7.681s][info][gc,heap       ] GC(297) Old regions: 26->26
[7.681s][info][gc,heap       ] GC(297) Humongous regions: 940->940
[7.681s][info][gc,metaspace  ] GC(297) Metaspace: 9826K->9826K(1058816K)
[7.681s][info][gc            ] GC(297) Pause Young (Concurrent Start) (G1 Humongous Allocation) 969M->965M(1841M) 2.087ms
[7.681s][info][gc,cpu        ] GC(297) User=0.01s Sys=0.00s Real=0.00s
[7.681s][info][gc            ] GC(298) Concurrent Cycle
[7.681s][info][gc,marking    ] GC(298) Concurrent Clear Claimed Marks
[7.681s][info][gc,marking    ] GC(298) Concurrent Clear Claimed Marks 0.019ms
[7.681s][info][gc,marking    ] GC(298) Concurrent Scan Root Regions
[7.681s][info][gc,marking    ] GC(298) Concurrent Scan Root Regions 0.090ms
[7.681s][info][gc,marking    ] GC(298) Concurrent Mark (7.681s)
[7.681s][info][gc,marking    ] GC(298) Concurrent Mark From Roots
[7.681s][info][gc,task       ] GC(298) Using 2 workers of 2 for marking
[7.689s][info][gc,marking    ] GC(298) Concurrent Mark From Roots 8.301ms
[7.689s][info][gc,marking    ] GC(298) Concurrent Preclean
[7.690s][info][gc,marking    ] GC(298) Concurrent Preclean 0.154ms
[7.690s][info][gc,marking    ] GC(298) Concurrent Mark (7.681s, 7.690s) 8.530ms
[7.690s][info][gc,start      ] GC(298) Pause Remark
[7.691s][info][gc,stringtable] GC(298) Cleaned string and symbol table, strings: 4337 processed, 0 removed, symbols: 36588 processed, 0 removed
[7.692s][info][gc            ] GC(298) Pause Remark 968M->968M(1841M) 2.084ms
[7.692s][info][gc,cpu        ] GC(298) User=0.01s Sys=0.00s Real=0.01s
[7.692s][info][gc,marking    ] GC(298) Concurrent Rebuild Remembered Sets
[7.699s][info][gc,marking    ] GC(298) Concurrent Rebuild Remembered Sets 7.300ms
[7.699s][info][gc,start      ] GC(298) Pause Cleanup
[7.700s][info][gc            ] GC(298) Pause Cleanup 971M->971M(1841M) 0.341ms
[7.700s][info][gc,cpu        ] GC(298) User=0.00s Sys=0.00s Real=0.00s
[7.700s][info][gc,marking    ] GC(298) Concurrent Cleanup for Next Mark
[7.703s][info][gc,marking    ] GC(298) Concurrent Cleanup for Next Mark 2.749ms
[7.703s][info][gc            ] GC(298) Concurrent Cycle 21.709ms
[7.712s][info][gc,start      ] GC(299) Pause Young (Concurrent Start) (G1 Humongous Allocation)
[7.712s][info][gc,task       ] GC(299) Using 8 workers of 8 for evacuation
[7.714s][info][gc,phases     ] GC(299)   Pre Evacuate Collection Set: 0.4ms
[7.715s][info][gc,phases     ] GC(299)   Evacuate Collection Set: 1.4ms
[7.715s][info][gc,phases     ] GC(299)   Post Evacuate Collection Set: 0.2ms
[7.715s][info][gc,phases     ] GC(299)   Other: 0.4ms
[7.715s][info][gc,heap       ] GC(299) Eden regions: 4->0(665)
[7.715s][info][gc,heap       ] GC(299) Survivor regions: 1->1(84)
[7.715s][info][gc,heap       ] GC(299) Old regions: 26->26
[7.715s][info][gc,heap       ] GC(299) Humongous regions: 944->944
[7.715s][info][gc,metaspace  ] GC(299) Metaspace: 9826K->9826K(1058816K)
[7.715s][info][gc            ] GC(299) Pause Young (Concurrent Start) (G1 Humongous Allocation) 973M->969M(1841M) 2.585ms
[7.715s][info][gc,cpu        ] GC(299) User=0.01s Sys=0.00s Real=0.00s
[7.715s][info][gc            ] GC(300) Concurrent Cycle
[7.715s][info][gc,marking    ] GC(300) Concurrent Clear Claimed Marks
[7.715s][info][gc,marking    ] GC(300) Concurrent Clear Claimed Marks 0.018ms
[7.715s][info][gc,marking    ] GC(300) Concurrent Scan Root Regions
[7.715s][info][gc,marking    ] GC(300) Concurrent Scan Root Regions 0.112ms
[7.715s][info][gc,marking    ] GC(300) Concurrent Mark (7.715s)
[7.715s][info][gc,marking    ] GC(300) Concurrent Mark From Roots
[7.715s][info][gc,task       ] GC(300) Using 2 workers of 2 for marking
[7.723s][info][gc,marking    ] GC(300) Concurrent Mark From Roots 8.432ms
[7.723s][info][gc,marking    ] GC(300) Concurrent Preclean
[7.724s][info][gc,marking    ] GC(300) Concurrent Preclean 0.132ms
[7.724s][info][gc,marking    ] GC(300) Concurrent Mark (7.715s, 7.724s) 8.647ms
[7.724s][info][gc,start      ] GC(300) Pause Remark
[7.726s][info][gc,stringtable] GC(300) Cleaned string and symbol table, strings: 4337 processed, 0 removed, symbols: 36588 processed, 0 removed
[7.727s][info][gc            ] GC(300) Pause Remark 972M->972M(1841M) 2.881ms
[7.727s][info][gc,cpu        ] GC(300) User=0.01s Sys=0.00s Real=0.00s
[7.727s][info][gc,marking    ] GC(300) Concurrent Rebuild Remembered Sets
[7.734s][info][gc,marking    ] GC(300) Concurrent Rebuild Remembered Sets 7.657ms
[7.734s][info][gc,start      ] GC(300) Pause Cleanup
[7.735s][info][gc            ] GC(300) Pause Cleanup 975M->975M(1841M) 0.585ms
[7.735s][info][gc,cpu        ] GC(300) User=0.00s Sys=0.00s Real=0.00s
[7.735s][info][gc,marking    ] GC(300) Concurrent Cleanup for Next Mark
[7.738s][info][gc,marking    ] GC(300) Concurrent Cleanup for Next Mark 2.721ms
[7.738s][info][gc            ] GC(300) Concurrent Cycle 23.317ms
[7.754s][info][gc,start      ] GC(301) Pause Young (Concurrent Start) (G1 Humongous Allocation)
[7.754s][info][gc,task       ] GC(301) Using 8 workers of 8 for evacuation
[7.759s][info][gc,phases     ] GC(301)   Pre Evacuate Collection Set: 0.5ms
[7.759s][info][gc,phases     ] GC(301)   Evacuate Collection Set: 3.7ms
[7.759s][info][gc,phases     ] GC(301)   Post Evacuate Collection Set: 0.2ms
[7.759s][info][gc,phases     ] GC(301)   Other: 0.4ms
[7.759s][info][gc,heap       ] GC(301) Eden regions: 4->0(661)
[7.759s][info][gc,heap       ] GC(301) Survivor regions: 1->1(84)
[7.759s][info][gc,heap       ] GC(301) Old regions: 26->26
[7.759s][info][gc,heap       ] GC(301) Humongous regions: 948->948
[7.759s][info][gc,metaspace  ] GC(301) Metaspace: 9826K->9826K(1058816K)
[7.759s][info][gc            ] GC(301) Pause Young (Concurrent Start) (G1 Humongous Allocation) 977M->973M(1841M) 4.921ms
[7.759s][info][gc,cpu        ] GC(301) User=0.01s Sys=0.00s Real=0.00s
[7.759s][info][gc            ] GC(302) Concurrent Cycle
[7.759s][info][gc,marking    ] GC(302) Concurrent Clear Claimed Marks
[7.759s][info][gc,marking    ] GC(302) Concurrent Clear Claimed Marks 0.024ms
[7.759s][info][gc,marking    ] GC(302) Concurrent Scan Root Regions
[7.759s][info][gc,marking    ] GC(302) Concurrent Scan Root Regions 0.107ms
[7.759s][info][gc,marking    ] GC(302) Concurrent Mark (7.759s)
[7.759s][info][gc,marking    ] GC(302) Concurrent Mark From Roots
[7.759s][info][gc,task       ] GC(302) Using 2 workers of 2 for marking
[7.768s][info][gc,marking    ] GC(302) Concurrent Mark From Roots 8.650ms
[7.768s][info][gc,marking    ] GC(302) Concurrent Preclean
[7.768s][info][gc,marking    ] GC(302) Concurrent Preclean 0.135ms
[7.768s][info][gc,marking    ] GC(302) Concurrent Mark (7.759s, 7.768s) 8.869ms
[7.768s][info][gc,start      ] GC(302) Pause Remark
[7.771s][info][gc,stringtable] GC(302) Cleaned string and symbol table, strings: 4337 processed, 0 removed, symbols: 36588 processed, 0 removed
[7.771s][info][gc            ] GC(302) Pause Remark 976M->976M(1841M) 2.745ms
[7.771s][info][gc,cpu        ] GC(302) User=0.00s Sys=0.00s Real=0.00s
[7.771s][info][gc,marking    ] GC(302) Concurrent Rebuild Remembered Sets
[7.779s][info][gc,marking    ] GC(302) Concurrent Rebuild Remembered Sets 8.119ms
[7.779s][info][gc,start      ] GC(302) Pause Cleanup
[7.780s][info][gc            ] GC(302) Pause Cleanup 976M->976M(1841M) 0.302ms
[7.780s][info][gc,cpu        ] GC(302) User=0.00s Sys=0.00s Real=0.00s
[7.780s][info][gc,marking    ] GC(302) Concurrent Cleanup for Next Mark
[7.783s][info][gc,marking    ] GC(302) Concurrent Cleanup for Next Mark 3.622ms
[7.783s][info][gc            ] GC(302) Concurrent Cycle 24.370ms
[7.791s][info][gc,start      ] GC(303) Pause Young (Concurrent Start) (G1 Humongous Allocation)
[7.791s][info][gc,task       ] GC(303) Using 8 workers of 8 for evacuation
[7.796s][info][gc,phases     ] GC(303)   Pre Evacuate Collection Set: 0.4ms
[7.796s][info][gc,phases     ] GC(303)   Evacuate Collection Set: 4.1ms
[7.796s][info][gc,phases     ] GC(303)   Post Evacuate Collection Set: 0.2ms
[7.796s][info][gc,phases     ] GC(303)   Other: 0.3ms
[7.796s][info][gc,heap       ] GC(303) Eden regions: 2->0(659)
[7.796s][info][gc,heap       ] GC(303) Survivor regions: 1->1(83)
[7.796s][info][gc,heap       ] GC(303) Old regions: 26->26
[7.796s][info][gc,heap       ] GC(303) Humongous regions: 950->950
[7.796s][info][gc,metaspace  ] GC(303) Metaspace: 9826K->9826K(1058816K)
[7.797s][info][gc            ] GC(303) Pause Young (Concurrent Start) (G1 Humongous Allocation) 977M->975M(1841M) 5.222ms
[7.797s][info][gc,cpu        ] GC(303) User=0.00s Sys=0.00s Real=0.00s
[7.797s][info][gc            ] GC(304) Concurrent Cycle
[7.797s][info][gc,marking    ] GC(304) Concurrent Clear Claimed Marks
[7.797s][info][gc,marking    ] GC(304) Concurrent Clear Claimed Marks 0.021ms
[7.797s][info][gc,marking    ] GC(304) Concurrent Scan Root Regions
[7.797s][info][gc,marking    ] GC(304) Concurrent Scan Root Regions 0.088ms
[7.797s][info][gc,marking    ] GC(304) Concurrent Mark (7.797s)
[7.797s][info][gc,marking    ] GC(304) Concurrent Mark From Roots
[7.797s][info][gc,task       ] GC(304) Using 2 workers of 2 for marking
[7.805s][info][gc,marking    ] GC(304) Concurrent Mark From Roots 8.443ms
[7.805s][info][gc,marking    ] GC(304) Concurrent Preclean
[7.806s][info][gc,marking    ] GC(304) Concurrent Preclean 0.259ms
[7.806s][info][gc,marking    ] GC(304) Concurrent Mark (7.797s, 7.806s) 8.859ms
[7.806s][info][gc,start      ] GC(304) Pause Remark
[7.808s][info][gc,stringtable] GC(304) Cleaned string and symbol table, strings: 4337 processed, 0 removed, symbols: 36588 processed, 0 removed
[7.808s][info][gc            ] GC(304) Pause Remark 978M->978M(1841M) 2.162ms
[7.808s][info][gc,cpu        ] GC(304) User=0.01s Sys=0.00s Real=0.00s
[7.808s][info][gc,marking    ] GC(304) Concurrent Rebuild Remembered Sets
[7.816s][info][gc,marking    ] GC(304) Concurrent Rebuild Remembered Sets 7.864ms
[7.816s][info][gc,start      ] GC(304) Pause Cleanup
[7.816s][info][gc            ] GC(304) Pause Cleanup 979M->979M(1841M) 0.217ms
[7.816s][info][gc,cpu        ] GC(304) User=0.00s Sys=0.00s Real=0.00s
[7.816s][info][gc,marking    ] GC(304) Concurrent Cleanup for Next Mark
[7.819s][info][gc,marking    ] GC(304) Concurrent Cleanup for Next Mark 3.045ms
[7.819s][info][gc            ] GC(304) Concurrent Cycle 22.839ms
[7.841s][info][gc,start      ] GC(305) Pause Young (Concurrent Start) (G1 Humongous Allocation)
[7.841s][info][gc,task       ] GC(305) Using 8 workers of 8 for evacuation
[7.844s][info][gc,phases     ] GC(305)   Pre Evacuate Collection Set: 0.3ms
[7.844s][info][gc,phases     ] GC(305)   Evacuate Collection Set: 2.2ms
[7.844s][info][gc,phases     ] GC(305)   Post Evacuate Collection Set: 0.2ms
[7.844s][info][gc,phases     ] GC(305)   Other: 0.5ms
[7.844s][info][gc,heap       ] GC(305) Eden regions: 4->0(656)
[7.844s][info][gc,heap       ] GC(305) Survivor regions: 1->1(83)
[7.844s][info][gc,heap       ] GC(305) Old regions: 26->26
[7.844s][info][gc,heap       ] GC(305) Humongous regions: 954->954
[7.844s][info][gc,metaspace  ] GC(305) Metaspace: 9834K->9834K(1058816K)
[7.844s][info][gc            ] GC(305) Pause Young (Concurrent Start) (G1 Humongous Allocation) 983M->979M(1841M) 3.360ms
[7.844s][info][gc,cpu        ] GC(305) User=0.01s Sys=0.00s Real=0.01s
[7.845s][info][gc            ] GC(306) Concurrent Cycle
[7.845s][info][gc,marking    ] GC(306) Concurrent Clear Claimed Marks
[7.845s][info][gc,marking    ] GC(306) Concurrent Clear Claimed Marks 0.024ms
[7.845s][info][gc,marking    ] GC(306) Concurrent Scan Root Regions
[7.845s][info][gc,marking    ] GC(306) Concurrent Scan Root Regions 0.148ms
[7.845s][info][gc,marking    ] GC(306) Concurrent Mark (7.845s)
[7.845s][info][gc,marking    ] GC(306) Concurrent Mark From Roots
[7.845s][info][gc,task       ] GC(306) Using 2 workers of 2 for marking
[7.854s][info][gc,marking    ] GC(306) Concurrent Mark From Roots 8.805ms
[7.854s][info][gc,marking    ] GC(306) Concurrent Preclean
[7.854s][info][gc,marking    ] GC(306) Concurrent Preclean 0.137ms
[7.854s][info][gc,marking    ] GC(306) Concurrent Mark (7.845s, 7.854s) 9.034ms
[7.854s][info][gc,start      ] GC(306) Pause Remark
[7.855s][info][gc,stringtable] GC(306) Cleaned string and symbol table, strings: 4338 processed, 0 removed, symbols: 36588 processed, 0 removed
[7.855s][info][gc            ] GC(306) Pause Remark 982M->982M(1841M) 1.407ms
[7.855s][info][gc,cpu        ] GC(306) User=0.01s Sys=0.00s Real=0.00s
[7.855s][info][gc,marking    ] GC(306) Concurrent Rebuild Remembered Sets
[7.863s][info][gc,marking    ] GC(306) Concurrent Rebuild Remembered Sets 7.397ms
[7.863s][info][gc,start      ] GC(306) Pause Cleanup
[7.863s][info][gc            ] GC(306) Pause Cleanup 982M->982M(1841M) 0.261ms
[7.863s][info][gc,cpu        ] GC(306) User=0.00s Sys=0.00s Real=0.00s
[7.863s][info][gc,marking    ] GC(306) Concurrent Cleanup for Next Mark
[7.866s][info][gc,marking    ] GC(306) Concurrent Cleanup for Next Mark 2.859ms
[7.866s][info][gc            ] GC(306) Concurrent Cycle 21.678ms
[7.867s][info][gc,start      ] GC(307) Pause Young (Concurrent Start) (G1 Humongous Allocation)
[7.867s][info][gc,task       ] GC(307) Using 8 workers of 8 for evacuation
[7.869s][info][gc,phases     ] GC(307)   Pre Evacuate Collection Set: 0.4ms
[7.869s][info][gc,phases     ] GC(307)   Evacuate Collection Set: 1.2ms
[7.869s][info][gc,phases     ] GC(307)   Post Evacuate Collection Set: 0.2ms
[7.869s][info][gc,phases     ] GC(307)   Other: 0.3ms
[7.869s][info][gc,heap       ] GC(307) Eden regions: 2->0(654)
[7.869s][info][gc,heap       ] GC(307) Survivor regions: 1->1(83)
[7.869s][info][gc,heap       ] GC(307) Old regions: 26->26
[7.869s][info][gc,heap       ] GC(307) Humongous regions: 956->956
[7.869s][info][gc,metaspace  ] GC(307) Metaspace: 9834K->9834K(1058816K)
[7.870s][info][gc            ] GC(307) Pause Young (Concurrent Start) (G1 Humongous Allocation) 983M->981M(1841M) 2.100ms
[7.870s][info][gc,cpu        ] GC(307) User=0.00s Sys=0.00s Real=0.00s
[7.870s][info][gc            ] GC(308) Concurrent Cycle
[7.870s][info][gc,marking    ] GC(308) Concurrent Clear Claimed Marks
[7.870s][info][gc,marking    ] GC(308) Concurrent Clear Claimed Marks 0.018ms
[7.870s][info][gc,marking    ] GC(308) Concurrent Scan Root Regions
[7.870s][info][gc,marking    ] GC(308) Concurrent Scan Root Regions 0.087ms
[7.870s][info][gc,marking    ] GC(308) Concurrent Mark (7.870s)
[7.870s][info][gc,marking    ] GC(308) Concurrent Mark From Roots
[7.870s][info][gc,task       ] GC(308) Using 2 workers of 2 for marking
[7.878s][info][gc,marking    ] GC(308) Concurrent Mark From Roots 8.644ms
[7.878s][info][gc,marking    ] GC(308) Concurrent Preclean
[7.879s][info][gc,marking    ] GC(308) Concurrent Preclean 0.127ms
[7.879s][info][gc,marking    ] GC(308) Concurrent Mark (7.870s, 7.879s) 8.854ms
[7.879s][info][gc,start      ] GC(308) Pause Remark
[7.879s][info][gc,stringtable] GC(308) Cleaned string and symbol table, strings: 4338 processed, 0 removed, symbols: 36588 processed, 0 removed
[7.880s][info][gc            ] GC(308) Pause Remark 984M->984M(1841M) 1.008ms
[7.880s][info][gc,cpu        ] GC(308) User=0.00s Sys=0.00s Real=0.00s
[7.880s][info][gc,marking    ] GC(308) Concurrent Rebuild Remembered Sets
[7.887s][info][gc,marking    ] GC(308) Concurrent Rebuild Remembered Sets 7.366ms
[7.888s][info][gc,start      ] GC(308) Pause Cleanup
[7.888s][info][gc            ] GC(308) Pause Cleanup 987M->987M(1841M) 0.246ms
[7.888s][info][gc,cpu        ] GC(308) User=0.00s Sys=0.00s Real=0.00s
[7.888s][info][gc,marking    ] GC(308) Concurrent Cleanup for Next Mark
[7.891s][info][gc,marking    ] GC(308) Concurrent Cleanup for Next Mark 2.727ms
[7.891s][info][gc            ] GC(308) Concurrent Cycle 21.424ms
[7.899s][info][gc,start      ] GC(309) Pause Young (Concurrent Start) (G1 Humongous Allocation)
[7.899s][info][gc,task       ] GC(309) Using 8 workers of 8 for evacuation
[7.901s][info][gc,phases     ] GC(309)   Pre Evacuate Collection Set: 0.3ms
[7.901s][info][gc,phases     ] GC(309)   Evacuate Collection Set: 0.6ms
[7.901s][info][gc,phases     ] GC(309)   Post Evacuate Collection Set: 0.1ms
[7.901s][info][gc,phases     ] GC(309)   Other: 0.3ms
[7.901s][info][gc,heap       ] GC(309) Eden regions: 4->0(650)
[7.901s][info][gc,heap       ] GC(309) Survivor regions: 1->1(82)
[7.901s][info][gc,heap       ] GC(309) Old regions: 26->26
[7.901s][info][gc,heap       ] GC(309) Humongous regions: 960->960
[7.901s][info][gc,metaspace  ] GC(309) Metaspace: 9834K->9834K(1058816K)
[7.901s][info][gc            ] GC(309) Pause Young (Concurrent Start) (G1 Humongous Allocation) 989M->985M(1841M) 1.331ms
[7.901s][info][gc,cpu        ] GC(309) User=0.01s Sys=0.00s Real=0.00s
[7.901s][info][gc            ] GC(310) Concurrent Cycle
[7.901s][info][gc,marking    ] GC(310) Concurrent Clear Claimed Marks
[7.901s][info][gc,marking    ] GC(310) Concurrent Clear Claimed Marks 0.015ms
[7.901s][info][gc,marking    ] GC(310) Concurrent Scan Root Regions
[7.901s][info][gc,marking    ] GC(310) Concurrent Scan Root Regions 0.058ms
[7.901s][info][gc,marking    ] GC(310) Concurrent Mark (7.901s)
[7.901s][info][gc,marking    ] GC(310) Concurrent Mark From Roots
[7.901s][info][gc,task       ] GC(310) Using 2 workers of 2 for marking
[7.909s][info][gc,marking    ] GC(310) Concurrent Mark From Roots 7.520ms
[7.909s][info][gc,marking    ] GC(310) Concurrent Preclean
[7.909s][info][gc,marking    ] GC(310) Concurrent Preclean 0.118ms
[7.909s][info][gc,marking    ] GC(310) Concurrent Mark (7.901s, 7.909s) 7.716ms
[7.909s][info][gc,start      ] GC(310) Pause Remark
[7.910s][info][gc,stringtable] GC(310) Cleaned string and symbol table, strings: 4338 processed, 0 removed, symbols: 36588 processed, 0 removed
[7.910s][info][gc            ] GC(310) Pause Remark 989M->989M(1841M) 1.234ms
[7.910s][info][gc,cpu        ] GC(310) User=0.00s Sys=0.00s Real=0.00s
[7.910s][info][gc,marking    ] GC(310) Concurrent Rebuild Remembered Sets
[7.915s][info][gc,marking    ] GC(310) Concurrent Rebuild Remembered Sets 4.709ms
[7.915s][info][gc,start      ] GC(310) Pause Cleanup
[7.915s][info][gc            ] GC(310) Pause Cleanup 991M->991M(1841M) 0.266ms
[7.916s][info][gc,cpu        ] GC(310) User=0.00s Sys=0.00s Real=0.00s
[7.916s][info][gc,marking    ] GC(310) Concurrent Cleanup for Next Mark
[7.918s][info][gc,marking    ] GC(310) Concurrent Cleanup for Next Mark 2.468ms
[7.918s][info][gc            ] GC(310) Concurrent Cycle 17.241ms
[7.926s][info][gc,start      ] GC(311) Pause Young (Concurrent Start) (G1 Humongous Allocation)
[7.926s][info][gc,task       ] GC(311) Using 8 workers of 8 for evacuation
[7.928s][info][gc,phases     ] GC(311)   Pre Evacuate Collection Set: 0.4ms
[7.928s][info][gc,phases     ] GC(311)   Evacuate Collection Set: 1.0ms
[7.928s][info][gc,phases     ] GC(311)   Post Evacuate Collection Set: 0.2ms
[7.928s][info][gc,phases     ] GC(311)   Other: 0.4ms
[7.928s][info][gc,heap       ] GC(311) Eden regions: 4->0(646)
[7.928s][info][gc,heap       ] GC(311) Survivor regions: 1->1(82)
[7.928s][info][gc,heap       ] GC(311) Old regions: 26->26
[7.928s][info][gc,heap       ] GC(311) Humongous regions: 964->964
[7.928s][info][gc,metaspace  ] GC(311) Metaspace: 9834K->9834K(1058816K)
[7.928s][info][gc            ] GC(311) Pause Young (Concurrent Start) (G1 Humongous Allocation) 993M->989M(1841M) 2.115ms
[7.928s][info][gc,cpu        ] GC(311) User=0.01s Sys=0.01s Real=0.00s
[7.928s][info][gc            ] GC(312) Concurrent Cycle
[7.928s][info][gc,marking    ] GC(312) Concurrent Clear Claimed Marks
[7.928s][info][gc,marking    ] GC(312) Concurrent Clear Claimed Marks 0.016ms
[7.928s][info][gc,marking    ] GC(312) Concurrent Scan Root Regions
[7.928s][info][gc,marking    ] GC(312) Concurrent Scan Root Regions 0.080ms
[7.928s][info][gc,marking    ] GC(312) Concurrent Mark (7.928s)
[7.928s][info][gc,marking    ] GC(312) Concurrent Mark From Roots
[7.928s][info][gc,task       ] GC(312) Using 2 workers of 2 for marking
[7.936s][info][gc,marking    ] GC(312) Concurrent Mark From Roots 7.988ms
[7.936s][info][gc,marking    ] GC(312) Concurrent Preclean
[7.936s][info][gc,marking    ] GC(312) Concurrent Preclean 0.132ms
[7.936s][info][gc,marking    ] GC(312) Concurrent Mark (7.928s, 7.936s) 8.192ms
[7.937s][info][gc,start      ] GC(312) Pause Remark
[7.938s][info][gc,stringtable] GC(312) Cleaned string and symbol table, strings: 4338 processed, 0 removed, symbols: 36588 processed, 0 removed
[7.938s][info][gc            ] GC(312) Pause Remark 992M->992M(1841M) 1.725ms
[7.938s][info][gc,cpu        ] GC(312) User=0.01s Sys=0.00s Real=0.00s
[7.938s][info][gc,marking    ] GC(312) Concurrent Rebuild Remembered Sets
[7.946s][info][gc,marking    ] GC(312) Concurrent Rebuild Remembered Sets 7.462ms
[7.946s][info][gc,start      ] GC(312) Pause Cleanup
[7.946s][info][gc            ] GC(312) Pause Cleanup 993M->993M(1841M) 0.293ms
[7.946s][info][gc,cpu        ] GC(312) User=0.00s Sys=0.00s Real=0.00s
[7.946s][info][gc,marking    ] GC(312) Concurrent Cleanup for Next Mark
[7.949s][info][gc,marking    ] GC(312) Concurrent Cleanup for Next Mark 2.968ms
[7.950s][info][gc            ] GC(312) Concurrent Cycle 21.449ms
[7.965s][info][gc,start      ] GC(313) Pause Young (Concurrent Start) (G1 Humongous Allocation)
[7.965s][info][gc,task       ] GC(313) Using 8 workers of 8 for evacuation
[7.967s][info][gc,phases     ] GC(313)   Pre Evacuate Collection Set: 0.3ms
[7.967s][info][gc,phases     ] GC(313)   Evacuate Collection Set: 1.1ms
[7.967s][info][gc,phases     ] GC(313)   Post Evacuate Collection Set: 0.3ms
[7.967s][info][gc,phases     ] GC(313)   Other: 0.4ms
[7.967s][info][gc,heap       ] GC(313) Eden regions: 4->0(643)
[7.967s][info][gc,heap       ] GC(313) Survivor regions: 1->1(81)
[7.967s][info][gc,heap       ] GC(313) Old regions: 26->26
[7.967s][info][gc,heap       ] GC(313) Humongous regions: 968->968
[7.967s][info][gc,metaspace  ] GC(313) Metaspace: 9834K->9834K(1058816K)
[7.967s][info][gc            ] GC(313) Pause Young (Concurrent Start) (G1 Humongous Allocation) 997M->993M(1841M) 2.691ms
[7.967s][info][gc,cpu        ] GC(313) User=0.01s Sys=0.00s Real=0.00s
[7.967s][info][gc            ] GC(314) Concurrent Cycle
[7.967s][info][gc,marking    ] GC(314) Concurrent Clear Claimed Marks
[7.967s][info][gc,marking    ] GC(314) Concurrent Clear Claimed Marks 0.018ms
[7.967s][info][gc,marking    ] GC(314) Concurrent Scan Root Regions
[7.968s][info][gc,marking    ] GC(314) Concurrent Scan Root Regions 0.118ms
[7.968s][info][gc,marking    ] GC(314) Concurrent Mark (7.968s)
[7.968s][info][gc,marking    ] GC(314) Concurrent Mark From Roots
[7.968s][info][gc,task       ] GC(314) Using 2 workers of 2 for marking
[7.976s][info][gc,marking    ] GC(314) Concurrent Mark From Roots 8.261ms
[7.976s][info][gc,marking    ] GC(314) Concurrent Preclean
[7.976s][info][gc,marking    ] GC(314) Concurrent Preclean 0.128ms
[7.976s][info][gc,marking    ] GC(314) Concurrent Mark (7.968s, 7.976s) 8.502ms
[7.976s][info][gc,start      ] GC(314) Pause Remark
[7.977s][info][gc,stringtable] GC(314) Cleaned string and symbol table, strings: 4338 processed, 0 removed, symbols: 36588 processed, 0 removed
[7.978s][info][gc            ] GC(314) Pause Remark 996M->996M(1841M) 1.546ms
[7.978s][info][gc,cpu        ] GC(314) User=0.01s Sys=0.00s Real=0.00s
[7.978s][info][gc,marking    ] GC(314) Concurrent Rebuild Remembered Sets
[7.985s][info][gc,marking    ] GC(314) Concurrent Rebuild Remembered Sets 6.913ms
[7.985s][info][gc,start      ] GC(314) Pause Cleanup
[7.985s][info][gc            ] GC(314) Pause Cleanup 997M->997M(1841M) 0.311ms
[7.985s][info][gc,cpu        ] GC(314) User=0.00s Sys=0.00s Real=0.00s
[7.985s][info][gc,marking    ] GC(314) Concurrent Cleanup for Next Mark
[7.988s][info][gc,marking    ] GC(314) Concurrent Cleanup for Next Mark 3.209ms
[7.989s][info][gc            ] GC(314) Concurrent Cycle 21.102ms
[8.004s][info][gc,start      ] GC(315) Pause Young (Concurrent Start) (G1 Humongous Allocation)
[8.004s][info][gc,task       ] GC(315) Using 8 workers of 8 for evacuation
[8.006s][info][gc,phases     ] GC(315)   Pre Evacuate Collection Set: 0.4ms
[8.006s][info][gc,phases     ] GC(315)   Evacuate Collection Set: 1.4ms
[8.006s][info][gc,phases     ] GC(315)   Post Evacuate Collection Set: 0.2ms
[8.006s][info][gc,phases     ] GC(315)   Other: 0.4ms
[8.006s][info][gc,heap       ] GC(315) Eden regions: 4->0(639)
[8.006s][info][gc,heap       ] GC(315) Survivor regions: 1->1(81)
[8.006s][info][gc,heap       ] GC(315) Old regions: 26->26
[8.006s][info][gc,heap       ] GC(315) Humongous regions: 972->972
[8.006s][info][gc,metaspace  ] GC(315) Metaspace: 9834K->9834K(1058816K)
[8.006s][info][gc            ] GC(315) Pause Young (Concurrent Start) (G1 Humongous Allocation) 1001M->997M(1841M) 2.509ms
[8.007s][info][gc,cpu        ] GC(315) User=0.00s Sys=0.00s Real=0.00s
[8.007s][info][gc            ] GC(316) Concurrent Cycle
[8.007s][info][gc,marking    ] GC(316) Concurrent Clear Claimed Marks
[8.007s][info][gc,marking    ] GC(316) Concurrent Clear Claimed Marks 0.016ms
[8.007s][info][gc,marking    ] GC(316) Concurrent Scan Root Regions
[8.007s][info][gc,marking    ] GC(316) Concurrent Scan Root Regions 0.085ms
[8.007s][info][gc,marking    ] GC(316) Concurrent Mark (8.007s)
[8.007s][info][gc,marking    ] GC(316) Concurrent Mark From Roots
[8.007s][info][gc,task       ] GC(316) Using 2 workers of 2 for marking
[8.019s][info][gc,marking    ] GC(316) Concurrent Mark From Roots 12.462ms
[8.019s][info][gc,marking    ] GC(316) Concurrent Preclean
[8.019s][info][gc,marking    ] GC(316) Concurrent Preclean 0.147ms
[8.019s][info][gc,marking    ] GC(316) Concurrent Mark (8.007s, 8.019s) 12.719ms
[8.020s][info][gc,start      ] GC(316) Pause Remark
[8.021s][info][gc,stringtable] GC(316) Cleaned string and symbol table, strings: 4338 processed, 0 removed, symbols: 36588 processed, 0 removed
[8.022s][info][gc            ] GC(316) Pause Remark 1000M->1000M(1841M) 2.125ms
[8.022s][info][gc,cpu        ] GC(316) User=0.01s Sys=0.00s Real=0.01s
[8.022s][info][gc,marking    ] GC(316) Concurrent Rebuild Remembered Sets
[8.030s][info][gc,marking    ] GC(316) Concurrent Rebuild Remembered Sets 7.716ms
[8.030s][info][gc,start      ] GC(316) Pause Cleanup
[8.030s][info][gc            ] GC(316) Pause Cleanup 1001M->1001M(1841M) 0.266ms
[8.030s][info][gc,cpu        ] GC(316) User=0.00s Sys=0.00s Real=0.00s
[8.030s][info][gc,marking    ] GC(316) Concurrent Cleanup for Next Mark
[8.033s][info][gc,marking    ] GC(316) Concurrent Cleanup for Next Mark 3.100ms
[8.033s][info][gc            ] GC(316) Concurrent Cycle 26.608ms
[8.036s][info][gc,start      ] GC(317) Pause Young (Concurrent Start) (G1 Humongous Allocation)
[8.036s][info][gc,task       ] GC(317) Using 8 workers of 8 for evacuation
[8.038s][info][gc,phases     ] GC(317)   Pre Evacuate Collection Set: 0.3ms
[8.038s][info][gc,phases     ] GC(317)   Evacuate Collection Set: 1.0ms
[8.038s][info][gc,phases     ] GC(317)   Post Evacuate Collection Set: 0.2ms
[8.038s][info][gc,phases     ] GC(317)   Other: 0.3ms
[8.038s][info][gc,heap       ] GC(317) Eden regions: 2->0(637)
[8.038s][info][gc,heap       ] GC(317) Survivor regions: 1->1(80)
[8.038s][info][gc,heap       ] GC(317) Old regions: 26->26
[8.038s][info][gc,heap       ] GC(317) Humongous regions: 974->974
[8.038s][info][gc,metaspace  ] GC(317) Metaspace: 9834K->9834K(1058816K)
[8.038s][info][gc            ] GC(317) Pause Young (Concurrent Start) (G1 Humongous Allocation) 1001M->999M(1841M) 1.908ms
[8.038s][info][gc,cpu        ] GC(317) User=0.00s Sys=0.00s Real=0.00s
[8.038s][info][gc            ] GC(318) Concurrent Cycle
[8.038s][info][gc,marking    ] GC(318) Concurrent Clear Claimed Marks
[8.038s][info][gc,marking    ] GC(318) Concurrent Clear Claimed Marks 0.015ms
[8.038s][info][gc,marking    ] GC(318) Concurrent Scan Root Regions
[8.038s][info][gc,marking    ] GC(318) Concurrent Scan Root Regions 0.080ms
[8.038s][info][gc,marking    ] GC(318) Concurrent Mark (8.038s)
[8.038s][info][gc,marking    ] GC(318) Concurrent Mark From Roots
[8.038s][info][gc,task       ] GC(318) Using 2 workers of 2 for marking
[8.048s][info][gc,marking    ] GC(318) Concurrent Mark From Roots 9.839ms
[8.048s][info][gc,marking    ] GC(318) Concurrent Preclean
[8.048s][info][gc,marking    ] GC(318) Concurrent Preclean 0.149ms
[8.048s][info][gc,marking    ] GC(318) Concurrent Mark (8.038s, 8.048s) 10.082ms
[8.049s][info][gc,start      ] GC(318) Pause Remark
[8.051s][info][gc,stringtable] GC(318) Cleaned string and symbol table, strings: 4338 processed, 0 removed, symbols: 36588 processed, 0 removed
[8.051s][info][gc            ] GC(318) Pause Remark 1002M->1002M(1841M) 2.684ms
[8.051s][info][gc,cpu        ] GC(318) User=0.00s Sys=0.00s Real=0.01s
[8.051s][info][gc,marking    ] GC(318) Concurrent Rebuild Remembered Sets
[8.060s][info][gc,marking    ] GC(318) Concurrent Rebuild Remembered Sets 8.193ms
[8.060s][info][gc,start      ] GC(318) Pause Cleanup
[8.060s][info][gc            ] GC(318) Pause Cleanup 1003M->1003M(1841M) 0.524ms
[8.060s][info][gc,cpu        ] GC(318) User=0.00s Sys=0.00s Real=0.00s
[8.060s][info][gc,marking    ] GC(318) Concurrent Cleanup for Next Mark
[8.063s][info][gc,marking    ] GC(318) Concurrent Cleanup for Next Mark 2.832ms
[8.063s][info][gc            ] GC(318) Concurrent Cycle 25.068ms
[8.067s][info][gc,start      ] GC(319) Pause Young (Concurrent Start) (G1 Humongous Allocation)
[8.067s][info][gc,task       ] GC(319) Using 8 workers of 8 for evacuation
[8.069s][info][gc,phases     ] GC(319)   Pre Evacuate Collection Set: 0.3ms
[8.069s][info][gc,phases     ] GC(319)   Evacuate Collection Set: 0.9ms
[8.069s][info][gc,phases     ] GC(319)   Post Evacuate Collection Set: 0.2ms
[8.069s][info][gc,phases     ] GC(319)   Other: 0.3ms
[8.069s][info][gc,heap       ] GC(319) Eden regions: 2->0(636)
[8.069s][info][gc,heap       ] GC(319) Survivor regions: 1->1(80)
[8.069s][info][gc,heap       ] GC(319) Old regions: 26->26
[8.069s][info][gc,heap       ] GC(319) Humongous regions: 976->976
[8.069s][info][gc,metaspace  ] GC(319) Metaspace: 9834K->9834K(1058816K)
[8.069s][info][gc            ] GC(319) Pause Young (Concurrent Start) (G1 Humongous Allocation) 1003M->1001M(1841M) 1.766ms
[8.069s][info][gc,cpu        ] GC(319) User=0.01s Sys=0.00s Real=0.00s
[8.069s][info][gc            ] GC(320) Concurrent Cycle
[8.069s][info][gc,marking    ] GC(320) Concurrent Clear Claimed Marks
[8.069s][info][gc,marking    ] GC(320) Concurrent Clear Claimed Marks 0.057ms
[8.069s][info][gc,marking    ] GC(320) Concurrent Scan Root Regions
[8.070s][info][gc,marking    ] GC(320) Concurrent Scan Root Regions 0.289ms
[8.070s][info][gc,marking    ] GC(320) Concurrent Mark (8.070s)
[8.070s][info][gc,marking    ] GC(320) Concurrent Mark From Roots
[8.070s][info][gc,task       ] GC(320) Using 2 workers of 2 for marking
[8.077s][info][gc,marking    ] GC(320) Concurrent Mark From Roots 7.298ms
[8.077s][info][gc,marking    ] GC(320) Concurrent Preclean
[8.077s][info][gc,marking    ] GC(320) Concurrent Preclean 0.099ms
[8.077s][info][gc,marking    ] GC(320) Concurrent Mark (8.070s, 8.077s) 7.512ms
[8.077s][info][gc,start      ] GC(320) Pause Remark
[8.078s][info][gc,stringtable] GC(320) Cleaned string and symbol table, strings: 4338 processed, 0 removed, symbols: 36588 processed, 0 removed
[8.079s][info][gc            ] GC(320) Pause Remark 1004M->1004M(1841M) 1.249ms
[8.079s][info][gc,cpu        ] GC(320) User=0.00s Sys=0.00s Real=0.00s
[8.079s][info][gc,marking    ] GC(320) Concurrent Rebuild Remembered Sets
[8.084s][info][gc,marking    ] GC(320) Concurrent Rebuild Remembered Sets 5.740ms
[8.085s][info][gc,start      ] GC(320) Pause Cleanup
[8.085s][info][gc            ] GC(320) Pause Cleanup 1005M->1005M(1841M) 0.288ms
[8.085s][info][gc,cpu        ] GC(320) User=0.00s Sys=0.00s Real=0.00s
[8.085s][info][gc,marking    ] GC(320) Concurrent Cleanup for Next Mark
[8.088s][info][gc,marking    ] GC(320) Concurrent Cleanup for Next Mark 3.012ms
[8.088s][info][gc            ] GC(320) Concurrent Cycle 18.755ms
[8.100s][info][gc,start      ] GC(321) Pause Young (Concurrent Start) (G1 Humongous Allocation)
[8.100s][info][gc,task       ] GC(321) Using 8 workers of 8 for evacuation
[8.102s][info][gc,phases     ] GC(321)   Pre Evacuate Collection Set: 0.3ms
[8.102s][info][gc,phases     ] GC(321)   Evacuate Collection Set: 0.9ms
[8.102s][info][gc,phases     ] GC(321)   Post Evacuate Collection Set: 0.4ms
[8.102s][info][gc,phases     ] GC(321)   Other: 0.4ms
[8.102s][info][gc,heap       ] GC(321) Eden regions: 4->0(632)
[8.102s][info][gc,heap       ] GC(321) Survivor regions: 1->1(80)
[8.102s][info][gc,heap       ] GC(321) Old regions: 26->26
[8.102s][info][gc,heap       ] GC(321) Humongous regions: 980->980
[8.102s][info][gc,metaspace  ] GC(321) Metaspace: 9834K->9834K(1058816K)
[8.102s][info][gc            ] GC(321) Pause Young (Concurrent Start) (G1 Humongous Allocation) 1009M->1005M(1841M) 2.154ms
[8.102s][info][gc,cpu        ] GC(321) User=0.00s Sys=0.00s Real=0.01s
[8.102s][info][gc            ] GC(322) Concurrent Cycle
[8.102s][info][gc,marking    ] GC(322) Concurrent Clear Claimed Marks
[8.102s][info][gc,marking    ] GC(322) Concurrent Clear Claimed Marks 0.044ms
[8.102s][info][gc,marking    ] GC(322) Concurrent Scan Root Regions
[8.102s][info][gc,marking    ] GC(322) Concurrent Scan Root Regions 0.183ms
[8.103s][info][gc,marking    ] GC(322) Concurrent Mark (8.103s)
[8.103s][info][gc,marking    ] GC(322) Concurrent Mark From Roots
[8.103s][info][gc,task       ] GC(322) Using 2 workers of 2 for marking
[8.109s][info][gc,marking    ] GC(322) Concurrent Mark From Roots 5.935ms
[8.109s][info][gc,marking    ] GC(322) Concurrent Preclean
[8.109s][info][gc,marking    ] GC(322) Concurrent Preclean 0.094ms
[8.109s][info][gc,marking    ] GC(322) Concurrent Mark (8.103s, 8.109s) 6.216ms
[8.109s][info][gc,start      ] GC(322) Pause Remark
[8.110s][info][gc,stringtable] GC(322) Cleaned string and symbol table, strings: 4338 processed, 0 removed, symbols: 36588 processed, 0 removed
[8.111s][info][gc            ] GC(322) Pause Remark 1008M->1008M(1841M) 1.683ms
[8.111s][info][gc,cpu        ] GC(322) User=0.01s Sys=0.00s Real=0.00s
[8.111s][info][gc,marking    ] GC(322) Concurrent Rebuild Remembered Sets
[8.116s][info][gc,marking    ] GC(322) Concurrent Rebuild Remembered Sets 4.965ms
[8.116s][info][gc,start      ] GC(322) Pause Cleanup
[8.116s][info][gc            ] GC(322) Pause Cleanup 1009M->1009M(1841M) 0.322ms
[8.116s][info][gc,cpu        ] GC(322) User=0.01s Sys=0.00s Real=0.00s
[8.116s][info][gc,marking    ] GC(322) Concurrent Cleanup for Next Mark
[8.119s][info][gc,marking    ] GC(322) Concurrent Cleanup for Next Mark 2.491ms
[8.119s][info][gc            ] GC(322) Concurrent Cycle 16.694ms
[8.129s][info][gc,start      ] GC(323) Pause Young (Concurrent Start) (G1 Humongous Allocation)
[8.129s][info][gc,task       ] GC(323) Using 8 workers of 8 for evacuation
[8.131s][info][gc,phases     ] GC(323)   Pre Evacuate Collection Set: 0.3ms
[8.131s][info][gc,phases     ] GC(323)   Evacuate Collection Set: 1.1ms
[8.131s][info][gc,phases     ] GC(323)   Post Evacuate Collection Set: 0.1ms
[8.131s][info][gc,phases     ] GC(323)   Other: 0.3ms
[8.131s][info][gc,heap       ] GC(323) Eden regions: 4->0(628)
[8.131s][info][gc,heap       ] GC(323) Survivor regions: 1->1(80)
[8.131s][info][gc,heap       ] GC(323) Old regions: 26->26
[8.131s][info][gc,heap       ] GC(323) Humongous regions: 984->984
[8.131s][info][gc,metaspace  ] GC(323) Metaspace: 9834K->9834K(1058816K)
[8.131s][info][gc            ] GC(323) Pause Young (Concurrent Start) (G1 Humongous Allocation) 1013M->1009M(1841M) 1.925ms
[8.131s][info][gc,cpu        ] GC(323) User=0.01s Sys=0.00s Real=0.01s
[8.131s][info][gc            ] GC(324) Concurrent Cycle
[8.131s][info][gc,marking    ] GC(324) Concurrent Clear Claimed Marks
[8.131s][info][gc,marking    ] GC(324) Concurrent Clear Claimed Marks 0.018ms
[8.131s][info][gc,marking    ] GC(324) Concurrent Scan Root Regions
[8.131s][info][gc,marking    ] GC(324) Concurrent Scan Root Regions 0.064ms
[8.131s][info][gc,marking    ] GC(324) Concurrent Mark (8.131s)
[8.131s][info][gc,marking    ] GC(324) Concurrent Mark From Roots
[8.131s][info][gc,task       ] GC(324) Using 2 workers of 2 for marking
[8.138s][info][gc,marking    ] GC(324) Concurrent Mark From Roots 6.088ms
[8.138s][info][gc,marking    ] GC(324) Concurrent Preclean
[8.138s][info][gc,marking    ] GC(324) Concurrent Preclean 0.090ms
[8.138s][info][gc,marking    ] GC(324) Concurrent Mark (8.131s, 8.138s) 6.250ms
[8.138s][info][gc,start      ] GC(324) Pause Remark
[8.139s][info][gc,stringtable] GC(324) Cleaned string and symbol table, strings: 4338 processed, 0 removed, symbols: 36588 processed, 0 removed
[8.140s][info][gc            ] GC(324) Pause Remark 1012M->1012M(1841M) 1.701ms
[8.140s][info][gc,cpu        ] GC(324) User=0.00s Sys=0.00s Real=0.00s
[8.140s][info][gc,marking    ] GC(324) Concurrent Rebuild Remembered Sets
[8.146s][info][gc,marking    ] GC(324) Concurrent Rebuild Remembered Sets 6.200ms
[8.146s][info][gc,start      ] GC(324) Pause Cleanup
[8.146s][info][gc            ] GC(324) Pause Cleanup 1013M->1013M(1841M) 0.321ms
[8.146s][info][gc,cpu        ] GC(324) User=0.00s Sys=0.00s Real=0.00s
[8.146s][info][gc,marking    ] GC(324) Concurrent Cleanup for Next Mark
[8.150s][info][gc,marking    ] GC(324) Concurrent Cleanup for Next Mark 3.273ms
[8.150s][info][gc            ] GC(324) Concurrent Cycle 18.334ms
[8.151s][info][gc,start      ] GC(325) Pause Young (Concurrent Start) (G1 Humongous Allocation)
[8.151s][info][gc,task       ] GC(325) Using 8 workers of 8 for evacuation
[8.153s][info][gc,phases     ] GC(325)   Pre Evacuate Collection Set: 0.3ms
[8.153s][info][gc,phases     ] GC(325)   Evacuate Collection Set: 1.2ms
[8.153s][info][gc,phases     ] GC(325)   Post Evacuate Collection Set: 0.2ms
[8.153s][info][gc,phases     ] GC(325)   Other: 0.3ms
[8.153s][info][gc,heap       ] GC(325) Eden regions: 2->0(627)
[8.153s][info][gc,heap       ] GC(325) Survivor regions: 1->1(79)
[8.153s][info][gc,heap       ] GC(325) Old regions: 26->26
[8.153s][info][gc,heap       ] GC(325) Humongous regions: 986->986
[8.153s][info][gc,metaspace  ] GC(325) Metaspace: 9834K->9834K(1058816K)
[8.153s][info][gc            ] GC(325) Pause Young (Concurrent Start) (G1 Humongous Allocation) 1013M->1011M(1841M) 2.064ms
[8.153s][info][gc,cpu        ] GC(325) User=0.01s Sys=0.00s Real=0.01s
[8.153s][info][gc            ] GC(326) Concurrent Cycle
[8.153s][info][gc,marking    ] GC(326) Concurrent Clear Claimed Marks
[8.153s][info][gc,marking    ] GC(326) Concurrent Clear Claimed Marks 0.060ms
[8.153s][info][gc,marking    ] GC(326) Concurrent Scan Root Regions
[8.153s][info][gc,marking    ] GC(326) Concurrent Scan Root Regions 0.137ms
[8.153s][info][gc,marking    ] GC(326) Concurrent Mark (8.153s)
[8.153s][info][gc,marking    ] GC(326) Concurrent Mark From Roots
[8.154s][info][gc,task       ] GC(326) Using 2 workers of 2 for marking
[8.161s][info][gc,marking    ] GC(326) Concurrent Mark From Roots 7.212ms
[8.161s][info][gc,marking    ] GC(326) Concurrent Preclean
[8.161s][info][gc,marking    ] GC(326) Concurrent Preclean 0.088ms
[8.161s][info][gc,marking    ] GC(326) Concurrent Mark (8.153s, 8.161s) 7.412ms
[8.161s][info][gc,start      ] GC(326) Pause Remark
[8.163s][info][gc,stringtable] GC(326) Cleaned string and symbol table, strings: 4338 processed, 0 removed, symbols: 36588 processed, 0 removed
[8.163s][info][gc            ] GC(326) Pause Remark 1015M->1015M(1841M) 1.930ms
[8.163s][info][gc,cpu        ] GC(326) User=0.00s Sys=0.00s Real=0.01s
[8.163s][info][gc,marking    ] GC(326) Concurrent Rebuild Remembered Sets
[8.169s][info][gc,marking    ] GC(326) Concurrent Rebuild Remembered Sets 6.330ms
[8.170s][info][gc,start      ] GC(326) Pause Cleanup
[8.171s][info][gc            ] GC(326) Pause Cleanup 1017M->1017M(1841M) 0.302ms
[8.171s][info][gc,cpu        ] GC(326) User=0.00s Sys=0.00s Real=0.00s
[8.171s][info][gc,marking    ] GC(326) Concurrent Cleanup for Next Mark
[8.174s][info][gc,marking    ] GC(326) Concurrent Cleanup for Next Mark 2.718ms
[8.174s][info][gc            ] GC(326) Concurrent Cycle 20.479ms
[8.183s][info][gc,start      ] GC(327) Pause Young (Concurrent Start) (G1 Humongous Allocation)
[8.183s][info][gc,task       ] GC(327) Using 8 workers of 8 for evacuation
[8.186s][info][gc,phases     ] GC(327)   Pre Evacuate Collection Set: 0.3ms
[8.186s][info][gc,phases     ] GC(327)   Evacuate Collection Set: 1.4ms
[8.186s][info][gc,phases     ] GC(327)   Post Evacuate Collection Set: 0.5ms
[8.186s][info][gc,phases     ] GC(327)   Other: 0.3ms
[8.186s][info][gc,heap       ] GC(327) Eden regions: 4->0(623)
[8.186s][info][gc,heap       ] GC(327) Survivor regions: 1->1(79)
[8.186s][info][gc,heap       ] GC(327) Old regions: 26->26
[8.186s][info][gc,heap       ] GC(327) Humongous regions: 990->990
[8.186s][info][gc,metaspace  ] GC(327) Metaspace: 9834K->9834K(1058816K)
[8.186s][info][gc            ] GC(327) Pause Young (Concurrent Start) (G1 Humongous Allocation) 1019M->1015M(1841M) 3.073ms
[8.187s][info][gc,cpu        ] GC(327) User=0.01s Sys=0.00s Real=0.00s
[8.187s][info][gc            ] GC(328) Concurrent Cycle
[8.187s][info][gc,marking    ] GC(328) Concurrent Clear Claimed Marks
[8.187s][info][gc,marking    ] GC(328) Concurrent Clear Claimed Marks 0.018ms
[8.187s][info][gc,marking    ] GC(328) Concurrent Scan Root Regions
[8.187s][info][gc,marking    ] GC(328) Concurrent Scan Root Regions 0.074ms
[8.187s][info][gc,marking    ] GC(328) Concurrent Mark (8.187s)
[8.187s][info][gc,marking    ] GC(328) Concurrent Mark From Roots
[8.187s][info][gc,task       ] GC(328) Using 2 workers of 2 for marking
[8.192s][info][gc,marking    ] GC(328) Concurrent Mark From Roots 5.284ms
[8.192s][info][gc,marking    ] GC(328) Concurrent Preclean
[8.192s][info][gc,marking    ] GC(328) Concurrent Preclean 0.082ms
[8.192s][info][gc,marking    ] GC(328) Concurrent Mark (8.187s, 8.192s) 5.425ms
[8.192s][info][gc,start      ] GC(328) Pause Remark
[8.194s][info][gc,stringtable] GC(328) Cleaned string and symbol table, strings: 4338 processed, 0 removed, symbols: 36588 processed, 0 removed
[8.194s][info][gc            ] GC(328) Pause Remark 1018M->1018M(1841M) 1.653ms
[8.194s][info][gc,cpu        ] GC(328) User=0.01s Sys=0.00s Real=0.00s
[8.194s][info][gc,marking    ] GC(328) Concurrent Rebuild Remembered Sets
[8.200s][info][gc,marking    ] GC(328) Concurrent Rebuild Remembered Sets 6.163ms
[8.200s][info][gc,start      ] GC(328) Pause Cleanup
[8.201s][info][gc            ] GC(328) Pause Cleanup 1019M->1019M(1841M) 0.247ms
[8.201s][info][gc,cpu        ] GC(328) User=0.00s Sys=0.00s Real=0.00s
[8.201s][info][gc,marking    ] GC(328) Concurrent Cleanup for Next Mark
[8.204s][info][gc,marking    ] GC(328) Concurrent Cleanup for Next Mark 2.877ms
[8.204s][info][gc            ] GC(328) Concurrent Cycle 16.928ms
[8.215s][info][gc,start      ] GC(329) Pause Young (Concurrent Start) (G1 Humongous Allocation)
[8.215s][info][gc,task       ] GC(329) Using 8 workers of 8 for evacuation
[8.217s][info][gc,phases     ] GC(329)   Pre Evacuate Collection Set: 0.3ms
[8.217s][info][gc,phases     ] GC(329)   Evacuate Collection Set: 1.1ms
[8.217s][info][gc,phases     ] GC(329)   Post Evacuate Collection Set: 0.2ms
[8.217s][info][gc,phases     ] GC(329)   Other: 0.2ms
[8.217s][info][gc,heap       ] GC(329) Eden regions: 4->0(619)
[8.217s][info][gc,heap       ] GC(329) Survivor regions: 1->1(78)
[8.217s][info][gc,heap       ] GC(329) Old regions: 26->26
[8.217s][info][gc,heap       ] GC(329) Humongous regions: 994->994
[8.217s][info][gc,metaspace  ] GC(329) Metaspace: 9834K->9834K(1058816K)
[8.217s][info][gc            ] GC(329) Pause Young (Concurrent Start) (G1 Humongous Allocation) 1023M->1019M(1841M) 2.073ms
[8.217s][info][gc,cpu        ] GC(329) User=0.00s Sys=0.00s Real=0.00s
[8.217s][info][gc            ] GC(330) Concurrent Cycle
[8.217s][info][gc,marking    ] GC(330) Concurrent Clear Claimed Marks
[8.217s][info][gc,marking    ] GC(330) Concurrent Clear Claimed Marks 0.017ms
[8.217s][info][gc,marking    ] GC(330) Concurrent Scan Root Regions
[8.218s][info][gc,marking    ] GC(330) Concurrent Scan Root Regions 0.070ms
[8.218s][info][gc,marking    ] GC(330) Concurrent Mark (8.218s)
[8.218s][info][gc,marking    ] GC(330) Concurrent Mark From Roots
[8.218s][info][gc,task       ] GC(330) Using 2 workers of 2 for marking
[8.224s][info][gc,marking    ] GC(330) Concurrent Mark From Roots 6.661ms
[8.224s][info][gc,marking    ] GC(330) Concurrent Preclean
[8.224s][info][gc,marking    ] GC(330) Concurrent Preclean 0.081ms
[8.224s][info][gc,marking    ] GC(330) Concurrent Mark (8.218s, 8.224s) 6.805ms
[8.224s][info][gc,start      ] GC(330) Pause Remark
[8.226s][info][gc,stringtable] GC(330) Cleaned string and symbol table, strings: 4338 processed, 0 removed, symbols: 36588 processed, 0 removed
[8.226s][info][gc            ] GC(330) Pause Remark 1022M->1022M(1841M) 1.736ms
[8.226s][info][gc,cpu        ] GC(330) User=0.01s Sys=0.00s Real=0.00s
[8.226s][info][gc,marking    ] GC(330) Concurrent Rebuild Remembered Sets
[8.232s][info][gc,marking    ] GC(330) Concurrent Rebuild Remembered Sets 5.409ms
[8.232s][info][gc,start      ] GC(330) Pause Cleanup
[8.232s][info][gc            ] GC(330) Pause Cleanup 1023M->1023M(1841M) 0.302ms
[8.232s][info][gc,cpu        ] GC(330) User=0.01s Sys=0.00s Real=0.00s
[8.232s][info][gc,marking    ] GC(330) Concurrent Cleanup for Next Mark
[8.235s][info][gc,marking    ] GC(330) Concurrent Cleanup for Next Mark 2.784ms
[8.235s][info][gc            ] GC(330) Concurrent Cycle 17.857ms
[8.248s][info][gc,start      ] GC(331) Pause Young (Concurrent Start) (G1 Humongous Allocation)
[8.248s][info][gc,task       ] GC(331) Using 8 workers of 8 for evacuation
[8.250s][info][gc,phases     ] GC(331)   Pre Evacuate Collection Set: 0.3ms
[8.250s][info][gc,phases     ] GC(331)   Evacuate Collection Set: 1.1ms
[8.250s][info][gc,phases     ] GC(331)   Post Evacuate Collection Set: 0.1ms
[8.250s][info][gc,phases     ] GC(331)   Other: 0.2ms
[8.250s][info][gc,heap       ] GC(331) Eden regions: 4->0(616)
[8.250s][info][gc,heap       ] GC(331) Survivor regions: 1->1(78)
[8.250s][info][gc,heap       ] GC(331) Old regions: 26->26
[8.250s][info][gc,heap       ] GC(331) Humongous regions: 998->998
[8.250s][info][gc,metaspace  ] GC(331) Metaspace: 9834K->9834K(1058816K)
[8.250s][info][gc            ] GC(331) Pause Young (Concurrent Start) (G1 Humongous Allocation) 1027M->1023M(1841M) 1.770ms
[8.250s][info][gc,cpu        ] GC(331) User=0.01s Sys=0.00s Real=0.00s
[8.250s][info][gc            ] GC(332) Concurrent Cycle
[8.250s][info][gc,marking    ] GC(332) Concurrent Clear Claimed Marks
[8.250s][info][gc,marking    ] GC(332) Concurrent Clear Claimed Marks 0.014ms
[8.250s][info][gc,marking    ] GC(332) Concurrent Scan Root Regions
[8.250s][info][gc,marking    ] GC(332) Concurrent Scan Root Regions 0.057ms
[8.250s][info][gc,marking    ] GC(332) Concurrent Mark (8.250s)
[8.250s][info][gc,marking    ] GC(332) Concurrent Mark From Roots
[8.250s][info][gc,task       ] GC(332) Using 2 workers of 2 for marking
[8.257s][info][gc,marking    ] GC(332) Concurrent Mark From Roots 6.922ms
[8.257s][info][gc,marking    ] GC(332) Concurrent Preclean
[8.257s][info][gc,marking    ] GC(332) Concurrent Preclean 0.082ms
[8.257s][info][gc,marking    ] GC(332) Concurrent Mark (8.250s, 8.257s) 7.064ms
[8.257s][info][gc,start      ] GC(332) Pause Remark
[8.259s][info][gc,stringtable] GC(332) Cleaned string and symbol table, strings: 4338 processed, 0 removed, symbols: 36588 processed, 0 removed
[8.259s][info][gc            ] GC(332) Pause Remark 1026M->1026M(1841M) 1.580ms
[8.259s][info][gc,cpu        ] GC(332) User=0.01s Sys=0.00s Real=0.00s
[8.259s][info][gc,marking    ] GC(332) Concurrent Rebuild Remembered Sets
[8.264s][info][gc,marking    ] GC(332) Concurrent Rebuild Remembered Sets 5.407ms
[8.264s][info][gc,start      ] GC(332) Pause Cleanup
[8.265s][info][gc            ] GC(332) Pause Cleanup 1027M->1027M(1841M) 0.303ms
[8.265s][info][gc,cpu        ] GC(332) User=0.00s Sys=0.00s Real=0.00s
[8.265s][info][gc,marking    ] GC(332) Concurrent Cleanup for Next Mark
[8.267s][info][gc,marking    ] GC(332) Concurrent Cleanup for Next Mark 2.687ms
[8.267s][info][gc            ] GC(332) Concurrent Cycle 17.655ms
[8.280s][info][gc,start      ] GC(333) Pause Young (Concurrent Start) (G1 Humongous Allocation)
[8.280s][info][gc,task       ] GC(333) Using 8 workers of 8 for evacuation
[8.281s][info][gc,phases     ] GC(333)   Pre Evacuate Collection Set: 0.3ms
[8.281s][info][gc,phases     ] GC(333)   Evacuate Collection Set: 1.0ms
[8.281s][info][gc,phases     ] GC(333)   Post Evacuate Collection Set: 0.1ms
[8.281s][info][gc,phases     ] GC(333)   Other: 0.4ms
[8.281s][info][gc,heap       ] GC(333) Eden regions: 4->0(612)
[8.281s][info][gc,heap       ] GC(333) Survivor regions: 1->1(78)
[8.281s][info][gc,heap       ] GC(333) Old regions: 26->26
[8.281s][info][gc,heap       ] GC(333) Humongous regions: 1002->1002
[8.281s][info][gc,metaspace  ] GC(333) Metaspace: 9834K->9834K(1058816K)
[8.281s][info][gc            ] GC(333) Pause Young (Concurrent Start) (G1 Humongous Allocation) 1031M->1027M(1841M) 1.888ms
[8.282s][info][gc,cpu        ] GC(333) User=0.00s Sys=0.00s Real=0.01s
[8.282s][info][gc            ] GC(334) Concurrent Cycle
[8.282s][info][gc,marking    ] GC(334) Concurrent Clear Claimed Marks
[8.282s][info][gc,marking    ] GC(334) Concurrent Clear Claimed Marks 0.019ms
[8.282s][info][gc,marking    ] GC(334) Concurrent Scan Root Regions
[8.282s][info][gc,marking    ] GC(334) Concurrent Scan Root Regions 0.071ms
[8.282s][info][gc,marking    ] GC(334) Concurrent Mark (8.282s)
[8.282s][info][gc,marking    ] GC(334) Concurrent Mark From Roots
[8.282s][info][gc,task       ] GC(334) Using 2 workers of 2 for marking
[8.288s][info][gc,marking    ] GC(334) Concurrent Mark From Roots 6.012ms
[8.288s][info][gc,marking    ] GC(334) Concurrent Preclean
[8.288s][info][gc,marking    ] GC(334) Concurrent Preclean 0.084ms
[8.288s][info][gc,marking    ] GC(334) Concurrent Mark (8.282s, 8.288s) 6.165ms
[8.288s][info][gc,start      ] GC(334) Pause Remark
[8.289s][info][gc,stringtable] GC(334) Cleaned string and symbol table, strings: 4338 processed, 0 removed, symbols: 36588 processed, 0 removed
[8.290s][info][gc            ] GC(334) Pause Remark 1030M->1030M(1841M) 1.557ms
[8.290s][info][gc,cpu        ] GC(334) User=0.01s Sys=0.00s Real=0.00s
[8.290s][info][gc,marking    ] GC(334) Concurrent Rebuild Remembered Sets
[8.295s][info][gc,marking    ] GC(334) Concurrent Rebuild Remembered Sets 5.031ms
[8.295s][info][gc,start      ] GC(334) Pause Cleanup
[8.295s][info][gc            ] GC(334) Pause Cleanup 1031M->1031M(1841M) 0.335ms
[8.295s][info][gc,cpu        ] GC(334) User=0.01s Sys=0.00s Real=0.00s
[8.295s][info][gc,marking    ] GC(334) Concurrent Cleanup for Next Mark
[8.298s][info][gc,marking    ] GC(334) Concurrent Cleanup for Next Mark 2.759ms
[8.298s][info][gc            ] GC(334) Concurrent Cycle 16.470ms
[8.311s][info][gc,start      ] GC(335) Pause Young (Concurrent Start) (G1 Humongous Allocation)
[8.311s][info][gc,task       ] GC(335) Using 8 workers of 8 for evacuation
[8.312s][info][gc,phases     ] GC(335)   Pre Evacuate Collection Set: 0.3ms
[8.312s][info][gc,phases     ] GC(335)   Evacuate Collection Set: 1.0ms
[8.312s][info][gc,phases     ] GC(335)   Post Evacuate Collection Set: 0.1ms
[8.312s][info][gc,phases     ] GC(335)   Other: 0.2ms
[8.312s][info][gc,heap       ] GC(335) Eden regions: 4->0(608)
[8.312s][info][gc,heap       ] GC(335) Survivor regions: 1->1(77)
[8.312s][info][gc,heap       ] GC(335) Old regions: 26->26
[8.312s][info][gc,heap       ] GC(335) Humongous regions: 1006->1006
[8.312s][info][gc,metaspace  ] GC(335) Metaspace: 9834K->9834K(1058816K)
[8.312s][info][gc            ] GC(335) Pause Young (Concurrent Start) (G1 Humongous Allocation) 1035M->1031M(1841M) 1.669ms
[8.313s][info][gc,cpu        ] GC(335) User=0.01s Sys=0.00s Real=0.01s
[8.313s][info][gc            ] GC(336) Concurrent Cycle
[8.313s][info][gc,marking    ] GC(336) Concurrent Clear Claimed Marks
[8.313s][info][gc,marking    ] GC(336) Concurrent Clear Claimed Marks 0.014ms
[8.313s][info][gc,marking    ] GC(336) Concurrent Scan Root Regions
[8.313s][info][gc,marking    ] GC(336) Concurrent Scan Root Regions 0.073ms
[8.313s][info][gc,marking    ] GC(336) Concurrent Mark (8.313s)
[8.313s][info][gc,marking    ] GC(336) Concurrent Mark From Roots
[8.313s][info][gc,task       ] GC(336) Using 2 workers of 2 for marking
[8.320s][info][gc,marking    ] GC(336) Concurrent Mark From Roots 7.349ms
[8.320s][info][gc,marking    ] GC(336) Concurrent Preclean
[8.320s][info][gc,marking    ] GC(336) Concurrent Preclean 0.107ms
[8.320s][info][gc,marking    ] GC(336) Concurrent Mark (8.313s, 8.320s) 7.538ms
[8.320s][info][gc,start      ] GC(336) Pause Remark
[8.322s][info][gc,stringtable] GC(336) Cleaned string and symbol table, strings: 4338 processed, 0 removed, symbols: 36588 processed, 0 removed
[8.322s][info][gc            ] GC(336) Pause Remark 1034M->1034M(1841M) 1.618ms
[8.322s][info][gc,cpu        ] GC(336) User=0.01s Sys=0.00s Real=0.01s
[8.322s][info][gc,marking    ] GC(336) Concurrent Rebuild Remembered Sets
[8.327s][info][gc,marking    ] GC(336) Concurrent Rebuild Remembered Sets 4.983ms
[8.327s][info][gc,start      ] GC(336) Pause Cleanup
[8.327s][info][gc            ] GC(336) Pause Cleanup 1035M->1035M(1841M) 0.207ms
[8.327s][info][gc,cpu        ] GC(336) User=0.00s Sys=0.01s Real=0.00s
[8.327s][info][gc,marking    ] GC(336) Concurrent Cleanup for Next Mark
[8.330s][info][gc,marking    ] GC(336) Concurrent Cleanup for Next Mark 2.801ms
[8.330s][info][gc            ] GC(336) Concurrent Cycle 17.696ms
[8.340s][info][gc,start      ] GC(337) Pause Young (Concurrent Start) (G1 Humongous Allocation)
[8.340s][info][gc,task       ] GC(337) Using 8 workers of 8 for evacuation
[8.342s][info][gc,phases     ] GC(337)   Pre Evacuate Collection Set: 0.3ms
[8.342s][info][gc,phases     ] GC(337)   Evacuate Collection Set: 1.2ms
[8.342s][info][gc,phases     ] GC(337)   Post Evacuate Collection Set: 0.1ms
[8.342s][info][gc,phases     ] GC(337)   Other: 0.2ms
[8.342s][info][gc,heap       ] GC(337) Eden regions: 4->0(604)
[8.342s][info][gc,heap       ] GC(337) Survivor regions: 1->1(77)
[8.342s][info][gc,heap       ] GC(337) Old regions: 26->26
[8.342s][info][gc,heap       ] GC(337) Humongous regions: 1010->1010
[8.342s][info][gc,metaspace  ] GC(337) Metaspace: 9834K->9834K(1058816K)
[8.342s][info][gc            ] GC(337) Pause Young (Concurrent Start) (G1 Humongous Allocation) 1039M->1035M(1841M) 2.023ms
[8.342s][info][gc,cpu        ] GC(337) User=0.00s Sys=0.00s Real=0.01s
[8.342s][info][gc            ] GC(338) Concurrent Cycle
[8.342s][info][gc,marking    ] GC(338) Concurrent Clear Claimed Marks
[8.342s][info][gc,marking    ] GC(338) Concurrent Clear Claimed Marks 0.016ms
[8.342s][info][gc,marking    ] GC(338) Concurrent Scan Root Regions
[8.342s][info][gc,marking    ] GC(338) Concurrent Scan Root Regions 0.135ms
[8.342s][info][gc,marking    ] GC(338) Concurrent Mark (8.342s)
[8.342s][info][gc,marking    ] GC(338) Concurrent Mark From Roots
[8.343s][info][gc,task       ] GC(338) Using 2 workers of 2 for marking
[8.350s][info][gc,marking    ] GC(338) Concurrent Mark From Roots 7.296ms
[8.350s][info][gc,marking    ] GC(338) Concurrent Preclean
[8.350s][info][gc,marking    ] GC(338) Concurrent Preclean 0.098ms
[8.350s][info][gc,marking    ] GC(338) Concurrent Mark (8.342s, 8.350s) 7.476ms
[8.350s][info][gc,start      ] GC(338) Pause Remark
[8.352s][info][gc,stringtable] GC(338) Cleaned string and symbol table, strings: 4338 processed, 0 removed, symbols: 36588 processed, 0 removed
[8.352s][info][gc            ] GC(338) Pause Remark 1038M->1038M(1841M) 2.425ms
[8.353s][info][gc,cpu        ] GC(338) User=0.01s Sys=0.00s Real=0.01s
[8.353s][info][gc,marking    ] GC(338) Concurrent Rebuild Remembered Sets
[8.358s][info][gc,marking    ] GC(338) Concurrent Rebuild Remembered Sets 5.212ms
[8.358s][info][gc,start      ] GC(338) Pause Cleanup
[8.358s][info][gc            ] GC(338) Pause Cleanup 1039M->1039M(1841M) 0.323ms
[8.358s][info][gc,cpu        ] GC(338) User=0.00s Sys=0.00s Real=0.00s
[8.358s][info][gc,marking    ] GC(338) Concurrent Cleanup for Next Mark
[8.361s][info][gc,marking    ] GC(338) Concurrent Cleanup for Next Mark 2.533ms
[8.361s][info][gc            ] GC(338) Concurrent Cycle 18.701ms
[8.375s][info][gc,start      ] GC(339) Pause Young (Concurrent Start) (G1 Humongous Allocation)
[8.375s][info][gc,task       ] GC(339) Using 8 workers of 8 for evacuation
[8.377s][info][gc,phases     ] GC(339)   Pre Evacuate Collection Set: 0.4ms
[8.377s][info][gc,phases     ] GC(339)   Evacuate Collection Set: 1.4ms
[8.377s][info][gc,phases     ] GC(339)   Post Evacuate Collection Set: 0.3ms
[8.377s][info][gc,phases     ] GC(339)   Other: 0.3ms
[8.377s][info][gc,heap       ] GC(339) Eden regions: 4->0(600)
[8.377s][info][gc,heap       ] GC(339) Survivor regions: 1->1(76)
[8.377s][info][gc,heap       ] GC(339) Old regions: 26->26
[8.377s][info][gc,heap       ] GC(339) Humongous regions: 1014->1014
[8.377s][info][gc,metaspace  ] GC(339) Metaspace: 9834K->9834K(1058816K)
[8.377s][info][gc            ] GC(339) Pause Young (Concurrent Start) (G1 Humongous Allocation) 1043M->1039M(1841M) 2.384ms
[8.377s][info][gc,cpu        ] GC(339) User=0.01s Sys=0.00s Real=0.00s
[8.377s][info][gc            ] GC(340) Concurrent Cycle
[8.377s][info][gc,marking    ] GC(340) Concurrent Clear Claimed Marks
[8.377s][info][gc,marking    ] GC(340) Concurrent Clear Claimed Marks 0.014ms
[8.377s][info][gc,marking    ] GC(340) Concurrent Scan Root Regions
[8.377s][info][gc,marking    ] GC(340) Concurrent Scan Root Regions 0.077ms
[8.377s][info][gc,marking    ] GC(340) Concurrent Mark (8.377s)
[8.377s][info][gc,marking    ] GC(340) Concurrent Mark From Roots
[8.377s][info][gc,task       ] GC(340) Using 2 workers of 2 for marking
[8.384s][info][gc,marking    ] GC(340) Concurrent Mark From Roots 6.510ms
[8.384s][info][gc,marking    ] GC(340) Concurrent Preclean
[8.384s][info][gc,marking    ] GC(340) Concurrent Preclean 0.231ms
[8.384s][info][gc,marking    ] GC(340) Concurrent Mark (8.377s, 8.384s) 6.862ms
[8.384s][info][gc,start      ] GC(340) Pause Remark
[8.386s][info][gc,stringtable] GC(340) Cleaned string and symbol table, strings: 4338 processed, 0 removed, symbols: 36588 processed, 0 removed
[8.387s][info][gc            ] GC(340) Pause Remark 1042M->1042M(1841M) 2.625ms
[8.387s][info][gc,cpu        ] GC(340) User=0.01s Sys=0.01s Real=0.00s
[8.387s][info][gc,marking    ] GC(340) Concurrent Rebuild Remembered Sets
[8.392s][info][gc,marking    ] GC(340) Concurrent Rebuild Remembered Sets 4.824ms
[8.392s][info][gc,start      ] GC(340) Pause Cleanup
[8.392s][info][gc            ] GC(340) Pause Cleanup 1043M->1043M(1841M) 0.229ms
[8.392s][info][gc,cpu        ] GC(340) User=0.00s Sys=0.00s Real=0.00s
[8.392s][info][gc,marking    ] GC(340) Concurrent Cleanup for Next Mark
[8.395s][info][gc,marking    ] GC(340) Concurrent Cleanup for Next Mark 2.718ms
[8.395s][info][gc            ] GC(340) Concurrent Cycle 17.979ms
[8.406s][info][gc,start      ] GC(341) Pause Young (Concurrent Start) (G1 Humongous Allocation)
[8.406s][info][gc,task       ] GC(341) Using 8 workers of 8 for evacuation
[8.408s][info][gc,phases     ] GC(341)   Pre Evacuate Collection Set: 0.3ms
[8.408s][info][gc,phases     ] GC(341)   Evacuate Collection Set: 1.1ms
[8.408s][info][gc,phases     ] GC(341)   Post Evacuate Collection Set: 0.2ms
[8.408s][info][gc,phases     ] GC(341)   Other: 0.3ms
[8.408s][info][gc,heap       ] GC(341) Eden regions: 4->0(596)
[8.408s][info][gc,heap       ] GC(341) Survivor regions: 1->1(76)
[8.408s][info][gc,heap       ] GC(341) Old regions: 26->26
[8.408s][info][gc,heap       ] GC(341) Humongous regions: 1018->1018
[8.408s][info][gc,metaspace  ] GC(341) Metaspace: 9834K->9834K(1058816K)
[8.408s][info][gc            ] GC(341) Pause Young (Concurrent Start) (G1 Humongous Allocation) 1047M->1043M(1841M) 1.911ms
[8.408s][info][gc,cpu        ] GC(341) User=0.01s Sys=0.00s Real=0.00s
[8.408s][info][gc            ] GC(342) Concurrent Cycle
[8.408s][info][gc,marking    ] GC(342) Concurrent Clear Claimed Marks
[8.408s][info][gc,marking    ] GC(342) Concurrent Clear Claimed Marks 0.033ms
[8.408s][info][gc,marking    ] GC(342) Concurrent Scan Root Regions
[8.408s][info][gc,marking    ] GC(342) Concurrent Scan Root Regions 0.122ms
[8.408s][info][gc,marking    ] GC(342) Concurrent Mark (8.408s)
[8.408s][info][gc,marking    ] GC(342) Concurrent Mark From Roots
[8.408s][info][gc,task       ] GC(342) Using 2 workers of 2 for marking
[8.415s][info][gc,marking    ] GC(342) Concurrent Mark From Roots 6.496ms
[8.415s][info][gc,marking    ] GC(342) Concurrent Preclean
[8.415s][info][gc,marking    ] GC(342) Concurrent Preclean 0.127ms
[8.415s][info][gc,marking    ] GC(342) Concurrent Mark (8.408s, 8.415s) 6.700ms
[8.415s][info][gc,start      ] GC(342) Pause Remark
[8.416s][info][gc,stringtable] GC(342) Cleaned string and symbol table, strings: 4338 processed, 0 removed, symbols: 36588 processed, 0 removed
[8.417s][info][gc            ] GC(342) Pause Remark 1046M->1046M(1841M) 1.836ms
[8.417s][info][gc,cpu        ] GC(342) User=0.01s Sys=0.00s Real=0.00s
[8.417s][info][gc,marking    ] GC(342) Concurrent Rebuild Remembered Sets
[8.424s][info][gc,marking    ] GC(342) Concurrent Rebuild Remembered Sets 7.119ms
[8.424s][info][gc,start      ] GC(342) Pause Cleanup
[8.424s][info][gc            ] GC(342) Pause Cleanup 1047M->1047M(1841M) 0.254ms
[8.424s][info][gc,cpu        ] GC(342) User=0.00s Sys=0.00s Real=0.00s
[8.424s][info][gc,marking    ] GC(342) Concurrent Cleanup for Next Mark
[8.427s][info][gc,marking    ] GC(342) Concurrent Cleanup for Next Mark 2.864ms
[8.427s][info][gc            ] GC(342) Concurrent Cycle 19.571ms
[8.442s][info][gc,start      ] GC(343) Pause Young (Concurrent Start) (G1 Humongous Allocation)
[8.442s][info][gc,task       ] GC(343) Using 8 workers of 8 for evacuation
[8.444s][info][gc,phases     ] GC(343)   Pre Evacuate Collection Set: 0.4ms
[8.444s][info][gc,phases     ] GC(343)   Evacuate Collection Set: 0.9ms
[8.444s][info][gc,phases     ] GC(343)   Post Evacuate Collection Set: 0.1ms
[8.444s][info][gc,phases     ] GC(343)   Other: 0.3ms
[8.444s][info][gc,heap       ] GC(343) Eden regions: 4->0(592)
[8.444s][info][gc,heap       ] GC(343) Survivor regions: 1->1(75)
[8.444s][info][gc,heap       ] GC(343) Old regions: 26->26
[8.444s][info][gc,heap       ] GC(343) Humongous regions: 1022->1022
[8.444s][info][gc,metaspace  ] GC(343) Metaspace: 9834K->9834K(1058816K)
[8.444s][info][gc            ] GC(343) Pause Young (Concurrent Start) (G1 Humongous Allocation) 1051M->1047M(1841M) 1.912ms
[8.444s][info][gc,cpu        ] GC(343) User=0.01s Sys=0.00s Real=0.00s
[8.444s][info][gc            ] GC(344) Concurrent Cycle
[8.444s][info][gc,marking    ] GC(344) Concurrent Clear Claimed Marks
[8.444s][info][gc,marking    ] GC(344) Concurrent Clear Claimed Marks 0.013ms
[8.444s][info][gc,marking    ] GC(344) Concurrent Scan Root Regions
[8.444s][info][gc,marking    ] GC(344) Concurrent Scan Root Regions 0.102ms
[8.444s][info][gc,marking    ] GC(344) Concurrent Mark (8.444s)
[8.444s][info][gc,marking    ] GC(344) Concurrent Mark From Roots
[8.444s][info][gc,task       ] GC(344) Using 2 workers of 2 for marking
[8.451s][info][gc,marking    ] GC(344) Concurrent Mark From Roots 7.140ms
[8.451s][info][gc,marking    ] GC(344) Concurrent Preclean
[8.452s][info][gc,marking    ] GC(344) Concurrent Preclean 0.180ms
[8.452s][info][gc,marking    ] GC(344) Concurrent Mark (8.444s, 8.452s) 7.429ms
[8.452s][info][gc,start      ] GC(344) Pause Remark
[8.453s][info][gc,stringtable] GC(344) Cleaned string and symbol table, strings: 4338 processed, 0 removed, symbols: 36588 processed, 0 removed
[8.454s][info][gc            ] GC(344) Pause Remark 1050M->1050M(1841M) 1.982ms
[8.454s][info][gc,cpu        ] GC(344) User=0.01s Sys=0.00s Real=0.00s
[8.454s][info][gc,marking    ] GC(344) Concurrent Rebuild Remembered Sets
[8.460s][info][gc,marking    ] GC(344) Concurrent Rebuild Remembered Sets 6.609ms
[8.460s][info][gc,start      ] GC(344) Pause Cleanup
[8.461s][info][gc            ] GC(344) Pause Cleanup 1051M->1051M(1841M) 0.333ms
[8.461s][info][gc,cpu        ] GC(344) User=0.00s Sys=0.00s Real=0.00s
[8.461s][info][gc,marking    ] GC(344) Concurrent Cleanup for Next Mark
[8.464s][info][gc,marking    ] GC(344) Concurrent Cleanup for Next Mark 2.881ms
[8.464s][info][gc            ] GC(344) Concurrent Cycle 19.897ms
[8.477s][info][gc,start      ] GC(345) Pause Young (Concurrent Start) (G1 Humongous Allocation)
[8.477s][info][gc,task       ] GC(345) Using 8 workers of 8 for evacuation
[8.479s][info][gc,phases     ] GC(345)   Pre Evacuate Collection Set: 0.3ms
[8.479s][info][gc,phases     ] GC(345)   Evacuate Collection Set: 1.0ms
[8.479s][info][gc,phases     ] GC(345)   Post Evacuate Collection Set: 0.2ms
[8.479s][info][gc,phases     ] GC(345)   Other: 0.3ms
[8.479s][info][gc,heap       ] GC(345) Eden regions: 4->0(588)
[8.479s][info][gc,heap       ] GC(345) Survivor regions: 1->1(75)
[8.479s][info][gc,heap       ] GC(345) Old regions: 26->26
[8.479s][info][gc,heap       ] GC(345) Humongous regions: 1026->1026
[8.479s][info][gc,metaspace  ] GC(345) Metaspace: 9834K->9834K(1058816K)
[8.479s][info][gc            ] GC(345) Pause Young (Concurrent Start) (G1 Humongous Allocation) 1055M->1051M(1841M) 1.912ms
[8.479s][info][gc,cpu        ] GC(345) User=0.00s Sys=0.00s Real=0.00s
[8.479s][info][gc            ] GC(346) Concurrent Cycle
[8.479s][info][gc,marking    ] GC(346) Concurrent Clear Claimed Marks
[8.479s][info][gc,marking    ] GC(346) Concurrent Clear Claimed Marks 0.035ms
[8.479s][info][gc,marking    ] GC(346) Concurrent Scan Root Regions
[8.479s][info][gc,marking    ] GC(346) Concurrent Scan Root Regions 0.102ms
[8.479s][info][gc,marking    ] GC(346) Concurrent Mark (8.479s)
[8.479s][info][gc,marking    ] GC(346) Concurrent Mark From Roots
[8.479s][info][gc,task       ] GC(346) Using 2 workers of 2 for marking
[8.487s][info][gc,marking    ] GC(346) Concurrent Mark From Roots 7.618ms
[8.487s][info][gc,marking    ] GC(346) Concurrent Preclean
[8.487s][info][gc,marking    ] GC(346) Concurrent Preclean 0.097ms
[8.487s][info][gc,marking    ] GC(346) Concurrent Mark (8.479s, 8.487s) 7.784ms
[8.487s][info][gc,start      ] GC(346) Pause Remark
[8.488s][info][gc,stringtable] GC(346) Cleaned string and symbol table, strings: 4338 processed, 0 removed, symbols: 36588 processed, 0 removed
[8.489s][info][gc            ] GC(346) Pause Remark 1054M->1054M(1841M) 1.641ms
[8.489s][info][gc,cpu        ] GC(346) User=0.01s Sys=0.00s Real=0.00s
[8.489s][info][gc,marking    ] GC(346) Concurrent Rebuild Remembered Sets
[8.494s][info][gc,marking    ] GC(346) Concurrent Rebuild Remembered Sets 5.468ms
[8.494s][info][gc,start      ] GC(346) Pause Cleanup
[8.494s][info][gc            ] GC(346) Pause Cleanup 1055M->1055M(1841M) 0.229ms
[8.495s][info][gc,cpu        ] GC(346) User=0.00s Sys=0.00s Real=0.00s
[8.495s][info][gc,marking    ] GC(346) Concurrent Cleanup for Next Mark
[8.497s][info][gc,marking    ] GC(346) Concurrent Cleanup for Next Mark 2.877ms
[8.497s][info][gc            ] GC(346) Concurrent Cycle 18.616ms
[8.510s][info][gc,start      ] GC(347) Pause Young (Concurrent Start) (G1 Humongous Allocation)
[8.510s][info][gc,task       ] GC(347) Using 8 workers of 8 for evacuation
[8.512s][info][gc,phases     ] GC(347)   Pre Evacuate Collection Set: 0.3ms
[8.512s][info][gc,phases     ] GC(347)   Evacuate Collection Set: 1.1ms
[8.512s][info][gc,phases     ] GC(347)   Post Evacuate Collection Set: 0.2ms
[8.512s][info][gc,phases     ] GC(347)   Other: 0.3ms
[8.512s][info][gc,heap       ] GC(347) Eden regions: 4->0(584)
[8.512s][info][gc,heap       ] GC(347) Survivor regions: 1->1(74)
[8.512s][info][gc,heap       ] GC(347) Old regions: 26->26
[8.512s][info][gc,heap       ] GC(347) Humongous regions: 1030->1030
[8.512s][info][gc,metaspace  ] GC(347) Metaspace: 9834K->9834K(1058816K)
[8.512s][info][gc            ] GC(347) Pause Young (Concurrent Start) (G1 Humongous Allocation) 1059M->1055M(1841M) 2.003ms
[8.512s][info][gc,cpu        ] GC(347) User=0.00s Sys=0.00s Real=0.01s
[8.512s][info][gc            ] GC(348) Concurrent Cycle
[8.512s][info][gc,marking    ] GC(348) Concurrent Clear Claimed Marks
[8.513s][info][gc,marking    ] GC(348) Concurrent Clear Claimed Marks 0.018ms
[8.513s][info][gc,marking    ] GC(348) Concurrent Scan Root Regions
[8.513s][info][gc,marking    ] GC(348) Concurrent Scan Root Regions 0.064ms
[8.513s][info][gc,marking    ] GC(348) Concurrent Mark (8.513s)
[8.513s][info][gc,marking    ] GC(348) Concurrent Mark From Roots
[8.513s][info][gc,task       ] GC(348) Using 2 workers of 2 for marking
[8.519s][info][gc,marking    ] GC(348) Concurrent Mark From Roots 6.760ms
[8.519s][info][gc,marking    ] GC(348) Concurrent Preclean
[8.520s][info][gc,marking    ] GC(348) Concurrent Preclean 0.280ms
[8.520s][info][gc,marking    ] GC(348) Concurrent Mark (8.513s, 8.520s) 7.179ms
[8.520s][info][gc,start      ] GC(348) Pause Remark
[8.522s][info][gc,stringtable] GC(348) Cleaned string and symbol table, strings: 4338 processed, 0 removed, symbols: 36588 processed, 0 removed
[8.522s][info][gc            ] GC(348) Pause Remark 1058M->1058M(1841M) 2.214ms
[8.522s][info][gc,cpu        ] GC(348) User=0.01s Sys=0.00s Real=0.01s
[8.522s][info][gc,marking    ] GC(348) Concurrent Rebuild Remembered Sets
[8.528s][info][gc,marking    ] GC(348) Concurrent Rebuild Remembered Sets 5.774ms
[8.528s][info][gc,start      ] GC(348) Pause Cleanup
[8.528s][info][gc            ] GC(348) Pause Cleanup 1059M->1059M(1841M) 0.359ms
[8.529s][info][gc,cpu        ] GC(348) User=0.00s Sys=0.00s Real=0.00s
[8.529s][info][gc,marking    ] GC(348) Concurrent Cleanup for Next Mark
[8.531s][info][gc,marking    ] GC(348) Concurrent Cleanup for Next Mark 2.902ms
[8.532s][info][gc            ] GC(348) Concurrent Cycle 19.074ms
[8.545s][info][gc,start      ] GC(349) Pause Young (Concurrent Start) (G1 Humongous Allocation)
[8.545s][info][gc,task       ] GC(349) Using 8 workers of 8 for evacuation
[8.547s][info][gc,phases     ] GC(349)   Pre Evacuate Collection Set: 0.3ms
[8.547s][info][gc,phases     ] GC(349)   Evacuate Collection Set: 1.4ms
[8.547s][info][gc,phases     ] GC(349)   Post Evacuate Collection Set: 0.2ms
[8.547s][info][gc,phases     ] GC(349)   Other: 0.3ms
[8.547s][info][gc,heap       ] GC(349) Eden regions: 4->0(580)
[8.547s][info][gc,heap       ] GC(349) Survivor regions: 1->1(74)
[8.547s][info][gc,heap       ] GC(349) Old regions: 26->26
[8.547s][info][gc,heap       ] GC(349) Humongous regions: 1034->1034
[8.547s][info][gc,metaspace  ] GC(349) Metaspace: 9834K->9834K(1058816K)
[8.547s][info][gc            ] GC(349) Pause Young (Concurrent Start) (G1 Humongous Allocation) 1063M->1059M(1841M) 2.291ms
[8.547s][info][gc,cpu        ] GC(349) User=0.00s Sys=0.00s Real=0.00s
[8.547s][info][gc            ] GC(350) Concurrent Cycle
[8.547s][info][gc,marking    ] GC(350) Concurrent Clear Claimed Marks
[8.547s][info][gc,marking    ] GC(350) Concurrent Clear Claimed Marks 0.017ms
[8.547s][info][gc,marking    ] GC(350) Concurrent Scan Root Regions
[8.548s][info][gc,marking    ] GC(350) Concurrent Scan Root Regions 0.088ms
[8.548s][info][gc,marking    ] GC(350) Concurrent Mark (8.548s)
[8.548s][info][gc,marking    ] GC(350) Concurrent Mark From Roots
[8.548s][info][gc,task       ] GC(350) Using 2 workers of 2 for marking
[8.557s][info][gc,marking    ] GC(350) Concurrent Mark From Roots 9.536ms
[8.557s][info][gc,marking    ] GC(350) Concurrent Preclean
[8.557s][info][gc,marking    ] GC(350) Concurrent Preclean 0.139ms
[8.557s][info][gc,marking    ] GC(350) Concurrent Mark (8.548s, 8.557s) 9.762ms
[8.557s][info][gc,start      ] GC(350) Pause Remark
[8.559s][info][gc,stringtable] GC(350) Cleaned string and symbol table, strings: 4338 processed, 0 removed, symbols: 36588 processed, 0 removed
[8.559s][info][gc            ] GC(350) Pause Remark 1063M->1063M(1841M) 2.015ms
[8.560s][info][gc,cpu        ] GC(350) User=0.01s Sys=0.00s Real=0.00s
[8.560s][info][gc,marking    ] GC(350) Concurrent Rebuild Remembered Sets
[8.568s][info][gc,marking    ] GC(350) Concurrent Rebuild Remembered Sets 8.490ms
[8.568s][info][gc,start      ] GC(350) Pause Cleanup
[8.568s][info][gc            ] GC(350) Pause Cleanup 1066M->1066M(1841M) 0.271ms
[8.569s][info][gc,cpu        ] GC(350) User=0.00s Sys=0.00s Real=0.00s
[8.569s][info][gc,marking    ] GC(350) Concurrent Cleanup for Next Mark
[8.572s][info][gc,marking    ] GC(350) Concurrent Cleanup for Next Mark 3.577ms
[8.572s][info][gc            ] GC(350) Concurrent Cycle 24.787ms
[8.582s][info][gc,start      ] GC(351) Pause Young (Concurrent Start) (G1 Humongous Allocation)
[8.582s][info][gc,task       ] GC(351) Using 8 workers of 8 for evacuation
[8.585s][info][gc,phases     ] GC(351)   Pre Evacuate Collection Set: 0.4ms
[8.585s][info][gc,phases     ] GC(351)   Evacuate Collection Set: 1.4ms
[8.585s][info][gc,phases     ] GC(351)   Post Evacuate Collection Set: 0.2ms
[8.585s][info][gc,phases     ] GC(351)   Other: 0.4ms
[8.585s][info][gc,heap       ] GC(351) Eden regions: 4->0(576)
[8.585s][info][gc,heap       ] GC(351) Survivor regions: 1->1(73)
[8.585s][info][gc,heap       ] GC(351) Old regions: 26->26
[8.585s][info][gc,heap       ] GC(351) Humongous regions: 1038->1038
[8.585s][info][gc,metaspace  ] GC(351) Metaspace: 9858K->9858K(1058816K)
[8.585s][info][gc            ] GC(351) Pause Young (Concurrent Start) (G1 Humongous Allocation) 1067M->1063M(1841M) 2.699ms
[8.585s][info][gc,cpu        ] GC(351) User=0.00s Sys=0.00s Real=0.00s
[8.585s][info][gc            ] GC(352) Concurrent Cycle
[8.585s][info][gc,marking    ] GC(352) Concurrent Clear Claimed Marks
[8.585s][info][gc,marking    ] GC(352) Concurrent Clear Claimed Marks 0.146ms
[8.585s][info][gc,marking    ] GC(352) Concurrent Scan Root Regions
[8.585s][info][gc,marking    ] GC(352) Concurrent Scan Root Regions 0.155ms
[8.586s][info][gc,marking    ] GC(352) Concurrent Mark (8.586s)
[8.586s][info][gc,marking    ] GC(352) Concurrent Mark From Roots
[8.586s][info][gc,task       ] GC(352) Using 2 workers of 2 for marking
[8.592s][info][gc,marking    ] GC(352) Concurrent Mark From Roots 6.308ms
[8.592s][info][gc,marking    ] GC(352) Concurrent Preclean
[8.592s][info][gc,marking    ] GC(352) Concurrent Preclean 0.148ms
[8.592s][info][gc,marking    ] GC(352) Concurrent Mark (8.586s, 8.592s) 6.611ms
[8.592s][info][gc,start      ] GC(352) Pause Remark
[8.594s][info][gc,stringtable] GC(352) Cleaned string and symbol table, strings: 4339 processed, 0 removed, symbols: 36588 processed, 0 removed
[8.594s][info][gc            ] GC(352) Pause Remark 1066M->1066M(1841M) 1.692ms
[8.594s][info][gc,cpu        ] GC(352) User=0.01s Sys=0.00s Real=0.00s
[8.594s][info][gc,marking    ] GC(352) Concurrent Rebuild Remembered Sets
[8.601s][info][gc,marking    ] GC(352) Concurrent Rebuild Remembered Sets 6.766ms
[8.601s][info][gc,start      ] GC(352) Pause Cleanup
[8.601s][info][gc            ] GC(352) Pause Cleanup 1067M->1067M(1841M) 0.300ms
[8.601s][info][gc,cpu        ] GC(352) User=0.00s Sys=0.00s Real=0.01s
[8.601s][info][gc,marking    ] GC(352) Concurrent Cleanup for Next Mark
[8.605s][info][gc,marking    ] GC(352) Concurrent Cleanup for Next Mark 3.231ms
[8.605s][info][gc            ] GC(352) Concurrent Cycle 19.517ms
[8.618s][info][gc,start      ] GC(353) Pause Young (Concurrent Start) (G1 Humongous Allocation)
[8.618s][info][gc,task       ] GC(353) Using 8 workers of 8 for evacuation
[8.621s][info][gc,phases     ] GC(353)   Pre Evacuate Collection Set: 0.6ms
[8.621s][info][gc,phases     ] GC(353)   Evacuate Collection Set: 1.3ms
[8.621s][info][gc,phases     ] GC(353)   Post Evacuate Collection Set: 0.4ms
[8.621s][info][gc,phases     ] GC(353)   Other: 0.5ms
[8.621s][info][gc,heap       ] GC(353) Eden regions: 4->0(572)
[8.621s][info][gc,heap       ] GC(353) Survivor regions: 1->1(73)
[8.621s][info][gc,heap       ] GC(353) Old regions: 26->26
[8.621s][info][gc,heap       ] GC(353) Humongous regions: 1042->1042
[8.621s][info][gc,metaspace  ] GC(353) Metaspace: 9858K->9858K(1058816K)
[8.621s][info][gc            ] GC(353) Pause Young (Concurrent Start) (G1 Humongous Allocation) 1071M->1067M(1841M) 3.004ms
[8.621s][info][gc,cpu        ] GC(353) User=0.00s Sys=0.01s Real=0.00s
[8.621s][info][gc            ] GC(354) Concurrent Cycle
[8.621s][info][gc,marking    ] GC(354) Concurrent Clear Claimed Marks
[8.621s][info][gc,marking    ] GC(354) Concurrent Clear Claimed Marks 0.014ms
[8.621s][info][gc,marking    ] GC(354) Concurrent Scan Root Regions
[8.621s][info][gc,marking    ] GC(354) Concurrent Scan Root Regions 0.062ms
[8.621s][info][gc,marking    ] GC(354) Concurrent Mark (8.621s)
[8.621s][info][gc,marking    ] GC(354) Concurrent Mark From Roots
[8.621s][info][gc,task       ] GC(354) Using 2 workers of 2 for marking
[8.629s][info][gc,marking    ] GC(354) Concurrent Mark From Roots 7.225ms
[8.629s][info][gc,marking    ] GC(354) Concurrent Preclean
[8.629s][info][gc,marking    ] GC(354) Concurrent Preclean 0.094ms
[8.629s][info][gc,marking    ] GC(354) Concurrent Mark (8.621s, 8.629s) 7.391ms
[8.629s][info][gc,start      ] GC(354) Pause Remark
[8.630s][info][gc,stringtable] GC(354) Cleaned string and symbol table, strings: 4339 processed, 0 removed, symbols: 36588 processed, 0 removed
[8.631s][info][gc            ] GC(354) Pause Remark 1071M->1071M(1841M) 1.993ms
[8.631s][info][gc,cpu        ] GC(354) User=0.00s Sys=0.00s Real=0.00s
[8.631s][info][gc,marking    ] GC(354) Concurrent Rebuild Remembered Sets
[8.638s][info][gc,marking    ] GC(354) Concurrent Rebuild Remembered Sets 7.487ms
[8.639s][info][gc,start      ] GC(354) Pause Cleanup
[8.639s][info][gc            ] GC(354) Pause Cleanup 1073M->1073M(1841M) 0.328ms
[8.639s][info][gc,cpu        ] GC(354) User=0.01s Sys=0.00s Real=0.00s
[8.639s][info][gc,marking    ] GC(354) Concurrent Cleanup for Next Mark
[8.642s][info][gc,marking    ] GC(354) Concurrent Cleanup for Next Mark 2.558ms
[8.642s][info][gc            ] GC(354) Concurrent Cycle 20.842ms
[8.652s][info][gc,start      ] GC(355) Pause Young (Concurrent Start) (G1 Humongous Allocation)
[8.652s][info][gc,task       ] GC(355) Using 8 workers of 8 for evacuation
[8.654s][info][gc,phases     ] GC(355)   Pre Evacuate Collection Set: 0.5ms
[8.654s][info][gc,phases     ] GC(355)   Evacuate Collection Set: 1.1ms
[8.654s][info][gc,phases     ] GC(355)   Post Evacuate Collection Set: 0.1ms
[8.654s][info][gc,phases     ] GC(355)   Other: 0.5ms
[8.654s][info][gc,heap       ] GC(355) Eden regions: 4->0(568)
[8.654s][info][gc,heap       ] GC(355) Survivor regions: 1->1(72)
[8.654s][info][gc,heap       ] GC(355) Old regions: 26->26
[8.654s][info][gc,heap       ] GC(355) Humongous regions: 1046->1046
[8.654s][info][gc,metaspace  ] GC(355) Metaspace: 9858K->9858K(1058816K)
[8.654s][info][gc            ] GC(355) Pause Young (Concurrent Start) (G1 Humongous Allocation) 1075M->1071M(1841M) 2.478ms
[8.654s][info][gc,cpu        ] GC(355) User=0.01s Sys=0.00s Real=0.00s
[8.654s][info][gc            ] GC(356) Concurrent Cycle
[8.654s][info][gc,marking    ] GC(356) Concurrent Clear Claimed Marks
[8.654s][info][gc,marking    ] GC(356) Concurrent Clear Claimed Marks 0.016ms
[8.654s][info][gc,marking    ] GC(356) Concurrent Scan Root Regions
[8.654s][info][gc,marking    ] GC(356) Concurrent Scan Root Regions 0.068ms
[8.654s][info][gc,marking    ] GC(356) Concurrent Mark (8.654s)
[8.654s][info][gc,marking    ] GC(356) Concurrent Mark From Roots
[8.654s][info][gc,task       ] GC(356) Using 2 workers of 2 for marking
[8.661s][info][gc,marking    ] GC(356) Concurrent Mark From Roots 6.356ms
[8.661s][info][gc,marking    ] GC(356) Concurrent Preclean
[8.661s][info][gc,marking    ] GC(356) Concurrent Preclean 0.086ms
[8.661s][info][gc,marking    ] GC(356) Concurrent Mark (8.654s, 8.661s) 6.501ms
[8.661s][info][gc,start      ] GC(356) Pause Remark
[8.662s][info][gc,stringtable] GC(356) Cleaned string and symbol table, strings: 4339 processed, 0 removed, symbols: 36588 processed, 0 removed
[8.662s][info][gc            ] GC(356) Pause Remark 1074M->1074M(1841M) 1.314ms
[8.662s][info][gc,cpu        ] GC(356) User=0.00s Sys=0.00s Real=0.01s
[8.662s][info][gc,marking    ] GC(356) Concurrent Rebuild Remembered Sets
[8.669s][info][gc,marking    ] GC(356) Concurrent Rebuild Remembered Sets 6.296ms
[8.669s][info][gc,start      ] GC(356) Pause Cleanup
[8.669s][info][gc            ] GC(356) Pause Cleanup 1075M->1075M(1841M) 0.372ms
[8.669s][info][gc,cpu        ] GC(356) User=0.00s Sys=0.00s Real=0.00s
[8.669s][info][gc,marking    ] GC(356) Concurrent Cleanup for Next Mark
[8.673s][info][gc,marking    ] GC(356) Concurrent Cleanup for Next Mark 3.318ms
[8.673s][info][gc            ] GC(356) Concurrent Cycle 18.409ms
[8.685s][info][gc,start      ] GC(357) Pause Young (Concurrent Start) (G1 Humongous Allocation)
[8.685s][info][gc,task       ] GC(357) Using 8 workers of 8 for evacuation
[8.687s][info][gc,phases     ] GC(357)   Pre Evacuate Collection Set: 0.5ms
[8.687s][info][gc,phases     ] GC(357)   Evacuate Collection Set: 1.2ms
[8.687s][info][gc,phases     ] GC(357)   Post Evacuate Collection Set: 0.1ms
[8.687s][info][gc,phases     ] GC(357)   Other: 0.4ms
[8.687s][info][gc,heap       ] GC(357) Eden regions: 4->0(563)
[8.687s][info][gc,heap       ] GC(357) Survivor regions: 1->1(72)
[8.687s][info][gc,heap       ] GC(357) Old regions: 26->26
[8.687s][info][gc,heap       ] GC(357) Humongous regions: 1050->1050
[8.687s][info][gc,metaspace  ] GC(357) Metaspace: 9858K->9858K(1058816K)
[8.687s][info][gc            ] GC(357) Pause Young (Concurrent Start) (G1 Humongous Allocation) 1079M->1075M(1841M) 2.241ms
[8.687s][info][gc,cpu        ] GC(357) User=0.00s Sys=0.01s Real=0.00s
[8.687s][info][gc            ] GC(358) Concurrent Cycle
[8.687s][info][gc,marking    ] GC(358) Concurrent Clear Claimed Marks
[8.687s][info][gc,marking    ] GC(358) Concurrent Clear Claimed Marks 0.013ms
[8.687s][info][gc,marking    ] GC(358) Concurrent Scan Root Regions
[8.687s][info][gc,marking    ] GC(358) Concurrent Scan Root Regions 0.063ms
[8.687s][info][gc,marking    ] GC(358) Concurrent Mark (8.687s)
[8.687s][info][gc,marking    ] GC(358) Concurrent Mark From Roots
[8.687s][info][gc,task       ] GC(358) Using 2 workers of 2 for marking
[8.694s][info][gc,marking    ] GC(358) Concurrent Mark From Roots 7.400ms
[8.695s][info][gc,marking    ] GC(358) Concurrent Preclean
[8.695s][info][gc,marking    ] GC(358) Concurrent Preclean 0.130ms
[8.695s][info][gc,marking    ] GC(358) Concurrent Mark (8.687s, 8.695s) 7.604ms
[8.695s][info][gc,start      ] GC(358) Pause Remark
[8.696s][info][gc,stringtable] GC(358) Cleaned string and symbol table, strings: 4339 processed, 0 removed, symbols: 36588 processed, 0 removed
[8.697s][info][gc            ] GC(358) Pause Remark 1078M->1078M(1841M) 1.863ms
[8.697s][info][gc,cpu        ] GC(358) User=0.00s Sys=0.00s Real=0.00s
[8.697s][info][gc,marking    ] GC(358) Concurrent Rebuild Remembered Sets
[8.704s][info][gc,marking    ] GC(358) Concurrent Rebuild Remembered Sets 6.779ms
[8.704s][info][gc,start      ] GC(358) Pause Cleanup
[8.704s][info][gc            ] GC(358) Pause Cleanup 1079M->1079M(1841M) 0.437ms
[8.704s][info][gc,cpu        ] GC(358) User=0.00s Sys=0.00s Real=0.00s
[8.705s][info][gc,marking    ] GC(358) Concurrent Cleanup for Next Mark
[8.707s][info][gc,marking    ] GC(358) Concurrent Cleanup for Next Mark 2.926ms
[8.707s][info][gc            ] GC(358) Concurrent Cycle 20.557ms
[8.723s][info][gc,start      ] GC(359) Pause Young (Concurrent Start) (G1 Humongous Allocation)
[8.723s][info][gc,task       ] GC(359) Using 8 workers of 8 for evacuation
[8.725s][info][gc,phases     ] GC(359)   Pre Evacuate Collection Set: 0.3ms
[8.725s][info][gc,phases     ] GC(359)   Evacuate Collection Set: 0.7ms
[8.725s][info][gc,phases     ] GC(359)   Post Evacuate Collection Set: 0.1ms
[8.725s][info][gc,phases     ] GC(359)   Other: 0.3ms
[8.725s][info][gc,heap       ] GC(359) Eden regions: 4->0(559)
[8.725s][info][gc,heap       ] GC(359) Survivor regions: 1->1(71)
[8.725s][info][gc,heap       ] GC(359) Old regions: 26->26
[8.725s][info][gc,heap       ] GC(359) Humongous regions: 1054->1054
[8.725s][info][gc,metaspace  ] GC(359) Metaspace: 9858K->9858K(1058816K)
[8.725s][info][gc            ] GC(359) Pause Young (Concurrent Start) (G1 Humongous Allocation) 1083M->1079M(1841M) 1.498ms
[8.725s][info][gc,cpu        ] GC(359) User=0.01s Sys=0.00s Real=0.00s
[8.725s][info][gc            ] GC(360) Concurrent Cycle
[8.725s][info][gc,marking    ] GC(360) Concurrent Clear Claimed Marks
[8.725s][info][gc,marking    ] GC(360) Concurrent Clear Claimed Marks 0.012ms
[8.725s][info][gc,marking    ] GC(360) Concurrent Scan Root Regions
[8.725s][info][gc,marking    ] GC(360) Concurrent Scan Root Regions 0.083ms
[8.725s][info][gc,marking    ] GC(360) Concurrent Mark (8.725s)
[8.725s][info][gc,marking    ] GC(360) Concurrent Mark From Roots
[8.725s][info][gc,task       ] GC(360) Using 2 workers of 2 for marking
[8.732s][info][gc,marking    ] GC(360) Concurrent Mark From Roots 7.363ms
[8.732s][info][gc,marking    ] GC(360) Concurrent Preclean
[8.732s][info][gc,marking    ] GC(360) Concurrent Preclean 0.120ms
[8.733s][info][gc,marking    ] GC(360) Concurrent Mark (8.725s, 8.733s) 7.566ms
[8.733s][info][gc,start      ] GC(360) Pause Remark
[8.734s][info][gc,stringtable] GC(360) Cleaned string and symbol table, strings: 4339 processed, 0 removed, symbols: 36588 processed, 0 removed
[8.734s][info][gc            ] GC(360) Pause Remark 1082M->1082M(1841M) 1.613ms
[8.734s][info][gc,cpu        ] GC(360) User=0.01s Sys=0.00s Real=0.00s
[8.734s][info][gc,marking    ] GC(360) Concurrent Rebuild Remembered Sets
[8.739s][info][gc,marking    ] GC(360) Concurrent Rebuild Remembered Sets 4.910ms
[8.739s][info][gc,start      ] GC(360) Pause Cleanup
[8.740s][info][gc            ] GC(360) Pause Cleanup 1083M->1083M(1841M) 0.229ms
[8.740s][info][gc,cpu        ] GC(360) User=0.00s Sys=0.00s Real=0.00s
[8.740s][info][gc,marking    ] GC(360) Concurrent Cleanup for Next Mark
[8.742s][info][gc,marking    ] GC(360) Concurrent Cleanup for Next Mark 2.708ms
[8.742s][info][gc            ] GC(360) Concurrent Cycle 17.587ms
[8.753s][info][gc,start      ] GC(361) Pause Young (Concurrent Start) (G1 Humongous Allocation)
[8.753s][info][gc,task       ] GC(361) Using 8 workers of 8 for evacuation
[8.754s][info][gc,phases     ] GC(361)   Pre Evacuate Collection Set: 0.3ms
[8.755s][info][gc,phases     ] GC(361)   Evacuate Collection Set: 1.2ms
[8.755s][info][gc,phases     ] GC(361)   Post Evacuate Collection Set: 0.2ms
[8.755s][info][gc,phases     ] GC(361)   Other: 0.3ms
[8.755s][info][gc,heap       ] GC(361) Eden regions: 4->0(555)
[8.755s][info][gc,heap       ] GC(361) Survivor regions: 1->1(70)
[8.755s][info][gc,heap       ] GC(361) Old regions: 26->26
[8.755s][info][gc,heap       ] GC(361) Humongous regions: 1058->1058
[8.755s][info][gc,metaspace  ] GC(361) Metaspace: 9858K->9858K(1058816K)
[8.755s][info][gc            ] GC(361) Pause Young (Concurrent Start) (G1 Humongous Allocation) 1087M->1083M(1841M) 2.018ms
[8.755s][info][gc,cpu        ] GC(361) User=0.00s Sys=0.01s Real=0.00s
[8.755s][info][gc            ] GC(362) Concurrent Cycle
[8.755s][info][gc,marking    ] GC(362) Concurrent Clear Claimed Marks
[8.755s][info][gc,marking    ] GC(362) Concurrent Clear Claimed Marks 0.049ms
[8.755s][info][gc,marking    ] GC(362) Concurrent Scan Root Regions
[8.755s][info][gc,marking    ] GC(362) Concurrent Scan Root Regions 0.083ms
[8.755s][info][gc,marking    ] GC(362) Concurrent Mark (8.755s)
[8.755s][info][gc,marking    ] GC(362) Concurrent Mark From Roots
[8.755s][info][gc,task       ] GC(362) Using 2 workers of 2 for marking
[8.763s][info][gc,marking    ] GC(362) Concurrent Mark From Roots 7.920ms
[8.763s][info][gc,marking    ] GC(362) Concurrent Preclean
[8.763s][info][gc,marking    ] GC(362) Concurrent Preclean 0.116ms
[8.763s][info][gc,marking    ] GC(362) Concurrent Mark (8.755s, 8.763s) 8.128ms
[8.763s][info][gc,start      ] GC(362) Pause Remark
[8.765s][info][gc,stringtable] GC(362) Cleaned string and symbol table, strings: 4339 processed, 0 removed, symbols: 36588 processed, 0 removed
[8.765s][info][gc            ] GC(362) Pause Remark 1086M->1086M(1841M) 1.836ms
[8.765s][info][gc,cpu        ] GC(362) User=0.00s Sys=0.00s Real=0.00s
[8.765s][info][gc,marking    ] GC(362) Concurrent Rebuild Remembered Sets
[8.770s][info][gc,marking    ] GC(362) Concurrent Rebuild Remembered Sets 4.830ms
[8.770s][info][gc,start      ] GC(362) Pause Cleanup
[8.770s][info][gc            ] GC(362) Pause Cleanup 1087M->1087M(1841M) 0.194ms
[8.770s][info][gc,cpu        ] GC(362) User=0.00s Sys=0.00s Real=0.00s
[8.770s][info][gc,marking    ] GC(362) Concurrent Cleanup for Next Mark
[8.773s][info][gc,marking    ] GC(362) Concurrent Cleanup for Next Mark 2.443ms
[8.773s][info][gc            ] GC(362) Concurrent Cycle 18.210ms
[8.783s][info][gc,start      ] GC(363) Pause Young (Concurrent Start) (G1 Humongous Allocation)
[8.783s][info][gc,task       ] GC(363) Using 8 workers of 8 for evacuation
[8.785s][info][gc,phases     ] GC(363)   Pre Evacuate Collection Set: 0.3ms
[8.785s][info][gc,phases     ] GC(363)   Evacuate Collection Set: 1.1ms
[8.785s][info][gc,phases     ] GC(363)   Post Evacuate Collection Set: 0.2ms
[8.785s][info][gc,phases     ] GC(363)   Other: 0.3ms
[8.785s][info][gc,heap       ] GC(363) Eden regions: 4->0(551)
[8.785s][info][gc,heap       ] GC(363) Survivor regions: 1->1(70)
[8.785s][info][gc,heap       ] GC(363) Old regions: 26->26
[8.785s][info][gc,heap       ] GC(363) Humongous regions: 1062->1062
[8.785s][info][gc,metaspace  ] GC(363) Metaspace: 9858K->9858K(1058816K)
[8.785s][info][gc            ] GC(363) Pause Young (Concurrent Start) (G1 Humongous Allocation) 1091M->1087M(1841M) 1.978ms
[8.785s][info][gc,cpu        ] GC(363) User=0.01s Sys=0.00s Real=0.00s
[8.785s][info][gc            ] GC(364) Concurrent Cycle
[8.785s][info][gc,marking    ] GC(364) Concurrent Clear Claimed Marks
[8.785s][info][gc,marking    ] GC(364) Concurrent Clear Claimed Marks 0.013ms
[8.785s][info][gc,marking    ] GC(364) Concurrent Scan Root Regions
[8.785s][info][gc,marking    ] GC(364) Concurrent Scan Root Regions 0.054ms
[8.785s][info][gc,marking    ] GC(364) Concurrent Mark (8.785s)
[8.785s][info][gc,marking    ] GC(364) Concurrent Mark From Roots
[8.785s][info][gc,task       ] GC(364) Using 2 workers of 2 for marking
[8.790s][info][gc,marking    ] GC(364) Concurrent Mark From Roots 5.314ms
[8.790s][info][gc,marking    ] GC(364) Concurrent Preclean
[8.790s][info][gc,marking    ] GC(364) Concurrent Preclean 0.075ms
[8.790s][info][gc,marking    ] GC(364) Concurrent Mark (8.785s, 8.790s) 5.438ms
[8.790s][info][gc,start      ] GC(364) Pause Remark
[8.792s][info][gc,stringtable] GC(364) Cleaned string and symbol table, strings: 4339 processed, 0 removed, symbols: 36588 processed, 0 removed
[8.792s][info][gc            ] GC(364) Pause Remark 1090M->1090M(1841M) 1.840ms
[8.792s][info][gc,cpu        ] GC(364) User=0.01s Sys=0.00s Real=0.01s
[8.792s][info][gc,marking    ] GC(364) Concurrent Rebuild Remembered Sets
[8.798s][info][gc,marking    ] GC(364) Concurrent Rebuild Remembered Sets 5.136ms
[8.798s][info][gc,start      ] GC(364) Pause Cleanup
[8.798s][info][gc            ] GC(364) Pause Cleanup 1091M->1091M(1841M) 0.273ms
[8.798s][info][gc,cpu        ] GC(364) User=0.00s Sys=0.00s Real=0.00s
[8.798s][info][gc,marking    ] GC(364) Concurrent Cleanup for Next Mark
[8.801s][info][gc,marking    ] GC(364) Concurrent Cleanup for Next Mark 2.661ms
[8.801s][info][gc            ] GC(364) Concurrent Cycle 15.931ms
[8.810s][info][gc,start      ] GC(365) Pause Young (Concurrent Start) (G1 Humongous Allocation)
[8.810s][info][gc,task       ] GC(365) Using 8 workers of 8 for evacuation
[8.812s][info][gc,phases     ] GC(365)   Pre Evacuate Collection Set: 0.3ms
[8.812s][info][gc,phases     ] GC(365)   Evacuate Collection Set: 1.0ms
[8.812s][info][gc,phases     ] GC(365)   Post Evacuate Collection Set: 0.1ms
[8.812s][info][gc,phases     ] GC(365)   Other: 0.2ms
[8.812s][info][gc,heap       ] GC(365) Eden regions: 4->0(547)
[8.812s][info][gc,heap       ] GC(365) Survivor regions: 1->1(69)
[8.812s][info][gc,heap       ] GC(365) Old regions: 26->26
[8.812s][info][gc,heap       ] GC(365) Humongous regions: 1066->1066
[8.812s][info][gc,metaspace  ] GC(365) Metaspace: 9858K->9858K(1058816K)
[8.812s][info][gc            ] GC(365) Pause Young (Concurrent Start) (G1 Humongous Allocation) 1095M->1091M(1841M) 1.656ms
[8.812s][info][gc,cpu        ] GC(365) User=0.00s Sys=0.00s Real=0.01s
[8.812s][info][gc            ] GC(366) Concurrent Cycle
[8.812s][info][gc,marking    ] GC(366) Concurrent Clear Claimed Marks
[8.812s][info][gc,marking    ] GC(366) Concurrent Clear Claimed Marks 0.013ms
[8.812s][info][gc,marking    ] GC(366) Concurrent Scan Root Regions
[8.812s][info][gc,marking    ] GC(366) Concurrent Scan Root Regions 0.054ms
[8.812s][info][gc,marking    ] GC(366) Concurrent Mark (8.812s)
[8.812s][info][gc,marking    ] GC(366) Concurrent Mark From Roots
[8.812s][info][gc,task       ] GC(366) Using 2 workers of 2 for marking
[8.818s][info][gc,marking    ] GC(366) Concurrent Mark From Roots 5.680ms
[8.818s][info][gc,marking    ] GC(366) Concurrent Preclean
[8.818s][info][gc,marking    ] GC(366) Concurrent Preclean 0.083ms
[8.818s][info][gc,marking    ] GC(366) Concurrent Mark (8.812s, 8.818s) 5.820ms
[8.818s][info][gc,start      ] GC(366) Pause Remark
[8.819s][info][gc,stringtable] GC(366) Cleaned string and symbol table, strings: 4339 processed, 0 removed, symbols: 36588 processed, 0 removed
[8.820s][info][gc            ] GC(366) Pause Remark 1095M->1095M(1841M) 1.778ms
[8.820s][info][gc,cpu        ] GC(366) User=0.01s Sys=0.00s Real=0.00s
[8.820s][info][gc,marking    ] GC(366) Concurrent Rebuild Remembered Sets
[8.825s][info][gc,marking    ] GC(366) Concurrent Rebuild Remembered Sets 5.240ms
[8.825s][info][gc,start      ] GC(366) Pause Cleanup
[8.826s][info][gc            ] GC(366) Pause Cleanup 1098M->1098M(1841M) 0.286ms
[8.826s][info][gc,cpu        ] GC(366) User=0.00s Sys=0.00s Real=0.00s
[8.826s][info][gc,marking    ] GC(366) Concurrent Cleanup for Next Mark
[8.828s][info][gc,marking    ] GC(366) Concurrent Cleanup for Next Mark 2.635ms
[8.828s][info][gc            ] GC(366) Concurrent Cycle 16.508ms
[8.836s][info][gc,start      ] GC(367) Pause Young (Concurrent Start) (G1 Humongous Allocation)
[8.836s][info][gc,task       ] GC(367) Using 8 workers of 8 for evacuation
[8.838s][info][gc,phases     ] GC(367)   Pre Evacuate Collection Set: 0.4ms
[8.838s][info][gc,phases     ] GC(367)   Evacuate Collection Set: 1.1ms
[8.838s][info][gc,phases     ] GC(367)   Post Evacuate Collection Set: 0.3ms
[8.838s][info][gc,phases     ] GC(367)   Other: 0.3ms
[8.838s][info][gc,heap       ] GC(367) Eden regions: 4->0(543)
[8.838s][info][gc,heap       ] GC(367) Survivor regions: 1->1(69)
[8.838s][info][gc,heap       ] GC(367) Old regions: 26->26
[8.838s][info][gc,heap       ] GC(367) Humongous regions: 1070->1070
[8.838s][info][gc,metaspace  ] GC(367) Metaspace: 9858K->9858K(1058816K)
[8.838s][info][gc            ] GC(367) Pause Young (Concurrent Start) (G1 Humongous Allocation) 1099M->1095M(1841M) 2.032ms
[8.838s][info][gc,cpu        ] GC(367) User=0.01s Sys=0.00s Real=0.00s
[8.838s][info][gc            ] GC(368) Concurrent Cycle
[8.838s][info][gc,marking    ] GC(368) Concurrent Clear Claimed Marks
[8.838s][info][gc,marking    ] GC(368) Concurrent Clear Claimed Marks 0.021ms
[8.838s][info][gc,marking    ] GC(368) Concurrent Scan Root Regions
[8.838s][info][gc,marking    ] GC(368) Concurrent Scan Root Regions 0.108ms
[8.838s][info][gc,marking    ] GC(368) Concurrent Mark (8.838s)
[8.838s][info][gc,marking    ] GC(368) Concurrent Mark From Roots
[8.838s][info][gc,task       ] GC(368) Using 2 workers of 2 for marking
[8.844s][info][gc,marking    ] GC(368) Concurrent Mark From Roots 5.149ms
[8.844s][info][gc,marking    ] GC(368) Concurrent Preclean
[8.844s][info][gc,marking    ] GC(368) Concurrent Preclean 0.110ms
[8.844s][info][gc,marking    ] GC(368) Concurrent Mark (8.838s, 8.844s) 5.354ms
[8.844s][info][gc,start      ] GC(368) Pause Remark
[8.845s][info][gc,stringtable] GC(368) Cleaned string and symbol table, strings: 4339 processed, 0 removed, symbols: 36588 processed, 0 removed
[8.846s][info][gc            ] GC(368) Pause Remark 1099M->1099M(1841M) 1.667ms
[8.846s][info][gc,cpu        ] GC(368) User=0.01s Sys=0.00s Real=0.00s
[8.846s][info][gc,marking    ] GC(368) Concurrent Rebuild Remembered Sets
[8.850s][info][gc,marking    ] GC(368) Concurrent Rebuild Remembered Sets 4.797ms
[8.851s][info][gc,start      ] GC(368) Pause Cleanup
[8.851s][info][gc            ] GC(368) Pause Cleanup 1099M->1099M(1841M) 0.294ms
[8.851s][info][gc,cpu        ] GC(368) User=0.00s Sys=0.00s Real=0.00s
[8.851s][info][gc,marking    ] GC(368) Concurrent Cleanup for Next Mark
[8.853s][info][gc,marking    ] GC(368) Concurrent Cleanup for Next Mark 2.449ms
[8.853s][info][gc            ] GC(368) Concurrent Cycle 15.308ms
[8.863s][info][gc,start      ] GC(369) Pause Young (Concurrent Start) (G1 Humongous Allocation)
[8.863s][info][gc,task       ] GC(369) Using 8 workers of 8 for evacuation
[8.864s][info][gc,phases     ] GC(369)   Pre Evacuate Collection Set: 0.3ms
[8.864s][info][gc,phases     ] GC(369)   Evacuate Collection Set: 1.0ms
[8.864s][info][gc,phases     ] GC(369)   Post Evacuate Collection Set: 0.2ms
[8.864s][info][gc,phases     ] GC(369)   Other: 0.2ms
[8.864s][info][gc,heap       ] GC(369) Eden regions: 4->0(540)
[8.864s][info][gc,heap       ] GC(369) Survivor regions: 1->1(68)
[8.864s][info][gc,heap       ] GC(369) Old regions: 26->26
[8.864s][info][gc,heap       ] GC(369) Humongous regions: 1074->1074
[8.864s][info][gc,metaspace  ] GC(369) Metaspace: 9858K->9858K(1058816K)
[8.864s][info][gc            ] GC(369) Pause Young (Concurrent Start) (G1 Humongous Allocation) 1103M->1099M(1841M) 1.814ms
[8.864s][info][gc,cpu        ] GC(369) User=0.01s Sys=0.00s Real=0.00s
[8.864s][info][gc            ] GC(370) Concurrent Cycle
[8.864s][info][gc,marking    ] GC(370) Concurrent Clear Claimed Marks
[8.865s][info][gc,marking    ] GC(370) Concurrent Clear Claimed Marks 0.014ms
[8.865s][info][gc,marking    ] GC(370) Concurrent Scan Root Regions
[8.865s][info][gc,marking    ] GC(370) Concurrent Scan Root Regions 0.083ms
[8.865s][info][gc,marking    ] GC(370) Concurrent Mark (8.865s)
[8.865s][info][gc,marking    ] GC(370) Concurrent Mark From Roots
[8.865s][info][gc,task       ] GC(370) Using 2 workers of 2 for marking
[8.871s][info][gc,marking    ] GC(370) Concurrent Mark From Roots 5.896ms
[8.871s][info][gc,marking    ] GC(370) Concurrent Preclean
[8.871s][info][gc,marking    ] GC(370) Concurrent Preclean 0.093ms
[8.871s][info][gc,marking    ] GC(370) Concurrent Mark (8.865s, 8.871s) 6.091ms
[8.871s][info][gc,start      ] GC(370) Pause Remark
[8.872s][info][gc,stringtable] GC(370) Cleaned string and symbol table, strings: 4339 processed, 0 removed, symbols: 36588 processed, 0 removed
[8.873s][info][gc            ] GC(370) Pause Remark 1103M->1103M(1841M) 1.720ms
[8.873s][info][gc,cpu        ] GC(370) User=0.01s Sys=0.00s Real=0.01s
[8.873s][info][gc,marking    ] GC(370) Concurrent Rebuild Remembered Sets
[8.877s][info][gc,marking    ] GC(370) Concurrent Rebuild Remembered Sets 4.748ms
[8.878s][info][gc,start      ] GC(370) Pause Cleanup
[8.878s][info][gc            ] GC(370) Pause Cleanup 1103M->1103M(1841M) 0.286ms
[8.878s][info][gc,cpu        ] GC(370) User=0.00s Sys=0.00s Real=0.00s
[8.878s][info][gc,marking    ] GC(370) Concurrent Cleanup for Next Mark
[8.880s][info][gc,marking    ] GC(370) Concurrent Cleanup for Next Mark 2.530ms
[8.881s][info][gc            ] GC(370) Concurrent Cycle 16.044ms
[8.889s][info][gc,start      ] GC(371) Pause Young (Concurrent Start) (G1 Humongous Allocation)
[8.889s][info][gc,task       ] GC(371) Using 8 workers of 8 for evacuation
[8.891s][info][gc,phases     ] GC(371)   Pre Evacuate Collection Set: 0.3ms
[8.891s][info][gc,phases     ] GC(371)   Evacuate Collection Set: 1.0ms
[8.891s][info][gc,phases     ] GC(371)   Post Evacuate Collection Set: 0.2ms
[8.891s][info][gc,phases     ] GC(371)   Other: 0.3ms
[8.891s][info][gc,heap       ] GC(371) Eden regions: 4->0(536)
[8.891s][info][gc,heap       ] GC(371) Survivor regions: 1->1(68)
[8.891s][info][gc,heap       ] GC(371) Old regions: 26->26
[8.891s][info][gc,heap       ] GC(371) Humongous regions: 1078->1078
[8.891s][info][gc,metaspace  ] GC(371) Metaspace: 9858K->9858K(1058816K)
[8.891s][info][gc            ] GC(371) Pause Young (Concurrent Start) (G1 Humongous Allocation) 1107M->1103M(1841M) 2.015ms
[8.891s][info][gc,cpu        ] GC(371) User=0.01s Sys=0.00s Real=0.01s
[8.891s][info][gc            ] GC(372) Concurrent Cycle
[8.891s][info][gc,marking    ] GC(372) Concurrent Clear Claimed Marks
[8.891s][info][gc,marking    ] GC(372) Concurrent Clear Claimed Marks 0.011ms
[8.891s][info][gc,marking    ] GC(372) Concurrent Scan Root Regions
[8.891s][info][gc,marking    ] GC(372) Concurrent Scan Root Regions 0.053ms
[8.891s][info][gc,marking    ] GC(372) Concurrent Mark (8.891s)
[8.891s][info][gc,marking    ] GC(372) Concurrent Mark From Roots
[8.891s][info][gc,task       ] GC(372) Using 2 workers of 2 for marking
[8.897s][info][gc,marking    ] GC(372) Concurrent Mark From Roots 6.012ms
[8.898s][info][gc,marking    ] GC(372) Concurrent Preclean
[8.898s][info][gc,marking    ] GC(372) Concurrent Preclean 0.124ms
[8.898s][info][gc,marking    ] GC(372) Concurrent Mark (8.891s, 8.898s) 6.229ms
[8.898s][info][gc,start      ] GC(372) Pause Remark
[8.899s][info][gc,stringtable] GC(372) Cleaned string and symbol table, strings: 4339 processed, 0 removed, symbols: 36588 processed, 0 removed
[8.899s][info][gc            ] GC(372) Pause Remark 1107M->1107M(1841M) 1.684ms
[8.900s][info][gc,cpu        ] GC(372) User=0.00s Sys=0.00s Real=0.00s
[8.900s][info][gc,marking    ] GC(372) Concurrent Rebuild Remembered Sets
[8.905s][info][gc,marking    ] GC(372) Concurrent Rebuild Remembered Sets 4.952ms
[8.906s][info][gc,start      ] GC(372) Pause Cleanup
[8.906s][info][gc            ] GC(372) Pause Cleanup 1109M->1109M(1841M) 0.333ms
[8.906s][info][gc,cpu        ] GC(372) User=0.00s Sys=0.00s Real=0.00s
[8.906s][info][gc,marking    ] GC(372) Concurrent Cleanup for Next Mark
[8.908s][info][gc,marking    ] GC(372) Concurrent Cleanup for Next Mark 2.283ms
[8.908s][info][gc            ] GC(372) Concurrent Cycle 17.069ms
[8.916s][info][gc,start      ] GC(373) Pause Young (Concurrent Start) (G1 Humongous Allocation)
[8.916s][info][gc,task       ] GC(373) Using 8 workers of 8 for evacuation
[8.918s][info][gc,phases     ] GC(373)   Pre Evacuate Collection Set: 0.3ms
[8.918s][info][gc,phases     ] GC(373)   Evacuate Collection Set: 1.0ms
[8.918s][info][gc,phases     ] GC(373)   Post Evacuate Collection Set: 0.2ms
[8.918s][info][gc,phases     ] GC(373)   Other: 0.2ms
[8.918s][info][gc,heap       ] GC(373) Eden regions: 4->0(532)
[8.918s][info][gc,heap       ] GC(373) Survivor regions: 1->1(68)
[8.918s][info][gc,heap       ] GC(373) Old regions: 26->26
[8.918s][info][gc,heap       ] GC(373) Humongous regions: 1082->1082
[8.918s][info][gc,metaspace  ] GC(373) Metaspace: 9858K->9858K(1058816K)
[8.918s][info][gc            ] GC(373) Pause Young (Concurrent Start) (G1 Humongous Allocation) 1111M->1107M(1841M) 1.838ms
[8.918s][info][gc,cpu        ] GC(373) User=0.01s Sys=0.00s Real=0.00s
[8.918s][info][gc            ] GC(374) Concurrent Cycle
[8.918s][info][gc,marking    ] GC(374) Concurrent Clear Claimed Marks
[8.918s][info][gc,marking    ] GC(374) Concurrent Clear Claimed Marks 0.015ms
[8.918s][info][gc,marking    ] GC(374) Concurrent Scan Root Regions
[8.918s][info][gc,marking    ] GC(374) Concurrent Scan Root Regions 0.074ms
[8.918s][info][gc,marking    ] GC(374) Concurrent Mark (8.918s)
[8.918s][info][gc,marking    ] GC(374) Concurrent Mark From Roots
[8.918s][info][gc,task       ] GC(374) Using 2 workers of 2 for marking
[8.923s][info][gc,marking    ] GC(374) Concurrent Mark From Roots 5.259ms
[8.923s][info][gc,marking    ] GC(374) Concurrent Preclean
[8.924s][info][gc,marking    ] GC(374) Concurrent Preclean 0.085ms
[8.924s][info][gc,marking    ] GC(374) Concurrent Mark (8.918s, 8.924s) 5.432ms
[8.924s][info][gc,start      ] GC(374) Pause Remark
[8.925s][info][gc,stringtable] GC(374) Cleaned string and symbol table, strings: 4339 processed, 0 removed, symbols: 36588 processed, 0 removed
[8.926s][info][gc            ] GC(374) Pause Remark 1110M->1110M(1841M) 1.935ms
[8.926s][info][gc,cpu        ] GC(374) User=0.00s Sys=0.00s Real=0.00s
[8.926s][info][gc,marking    ] GC(374) Concurrent Rebuild Remembered Sets
[8.931s][info][gc,marking    ] GC(374) Concurrent Rebuild Remembered Sets 5.330ms
[8.931s][info][gc,start      ] GC(374) Pause Cleanup
[8.931s][info][gc            ] GC(374) Pause Cleanup 1111M->1111M(1841M) 0.249ms
[8.931s][info][gc,cpu        ] GC(374) User=0.00s Sys=0.00s Real=0.01s
[8.932s][info][gc,marking    ] GC(374) Concurrent Cleanup for Next Mark
[8.934s][info][gc,marking    ] GC(374) Concurrent Cleanup for Next Mark 2.349ms
[8.934s][info][gc            ] GC(374) Concurrent Cycle 15.949ms
[8.944s][info][gc,start      ] GC(375) Pause Young (Concurrent Start) (G1 Humongous Allocation)
[8.944s][info][gc,task       ] GC(375) Using 8 workers of 8 for evacuation
[8.945s][info][gc,phases     ] GC(375)   Pre Evacuate Collection Set: 0.3ms
[8.945s][info][gc,phases     ] GC(375)   Evacuate Collection Set: 0.5ms
[8.945s][info][gc,phases     ] GC(375)   Post Evacuate Collection Set: 0.2ms
[8.945s][info][gc,phases     ] GC(375)   Other: 0.3ms
[8.945s][info][gc,heap       ] GC(375) Eden regions: 4->0(528)
[8.945s][info][gc,heap       ] GC(375) Survivor regions: 1->1(67)
[8.945s][info][gc,heap       ] GC(375) Old regions: 26->26
[8.945s][info][gc,heap       ] GC(375) Humongous regions: 1086->1086
[8.945s][info][gc,metaspace  ] GC(375) Metaspace: 9858K->9858K(1058816K)
[8.945s][info][gc            ] GC(375) Pause Young (Concurrent Start) (G1 Humongous Allocation) 1115M->1111M(1841M) 1.406ms
[8.945s][info][gc,cpu        ] GC(375) User=0.00s Sys=0.00s Real=0.00s
[8.946s][info][gc            ] GC(376) Concurrent Cycle
[8.946s][info][gc,marking    ] GC(376) Concurrent Clear Claimed Marks
[8.946s][info][gc,marking    ] GC(376) Concurrent Clear Claimed Marks 0.031ms
[8.946s][info][gc,marking    ] GC(376) Concurrent Scan Root Regions
[8.946s][info][gc,marking    ] GC(376) Concurrent Scan Root Regions 0.053ms
[8.946s][info][gc,marking    ] GC(376) Concurrent Mark (8.946s)
[8.946s][info][gc,marking    ] GC(376) Concurrent Mark From Roots
[8.946s][info][gc,task       ] GC(376) Using 2 workers of 2 for marking
[8.951s][info][gc,marking    ] GC(376) Concurrent Mark From Roots 5.667ms
[8.951s][info][gc,marking    ] GC(376) Concurrent Preclean
[8.952s][info][gc,marking    ] GC(376) Concurrent Preclean 0.087ms
[8.952s][info][gc,marking    ] GC(376) Concurrent Mark (8.946s, 8.952s) 5.878ms
[8.952s][info][gc,start      ] GC(376) Pause Remark
[8.953s][info][gc,stringtable] GC(376) Cleaned string and symbol table, strings: 4339 processed, 0 removed, symbols: 36588 processed, 0 removed
[8.953s][info][gc            ] GC(376) Pause Remark 1115M->1115M(1841M) 1.679ms
[8.953s][info][gc,cpu        ] GC(376) User=0.00s Sys=0.00s Real=0.00s
[8.953s][info][gc,marking    ] GC(376) Concurrent Rebuild Remembered Sets
[8.959s][info][gc,marking    ] GC(376) Concurrent Rebuild Remembered Sets 5.906ms
[8.960s][info][gc,start      ] GC(376) Pause Cleanup
[8.960s][info][gc            ] GC(376) Pause Cleanup 1117M->1117M(1841M) 0.226ms
[8.960s][info][gc,cpu        ] GC(376) User=0.00s Sys=0.00s Real=0.00s
[8.960s][info][gc,marking    ] GC(376) Concurrent Cleanup for Next Mark
[8.963s][info][gc,marking    ] GC(376) Concurrent Cleanup for Next Mark 2.514ms
[8.963s][info][gc            ] GC(376) Concurrent Cycle 17.032ms
[8.973s][info][gc,start      ] GC(377) Pause Young (Concurrent Start) (G1 Humongous Allocation)
[8.973s][info][gc,task       ] GC(377) Using 8 workers of 8 for evacuation
[8.975s][info][gc,phases     ] GC(377)   Pre Evacuate Collection Set: 0.4ms
[8.975s][info][gc,phases     ] GC(377)   Evacuate Collection Set: 1.1ms
[8.975s][info][gc,phases     ] GC(377)   Post Evacuate Collection Set: 0.2ms
[8.975s][info][gc,phases     ] GC(377)   Other: 0.3ms
[8.975s][info][gc,heap       ] GC(377) Eden regions: 4->0(524)
[8.975s][info][gc,heap       ] GC(377) Survivor regions: 1->1(67)
[8.975s][info][gc,heap       ] GC(377) Old regions: 26->26
[8.975s][info][gc,heap       ] GC(377) Humongous regions: 1090->1090
[8.975s][info][gc,metaspace  ] GC(377) Metaspace: 9858K->9858K(1058816K)
[8.975s][info][gc            ] GC(377) Pause Young (Concurrent Start) (G1 Humongous Allocation) 1119M->1115M(1841M) 2.014ms
[8.975s][info][gc,cpu        ] GC(377) User=0.01s Sys=0.00s Real=0.00s
[8.975s][info][gc            ] GC(378) Concurrent Cycle
[8.975s][info][gc,marking    ] GC(378) Concurrent Clear Claimed Marks
[8.975s][info][gc,marking    ] GC(378) Concurrent Clear Claimed Marks 0.016ms
[8.975s][info][gc,marking    ] GC(378) Concurrent Scan Root Regions
[8.975s][info][gc,marking    ] GC(378) Concurrent Scan Root Regions 0.065ms
[8.975s][info][gc,marking    ] GC(378) Concurrent Mark (8.975s)
[8.975s][info][gc,marking    ] GC(378) Concurrent Mark From Roots
[8.975s][info][gc,task       ] GC(378) Using 2 workers of 2 for marking
[8.981s][info][gc,marking    ] GC(378) Concurrent Mark From Roots 6.150ms
[8.981s][info][gc,marking    ] GC(378) Concurrent Preclean
[8.982s][info][gc,marking    ] GC(378) Concurrent Preclean 0.076ms
[8.982s][info][gc,marking    ] GC(378) Concurrent Mark (8.975s, 8.982s) 6.285ms
[8.982s][info][gc,start      ] GC(378) Pause Remark
[8.983s][info][gc,stringtable] GC(378) Cleaned string and symbol table, strings: 4339 processed, 0 removed, symbols: 36588 processed, 0 removed
[8.984s][info][gc            ] GC(378) Pause Remark 1118M->1118M(1841M) 1.758ms
[8.984s][info][gc,cpu        ] GC(378) User=0.01s Sys=0.01s Real=0.00s
[8.984s][info][gc,marking    ] GC(378) Concurrent Rebuild Remembered Sets
[8.989s][info][gc,marking    ] GC(378) Concurrent Rebuild Remembered Sets 4.914ms
[8.989s][info][gc,start      ] GC(378) Pause Cleanup
[8.989s][info][gc            ] GC(378) Pause Cleanup 1119M->1119M(1841M) 0.262ms
[8.989s][info][gc,cpu        ] GC(378) User=0.00s Sys=0.00s Real=0.00s
[8.989s][info][gc,marking    ] GC(378) Concurrent Cleanup for Next Mark
[8.992s][info][gc,marking    ] GC(378) Concurrent Cleanup for Next Mark 2.475ms
[8.992s][info][gc            ] GC(378) Concurrent Cycle 16.465ms
[9.001s][info][gc,start      ] GC(379) Pause Young (Concurrent Start) (G1 Humongous Allocation)
[9.001s][info][gc,task       ] GC(379) Using 8 workers of 8 for evacuation
[9.003s][info][gc,phases     ] GC(379)   Pre Evacuate Collection Set: 0.3ms
[9.003s][info][gc,phases     ] GC(379)   Evacuate Collection Set: 1.0ms
[9.003s][info][gc,phases     ] GC(379)   Post Evacuate Collection Set: 0.1ms
[9.003s][info][gc,phases     ] GC(379)   Other: 0.2ms
[9.003s][info][gc,heap       ] GC(379) Eden regions: 4->0(520)
[9.003s][info][gc,heap       ] GC(379) Survivor regions: 1->1(66)
[9.003s][info][gc,heap       ] GC(379) Old regions: 26->26
[9.003s][info][gc,heap       ] GC(379) Humongous regions: 1094->1094
[9.003s][info][gc,metaspace  ] GC(379) Metaspace: 9858K->9858K(1058816K)
[9.003s][info][gc            ] GC(379) Pause Young (Concurrent Start) (G1 Humongous Allocation) 1123M->1119M(1841M) 1.690ms
[9.003s][info][gc,cpu        ] GC(379) User=0.01s Sys=0.00s Real=0.00s
[9.003s][info][gc            ] GC(380) Concurrent Cycle
[9.003s][info][gc,marking    ] GC(380) Concurrent Clear Claimed Marks
[9.003s][info][gc,marking    ] GC(380) Concurrent Clear Claimed Marks 0.014ms
[9.003s][info][gc,marking    ] GC(380) Concurrent Scan Root Regions
[9.003s][info][gc,marking    ] GC(380) Concurrent Scan Root Regions 0.079ms
[9.003s][info][gc,marking    ] GC(380) Concurrent Mark (9.003s)
[9.003s][info][gc,marking    ] GC(380) Concurrent Mark From Roots
[9.003s][info][gc,task       ] GC(380) Using 2 workers of 2 for marking
[9.009s][info][gc,marking    ] GC(380) Concurrent Mark From Roots 5.592ms
[9.009s][info][gc,marking    ] GC(380) Concurrent Preclean
[9.009s][info][gc,marking    ] GC(380) Concurrent Preclean 0.080ms
[9.009s][info][gc,marking    ] GC(380) Concurrent Mark (9.003s, 9.009s) 5.731ms
[9.009s][info][gc,start      ] GC(380) Pause Remark
[9.010s][info][gc,stringtable] GC(380) Cleaned string and symbol table, strings: 4339 processed, 0 removed, symbols: 36588 processed, 0 removed
[9.011s][info][gc            ] GC(380) Pause Remark 1122M->1122M(1841M) 1.764ms
[9.011s][info][gc,cpu        ] GC(380) User=0.01s Sys=0.00s Real=0.00s
[9.011s][info][gc,marking    ] GC(380) Concurrent Rebuild Remembered Sets
[9.016s][info][gc,marking    ] GC(380) Concurrent Rebuild Remembered Sets 5.217ms
[9.016s][info][gc,start      ] GC(380) Pause Cleanup
[9.016s][info][gc            ] GC(380) Pause Cleanup 1123M->1123M(1841M) 0.265ms
[9.017s][info][gc,cpu        ] GC(380) User=0.00s Sys=0.00s Real=0.00s
[9.017s][info][gc,marking    ] GC(380) Concurrent Cleanup for Next Mark
[9.019s][info][gc,marking    ] GC(380) Concurrent Cleanup for Next Mark 2.406ms
[9.019s][info][gc            ] GC(380) Concurrent Cycle 16.003ms
[9.029s][info][gc,start      ] GC(381) Pause Young (Concurrent Start) (G1 Humongous Allocation)
[9.029s][info][gc,task       ] GC(381) Using 8 workers of 8 for evacuation
[9.031s][info][gc,phases     ] GC(381)   Pre Evacuate Collection Set: 0.3ms
[9.031s][info][gc,phases     ] GC(381)   Evacuate Collection Set: 1.0ms
[9.031s][info][gc,phases     ] GC(381)   Post Evacuate Collection Set: 0.1ms
[9.031s][info][gc,phases     ] GC(381)   Other: 0.3ms
[9.031s][info][gc,heap       ] GC(381) Eden regions: 4->0(516)
[9.031s][info][gc,heap       ] GC(381) Survivor regions: 1->1(66)
[9.031s][info][gc,heap       ] GC(381) Old regions: 26->26
[9.031s][info][gc,heap       ] GC(381) Humongous regions: 1098->1098
[9.031s][info][gc,metaspace  ] GC(381) Metaspace: 9858K->9858K(1058816K)
[9.031s][info][gc            ] GC(381) Pause Young (Concurrent Start) (G1 Humongous Allocation) 1127M->1123M(1841M) 1.752ms
[9.031s][info][gc,cpu        ] GC(381) User=0.01s Sys=0.00s Real=0.00s
[9.031s][info][gc            ] GC(382) Concurrent Cycle
[9.031s][info][gc,marking    ] GC(382) Concurrent Clear Claimed Marks
[9.031s][info][gc,marking    ] GC(382) Concurrent Clear Claimed Marks 0.017ms
[9.031s][info][gc,marking    ] GC(382) Concurrent Scan Root Regions
[9.031s][info][gc,marking    ] GC(382) Concurrent Scan Root Regions 0.058ms
[9.031s][info][gc,marking    ] GC(382) Concurrent Mark (9.031s)
[9.031s][info][gc,marking    ] GC(382) Concurrent Mark From Roots
[9.031s][info][gc,task       ] GC(382) Using 2 workers of 2 for marking
[9.037s][info][gc,marking    ] GC(382) Concurrent Mark From Roots 5.709ms
[9.037s][info][gc,marking    ] GC(382) Concurrent Preclean
[9.037s][info][gc,marking    ] GC(382) Concurrent Preclean 0.075ms
[9.037s][info][gc,marking    ] GC(382) Concurrent Mark (9.031s, 9.037s) 5.840ms
[9.037s][info][gc,start      ] GC(382) Pause Remark
[9.038s][info][gc,stringtable] GC(382) Cleaned string and symbol table, strings: 4339 processed, 0 removed, symbols: 36588 processed, 0 removed
[9.039s][info][gc            ] GC(382) Pause Remark 1126M->1126M(1841M) 1.738ms
[9.039s][info][gc,cpu        ] GC(382) User=0.01s Sys=0.00s Real=0.00s
[9.039s][info][gc,marking    ] GC(382) Concurrent Rebuild Remembered Sets
[9.045s][info][gc,marking    ] GC(382) Concurrent Rebuild Remembered Sets 5.873ms
[9.045s][info][gc,start      ] GC(382) Pause Cleanup
[9.045s][info][gc            ] GC(382) Pause Cleanup 1127M->1127M(1841M) 0.265ms
[9.045s][info][gc,cpu        ] GC(382) User=0.00s Sys=0.00s Real=0.00s
[9.045s][info][gc,marking    ] GC(382) Concurrent Cleanup for Next Mark
[9.048s][info][gc,marking    ] GC(382) Concurrent Cleanup for Next Mark 2.608ms
[9.048s][info][gc            ] GC(382) Concurrent Cycle 17.034ms
[9.058s][info][gc,start      ] GC(383) Pause Young (Concurrent Start) (G1 Humongous Allocation)
[9.058s][info][gc,task       ] GC(383) Using 8 workers of 8 for evacuation
[9.060s][info][gc,phases     ] GC(383)   Pre Evacuate Collection Set: 0.4ms
[9.060s][info][gc,phases     ] GC(383)   Evacuate Collection Set: 1.0ms
[9.060s][info][gc,phases     ] GC(383)   Post Evacuate Collection Set: 0.2ms
[9.060s][info][gc,phases     ] GC(383)   Other: 0.3ms
[9.060s][info][gc,heap       ] GC(383) Eden regions: 4->0(512)
[9.060s][info][gc,heap       ] GC(383) Survivor regions: 1->1(65)
[9.060s][info][gc,heap       ] GC(383) Old regions: 26->26
[9.060s][info][gc,heap       ] GC(383) Humongous regions: 1102->1102
[9.060s][info][gc,metaspace  ] GC(383) Metaspace: 9858K->9858K(1058816K)
[9.060s][info][gc            ] GC(383) Pause Young (Concurrent Start) (G1 Humongous Allocation) 1131M->1127M(1841M) 2.202ms
[9.060s][info][gc,cpu        ] GC(383) User=0.00s Sys=0.01s Real=0.00s
[9.060s][info][gc            ] GC(384) Concurrent Cycle
[9.060s][info][gc,marking    ] GC(384) Concurrent Clear Claimed Marks
[9.060s][info][gc,marking    ] GC(384) Concurrent Clear Claimed Marks 0.011ms
[9.060s][info][gc,marking    ] GC(384) Concurrent Scan Root Regions
[9.060s][info][gc,marking    ] GC(384) Concurrent Scan Root Regions 0.087ms
[9.060s][info][gc,marking    ] GC(384) Concurrent Mark (9.060s)
[9.060s][info][gc,marking    ] GC(384) Concurrent Mark From Roots
[9.060s][info][gc,task       ] GC(384) Using 2 workers of 2 for marking
[9.066s][info][gc,marking    ] GC(384) Concurrent Mark From Roots 5.774ms
[9.066s][info][gc,marking    ] GC(384) Concurrent Preclean
[9.066s][info][gc,marking    ] GC(384) Concurrent Preclean 0.076ms
[9.066s][info][gc,marking    ] GC(384) Concurrent Mark (9.060s, 9.066s) 5.928ms
[9.066s][info][gc,start      ] GC(384) Pause Remark
[9.068s][info][gc,stringtable] GC(384) Cleaned string and symbol table, strings: 4339 processed, 0 removed, symbols: 36588 processed, 0 removed
[9.068s][info][gc            ] GC(384) Pause Remark 1130M->1130M(1841M) 1.676ms
[9.068s][info][gc,cpu        ] GC(384) User=0.01s Sys=0.00s Real=0.00s
[9.068s][info][gc,marking    ] GC(384) Concurrent Rebuild Remembered Sets
[9.073s][info][gc,marking    ] GC(384) Concurrent Rebuild Remembered Sets 5.270ms
[9.074s][info][gc,start      ] GC(384) Pause Cleanup
[9.074s][info][gc            ] GC(384) Pause Cleanup 1131M->1131M(1841M) 0.322ms
[9.074s][info][gc,cpu        ] GC(384) User=0.01s Sys=0.00s Real=0.00s
[9.074s][info][gc,marking    ] GC(384) Concurrent Cleanup for Next Mark
[9.077s][info][gc,marking    ] GC(384) Concurrent Cleanup for Next Mark 2.857ms
[9.077s][info][gc            ] GC(384) Concurrent Cycle 16.762ms
[9.088s][info][gc,start      ] GC(385) Pause Young (Concurrent Start) (G1 Humongous Allocation)
[9.088s][info][gc,task       ] GC(385) Using 8 workers of 8 for evacuation
[9.089s][info][gc,phases     ] GC(385)   Pre Evacuate Collection Set: 0.3ms
[9.089s][info][gc,phases     ] GC(385)   Evacuate Collection Set: 0.9ms
[9.089s][info][gc,phases     ] GC(385)   Post Evacuate Collection Set: 0.1ms
[9.089s][info][gc,phases     ] GC(385)   Other: 0.2ms
[9.089s][info][gc,heap       ] GC(385) Eden regions: 4->0(509)
[9.089s][info][gc,heap       ] GC(385) Survivor regions: 1->1(65)
[9.089s][info][gc,heap       ] GC(385) Old regions: 26->26
[9.089s][info][gc,heap       ] GC(385) Humongous regions: 1106->1106
[9.089s][info][gc,metaspace  ] GC(385) Metaspace: 9858K->9858K(1058816K)
[9.089s][info][gc            ] GC(385) Pause Young (Concurrent Start) (G1 Humongous Allocation) 1135M->1131M(1841M) 1.656ms
[9.089s][info][gc,cpu        ] GC(385) User=0.01s Sys=0.00s Real=0.00s
[9.089s][info][gc            ] GC(386) Concurrent Cycle
[9.089s][info][gc,marking    ] GC(386) Concurrent Clear Claimed Marks
[9.089s][info][gc,marking    ] GC(386) Concurrent Clear Claimed Marks 0.010ms
[9.089s][info][gc,marking    ] GC(386) Concurrent Scan Root Regions
[9.090s][info][gc,marking    ] GC(386) Concurrent Scan Root Regions 0.067ms
[9.090s][info][gc,marking    ] GC(386) Concurrent Mark (9.090s)
[9.090s][info][gc,marking    ] GC(386) Concurrent Mark From Roots
[9.090s][info][gc,task       ] GC(386) Using 2 workers of 2 for marking
[9.095s][info][gc,marking    ] GC(386) Concurrent Mark From Roots 5.804ms
[9.095s][info][gc,marking    ] GC(386) Concurrent Preclean
[9.096s][info][gc,marking    ] GC(386) Concurrent Preclean 0.130ms
[9.096s][info][gc,marking    ] GC(386) Concurrent Mark (9.090s, 9.096s) 6.006ms
[9.096s][info][gc,start      ] GC(386) Pause Remark
[9.097s][info][gc,stringtable] GC(386) Cleaned string and symbol table, strings: 4339 processed, 0 removed, symbols: 36588 processed, 0 removed
[9.097s][info][gc            ] GC(386) Pause Remark 1134M->1134M(1841M) 1.590ms
[9.097s][info][gc,cpu        ] GC(386) User=0.01s Sys=0.00s Real=0.00s
[9.097s][info][gc,marking    ] GC(386) Concurrent Rebuild Remembered Sets
[9.103s][info][gc,marking    ] GC(386) Concurrent Rebuild Remembered Sets 5.535ms
[9.104s][info][gc,start      ] GC(386) Pause Cleanup
[9.104s][info][gc            ] GC(386) Pause Cleanup 1137M->1137M(1841M) 0.266ms
[9.104s][info][gc,cpu        ] GC(386) User=0.00s Sys=0.00s Real=0.00s
[9.104s][info][gc,marking    ] GC(386) Concurrent Cleanup for Next Mark
[9.106s][info][gc,marking    ] GC(386) Concurrent Cleanup for Next Mark 2.528ms
[9.106s][info][gc            ] GC(386) Concurrent Cycle 17.027ms
[9.115s][info][gc,start      ] GC(387) Pause Young (Concurrent Start) (G1 Humongous Allocation)
[9.115s][info][gc,task       ] GC(387) Using 8 workers of 8 for evacuation
[9.117s][info][gc,phases     ] GC(387)   Pre Evacuate Collection Set: 0.3ms
[9.117s][info][gc,phases     ] GC(387)   Evacuate Collection Set: 1.0ms
[9.117s][info][gc,phases     ] GC(387)   Post Evacuate Collection Set: 0.1ms
[9.117s][info][gc,phases     ] GC(387)   Other: 0.3ms
[9.117s][info][gc,heap       ] GC(387) Eden regions: 4->0(505)
[9.117s][info][gc,heap       ] GC(387) Survivor regions: 1->1(64)
[9.117s][info][gc,heap       ] GC(387) Old regions: 26->26
[9.117s][info][gc,heap       ] GC(387) Humongous regions: 1110->1110
[9.117s][info][gc,metaspace  ] GC(387) Metaspace: 9858K->9858K(1058816K)
[9.117s][info][gc            ] GC(387) Pause Young (Concurrent Start) (G1 Humongous Allocation) 1139M->1135M(1841M) 1.937ms
[9.117s][info][gc,cpu        ] GC(387) User=0.01s Sys=0.00s Real=0.00s
[9.117s][info][gc            ] GC(388) Concurrent Cycle
[9.117s][info][gc,marking    ] GC(388) Concurrent Clear Claimed Marks
[9.117s][info][gc,marking    ] GC(388) Concurrent Clear Claimed Marks 0.054ms
[9.117s][info][gc,marking    ] GC(388) Concurrent Scan Root Regions
[9.117s][info][gc,marking    ] GC(388) Concurrent Scan Root Regions 0.063ms
[9.118s][info][gc,marking    ] GC(388) Concurrent Mark (9.118s)
[9.118s][info][gc,marking    ] GC(388) Concurrent Mark From Roots
[9.118s][info][gc,task       ] GC(388) Using 2 workers of 2 for marking
[9.124s][info][gc,marking    ] GC(388) Concurrent Mark From Roots 6.177ms
[9.124s][info][gc,marking    ] GC(388) Concurrent Preclean
[9.124s][info][gc,marking    ] GC(388) Concurrent Preclean 0.080ms
[9.124s][info][gc,marking    ] GC(388) Concurrent Mark (9.118s, 9.124s) 6.336ms
[9.124s][info][gc,start      ] GC(388) Pause Remark
[9.125s][info][gc,stringtable] GC(388) Cleaned string and symbol table, strings: 4339 processed, 0 removed, symbols: 36588 processed, 0 removed
[9.126s][info][gc            ] GC(388) Pause Remark 1139M->1139M(1841M) 1.696ms
[9.126s][info][gc,cpu        ] GC(388) User=0.01s Sys=0.00s Real=0.00s
[9.126s][info][gc,marking    ] GC(388) Concurrent Rebuild Remembered Sets
[9.131s][info][gc,marking    ] GC(388) Concurrent Rebuild Remembered Sets 5.497ms
[9.131s][info][gc,start      ] GC(388) Pause Cleanup
[9.132s][info][gc            ] GC(388) Pause Cleanup 1139M->1139M(1841M) 0.269ms
[9.132s][info][gc,cpu        ] GC(388) User=0.00s Sys=0.00s Real=0.00s
[9.132s][info][gc,marking    ] GC(388) Concurrent Cleanup for Next Mark
[9.134s][info][gc,marking    ] GC(388) Concurrent Cleanup for Next Mark 2.346ms
[9.134s][info][gc            ] GC(388) Concurrent Cycle 16.899ms
[9.144s][info][gc,start      ] GC(389) Pause Young (Concurrent Start) (G1 Humongous Allocation)
[9.144s][info][gc,task       ] GC(389) Using 8 workers of 8 for evacuation
[9.146s][info][gc,phases     ] GC(389)   Pre Evacuate Collection Set: 0.3ms
[9.146s][info][gc,phases     ] GC(389)   Evacuate Collection Set: 1.0ms
[9.146s][info][gc,phases     ] GC(389)   Post Evacuate Collection Set: 0.1ms
[9.146s][info][gc,phases     ] GC(389)   Other: 0.2ms
[9.146s][info][gc,heap       ] GC(389) Eden regions: 4->0(501)
[9.146s][info][gc,heap       ] GC(389) Survivor regions: 1->1(64)
[9.146s][info][gc,heap       ] GC(389) Old regions: 26->26
[9.146s][info][gc,heap       ] GC(389) Humongous regions: 1114->1114
[9.146s][info][gc,metaspace  ] GC(389) Metaspace: 9858K->9858K(1058816K)
[9.146s][info][gc            ] GC(389) Pause Young (Concurrent Start) (G1 Humongous Allocation) 1143M->1139M(1841M) 1.721ms
[9.146s][info][gc,cpu        ] GC(389) User=0.01s Sys=0.00s Real=0.00s
[9.146s][info][gc            ] GC(390) Concurrent Cycle
[9.146s][info][gc,marking    ] GC(390) Concurrent Clear Claimed Marks
[9.146s][info][gc,marking    ] GC(390) Concurrent Clear Claimed Marks 0.010ms
[9.146s][info][gc,marking    ] GC(390) Concurrent Scan Root Regions
[9.146s][info][gc,marking    ] GC(390) Concurrent Scan Root Regions 0.050ms
[9.146s][info][gc,marking    ] GC(390) Concurrent Mark (9.146s)
[9.146s][info][gc,marking    ] GC(390) Concurrent Mark From Roots
[9.146s][info][gc,task       ] GC(390) Using 2 workers of 2 for marking
[9.152s][info][gc,marking    ] GC(390) Concurrent Mark From Roots 5.612ms
[9.152s][info][gc,marking    ] GC(390) Concurrent Preclean
[9.152s][info][gc,marking    ] GC(390) Concurrent Preclean 0.095ms
[9.152s][info][gc,marking    ] GC(390) Concurrent Mark (9.146s, 9.152s) 5.770ms
[9.152s][info][gc,start      ] GC(390) Pause Remark
[9.154s][info][gc,stringtable] GC(390) Cleaned string and symbol table, strings: 4339 processed, 0 removed, symbols: 36588 processed, 0 removed
[9.154s][info][gc            ] GC(390) Pause Remark 1142M->1142M(1841M) 1.780ms
[9.154s][info][gc,cpu        ] GC(390) User=0.01s Sys=0.00s Real=0.00s
[9.154s][info][gc,marking    ] GC(390) Concurrent Rebuild Remembered Sets
[9.159s][info][gc,marking    ] GC(390) Concurrent Rebuild Remembered Sets 5.529ms
[9.160s][info][gc,start      ] GC(390) Pause Cleanup
[9.160s][info][gc            ] GC(390) Pause Cleanup 1143M->1143M(1841M) 0.336ms
[9.160s][info][gc,cpu        ] GC(390) User=0.00s Sys=0.00s Real=0.00s
[9.160s][info][gc,marking    ] GC(390) Concurrent Cleanup for Next Mark
[9.163s][info][gc,marking    ] GC(390) Concurrent Cleanup for Next Mark 2.885ms
[9.163s][info][gc            ] GC(390) Concurrent Cycle 16.918ms
[9.177s][info][gc,start      ] GC(391) Pause Young (Concurrent Start) (G1 Humongous Allocation)
[9.177s][info][gc,task       ] GC(391) Using 8 workers of 8 for evacuation
[9.179s][info][gc,phases     ] GC(391)   Pre Evacuate Collection Set: 0.3ms
[9.179s][info][gc,phases     ] GC(391)   Evacuate Collection Set: 1.1ms
[9.179s][info][gc,phases     ] GC(391)   Post Evacuate Collection Set: 0.2ms
[9.179s][info][gc,phases     ] GC(391)   Other: 0.4ms
[9.179s][info][gc,heap       ] GC(391) Eden regions: 4->0(497)
[9.179s][info][gc,heap       ] GC(391) Survivor regions: 1->1(63)
[9.179s][info][gc,heap       ] GC(391) Old regions: 26->26
[9.179s][info][gc,heap       ] GC(391) Humongous regions: 1118->1118
[9.179s][info][gc,metaspace  ] GC(391) Metaspace: 9858K->9858K(1058816K)
[9.179s][info][gc            ] GC(391) Pause Young (Concurrent Start) (G1 Humongous Allocation) 1147M->1143M(1841M) 2.136ms
[9.179s][info][gc,cpu        ] GC(391) User=0.00s Sys=0.00s Real=0.00s
[9.179s][info][gc            ] GC(392) Concurrent Cycle
[9.179s][info][gc,marking    ] GC(392) Concurrent Clear Claimed Marks
[9.179s][info][gc,marking    ] GC(392) Concurrent Clear Claimed Marks 0.018ms
[9.179s][info][gc,marking    ] GC(392) Concurrent Scan Root Regions
[9.180s][info][gc,marking    ] GC(392) Concurrent Scan Root Regions 0.117ms
[9.180s][info][gc,marking    ] GC(392) Concurrent Mark (9.180s)
[9.180s][info][gc,marking    ] GC(392) Concurrent Mark From Roots
[9.180s][info][gc,task       ] GC(392) Using 2 workers of 2 for marking
[9.185s][info][gc,marking    ] GC(392) Concurrent Mark From Roots 5.343ms
[9.185s][info][gc,marking    ] GC(392) Concurrent Preclean
[9.185s][info][gc,marking    ] GC(392) Concurrent Preclean 0.091ms
[9.185s][info][gc,marking    ] GC(392) Concurrent Mark (9.180s, 9.185s) 5.499ms
[9.185s][info][gc,start      ] GC(392) Pause Remark
[9.187s][info][gc,stringtable] GC(392) Cleaned string and symbol table, strings: 4339 processed, 0 removed, symbols: 36588 processed, 0 removed
[9.187s][info][gc            ] GC(392) Pause Remark 1146M->1146M(1841M) 1.741ms
[9.187s][info][gc,cpu        ] GC(392) User=0.01s Sys=0.00s Real=0.00s
[9.187s][info][gc,marking    ] GC(392) Concurrent Rebuild Remembered Sets
[9.192s][info][gc,marking    ] GC(392) Concurrent Rebuild Remembered Sets 5.042ms
[9.192s][info][gc,start      ] GC(392) Pause Cleanup
[9.193s][info][gc            ] GC(392) Pause Cleanup 1147M->1147M(1841M) 0.301ms
[9.193s][info][gc,cpu        ] GC(392) User=0.00s Sys=0.00s Real=0.00s
[9.193s][info][gc,marking    ] GC(392) Concurrent Cleanup for Next Mark
[9.195s][info][gc,marking    ] GC(392) Concurrent Cleanup for Next Mark 2.685ms
[9.195s][info][gc            ] GC(392) Concurrent Cycle 16.021ms
[9.206s][info][gc,start      ] GC(393) Pause Young (Concurrent Start) (G1 Humongous Allocation)
[9.206s][info][gc,task       ] GC(393) Using 8 workers of 8 for evacuation
[9.207s][info][gc,phases     ] GC(393)   Pre Evacuate Collection Set: 0.3ms
[9.207s][info][gc,phases     ] GC(393)   Evacuate Collection Set: 0.9ms
[9.207s][info][gc,phases     ] GC(393)   Post Evacuate Collection Set: 0.2ms
[9.207s][info][gc,phases     ] GC(393)   Other: 0.3ms
[9.207s][info][gc,heap       ] GC(393) Eden regions: 4->0(493)
[9.207s][info][gc,heap       ] GC(393) Survivor regions: 1->1(63)
[9.207s][info][gc,heap       ] GC(393) Old regions: 26->26
[9.207s][info][gc,heap       ] GC(393) Humongous regions: 1122->1122
[9.207s][info][gc,metaspace  ] GC(393) Metaspace: 9858K->9858K(1058816K)
[9.207s][info][gc            ] GC(393) Pause Young (Concurrent Start) (G1 Humongous Allocation) 1151M->1147M(1841M) 1.924ms
[9.207s][info][gc,cpu        ] GC(393) User=0.01s Sys=0.00s Real=0.00s
[9.208s][info][gc            ] GC(394) Concurrent Cycle
[9.208s][info][gc,marking    ] GC(394) Concurrent Clear Claimed Marks
[9.208s][info][gc,marking    ] GC(394) Concurrent Clear Claimed Marks 0.038ms
[9.208s][info][gc,marking    ] GC(394) Concurrent Scan Root Regions
[9.208s][info][gc,marking    ] GC(394) Concurrent Scan Root Regions 0.076ms
[9.208s][info][gc,marking    ] GC(394) Concurrent Mark (9.208s)
[9.208s][info][gc,marking    ] GC(394) Concurrent Mark From Roots
[9.208s][info][gc,task       ] GC(394) Using 2 workers of 2 for marking
[9.214s][info][gc,marking    ] GC(394) Concurrent Mark From Roots 6.064ms
[9.214s][info][gc,marking    ] GC(394) Concurrent Preclean
[9.214s][info][gc,marking    ] GC(394) Concurrent Preclean 0.096ms
[9.214s][info][gc,marking    ] GC(394) Concurrent Mark (9.208s, 9.214s) 6.281ms
[9.214s][info][gc,start      ] GC(394) Pause Remark
[9.216s][info][gc,stringtable] GC(394) Cleaned string and symbol table, strings: 4339 processed, 0 removed, symbols: 36588 processed, 0 removed
[9.216s][info][gc            ] GC(394) Pause Remark 1150M->1150M(1841M) 1.756ms
[9.216s][info][gc,cpu        ] GC(394) User=0.01s Sys=0.00s Real=0.00s
[9.216s][info][gc,marking    ] GC(394) Concurrent Rebuild Remembered Sets
[9.221s][info][gc,marking    ] GC(394) Concurrent Rebuild Remembered Sets 5.218ms
[9.221s][info][gc,start      ] GC(394) Pause Cleanup
[9.222s][info][gc            ] GC(394) Pause Cleanup 1151M->1151M(1841M) 0.304ms
[9.222s][info][gc,cpu        ] GC(394) User=0.00s Sys=0.00s Real=0.00s
[9.222s][info][gc,marking    ] GC(394) Concurrent Cleanup for Next Mark
[9.224s][info][gc,marking    ] GC(394) Concurrent Cleanup for Next Mark 2.469ms
[9.224s][info][gc            ] GC(394) Concurrent Cycle 16.753ms
[9.234s][info][gc,start      ] GC(395) Pause Young (Concurrent Start) (G1 Humongous Allocation)
[9.234s][info][gc,task       ] GC(395) Using 8 workers of 8 for evacuation
[9.236s][info][gc,phases     ] GC(395)   Pre Evacuate Collection Set: 0.3ms
[9.236s][info][gc,phases     ] GC(395)   Evacuate Collection Set: 1.0ms
[9.236s][info][gc,phases     ] GC(395)   Post Evacuate Collection Set: 0.2ms
[9.236s][info][gc,phases     ] GC(395)   Other: 0.3ms
[9.236s][info][gc,heap       ] GC(395) Eden regions: 4->0(489)
[9.236s][info][gc,heap       ] GC(395) Survivor regions: 1->1(62)
[9.236s][info][gc,heap       ] GC(395) Old regions: 26->26
[9.236s][info][gc,heap       ] GC(395) Humongous regions: 1126->1126
[9.236s][info][gc,metaspace  ] GC(395) Metaspace: 9858K->9858K(1058816K)
[9.236s][info][gc            ] GC(395) Pause Young (Concurrent Start) (G1 Humongous Allocation) 1155M->1151M(1841M) 1.958ms
[9.236s][info][gc,cpu        ] GC(395) User=0.01s Sys=0.00s Real=0.00s
[9.236s][info][gc            ] GC(396) Concurrent Cycle
[9.236s][info][gc,marking    ] GC(396) Concurrent Clear Claimed Marks
[9.236s][info][gc,marking    ] GC(396) Concurrent Clear Claimed Marks 0.013ms
[9.236s][info][gc,marking    ] GC(396) Concurrent Scan Root Regions
[9.236s][info][gc,marking    ] GC(396) Concurrent Scan Root Regions 0.105ms
[9.236s][info][gc,marking    ] GC(396) Concurrent Mark (9.236s)
[9.236s][info][gc,marking    ] GC(396) Concurrent Mark From Roots
[9.236s][info][gc,task       ] GC(396) Using 2 workers of 2 for marking
[9.242s][info][gc,marking    ] GC(396) Concurrent Mark From Roots 5.614ms
[9.242s][info][gc,marking    ] GC(396) Concurrent Preclean
[9.242s][info][gc,marking    ] GC(396) Concurrent Preclean 0.086ms
[9.242s][info][gc,marking    ] GC(396) Concurrent Mark (9.236s, 9.242s) 5.777ms
[9.242s][info][gc,start      ] GC(396) Pause Remark
[9.243s][info][gc,stringtable] GC(396) Cleaned string and symbol table, strings: 4339 processed, 0 removed, symbols: 36588 processed, 0 removed
[9.244s][info][gc            ] GC(396) Pause Remark 1154M->1154M(1841M) 1.831ms
[9.244s][info][gc,cpu        ] GC(396) User=0.00s Sys=0.00s Real=0.00s
[9.244s][info][gc,marking    ] GC(396) Concurrent Rebuild Remembered Sets
[9.249s][info][gc,marking    ] GC(396) Concurrent Rebuild Remembered Sets 4.768ms
[9.249s][info][gc,start      ] GC(396) Pause Cleanup
[9.249s][info][gc            ] GC(396) Pause Cleanup 1155M->1155M(1841M) 0.195ms
[9.249s][info][gc,cpu        ] GC(396) User=0.00s Sys=0.00s Real=0.00s
[9.249s][info][gc,marking    ] GC(396) Concurrent Cleanup for Next Mark
[9.251s][info][gc,marking    ] GC(396) Concurrent Cleanup for Next Mark 2.414ms
[9.251s][info][gc            ] GC(396) Concurrent Cycle 15.552ms
[9.261s][info][gc,start      ] GC(397) Pause Young (Concurrent Start) (G1 Humongous Allocation)
[9.261s][info][gc,task       ] GC(397) Using 8 workers of 8 for evacuation
[9.262s][info][gc,phases     ] GC(397)   Pre Evacuate Collection Set: 0.3ms
[9.262s][info][gc,phases     ] GC(397)   Evacuate Collection Set: 0.7ms
[9.262s][info][gc,phases     ] GC(397)   Post Evacuate Collection Set: 0.1ms
[9.262s][info][gc,phases     ] GC(397)   Other: 0.2ms
[9.262s][info][gc,heap       ] GC(397) Eden regions: 4->0(485)
[9.262s][info][gc,heap       ] GC(397) Survivor regions: 1->1(62)
[9.262s][info][gc,heap       ] GC(397) Old regions: 26->26
[9.262s][info][gc,heap       ] GC(397) Humongous regions: 1130->1130
[9.262s][info][gc,metaspace  ] GC(397) Metaspace: 9858K->9858K(1058816K)
[9.262s][info][gc            ] GC(397) Pause Young (Concurrent Start) (G1 Humongous Allocation) 1159M->1155M(1841M) 1.452ms
[9.262s][info][gc,cpu        ] GC(397) User=0.01s Sys=0.00s Real=0.01s
[9.262s][info][gc            ] GC(398) Concurrent Cycle
[9.262s][info][gc,marking    ] GC(398) Concurrent Clear Claimed Marks
[9.262s][info][gc,marking    ] GC(398) Concurrent Clear Claimed Marks 0.011ms
[9.262s][info][gc,marking    ] GC(398) Concurrent Scan Root Regions
[9.262s][info][gc,marking    ] GC(398) Concurrent Scan Root Regions 0.058ms
[9.262s][info][gc,marking    ] GC(398) Concurrent Mark (9.262s)
[9.262s][info][gc,marking    ] GC(398) Concurrent Mark From Roots
[9.262s][info][gc,task       ] GC(398) Using 2 workers of 2 for marking
[9.268s][info][gc,marking    ] GC(398) Concurrent Mark From Roots 5.984ms
[9.268s][info][gc,marking    ] GC(398) Concurrent Preclean
[9.269s][info][gc,marking    ] GC(398) Concurrent Preclean 0.074ms
[9.269s][info][gc,marking    ] GC(398) Concurrent Mark (9.262s, 9.269s) 6.108ms
[9.269s][info][gc,start      ] GC(398) Pause Remark
[9.270s][info][gc,stringtable] GC(398) Cleaned string and symbol table, strings: 4339 processed, 0 removed, symbols: 36588 processed, 0 removed
[9.270s][info][gc            ] GC(398) Pause Remark 1159M->1159M(1841M) 1.538ms
[9.270s][info][gc,cpu        ] GC(398) User=0.01s Sys=0.00s Real=0.00s
[9.270s][info][gc,marking    ] GC(398) Concurrent Rebuild Remembered Sets
[9.275s][info][gc,marking    ] GC(398) Concurrent Rebuild Remembered Sets 4.986ms
[9.275s][info][gc,start      ] GC(398) Pause Cleanup
[9.276s][info][gc            ] GC(398) Pause Cleanup 1159M->1159M(1841M) 0.201ms
[9.276s][info][gc,cpu        ] GC(398) User=0.00s Sys=0.00s Real=0.00s
[9.276s][info][gc,marking    ] GC(398) Concurrent Cleanup for Next Mark
[9.278s][info][gc,marking    ] GC(398) Concurrent Cleanup for Next Mark 2.682ms
[9.278s][info][gc            ] GC(398) Concurrent Cycle 16.011ms
[9.288s][info][gc,start      ] GC(399) Pause Young (Concurrent Start) (G1 Humongous Allocation)
[9.288s][info][gc,task       ] GC(399) Using 8 workers of 8 for evacuation
[9.289s][info][gc,phases     ] GC(399)   Pre Evacuate Collection Set: 0.3ms
[9.289s][info][gc,phases     ] GC(399)   Evacuate Collection Set: 0.5ms
[9.289s][info][gc,phases     ] GC(399)   Post Evacuate Collection Set: 0.1ms
[9.289s][info][gc,phases     ] GC(399)   Other: 0.2ms
[9.289s][info][gc,heap       ] GC(399) Eden regions: 4->0(481)
[9.289s][info][gc,heap       ] GC(399) Survivor regions: 1->1(61)
[9.289s][info][gc,heap       ] GC(399) Old regions: 26->26
[9.289s][info][gc,heap       ] GC(399) Humongous regions: 1134->1134
[9.289s][info][gc,metaspace  ] GC(399) Metaspace: 9858K->9858K(1058816K)
[9.289s][info][gc            ] GC(399) Pause Young (Concurrent Start) (G1 Humongous Allocation) 1163M->1159M(1841M) 1.238ms
[9.289s][info][gc,cpu        ] GC(399) User=0.00s Sys=0.00s Real=0.00s
[9.289s][info][gc            ] GC(400) Concurrent Cycle
[9.289s][info][gc,marking    ] GC(400) Concurrent Clear Claimed Marks
[9.289s][info][gc,marking    ] GC(400) Concurrent Clear Claimed Marks 0.010ms
[9.289s][info][gc,marking    ] GC(400) Concurrent Scan Root Regions
[9.289s][info][gc,marking    ] GC(400) Concurrent Scan Root Regions 0.067ms
[9.289s][info][gc,marking    ] GC(400) Concurrent Mark (9.289s)
[9.289s][info][gc,marking    ] GC(400) Concurrent Mark From Roots
[9.289s][info][gc,task       ] GC(400) Using 2 workers of 2 for marking
[9.295s][info][gc,marking    ] GC(400) Concurrent Mark From Roots 5.231ms
[9.295s][info][gc,marking    ] GC(400) Concurrent Preclean
[9.295s][info][gc,marking    ] GC(400) Concurrent Preclean 0.077ms
[9.295s][info][gc,marking    ] GC(400) Concurrent Mark (9.289s, 9.295s) 5.364ms
[9.295s][info][gc,start      ] GC(400) Pause Remark
[9.296s][info][gc,stringtable] GC(400) Cleaned string and symbol table, strings: 4339 processed, 0 removed, symbols: 36588 processed, 0 removed
[9.296s][info][gc            ] GC(400) Pause Remark 1162M->1162M(1841M) 1.029ms
[9.296s][info][gc,cpu        ] GC(400) User=0.00s Sys=0.00s Real=0.00s
[9.296s][info][gc,marking    ] GC(400) Concurrent Rebuild Remembered Sets
[9.301s][info][gc,marking    ] GC(400) Concurrent Rebuild Remembered Sets 4.719ms
[9.301s][info][gc,start      ] GC(400) Pause Cleanup
[9.301s][info][gc            ] GC(400) Pause Cleanup 1163M->1163M(1841M) 0.248ms
[9.301s][info][gc,cpu        ] GC(400) User=0.00s Sys=0.00s Real=0.00s
[9.301s][info][gc,marking    ] GC(400) Concurrent Cleanup for Next Mark
[9.303s][info][gc,marking    ] GC(400) Concurrent Cleanup for Next Mark 2.372ms
[9.304s][info][gc            ] GC(400) Concurrent Cycle 14.170ms
[9.313s][info][gc,start      ] GC(401) Pause Young (Concurrent Start) (G1 Humongous Allocation)
[9.313s][info][gc,task       ] GC(401) Using 8 workers of 8 for evacuation
[9.314s][info][gc,phases     ] GC(401)   Pre Evacuate Collection Set: 0.3ms
[9.314s][info][gc,phases     ] GC(401)   Evacuate Collection Set: 0.4ms
[9.314s][info][gc,phases     ] GC(401)   Post Evacuate Collection Set: 0.1ms
[9.314s][info][gc,phases     ] GC(401)   Other: 0.2ms
[9.314s][info][gc,heap       ] GC(401) Eden regions: 4->0(477)
[9.315s][info][gc,heap       ] GC(401) Survivor regions: 1->1(61)
[9.315s][info][gc,heap       ] GC(401) Old regions: 26->26
[9.315s][info][gc,heap       ] GC(401) Humongous regions: 1138->1138
[9.315s][info][gc,metaspace  ] GC(401) Metaspace: 9858K->9858K(1058816K)
[9.315s][info][gc            ] GC(401) Pause Young (Concurrent Start) (G1 Humongous Allocation) 1167M->1163M(1841M) 1.106ms
[9.315s][info][gc,cpu        ] GC(401) User=0.00s Sys=0.00s Real=0.00s
[9.315s][info][gc            ] GC(402) Concurrent Cycle
[9.315s][info][gc,marking    ] GC(402) Concurrent Clear Claimed Marks
[9.315s][info][gc,marking    ] GC(402) Concurrent Clear Claimed Marks 0.012ms
[9.315s][info][gc,marking    ] GC(402) Concurrent Scan Root Regions
[9.315s][info][gc,marking    ] GC(402) Concurrent Scan Root Regions 0.068ms
[9.315s][info][gc,marking    ] GC(402) Concurrent Mark (9.315s)
[9.315s][info][gc,marking    ] GC(402) Concurrent Mark From Roots
[9.315s][info][gc,task       ] GC(402) Using 2 workers of 2 for marking
[9.321s][info][gc,marking    ] GC(402) Concurrent Mark From Roots 6.339ms
[9.321s][info][gc,marking    ] GC(402) Concurrent Preclean
[9.321s][info][gc,marking    ] GC(402) Concurrent Preclean 0.079ms
[9.321s][info][gc,marking    ] GC(402) Concurrent Mark (9.315s, 9.321s) 6.476ms
[9.321s][info][gc,start      ] GC(402) Pause Remark
[9.322s][info][gc,stringtable] GC(402) Cleaned string and symbol table, strings: 4341 processed, 0 removed, symbols: 36588 processed, 0 removed
[9.322s][info][gc            ] GC(402) Pause Remark 1166M->1166M(1841M) 0.977ms
[9.322s][info][gc,cpu        ] GC(402) User=0.00s Sys=0.00s Real=0.00s
[9.322s][info][gc,marking    ] GC(402) Concurrent Rebuild Remembered Sets
[9.327s][info][gc,marking    ] GC(402) Concurrent Rebuild Remembered Sets 4.669ms
[9.327s][info][gc,start      ] GC(402) Pause Cleanup
[9.327s][info][gc            ] GC(402) Pause Cleanup 1167M->1167M(1841M) 0.188ms
[9.327s][info][gc,cpu        ] GC(402) User=0.00s Sys=0.00s Real=0.00s
[9.327s][info][gc,marking    ] GC(402) Concurrent Cleanup for Next Mark
[9.330s][info][gc,marking    ] GC(402) Concurrent Cleanup for Next Mark 2.383ms
[9.330s][info][gc            ] GC(402) Concurrent Cycle 15.128ms
[9.340s][info][gc,start      ] GC(403) Pause Young (Concurrent Start) (G1 Humongous Allocation)
[9.340s][info][gc,task       ] GC(403) Using 8 workers of 8 for evacuation
[9.341s][info][gc,phases     ] GC(403)   Pre Evacuate Collection Set: 0.4ms
[9.341s][info][gc,phases     ] GC(403)   Evacuate Collection Set: 0.4ms
[9.341s][info][gc,phases     ] GC(403)   Post Evacuate Collection Set: 0.1ms
[9.341s][info][gc,phases     ] GC(403)   Other: 0.2ms
[9.341s][info][gc,heap       ] GC(403) Eden regions: 4->0(473)
[9.341s][info][gc,heap       ] GC(403) Survivor regions: 1->1(60)
[9.341s][info][gc,heap       ] GC(403) Old regions: 26->26
[9.341s][info][gc,heap       ] GC(403) Humongous regions: 1142->1142
[9.341s][info][gc,metaspace  ] GC(403) Metaspace: 9858K->9858K(1058816K)
[9.341s][info][gc            ] GC(403) Pause Young (Concurrent Start) (G1 Humongous Allocation) 1171M->1167M(1841M) 1.244ms
[9.341s][info][gc,cpu        ] GC(403) User=0.01s Sys=0.00s Real=0.01s
[9.341s][info][gc            ] GC(404) Concurrent Cycle
[9.341s][info][gc,marking    ] GC(404) Concurrent Clear Claimed Marks
[9.341s][info][gc,marking    ] GC(404) Concurrent Clear Claimed Marks 0.015ms
[9.341s][info][gc,marking    ] GC(404) Concurrent Scan Root Regions
[9.342s][info][gc,marking    ] GC(404) Concurrent Scan Root Regions 0.071ms
[9.342s][info][gc,marking    ] GC(404) Concurrent Mark (9.342s)
[9.342s][info][gc,marking    ] GC(404) Concurrent Mark From Roots
[9.342s][info][gc,task       ] GC(404) Using 2 workers of 2 for marking
[9.347s][info][gc,marking    ] GC(404) Concurrent Mark From Roots 5.357ms
[9.347s][info][gc,marking    ] GC(404) Concurrent Preclean
[9.347s][info][gc,marking    ] GC(404) Concurrent Preclean 0.077ms
[9.347s][info][gc,marking    ] GC(404) Concurrent Mark (9.342s, 9.347s) 5.489ms
[9.347s][info][gc,start      ] GC(404) Pause Remark
[9.348s][info][gc,stringtable] GC(404) Cleaned string and symbol table, strings: 4341 processed, 0 removed, symbols: 36588 processed, 0 removed
[9.349s][info][gc            ] GC(404) Pause Remark 1170M->1170M(1841M) 1.450ms
[9.349s][info][gc,cpu        ] GC(404) User=0.01s Sys=0.00s Real=0.00s
[9.349s][info][gc,marking    ] GC(404) Concurrent Rebuild Remembered Sets
[9.354s][info][gc,marking    ] GC(404) Concurrent Rebuild Remembered Sets 4.848ms
[9.354s][info][gc,start      ] GC(404) Pause Cleanup
[9.354s][info][gc            ] GC(404) Pause Cleanup 1171M->1171M(1841M) 0.221ms
[9.354s][info][gc,cpu        ] GC(404) User=0.00s Sys=0.00s Real=0.00s
[9.354s][info][gc,marking    ] GC(404) Concurrent Cleanup for Next Mark
[9.357s][info][gc,marking    ] GC(404) Concurrent Cleanup for Next Mark 2.865ms
[9.357s][info][gc            ] GC(404) Concurrent Cycle 15.415ms
[9.367s][info][gc,start      ] GC(405) Pause Young (Concurrent Start) (G1 Humongous Allocation)
[9.368s][info][gc,task       ] GC(405) Using 8 workers of 8 for evacuation
[9.370s][info][gc,phases     ] GC(405)   Pre Evacuate Collection Set: 0.3ms
[9.370s][info][gc,phases     ] GC(405)   Evacuate Collection Set: 1.2ms
[9.370s][info][gc,phases     ] GC(405)   Post Evacuate Collection Set: 0.4ms
[9.370s][info][gc,phases     ] GC(405)   Other: 0.3ms
[9.370s][info][gc,heap       ] GC(405) Eden regions: 4->0(470)
[9.370s][info][gc,heap       ] GC(405) Survivor regions: 1->1(60)
[9.370s][info][gc,heap       ] GC(405) Old regions: 26->26
[9.370s][info][gc,heap       ] GC(405) Humongous regions: 1146->1146
[9.370s][info][gc,metaspace  ] GC(405) Metaspace: 9858K->9858K(1058816K)
[9.370s][info][gc            ] GC(405) Pause Young (Concurrent Start) (G1 Humongous Allocation) 1175M->1171M(1841M) 2.791ms
[9.370s][info][gc,cpu        ] GC(405) User=0.01s Sys=0.01s Real=0.00s
[9.370s][info][gc            ] GC(406) Concurrent Cycle
[9.370s][info][gc,marking    ] GC(406) Concurrent Clear Claimed Marks
[9.370s][info][gc,marking    ] GC(406) Concurrent Clear Claimed Marks 0.015ms
[9.370s][info][gc,marking    ] GC(406) Concurrent Scan Root Regions
[9.371s][info][gc,marking    ] GC(406) Concurrent Scan Root Regions 0.229ms
[9.371s][info][gc,marking    ] GC(406) Concurrent Mark (9.371s)
[9.371s][info][gc,marking    ] GC(406) Concurrent Mark From Roots
[9.371s][info][gc,task       ] GC(406) Using 2 workers of 2 for marking
[9.377s][info][gc,marking    ] GC(406) Concurrent Mark From Roots 5.759ms
[9.377s][info][gc,marking    ] GC(406) Concurrent Preclean
[9.377s][info][gc,marking    ] GC(406) Concurrent Preclean 0.119ms
[9.377s][info][gc,marking    ] GC(406) Concurrent Mark (9.371s, 9.377s) 5.958ms
[9.377s][info][gc,start      ] GC(406) Pause Remark
[9.378s][info][gc,stringtable] GC(406) Cleaned string and symbol table, strings: 4341 processed, 0 removed, symbols: 36588 processed, 0 removed
[9.379s][info][gc            ] GC(406) Pause Remark 1174M->1174M(1841M) 1.731ms
[9.379s][info][gc,cpu        ] GC(406) User=0.00s Sys=0.00s Real=0.00s
[9.379s][info][gc,marking    ] GC(406) Concurrent Rebuild Remembered Sets
[9.383s][info][gc,marking    ] GC(406) Concurrent Rebuild Remembered Sets 4.780ms
[9.384s][info][gc,start      ] GC(406) Pause Cleanup
[9.384s][info][gc            ] GC(406) Pause Cleanup 1175M->1175M(1841M) 0.213ms
[9.384s][info][gc,cpu        ] GC(406) User=0.00s Sys=0.00s Real=0.00s
[9.384s][info][gc,marking    ] GC(406) Concurrent Cleanup for Next Mark
[9.386s][info][gc,marking    ] GC(406) Concurrent Cleanup for Next Mark 2.439ms
[9.386s][info][gc            ] GC(406) Concurrent Cycle 15.935ms
[9.396s][info][gc,start      ] GC(407) Pause Young (Concurrent Start) (G1 Humongous Allocation)
[9.396s][info][gc,task       ] GC(407) Using 8 workers of 8 for evacuation
[9.398s][info][gc,phases     ] GC(407)   Pre Evacuate Collection Set: 0.3ms
[9.398s][info][gc,phases     ] GC(407)   Evacuate Collection Set: 1.0ms
[9.398s][info][gc,phases     ] GC(407)   Post Evacuate Collection Set: 0.1ms
[9.398s][info][gc,phases     ] GC(407)   Other: 0.2ms
[9.398s][info][gc,heap       ] GC(407) Eden regions: 4->0(466)
[9.398s][info][gc,heap       ] GC(407) Survivor regions: 1->1(59)
[9.398s][info][gc,heap       ] GC(407) Old regions: 26->26
[9.398s][info][gc,heap       ] GC(407) Humongous regions: 1150->1150
[9.398s][info][gc,metaspace  ] GC(407) Metaspace: 9858K->9858K(1058816K)
[9.398s][info][gc            ] GC(407) Pause Young (Concurrent Start) (G1 Humongous Allocation) 1179M->1175M(1841M) 1.806ms
[9.398s][info][gc,cpu        ] GC(407) User=0.01s Sys=0.00s Real=0.00s
[9.398s][info][gc            ] GC(408) Concurrent Cycle
[9.398s][info][gc,marking    ] GC(408) Concurrent Clear Claimed Marks
[9.398s][info][gc,marking    ] GC(408) Concurrent Clear Claimed Marks 0.012ms
[9.398s][info][gc,marking    ] GC(408) Concurrent Scan Root Regions
[9.398s][info][gc,marking    ] GC(408) Concurrent Scan Root Regions 0.065ms
[9.398s][info][gc,marking    ] GC(408) Concurrent Mark (9.398s)
[9.398s][info][gc,marking    ] GC(408) Concurrent Mark From Roots
[9.398s][info][gc,task       ] GC(408) Using 2 workers of 2 for marking
[9.404s][info][gc,marking    ] GC(408) Concurrent Mark From Roots 5.614ms
[9.404s][info][gc,marking    ] GC(408) Concurrent Preclean
[9.404s][info][gc,marking    ] GC(408) Concurrent Preclean 0.080ms
[9.404s][info][gc,marking    ] GC(408) Concurrent Mark (9.398s, 9.404s) 5.755ms
[9.404s][info][gc,start      ] GC(408) Pause Remark
[9.405s][info][gc,stringtable] GC(408) Cleaned string and symbol table, strings: 4341 processed, 0 removed, symbols: 36588 processed, 0 removed
[9.405s][info][gc            ] GC(408) Pause Remark 1178M->1178M(1841M) 1.592ms
[9.405s][info][gc,cpu        ] GC(408) User=0.00s Sys=0.00s Real=0.00s
[9.405s][info][gc,marking    ] GC(408) Concurrent Rebuild Remembered Sets
[9.410s][info][gc,marking    ] GC(408) Concurrent Rebuild Remembered Sets 5.042ms
[9.411s][info][gc,start      ] GC(408) Pause Cleanup
[9.411s][info][gc            ] GC(408) Pause Cleanup 1179M->1179M(1841M) 0.235ms
[9.411s][info][gc,cpu        ] GC(408) User=0.00s Sys=0.00s Real=0.00s
[9.411s][info][gc,marking    ] GC(408) Concurrent Cleanup for Next Mark
[9.414s][info][gc,marking    ] GC(408) Concurrent Cleanup for Next Mark 2.700ms
[9.414s][info][gc            ] GC(408) Concurrent Cycle 15.859ms
[9.423s][info][gc,start      ] GC(409) Pause Young (Concurrent Start) (G1 Humongous Allocation)
[9.423s][info][gc,task       ] GC(409) Using 8 workers of 8 for evacuation
[9.425s][info][gc,phases     ] GC(409)   Pre Evacuate Collection Set: 0.3ms
[9.425s][info][gc,phases     ] GC(409)   Evacuate Collection Set: 1.0ms
[9.425s][info][gc,phases     ] GC(409)   Post Evacuate Collection Set: 0.1ms
[9.425s][info][gc,phases     ] GC(409)   Other: 0.2ms
[9.425s][info][gc,heap       ] GC(409) Eden regions: 4->0(462)
[9.425s][info][gc,heap       ] GC(409) Survivor regions: 1->1(59)
[9.425s][info][gc,heap       ] GC(409) Old regions: 26->26
[9.425s][info][gc,heap       ] GC(409) Humongous regions: 1154->1154
[9.425s][info][gc,metaspace  ] GC(409) Metaspace: 9858K->9858K(1058816K)
[9.425s][info][gc            ] GC(409) Pause Young (Concurrent Start) (G1 Humongous Allocation) 1183M->1179M(1841M) 1.744ms
[9.425s][info][gc,cpu        ] GC(409) User=0.01s Sys=0.00s Real=0.00s
[9.425s][info][gc            ] GC(410) Concurrent Cycle
[9.425s][info][gc,marking    ] GC(410) Concurrent Clear Claimed Marks
[9.425s][info][gc,marking    ] GC(410) Concurrent Clear Claimed Marks 0.018ms
[9.425s][info][gc,marking    ] GC(410) Concurrent Scan Root Regions
[9.425s][info][gc,marking    ] GC(410) Concurrent Scan Root Regions 0.062ms
[9.425s][info][gc,marking    ] GC(410) Concurrent Mark (9.425s)
[9.425s][info][gc,marking    ] GC(410) Concurrent Mark From Roots
[9.425s][info][gc,task       ] GC(410) Using 2 workers of 2 for marking
[9.431s][info][gc,marking    ] GC(410) Concurrent Mark From Roots 5.610ms
[9.431s][info][gc,marking    ] GC(410) Concurrent Preclean
[9.431s][info][gc,marking    ] GC(410) Concurrent Preclean 0.085ms
[9.431s][info][gc,marking    ] GC(410) Concurrent Mark (9.425s, 9.431s) 5.759ms
[9.431s][info][gc,start      ] GC(410) Pause Remark
[9.432s][info][gc,stringtable] GC(410) Cleaned string and symbol table, strings: 4341 processed, 0 removed, symbols: 36588 processed, 0 removed
[9.432s][info][gc            ] GC(410) Pause Remark 1182M->1182M(1841M) 1.667ms
[9.432s][info][gc,cpu        ] GC(410) User=0.00s Sys=0.00s Real=0.01s
[9.433s][info][gc,marking    ] GC(410) Concurrent Rebuild Remembered Sets
[9.437s][info][gc,marking    ] GC(410) Concurrent Rebuild Remembered Sets 4.829ms
[9.437s][info][gc,start      ] GC(410) Pause Cleanup
[9.438s][info][gc            ] GC(410) Pause Cleanup 1183M->1183M(1841M) 0.207ms
[9.438s][info][gc,cpu        ] GC(410) User=0.00s Sys=0.00s Real=0.00s
[9.438s][info][gc,marking    ] GC(410) Concurrent Cleanup for Next Mark
[9.441s][info][gc,marking    ] GC(410) Concurrent Cleanup for Next Mark 2.824ms
[9.441s][info][gc            ] GC(410) Concurrent Cycle 15.864ms
[9.450s][info][gc,start      ] GC(411) Pause Young (Concurrent Start) (G1 Humongous Allocation)
[9.450s][info][gc,task       ] GC(411) Using 8 workers of 8 for evacuation
[9.452s][info][gc,phases     ] GC(411)   Pre Evacuate Collection Set: 0.3ms
[9.452s][info][gc,phases     ] GC(411)   Evacuate Collection Set: 0.9ms
[9.452s][info][gc,phases     ] GC(411)   Post Evacuate Collection Set: 0.1ms
[9.452s][info][gc,phases     ] GC(411)   Other: 0.2ms
[9.452s][info][gc,heap       ] GC(411) Eden regions: 4->0(458)
[9.452s][info][gc,heap       ] GC(411) Survivor regions: 1->1(58)
[9.452s][info][gc,heap       ] GC(411) Old regions: 26->26
[9.452s][info][gc,heap       ] GC(411) Humongous regions: 1158->1158
[9.452s][info][gc,metaspace  ] GC(411) Metaspace: 9858K->9858K(1058816K)
[9.452s][info][gc            ] GC(411) Pause Young (Concurrent Start) (G1 Humongous Allocation) 1187M->1183M(1841M) 1.637ms
[9.452s][info][gc,cpu        ] GC(411) User=0.00s Sys=0.00s Real=0.01s
[9.452s][info][gc            ] GC(412) Concurrent Cycle
[9.452s][info][gc,marking    ] GC(412) Concurrent Clear Claimed Marks
[9.452s][info][gc,marking    ] GC(412) Concurrent Clear Claimed Marks 0.014ms
[9.452s][info][gc,marking    ] GC(412) Concurrent Scan Root Regions
[9.452s][info][gc,marking    ] GC(412) Concurrent Scan Root Regions 0.070ms
[9.452s][info][gc,marking    ] GC(412) Concurrent Mark (9.452s)
[9.452s][info][gc,marking    ] GC(412) Concurrent Mark From Roots
[9.452s][info][gc,task       ] GC(412) Using 2 workers of 2 for marking
[9.458s][info][gc,marking    ] GC(412) Concurrent Mark From Roots 5.502ms
[9.458s][info][gc,marking    ] GC(412) Concurrent Preclean
[9.458s][info][gc,marking    ] GC(412) Concurrent Preclean 0.078ms
[9.458s][info][gc,marking    ] GC(412) Concurrent Mark (9.452s, 9.458s) 5.637ms
[9.458s][info][gc,start      ] GC(412) Pause Remark
[9.459s][info][gc,stringtable] GC(412) Cleaned string and symbol table, strings: 4341 processed, 0 removed, symbols: 36588 processed, 0 removed
[9.460s][info][gc            ] GC(412) Pause Remark 1186M->1186M(1841M) 1.777ms
[9.460s][info][gc,cpu        ] GC(412) User=0.01s Sys=0.00s Real=0.00s
[9.460s][info][gc,marking    ] GC(412) Concurrent Rebuild Remembered Sets
[9.465s][info][gc,marking    ] GC(412) Concurrent Rebuild Remembered Sets 5.186ms
[9.465s][info][gc,start      ] GC(412) Pause Cleanup
[9.465s][info][gc            ] GC(412) Pause Cleanup 1187M->1187M(1841M) 0.227ms
[9.465s][info][gc,cpu        ] GC(412) User=0.00s Sys=0.00s Real=0.00s
[9.465s][info][gc,marking    ] GC(412) Concurrent Cleanup for Next Mark
[9.468s][info][gc,marking    ] GC(412) Concurrent Cleanup for Next Mark 2.657ms
[9.468s][info][gc            ] GC(412) Concurrent Cycle 16.020ms
[9.478s][info][gc,start      ] GC(413) Pause Young (Concurrent Start) (G1 Humongous Allocation)
[9.478s][info][gc,task       ] GC(413) Using 8 workers of 8 for evacuation
[9.480s][info][gc,phases     ] GC(413)   Pre Evacuate Collection Set: 0.5ms
[9.480s][info][gc,phases     ] GC(413)   Evacuate Collection Set: 1.0ms
[9.480s][info][gc,phases     ] GC(413)   Post Evacuate Collection Set: 0.1ms
[9.480s][info][gc,phases     ] GC(413)   Other: 0.3ms
[9.480s][info][gc,heap       ] GC(413) Eden regions: 4->0(454)
[9.480s][info][gc,heap       ] GC(413) Survivor regions: 1->1(58)
[9.480s][info][gc,heap       ] GC(413) Old regions: 26->26
[9.480s][info][gc,heap       ] GC(413) Humongous regions: 1162->1162
[9.480s][info][gc,metaspace  ] GC(413) Metaspace: 9858K->9858K(1058816K)
[9.480s][info][gc            ] GC(413) Pause Young (Concurrent Start) (G1 Humongous Allocation) 1191M->1187M(1841M) 2.049ms
[9.480s][info][gc,cpu        ] GC(413) User=0.00s Sys=0.00s Real=0.00s
[9.480s][info][gc            ] GC(414) Concurrent Cycle
[9.480s][info][gc,marking    ] GC(414) Concurrent Clear Claimed Marks
[9.480s][info][gc,marking    ] GC(414) Concurrent Clear Claimed Marks 0.012ms
[9.480s][info][gc,marking    ] GC(414) Concurrent Scan Root Regions
[9.480s][info][gc,marking    ] GC(414) Concurrent Scan Root Regions 0.068ms
[9.480s][info][gc,marking    ] GC(414) Concurrent Mark (9.480s)
[9.480s][info][gc,marking    ] GC(414) Concurrent Mark From Roots
[9.480s][info][gc,task       ] GC(414) Using 2 workers of 2 for marking
[9.485s][info][gc,marking    ] GC(414) Concurrent Mark From Roots 5.256ms
[9.485s][info][gc,marking    ] GC(414) Concurrent Preclean
[9.485s][info][gc,marking    ] GC(414) Concurrent Preclean 0.075ms
[9.485s][info][gc,marking    ] GC(414) Concurrent Mark (9.480s, 9.485s) 5.389ms
[9.485s][info][gc,start      ] GC(414) Pause Remark
[9.487s][info][gc,stringtable] GC(414) Cleaned string and symbol table, strings: 4341 processed, 0 removed, symbols: 36588 processed, 0 removed
[9.487s][info][gc            ] GC(414) Pause Remark 1191M->1191M(1841M) 1.545ms
[9.487s][info][gc,cpu        ] GC(414) User=0.01s Sys=0.00s Real=0.00s
[9.487s][info][gc,marking    ] GC(414) Concurrent Rebuild Remembered Sets
[9.492s][info][gc,marking    ] GC(414) Concurrent Rebuild Remembered Sets 5.147ms
[9.492s][info][gc,start      ] GC(414) Pause Cleanup
[9.493s][info][gc            ] GC(414) Pause Cleanup 1191M->1191M(1841M) 0.252ms
[9.493s][info][gc,cpu        ] GC(414) User=0.00s Sys=0.00s Real=0.00s
[9.493s][info][gc,marking    ] GC(414) Concurrent Cleanup for Next Mark
[9.495s][info][gc,marking    ] GC(414) Concurrent Cleanup for Next Mark 2.643ms
[9.495s][info][gc            ] GC(414) Concurrent Cycle 15.554ms
[9.504s][info][gc,start      ] GC(415) Pause Young (Concurrent Start) (G1 Humongous Allocation)
[9.504s][info][gc,task       ] GC(415) Using 8 workers of 8 for evacuation
[9.505s][info][gc,phases     ] GC(415)   Pre Evacuate Collection Set: 0.3ms
[9.506s][info][gc,phases     ] GC(415)   Evacuate Collection Set: 1.0ms
[9.506s][info][gc,phases     ] GC(415)   Post Evacuate Collection Set: 0.1ms
[9.506s][info][gc,phases     ] GC(415)   Other: 0.2ms
[9.506s][info][gc,heap       ] GC(415) Eden regions: 4->0(450)
[9.506s][info][gc,heap       ] GC(415) Survivor regions: 1->1(57)
[9.506s][info][gc,heap       ] GC(415) Old regions: 26->26
[9.506s][info][gc,heap       ] GC(415) Humongous regions: 1166->1166
[9.506s][info][gc,metaspace  ] GC(415) Metaspace: 9858K->9858K(1058816K)
[9.506s][info][gc            ] GC(415) Pause Young (Concurrent Start) (G1 Humongous Allocation) 1195M->1191M(1841M) 1.864ms
[9.506s][info][gc,cpu        ] GC(415) User=0.00s Sys=0.00s Real=0.00s
[9.506s][info][gc            ] GC(416) Concurrent Cycle
[9.506s][info][gc,marking    ] GC(416) Concurrent Clear Claimed Marks
[9.506s][info][gc,marking    ] GC(416) Concurrent Clear Claimed Marks 0.012ms
[9.506s][info][gc,marking    ] GC(416) Concurrent Scan Root Regions
[9.506s][info][gc,marking    ] GC(416) Concurrent Scan Root Regions 0.106ms
[9.506s][info][gc,marking    ] GC(416) Concurrent Mark (9.506s)
[9.506s][info][gc,marking    ] GC(416) Concurrent Mark From Roots
[9.506s][info][gc,task       ] GC(416) Using 2 workers of 2 for marking
[9.511s][info][gc,marking    ] GC(416) Concurrent Mark From Roots 5.320ms
[9.511s][info][gc,marking    ] GC(416) Concurrent Preclean
[9.511s][info][gc,marking    ] GC(416) Concurrent Preclean 0.106ms
[9.511s][info][gc,marking    ] GC(416) Concurrent Mark (9.506s, 9.511s) 5.503ms
[9.512s][info][gc,start      ] GC(416) Pause Remark
[9.513s][info][gc,stringtable] GC(416) Cleaned string and symbol table, strings: 4341 processed, 0 removed, symbols: 36588 processed, 0 removed
[9.513s][info][gc            ] GC(416) Pause Remark 1195M->1195M(1841M) 1.799ms
[9.513s][info][gc,cpu        ] GC(416) User=0.01s Sys=0.00s Real=0.00s
[9.513s][info][gc,marking    ] GC(416) Concurrent Rebuild Remembered Sets
[9.518s][info][gc,marking    ] GC(416) Concurrent Rebuild Remembered Sets 4.728ms
[9.518s][info][gc,start      ] GC(416) Pause Cleanup
[9.518s][info][gc            ] GC(416) Pause Cleanup 1197M->1197M(1841M) 0.252ms
[9.518s][info][gc,cpu        ] GC(416) User=0.00s Sys=0.00s Real=0.00s
[9.519s][info][gc,marking    ] GC(416) Concurrent Cleanup for Next Mark
[9.521s][info][gc,marking    ] GC(416) Concurrent Cleanup for Next Mark 2.270ms
[9.521s][info][gc            ] GC(416) Concurrent Cycle 15.081ms
[9.528s][info][gc,start      ] GC(417) Pause Young (Concurrent Start) (G1 Humongous Allocation)
[9.528s][info][gc,task       ] GC(417) Using 8 workers of 8 for evacuation
[9.530s][info][gc,phases     ] GC(417)   Pre Evacuate Collection Set: 0.4ms
[9.530s][info][gc,phases     ] GC(417)   Evacuate Collection Set: 1.0ms
[9.530s][info][gc,phases     ] GC(417)   Post Evacuate Collection Set: 0.1ms
[9.530s][info][gc,phases     ] GC(417)   Other: 0.3ms
[9.530s][info][gc,heap       ] GC(417) Eden regions: 4->0(446)
[9.530s][info][gc,heap       ] GC(417) Survivor regions: 1->1(57)
[9.530s][info][gc,heap       ] GC(417) Old regions: 26->26
[9.530s][info][gc,heap       ] GC(417) Humongous regions: 1170->1170
[9.530s][info][gc,metaspace  ] GC(417) Metaspace: 9858K->9858K(1058816K)
[9.530s][info][gc            ] GC(417) Pause Young (Concurrent Start) (G1 Humongous Allocation) 1199M->1195M(1841M) 1.807ms
[9.530s][info][gc,cpu        ] GC(417) User=0.00s Sys=0.00s Real=0.00s
[9.530s][info][gc            ] GC(418) Concurrent Cycle
[9.530s][info][gc,marking    ] GC(418) Concurrent Clear Claimed Marks
[9.530s][info][gc,marking    ] GC(418) Concurrent Clear Claimed Marks 0.010ms
[9.530s][info][gc,marking    ] GC(418) Concurrent Scan Root Regions
[9.530s][info][gc,marking    ] GC(418) Concurrent Scan Root Regions 0.065ms
[9.530s][info][gc,marking    ] GC(418) Concurrent Mark (9.530s)
[9.530s][info][gc,marking    ] GC(418) Concurrent Mark From Roots
[9.530s][info][gc,task       ] GC(418) Using 2 workers of 2 for marking
[9.536s][info][gc,marking    ] GC(418) Concurrent Mark From Roots 5.392ms
[9.536s][info][gc,marking    ] GC(418) Concurrent Preclean
[9.536s][info][gc,marking    ] GC(418) Concurrent Preclean 0.109ms
[9.536s][info][gc,marking    ] GC(418) Concurrent Mark (9.530s, 9.536s) 5.566ms
[9.536s][info][gc,start      ] GC(418) Pause Remark
[9.537s][info][gc,stringtable] GC(418) Cleaned string and symbol table, strings: 4341 processed, 0 removed, symbols: 36588 processed, 0 removed
[9.538s][info][gc            ] GC(418) Pause Remark 1199M->1199M(1841M) 1.638ms
[9.538s][info][gc,cpu        ] GC(418) User=0.01s Sys=0.01s Real=0.00s
[9.538s][info][gc,marking    ] GC(418) Concurrent Rebuild Remembered Sets
[9.543s][info][gc,marking    ] GC(418) Concurrent Rebuild Remembered Sets 4.827ms
[9.543s][info][gc,start      ] GC(418) Pause Cleanup
[9.543s][info][gc            ] GC(418) Pause Cleanup 1199M->1199M(1841M) 0.248ms
[9.543s][info][gc,cpu        ] GC(418) User=0.00s Sys=0.00s Real=0.00s
[9.543s][info][gc,marking    ] GC(418) Concurrent Cleanup for Next Mark
[9.546s][info][gc,marking    ] GC(418) Concurrent Cleanup for Next Mark 2.538ms
[9.546s][info][gc            ] GC(418) Concurrent Cycle 15.451ms
[9.554s][info][gc,start      ] GC(419) Pause Young (Concurrent Start) (G1 Humongous Allocation)
[9.554s][info][gc,task       ] GC(419) Using 8 workers of 8 for evacuation
[9.556s][info][gc,phases     ] GC(419)   Pre Evacuate Collection Set: 0.3ms
[9.556s][info][gc,phases     ] GC(419)   Evacuate Collection Set: 0.9ms
[9.556s][info][gc,phases     ] GC(419)   Post Evacuate Collection Set: 0.1ms
[9.556s][info][gc,phases     ] GC(419)   Other: 0.2ms
[9.556s][info][gc,heap       ] GC(419) Eden regions: 4->0(442)
[9.556s][info][gc,heap       ] GC(419) Survivor regions: 1->1(56)
[9.556s][info][gc,heap       ] GC(419) Old regions: 26->26
[9.556s][info][gc,heap       ] GC(419) Humongous regions: 1174->1174
[9.556s][info][gc,metaspace  ] GC(419) Metaspace: 9858K->9858K(1058816K)
[9.556s][info][gc            ] GC(419) Pause Young (Concurrent Start) (G1 Humongous Allocation) 1203M->1199M(1841M) 1.653ms
[9.556s][info][gc,cpu        ] GC(419) User=0.01s Sys=0.00s Real=0.00s
[9.556s][info][gc            ] GC(420) Concurrent Cycle
[9.556s][info][gc,marking    ] GC(420) Concurrent Clear Claimed Marks
[9.556s][info][gc,marking    ] GC(420) Concurrent Clear Claimed Marks 0.018ms
[9.556s][info][gc,marking    ] GC(420) Concurrent Scan Root Regions
[9.556s][info][gc,marking    ] GC(420) Concurrent Scan Root Regions 0.063ms
[9.556s][info][gc,marking    ] GC(420) Concurrent Mark (9.556s)
[9.556s][info][gc,marking    ] GC(420) Concurrent Mark From Roots
[9.556s][info][gc,task       ] GC(420) Using 2 workers of 2 for marking
[9.562s][info][gc,marking    ] GC(420) Concurrent Mark From Roots 5.937ms
[9.562s][info][gc,marking    ] GC(420) Concurrent Preclean
[9.562s][info][gc,marking    ] GC(420) Concurrent Preclean 0.129ms
[9.562s][info][gc,marking    ] GC(420) Concurrent Mark (9.556s, 9.562s) 6.145ms
[9.562s][info][gc,start      ] GC(420) Pause Remark
[9.564s][info][gc,stringtable] GC(420) Cleaned string and symbol table, strings: 4341 processed, 0 removed, symbols: 36588 processed, 0 removed
[9.564s][info][gc            ] GC(420) Pause Remark 1203M->1203M(1841M) 1.655ms
[9.564s][info][gc,cpu        ] GC(420) User=0.01s Sys=0.00s Real=0.00s
[9.564s][info][gc,marking    ] GC(420) Concurrent Rebuild Remembered Sets
[9.569s][info][gc,marking    ] GC(420) Concurrent Rebuild Remembered Sets 5.011ms
[9.569s][info][gc,start      ] GC(420) Pause Cleanup
[9.569s][info][gc            ] GC(420) Pause Cleanup 1203M->1203M(1841M) 0.243ms
[9.570s][info][gc,cpu        ] GC(420) User=0.00s Sys=0.00s Real=0.00s
[9.570s][info][gc,marking    ] GC(420) Concurrent Cleanup for Next Mark
[9.572s][info][gc,marking    ] GC(420) Concurrent Cleanup for Next Mark 2.730ms
[9.572s][info][gc            ] GC(420) Concurrent Cycle 16.398ms
[9.584s][info][gc,start      ] GC(421) Pause Young (Concurrent Start) (G1 Humongous Allocation)
[9.584s][info][gc,task       ] GC(421) Using 8 workers of 8 for evacuation
[9.585s][info][gc,phases     ] GC(421)   Pre Evacuate Collection Set: 0.3ms
[9.585s][info][gc,phases     ] GC(421)   Evacuate Collection Set: 1.0ms
[9.585s][info][gc,phases     ] GC(421)   Post Evacuate Collection Set: 0.1ms
[9.585s][info][gc,phases     ] GC(421)   Other: 0.3ms
[9.585s][info][gc,heap       ] GC(421) Eden regions: 4->0(438)
[9.585s][info][gc,heap       ] GC(421) Survivor regions: 1->1(56)
[9.585s][info][gc,heap       ] GC(421) Old regions: 26->26
[9.585s][info][gc,heap       ] GC(421) Humongous regions: 1178->1178
[9.585s][info][gc,metaspace  ] GC(421) Metaspace: 9858K->9858K(1058816K)
[9.585s][info][gc            ] GC(421) Pause Young (Concurrent Start) (G1 Humongous Allocation) 1207M->1203M(1841M) 1.670ms
[9.585s][info][gc,cpu        ] GC(421) User=0.00s Sys=0.00s Real=0.00s
[9.585s][info][gc            ] GC(422) Concurrent Cycle
[9.585s][info][gc,marking    ] GC(422) Concurrent Clear Claimed Marks
[9.585s][info][gc,marking    ] GC(422) Concurrent Clear Claimed Marks 0.014ms
[9.585s][info][gc,marking    ] GC(422) Concurrent Scan Root Regions
[9.585s][info][gc,marking    ] GC(422) Concurrent Scan Root Regions 0.066ms
[9.585s][info][gc,marking    ] GC(422) Concurrent Mark (9.585s)
[9.586s][info][gc,marking    ] GC(422) Concurrent Mark From Roots
[9.586s][info][gc,task       ] GC(422) Using 2 workers of 2 for marking
[9.591s][info][gc,marking    ] GC(422) Concurrent Mark From Roots 5.690ms
[9.591s][info][gc,marking    ] GC(422) Concurrent Preclean
[9.591s][info][gc,marking    ] GC(422) Concurrent Preclean 0.124ms
[9.591s][info][gc,marking    ] GC(422) Concurrent Mark (9.585s, 9.591s) 5.888ms
[9.591s][info][gc,start      ] GC(422) Pause Remark
[9.593s][info][gc,stringtable] GC(422) Cleaned string and symbol table, strings: 4341 processed, 0 removed, symbols: 36588 processed, 0 removed
[9.593s][info][gc            ] GC(422) Pause Remark 1207M->1207M(1841M) 1.626ms
[9.593s][info][gc,cpu        ] GC(422) User=0.01s Sys=0.00s Real=0.00s
[9.593s][info][gc,marking    ] GC(422) Concurrent Rebuild Remembered Sets
[9.598s][info][gc,marking    ] GC(422) Concurrent Rebuild Remembered Sets 4.950ms
[9.598s][info][gc,start      ] GC(422) Pause Cleanup
[9.598s][info][gc            ] GC(422) Pause Cleanup 1209M->1209M(1841M) 0.203ms
[9.598s][info][gc,cpu        ] GC(422) User=0.00s Sys=0.00s Real=0.00s
[9.598s][info][gc,marking    ] GC(422) Concurrent Cleanup for Next Mark
[9.601s][info][gc,marking    ] GC(422) Concurrent Cleanup for Next Mark 2.337ms
[9.601s][info][gc            ] GC(422) Concurrent Cycle 15.469ms
[9.609s][info][gc,start      ] GC(423) Pause Young (Concurrent Start) (G1 Humongous Allocation)
[9.609s][info][gc,task       ] GC(423) Using 8 workers of 8 for evacuation
[9.611s][info][gc,phases     ] GC(423)   Pre Evacuate Collection Set: 0.5ms
[9.611s][info][gc,phases     ] GC(423)   Evacuate Collection Set: 1.0ms
[9.611s][info][gc,phases     ] GC(423)   Post Evacuate Collection Set: 0.1ms
[9.611s][info][gc,phases     ] GC(423)   Other: 0.3ms
[9.611s][info][gc,heap       ] GC(423) Eden regions: 4->0(434)
[9.611s][info][gc,heap       ] GC(423) Survivor regions: 1->1(55)
[9.611s][info][gc,heap       ] GC(423) Old regions: 26->26
[9.611s][info][gc,heap       ] GC(423) Humongous regions: 1182->1182
[9.611s][info][gc,metaspace  ] GC(423) Metaspace: 9858K->9858K(1058816K)
[9.611s][info][gc            ] GC(423) Pause Young (Concurrent Start) (G1 Humongous Allocation) 1211M->1207M(1841M) 1.998ms
[9.611s][info][gc,cpu        ] GC(423) User=0.01s Sys=0.00s Real=0.00s
[9.611s][info][gc            ] GC(424) Concurrent Cycle
[9.611s][info][gc,marking    ] GC(424) Concurrent Clear Claimed Marks
[9.611s][info][gc,marking    ] GC(424) Concurrent Clear Claimed Marks 0.016ms
[9.611s][info][gc,marking    ] GC(424) Concurrent Scan Root Regions
[9.611s][info][gc,marking    ] GC(424) Concurrent Scan Root Regions 0.058ms
[9.611s][info][gc,marking    ] GC(424) Concurrent Mark (9.611s)
[9.611s][info][gc,marking    ] GC(424) Concurrent Mark From Roots
[9.611s][info][gc,task       ] GC(424) Using 2 workers of 2 for marking
[9.617s][info][gc,marking    ] GC(424) Concurrent Mark From Roots 5.676ms
[9.617s][info][gc,marking    ] GC(424) Concurrent Preclean
[9.617s][info][gc,marking    ] GC(424) Concurrent Preclean 0.078ms
[9.617s][info][gc,marking    ] GC(424) Concurrent Mark (9.611s, 9.617s) 5.814ms
[9.617s][info][gc,start      ] GC(424) Pause Remark
[9.619s][info][gc,stringtable] GC(424) Cleaned string and symbol table, strings: 4341 processed, 0 removed, symbols: 36588 processed, 0 removed
[9.619s][info][gc            ] GC(424) Pause Remark 1211M->1211M(1841M) 1.624ms
[9.619s][info][gc,cpu        ] GC(424) User=0.01s Sys=0.00s Real=0.00s
[9.619s][info][gc,marking    ] GC(424) Concurrent Rebuild Remembered Sets
[9.624s][info][gc,marking    ] GC(424) Concurrent Rebuild Remembered Sets 5.239ms
[9.624s][info][gc,start      ] GC(424) Pause Cleanup
[9.625s][info][gc            ] GC(424) Pause Cleanup 1214M->1214M(1841M) 0.235ms
[9.625s][info][gc,cpu        ] GC(424) User=0.00s Sys=0.00s Real=0.00s
[9.625s][info][gc,marking    ] GC(424) Concurrent Cleanup for Next Mark
[9.627s][info][gc,marking    ] GC(424) Concurrent Cleanup for Next Mark 2.762ms
[9.628s][info][gc            ] GC(424) Concurrent Cycle 16.403ms
[9.634s][info][gc,start      ] GC(425) Pause Young (Concurrent Start) (G1 Humongous Allocation)
[9.634s][info][gc,task       ] GC(425) Using 8 workers of 8 for evacuation
[9.636s][info][gc,phases     ] GC(425)   Pre Evacuate Collection Set: 0.3ms
[9.636s][info][gc,phases     ] GC(425)   Evacuate Collection Set: 1.1ms
[9.636s][info][gc,phases     ] GC(425)   Post Evacuate Collection Set: 0.1ms
[9.636s][info][gc,phases     ] GC(425)   Other: 0.2ms
[9.636s][info][gc,heap       ] GC(425) Eden regions: 4->0(431)
[9.636s][info][gc,heap       ] GC(425) Survivor regions: 1->1(55)
[9.636s][info][gc,heap       ] GC(425) Old regions: 26->26
[9.636s][info][gc,heap       ] GC(425) Humongous regions: 1186->1186
[9.636s][info][gc,metaspace  ] GC(425) Metaspace: 9858K->9858K(1058816K)
[9.636s][info][gc            ] GC(425) Pause Young (Concurrent Start) (G1 Humongous Allocation) 1215M->1211M(1841M) 1.910ms
[9.636s][info][gc,cpu        ] GC(425) User=0.01s Sys=0.00s Real=0.00s
[9.636s][info][gc            ] GC(426) Concurrent Cycle
[9.636s][info][gc,marking    ] GC(426) Concurrent Clear Claimed Marks
[9.636s][info][gc,marking    ] GC(426) Concurrent Clear Claimed Marks 0.018ms
[9.636s][info][gc,marking    ] GC(426) Concurrent Scan Root Regions
[9.636s][info][gc,marking    ] GC(426) Concurrent Scan Root Regions 0.074ms
[9.636s][info][gc,marking    ] GC(426) Concurrent Mark (9.636s)
[9.636s][info][gc,marking    ] GC(426) Concurrent Mark From Roots
[9.636s][info][gc,task       ] GC(426) Using 2 workers of 2 for marking
[9.642s][info][gc,marking    ] GC(426) Concurrent Mark From Roots 5.288ms
[9.642s][info][gc,marking    ] GC(426) Concurrent Preclean
[9.642s][info][gc,marking    ] GC(426) Concurrent Preclean 0.077ms
[9.642s][info][gc,marking    ] GC(426) Concurrent Mark (9.636s, 9.642s) 5.428ms
[9.642s][info][gc,start      ] GC(426) Pause Remark
[9.643s][info][gc,stringtable] GC(426) Cleaned string and symbol table, strings: 4341 processed, 0 removed, symbols: 36588 processed, 0 removed
[9.644s][info][gc            ] GC(426) Pause Remark 1215M->1215M(1841M) 1.631ms
[9.644s][info][gc,cpu        ] GC(426) User=0.01s Sys=0.00s Real=0.00s
[9.644s][info][gc,marking    ] GC(426) Concurrent Rebuild Remembered Sets
[9.649s][info][gc,marking    ] GC(426) Concurrent Rebuild Remembered Sets 5.211ms
[9.649s][info][gc,start      ] GC(426) Pause Cleanup
[9.649s][info][gc            ] GC(426) Pause Cleanup 1217M->1217M(1841M) 0.231ms
[9.649s][info][gc,cpu        ] GC(426) User=0.00s Sys=0.00s Real=0.00s
[9.649s][info][gc,marking    ] GC(426) Concurrent Cleanup for Next Mark
[9.652s][info][gc,marking    ] GC(426) Concurrent Cleanup for Next Mark 2.306ms
[9.652s][info][gc            ] GC(426) Concurrent Cycle 15.321ms
[9.659s][info][gc,start      ] GC(427) Pause Young (Concurrent Start) (G1 Humongous Allocation)
[9.659s][info][gc,task       ] GC(427) Using 8 workers of 8 for evacuation
[9.661s][info][gc,phases     ] GC(427)   Pre Evacuate Collection Set: 0.3ms
[9.661s][info][gc,phases     ] GC(427)   Evacuate Collection Set: 1.0ms
[9.661s][info][gc,phases     ] GC(427)   Post Evacuate Collection Set: 0.1ms
[9.661s][info][gc,phases     ] GC(427)   Other: 0.2ms
[9.661s][info][gc,heap       ] GC(427) Eden regions: 4->0(427)
[9.661s][info][gc,heap       ] GC(427) Survivor regions: 1->1(54)
[9.661s][info][gc,heap       ] GC(427) Old regions: 26->26
[9.661s][info][gc,heap       ] GC(427) Humongous regions: 1190->1190
[9.661s][info][gc,metaspace  ] GC(427) Metaspace: 9858K->9858K(1058816K)
[9.661s][info][gc            ] GC(427) Pause Young (Concurrent Start) (G1 Humongous Allocation) 1219M->1215M(1841M) 1.749ms
[9.661s][info][gc,cpu        ] GC(427) User=0.01s Sys=0.01s Real=0.00s
[9.661s][info][gc            ] GC(428) Concurrent Cycle
[9.661s][info][gc,marking    ] GC(428) Concurrent Clear Claimed Marks
[9.661s][info][gc,marking    ] GC(428) Concurrent Clear Claimed Marks 0.010ms
[9.661s][info][gc,marking    ] GC(428) Concurrent Scan Root Regions
[9.661s][info][gc,marking    ] GC(428) Concurrent Scan Root Regions 0.069ms
[9.661s][info][gc,marking    ] GC(428) Concurrent Mark (9.661s)
[9.661s][info][gc,marking    ] GC(428) Concurrent Mark From Roots
[9.661s][info][gc,task       ] GC(428) Using 2 workers of 2 for marking
[9.666s][info][gc,marking    ] GC(428) Concurrent Mark From Roots 5.273ms
[9.666s][info][gc,marking    ] GC(428) Concurrent Preclean
[9.666s][info][gc,marking    ] GC(428) Concurrent Preclean 0.073ms
[9.666s][info][gc,marking    ] GC(428) Concurrent Mark (9.661s, 9.666s) 5.401ms
[9.666s][info][gc,start      ] GC(428) Pause Remark
[9.668s][info][gc,stringtable] GC(428) Cleaned string and symbol table, strings: 4341 processed, 0 removed, symbols: 36588 processed, 0 removed
[9.668s][info][gc            ] GC(428) Pause Remark 1219M->1219M(1841M) 1.549ms
[9.668s][info][gc,cpu        ] GC(428) User=0.01s Sys=0.00s Real=0.00s
[9.668s][info][gc,marking    ] GC(428) Concurrent Rebuild Remembered Sets
[9.673s][info][gc,marking    ] GC(428) Concurrent Rebuild Remembered Sets 5.057ms
[9.673s][info][gc,start      ] GC(428) Pause Cleanup
[9.674s][info][gc            ] GC(428) Pause Cleanup 1221M->1221M(1841M) 0.220ms
[9.674s][info][gc,cpu        ] GC(428) User=0.00s Sys=0.00s Real=0.00s
[9.674s][info][gc,marking    ] GC(428) Concurrent Cleanup for Next Mark
[9.676s][info][gc,marking    ] GC(428) Concurrent Cleanup for Next Mark 2.367ms
[9.676s][info][gc            ] GC(428) Concurrent Cycle 15.223ms
[9.684s][info][gc,start      ] GC(429) Pause Young (Concurrent Start) (G1 Humongous Allocation)
[9.684s][info][gc,task       ] GC(429) Using 8 workers of 8 for evacuation
[9.686s][info][gc,phases     ] GC(429)   Pre Evacuate Collection Set: 0.3ms
[9.686s][info][gc,phases     ] GC(429)   Evacuate Collection Set: 1.1ms
[9.686s][info][gc,phases     ] GC(429)   Post Evacuate Collection Set: 0.1ms
[9.686s][info][gc,phases     ] GC(429)   Other: 0.2ms
[9.686s][info][gc,heap       ] GC(429) Eden regions: 4->0(423)
[9.686s][info][gc,heap       ] GC(429) Survivor regions: 1->1(54)
[9.686s][info][gc,heap       ] GC(429) Old regions: 26->26
[9.686s][info][gc,heap       ] GC(429) Humongous regions: 1194->1194
[9.686s][info][gc,metaspace  ] GC(429) Metaspace: 9858K->9858K(1058816K)
[9.686s][info][gc            ] GC(429) Pause Young (Concurrent Start) (G1 Humongous Allocation) 1223M->1219M(1841M) 1.762ms
[9.686s][info][gc,cpu        ] GC(429) User=0.01s Sys=0.00s Real=0.00s
[9.686s][info][gc            ] GC(430) Concurrent Cycle
[9.686s][info][gc,marking    ] GC(430) Concurrent Clear Claimed Marks
[9.686s][info][gc,marking    ] GC(430) Concurrent Clear Claimed Marks 0.010ms
[9.686s][info][gc,marking    ] GC(430) Concurrent Scan Root Regions
[9.686s][info][gc,marking    ] GC(430) Concurrent Scan Root Regions 0.072ms
[9.686s][info][gc,marking    ] GC(430) Concurrent Mark (9.686s)
[9.686s][info][gc,marking    ] GC(430) Concurrent Mark From Roots
[9.686s][info][gc,task       ] GC(430) Using 2 workers of 2 for marking
[9.692s][info][gc,marking    ] GC(430) Concurrent Mark From Roots 5.686ms
[9.692s][info][gc,marking    ] GC(430) Concurrent Preclean
[9.692s][info][gc,marking    ] GC(430) Concurrent Preclean 0.107ms
[9.692s][info][gc,marking    ] GC(430) Concurrent Mark (9.686s, 9.692s) 5.866ms
[9.692s][info][gc,start      ] GC(430) Pause Remark
[9.693s][info][gc,stringtable] GC(430) Cleaned string and symbol table, strings: 4341 processed, 0 removed, symbols: 36588 processed, 0 removed
[9.693s][info][gc            ] GC(430) Pause Remark 1223M->1223M(1841M) 1.428ms
[9.693s][info][gc,cpu        ] GC(430) User=0.01s Sys=0.00s Real=0.00s
[9.693s][info][gc,marking    ] GC(430) Concurrent Rebuild Remembered Sets
[9.698s][info][gc,marking    ] GC(430) Concurrent Rebuild Remembered Sets 4.944ms
[9.698s][info][gc,start      ] GC(430) Pause Cleanup
[9.699s][info][gc            ] GC(430) Pause Cleanup 1226M->1226M(1841M) 0.214ms
[9.699s][info][gc,cpu        ] GC(430) User=0.00s Sys=0.00s Real=0.00s
[9.699s][info][gc,marking    ] GC(430) Concurrent Cleanup for Next Mark
[9.701s][info][gc,marking    ] GC(430) Concurrent Cleanup for Next Mark 2.287ms
[9.701s][info][gc            ] GC(430) Concurrent Cycle 15.206ms
[9.708s][info][gc,start      ] GC(431) Pause Young (Concurrent Start) (G1 Humongous Allocation)
[9.708s][info][gc,task       ] GC(431) Using 8 workers of 8 for evacuation
[9.710s][info][gc,phases     ] GC(431)   Pre Evacuate Collection Set: 0.3ms
[9.710s][info][gc,phases     ] GC(431)   Evacuate Collection Set: 1.0ms
[9.710s][info][gc,phases     ] GC(431)   Post Evacuate Collection Set: 0.1ms
[9.710s][info][gc,phases     ] GC(431)   Other: 0.2ms
[9.710s][info][gc,heap       ] GC(431) Eden regions: 4->0(419)
[9.710s][info][gc,heap       ] GC(431) Survivor regions: 1->1(53)
[9.710s][info][gc,heap       ] GC(431) Old regions: 26->26
[9.710s][info][gc,heap       ] GC(431) Humongous regions: 1198->1198
[9.710s][info][gc,metaspace  ] GC(431) Metaspace: 9858K->9858K(1058816K)
[9.710s][info][gc            ] GC(431) Pause Young (Concurrent Start) (G1 Humongous Allocation) 1227M->1223M(1841M) 1.813ms
[9.710s][info][gc,cpu        ] GC(431) User=0.00s Sys=0.00s Real=0.00s
[9.710s][info][gc            ] GC(432) Concurrent Cycle
[9.710s][info][gc,marking    ] GC(432) Concurrent Clear Claimed Marks
[9.710s][info][gc,marking    ] GC(432) Concurrent Clear Claimed Marks 0.018ms
[9.710s][info][gc,marking    ] GC(432) Concurrent Scan Root Regions
[9.710s][info][gc,marking    ] GC(432) Concurrent Scan Root Regions 0.087ms
[9.710s][info][gc,marking    ] GC(432) Concurrent Mark (9.710s)
[9.710s][info][gc,marking    ] GC(432) Concurrent Mark From Roots
[9.710s][info][gc,task       ] GC(432) Using 2 workers of 2 for marking
[9.716s][info][gc,marking    ] GC(432) Concurrent Mark From Roots 5.746ms
[9.716s][info][gc,marking    ] GC(432) Concurrent Preclean
[9.716s][info][gc,marking    ] GC(432) Concurrent Preclean 0.084ms
[9.716s][info][gc,marking    ] GC(432) Concurrent Mark (9.710s, 9.716s) 5.887ms
[9.716s][info][gc,start      ] GC(432) Pause Remark
[9.717s][info][gc,stringtable] GC(432) Cleaned string and symbol table, strings: 4341 processed, 0 removed, symbols: 36588 processed, 0 removed
[9.718s][info][gc            ] GC(432) Pause Remark 1227M->1227M(1841M) 1.653ms
[9.718s][info][gc,cpu        ] GC(432) User=0.01s Sys=0.00s Real=0.00s
[9.718s][info][gc,marking    ] GC(432) Concurrent Rebuild Remembered Sets
[9.723s][info][gc,marking    ] GC(432) Concurrent Rebuild Remembered Sets 4.766ms
[9.723s][info][gc,start      ] GC(432) Pause Cleanup
[9.723s][info][gc            ] GC(432) Pause Cleanup 1229M->1229M(1841M) 0.210ms
[9.723s][info][gc,cpu        ] GC(432) User=0.00s Sys=0.00s Real=0.00s
[9.723s][info][gc,marking    ] GC(432) Concurrent Cleanup for Next Mark
[9.725s][info][gc,marking    ] GC(432) Concurrent Cleanup for Next Mark 2.452ms
[9.726s][info][gc            ] GC(432) Concurrent Cycle 15.594ms
[9.733s][info][gc,start      ] GC(433) Pause Young (Concurrent Start) (G1 Humongous Allocation)
[9.733s][info][gc,task       ] GC(433) Using 8 workers of 8 for evacuation
[9.734s][info][gc,phases     ] GC(433)   Pre Evacuate Collection Set: 0.3ms
[9.734s][info][gc,phases     ] GC(433)   Evacuate Collection Set: 1.0ms
[9.734s][info][gc,phases     ] GC(433)   Post Evacuate Collection Set: 0.1ms
[9.734s][info][gc,phases     ] GC(433)   Other: 0.2ms
[9.734s][info][gc,heap       ] GC(433) Eden regions: 4->0(415)
[9.734s][info][gc,heap       ] GC(433) Survivor regions: 1->1(53)
[9.734s][info][gc,heap       ] GC(433) Old regions: 26->26
[9.734s][info][gc,heap       ] GC(433) Humongous regions: 1202->1202
[9.734s][info][gc,metaspace  ] GC(433) Metaspace: 9858K->9858K(1058816K)
[9.734s][info][gc            ] GC(433) Pause Young (Concurrent Start) (G1 Humongous Allocation) 1231M->1227M(1841M) 1.698ms
[9.734s][info][gc,cpu        ] GC(433) User=0.00s Sys=0.00s Real=0.00s
[9.734s][info][gc            ] GC(434) Concurrent Cycle
[9.735s][info][gc,marking    ] GC(434) Concurrent Clear Claimed Marks
[9.735s][info][gc,marking    ] GC(434) Concurrent Clear Claimed Marks 0.018ms
[9.735s][info][gc,marking    ] GC(434) Concurrent Scan Root Regions
[9.735s][info][gc,marking    ] GC(434) Concurrent Scan Root Regions 0.057ms
[9.735s][info][gc,marking    ] GC(434) Concurrent Mark (9.735s)
[9.735s][info][gc,marking    ] GC(434) Concurrent Mark From Roots
[9.735s][info][gc,task       ] GC(434) Using 2 workers of 2 for marking
[9.740s][info][gc,marking    ] GC(434) Concurrent Mark From Roots 5.627ms
[9.740s][info][gc,marking    ] GC(434) Concurrent Preclean
[9.740s][info][gc,marking    ] GC(434) Concurrent Preclean 0.111ms
[9.740s][info][gc,marking    ] GC(434) Concurrent Mark (9.735s, 9.740s) 5.811ms
[9.741s][info][gc,start      ] GC(434) Pause Remark
[9.742s][info][gc,stringtable] GC(434) Cleaned string and symbol table, strings: 4341 processed, 0 removed, symbols: 36588 processed, 0 removed
[9.742s][info][gc            ] GC(434) Pause Remark 1231M->1231M(1841M) 1.607ms
[9.742s][info][gc,cpu        ] GC(434) User=0.01s Sys=0.00s Real=0.01s
[9.742s][info][gc,marking    ] GC(434) Concurrent Rebuild Remembered Sets
[9.747s][info][gc,marking    ] GC(434) Concurrent Rebuild Remembered Sets 5.004ms
[9.747s][info][gc,start      ] GC(434) Pause Cleanup
[9.748s][info][gc            ] GC(434) Pause Cleanup 1233M->1233M(1841M) 0.234ms
[9.748s][info][gc,cpu        ] GC(434) User=0.00s Sys=0.00s Real=0.00s
[9.748s][info][gc,marking    ] GC(434) Concurrent Cleanup for Next Mark
[9.750s][info][gc,marking    ] GC(434) Concurrent Cleanup for Next Mark 2.692ms
[9.750s][info][gc            ] GC(434) Concurrent Cycle 15.878ms
[9.757s][info][gc,start      ] GC(435) Pause Young (Concurrent Start) (G1 Humongous Allocation)
[9.757s][info][gc,task       ] GC(435) Using 8 workers of 8 for evacuation
[9.759s][info][gc,phases     ] GC(435)   Pre Evacuate Collection Set: 0.3ms
[9.759s][info][gc,phases     ] GC(435)   Evacuate Collection Set: 1.1ms
[9.759s][info][gc,phases     ] GC(435)   Post Evacuate Collection Set: 0.1ms
[9.759s][info][gc,phases     ] GC(435)   Other: 0.2ms
[9.759s][info][gc,heap       ] GC(435) Eden regions: 4->0(411)
[9.759s][info][gc,heap       ] GC(435) Survivor regions: 1->1(52)
[9.759s][info][gc,heap       ] GC(435) Old regions: 26->26
[9.759s][info][gc,heap       ] GC(435) Humongous regions: 1206->1206
[9.759s][info][gc,metaspace  ] GC(435) Metaspace: 9858K->9858K(1058816K)
[9.759s][info][gc            ] GC(435) Pause Young (Concurrent Start) (G1 Humongous Allocation) 1235M->1231M(1841M) 1.763ms
[9.759s][info][gc,cpu        ] GC(435) User=0.01s Sys=0.00s Real=0.00s
[9.759s][info][gc            ] GC(436) Concurrent Cycle
[9.759s][info][gc,marking    ] GC(436) Concurrent Clear Claimed Marks
[9.759s][info][gc,marking    ] GC(436) Concurrent Clear Claimed Marks 0.014ms
[9.759s][info][gc,marking    ] GC(436) Concurrent Scan Root Regions
[9.759s][info][gc,marking    ] GC(436) Concurrent Scan Root Regions 0.079ms
[9.759s][info][gc,marking    ] GC(436) Concurrent Mark (9.759s)
[9.759s][info][gc,marking    ] GC(436) Concurrent Mark From Roots
[9.759s][info][gc,task       ] GC(436) Using 2 workers of 2 for marking
[9.765s][info][gc,marking    ] GC(436) Concurrent Mark From Roots 5.537ms
[9.765s][info][gc,marking    ] GC(436) Concurrent Preclean
[9.765s][info][gc,marking    ] GC(436) Concurrent Preclean 0.077ms
[9.765s][info][gc,marking    ] GC(436) Concurrent Mark (9.759s, 9.765s) 5.673ms
[9.765s][info][gc,start      ] GC(436) Pause Remark
[9.767s][info][gc,stringtable] GC(436) Cleaned string and symbol table, strings: 4341 processed, 0 removed, symbols: 36588 processed, 0 removed
[9.767s][info][gc            ] GC(436) Pause Remark 1235M->1235M(1841M) 1.676ms
[9.767s][info][gc,cpu        ] GC(436) User=0.01s Sys=0.00s Real=0.00s
[9.767s][info][gc,marking    ] GC(436) Concurrent Rebuild Remembered Sets
[9.774s][info][gc,marking    ] GC(436) Concurrent Rebuild Remembered Sets 7.038ms
[9.774s][info][gc,start      ] GC(436) Pause Cleanup
[9.774s][info][gc            ] GC(436) Pause Cleanup 1238M->1238M(1841M) 0.272ms
[9.774s][info][gc,cpu        ] GC(436) User=0.00s Sys=0.00s Real=0.00s
[9.775s][info][gc,marking    ] GC(436) Concurrent Cleanup for Next Mark
[9.777s][info][gc,marking    ] GC(436) Concurrent Cleanup for Next Mark 2.543ms
[9.777s][info][gc            ] GC(436) Concurrent Cycle 17.818ms
[9.786s][info][gc,start      ] GC(437) Pause Young (Concurrent Start) (G1 Humongous Allocation)
[9.786s][info][gc,task       ] GC(437) Using 8 workers of 8 for evacuation
[9.787s][info][gc,phases     ] GC(437)   Pre Evacuate Collection Set: 0.3ms
[9.787s][info][gc,phases     ] GC(437)   Evacuate Collection Set: 1.0ms
[9.787s][info][gc,phases     ] GC(437)   Post Evacuate Collection Set: 0.1ms
[9.787s][info][gc,phases     ] GC(437)   Other: 0.2ms
[9.787s][info][gc,heap       ] GC(437) Eden regions: 5->0(407)
[9.787s][info][gc,heap       ] GC(437) Survivor regions: 1->1(52)
[9.787s][info][gc,heap       ] GC(437) Old regions: 26->26
[9.787s][info][gc,heap       ] GC(437) Humongous regions: 1210->1210
[9.787s][info][gc,metaspace  ] GC(437) Metaspace: 9858K->9858K(1058816K)
[9.787s][info][gc            ] GC(437) Pause Young (Concurrent Start) (G1 Humongous Allocation) 1240M->1235M(1841M) 1.720ms
[9.787s][info][gc,cpu        ] GC(437) User=0.01s Sys=0.00s Real=0.00s
[9.787s][info][gc            ] GC(438) Concurrent Cycle
[9.787s][info][gc,marking    ] GC(438) Concurrent Clear Claimed Marks
[9.787s][info][gc,marking    ] GC(438) Concurrent Clear Claimed Marks 0.015ms
[9.787s][info][gc,marking    ] GC(438) Concurrent Scan Root Regions
[9.787s][info][gc,marking    ] GC(438) Concurrent Scan Root Regions 0.062ms
[9.787s][info][gc,marking    ] GC(438) Concurrent Mark (9.787s)
[9.787s][info][gc,marking    ] GC(438) Concurrent Mark From Roots
[9.788s][info][gc,task       ] GC(438) Using 2 workers of 2 for marking
[9.793s][info][gc,marking    ] GC(438) Concurrent Mark From Roots 5.339ms
[9.793s][info][gc,marking    ] GC(438) Concurrent Preclean
[9.793s][info][gc,marking    ] GC(438) Concurrent Preclean 0.096ms
[9.793s][info][gc,marking    ] GC(438) Concurrent Mark (9.787s, 9.793s) 5.502ms
[9.793s][info][gc,start      ] GC(438) Pause Remark
[9.795s][info][gc,stringtable] GC(438) Cleaned string and symbol table, strings: 4343 processed, 0 removed, symbols: 36588 processed, 0 removed
[9.795s][info][gc            ] GC(438) Pause Remark 1238M->1238M(1841M) 1.841ms
[9.795s][info][gc,cpu        ] GC(438) User=0.00s Sys=0.00s Real=0.00s
[9.795s][info][gc,marking    ] GC(438) Concurrent Rebuild Remembered Sets
[9.801s][info][gc,marking    ] GC(438) Concurrent Rebuild Remembered Sets 5.683ms
[9.801s][info][gc,start      ] GC(438) Pause Cleanup
[9.801s][info][gc            ] GC(438) Pause Cleanup 1239M->1239M(1841M) 0.203ms
[9.801s][info][gc,cpu        ] GC(438) User=0.00s Sys=0.00s Real=0.00s
[9.801s][info][gc,marking    ] GC(438) Concurrent Cleanup for Next Mark
[9.804s][info][gc,marking    ] GC(438) Concurrent Cleanup for Next Mark 2.505ms
[9.804s][info][gc            ] GC(438) Concurrent Cycle 16.356ms
[9.814s][info][gc,start      ] GC(439) Pause Young (Concurrent Start) (G1 Humongous Allocation)
[9.814s][info][gc,task       ] GC(439) Using 8 workers of 8 for evacuation
[9.815s][info][gc,phases     ] GC(439)   Pre Evacuate Collection Set: 0.3ms
[9.815s][info][gc,phases     ] GC(439)   Evacuate Collection Set: 1.0ms
[9.815s][info][gc,phases     ] GC(439)   Post Evacuate Collection Set: 0.1ms
[9.815s][info][gc,phases     ] GC(439)   Other: 0.2ms
[9.816s][info][gc,heap       ] GC(439) Eden regions: 4->0(403)
[9.816s][info][gc,heap       ] GC(439) Survivor regions: 1->1(51)
[9.816s][info][gc,heap       ] GC(439) Old regions: 26->26
[9.816s][info][gc,heap       ] GC(439) Humongous regions: 1214->1214
[9.816s][info][gc,metaspace  ] GC(439) Metaspace: 9858K->9858K(1058816K)
[9.816s][info][gc            ] GC(439) Pause Young (Concurrent Start) (G1 Humongous Allocation) 1243M->1239M(1841M) 1.860ms
[9.816s][info][gc,cpu        ] GC(439) User=0.00s Sys=0.00s Real=0.00s
[9.816s][info][gc            ] GC(440) Concurrent Cycle
[9.816s][info][gc,marking    ] GC(440) Concurrent Clear Claimed Marks
[9.816s][info][gc,marking    ] GC(440) Concurrent Clear Claimed Marks 0.037ms
[9.816s][info][gc,marking    ] GC(440) Concurrent Scan Root Regions
[9.816s][info][gc,marking    ] GC(440) Concurrent Scan Root Regions 0.066ms
[9.816s][info][gc,marking    ] GC(440) Concurrent Mark (9.816s)
[9.816s][info][gc,marking    ] GC(440) Concurrent Mark From Roots
[9.816s][info][gc,task       ] GC(440) Using 2 workers of 2 for marking
[9.822s][info][gc,marking    ] GC(440) Concurrent Mark From Roots 5.833ms
[9.822s][info][gc,marking    ] GC(440) Concurrent Preclean
[9.822s][info][gc,marking    ] GC(440) Concurrent Preclean 0.076ms
[9.822s][info][gc,marking    ] GC(440) Concurrent Mark (9.816s, 9.822s) 5.976ms
[9.822s][info][gc,start      ] GC(440) Pause Remark
[9.823s][info][gc,stringtable] GC(440) Cleaned string and symbol table, strings: 4343 processed, 0 removed, symbols: 36588 processed, 0 removed
[9.823s][info][gc            ] GC(440) Pause Remark 1242M->1242M(1841M) 1.549ms
[9.823s][info][gc,cpu        ] GC(440) User=0.01s Sys=0.00s Real=0.00s
[9.824s][info][gc,marking    ] GC(440) Concurrent Rebuild Remembered Sets
[9.828s][info][gc,marking    ] GC(440) Concurrent Rebuild Remembered Sets 4.971ms
[9.829s][info][gc,start      ] GC(440) Pause Cleanup
[9.829s][info][gc            ] GC(440) Pause Cleanup 1243M->1243M(1841M) 0.231ms
[9.829s][info][gc,cpu        ] GC(440) User=0.00s Sys=0.00s Real=0.00s
[9.829s][info][gc,marking    ] GC(440) Concurrent Cleanup for Next Mark
[9.831s][info][gc,marking    ] GC(440) Concurrent Cleanup for Next Mark 2.450ms
[9.831s][info][gc            ] GC(440) Concurrent Cycle 15.684ms
[9.841s][info][gc,start      ] GC(441) Pause Young (Concurrent Start) (G1 Humongous Allocation)
[9.841s][info][gc,task       ] GC(441) Using 8 workers of 8 for evacuation
[9.843s][info][gc,phases     ] GC(441)   Pre Evacuate Collection Set: 0.3ms
[9.843s][info][gc,phases     ] GC(441)   Evacuate Collection Set: 1.0ms
[9.843s][info][gc,phases     ] GC(441)   Post Evacuate Collection Set: 0.1ms
[9.843s][info][gc,phases     ] GC(441)   Other: 0.2ms
[9.843s][info][gc,heap       ] GC(441) Eden regions: 4->0(399)
[9.843s][info][gc,heap       ] GC(441) Survivor regions: 1->1(51)
[9.843s][info][gc,heap       ] GC(441) Old regions: 26->26
[9.843s][info][gc,heap       ] GC(441) Humongous regions: 1218->1218
[9.843s][info][gc,metaspace  ] GC(441) Metaspace: 9858K->9858K(1058816K)
[9.843s][info][gc            ] GC(441) Pause Young (Concurrent Start) (G1 Humongous Allocation) 1247M->1243M(1841M) 1.707ms
[9.843s][info][gc,cpu        ] GC(441) User=0.00s Sys=0.00s Real=0.01s
[9.843s][info][gc            ] GC(442) Concurrent Cycle
[9.843s][info][gc,marking    ] GC(442) Concurrent Clear Claimed Marks
[9.843s][info][gc,marking    ] GC(442) Concurrent Clear Claimed Marks 0.021ms
[9.843s][info][gc,marking    ] GC(442) Concurrent Scan Root Regions
[9.843s][info][gc,marking    ] GC(442) Concurrent Scan Root Regions 0.051ms
[9.843s][info][gc,marking    ] GC(442) Concurrent Mark (9.843s)
[9.843s][info][gc,marking    ] GC(442) Concurrent Mark From Roots
[9.843s][info][gc,task       ] GC(442) Using 2 workers of 2 for marking
[9.848s][info][gc,marking    ] GC(442) Concurrent Mark From Roots 5.230ms
[9.848s][info][gc,marking    ] GC(442) Concurrent Preclean
[9.848s][info][gc,marking    ] GC(442) Concurrent Preclean 0.074ms
[9.848s][info][gc,marking    ] GC(442) Concurrent Mark (9.843s, 9.848s) 5.358ms
[9.848s][info][gc,start      ] GC(442) Pause Remark
[9.850s][info][gc,stringtable] GC(442) Cleaned string and symbol table, strings: 4343 processed, 0 removed, symbols: 36588 processed, 0 removed
[9.850s][info][gc            ] GC(442) Pause Remark 1246M->1246M(1841M) 1.773ms
[9.850s][info][gc,cpu        ] GC(442) User=0.01s Sys=0.00s Real=0.00s
[9.850s][info][gc,marking    ] GC(442) Concurrent Rebuild Remembered Sets
[9.856s][info][gc,marking    ] GC(442) Concurrent Rebuild Remembered Sets 5.958ms
[9.857s][info][gc,start      ] GC(442) Pause Cleanup
[9.857s][info][gc            ] GC(442) Pause Cleanup 1249M->1249M(1841M) 0.265ms
[9.857s][info][gc,cpu        ] GC(442) User=0.00s Sys=0.00s Real=0.00s
[9.857s][info][gc,marking    ] GC(442) Concurrent Cleanup for Next Mark
[9.859s][info][gc,marking    ] GC(442) Concurrent Cleanup for Next Mark 2.308ms
[9.859s][info][gc            ] GC(442) Concurrent Cycle 16.558ms
[9.867s][info][gc,start      ] GC(443) Pause Young (Concurrent Start) (G1 Humongous Allocation)
[9.867s][info][gc,task       ] GC(443) Using 8 workers of 8 for evacuation
[9.869s][info][gc,phases     ] GC(443)   Pre Evacuate Collection Set: 0.3ms
[9.869s][info][gc,phases     ] GC(443)   Evacuate Collection Set: 1.1ms
[9.869s][info][gc,phases     ] GC(443)   Post Evacuate Collection Set: 0.1ms
[9.869s][info][gc,phases     ] GC(443)   Other: 0.2ms
[9.869s][info][gc,heap       ] GC(443) Eden regions: 4->0(396)
[9.869s][info][gc,heap       ] GC(443) Survivor regions: 1->1(50)
[9.869s][info][gc,heap       ] GC(443) Old regions: 26->26
[9.869s][info][gc,heap       ] GC(443) Humongous regions: 1222->1222
[9.869s][info][gc,metaspace  ] GC(443) Metaspace: 9858K->9858K(1058816K)
[9.869s][info][gc            ] GC(443) Pause Young (Concurrent Start) (G1 Humongous Allocation) 1251M->1247M(1841M) 1.811ms
[9.869s][info][gc,cpu        ] GC(443) User=0.01s Sys=0.00s Real=0.00s
[9.869s][info][gc            ] GC(444) Concurrent Cycle
[9.869s][info][gc,marking    ] GC(444) Concurrent Clear Claimed Marks
[9.869s][info][gc,marking    ] GC(444) Concurrent Clear Claimed Marks 0.010ms
[9.869s][info][gc,marking    ] GC(444) Concurrent Scan Root Regions
[9.869s][info][gc,marking    ] GC(444) Concurrent Scan Root Regions 0.072ms
[9.869s][info][gc,marking    ] GC(444) Concurrent Mark (9.869s)
[9.869s][info][gc,marking    ] GC(444) Concurrent Mark From Roots
[9.869s][info][gc,task       ] GC(444) Using 2 workers of 2 for marking
[9.875s][info][gc,marking    ] GC(444) Concurrent Mark From Roots 5.869ms
[9.875s][info][gc,marking    ] GC(444) Concurrent Preclean
[9.875s][info][gc,marking    ] GC(444) Concurrent Preclean 0.118ms
[9.875s][info][gc,marking    ] GC(444) Concurrent Mark (9.869s, 9.875s) 6.067ms
[9.875s][info][gc,start      ] GC(444) Pause Remark
[9.877s][info][gc,stringtable] GC(444) Cleaned string and symbol table, strings: 4343 processed, 0 removed, symbols: 36588 processed, 0 removed
[9.877s][info][gc            ] GC(444) Pause Remark 1250M->1250M(1841M) 1.634ms
[9.877s][info][gc,cpu        ] GC(444) User=0.00s Sys=0.00s Real=0.00s
[9.877s][info][gc,marking    ] GC(444) Concurrent Rebuild Remembered Sets
[9.882s][info][gc,marking    ] GC(444) Concurrent Rebuild Remembered Sets 4.667ms
[9.882s][info][gc,start      ] GC(444) Pause Cleanup
[9.882s][info][gc            ] GC(444) Pause Cleanup 1251M->1251M(1841M) 0.179ms
[9.882s][info][gc,cpu        ] GC(444) User=0.00s Sys=0.00s Real=0.00s
[9.882s][info][gc,marking    ] GC(444) Concurrent Cleanup for Next Mark
[9.885s][info][gc,marking    ] GC(444) Concurrent Cleanup for Next Mark 2.659ms
[9.885s][info][gc            ] GC(444) Concurrent Cycle 15.680ms
[9.894s][info][gc,start      ] GC(445) Pause Young (Concurrent Start) (G1 Humongous Allocation)
[9.894s][info][gc,task       ] GC(445) Using 8 workers of 8 for evacuation
[9.895s][info][gc,phases     ] GC(445)   Pre Evacuate Collection Set: 0.4ms
[9.896s][info][gc,phases     ] GC(445)   Evacuate Collection Set: 1.0ms
[9.896s][info][gc,phases     ] GC(445)   Post Evacuate Collection Set: 0.1ms
[9.896s][info][gc,phases     ] GC(445)   Other: 0.3ms
[9.896s][info][gc,heap       ] GC(445) Eden regions: 4->0(392)
[9.896s][info][gc,heap       ] GC(445) Survivor regions: 1->1(50)
[9.896s][info][gc,heap       ] GC(445) Old regions: 26->26
[9.896s][info][gc,heap       ] GC(445) Humongous regions: 1226->1226
[9.896s][info][gc,metaspace  ] GC(445) Metaspace: 9858K->9858K(1058816K)
[9.896s][info][gc            ] GC(445) Pause Young (Concurrent Start) (G1 Humongous Allocation) 1255M->1251M(1841M) 1.872ms
[9.896s][info][gc,cpu        ] GC(445) User=0.01s Sys=0.00s Real=0.00s
[9.896s][info][gc            ] GC(446) Concurrent Cycle
[9.896s][info][gc,marking    ] GC(446) Concurrent Clear Claimed Marks
[9.896s][info][gc,marking    ] GC(446) Concurrent Clear Claimed Marks 0.010ms
[9.896s][info][gc,marking    ] GC(446) Concurrent Scan Root Regions
[9.896s][info][gc,marking    ] GC(446) Concurrent Scan Root Regions 0.057ms
[9.896s][info][gc,marking    ] GC(446) Concurrent Mark (9.896s)
[9.896s][info][gc,marking    ] GC(446) Concurrent Mark From Roots
[9.896s][info][gc,task       ] GC(446) Using 2 workers of 2 for marking
[9.901s][info][gc,marking    ] GC(446) Concurrent Mark From Roots 5.236ms
[9.901s][info][gc,marking    ] GC(446) Concurrent Preclean
[9.901s][info][gc,marking    ] GC(446) Concurrent Preclean 0.073ms
[9.901s][info][gc,marking    ] GC(446) Concurrent Mark (9.896s, 9.901s) 5.363ms
[9.901s][info][gc,start      ] GC(446) Pause Remark
[9.902s][info][gc,stringtable] GC(446) Cleaned string and symbol table, strings: 4343 processed, 0 removed, symbols: 36588 processed, 0 removed
[9.903s][info][gc            ] GC(446) Pause Remark 1254M->1254M(1841M) 1.529ms
[9.903s][info][gc,cpu        ] GC(446) User=0.01s Sys=0.00s Real=0.00s
[9.903s][info][gc,marking    ] GC(446) Concurrent Rebuild Remembered Sets
[9.908s][info][gc,marking    ] GC(446) Concurrent Rebuild Remembered Sets 4.834ms
[9.908s][info][gc,start      ] GC(446) Pause Cleanup
[9.908s][info][gc            ] GC(446) Pause Cleanup 1255M->1255M(1841M) 0.181ms
[9.908s][info][gc,cpu        ] GC(446) User=0.00s Sys=0.00s Real=0.00s
[9.908s][info][gc,marking    ] GC(446) Concurrent Cleanup for Next Mark
[9.910s][info][gc,marking    ] GC(446) Concurrent Cleanup for Next Mark 2.436ms
[9.910s][info][gc            ] GC(446) Concurrent Cycle 14.834ms
[9.920s][info][gc,start      ] GC(447) Pause Young (Concurrent Start) (G1 Humongous Allocation)
[9.920s][info][gc,task       ] GC(447) Using 8 workers of 8 for evacuation
[9.921s][info][gc,phases     ] GC(447)   Pre Evacuate Collection Set: 0.3ms
[9.921s][info][gc,phases     ] GC(447)   Evacuate Collection Set: 0.5ms
[9.921s][info][gc,phases     ] GC(447)   Post Evacuate Collection Set: 0.1ms
[9.921s][info][gc,phases     ] GC(447)   Other: 0.2ms
[9.921s][info][gc,heap       ] GC(447) Eden regions: 4->0(388)
[9.921s][info][gc,heap       ] GC(447) Survivor regions: 1->1(50)
[9.921s][info][gc,heap       ] GC(447) Old regions: 26->26
[9.921s][info][gc,heap       ] GC(447) Humongous regions: 1230->1230
[9.921s][info][gc,metaspace  ] GC(447) Metaspace: 9858K->9858K(1058816K)
[9.921s][info][gc            ] GC(447) Pause Young (Concurrent Start) (G1 Humongous Allocation) 1259M->1255M(1841M) 1.186ms
[9.921s][info][gc,cpu        ] GC(447) User=0.01s Sys=0.00s Real=0.00s
[9.921s][info][gc            ] GC(448) Concurrent Cycle
[9.921s][info][gc,marking    ] GC(448) Concurrent Clear Claimed Marks
[9.921s][info][gc,marking    ] GC(448) Concurrent Clear Claimed Marks 0.015ms
[9.921s][info][gc,marking    ] GC(448) Concurrent Scan Root Regions
[9.921s][info][gc,marking    ] GC(448) Concurrent Scan Root Regions 0.081ms
[9.921s][info][gc,marking    ] GC(448) Concurrent Mark (9.921s)
[9.921s][info][gc,marking    ] GC(448) Concurrent Mark From Roots
[9.921s][info][gc,task       ] GC(448) Using 2 workers of 2 for marking
[9.927s][info][gc,marking    ] GC(448) Concurrent Mark From Roots 5.567ms
[9.927s][info][gc,marking    ] GC(448) Concurrent Preclean
[9.927s][info][gc,marking    ] GC(448) Concurrent Preclean 0.072ms
[9.927s][info][gc,marking    ] GC(448) Concurrent Mark (9.921s, 9.927s) 5.712ms
[9.927s][info][gc,start      ] GC(448) Pause Remark
[9.928s][info][gc,stringtable] GC(448) Cleaned string and symbol table, strings: 4343 processed, 0 removed, symbols: 36588 processed, 0 removed
[9.929s][info][gc            ] GC(448) Pause Remark 1258M->1258M(1841M) 1.533ms
[9.929s][info][gc,cpu        ] GC(448) User=0.01s Sys=0.00s Real=0.00s
[9.929s][info][gc,marking    ] GC(448) Concurrent Rebuild Remembered Sets
[9.933s][info][gc,marking    ] GC(448) Concurrent Rebuild Remembered Sets 4.704ms
[9.933s][info][gc,start      ] GC(448) Pause Cleanup
[9.934s][info][gc            ] GC(448) Pause Cleanup 1259M->1259M(1841M) 0.207ms
[9.934s][info][gc,cpu        ] GC(448) User=0.00s Sys=0.00s Real=0.00s
[9.934s][info][gc,marking    ] GC(448) Concurrent Cleanup for Next Mark
[9.936s][info][gc,marking    ] GC(448) Concurrent Cleanup for Next Mark 2.428ms
[9.936s][info][gc            ] GC(448) Concurrent Cycle 15.082ms
[9.945s][info][gc,start      ] GC(449) Pause Young (Concurrent Start) (G1 Humongous Allocation)
[9.945s][info][gc,task       ] GC(449) Using 8 workers of 8 for evacuation
[9.947s][info][gc,phases     ] GC(449)   Pre Evacuate Collection Set: 0.3ms
[9.947s][info][gc,phases     ] GC(449)   Evacuate Collection Set: 1.0ms
[9.947s][info][gc,phases     ] GC(449)   Post Evacuate Collection Set: 0.1ms
[9.947s][info][gc,phases     ] GC(449)   Other: 0.2ms
[9.947s][info][gc,heap       ] GC(449) Eden regions: 4->0(384)
[9.947s][info][gc,heap       ] GC(449) Survivor regions: 1->1(49)
[9.947s][info][gc,heap       ] GC(449) Old regions: 26->26
[9.947s][info][gc,heap       ] GC(449) Humongous regions: 1234->1234
[9.947s][info][gc,metaspace  ] GC(449) Metaspace: 9858K->9858K(1058816K)
[9.947s][info][gc            ] GC(449) Pause Young (Concurrent Start) (G1 Humongous Allocation) 1263M->1259M(1841M) 1.679ms
[9.947s][info][gc,cpu        ] GC(449) User=0.01s Sys=0.00s Real=0.00s
[9.947s][info][gc            ] GC(450) Concurrent Cycle
[9.947s][info][gc,marking    ] GC(450) Concurrent Clear Claimed Marks
[9.947s][info][gc,marking    ] GC(450) Concurrent Clear Claimed Marks 0.023ms
[9.947s][info][gc,marking    ] GC(450) Concurrent Scan Root Regions
[9.947s][info][gc,marking    ] GC(450) Concurrent Scan Root Regions 0.068ms
[9.947s][info][gc,marking    ] GC(450) Concurrent Mark (9.947s)
[9.947s][info][gc,marking    ] GC(450) Concurrent Mark From Roots
[9.947s][info][gc,task       ] GC(450) Using 2 workers of 2 for marking
[9.953s][info][gc,marking    ] GC(450) Concurrent Mark From Roots 5.522ms
[9.953s][info][gc,marking    ] GC(450) Concurrent Preclean
[9.953s][info][gc,marking    ] GC(450) Concurrent Preclean 0.088ms
[9.953s][info][gc,marking    ] GC(450) Concurrent Mark (9.947s, 9.953s) 5.668ms
[9.953s][info][gc,start      ] GC(450) Pause Remark
[9.954s][info][gc,stringtable] GC(450) Cleaned string and symbol table, strings: 4343 processed, 0 removed, symbols: 36588 processed, 0 removed
[9.955s][info][gc            ] GC(450) Pause Remark 1262M->1262M(1841M) 1.514ms
[9.955s][info][gc,cpu        ] GC(450) User=0.01s Sys=0.00s Real=0.00s
[9.955s][info][gc,marking    ] GC(450) Concurrent Rebuild Remembered Sets
[9.959s][info][gc,marking    ] GC(450) Concurrent Rebuild Remembered Sets 4.814ms
[9.960s][info][gc,start      ] GC(450) Pause Cleanup
[9.960s][info][gc            ] GC(450) Pause Cleanup 1263M->1263M(1841M) 0.181ms
[9.960s][info][gc,cpu        ] GC(450) User=0.00s Sys=0.00s Real=0.00s
[9.960s][info][gc,marking    ] GC(450) Concurrent Cleanup for Next Mark
[9.962s][info][gc,marking    ] GC(450) Concurrent Cleanup for Next Mark 2.593ms
[9.962s][info][gc            ] GC(450) Concurrent Cycle 15.234ms
[9.972s][info][gc,start      ] GC(451) Pause Young (Concurrent Start) (G1 Humongous Allocation)
[9.972s][info][gc,task       ] GC(451) Using 8 workers of 8 for evacuation
[9.974s][info][gc,phases     ] GC(451)   Pre Evacuate Collection Set: 0.4ms
[9.974s][info][gc,phases     ] GC(451)   Evacuate Collection Set: 1.2ms
[9.974s][info][gc,phases     ] GC(451)   Post Evacuate Collection Set: 0.2ms
[9.974s][info][gc,phases     ] GC(451)   Other: 0.3ms
[9.974s][info][gc,heap       ] GC(451) Eden regions: 4->0(380)
[9.974s][info][gc,heap       ] GC(451) Survivor regions: 1->1(49)
[9.974s][info][gc,heap       ] GC(451) Old regions: 26->26
[9.974s][info][gc,heap       ] GC(451) Humongous regions: 1238->1238
[9.974s][info][gc,metaspace  ] GC(451) Metaspace: 9858K->9858K(1058816K)
[9.974s][info][gc            ] GC(451) Pause Young (Concurrent Start) (G1 Humongous Allocation) 1267M->1263M(1841M) 2.207ms
[9.974s][info][gc,cpu        ] GC(451) User=0.01s Sys=0.00s Real=0.00s
[9.974s][info][gc            ] GC(452) Concurrent Cycle
[9.974s][info][gc,marking    ] GC(452) Concurrent Clear Claimed Marks
[9.974s][info][gc,marking    ] GC(452) Concurrent Clear Claimed Marks 0.021ms
[9.974s][info][gc,marking    ] GC(452) Concurrent Scan Root Regions
[9.974s][info][gc,marking    ] GC(452) Concurrent Scan Root Regions 0.084ms
[9.974s][info][gc,marking    ] GC(452) Concurrent Mark (9.974s)
[9.974s][info][gc,marking    ] GC(452) Concurrent Mark From Roots
[9.974s][info][gc,task       ] GC(452) Using 2 workers of 2 for marking
[9.981s][info][gc,marking    ] GC(452) Concurrent Mark From Roots 7.039ms
[9.981s][info][gc,marking    ] GC(452) Concurrent Preclean
[9.982s][info][gc,marking    ] GC(452) Concurrent Preclean 0.126ms
[9.982s][info][gc,marking    ] GC(452) Concurrent Mark (9.974s, 9.982s) 7.248ms
[9.982s][info][gc,start      ] GC(452) Pause Remark
[9.983s][info][gc,stringtable] GC(452) Cleaned string and symbol table, strings: 4343 processed, 0 removed, symbols: 36588 processed, 0 removed
[9.984s][info][gc            ] GC(452) Pause Remark 1266M->1266M(1841M) 2.154ms
[9.984s][info][gc,cpu        ] GC(452) User=0.00s Sys=0.00s Real=0.00s
[9.984s][info][gc,marking    ] GC(452) Concurrent Rebuild Remembered Sets
[9.991s][info][gc,marking    ] GC(452) Concurrent Rebuild Remembered Sets 6.441ms
[9.991s][info][gc,start      ] GC(452) Pause Cleanup
[9.991s][info][gc            ] GC(452) Pause Cleanup 1267M->1267M(1841M) 0.241ms
[9.991s][info][gc,cpu        ] GC(452) User=0.00s Sys=0.00s Real=0.00s
[9.991s][info][gc,marking    ] GC(452) Concurrent Cleanup for Next Mark
[9.994s][info][gc,marking    ] GC(452) Concurrent Cleanup for Next Mark 2.440ms
[9.994s][info][gc            ] GC(452) Concurrent Cycle 19.437ms
[10.004s][info][gc,start      ] GC(453) Pause Young (Concurrent Start) (G1 Humongous Allocation)
[10.004s][info][gc,task       ] GC(453) Using 8 workers of 8 for evacuation
[10.006s][info][gc,phases     ] GC(453)   Pre Evacuate Collection Set: 0.3ms
[10.006s][info][gc,phases     ] GC(453)   Evacuate Collection Set: 1.1ms
[10.006s][info][gc,phases     ] GC(453)   Post Evacuate Collection Set: 0.1ms
[10.006s][info][gc,phases     ] GC(453)   Other: 0.2ms
[10.006s][info][gc,heap       ] GC(453) Eden regions: 4->0(376)
[10.006s][info][gc,heap       ] GC(453) Survivor regions: 1->1(48)
[10.006s][info][gc,heap       ] GC(453) Old regions: 26->26
[10.006s][info][gc,heap       ] GC(453) Humongous regions: 1242->1242
[10.006s][info][gc,metaspace  ] GC(453) Metaspace: 9858K->9858K(1058816K)
[10.006s][info][gc            ] GC(453) Pause Young (Concurrent Start) (G1 Humongous Allocation) 1271M->1267M(1841M) 1.871ms
[10.006s][info][gc,cpu        ] GC(453) User=0.01s Sys=0.00s Real=0.00s
[10.006s][info][gc            ] GC(454) Concurrent Cycle
[10.006s][info][gc,marking    ] GC(454) Concurrent Clear Claimed Marks
[10.006s][info][gc,marking    ] GC(454) Concurrent Clear Claimed Marks 0.015ms
[10.006s][info][gc,marking    ] GC(454) Concurrent Scan Root Regions
[10.006s][info][gc,marking    ] GC(454) Concurrent Scan Root Regions 0.081ms
[10.006s][info][gc,marking    ] GC(454) Concurrent Mark (10.006s)
[10.006s][info][gc,marking    ] GC(454) Concurrent Mark From Roots
[10.006s][info][gc,task       ] GC(454) Using 2 workers of 2 for marking
[10.013s][info][gc,marking    ] GC(454) Concurrent Mark From Roots 6.633ms
[10.013s][info][gc,marking    ] GC(454) Concurrent Preclean
[10.013s][info][gc,marking    ] GC(454) Concurrent Preclean 0.082ms
[10.013s][info][gc,marking    ] GC(454) Concurrent Mark (10.006s, 10.013s) 6.783ms
[10.013s][info][gc,start      ] GC(454) Pause Remark
[10.015s][info][gc,stringtable] GC(454) Cleaned string and symbol table, strings: 4343 processed, 0 removed, symbols: 36588 processed, 0 removed
[10.015s][info][gc            ] GC(454) Pause Remark 1271M->1271M(1841M) 1.684ms
[10.015s][info][gc,cpu        ] GC(454) User=0.00s Sys=0.00s Real=0.00s
[10.015s][info][gc,marking    ] GC(454) Concurrent Rebuild Remembered Sets
[10.021s][info][gc,marking    ] GC(454) Concurrent Rebuild Remembered Sets 6.484ms
[10.022s][info][gc,start      ] GC(454) Pause Cleanup
[10.022s][info][gc            ] GC(454) Pause Cleanup 1273M->1273M(1841M) 0.218ms
[10.022s][info][gc,cpu        ] GC(454) User=0.00s Sys=0.00s Real=0.00s
[10.022s][info][gc,marking    ] GC(454) Concurrent Cleanup for Next Mark
[10.024s][info][gc,marking    ] GC(454) Concurrent Cleanup for Next Mark 2.441ms
[10.024s][info][gc            ] GC(454) Concurrent Cycle 18.174ms
[10.032s][info][gc,start      ] GC(455) Pause Young (Concurrent Start) (G1 Humongous Allocation)
[10.032s][info][gc,task       ] GC(455) Using 8 workers of 8 for evacuation
[10.034s][info][gc,phases     ] GC(455)   Pre Evacuate Collection Set: 0.3ms
[10.034s][info][gc,phases     ] GC(455)   Evacuate Collection Set: 1.1ms
[10.034s][info][gc,phases     ] GC(455)   Post Evacuate Collection Set: 0.1ms
[10.034s][info][gc,phases     ] GC(455)   Other: 0.2ms
[10.034s][info][gc,heap       ] GC(455) Eden regions: 4->0(372)
[10.034s][info][gc,heap       ] GC(455) Survivor regions: 1->1(48)
[10.034s][info][gc,heap       ] GC(455) Old regions: 26->26
[10.034s][info][gc,heap       ] GC(455) Humongous regions: 1246->1246
[10.034s][info][gc,metaspace  ] GC(455) Metaspace: 9858K->9858K(1058816K)
[10.034s][info][gc            ] GC(455) Pause Young (Concurrent Start) (G1 Humongous Allocation) 1275M->1271M(1841M) 1.886ms
[10.034s][info][gc,cpu        ] GC(455) User=0.00s Sys=0.00s Real=0.00s
[10.034s][info][gc            ] GC(456) Concurrent Cycle
[10.034s][info][gc,marking    ] GC(456) Concurrent Clear Claimed Marks
[10.034s][info][gc,marking    ] GC(456) Concurrent Clear Claimed Marks 0.011ms
[10.034s][info][gc,marking    ] GC(456) Concurrent Scan Root Regions
[10.034s][info][gc,marking    ] GC(456) Concurrent Scan Root Regions 0.055ms
[10.034s][info][gc,marking    ] GC(456) Concurrent Mark (10.034s)
[10.034s][info][gc,marking    ] GC(456) Concurrent Mark From Roots
[10.034s][info][gc,task       ] GC(456) Using 2 workers of 2 for marking
[10.039s][info][gc,marking    ] GC(456) Concurrent Mark From Roots 5.393ms
[10.039s][info][gc,marking    ] GC(456) Concurrent Preclean
[10.040s][info][gc,marking    ] GC(456) Concurrent Preclean 0.085ms
[10.040s][info][gc,marking    ] GC(456) Concurrent Mark (10.034s, 10.040s) 5.535ms
[10.040s][info][gc,start      ] GC(456) Pause Remark
[10.041s][info][gc,stringtable] GC(456) Cleaned string and symbol table, strings: 4343 processed, 0 removed, symbols: 36588 processed, 0 removed
[10.041s][info][gc            ] GC(456) Pause Remark 1274M->1274M(1841M) 1.679ms
[10.041s][info][gc,cpu        ] GC(456) User=0.01s Sys=0.00s Real=0.01s
[10.041s][info][gc,marking    ] GC(456) Concurrent Rebuild Remembered Sets
[10.047s][info][gc,marking    ] GC(456) Concurrent Rebuild Remembered Sets 5.944ms
[10.047s][info][gc,start      ] GC(456) Pause Cleanup
[10.048s][info][gc            ] GC(456) Pause Cleanup 1275M->1275M(1841M) 0.268ms
[10.048s][info][gc,cpu        ] GC(456) User=0.00s Sys=0.00s Real=0.00s
[10.048s][info][gc,marking    ] GC(456) Concurrent Cleanup for Next Mark
[10.050s][info][gc,marking    ] GC(456) Concurrent Cleanup for Next Mark 2.518ms
[10.050s][info][gc            ] GC(456) Concurrent Cycle 16.412ms
[10.062s][info][gc,start      ] GC(457) Pause Young (Concurrent Start) (G1 Humongous Allocation)
[10.062s][info][gc,task       ] GC(457) Using 8 workers of 8 for evacuation
[10.064s][info][gc,phases     ] GC(457)   Pre Evacuate Collection Set: 0.3ms
[10.064s][info][gc,phases     ] GC(457)   Evacuate Collection Set: 1.3ms
[10.064s][info][gc,phases     ] GC(457)   Post Evacuate Collection Set: 0.2ms
[10.064s][info][gc,phases     ] GC(457)   Other: 0.3ms
[10.064s][info][gc,heap       ] GC(457) Eden regions: 4->0(368)
[10.064s][info][gc,heap       ] GC(457) Survivor regions: 1->1(47)
[10.064s][info][gc,heap       ] GC(457) Old regions: 26->26
[10.064s][info][gc,heap       ] GC(457) Humongous regions: 1250->1250
[10.064s][info][gc,metaspace  ] GC(457) Metaspace: 9858K->9858K(1058816K)
[10.064s][info][gc            ] GC(457) Pause Young (Concurrent Start) (G1 Humongous Allocation) 1279M->1275M(1841M) 2.254ms
[10.064s][info][gc,cpu        ] GC(457) User=0.01s Sys=0.00s Real=0.00s
[10.064s][info][gc            ] GC(458) Concurrent Cycle
[10.064s][info][gc,marking    ] GC(458) Concurrent Clear Claimed Marks
[10.064s][info][gc,marking    ] GC(458) Concurrent Clear Claimed Marks 0.038ms
[10.064s][info][gc,marking    ] GC(458) Concurrent Scan Root Regions
[10.064s][info][gc,marking    ] GC(458) Concurrent Scan Root Regions 0.074ms
[10.064s][info][gc,marking    ] GC(458) Concurrent Mark (10.064s)
[10.064s][info][gc,marking    ] GC(458) Concurrent Mark From Roots
[10.064s][info][gc,task       ] GC(458) Using 2 workers of 2 for marking
[10.070s][info][gc,marking    ] GC(458) Concurrent Mark From Roots 5.731ms
[10.070s][info][gc,marking    ] GC(458) Concurrent Preclean
[10.070s][info][gc,marking    ] GC(458) Concurrent Preclean 0.073ms
[10.070s][info][gc,marking    ] GC(458) Concurrent Mark (10.064s, 10.070s) 5.861ms
[10.070s][info][gc,start      ] GC(458) Pause Remark
[10.071s][info][gc,stringtable] GC(458) Cleaned string and symbol table, strings: 4343 processed, 0 removed, symbols: 36588 processed, 0 removed
[10.072s][info][gc            ] GC(458) Pause Remark 1279M->1279M(1841M) 1.461ms
[10.072s][info][gc,cpu        ] GC(458) User=0.01s Sys=0.00s Real=0.01s
[10.072s][info][gc,marking    ] GC(458) Concurrent Rebuild Remembered Sets
[10.078s][info][gc,marking    ] GC(458) Concurrent Rebuild Remembered Sets 6.293ms
[10.078s][info][gc,start      ] GC(458) Pause Cleanup
[10.078s][info][gc            ] GC(458) Pause Cleanup 1281M->1281M(1841M) 0.302ms
[10.079s][info][gc,cpu        ] GC(458) User=0.00s Sys=0.00s Real=0.00s
[10.079s][info][gc,marking    ] GC(458) Concurrent Cleanup for Next Mark
[10.081s][info][gc,marking    ] GC(458) Concurrent Cleanup for Next Mark 2.448ms
[10.081s][info][gc            ] GC(458) Concurrent Cycle 16.937ms
[10.090s][info][gc,start      ] GC(459) Pause Young (Concurrent Start) (G1 Humongous Allocation)
[10.090s][info][gc,task       ] GC(459) Using 8 workers of 8 for evacuation
[10.092s][info][gc,phases     ] GC(459)   Pre Evacuate Collection Set: 0.3ms
[10.092s][info][gc,phases     ] GC(459)   Evacuate Collection Set: 1.3ms
[10.092s][info][gc,phases     ] GC(459)   Post Evacuate Collection Set: 0.1ms
[10.092s][info][gc,phases     ] GC(459)   Other: 0.2ms
[10.092s][info][gc,heap       ] GC(459) Eden regions: 4->0(364)
[10.092s][info][gc,heap       ] GC(459) Survivor regions: 1->1(47)
[10.092s][info][gc,heap       ] GC(459) Old regions: 26->26
[10.092s][info][gc,heap       ] GC(459) Humongous regions: 1254->1254
[10.092s][info][gc,metaspace  ] GC(459) Metaspace: 9858K->9858K(1058816K)
[10.092s][info][gc            ] GC(459) Pause Young (Concurrent Start) (G1 Humongous Allocation) 1283M->1279M(1841M) 2.177ms
[10.092s][info][gc,cpu        ] GC(459) User=0.00s Sys=0.00s Real=0.01s
[10.092s][info][gc            ] GC(460) Concurrent Cycle
[10.092s][info][gc,marking    ] GC(460) Concurrent Clear Claimed Marks
[10.092s][info][gc,marking    ] GC(460) Concurrent Clear Claimed Marks 0.019ms
[10.092s][info][gc,marking    ] GC(460) Concurrent Scan Root Regions
[10.092s][info][gc,marking    ] GC(460) Concurrent Scan Root Regions 0.081ms
[10.092s][info][gc,marking    ] GC(460) Concurrent Mark (10.092s)
[10.092s][info][gc,marking    ] GC(460) Concurrent Mark From Roots
[10.092s][info][gc,task       ] GC(460) Using 2 workers of 2 for marking
[10.100s][info][gc,marking    ] GC(460) Concurrent Mark From Roots 7.191ms
[10.100s][info][gc,marking    ] GC(460) Concurrent Preclean
[10.100s][info][gc,marking    ] GC(460) Concurrent Preclean 0.141ms
[10.100s][info][gc,marking    ] GC(460) Concurrent Mark (10.092s, 10.100s) 7.419ms
[10.100s][info][gc,start      ] GC(460) Pause Remark
[10.102s][info][gc,stringtable] GC(460) Cleaned string and symbol table, strings: 4343 processed, 0 removed, symbols: 36588 processed, 0 removed
[10.102s][info][gc            ] GC(460) Pause Remark 1282M->1282M(1841M) 1.986ms
[10.102s][info][gc,cpu        ] GC(460) User=0.01s Sys=0.00s Real=0.01s
[10.102s][info][gc,marking    ] GC(460) Concurrent Rebuild Remembered Sets
[10.109s][info][gc,marking    ] GC(460) Concurrent Rebuild Remembered Sets 7.323ms
[10.110s][info][gc,start      ] GC(460) Pause Cleanup
[10.110s][info][gc            ] GC(460) Pause Cleanup 1283M->1283M(1841M) 0.229ms
[10.110s][info][gc,cpu        ] GC(460) User=0.00s Sys=0.00s Real=0.00s
[10.110s][info][gc,marking    ] GC(460) Concurrent Cleanup for Next Mark
[10.113s][info][gc,marking    ] GC(460) Concurrent Cleanup for Next Mark 2.755ms
[10.113s][info][gc            ] GC(460) Concurrent Cycle 20.387ms
[10.125s][info][gc,start      ] GC(461) Pause Young (Concurrent Start) (G1 Humongous Allocation)
[10.125s][info][gc,task       ] GC(461) Using 8 workers of 8 for evacuation
[10.127s][info][gc,phases     ] GC(461)   Pre Evacuate Collection Set: 0.5ms
[10.127s][info][gc,phases     ] GC(461)   Evacuate Collection Set: 1.4ms
[10.127s][info][gc,phases     ] GC(461)   Post Evacuate Collection Set: 0.2ms
[10.127s][info][gc,phases     ] GC(461)   Other: 0.3ms
[10.127s][info][gc,heap       ] GC(461) Eden regions: 4->0(361)
[10.127s][info][gc,heap       ] GC(461) Survivor regions: 1->1(46)
[10.127s][info][gc,heap       ] GC(461) Old regions: 26->26
[10.127s][info][gc,heap       ] GC(461) Humongous regions: 1258->1258
[10.127s][info][gc,metaspace  ] GC(461) Metaspace: 9858K->9858K(1058816K)
[10.127s][info][gc            ] GC(461) Pause Young (Concurrent Start) (G1 Humongous Allocation) 1287M->1283M(1841M) 2.606ms
[10.128s][info][gc,cpu        ] GC(461) User=0.01s Sys=0.00s Real=0.00s
[10.128s][info][gc            ] GC(462) Concurrent Cycle
[10.128s][info][gc,marking    ] GC(462) Concurrent Clear Claimed Marks
[10.128s][info][gc,marking    ] GC(462) Concurrent Clear Claimed Marks 0.019ms
[10.128s][info][gc,marking    ] GC(462) Concurrent Scan Root Regions
[10.128s][info][gc,marking    ] GC(462) Concurrent Scan Root Regions 0.085ms
[10.128s][info][gc,marking    ] GC(462) Concurrent Mark (10.128s)
[10.128s][info][gc,marking    ] GC(462) Concurrent Mark From Roots
[10.128s][info][gc,task       ] GC(462) Using 2 workers of 2 for marking
[10.136s][info][gc,marking    ] GC(462) Concurrent Mark From Roots 8.293ms
[10.136s][info][gc,marking    ] GC(462) Concurrent Preclean
[10.136s][info][gc,marking    ] GC(462) Concurrent Preclean 0.126ms
[10.136s][info][gc,marking    ] GC(462) Concurrent Mark (10.128s, 10.136s) 8.511ms
[10.136s][info][gc,start      ] GC(462) Pause Remark
[10.139s][info][gc,stringtable] GC(462) Cleaned string and symbol table, strings: 4343 processed, 0 removed, symbols: 36588 processed, 0 removed
[10.139s][info][gc            ] GC(462) Pause Remark 1287M->1287M(1841M) 2.673ms
[10.139s][info][gc,cpu        ] GC(462) User=0.01s Sys=0.00s Real=0.00s
[10.139s][info][gc,marking    ] GC(462) Concurrent Rebuild Remembered Sets
[10.146s][info][gc,marking    ] GC(462) Concurrent Rebuild Remembered Sets 7.355ms
[10.147s][info][gc,start      ] GC(462) Pause Cleanup
[10.147s][info][gc            ] GC(462) Pause Cleanup 1289M->1289M(1841M) 0.362ms
[10.147s][info][gc,cpu        ] GC(462) User=0.00s Sys=0.00s Real=0.00s
[10.147s][info][gc,marking    ] GC(462) Concurrent Cleanup for Next Mark
[10.150s][info][gc,marking    ] GC(462) Concurrent Cleanup for Next Mark 2.842ms
[10.150s][info][gc            ] GC(462) Concurrent Cycle 22.441ms
[10.159s][info][gc,start      ] GC(463) Pause Young (Concurrent Start) (G1 Humongous Allocation)
[10.159s][info][gc,task       ] GC(463) Using 8 workers of 8 for evacuation
[10.161s][info][gc,phases     ] GC(463)   Pre Evacuate Collection Set: 0.4ms
[10.161s][info][gc,phases     ] GC(463)   Evacuate Collection Set: 1.3ms
[10.161s][info][gc,phases     ] GC(463)   Post Evacuate Collection Set: 0.2ms
[10.161s][info][gc,phases     ] GC(463)   Other: 0.4ms
[10.161s][info][gc,heap       ] GC(463) Eden regions: 4->0(357)
[10.161s][info][gc,heap       ] GC(463) Survivor regions: 1->1(46)
[10.161s][info][gc,heap       ] GC(463) Old regions: 26->26
[10.161s][info][gc,heap       ] GC(463) Humongous regions: 1262->1262
[10.161s][info][gc,metaspace  ] GC(463) Metaspace: 9858K->9858K(1058816K)
[10.161s][info][gc            ] GC(463) Pause Young (Concurrent Start) (G1 Humongous Allocation) 1291M->1287M(1841M) 2.394ms
[10.161s][info][gc,cpu        ] GC(463) User=0.00s Sys=0.00s Real=0.01s
[10.161s][info][gc            ] GC(464) Concurrent Cycle
[10.161s][info][gc,marking    ] GC(464) Concurrent Clear Claimed Marks
[10.162s][info][gc,marking    ] GC(464) Concurrent Clear Claimed Marks 0.017ms
[10.162s][info][gc,marking    ] GC(464) Concurrent Scan Root Regions
[10.162s][info][gc,marking    ] GC(464) Concurrent Scan Root Regions 0.083ms
[10.162s][info][gc,marking    ] GC(464) Concurrent Mark (10.162s)
[10.162s][info][gc,marking    ] GC(464) Concurrent Mark From Roots
[10.162s][info][gc,task       ] GC(464) Using 2 workers of 2 for marking
[10.169s][info][gc,marking    ] GC(464) Concurrent Mark From Roots 7.281ms
[10.169s][info][gc,marking    ] GC(464) Concurrent Preclean
[10.169s][info][gc,marking    ] GC(464) Concurrent Preclean 0.097ms
[10.169s][info][gc,marking    ] GC(464) Concurrent Mark (10.162s, 10.169s) 7.446ms
[10.169s][info][gc,start      ] GC(464) Pause Remark
[10.171s][info][gc,stringtable] GC(464) Cleaned string and symbol table, strings: 4343 processed, 0 removed, symbols: 36588 processed, 0 removed
[10.171s][info][gc            ] GC(464) Pause Remark 1290M->1290M(1841M) 1.854ms
[10.171s][info][gc,cpu        ] GC(464) User=0.00s Sys=0.00s Real=0.00s
[10.171s][info][gc,marking    ] GC(464) Concurrent Rebuild Remembered Sets
[10.179s][info][gc,marking    ] GC(464) Concurrent Rebuild Remembered Sets 7.587ms
[10.179s][info][gc,start      ] GC(464) Pause Cleanup
[10.179s][info][gc            ] GC(464) Pause Cleanup 1291M->1291M(1841M) 0.353ms
[10.179s][info][gc,cpu        ] GC(464) User=0.01s Sys=0.00s Real=0.00s
[10.179s][info][gc,marking    ] GC(464) Concurrent Cleanup for Next Mark
[10.182s][info][gc,marking    ] GC(464) Concurrent Cleanup for Next Mark 2.885ms
[10.182s][info][gc            ] GC(464) Concurrent Cycle 20.864ms
[10.197s][info][gc,start      ] GC(465) Pause Young (Concurrent Start) (G1 Humongous Allocation)
[10.197s][info][gc,task       ] GC(465) Using 8 workers of 8 for evacuation
[10.200s][info][gc,phases     ] GC(465)   Pre Evacuate Collection Set: 0.5ms
[10.200s][info][gc,phases     ] GC(465)   Evacuate Collection Set: 1.6ms
[10.200s][info][gc,phases     ] GC(465)   Post Evacuate Collection Set: 1.1ms
[10.200s][info][gc,phases     ] GC(465)   Other: 0.3ms
[10.200s][info][gc,heap       ] GC(465) Eden regions: 4->0(433)
[10.200s][info][gc,heap       ] GC(465) Survivor regions: 1->1(45)
[10.200s][info][gc,heap       ] GC(465) Old regions: 26->26
[10.200s][info][gc,heap       ] GC(465) Humongous regions: 1266->1266
[10.200s][info][gc,metaspace  ] GC(465) Metaspace: 9858K->9858K(1058816K)
[10.200s][info][gc            ] GC(465) Pause Young (Concurrent Start) (G1 Humongous Allocation) 1295M->1291M(1932M) 3.656ms
[10.200s][info][gc,cpu        ] GC(465) User=0.00s Sys=0.01s Real=0.00s
[10.200s][info][gc            ] GC(466) Concurrent Cycle
[10.200s][info][gc,marking    ] GC(466) Concurrent Clear Claimed Marks
[10.200s][info][gc,marking    ] GC(466) Concurrent Clear Claimed Marks 0.023ms
[10.200s][info][gc,marking    ] GC(466) Concurrent Scan Root Regions
[10.201s][info][gc,marking    ] GC(466) Concurrent Scan Root Regions 0.089ms
[10.201s][info][gc,marking    ] GC(466) Concurrent Mark (10.201s)
[10.201s][info][gc,marking    ] GC(466) Concurrent Mark From Roots
[10.201s][info][gc,task       ] GC(466) Using 2 workers of 2 for marking
[10.209s][info][gc,marking    ] GC(466) Concurrent Mark From Roots 8.154ms
[10.209s][info][gc,marking    ] GC(466) Concurrent Preclean
[10.209s][info][gc,marking    ] GC(466) Concurrent Preclean 0.131ms
[10.209s][info][gc,marking    ] GC(466) Concurrent Mark (10.201s, 10.209s) 8.379ms
[10.209s][info][gc,start      ] GC(466) Pause Remark
[10.211s][info][gc,stringtable] GC(466) Cleaned string and symbol table, strings: 4343 processed, 0 removed, symbols: 36588 processed, 0 removed
[10.211s][info][gc            ] GC(466) Pause Remark 1294M->1294M(1932M) 1.894ms
[10.211s][info][gc,cpu        ] GC(466) User=0.00s Sys=0.00s Real=0.00s
[10.211s][info][gc,marking    ] GC(466) Concurrent Rebuild Remembered Sets
[10.218s][info][gc,marking    ] GC(466) Concurrent Rebuild Remembered Sets 7.008ms
[10.218s][info][gc,start      ] GC(466) Pause Cleanup
[10.218s][info][gc            ] GC(466) Pause Cleanup 1295M->1295M(1932M) 0.266ms
[10.218s][info][gc,cpu        ] GC(466) User=0.00s Sys=0.00s Real=0.00s
[10.219s][info][gc,marking    ] GC(466) Concurrent Cleanup for Next Mark
[10.222s][info][gc,marking    ] GC(466) Concurrent Cleanup for Next Mark 3.533ms
[10.222s][info][gc            ] GC(466) Concurrent Cycle 21.730ms
[10.234s][info][gc,start      ] GC(467) Pause Young (Concurrent Start) (G1 Humongous Allocation)
[10.235s][info][gc,task       ] GC(467) Using 8 workers of 8 for evacuation
[10.237s][info][gc,phases     ] GC(467)   Pre Evacuate Collection Set: 0.5ms
[10.237s][info][gc,phases     ] GC(467)   Evacuate Collection Set: 1.4ms
[10.237s][info][gc,phases     ] GC(467)   Post Evacuate Collection Set: 0.2ms
[10.237s][info][gc,phases     ] GC(467)   Other: 0.3ms
[10.237s][info][gc,heap       ] GC(467) Eden regions: 4->0(429)
[10.237s][info][gc,heap       ] GC(467) Survivor regions: 1->1(55)
[10.237s][info][gc,heap       ] GC(467) Old regions: 26->26
[10.237s][info][gc,heap       ] GC(467) Humongous regions: 1270->1270
[10.237s][info][gc,metaspace  ] GC(467) Metaspace: 9858K->9858K(1058816K)
[10.237s][info][gc            ] GC(467) Pause Young (Concurrent Start) (G1 Humongous Allocation) 1299M->1295M(1932M) 2.561ms
[10.237s][info][gc,cpu        ] GC(467) User=0.01s Sys=0.00s Real=0.00s
[10.237s][info][gc            ] GC(468) Concurrent Cycle
[10.237s][info][gc,marking    ] GC(468) Concurrent Clear Claimed Marks
[10.237s][info][gc,marking    ] GC(468) Concurrent Clear Claimed Marks 0.019ms
[10.237s][info][gc,marking    ] GC(468) Concurrent Scan Root Regions
[10.237s][info][gc,marking    ] GC(468) Concurrent Scan Root Regions 0.089ms
[10.237s][info][gc,marking    ] GC(468) Concurrent Mark (10.237s)
[10.237s][info][gc,marking    ] GC(468) Concurrent Mark From Roots
[10.237s][info][gc,task       ] GC(468) Using 2 workers of 2 for marking
[10.245s][info][gc,marking    ] GC(468) Concurrent Mark From Roots 8.025ms
[10.245s][info][gc,marking    ] GC(468) Concurrent Preclean
[10.245s][info][gc,marking    ] GC(468) Concurrent Preclean 0.132ms
[10.245s][info][gc,marking    ] GC(468) Concurrent Mark (10.237s, 10.245s) 8.247ms
[10.246s][info][gc,start      ] GC(468) Pause Remark
[10.247s][info][gc,stringtable] GC(468) Cleaned string and symbol table, strings: 4343 processed, 0 removed, symbols: 36588 processed, 0 removed
[10.248s][info][gc            ] GC(468) Pause Remark 1299M->1299M(1932M) 2.215ms
[10.248s][info][gc,cpu        ] GC(468) User=0.01s Sys=0.00s Real=0.00s
[10.248s][info][gc,marking    ] GC(468) Concurrent Rebuild Remembered Sets
[10.256s][info][gc,marking    ] GC(468) Concurrent Rebuild Remembered Sets 7.658ms
[10.257s][info][gc,start      ] GC(468) Pause Cleanup
[10.257s][info][gc            ] GC(468) Pause Cleanup 1301M->1301M(1932M) 0.318ms
[10.257s][info][gc,cpu        ] GC(468) User=0.00s Sys=0.00s Real=0.00s
[10.257s][info][gc,marking    ] GC(468) Concurrent Cleanup for Next Mark
[10.260s][info][gc,marking    ] GC(468) Concurrent Cleanup for Next Mark 3.318ms
[10.260s][info][gc            ] GC(468) Concurrent Cycle 23.349ms
[10.271s][info][gc,start      ] GC(469) Pause Young (Concurrent Start) (G1 Humongous Allocation)
[10.271s][info][gc,task       ] GC(469) Using 8 workers of 8 for evacuation
[10.274s][info][gc,phases     ] GC(469)   Pre Evacuate Collection Set: 0.5ms
[10.274s][info][gc,phases     ] GC(469)   Evacuate Collection Set: 1.6ms
[10.274s][info][gc,phases     ] GC(469)   Post Evacuate Collection Set: 0.2ms
[10.274s][info][gc,phases     ] GC(469)   Other: 0.4ms
[10.274s][info][gc,heap       ] GC(469) Eden regions: 4->0(425)
[10.274s][info][gc,heap       ] GC(469) Survivor regions: 1->1(54)
[10.274s][info][gc,heap       ] GC(469) Old regions: 26->26
[10.274s][info][gc,heap       ] GC(469) Humongous regions: 1274->1274
[10.274s][info][gc,metaspace  ] GC(469) Metaspace: 9858K->9858K(1058816K)
[10.274s][info][gc            ] GC(469) Pause Young (Concurrent Start) (G1 Humongous Allocation) 1303M->1299M(1932M) 2.870ms
[10.274s][info][gc,cpu        ] GC(469) User=0.01s Sys=0.00s Real=0.00s
[10.274s][info][gc            ] GC(470) Concurrent Cycle
[10.274s][info][gc,marking    ] GC(470) Concurrent Clear Claimed Marks
[10.274s][info][gc,marking    ] GC(470) Concurrent Clear Claimed Marks 0.020ms
[10.274s][info][gc,marking    ] GC(470) Concurrent Scan Root Regions
[10.274s][info][gc,marking    ] GC(470) Concurrent Scan Root Regions 0.125ms
[10.274s][info][gc,marking    ] GC(470) Concurrent Mark (10.274s)
[10.274s][info][gc,marking    ] GC(470) Concurrent Mark From Roots
[10.274s][info][gc,task       ] GC(470) Using 2 workers of 2 for marking
[10.283s][info][gc,marking    ] GC(470) Concurrent Mark From Roots 8.330ms
[10.283s][info][gc,marking    ] GC(470) Concurrent Preclean
[10.283s][info][gc,marking    ] GC(470) Concurrent Preclean 0.132ms
[10.283s][info][gc,marking    ] GC(470) Concurrent Mark (10.274s, 10.283s) 8.545ms
[10.283s][info][gc,start      ] GC(470) Pause Remark
[10.285s][info][gc,stringtable] GC(470) Cleaned string and symbol table, strings: 4343 processed, 0 removed, symbols: 36588 processed, 0 removed
[10.286s][info][gc            ] GC(470) Pause Remark 1302M->1302M(1932M) 2.450ms
[10.286s][info][gc,cpu        ] GC(470) User=0.00s Sys=0.00s Real=0.00s
[10.286s][info][gc,marking    ] GC(470) Concurrent Rebuild Remembered Sets
[10.293s][info][gc,marking    ] GC(470) Concurrent Rebuild Remembered Sets 7.533ms
[10.294s][info][gc,start      ] GC(470) Pause Cleanup
[10.295s][info][gc            ] GC(470) Pause Cleanup 1305M->1305M(1932M) 0.397ms
[10.295s][info][gc,cpu        ] GC(470) User=0.00s Sys=0.00s Real=0.00s
[10.295s][info][gc,marking    ] GC(470) Concurrent Cleanup for Next Mark
[10.298s][info][gc,marking    ] GC(470) Concurrent Cleanup for Next Mark 3.023ms
[10.298s][info][gc            ] GC(470) Concurrent Cycle 23.632ms
[10.309s][info][gc,start      ] GC(471) Pause Young (Concurrent Start) (G1 Humongous Allocation)
[10.309s][info][gc,task       ] GC(471) Using 8 workers of 8 for evacuation
[10.311s][info][gc,phases     ] GC(471)   Pre Evacuate Collection Set: 0.3ms
[10.311s][info][gc,phases     ] GC(471)   Evacuate Collection Set: 1.6ms
[10.311s][info][gc,phases     ] GC(471)   Post Evacuate Collection Set: 0.2ms
[10.311s][info][gc,phases     ] GC(471)   Other: 0.3ms
[10.311s][info][gc,heap       ] GC(471) Eden regions: 4->0(421)
[10.311s][info][gc,heap       ] GC(471) Survivor regions: 1->1(54)
[10.311s][info][gc,heap       ] GC(471) Old regions: 26->26
[10.311s][info][gc,heap       ] GC(471) Humongous regions: 1278->1278
[10.311s][info][gc,metaspace  ] GC(471) Metaspace: 9858K->9858K(1058816K)
[10.311s][info][gc            ] GC(471) Pause Young (Concurrent Start) (G1 Humongous Allocation) 1307M->1303M(1932M) 2.562ms
[10.311s][info][gc,cpu        ] GC(471) User=0.00s Sys=0.00s Real=0.01s
[10.311s][info][gc            ] GC(472) Concurrent Cycle
[10.311s][info][gc,marking    ] GC(472) Concurrent Clear Claimed Marks
[10.311s][info][gc,marking    ] GC(472) Concurrent Clear Claimed Marks 0.017ms
[10.311s][info][gc,marking    ] GC(472) Concurrent Scan Root Regions
[10.311s][info][gc,marking    ] GC(472) Concurrent Scan Root Regions 0.078ms
[10.311s][info][gc,marking    ] GC(472) Concurrent Mark (10.311s)
[10.311s][info][gc,marking    ] GC(472) Concurrent Mark From Roots
[10.311s][info][gc,task       ] GC(472) Using 2 workers of 2 for marking
[10.321s][info][gc,marking    ] GC(472) Concurrent Mark From Roots 9.284ms
[10.321s][info][gc,marking    ] GC(472) Concurrent Preclean
[10.321s][info][gc,marking    ] GC(472) Concurrent Preclean 0.176ms
[10.321s][info][gc,marking    ] GC(472) Concurrent Mark (10.311s, 10.321s) 9.617ms
[10.321s][info][gc,start      ] GC(472) Pause Remark
[10.324s][info][gc,stringtable] GC(472) Cleaned string and symbol table, strings: 4343 processed, 0 removed, symbols: 36588 processed, 0 removed
[10.325s][info][gc            ] GC(472) Pause Remark 1307M->1307M(1932M) 3.110ms
[10.325s][info][gc,cpu        ] GC(472) User=0.01s Sys=0.00s Real=0.00s
[10.325s][info][gc,marking    ] GC(472) Concurrent Rebuild Remembered Sets
[10.332s][info][gc,marking    ] GC(472) Concurrent Rebuild Remembered Sets 7.824ms
[10.333s][info][gc,start      ] GC(472) Pause Cleanup
[10.333s][info][gc            ] GC(472) Pause Cleanup 1309M->1309M(1932M) 0.513ms
[10.333s][info][gc,cpu        ] GC(472) User=0.00s Sys=0.00s Real=0.00s
[10.333s][info][gc,marking    ] GC(472) Concurrent Cleanup for Next Mark
[10.338s][info][gc,marking    ] GC(472) Concurrent Cleanup for Next Mark 4.168ms
[10.338s][info][gc            ] GC(472) Concurrent Cycle 26.334ms
[10.350s][info][gc,start      ] GC(473) Pause Young (Concurrent Start) (G1 Humongous Allocation)
[10.350s][info][gc,task       ] GC(473) Using 8 workers of 8 for evacuation
[10.354s][info][gc,phases     ] GC(473)   Pre Evacuate Collection Set: 0.6ms
[10.354s][info][gc,phases     ] GC(473)   Evacuate Collection Set: 2.3ms
[10.354s][info][gc,phases     ] GC(473)   Post Evacuate Collection Set: 0.2ms
[10.354s][info][gc,phases     ] GC(473)   Other: 0.4ms
[10.354s][info][gc,heap       ] GC(473) Eden regions: 4->0(417)
[10.354s][info][gc,heap       ] GC(473) Survivor regions: 1->1(53)
[10.354s][info][gc,heap       ] GC(473) Old regions: 26->26
[10.354s][info][gc,heap       ] GC(473) Humongous regions: 1282->1282
[10.354s][info][gc,metaspace  ] GC(473) Metaspace: 9858K->9858K(1058816K)
[10.354s][info][gc            ] GC(473) Pause Young (Concurrent Start) (G1 Humongous Allocation) 1311M->1307M(1932M) 3.716ms
[10.354s][info][gc,cpu        ] GC(473) User=0.00s Sys=0.01s Real=0.01s
[10.354s][info][gc            ] GC(474) Concurrent Cycle
[10.354s][info][gc,marking    ] GC(474) Concurrent Clear Claimed Marks
[10.354s][info][gc,marking    ] GC(474) Concurrent Clear Claimed Marks 0.015ms
[10.354s][info][gc,marking    ] GC(474) Concurrent Scan Root Regions
[10.354s][info][gc,marking    ] GC(474) Concurrent Scan Root Regions 0.125ms
[10.354s][info][gc,marking    ] GC(474) Concurrent Mark (10.354s)
[10.354s][info][gc,marking    ] GC(474) Concurrent Mark From Roots
[10.354s][info][gc,task       ] GC(474) Using 2 workers of 2 for marking
[10.363s][info][gc,marking    ] GC(474) Concurrent Mark From Roots 8.759ms
[10.363s][info][gc,marking    ] GC(474) Concurrent Preclean
[10.363s][info][gc,marking    ] GC(474) Concurrent Preclean 0.137ms
[10.363s][info][gc,marking    ] GC(474) Concurrent Mark (10.354s, 10.363s) 8.989ms
[10.363s][info][gc,start      ] GC(474) Pause Remark
[10.365s][info][gc,stringtable] GC(474) Cleaned string and symbol table, strings: 4343 processed, 0 removed, symbols: 36588 processed, 0 removed
[10.366s][info][gc            ] GC(474) Pause Remark 1310M->1310M(1932M) 2.843ms
[10.366s][info][gc,cpu        ] GC(474) User=0.01s Sys=0.00s Real=0.00s
[10.366s][info][gc,marking    ] GC(474) Concurrent Rebuild Remembered Sets
[10.374s][info][gc,marking    ] GC(474) Concurrent Rebuild Remembered Sets 7.697ms
[10.374s][info][gc,start      ] GC(474) Pause Cleanup
[10.374s][info][gc            ] GC(474) Pause Cleanup 1313M->1313M(1932M) 0.280ms
[10.374s][info][gc,cpu        ] GC(474) User=0.00s Sys=0.00s Real=0.00s
[10.374s][info][gc,marking    ] GC(474) Concurrent Cleanup for Next Mark
[10.377s][info][gc,marking    ] GC(474) Concurrent Cleanup for Next Mark 2.987ms
[10.377s][info][gc            ] GC(474) Concurrent Cycle 23.589ms
[10.387s][info][gc,start      ] GC(475) Pause Young (Concurrent Start) (G1 Humongous Allocation)
[10.387s][info][gc,task       ] GC(475) Using 8 workers of 8 for evacuation
[10.390s][info][gc,phases     ] GC(475)   Pre Evacuate Collection Set: 0.5ms
[10.390s][info][gc,phases     ] GC(475)   Evacuate Collection Set: 1.5ms
[10.390s][info][gc,phases     ] GC(475)   Post Evacuate Collection Set: 0.2ms
[10.390s][info][gc,phases     ] GC(475)   Other: 0.3ms
[10.390s][info][gc,heap       ] GC(475) Eden regions: 4->0(413)
[10.390s][info][gc,heap       ] GC(475) Survivor regions: 1->1(53)
[10.390s][info][gc,heap       ] GC(475) Old regions: 26->26
[10.390s][info][gc,heap       ] GC(475) Humongous regions: 1286->1286
[10.390s][info][gc,metaspace  ] GC(475) Metaspace: 9858K->9858K(1058816K)
[10.390s][info][gc            ] GC(475) Pause Young (Concurrent Start) (G1 Humongous Allocation) 1315M->1311M(1932M) 2.656ms
[10.390s][info][gc,cpu        ] GC(475) User=0.01s Sys=0.00s Real=0.00s
[10.390s][info][gc            ] GC(476) Concurrent Cycle
[10.390s][info][gc,marking    ] GC(476) Concurrent Clear Claimed Marks
[10.390s][info][gc,marking    ] GC(476) Concurrent Clear Claimed Marks 0.019ms
[10.390s][info][gc,marking    ] GC(476) Concurrent Scan Root Regions
[10.390s][info][gc,marking    ] GC(476) Concurrent Scan Root Regions 0.087ms
[10.390s][info][gc,marking    ] GC(476) Concurrent Mark (10.390s)
[10.390s][info][gc,marking    ] GC(476) Concurrent Mark From Roots
[10.390s][info][gc,task       ] GC(476) Using 2 workers of 2 for marking
[10.399s][info][gc,marking    ] GC(476) Concurrent Mark From Roots 8.925ms
[10.399s][info][gc,marking    ] GC(476) Concurrent Preclean
[10.399s][info][gc,marking    ] GC(476) Concurrent Preclean 0.139ms
[10.399s][info][gc,marking    ] GC(476) Concurrent Mark (10.390s, 10.399s) 9.148ms
[10.399s][info][gc,start      ] GC(476) Pause Remark
[10.401s][info][gc,stringtable] GC(476) Cleaned string and symbol table, strings: 4343 processed, 0 removed, symbols: 36588 processed, 0 removed
[10.401s][info][gc            ] GC(476) Pause Remark 1314M->1314M(1932M) 1.907ms
[10.401s][info][gc,cpu        ] GC(476) User=0.01s Sys=0.00s Real=0.01s
[10.401s][info][gc,marking    ] GC(476) Concurrent Rebuild Remembered Sets
[10.409s][info][gc,marking    ] GC(476) Concurrent Rebuild Remembered Sets 7.594ms
[10.409s][info][gc,start      ] GC(476) Pause Cleanup
[10.410s][info][gc            ] GC(476) Pause Cleanup 1315M->1315M(1932M) 0.334ms
[10.410s][info][gc,cpu        ] GC(476) User=0.00s Sys=0.00s Real=0.00s
[10.410s][info][gc,marking    ] GC(476) Concurrent Cleanup for Next Mark
[10.413s][info][gc,marking    ] GC(476) Concurrent Cleanup for Next Mark 3.520ms
[10.413s][info][gc            ] GC(476) Concurrent Cycle 23.192ms
[10.428s][info][gc,start      ] GC(477) Pause Young (Concurrent Start) (G1 Humongous Allocation)
[10.428s][info][gc,task       ] GC(477) Using 8 workers of 8 for evacuation
[10.430s][info][gc,phases     ] GC(477)   Pre Evacuate Collection Set: 0.4ms
[10.430s][info][gc,phases     ] GC(477)   Evacuate Collection Set: 0.6ms
[10.430s][info][gc,phases     ] GC(477)   Post Evacuate Collection Set: 0.2ms
[10.430s][info][gc,phases     ] GC(477)   Other: 0.3ms
[10.430s][info][gc,heap       ] GC(477) Eden regions: 4->0(409)
[10.430s][info][gc,heap       ] GC(477) Survivor regions: 1->1(52)
[10.430s][info][gc,heap       ] GC(477) Old regions: 26->26
[10.430s][info][gc,heap       ] GC(477) Humongous regions: 1290->1290
[10.430s][info][gc,metaspace  ] GC(477) Metaspace: 9858K->9858K(1058816K)
[10.430s][info][gc            ] GC(477) Pause Young (Concurrent Start) (G1 Humongous Allocation) 1319M->1315M(1932M) 1.715ms
[10.430s][info][gc,cpu        ] GC(477) User=0.01s Sys=0.01s Real=0.00s
[10.430s][info][gc            ] GC(478) Concurrent Cycle
[10.430s][info][gc,marking    ] GC(478) Concurrent Clear Claimed Marks
[10.430s][info][gc,marking    ] GC(478) Concurrent Clear Claimed Marks 0.043ms
[10.430s][info][gc,marking    ] GC(478) Concurrent Scan Root Regions
[10.430s][info][gc,marking    ] GC(478) Concurrent Scan Root Regions 0.094ms
[10.430s][info][gc,marking    ] GC(478) Concurrent Mark (10.430s)
[10.430s][info][gc,marking    ] GC(478) Concurrent Mark From Roots
[10.430s][info][gc,task       ] GC(478) Using 2 workers of 2 for marking
[10.440s][info][gc,marking    ] GC(478) Concurrent Mark From Roots 9.176ms
[10.440s][info][gc,marking    ] GC(478) Concurrent Preclean
[10.440s][info][gc,marking    ] GC(478) Concurrent Preclean 0.165ms
[10.440s][info][gc,marking    ] GC(478) Concurrent Mark (10.430s, 10.440s) 9.422ms
[10.440s][info][gc,start      ] GC(478) Pause Remark
[10.441s][info][gc,stringtable] GC(478) Cleaned string and symbol table, strings: 4343 processed, 0 removed, symbols: 36588 processed, 0 removed
[10.442s][info][gc            ] GC(478) Pause Remark 1318M->1318M(1932M) 1.641ms
[10.442s][info][gc,cpu        ] GC(478) User=0.01s Sys=0.00s Real=0.01s
[10.442s][info][gc,marking    ] GC(478) Concurrent Rebuild Remembered Sets
[10.449s][info][gc,marking    ] GC(478) Concurrent Rebuild Remembered Sets 7.538ms
[10.449s][info][gc,start      ] GC(478) Pause Cleanup
[10.450s][info][gc            ] GC(478) Pause Cleanup 1319M->1319M(1932M) 0.367ms
[10.450s][info][gc,cpu        ] GC(478) User=0.00s Sys=0.00s Real=0.00s
[10.450s][info][gc,marking    ] GC(478) Concurrent Cleanup for Next Mark
[10.453s][info][gc,marking    ] GC(478) Concurrent Cleanup for Next Mark 3.049ms
[10.453s][info][gc            ] GC(478) Concurrent Cycle 22.807ms
[10.457s][info][gc,start      ] GC(479) Pause Young (Concurrent Start) (G1 Humongous Allocation)
[10.457s][info][gc,task       ] GC(479) Using 8 workers of 8 for evacuation
[10.459s][info][gc,phases     ] GC(479)   Pre Evacuate Collection Set: 0.4ms
[10.459s][info][gc,phases     ] GC(479)   Evacuate Collection Set: 0.7ms
[10.459s][info][gc,phases     ] GC(479)   Post Evacuate Collection Set: 0.2ms
[10.459s][info][gc,phases     ] GC(479)   Other: 0.3ms
[10.459s][info][gc,heap       ] GC(479) Eden regions: 2->0(407)
[10.459s][info][gc,heap       ] GC(479) Survivor regions: 1->1(52)
[10.459s][info][gc,heap       ] GC(479) Old regions: 26->26
[10.459s][info][gc,heap       ] GC(479) Humongous regions: 1292->1292
[10.459s][info][gc,metaspace  ] GC(479) Metaspace: 9858K->9858K(1058816K)
[10.459s][info][gc            ] GC(479) Pause Young (Concurrent Start) (G1 Humongous Allocation) 1319M->1317M(1932M) 1.678ms
[10.459s][info][gc,cpu        ] GC(479) User=0.01s Sys=0.00s Real=0.00s
[10.459s][info][gc            ] GC(480) Concurrent Cycle
[10.459s][info][gc,marking    ] GC(480) Concurrent Clear Claimed Marks
[10.459s][info][gc,marking    ] GC(480) Concurrent Clear Claimed Marks 0.019ms
[10.459s][info][gc,marking    ] GC(480) Concurrent Scan Root Regions
[10.459s][info][gc,marking    ] GC(480) Concurrent Scan Root Regions 0.088ms
[10.459s][info][gc,marking    ] GC(480) Concurrent Mark (10.459s)
[10.459s][info][gc,marking    ] GC(480) Concurrent Mark From Roots
[10.459s][info][gc,task       ] GC(480) Using 2 workers of 2 for marking
[10.469s][info][gc,marking    ] GC(480) Concurrent Mark From Roots 9.330ms
[10.469s][info][gc,marking    ] GC(480) Concurrent Preclean
[10.469s][info][gc,marking    ] GC(480) Concurrent Preclean 0.149ms
[10.469s][info][gc,marking    ] GC(480) Concurrent Mark (10.459s, 10.469s) 9.574ms
[10.469s][info][gc,start      ] GC(480) Pause Remark
[10.471s][info][gc,stringtable] GC(480) Cleaned string and symbol table, strings: 4343 processed, 0 removed, symbols: 36588 processed, 0 removed
[10.471s][info][gc            ] GC(480) Pause Remark 1321M->1321M(1932M) 2.261ms
[10.471s][info][gc,cpu        ] GC(480) User=0.01s Sys=0.00s Real=0.01s
[10.471s][info][gc,marking    ] GC(480) Concurrent Rebuild Remembered Sets
[10.479s][info][gc,marking    ] GC(480) Concurrent Rebuild Remembered Sets 8.047ms
[10.481s][info][gc,start      ] GC(480) Pause Cleanup
[10.481s][info][gc            ] GC(480) Pause Cleanup 1323M->1323M(1932M) 0.430ms
[10.481s][info][gc,cpu        ] GC(480) User=0.00s Sys=0.00s Real=0.00s
[10.481s][info][gc,marking    ] GC(480) Concurrent Cleanup for Next Mark
[10.484s][info][gc,marking    ] GC(480) Concurrent Cleanup for Next Mark 3.264ms
[10.484s][info][gc            ] GC(480) Concurrent Cycle 25.353ms
[10.498s][info][gc,start      ] GC(481) Pause Young (Concurrent Start) (G1 Humongous Allocation)
[10.498s][info][gc,task       ] GC(481) Using 8 workers of 8 for evacuation
[10.503s][info][gc,phases     ] GC(481)   Pre Evacuate Collection Set: 0.5ms
[10.503s][info][gc,phases     ] GC(481)   Evacuate Collection Set: 3.1ms
[10.503s][info][gc,phases     ] GC(481)   Post Evacuate Collection Set: 0.5ms
[10.503s][info][gc,phases     ] GC(481)   Other: 0.3ms
[10.503s][info][gc,heap       ] GC(481) Eden regions: 4->0(403)
[10.503s][info][gc,heap       ] GC(481) Survivor regions: 1->1(51)
[10.503s][info][gc,heap       ] GC(481) Old regions: 26->26
[10.503s][info][gc,heap       ] GC(481) Humongous regions: 1296->1296
[10.503s][info][gc,metaspace  ] GC(481) Metaspace: 9860K->9860K(1058816K)
[10.503s][info][gc            ] GC(481) Pause Young (Concurrent Start) (G1 Humongous Allocation) 1325M->1321M(1932M) 4.597ms
[10.503s][info][gc,cpu        ] GC(481) User=0.00s Sys=0.01s Real=0.01s
[10.503s][info][gc            ] GC(482) Concurrent Cycle
[10.503s][info][gc,marking    ] GC(482) Concurrent Clear Claimed Marks
[10.503s][info][gc,marking    ] GC(482) Concurrent Clear Claimed Marks 0.091ms
[10.503s][info][gc,marking    ] GC(482) Concurrent Scan Root Regions
[10.503s][info][gc,marking    ] GC(482) Concurrent Scan Root Regions 0.096ms
[10.503s][info][gc,marking    ] GC(482) Concurrent Mark (10.503s)
[10.503s][info][gc,marking    ] GC(482) Concurrent Mark From Roots
[10.503s][info][gc,task       ] GC(482) Using 2 workers of 2 for marking
[10.513s][info][gc,marking    ] GC(482) Concurrent Mark From Roots 9.253ms
[10.513s][info][gc,marking    ] GC(482) Concurrent Preclean
[10.513s][info][gc,marking    ] GC(482) Concurrent Preclean 0.141ms
[10.513s][info][gc,marking    ] GC(482) Concurrent Mark (10.503s, 10.513s) 9.491ms
[10.513s][info][gc,start      ] GC(482) Pause Remark
[10.516s][info][gc,stringtable] GC(482) Cleaned string and symbol table, strings: 4343 processed, 0 removed, symbols: 36588 processed, 0 removed
[10.516s][info][gc            ] GC(482) Pause Remark 1324M->1324M(1932M) 3.336ms
[10.516s][info][gc,cpu        ] GC(482) User=0.01s Sys=0.00s Real=0.00s
[10.516s][info][gc,marking    ] GC(482) Concurrent Rebuild Remembered Sets
[10.525s][info][gc,marking    ] GC(482) Concurrent Rebuild Remembered Sets 8.693ms
[10.525s][info][gc,start      ] GC(482) Pause Cleanup
[10.526s][info][gc            ] GC(482) Pause Cleanup 1325M->1325M(1932M) 0.371ms
[10.526s][info][gc,cpu        ] GC(482) User=0.00s Sys=0.00s Real=0.00s
[10.526s][info][gc,marking    ] GC(482) Concurrent Cleanup for Next Mark
[10.529s][info][gc,marking    ] GC(482) Concurrent Cleanup for Next Mark 3.318ms
[10.529s][info][gc            ] GC(482) Concurrent Cycle 26.091ms
[10.543s][info][gc,start      ] GC(483) Pause Young (Concurrent Start) (G1 Humongous Allocation)
[10.543s][info][gc,task       ] GC(483) Using 8 workers of 8 for evacuation
[10.548s][info][gc,phases     ] GC(483)   Pre Evacuate Collection Set: 0.5ms
[10.548s][info][gc,phases     ] GC(483)   Evacuate Collection Set: 2.1ms
[10.548s][info][gc,phases     ] GC(483)   Post Evacuate Collection Set: 2.0ms
[10.548s][info][gc,phases     ] GC(483)   Other: 0.3ms
[10.548s][info][gc,heap       ] GC(483) Eden regions: 4->0(536)
[10.548s][info][gc,heap       ] GC(483) Survivor regions: 1->1(51)
[10.548s][info][gc,heap       ] GC(483) Old regions: 26->26
[10.548s][info][gc,heap       ] GC(483) Humongous regions: 1300->1300
[10.548s][info][gc,metaspace  ] GC(483) Metaspace: 9860K->9860K(1058816K)
[10.548s][info][gc            ] GC(483) Pause Young (Concurrent Start) (G1 Humongous Allocation) 1329M->1325M(2087M) 5.107ms
[10.548s][info][gc,cpu        ] GC(483) User=0.01s Sys=0.00s Real=0.00s
[10.548s][info][gc            ] GC(484) Concurrent Cycle
[10.548s][info][gc,marking    ] GC(484) Concurrent Clear Claimed Marks
[10.548s][info][gc,marking    ] GC(484) Concurrent Clear Claimed Marks 0.023ms
[10.548s][info][gc,marking    ] GC(484) Concurrent Scan Root Regions
[10.549s][info][gc,marking    ] GC(484) Concurrent Scan Root Regions 0.119ms
[10.549s][info][gc,marking    ] GC(484) Concurrent Mark (10.549s)
[10.549s][info][gc,marking    ] GC(484) Concurrent Mark From Roots
[10.549s][info][gc,task       ] GC(484) Using 2 workers of 2 for marking
[10.558s][info][gc,marking    ] GC(484) Concurrent Mark From Roots 9.586ms
[10.558s][info][gc,marking    ] GC(484) Concurrent Preclean
[10.558s][info][gc,marking    ] GC(484) Concurrent Preclean 0.152ms
[10.558s][info][gc,marking    ] GC(484) Concurrent Mark (10.549s, 10.558s) 9.829ms
[10.559s][info][gc,start      ] GC(484) Pause Remark
[10.562s][info][gc,stringtable] GC(484) Cleaned string and symbol table, strings: 4343 processed, 0 removed, symbols: 36588 processed, 0 removed
[10.562s][info][gc            ] GC(484) Pause Remark 1329M->1329M(2087M) 3.689ms
[10.562s][info][gc,cpu        ] GC(484) User=0.00s Sys=0.00s Real=0.01s
[10.562s][info][gc,marking    ] GC(484) Concurrent Rebuild Remembered Sets
[10.570s][info][gc,marking    ] GC(484) Concurrent Rebuild Remembered Sets 8.096ms
[10.571s][info][gc,start      ] GC(484) Pause Cleanup
[10.572s][info][gc            ] GC(484) Pause Cleanup 1331M->1331M(2087M) 0.453ms
[10.572s][info][gc,cpu        ] GC(484) User=0.00s Sys=0.00s Real=0.00s
[10.572s][info][gc,marking    ] GC(484) Concurrent Cleanup for Next Mark
[10.576s][info][gc,marking    ] GC(484) Concurrent Cleanup for Next Mark 3.963ms
[10.576s][info][gc            ] GC(484) Concurrent Cycle 27.605ms
[10.589s][info][gc,start      ] GC(485) Pause Young (Concurrent Start) (G1 Humongous Allocation)
[10.589s][info][gc,task       ] GC(485) Using 8 workers of 8 for evacuation
[10.592s][info][gc,phases     ] GC(485)   Pre Evacuate Collection Set: 0.4ms
[10.592s][info][gc,phases     ] GC(485)   Evacuate Collection Set: 2.0ms
[10.592s][info][gc,phases     ] GC(485)   Post Evacuate Collection Set: 0.2ms
[10.592s][info][gc,phases     ] GC(485)   Other: 0.3ms
[10.592s][info][gc,heap       ] GC(485) Eden regions: 4->0(532)
[10.592s][info][gc,heap       ] GC(485) Survivor regions: 1->1(68)
[10.592s][info][gc,heap       ] GC(485) Old regions: 26->26
[10.592s][info][gc,heap       ] GC(485) Humongous regions: 1304->1304
[10.592s][info][gc,metaspace  ] GC(485) Metaspace: 9860K->9860K(1058816K)
[10.592s][info][gc            ] GC(485) Pause Young (Concurrent Start) (G1 Humongous Allocation) 1333M->1329M(2087M) 3.037ms
[10.592s][info][gc,cpu        ] GC(485) User=0.01s Sys=0.00s Real=0.01s
[10.592s][info][gc            ] GC(486) Concurrent Cycle
[10.592s][info][gc,marking    ] GC(486) Concurrent Clear Claimed Marks
[10.592s][info][gc,marking    ] GC(486) Concurrent Clear Claimed Marks 0.018ms
[10.592s][info][gc,marking    ] GC(486) Concurrent Scan Root Regions
[10.592s][info][gc,marking    ] GC(486) Concurrent Scan Root Regions 0.088ms
[10.592s][info][gc,marking    ] GC(486) Concurrent Mark (10.592s)
[10.592s][info][gc,marking    ] GC(486) Concurrent Mark From Roots
[10.592s][info][gc,task       ] GC(486) Using 2 workers of 2 for marking
[10.606s][info][gc,marking    ] GC(486) Concurrent Mark From Roots 13.561ms
[10.606s][info][gc,marking    ] GC(486) Concurrent Preclean
[10.606s][info][gc,marking    ] GC(486) Concurrent Preclean 0.144ms
[10.606s][info][gc,marking    ] GC(486) Concurrent Mark (10.592s, 10.606s) 13.796ms
[10.607s][info][gc,start      ] GC(486) Pause Remark
[10.612s][info][gc,stringtable] GC(486) Cleaned string and symbol table, strings: 4343 processed, 0 removed, symbols: 36588 processed, 0 removed
[10.613s][info][gc            ] GC(486) Pause Remark 1333M->1333M(2087M) 5.466ms
[10.613s][info][gc,cpu        ] GC(486) User=0.00s Sys=0.00s Real=0.01s
[10.613s][info][gc,marking    ] GC(486) Concurrent Rebuild Remembered Sets
[10.621s][info][gc,marking    ] GC(486) Concurrent Rebuild Remembered Sets 7.741ms
[10.621s][info][gc,start      ] GC(486) Pause Cleanup
[10.621s][info][gc            ] GC(486) Pause Cleanup 1336M->1336M(2087M) 0.429ms
[10.621s][info][gc,cpu        ] GC(486) User=0.00s Sys=0.00s Real=0.01s
[10.621s][info][gc,marking    ] GC(486) Concurrent Cleanup for Next Mark
[10.625s][info][gc,marking    ] GC(486) Concurrent Cleanup for Next Mark 3.701ms
[10.625s][info][gc            ] GC(486) Concurrent Cycle 33.122ms
[10.634s][info][gc,start      ] GC(487) Pause Young (Concurrent Start) (G1 Humongous Allocation)
[10.634s][info][gc,task       ] GC(487) Using 8 workers of 8 for evacuation
[10.636s][info][gc,phases     ] GC(487)   Pre Evacuate Collection Set: 0.5ms
[10.636s][info][gc,phases     ] GC(487)   Evacuate Collection Set: 0.6ms
[10.636s][info][gc,phases     ] GC(487)   Post Evacuate Collection Set: 0.2ms
[10.636s][info][gc,phases     ] GC(487)   Other: 0.4ms
[10.636s][info][gc,heap       ] GC(487) Eden regions: 4->0(528)
[10.636s][info][gc,heap       ] GC(487) Survivor regions: 1->1(67)
[10.636s][info][gc,heap       ] GC(487) Old regions: 26->26
[10.636s][info][gc,heap       ] GC(487) Humongous regions: 1308->1308
[10.636s][info][gc,metaspace  ] GC(487) Metaspace: 9860K->9860K(1058816K)
[10.636s][info][gc            ] GC(487) Pause Young (Concurrent Start) (G1 Humongous Allocation) 1337M->1333M(2087M) 1.819ms
[10.636s][info][gc,cpu        ] GC(487) User=0.01s Sys=0.00s Real=0.00s
[10.636s][info][gc            ] GC(488) Concurrent Cycle
[10.636s][info][gc,marking    ] GC(488) Concurrent Clear Claimed Marks
[10.636s][info][gc,marking    ] GC(488) Concurrent Clear Claimed Marks 0.019ms
[10.636s][info][gc,marking    ] GC(488) Concurrent Scan Root Regions
[10.636s][info][gc,marking    ] GC(488) Concurrent Scan Root Regions 0.079ms
[10.636s][info][gc,marking    ] GC(488) Concurrent Mark (10.636s)
[10.636s][info][gc,marking    ] GC(488) Concurrent Mark From Roots
[10.636s][info][gc,task       ] GC(488) Using 2 workers of 2 for marking
[10.645s][info][gc,marking    ] GC(488) Concurrent Mark From Roots 8.955ms
[10.645s][info][gc,marking    ] GC(488) Concurrent Preclean
[10.645s][info][gc,marking    ] GC(488) Concurrent Preclean 0.136ms
[10.645s][info][gc,marking    ] GC(488) Concurrent Mark (10.636s, 10.645s) 9.170ms
[10.645s][info][gc,start      ] GC(488) Pause Remark
[10.646s][info][gc,stringtable] GC(488) Cleaned string and symbol table, strings: 4343 processed, 0 removed, symbols: 36588 processed, 0 removed
[10.646s][info][gc            ] GC(488) Pause Remark 1337M->1337M(2087M) 0.852ms
[10.646s][info][gc,cpu        ] GC(488) User=0.01s Sys=0.00s Real=0.00s
[10.646s][info][gc,marking    ] GC(488) Concurrent Rebuild Remembered Sets
[10.654s][info][gc,marking    ] GC(488) Concurrent Rebuild Remembered Sets 7.293ms
[10.654s][info][gc,start      ] GC(488) Pause Cleanup
[10.654s][info][gc            ] GC(488) Pause Cleanup 1337M->1337M(2087M) 0.324ms
[10.654s][info][gc,cpu        ] GC(488) User=0.00s Sys=0.00s Real=0.00s
[10.654s][info][gc,marking    ] GC(488) Concurrent Cleanup for Next Mark
[10.657s][info][gc,marking    ] GC(488) Concurrent Cleanup for Next Mark 2.960ms
[10.657s][info][gc            ] GC(488) Concurrent Cycle 21.238ms
[10.658s][info][gc,start      ] GC(489) Pause Young (Concurrent Start) (G1 Humongous Allocation)
[10.658s][info][gc,task       ] GC(489) Using 8 workers of 8 for evacuation
[10.660s][info][gc,phases     ] GC(489)   Pre Evacuate Collection Set: 0.5ms
[10.660s][info][gc,phases     ] GC(489)   Evacuate Collection Set: 0.9ms
[10.660s][info][gc,phases     ] GC(489)   Post Evacuate Collection Set: 0.2ms
[10.660s][info][gc,phases     ] GC(489)   Other: 0.3ms
[10.660s][info][gc,heap       ] GC(489) Eden regions: 2->0(526)
[10.660s][info][gc,heap       ] GC(489) Survivor regions: 1->1(67)
[10.660s][info][gc,heap       ] GC(489) Old regions: 26->26
[10.660s][info][gc,heap       ] GC(489) Humongous regions: 1310->1310
[10.660s][info][gc,metaspace  ] GC(489) Metaspace: 9860K->9860K(1058816K)
[10.660s][info][gc            ] GC(489) Pause Young (Concurrent Start) (G1 Humongous Allocation) 1337M->1335M(2087M) 2.128ms
[10.660s][info][gc,cpu        ] GC(489) User=0.00s Sys=0.00s Real=0.00s
[10.660s][info][gc            ] GC(490) Concurrent Cycle
[10.660s][info][gc,marking    ] GC(490) Concurrent Clear Claimed Marks
[10.660s][info][gc,marking    ] GC(490) Concurrent Clear Claimed Marks 0.018ms
[10.660s][info][gc,marking    ] GC(490) Concurrent Scan Root Regions
[10.660s][info][gc,marking    ] GC(490) Concurrent Scan Root Regions 0.163ms
[10.660s][info][gc,marking    ] GC(490) Concurrent Mark (10.660s)
[10.661s][info][gc,marking    ] GC(490) Concurrent Mark From Roots
[10.661s][info][gc,task       ] GC(490) Using 2 workers of 2 for marking
[10.668s][info][gc,marking    ] GC(490) Concurrent Mark From Roots 7.794ms
[10.668s][info][gc,marking    ] GC(490) Concurrent Preclean
[10.668s][info][gc,marking    ] GC(490) Concurrent Preclean 0.128ms
[10.669s][info][gc,marking    ] GC(490) Concurrent Mark (10.660s, 10.669s) 8.014ms
[10.669s][info][gc,start      ] GC(490) Pause Remark
[10.670s][info][gc,stringtable] GC(490) Cleaned string and symbol table, strings: 4343 processed, 0 removed, symbols: 36588 processed, 0 removed
[10.670s][info][gc            ] GC(490) Pause Remark 1338M->1338M(2087M) 1.726ms
[10.670s][info][gc,cpu        ] GC(490) User=0.00s Sys=0.00s Real=0.00s
[10.670s][info][gc,marking    ] GC(490) Concurrent Rebuild Remembered Sets
[10.678s][info][gc,marking    ] GC(490) Concurrent Rebuild Remembered Sets 7.986ms
[10.679s][info][gc,start      ] GC(490) Pause Cleanup
[10.679s][info][gc            ] GC(490) Pause Cleanup 1339M->1339M(2087M) 0.289ms
[10.679s][info][gc,cpu        ] GC(490) User=0.01s Sys=0.00s Real=0.00s
[10.679s][info][gc,marking    ] GC(490) Concurrent Cleanup for Next Mark
[10.683s][info][gc,marking    ] GC(490) Concurrent Cleanup for Next Mark 3.593ms
[10.683s][info][gc            ] GC(490) Concurrent Cycle 22.338ms
[10.695s][info][gc,start      ] GC(491) Pause Young (Concurrent Start) (G1 Humongous Allocation)
[10.695s][info][gc,task       ] GC(491) Using 8 workers of 8 for evacuation
[10.697s][info][gc,phases     ] GC(491)   Pre Evacuate Collection Set: 0.5ms
[10.697s][info][gc,phases     ] GC(491)   Evacuate Collection Set: 0.9ms
[10.697s][info][gc,phases     ] GC(491)   Post Evacuate Collection Set: 0.1ms
[10.697s][info][gc,phases     ] GC(491)   Other: 0.4ms
[10.697s][info][gc,heap       ] GC(491) Eden regions: 4->0(522)
[10.697s][info][gc,heap       ] GC(491) Survivor regions: 1->1(66)
[10.697s][info][gc,heap       ] GC(491) Old regions: 26->26
[10.697s][info][gc,heap       ] GC(491) Humongous regions: 1314->1314
[10.697s][info][gc,metaspace  ] GC(491) Metaspace: 9860K->9860K(1058816K)
[10.697s][info][gc            ] GC(491) Pause Young (Concurrent Start) (G1 Humongous Allocation) 1343M->1339M(2087M) 2.010ms
[10.697s][info][gc,cpu        ] GC(491) User=0.00s Sys=0.00s Real=0.00s
[10.697s][info][gc            ] GC(492) Concurrent Cycle
[10.697s][info][gc,marking    ] GC(492) Concurrent Clear Claimed Marks
[10.697s][info][gc,marking    ] GC(492) Concurrent Clear Claimed Marks 0.016ms
[10.697s][info][gc,marking    ] GC(492) Concurrent Scan Root Regions
[10.697s][info][gc,marking    ] GC(492) Concurrent Scan Root Regions 0.086ms
[10.697s][info][gc,marking    ] GC(492) Concurrent Mark (10.697s)
[10.697s][info][gc,marking    ] GC(492) Concurrent Mark From Roots
[10.697s][info][gc,task       ] GC(492) Using 2 workers of 2 for marking
[10.705s][info][gc,marking    ] GC(492) Concurrent Mark From Roots 7.843ms
[10.705s][info][gc,marking    ] GC(492) Concurrent Preclean
[10.705s][info][gc,marking    ] GC(492) Concurrent Preclean 0.128ms
[10.705s][info][gc,marking    ] GC(492) Concurrent Mark (10.697s, 10.705s) 8.048ms
[10.705s][info][gc,start      ] GC(492) Pause Remark
[10.706s][info][gc,stringtable] GC(492) Cleaned string and symbol table, strings: 4343 processed, 0 removed, symbols: 36588 processed, 0 removed
[10.707s][info][gc            ] GC(492) Pause Remark 1342M->1342M(2087M) 1.385ms
[10.707s][info][gc,cpu        ] GC(492) User=0.01s Sys=0.00s Real=0.00s
[10.707s][info][gc,marking    ] GC(492) Concurrent Rebuild Remembered Sets
[10.713s][info][gc,marking    ] GC(492) Concurrent Rebuild Remembered Sets 6.545ms
[10.713s][info][gc,start      ] GC(492) Pause Cleanup
[10.714s][info][gc            ] GC(492) Pause Cleanup 1343M->1343M(2087M) 0.252ms
[10.714s][info][gc,cpu        ] GC(492) User=0.00s Sys=0.00s Real=0.00s
[10.714s][info][gc,marking    ] GC(492) Concurrent Cleanup for Next Mark
[10.717s][info][gc,marking    ] GC(492) Concurrent Cleanup for Next Mark 3.371ms
[10.717s][info][gc            ] GC(492) Concurrent Cycle 20.235ms
[10.728s][info][gc,start      ] GC(493) Pause Young (Concurrent Start) (G1 Humongous Allocation)
[10.728s][info][gc,task       ] GC(493) Using 8 workers of 8 for evacuation
[10.729s][info][gc,phases     ] GC(493)   Pre Evacuate Collection Set: 0.3ms
[10.729s][info][gc,phases     ] GC(493)   Evacuate Collection Set: 0.6ms
[10.729s][info][gc,phases     ] GC(493)   Post Evacuate Collection Set: 0.1ms
[10.729s][info][gc,phases     ] GC(493)   Other: 0.3ms
[10.729s][info][gc,heap       ] GC(493) Eden regions: 4->0(519)
[10.729s][info][gc,heap       ] GC(493) Survivor regions: 1->1(66)
[10.729s][info][gc,heap       ] GC(493) Old regions: 26->26
[10.729s][info][gc,heap       ] GC(493) Humongous regions: 1318->1318
[10.729s][info][gc,metaspace  ] GC(493) Metaspace: 9860K->9860K(1058816K)
[10.729s][info][gc            ] GC(493) Pause Young (Concurrent Start) (G1 Humongous Allocation) 1347M->1343M(2087M) 1.469ms
[10.729s][info][gc,cpu        ] GC(493) User=0.00s Sys=0.00s Real=0.00s
[10.729s][info][gc            ] GC(494) Concurrent Cycle
[10.729s][info][gc,marking    ] GC(494) Concurrent Clear Claimed Marks
[10.729s][info][gc,marking    ] GC(494) Concurrent Clear Claimed Marks 0.018ms
[10.729s][info][gc,marking    ] GC(494) Concurrent Scan Root Regions
[10.729s][info][gc,marking    ] GC(494) Concurrent Scan Root Regions 0.073ms
[10.729s][info][gc,marking    ] GC(494) Concurrent Mark (10.729s)
[10.729s][info][gc,marking    ] GC(494) Concurrent Mark From Roots
[10.729s][info][gc,task       ] GC(494) Using 2 workers of 2 for marking
[10.737s][info][gc,marking    ] GC(494) Concurrent Mark From Roots 7.679ms
[10.737s][info][gc,marking    ] GC(494) Concurrent Preclean
[10.737s][info][gc,marking    ] GC(494) Concurrent Preclean 0.114ms
[10.737s][info][gc,marking    ] GC(494) Concurrent Mark (10.729s, 10.737s) 7.868ms
[10.737s][info][gc,start      ] GC(494) Pause Remark
[10.739s][info][gc,stringtable] GC(494) Cleaned string and symbol table, strings: 4343 processed, 0 removed, symbols: 36588 processed, 0 removed
[10.739s][info][gc            ] GC(494) Pause Remark 1346M->1346M(2087M) 1.866ms
[10.739s][info][gc,cpu        ] GC(494) User=0.01s Sys=0.00s Real=0.00s
[10.739s][info][gc,marking    ] GC(494) Concurrent Rebuild Remembered Sets
[10.746s][info][gc,marking    ] GC(494) Concurrent Rebuild Remembered Sets 6.594ms
[10.746s][info][gc,start      ] GC(494) Pause Cleanup
[10.746s][info][gc            ] GC(494) Pause Cleanup 1347M->1347M(2087M) 0.223ms
[10.746s][info][gc,cpu        ] GC(494) User=0.00s Sys=0.00s Real=0.00s
[10.746s][info][gc,marking    ] GC(494) Concurrent Cleanup for Next Mark
[10.749s][info][gc,marking    ] GC(494) Concurrent Cleanup for Next Mark 2.884ms
[10.749s][info][gc            ] GC(494) Concurrent Cycle 19.971ms
[10.759s][info][gc,start      ] GC(495) Pause Young (Concurrent Start) (G1 Humongous Allocation)
[10.759s][info][gc,task       ] GC(495) Using 8 workers of 8 for evacuation
[10.760s][info][gc,phases     ] GC(495)   Pre Evacuate Collection Set: 0.3ms
[10.760s][info][gc,phases     ] GC(495)   Evacuate Collection Set: 1.0ms
[10.760s][info][gc,phases     ] GC(495)   Post Evacuate Collection Set: 0.2ms
[10.760s][info][gc,phases     ] GC(495)   Other: 0.3ms
[10.760s][info][gc,heap       ] GC(495) Eden regions: 4->0(515)
[10.760s][info][gc,heap       ] GC(495) Survivor regions: 1->1(65)
[10.760s][info][gc,heap       ] GC(495) Old regions: 26->26
[10.761s][info][gc,heap       ] GC(495) Humongous regions: 1322->1322
[10.761s][info][gc,metaspace  ] GC(495) Metaspace: 9860K->9860K(1058816K)
[10.761s][info][gc            ] GC(495) Pause Young (Concurrent Start) (G1 Humongous Allocation) 1351M->1347M(2087M) 1.979ms
[10.761s][info][gc,cpu        ] GC(495) User=0.01s Sys=0.00s Real=0.00s
[10.761s][info][gc            ] GC(496) Concurrent Cycle
[10.761s][info][gc,marking    ] GC(496) Concurrent Clear Claimed Marks
[10.761s][info][gc,marking    ] GC(496) Concurrent Clear Claimed Marks 0.020ms
[10.761s][info][gc,marking    ] GC(496) Concurrent Scan Root Regions
[10.761s][info][gc,marking    ] GC(496) Concurrent Scan Root Regions 0.075ms
[10.761s][info][gc,marking    ] GC(496) Concurrent Mark (10.761s)
[10.761s][info][gc,marking    ] GC(496) Concurrent Mark From Roots
[10.761s][info][gc,task       ] GC(496) Using 2 workers of 2 for marking
[10.767s][info][gc,marking    ] GC(496) Concurrent Mark From Roots 6.044ms
[10.767s][info][gc,marking    ] GC(496) Concurrent Preclean
[10.767s][info][gc,marking    ] GC(496) Concurrent Preclean 0.085ms
[10.767s][info][gc,marking    ] GC(496) Concurrent Mark (10.761s, 10.767s) 6.197ms
[10.767s][info][gc,start      ] GC(496) Pause Remark
[10.768s][info][gc,stringtable] GC(496) Cleaned string and symbol table, strings: 4343 processed, 0 removed, symbols: 36588 processed, 0 removed
[10.769s][info][gc            ] GC(496) Pause Remark 1351M->1351M(2087M) 1.523ms
[10.769s][info][gc,cpu        ] GC(496) User=0.01s Sys=0.00s Real=0.00s
[10.769s][info][gc,marking    ] GC(496) Concurrent Rebuild Remembered Sets
[10.775s][info][gc,marking    ] GC(496) Concurrent Rebuild Remembered Sets 6.230ms
[10.775s][info][gc,start      ] GC(496) Pause Cleanup
[10.775s][info][gc            ] GC(496) Pause Cleanup 1353M->1353M(2087M) 0.285ms
[10.775s][info][gc,cpu        ] GC(496) User=0.00s Sys=0.00s Real=0.00s
[10.775s][info][gc,marking    ] GC(496) Concurrent Cleanup for Next Mark
[10.778s][info][gc,marking    ] GC(496) Concurrent Cleanup for Next Mark 2.718ms
[10.778s][info][gc            ] GC(496) Concurrent Cycle 17.518ms
[10.785s][info][gc,start      ] GC(497) Pause Young (Concurrent Start) (G1 Humongous Allocation)
[10.785s][info][gc,task       ] GC(497) Using 8 workers of 8 for evacuation
[10.786s][info][gc,phases     ] GC(497)   Pre Evacuate Collection Set: 0.3ms
[10.786s][info][gc,phases     ] GC(497)   Evacuate Collection Set: 0.5ms
[10.786s][info][gc,phases     ] GC(497)   Post Evacuate Collection Set: 0.1ms
[10.786s][info][gc,phases     ] GC(497)   Other: 0.2ms
[10.786s][info][gc,heap       ] GC(497) Eden regions: 4->0(511)
[10.786s][info][gc,heap       ] GC(497) Survivor regions: 1->1(65)
[10.786s][info][gc,heap       ] GC(497) Old regions: 26->26
[10.786s][info][gc,heap       ] GC(497) Humongous regions: 1326->1326
[10.786s][info][gc,metaspace  ] GC(497) Metaspace: 9860K->9860K(1058816K)
[10.786s][info][gc            ] GC(497) Pause Young (Concurrent Start) (G1 Humongous Allocation) 1355M->1351M(2087M) 1.231ms
[10.786s][info][gc,cpu        ] GC(497) User=0.00s Sys=0.00s Real=0.00s
[10.786s][info][gc            ] GC(498) Concurrent Cycle
[10.786s][info][gc,marking    ] GC(498) Concurrent Clear Claimed Marks
[10.786s][info][gc,marking    ] GC(498) Concurrent Clear Claimed Marks 0.017ms
[10.786s][info][gc,marking    ] GC(498) Concurrent Scan Root Regions
[10.787s][info][gc,marking    ] GC(498) Concurrent Scan Root Regions 0.103ms
[10.787s][info][gc,marking    ] GC(498) Concurrent Mark (10.787s)
[10.787s][info][gc,marking    ] GC(498) Concurrent Mark From Roots
[10.787s][info][gc,task       ] GC(498) Using 2 workers of 2 for marking
[10.792s][info][gc,marking    ] GC(498) Concurrent Mark From Roots 5.840ms
[10.793s][info][gc,marking    ] GC(498) Concurrent Preclean
[10.793s][info][gc,marking    ] GC(498) Concurrent Preclean 0.088ms
[10.793s][info][gc,marking    ] GC(498) Concurrent Mark (10.787s, 10.793s) 5.989ms
[10.793s][info][gc,start      ] GC(498) Pause Remark
[10.794s][info][gc,stringtable] GC(498) Cleaned string and symbol table, strings: 4343 processed, 0 removed, symbols: 36588 processed, 0 removed
[10.794s][info][gc            ] GC(498) Pause Remark 1355M->1355M(2087M) 1.645ms
[10.794s][info][gc,cpu        ] GC(498) User=0.01s Sys=0.00s Real=0.00s
[10.794s][info][gc,marking    ] GC(498) Concurrent Rebuild Remembered Sets
[10.802s][info][gc,marking    ] GC(498) Concurrent Rebuild Remembered Sets 7.727ms
[10.802s][info][gc,start      ] GC(498) Pause Cleanup
[10.803s][info][gc            ] GC(498) Pause Cleanup 1358M->1358M(2087M) 0.263ms
[10.803s][info][gc,cpu        ] GC(498) User=0.00s Sys=0.00s Real=0.00s
[10.803s][info][gc,marking    ] GC(498) Concurrent Cleanup for Next Mark
[10.805s][info][gc,marking    ] GC(498) Concurrent Cleanup for Next Mark 2.696ms
[10.805s][info][gc            ] GC(498) Concurrent Cycle 18.933ms
[10.811s][info][gc,start      ] GC(499) Pause Young (Concurrent Start) (G1 Humongous Allocation)
[10.811s][info][gc,task       ] GC(499) Using 8 workers of 8 for evacuation
[10.813s][info][gc,phases     ] GC(499)   Pre Evacuate Collection Set: 0.3ms
[10.813s][info][gc,phases     ] GC(499)   Evacuate Collection Set: 1.0ms
[10.813s][info][gc,phases     ] GC(499)   Post Evacuate Collection Set: 0.1ms
[10.813s][info][gc,phases     ] GC(499)   Other: 0.2ms
[10.813s][info][gc,heap       ] GC(499) Eden regions: 4->0(507)
[10.813s][info][gc,heap       ] GC(499) Survivor regions: 1->1(64)
[10.813s][info][gc,heap       ] GC(499) Old regions: 26->26
[10.813s][info][gc,heap       ] GC(499) Humongous regions: 1330->1330
[10.813s][info][gc,metaspace  ] GC(499) Metaspace: 9860K->9860K(1058816K)
[10.813s][info][gc            ] GC(499) Pause Young (Concurrent Start) (G1 Humongous Allocation) 1359M->1355M(2087M) 1.790ms
[10.813s][info][gc,cpu        ] GC(499) User=0.01s Sys=0.01s Real=0.01s
[10.813s][info][gc            ] GC(500) Concurrent Cycle
[10.813s][info][gc,marking    ] GC(500) Concurrent Clear Claimed Marks
[10.813s][info][gc,marking    ] GC(500) Concurrent Clear Claimed Marks 0.020ms
[10.813s][info][gc,marking    ] GC(500) Concurrent Scan Root Regions
[10.813s][info][gc,marking    ] GC(500) Concurrent Scan Root Regions 0.078ms
[10.813s][info][gc,marking    ] GC(500) Concurrent Mark (10.813s)
[10.813s][info][gc,marking    ] GC(500) Concurrent Mark From Roots
[10.813s][info][gc,task       ] GC(500) Using 2 workers of 2 for marking
[10.821s][info][gc,marking    ] GC(500) Concurrent Mark From Roots 8.102ms
[10.821s][info][gc,marking    ] GC(500) Concurrent Preclean
[10.821s][info][gc,marking    ] GC(500) Concurrent Preclean 0.125ms
[10.821s][info][gc,marking    ] GC(500) Concurrent Mark (10.813s, 10.821s) 8.306ms
[10.821s][info][gc,start      ] GC(500) Pause Remark
[10.823s][info][gc,stringtable] GC(500) Cleaned string and symbol table, strings: 4343 processed, 0 removed, symbols: 36588 processed, 0 removed
[10.823s][info][gc            ] GC(500) Pause Remark 1359M->1359M(2087M) 1.899ms
[10.823s][info][gc,cpu        ] GC(500) User=0.01s Sys=0.00s Real=0.00s
[10.824s][info][gc,marking    ] GC(500) Concurrent Rebuild Remembered Sets
[10.830s][info][gc,marking    ] GC(500) Concurrent Rebuild Remembered Sets 6.908ms
[10.831s][info][gc,start      ] GC(500) Pause Cleanup
[10.831s][info][gc            ] GC(500) Pause Cleanup 1361M->1361M(2087M) 0.292ms
[10.831s][info][gc,cpu        ] GC(500) User=0.00s Sys=0.00s Real=0.00s
[10.831s][info][gc,marking    ] GC(500) Concurrent Cleanup for Next Mark
[10.834s][info][gc,marking    ] GC(500) Concurrent Cleanup for Next Mark 2.780ms
[10.834s][info][gc            ] GC(500) Concurrent Cycle 21.053ms
[10.841s][info][gc,start      ] GC(501) Pause Young (Concurrent Start) (G1 Humongous Allocation)
[10.841s][info][gc,task       ] GC(501) Using 8 workers of 8 for evacuation
[10.843s][info][gc,phases     ] GC(501)   Pre Evacuate Collection Set: 0.4ms
[10.843s][info][gc,phases     ] GC(501)   Evacuate Collection Set: 1.2ms
[10.843s][info][gc,phases     ] GC(501)   Post Evacuate Collection Set: 0.2ms
[10.843s][info][gc,phases     ] GC(501)   Other: 0.3ms
[10.843s][info][gc,heap       ] GC(501) Eden regions: 4->0(503)
[10.843s][info][gc,heap       ] GC(501) Survivor regions: 1->1(64)
[10.843s][info][gc,heap       ] GC(501) Old regions: 26->26
[10.843s][info][gc,heap       ] GC(501) Humongous regions: 1334->1334
[10.843s][info][gc,metaspace  ] GC(501) Metaspace: 9860K->9860K(1058816K)
[10.843s][info][gc            ] GC(501) Pause Young (Concurrent Start) (G1 Humongous Allocation) 1363M->1359M(2087M) 2.155ms
[10.843s][info][gc,cpu        ] GC(501) User=0.01s Sys=0.00s Real=0.01s
[10.843s][info][gc            ] GC(502) Concurrent Cycle
[10.843s][info][gc,marking    ] GC(502) Concurrent Clear Claimed Marks
[10.843s][info][gc,marking    ] GC(502) Concurrent Clear Claimed Marks 0.020ms
[10.843s][info][gc,marking    ] GC(502) Concurrent Scan Root Regions
[10.843s][info][gc,marking    ] GC(502) Concurrent Scan Root Regions 0.082ms
[10.843s][info][gc,marking    ] GC(502) Concurrent Mark (10.843s)
[10.843s][info][gc,marking    ] GC(502) Concurrent Mark From Roots
[10.843s][info][gc,task       ] GC(502) Using 2 workers of 2 for marking
[10.852s][info][gc,marking    ] GC(502) Concurrent Mark From Roots 8.257ms
[10.852s][info][gc,marking    ] GC(502) Concurrent Preclean
[10.852s][info][gc,marking    ] GC(502) Concurrent Preclean 0.135ms
[10.852s][info][gc,marking    ] GC(502) Concurrent Mark (10.843s, 10.852s) 8.468ms
[10.852s][info][gc,start      ] GC(502) Pause Remark
[10.854s][info][gc,stringtable] GC(502) Cleaned string and symbol table, strings: 4343 processed, 0 removed, symbols: 36588 processed, 0 removed
[10.855s][info][gc            ] GC(502) Pause Remark 1363M->1363M(2087M) 2.494ms
[10.855s][info][gc,cpu        ] GC(502) User=0.01s Sys=0.00s Real=0.00s
[10.855s][info][gc,marking    ] GC(502) Concurrent Rebuild Remembered Sets
[10.861s][info][gc,marking    ] GC(502) Concurrent Rebuild Remembered Sets 6.839ms
[10.862s][info][gc,start      ] GC(502) Pause Cleanup
[10.863s][info][gc            ] GC(502) Pause Cleanup 1365M->1365M(2087M) 0.375ms
[10.863s][info][gc,cpu        ] GC(502) User=0.00s Sys=0.00s Real=0.00s
[10.863s][info][gc,marking    ] GC(502) Concurrent Cleanup for Next Mark
[10.866s][info][gc,marking    ] GC(502) Concurrent Cleanup for Next Mark 3.164ms
[10.866s][info][gc            ] GC(502) Concurrent Cycle 22.579ms
[10.875s][info][gc,start      ] GC(503) Pause Young (Concurrent Start) (G1 Humongous Allocation)
[10.875s][info][gc,task       ] GC(503) Using 8 workers of 8 for evacuation
[10.877s][info][gc,phases     ] GC(503)   Pre Evacuate Collection Set: 0.4ms
[10.877s][info][gc,phases     ] GC(503)   Evacuate Collection Set: 1.3ms
[10.877s][info][gc,phases     ] GC(503)   Post Evacuate Collection Set: 0.2ms
[10.877s][info][gc,phases     ] GC(503)   Other: 0.3ms
[10.877s][info][gc,heap       ] GC(503) Eden regions: 4->0(499)
[10.877s][info][gc,heap       ] GC(503) Survivor regions: 1->1(63)
[10.877s][info][gc,heap       ] GC(503) Old regions: 26->26
[10.877s][info][gc,heap       ] GC(503) Humongous regions: 1338->1338
[10.877s][info][gc,metaspace  ] GC(503) Metaspace: 9860K->9860K(1058816K)
[10.877s][info][gc            ] GC(503) Pause Young (Concurrent Start) (G1 Humongous Allocation) 1367M->1363M(2087M) 2.385ms
[10.877s][info][gc,cpu        ] GC(503) User=0.01s Sys=0.00s Real=0.00s
[10.877s][info][gc            ] GC(504) Concurrent Cycle
[10.877s][info][gc,marking    ] GC(504) Concurrent Clear Claimed Marks
[10.877s][info][gc,marking    ] GC(504) Concurrent Clear Claimed Marks 0.019ms
[10.877s][info][gc,marking    ] GC(504) Concurrent Scan Root Regions
[10.877s][info][gc,marking    ] GC(504) Concurrent Scan Root Regions 0.088ms
[10.877s][info][gc,marking    ] GC(504) Concurrent Mark (10.877s)
[10.877s][info][gc,marking    ] GC(504) Concurrent Mark From Roots
[10.877s][info][gc,task       ] GC(504) Using 2 workers of 2 for marking
[10.886s][info][gc,marking    ] GC(504) Concurrent Mark From Roots 8.420ms
[10.886s][info][gc,marking    ] GC(504) Concurrent Preclean
[10.886s][info][gc,marking    ] GC(504) Concurrent Preclean 0.107ms
[10.886s][info][gc,marking    ] GC(504) Concurrent Mark (10.877s, 10.886s) 8.594ms
[10.886s][info][gc,start      ] GC(504) Pause Remark
[10.887s][info][gc,stringtable] GC(504) Cleaned string and symbol table, strings: 4343 processed, 0 removed, symbols: 36588 processed, 0 removed
[10.888s][info][gc            ] GC(504) Pause Remark 1367M->1367M(2087M) 1.995ms
[10.888s][info][gc,cpu        ] GC(504) User=0.01s Sys=0.00s Real=0.00s
[10.888s][info][gc,marking    ] GC(504) Concurrent Rebuild Remembered Sets
[10.895s][info][gc,marking    ] GC(504) Concurrent Rebuild Remembered Sets 7.492ms
[10.896s][info][gc,start      ] GC(504) Pause Cleanup
[10.896s][info][gc            ] GC(504) Pause Cleanup 1370M->1370M(2087M) 0.425ms
[10.896s][info][gc,cpu        ] GC(504) User=0.00s Sys=0.00s Real=0.00s
[10.896s][info][gc,marking    ] GC(504) Concurrent Cleanup for Next Mark
[10.899s][info][gc,marking    ] GC(504) Concurrent Cleanup for Next Mark 3.049ms
[10.899s][info][gc            ] GC(504) Concurrent Cycle 22.200ms
[10.907s][info][gc,start      ] GC(505) Pause Young (Concurrent Start) (G1 Humongous Allocation)
[10.907s][info][gc,task       ] GC(505) Using 8 workers of 8 for evacuation
[10.909s][info][gc,phases     ] GC(505)   Pre Evacuate Collection Set: 0.4ms
[10.909s][info][gc,phases     ] GC(505)   Evacuate Collection Set: 1.1ms
[10.909s][info][gc,phases     ] GC(505)   Post Evacuate Collection Set: 0.2ms
[10.909s][info][gc,phases     ] GC(505)   Other: 0.3ms
[10.909s][info][gc,heap       ] GC(505) Eden regions: 4->0(496)
[10.909s][info][gc,heap       ] GC(505) Survivor regions: 1->1(63)
[10.909s][info][gc,heap       ] GC(505) Old regions: 26->26
[10.909s][info][gc,heap       ] GC(505) Humongous regions: 1342->1342
[10.909s][info][gc,metaspace  ] GC(505) Metaspace: 9862K->9862K(1058816K)
[10.909s][info][gc            ] GC(505) Pause Young (Concurrent Start) (G1 Humongous Allocation) 1371M->1367M(2087M) 2.222ms
[10.909s][info][gc,cpu        ] GC(505) User=0.00s Sys=0.00s Real=0.00s
[10.909s][info][gc            ] GC(506) Concurrent Cycle
[10.909s][info][gc,marking    ] GC(506) Concurrent Clear Claimed Marks
[10.909s][info][gc,marking    ] GC(506) Concurrent Clear Claimed Marks 0.018ms
[10.909s][info][gc,marking    ] GC(506) Concurrent Scan Root Regions
[10.909s][info][gc,marking    ] GC(506) Concurrent Scan Root Regions 0.103ms
[10.909s][info][gc,marking    ] GC(506) Concurrent Mark (10.909s)
[10.909s][info][gc,marking    ] GC(506) Concurrent Mark From Roots
[10.909s][info][gc,task       ] GC(506) Using 2 workers of 2 for marking
[10.919s][info][gc,marking    ] GC(506) Concurrent Mark From Roots 9.695ms
[10.919s][info][gc,marking    ] GC(506) Concurrent Preclean
[10.919s][info][gc,marking    ] GC(506) Concurrent Preclean 0.143ms
[10.920s][info][gc,marking    ] GC(506) Concurrent Mark (10.909s, 10.920s) 10.454ms
[10.921s][info][gc,start      ] GC(506) Pause Remark
[10.923s][info][gc,stringtable] GC(506) Cleaned string and symbol table, strings: 4343 processed, 0 removed, symbols: 36588 processed, 0 removed
[10.924s][info][gc            ] GC(506) Pause Remark 1371M->1371M(2087M) 3.142ms
[10.924s][info][gc,cpu        ] GC(506) User=0.01s Sys=0.00s Real=0.01s
[10.924s][info][gc,marking    ] GC(506) Concurrent Rebuild Remembered Sets
[10.932s][info][gc,marking    ] GC(506) Concurrent Rebuild Remembered Sets 7.742ms
[10.932s][info][gc,start      ] GC(506) Pause Cleanup
[10.932s][info][gc            ] GC(506) Pause Cleanup 1374M->1374M(2087M) 0.351ms
[10.932s][info][gc,cpu        ] GC(506) User=0.00s Sys=0.00s Real=0.00s
[10.932s][info][gc,marking    ] GC(506) Concurrent Cleanup for Next Mark
[10.936s][info][gc,marking    ] GC(506) Concurrent Cleanup for Next Mark 3.473ms
[10.936s][info][gc            ] GC(506) Concurrent Cycle 26.589ms
[10.943s][info][gc,start      ] GC(507) Pause Young (Concurrent Start) (G1 Humongous Allocation)
[10.943s][info][gc,task       ] GC(507) Using 8 workers of 8 for evacuation
[10.945s][info][gc,phases     ] GC(507)   Pre Evacuate Collection Set: 0.4ms
[10.945s][info][gc,phases     ] GC(507)   Evacuate Collection Set: 1.4ms
[10.945s][info][gc,phases     ] GC(507)   Post Evacuate Collection Set: 0.2ms
[10.945s][info][gc,phases     ] GC(507)   Other: 0.3ms
[10.945s][info][gc,heap       ] GC(507) Eden regions: 4->0(492)
[10.945s][info][gc,heap       ] GC(507) Survivor regions: 1->1(63)
[10.945s][info][gc,heap       ] GC(507) Old regions: 26->26
[10.945s][info][gc,heap       ] GC(507) Humongous regions: 1346->1346
[10.945s][info][gc,metaspace  ] GC(507) Metaspace: 9862K->9862K(1058816K)
[10.945s][info][gc            ] GC(507) Pause Young (Concurrent Start) (G1 Humongous Allocation) 1375M->1371M(2087M) 2.413ms
[10.945s][info][gc,cpu        ] GC(507) User=0.01s Sys=0.00s Real=0.00s
[10.945s][info][gc            ] GC(508) Concurrent Cycle
[10.945s][info][gc,marking    ] GC(508) Concurrent Clear Claimed Marks
[10.945s][info][gc,marking    ] GC(508) Concurrent Clear Claimed Marks 0.019ms
[10.945s][info][gc,marking    ] GC(508) Concurrent Scan Root Regions
[10.945s][info][gc,marking    ] GC(508) Concurrent Scan Root Regions 0.096ms
[10.945s][info][gc,marking    ] GC(508) Concurrent Mark (10.945s)
[10.945s][info][gc,marking    ] GC(508) Concurrent Mark From Roots
[10.945s][info][gc,task       ] GC(508) Using 2 workers of 2 for marking
[10.953s][info][gc,marking    ] GC(508) Concurrent Mark From Roots 7.584ms
[10.953s][info][gc,marking    ] GC(508) Concurrent Preclean
[10.953s][info][gc,marking    ] GC(508) Concurrent Preclean 0.139ms
[10.953s][info][gc,marking    ] GC(508) Concurrent Mark (10.945s, 10.953s) 7.807ms
[10.953s][info][gc,start      ] GC(508) Pause Remark
[10.955s][info][gc,stringtable] GC(508) Cleaned string and symbol table, strings: 4343 processed, 0 removed, symbols: 36588 processed, 0 removed
[10.955s][info][gc            ] GC(508) Pause Remark 1374M->1374M(2087M) 1.942ms
[10.955s][info][gc,cpu        ] GC(508) User=0.01s Sys=0.00s Real=0.00s
[10.955s][info][gc,marking    ] GC(508) Concurrent Rebuild Remembered Sets
[10.963s][info][gc,marking    ] GC(508) Concurrent Rebuild Remembered Sets 7.682ms
[10.964s][info][gc,start      ] GC(508) Pause Cleanup
[10.965s][info][gc            ] GC(508) Pause Cleanup 1377M->1377M(2087M) 0.416ms
[10.965s][info][gc,cpu        ] GC(508) User=0.00s Sys=0.00s Real=0.00s
[10.965s][info][gc,marking    ] GC(508) Concurrent Cleanup for Next Mark
[10.968s][info][gc,marking    ] GC(508) Concurrent Cleanup for Next Mark 3.066ms
[10.968s][info][gc            ] GC(508) Concurrent Cycle 22.834ms
[10.976s][info][gc,start      ] GC(509) Pause Young (Concurrent Start) (G1 Humongous Allocation)
[10.976s][info][gc,task       ] GC(509) Using 8 workers of 8 for evacuation
[10.978s][info][gc,phases     ] GC(509)   Pre Evacuate Collection Set: 0.4ms
[10.978s][info][gc,phases     ] GC(509)   Evacuate Collection Set: 1.1ms
[10.978s][info][gc,phases     ] GC(509)   Post Evacuate Collection Set: 0.1ms
[10.978s][info][gc,phases     ] GC(509)   Other: 0.3ms
[10.978s][info][gc,heap       ] GC(509) Eden regions: 4->0(488)
[10.978s][info][gc,heap       ] GC(509) Survivor regions: 1->1(62)
[10.978s][info][gc,heap       ] GC(509) Old regions: 26->26
[10.978s][info][gc,heap       ] GC(509) Humongous regions: 1350->1350
[10.978s][info][gc,metaspace  ] GC(509) Metaspace: 9862K->9862K(1058816K)
[10.978s][info][gc            ] GC(509) Pause Young (Concurrent Start) (G1 Humongous Allocation) 1379M->1375M(2087M) 2.007ms
[10.978s][info][gc,cpu        ] GC(509) User=0.00s Sys=0.00s Real=0.00s
[10.978s][info][gc            ] GC(510) Concurrent Cycle
[10.978s][info][gc,marking    ] GC(510) Concurrent Clear Claimed Marks
[10.978s][info][gc,marking    ] GC(510) Concurrent Clear Claimed Marks 0.018ms
[10.978s][info][gc,marking    ] GC(510) Concurrent Scan Root Regions
[10.978s][info][gc,marking    ] GC(510) Concurrent Scan Root Regions 0.084ms
[10.978s][info][gc,marking    ] GC(510) Concurrent Mark (10.978s)
[10.978s][info][gc,marking    ] GC(510) Concurrent Mark From Roots
[10.978s][info][gc,task       ] GC(510) Using 2 workers of 2 for marking
[10.987s][info][gc,marking    ] GC(510) Concurrent Mark From Roots 8.810ms
[10.987s][info][gc,marking    ] GC(510) Concurrent Preclean
[10.987s][info][gc,marking    ] GC(510) Concurrent Preclean 0.095ms
[10.987s][info][gc,marking    ] GC(510) Concurrent Mark (10.978s, 10.987s) 8.966ms
[10.987s][info][gc,start      ] GC(510) Pause Remark
[10.989s][info][gc,stringtable] GC(510) Cleaned string and symbol table, strings: 4343 processed, 0 removed, symbols: 36588 processed, 0 removed
[10.990s][info][gc            ] GC(510) Pause Remark 1379M->1379M(2087M) 2.210ms
[10.990s][info][gc,cpu        ] GC(510) User=0.01s Sys=0.00s Real=0.00s
[10.990s][info][gc,marking    ] GC(510) Concurrent Rebuild Remembered Sets
[10.998s][info][gc,marking    ] GC(510) Concurrent Rebuild Remembered Sets 8.310ms
[10.998s][info][gc,start      ] GC(510) Pause Cleanup
[10.999s][info][gc            ] GC(510) Pause Cleanup 1381M->1381M(2087M) 0.380ms
[10.999s][info][gc,cpu        ] GC(510) User=0.00s Sys=0.00s Real=0.00s
[10.999s][info][gc,marking    ] GC(510) Concurrent Cleanup for Next Mark
[11.002s][info][gc,marking    ] GC(510) Concurrent Cleanup for Next Mark 3.070ms
[11.002s][info][gc            ] GC(510) Concurrent Cycle 23.587ms
[11.012s][info][gc,start      ] GC(511) Pause Young (Concurrent Start) (G1 Humongous Allocation)
[11.012s][info][gc,task       ] GC(511) Using 8 workers of 8 for evacuation
[11.014s][info][gc,phases     ] GC(511)   Pre Evacuate Collection Set: 0.5ms
[11.014s][info][gc,phases     ] GC(511)   Evacuate Collection Set: 1.0ms
[11.014s][info][gc,phases     ] GC(511)   Post Evacuate Collection Set: 0.1ms
[11.014s][info][gc,phases     ] GC(511)   Other: 0.3ms
[11.014s][info][gc,heap       ] GC(511) Eden regions: 4->0(484)
[11.014s][info][gc,heap       ] GC(511) Survivor regions: 1->1(62)
[11.014s][info][gc,heap       ] GC(511) Old regions: 26->26
[11.014s][info][gc,heap       ] GC(511) Humongous regions: 1354->1354
[11.014s][info][gc,metaspace  ] GC(511) Metaspace: 9862K->9862K(1058816K)
[11.014s][info][gc            ] GC(511) Pause Young (Concurrent Start) (G1 Humongous Allocation) 1383M->1379M(2087M) 2.138ms
[11.014s][info][gc,cpu        ] GC(511) User=0.01s Sys=0.00s Real=0.00s
[11.014s][info][gc            ] GC(512) Concurrent Cycle
[11.014s][info][gc,marking    ] GC(512) Concurrent Clear Claimed Marks
[11.014s][info][gc,marking    ] GC(512) Concurrent Clear Claimed Marks 0.018ms
[11.014s][info][gc,marking    ] GC(512) Concurrent Scan Root Regions
[11.014s][info][gc,marking    ] GC(512) Concurrent Scan Root Regions 0.079ms
[11.014s][info][gc,marking    ] GC(512) Concurrent Mark (11.014s)
[11.014s][info][gc,marking    ] GC(512) Concurrent Mark From Roots
[11.014s][info][gc,task       ] GC(512) Using 2 workers of 2 for marking
[11.023s][info][gc,marking    ] GC(512) Concurrent Mark From Roots 8.636ms
[11.023s][info][gc,marking    ] GC(512) Concurrent Preclean
[11.023s][info][gc,marking    ] GC(512) Concurrent Preclean 0.135ms
[11.023s][info][gc,marking    ] GC(512) Concurrent Mark (11.014s, 11.023s) 8.853ms
[11.023s][info][gc,start      ] GC(512) Pause Remark
[11.024s][info][gc,stringtable] GC(512) Cleaned string and symbol table, strings: 4343 processed, 0 removed, symbols: 36588 processed, 0 removed
[11.024s][info][gc            ] GC(512) Pause Remark 1382M->1382M(2087M) 1.150ms
[11.024s][info][gc,cpu        ] GC(512) User=0.00s Sys=0.00s Real=0.00s
[11.024s][info][gc,marking    ] GC(512) Concurrent Rebuild Remembered Sets
[11.033s][info][gc,marking    ] GC(512) Concurrent Rebuild Remembered Sets 8.748ms
[11.033s][info][gc,start      ] GC(512) Pause Cleanup
[11.034s][info][gc            ] GC(512) Pause Cleanup 1383M->1383M(2087M) 0.300ms
[11.034s][info][gc,cpu        ] GC(512) User=0.00s Sys=0.00s Real=0.00s
[11.034s][info][gc,marking    ] GC(512) Concurrent Cleanup for Next Mark
[11.037s][info][gc,marking    ] GC(512) Concurrent Cleanup for Next Mark 3.342ms
[11.037s][info][gc            ] GC(512) Concurrent Cycle 22.959ms
[11.051s][info][gc,start      ] GC(513) Pause Young (Concurrent Start) (G1 Humongous Allocation)
[11.051s][info][gc,task       ] GC(513) Using 8 workers of 8 for evacuation
[11.054s][info][gc,phases     ] GC(513)   Pre Evacuate Collection Set: 0.5ms
[11.054s][info][gc,phases     ] GC(513)   Evacuate Collection Set: 1.6ms
[11.054s][info][gc,phases     ] GC(513)   Post Evacuate Collection Set: 0.3ms
[11.054s][info][gc,phases     ] GC(513)   Other: 0.4ms
[11.054s][info][gc,heap       ] GC(513) Eden regions: 4->0(480)
[11.054s][info][gc,heap       ] GC(513) Survivor regions: 1->1(61)
[11.054s][info][gc,heap       ] GC(513) Old regions: 26->26
[11.054s][info][gc,heap       ] GC(513) Humongous regions: 1358->1358
[11.054s][info][gc,metaspace  ] GC(513) Metaspace: 9862K->9862K(1058816K)
[11.054s][info][gc            ] GC(513) Pause Young (Concurrent Start) (G1 Humongous Allocation) 1387M->1383M(2087M) 2.937ms
[11.054s][info][gc,cpu        ] GC(513) User=0.01s Sys=0.00s Real=0.01s
[11.054s][info][gc            ] GC(514) Concurrent Cycle
[11.054s][info][gc,marking    ] GC(514) Concurrent Clear Claimed Marks
[11.054s][info][gc,marking    ] GC(514) Concurrent Clear Claimed Marks 0.035ms
[11.054s][info][gc,marking    ] GC(514) Concurrent Scan Root Regions
[11.054s][info][gc,marking    ] GC(514) Concurrent Scan Root Regions 0.132ms
[11.054s][info][gc,marking    ] GC(514) Concurrent Mark (11.054s)
[11.055s][info][gc,marking    ] GC(514) Concurrent Mark From Roots
[11.055s][info][gc,task       ] GC(514) Using 2 workers of 2 for marking
[11.064s][info][gc,marking    ] GC(514) Concurrent Mark From Roots 9.326ms
[11.064s][info][gc,marking    ] GC(514) Concurrent Preclean
[11.064s][info][gc,marking    ] GC(514) Concurrent Preclean 0.145ms
[11.064s][info][gc,marking    ] GC(514) Concurrent Mark (11.054s, 11.064s) 9.580ms
[11.064s][info][gc,start      ] GC(514) Pause Remark
[11.066s][info][gc,stringtable] GC(514) Cleaned string and symbol table, strings: 4343 processed, 0 removed, symbols: 36588 processed, 0 removed
[11.066s][info][gc            ] GC(514) Pause Remark 1386M->1386M(2087M) 1.940ms
[11.066s][info][gc,cpu        ] GC(514) User=0.01s Sys=0.00s Real=0.00s
[11.066s][info][gc,marking    ] GC(514) Concurrent Rebuild Remembered Sets
[11.074s][info][gc,marking    ] GC(514) Concurrent Rebuild Remembered Sets 7.940ms
[11.074s][info][gc,start      ] GC(514) Pause Cleanup
[11.075s][info][gc            ] GC(514) Pause Cleanup 1387M->1387M(2087M) 0.369ms
[11.075s][info][gc,cpu        ] GC(514) User=0.00s Sys=0.00s Real=0.00s
[11.075s][info][gc,marking    ] GC(514) Concurrent Cleanup for Next Mark
[11.078s][info][gc,marking    ] GC(514) Concurrent Cleanup for Next Mark 3.690ms
[11.078s][info][gc            ] GC(514) Concurrent Cycle 24.294ms
[11.094s][info][gc,start      ] GC(515) Pause Young (Concurrent Start) (G1 Humongous Allocation)
[11.094s][info][gc,task       ] GC(515) Using 8 workers of 8 for evacuation
[11.096s][info][gc,phases     ] GC(515)   Pre Evacuate Collection Set: 0.5ms
[11.096s][info][gc,phases     ] GC(515)   Evacuate Collection Set: 0.6ms
[11.096s][info][gc,phases     ] GC(515)   Post Evacuate Collection Set: 0.1ms
[11.096s][info][gc,phases     ] GC(515)   Other: 0.3ms
[11.096s][info][gc,heap       ] GC(515) Eden regions: 4->0(476)
[11.096s][info][gc,heap       ] GC(515) Survivor regions: 1->1(61)
[11.096s][info][gc,heap       ] GC(515) Old regions: 26->26
[11.096s][info][gc,heap       ] GC(515) Humongous regions: 1362->1362
[11.096s][info][gc,metaspace  ] GC(515) Metaspace: 9862K->9862K(1058816K)
[11.096s][info][gc            ] GC(515) Pause Young (Concurrent Start) (G1 Humongous Allocation) 1391M->1387M(2087M) 1.722ms
[11.096s][info][gc,cpu        ] GC(515) User=0.00s Sys=0.00s Real=0.00s
[11.096s][info][gc            ] GC(516) Concurrent Cycle
[11.096s][info][gc,marking    ] GC(516) Concurrent Clear Claimed Marks
[11.096s][info][gc,marking    ] GC(516) Concurrent Clear Claimed Marks 0.013ms
[11.096s][info][gc,marking    ] GC(516) Concurrent Scan Root Regions
[11.096s][info][gc,marking    ] GC(516) Concurrent Scan Root Regions 0.057ms
[11.096s][info][gc,marking    ] GC(516) Concurrent Mark (11.096s)
[11.096s][info][gc,marking    ] GC(516) Concurrent Mark From Roots
[11.096s][info][gc,task       ] GC(516) Using 2 workers of 2 for marking
[11.105s][info][gc,marking    ] GC(516) Concurrent Mark From Roots 9.082ms
[11.105s][info][gc,marking    ] GC(516) Concurrent Preclean
[11.106s][info][gc,marking    ] GC(516) Concurrent Preclean 0.148ms
[11.106s][info][gc,marking    ] GC(516) Concurrent Mark (11.096s, 11.106s) 9.331ms
[11.106s][info][gc,start      ] GC(516) Pause Remark
[11.107s][info][gc,stringtable] GC(516) Cleaned string and symbol table, strings: 4343 processed, 0 removed, symbols: 36588 processed, 0 removed
[11.107s][info][gc            ] GC(516) Pause Remark 1390M->1390M(2087M) 1.300ms
[11.107s][info][gc,cpu        ] GC(516) User=0.00s Sys=0.00s Real=0.00s
[11.107s][info][gc,marking    ] GC(516) Concurrent Rebuild Remembered Sets
[11.115s][info][gc,marking    ] GC(516) Concurrent Rebuild Remembered Sets 7.505ms
[11.115s][info][gc,start      ] GC(516) Pause Cleanup
[11.115s][info][gc            ] GC(516) Pause Cleanup 1391M->1391M(2087M) 0.337ms
[11.115s][info][gc,cpu        ] GC(516) User=0.00s Sys=0.00s Real=0.00s
[11.115s][info][gc,marking    ] GC(516) Concurrent Cleanup for Next Mark
[11.118s][info][gc,marking    ] GC(516) Concurrent Cleanup for Next Mark 3.235ms
[11.119s][info][gc            ] GC(516) Concurrent Cycle 22.446ms
[11.136s][info][gc,start      ] GC(517) Pause Young (Concurrent Start) (G1 Humongous Allocation)
[11.136s][info][gc,task       ] GC(517) Using 8 workers of 8 for evacuation
[11.142s][info][gc,phases     ] GC(517)   Pre Evacuate Collection Set: 0.5ms
[11.142s][info][gc,phases     ] GC(517)   Evacuate Collection Set: 4.0ms
[11.142s][info][gc,phases     ] GC(517)   Post Evacuate Collection Set: 0.6ms
[11.142s][info][gc,phases     ] GC(517)   Other: 0.5ms
[11.142s][info][gc,heap       ] GC(517) Eden regions: 4->0(472)
[11.142s][info][gc,heap       ] GC(517) Survivor regions: 1->1(60)
[11.142s][info][gc,heap       ] GC(517) Old regions: 26->26
[11.143s][info][gc,heap       ] GC(517) Humongous regions: 1366->1366
[11.143s][info][gc,metaspace  ] GC(517) Metaspace: 9862K->9862K(1058816K)
[11.143s][info][gc            ] GC(517) Pause Young (Concurrent Start) (G1 Humongous Allocation) 1395M->1391M(2087M) 6.399ms
[11.143s][info][gc,cpu        ] GC(517) User=0.01s Sys=0.00s Real=0.01s
[11.143s][info][gc            ] GC(518) Concurrent Cycle
[11.143s][info][gc,marking    ] GC(518) Concurrent Clear Claimed Marks
[11.143s][info][gc,marking    ] GC(518) Concurrent Clear Claimed Marks 0.042ms
[11.143s][info][gc,marking    ] GC(518) Concurrent Scan Root Regions
[11.145s][info][gc,marking    ] GC(518) Concurrent Scan Root Regions 1.239ms
[11.145s][info][gc,marking    ] GC(518) Concurrent Mark (11.145s)
[11.145s][info][gc,marking    ] GC(518) Concurrent Mark From Roots
[11.145s][info][gc,task       ] GC(518) Using 2 workers of 2 for marking
[11.167s][info][gc,marking    ] GC(518) Concurrent Mark From Roots 21.426ms
[11.167s][info][gc,marking    ] GC(518) Concurrent Preclean
[11.167s][info][gc,marking    ] GC(518) Concurrent Preclean 0.148ms
[11.167s][info][gc,marking    ] GC(518) Concurrent Mark (11.145s, 11.167s) 21.659ms
[11.167s][info][gc,start      ] GC(518) Pause Remark
[11.171s][info][gc,stringtable] GC(518) Cleaned string and symbol table, strings: 4343 processed, 0 removed, symbols: 36588 processed, 0 removed
[11.173s][info][gc            ] GC(518) Pause Remark 1398M->1398M(2087M) 5.999ms
[11.173s][info][gc,cpu        ] GC(518) User=0.01s Sys=0.00s Real=0.01s
[11.173s][info][gc,marking    ] GC(518) Concurrent Rebuild Remembered Sets
[11.182s][info][gc,marking    ] GC(518) Concurrent Rebuild Remembered Sets 8.680ms
[11.182s][info][gc,start      ] GC(518) Pause Cleanup
[11.183s][info][gc            ] GC(518) Pause Cleanup 1399M->1399M(2087M) 0.586ms
[11.183s][info][gc,cpu        ] GC(518) User=0.00s Sys=0.00s Real=0.00s
[11.183s][info][gc,marking    ] GC(518) Concurrent Cleanup for Next Mark
[11.186s][info][gc,marking    ] GC(518) Concurrent Cleanup for Next Mark 3.328ms
[11.186s][info][gc            ] GC(518) Concurrent Cycle 43.274ms
[11.191s][info][gc,start      ] GC(519) Pause Young (Concurrent Start) (G1 Humongous Allocation)
[11.191s][info][gc,task       ] GC(519) Using 8 workers of 8 for evacuation
[11.195s][info][gc,phases     ] GC(519)   Pre Evacuate Collection Set: 0.4ms
[11.195s][info][gc,phases     ] GC(519)   Evacuate Collection Set: 2.3ms
[11.195s][info][gc,phases     ] GC(519)   Post Evacuate Collection Set: 0.3ms
[11.195s][info][gc,phases     ] GC(519)   Other: 0.3ms
[11.195s][info][gc,heap       ] GC(519) Eden regions: 4->0(468)
[11.195s][info][gc,heap       ] GC(519) Survivor regions: 1->1(60)
[11.195s][info][gc,heap       ] GC(519) Old regions: 26->26
[11.195s][info][gc,heap       ] GC(519) Humongous regions: 1370->1370
[11.195s][info][gc,metaspace  ] GC(519) Metaspace: 9862K->9862K(1058816K)
[11.195s][info][gc            ] GC(519) Pause Young (Concurrent Start) (G1 Humongous Allocation) 1399M->1395M(2087M) 3.442ms
[11.195s][info][gc,cpu        ] GC(519) User=0.01s Sys=0.00s Real=0.00s
[11.195s][info][gc            ] GC(520) Concurrent Cycle
[11.195s][info][gc,marking    ] GC(520) Concurrent Clear Claimed Marks
[11.195s][info][gc,marking    ] GC(520) Concurrent Clear Claimed Marks 0.022ms
[11.195s][info][gc,marking    ] GC(520) Concurrent Scan Root Regions
[11.195s][info][gc,marking    ] GC(520) Concurrent Scan Root Regions 0.370ms
[11.196s][info][gc,marking    ] GC(520) Concurrent Mark (11.196s)
[11.196s][info][gc,marking    ] GC(520) Concurrent Mark From Roots
[11.196s][info][gc,task       ] GC(520) Using 2 workers of 2 for marking
[11.207s][info][gc,marking    ] GC(520) Concurrent Mark From Roots 11.586ms
[11.207s][info][gc,marking    ] GC(520) Concurrent Preclean
[11.207s][info][gc,marking    ] GC(520) Concurrent Preclean 0.282ms
[11.208s][info][gc,marking    ] GC(520) Concurrent Mark (11.196s, 11.208s) 12.020ms
[11.208s][info][gc,start      ] GC(520) Pause Remark
[11.210s][info][gc,stringtable] GC(520) Cleaned string and symbol table, strings: 4343 processed, 0 removed, symbols: 36588 processed, 0 removed
[11.211s][info][gc            ] GC(520) Pause Remark 1399M->1399M(2087M) 2.895ms
[11.211s][info][gc,cpu        ] GC(520) User=0.00s Sys=0.00s Real=0.00s
[11.211s][info][gc,marking    ] GC(520) Concurrent Rebuild Remembered Sets
[11.219s][info][gc,marking    ] GC(520) Concurrent Rebuild Remembered Sets 8.226ms
[11.220s][info][gc,start      ] GC(520) Pause Cleanup
[11.221s][info][gc            ] GC(520) Pause Cleanup 1401M->1401M(2087M) 0.441ms
[11.221s][info][gc,cpu        ] GC(520) User=0.00s Sys=0.00s Real=0.00s
[11.221s][info][gc,marking    ] GC(520) Concurrent Cleanup for Next Mark
[11.226s][info][gc,marking    ] GC(520) Concurrent Cleanup for Next Mark 3.738ms
[11.226s][info][gc            ] GC(520) Concurrent Cycle 31.515ms
[11.240s][info][gc,start      ] GC(521) Pause Young (Concurrent Start) (G1 Humongous Allocation)
[11.240s][info][gc,task       ] GC(521) Using 8 workers of 8 for evacuation
[11.243s][info][gc,phases     ] GC(521)   Pre Evacuate Collection Set: 0.6ms
[11.243s][info][gc,phases     ] GC(521)   Evacuate Collection Set: 1.3ms
[11.243s][info][gc,phases     ] GC(521)   Post Evacuate Collection Set: 0.2ms
[11.243s][info][gc,phases     ] GC(521)   Other: 0.5ms
[11.243s][info][gc,heap       ] GC(521) Eden regions: 4->0(464)
[11.243s][info][gc,heap       ] GC(521) Survivor regions: 1->1(59)
[11.243s][info][gc,heap       ] GC(521) Old regions: 26->26
[11.243s][info][gc,heap       ] GC(521) Humongous regions: 1374->1374
[11.243s][info][gc,metaspace  ] GC(521) Metaspace: 9862K->9862K(1058816K)
[11.243s][info][gc            ] GC(521) Pause Young (Concurrent Start) (G1 Humongous Allocation) 1403M->1399M(2087M) 2.829ms
[11.243s][info][gc,cpu        ] GC(521) User=0.01s Sys=0.00s Real=0.01s
[11.243s][info][gc            ] GC(522) Concurrent Cycle
[11.243s][info][gc,marking    ] GC(522) Concurrent Clear Claimed Marks
[11.243s][info][gc,marking    ] GC(522) Concurrent Clear Claimed Marks 0.021ms
[11.243s][info][gc,marking    ] GC(522) Concurrent Scan Root Regions
[11.243s][info][gc,marking    ] GC(522) Concurrent Scan Root Regions 0.172ms
[11.243s][info][gc,marking    ] GC(522) Concurrent Mark (11.243s)
[11.243s][info][gc,marking    ] GC(522) Concurrent Mark From Roots
[11.243s][info][gc,task       ] GC(522) Using 2 workers of 2 for marking
[11.253s][info][gc,marking    ] GC(522) Concurrent Mark From Roots 9.541ms
[11.253s][info][gc,marking    ] GC(522) Concurrent Preclean
[11.253s][info][gc,marking    ] GC(522) Concurrent Preclean 0.168ms
[11.253s][info][gc,marking    ] GC(522) Concurrent Mark (11.243s, 11.253s) 9.817ms
[11.253s][info][gc,start      ] GC(522) Pause Remark
[11.256s][info][gc,stringtable] GC(522) Cleaned string and symbol table, strings: 4343 processed, 0 removed, symbols: 36588 processed, 0 removed
[11.256s][info][gc            ] GC(522) Pause Remark 1403M->1403M(2087M) 2.730ms
[11.256s][info][gc,cpu        ] GC(522) User=0.01s Sys=0.00s Real=0.00s
[11.256s][info][gc,marking    ] GC(522) Concurrent Rebuild Remembered Sets
[11.265s][info][gc,marking    ] GC(522) Concurrent Rebuild Remembered Sets 9.151ms
[11.266s][info][gc,start      ] GC(522) Pause Cleanup
[11.266s][info][gc            ] GC(522) Pause Cleanup 1405M->1405M(2087M) 0.378ms
[11.266s][info][gc,cpu        ] GC(522) User=0.00s Sys=0.00s Real=0.00s
[11.266s][info][gc,marking    ] GC(522) Concurrent Cleanup for Next Mark
[11.270s][info][gc,marking    ] GC(522) Concurrent Cleanup for Next Mark 3.748ms
[11.270s][info][gc            ] GC(522) Concurrent Cycle 27.101ms
[11.286s][info][gc,start      ] GC(523) Pause Young (Concurrent Start) (G1 Humongous Allocation)
[11.286s][info][gc,task       ] GC(523) Using 8 workers of 8 for evacuation
[11.288s][info][gc,phases     ] GC(523)   Pre Evacuate Collection Set: 0.6ms
[11.288s][info][gc,phases     ] GC(523)   Evacuate Collection Set: 1.1ms
[11.288s][info][gc,phases     ] GC(523)   Post Evacuate Collection Set: 0.3ms
[11.288s][info][gc,phases     ] GC(523)   Other: 0.4ms
[11.288s][info][gc,heap       ] GC(523) Eden regions: 4->0(460)
[11.288s][info][gc,heap       ] GC(523) Survivor regions: 1->1(59)
[11.288s][info][gc,heap       ] GC(523) Old regions: 26->26
[11.288s][info][gc,heap       ] GC(523) Humongous regions: 1378->1378
[11.288s][info][gc,metaspace  ] GC(523) Metaspace: 9862K->9862K(1058816K)
[11.288s][info][gc            ] GC(523) Pause Young (Concurrent Start) (G1 Humongous Allocation) 1407M->1403M(2087M) 2.607ms
[11.288s][info][gc,cpu        ] GC(523) User=0.01s Sys=0.00s Real=0.00s
[11.288s][info][gc            ] GC(524) Concurrent Cycle
[11.288s][info][gc,marking    ] GC(524) Concurrent Clear Claimed Marks
[11.288s][info][gc,marking    ] GC(524) Concurrent Clear Claimed Marks 0.031ms
[11.288s][info][gc,marking    ] GC(524) Concurrent Scan Root Regions
[11.288s][info][gc,marking    ] GC(524) Concurrent Scan Root Regions 0.087ms
[11.288s][info][gc,marking    ] GC(524) Concurrent Mark (11.288s)
[11.288s][info][gc,marking    ] GC(524) Concurrent Mark From Roots
[11.288s][info][gc,task       ] GC(524) Using 2 workers of 2 for marking
[11.297s][info][gc,marking    ] GC(524) Concurrent Mark From Roots 8.880ms
[11.297s][info][gc,marking    ] GC(524) Concurrent Preclean
[11.298s][info][gc,marking    ] GC(524) Concurrent Preclean 0.160ms
[11.298s][info][gc,marking    ] GC(524) Concurrent Mark (11.288s, 11.298s) 9.129ms
[11.298s][info][gc,start      ] GC(524) Pause Remark
[11.299s][info][gc,stringtable] GC(524) Cleaned string and symbol table, strings: 4343 processed, 0 removed, symbols: 36588 processed, 0 removed
[11.299s][info][gc            ] GC(524) Pause Remark 1406M->1406M(2087M) 1.220ms
[11.299s][info][gc,cpu        ] GC(524) User=0.01s Sys=0.00s Real=0.00s
[11.299s][info][gc,marking    ] GC(524) Concurrent Rebuild Remembered Sets
[11.308s][info][gc,marking    ] GC(524) Concurrent Rebuild Remembered Sets 8.574ms
[11.308s][info][gc,start      ] GC(524) Pause Cleanup
[11.308s][info][gc            ] GC(524) Pause Cleanup 1407M->1407M(2087M) 0.314ms
[11.308s][info][gc,cpu        ] GC(524) User=0.00s Sys=0.00s Real=0.00s
[11.308s][info][gc,marking    ] GC(524) Concurrent Cleanup for Next Mark
[11.312s][info][gc,marking    ] GC(524) Concurrent Cleanup for Next Mark 3.667ms
[11.312s][info][gc            ] GC(524) Concurrent Cycle 23.763ms
[11.329s][info][gc,start      ] GC(525) Pause Young (Concurrent Start) (G1 Humongous Allocation)
[11.329s][info][gc,task       ] GC(525) Using 8 workers of 8 for evacuation
[11.332s][info][gc,phases     ] GC(525)   Pre Evacuate Collection Set: 0.6ms
[11.332s][info][gc,phases     ] GC(525)   Evacuate Collection Set: 1.2ms
[11.332s][info][gc,phases     ] GC(525)   Post Evacuate Collection Set: 0.2ms
[11.332s][info][gc,phases     ] GC(525)   Other: 0.4ms
[11.332s][info][gc,heap       ] GC(525) Eden regions: 4->0(456)
[11.332s][info][gc,heap       ] GC(525) Survivor regions: 1->1(58)
[11.332s][info][gc,heap       ] GC(525) Old regions: 26->26
[11.332s][info][gc,heap       ] GC(525) Humongous regions: 1382->1382
[11.332s][info][gc,metaspace  ] GC(525) Metaspace: 9862K->9862K(1058816K)
[11.332s][info][gc            ] GC(525) Pause Young (Concurrent Start) (G1 Humongous Allocation) 1411M->1407M(2087M) 2.594ms
[11.332s][info][gc,cpu        ] GC(525) User=0.00s Sys=0.00s Real=0.01s
[11.332s][info][gc            ] GC(526) Concurrent Cycle
[11.332s][info][gc,marking    ] GC(526) Concurrent Clear Claimed Marks
[11.332s][info][gc,marking    ] GC(526) Concurrent Clear Claimed Marks 0.019ms
[11.332s][info][gc,marking    ] GC(526) Concurrent Scan Root Regions
[11.332s][info][gc,marking    ] GC(526) Concurrent Scan Root Regions 0.095ms
[11.332s][info][gc,marking    ] GC(526) Concurrent Mark (11.332s)
[11.332s][info][gc,marking    ] GC(526) Concurrent Mark From Roots
[11.332s][info][gc,task       ] GC(526) Using 2 workers of 2 for marking
[11.342s][info][gc,marking    ] GC(526) Concurrent Mark From Roots 9.988ms
[11.342s][info][gc,marking    ] GC(526) Concurrent Preclean
[11.342s][info][gc,marking    ] GC(526) Concurrent Preclean 0.142ms
[11.342s][info][gc,marking    ] GC(526) Concurrent Mark (11.332s, 11.342s) 10.226ms
[11.343s][info][gc,start      ] GC(526) Pause Remark
[11.344s][info][gc,stringtable] GC(526) Cleaned string and symbol table, strings: 4343 processed, 0 removed, symbols: 36588 processed, 0 removed
[11.344s][info][gc            ] GC(526) Pause Remark 1410M->1410M(2087M) 1.735ms
[11.344s][info][gc,cpu        ] GC(526) User=0.00s Sys=0.00s Real=0.00s
[11.344s][info][gc,marking    ] GC(526) Concurrent Rebuild Remembered Sets
[11.353s][info][gc,marking    ] GC(526) Concurrent Rebuild Remembered Sets 8.760ms
[11.353s][info][gc,start      ] GC(526) Pause Cleanup
[11.354s][info][gc            ] GC(526) Pause Cleanup 1411M->1411M(2087M) 0.444ms
[11.354s][info][gc,cpu        ] GC(526) User=0.00s Sys=0.00s Real=0.00s
[11.354s][info][gc,marking    ] GC(526) Concurrent Cleanup for Next Mark
[11.357s][info][gc,marking    ] GC(526) Concurrent Cleanup for Next Mark 3.399ms
[11.357s][info][gc            ] GC(526) Concurrent Cycle 25.360ms
[11.361s][info][gc,start      ] GC(527) Pause Young (Concurrent Start) (G1 Humongous Allocation)
[11.361s][info][gc,task       ] GC(527) Using 8 workers of 8 for evacuation
[11.363s][info][gc,phases     ] GC(527)   Pre Evacuate Collection Set: 0.5ms
[11.363s][info][gc,phases     ] GC(527)   Evacuate Collection Set: 0.8ms
[11.363s][info][gc,phases     ] GC(527)   Post Evacuate Collection Set: 0.2ms
[11.363s][info][gc,phases     ] GC(527)   Other: 0.4ms
[11.363s][info][gc,heap       ] GC(527) Eden regions: 2->0(454)
[11.363s][info][gc,heap       ] GC(527) Survivor regions: 1->1(58)
[11.363s][info][gc,heap       ] GC(527) Old regions: 26->26
[11.363s][info][gc,heap       ] GC(527) Humongous regions: 1384->1384
[11.363s][info][gc,metaspace  ] GC(527) Metaspace: 9862K->9862K(1058816K)
[11.363s][info][gc            ] GC(527) Pause Young (Concurrent Start) (G1 Humongous Allocation) 1411M->1409M(2087M) 1.968ms
[11.363s][info][gc,cpu        ] GC(527) User=0.01s Sys=0.00s Real=0.01s
[11.363s][info][gc            ] GC(528) Concurrent Cycle
[11.363s][info][gc,marking    ] GC(528) Concurrent Clear Claimed Marks
[11.363s][info][gc,marking    ] GC(528) Concurrent Clear Claimed Marks 0.020ms
[11.363s][info][gc,marking    ] GC(528) Concurrent Scan Root Regions
[11.363s][info][gc,marking    ] GC(528) Concurrent Scan Root Regions 0.090ms
[11.363s][info][gc,marking    ] GC(528) Concurrent Mark (11.363s)
[11.363s][info][gc,marking    ] GC(528) Concurrent Mark From Roots
[11.363s][info][gc,task       ] GC(528) Using 2 workers of 2 for marking
[11.372s][info][gc,marking    ] GC(528) Concurrent Mark From Roots 9.132ms
[11.372s][info][gc,marking    ] GC(528) Concurrent Preclean
[11.372s][info][gc,marking    ] GC(528) Concurrent Preclean 0.136ms
[11.372s][info][gc,marking    ] GC(528) Concurrent Mark (11.363s, 11.372s) 9.364ms
[11.373s][info][gc,start      ] GC(528) Pause Remark
[11.374s][info][gc,stringtable] GC(528) Cleaned string and symbol table, strings: 4343 processed, 0 removed, symbols: 36588 processed, 0 removed
[11.374s][info][gc            ] GC(528) Pause Remark 1412M->1412M(2087M) 1.702ms
[11.374s][info][gc,cpu        ] GC(528) User=0.01s Sys=0.00s Real=0.00s
[11.374s][info][gc,marking    ] GC(528) Concurrent Rebuild Remembered Sets
[11.382s][info][gc,marking    ] GC(528) Concurrent Rebuild Remembered Sets 8.042ms
[11.382s][info][gc,start      ] GC(528) Pause Cleanup
[11.383s][info][gc            ] GC(528) Pause Cleanup 1413M->1413M(2087M) 0.326ms
[11.383s][info][gc,cpu        ] GC(528) User=0.00s Sys=0.00s Real=0.00s
[11.383s][info][gc,marking    ] GC(528) Concurrent Cleanup for Next Mark
[11.386s][info][gc,marking    ] GC(528) Concurrent Cleanup for Next Mark 3.451ms
[11.386s][info][gc            ] GC(528) Concurrent Cycle 23.524ms
[11.403s][info][gc,start      ] GC(529) Pause Young (Concurrent Start) (G1 Humongous Allocation)
[11.403s][info][gc,task       ] GC(529) Using 8 workers of 8 for evacuation
[11.405s][info][gc,phases     ] GC(529)   Pre Evacuate Collection Set: 0.5ms
[11.405s][info][gc,phases     ] GC(529)   Evacuate Collection Set: 1.1ms
[11.405s][info][gc,phases     ] GC(529)   Post Evacuate Collection Set: 0.2ms
[11.405s][info][gc,phases     ] GC(529)   Other: 0.3ms
[11.405s][info][gc,heap       ] GC(529) Eden regions: 4->0(450)
[11.406s][info][gc,heap       ] GC(529) Survivor regions: 1->1(57)
[11.406s][info][gc,heap       ] GC(529) Old regions: 26->26
[11.406s][info][gc,heap       ] GC(529) Humongous regions: 1388->1388
[11.406s][info][gc,metaspace  ] GC(529) Metaspace: 9862K->9862K(1058816K)
[11.406s][info][gc            ] GC(529) Pause Young (Concurrent Start) (G1 Humongous Allocation) 1417M->1413M(2087M) 2.424ms
[11.406s][info][gc,cpu        ] GC(529) User=0.00s Sys=0.00s Real=0.00s
[11.406s][info][gc            ] GC(530) Concurrent Cycle
[11.406s][info][gc,marking    ] GC(530) Concurrent Clear Claimed Marks
[11.406s][info][gc,marking    ] GC(530) Concurrent Clear Claimed Marks 0.032ms
[11.406s][info][gc,marking    ] GC(530) Concurrent Scan Root Regions
[11.406s][info][gc,marking    ] GC(530) Concurrent Scan Root Regions 0.145ms
[11.406s][info][gc,marking    ] GC(530) Concurrent Mark (11.406s)
[11.406s][info][gc,marking    ] GC(530) Concurrent Mark From Roots
[11.406s][info][gc,task       ] GC(530) Using 2 workers of 2 for marking
[11.415s][info][gc,marking    ] GC(530) Concurrent Mark From Roots 9.266ms
[11.415s][info][gc,marking    ] GC(530) Concurrent Preclean
[11.415s][info][gc,marking    ] GC(530) Concurrent Preclean 0.139ms
[11.415s][info][gc,marking    ] GC(530) Concurrent Mark (11.406s, 11.415s) 9.510ms
[11.416s][info][gc,start      ] GC(530) Pause Remark
[11.416s][info][gc,stringtable] GC(530) Cleaned string and symbol table, strings: 4343 processed, 0 removed, symbols: 36588 processed, 0 removed
[11.417s][info][gc            ] GC(530) Pause Remark 1417M->1417M(2087M) 1.158ms
[11.417s][info][gc,cpu        ] GC(530) User=0.00s Sys=0.00s Real=0.00s
[11.417s][info][gc,marking    ] GC(530) Concurrent Rebuild Remembered Sets
[11.426s][info][gc,marking    ] GC(530) Concurrent Rebuild Remembered Sets 8.741ms
[11.426s][info][gc,start      ] GC(530) Pause Cleanup
[11.427s][info][gc            ] GC(530) Pause Cleanup 1419M->1419M(2087M) 0.386ms
[11.427s][info][gc,cpu        ] GC(530) User=0.00s Sys=0.00s Real=0.00s
[11.427s][info][gc,marking    ] GC(530) Concurrent Cleanup for Next Mark
[11.430s][info][gc,marking    ] GC(530) Concurrent Cleanup for Next Mark 3.317ms
[11.430s][info][gc            ] GC(530) Concurrent Cycle 24.322ms
[11.444s][info][gc,start      ] GC(531) Pause Young (Concurrent Start) (G1 Humongous Allocation)
[11.444s][info][gc,task       ] GC(531) Using 8 workers of 8 for evacuation
[11.446s][info][gc,phases     ] GC(531)   Pre Evacuate Collection Set: 0.5ms
[11.447s][info][gc,phases     ] GC(531)   Evacuate Collection Set: 1.5ms
[11.447s][info][gc,phases     ] GC(531)   Post Evacuate Collection Set: 0.4ms
[11.447s][info][gc,phases     ] GC(531)   Other: 0.4ms
[11.447s][info][gc,heap       ] GC(531) Eden regions: 4->0(446)
[11.447s][info][gc,heap       ] GC(531) Survivor regions: 1->1(57)
[11.447s][info][gc,heap       ] GC(531) Old regions: 26->26
[11.447s][info][gc,heap       ] GC(531) Humongous regions: 1392->1392
[11.447s][info][gc,metaspace  ] GC(531) Metaspace: 9862K->9862K(1058816K)
[11.447s][info][gc            ] GC(531) Pause Young (Concurrent Start) (G1 Humongous Allocation) 1421M->1417M(2087M) 3.386ms
[11.447s][info][gc,cpu        ] GC(531) User=0.01s Sys=0.00s Real=0.00s
[11.447s][info][gc            ] GC(532) Concurrent Cycle
[11.447s][info][gc,marking    ] GC(532) Concurrent Clear Claimed Marks
[11.447s][info][gc,marking    ] GC(532) Concurrent Clear Claimed Marks 0.023ms
[11.447s][info][gc,marking    ] GC(532) Concurrent Scan Root Regions
[11.447s][info][gc,marking    ] GC(532) Concurrent Scan Root Regions 0.092ms
[11.447s][info][gc,marking    ] GC(532) Concurrent Mark (11.447s)
[11.447s][info][gc,marking    ] GC(532) Concurrent Mark From Roots
[11.447s][info][gc,task       ] GC(532) Using 2 workers of 2 for marking
[11.456s][info][gc,marking    ] GC(532) Concurrent Mark From Roots 9.091ms
[11.456s][info][gc,marking    ] GC(532) Concurrent Preclean
[11.457s][info][gc,marking    ] GC(532) Concurrent Preclean 0.137ms
[11.457s][info][gc,marking    ] GC(532) Concurrent Mark (11.447s, 11.457s) 9.316ms
[11.457s][info][gc,start      ] GC(532) Pause Remark
[11.458s][info][gc,stringtable] GC(532) Cleaned string and symbol table, strings: 4343 processed, 0 removed, symbols: 36588 processed, 0 removed
[11.458s][info][gc            ] GC(532) Pause Remark 1420M->1420M(2087M) 1.760ms
[11.459s][info][gc,cpu        ] GC(532) User=0.01s Sys=0.00s Real=0.00s
[11.459s][info][gc,marking    ] GC(532) Concurrent Rebuild Remembered Sets
[11.467s][info][gc,marking    ] GC(532) Concurrent Rebuild Remembered Sets 8.185ms
[11.467s][info][gc,start      ] GC(532) Pause Cleanup
[11.467s][info][gc            ] GC(532) Pause Cleanup 1421M->1421M(2087M) 0.311ms
[11.467s][info][gc,cpu        ] GC(532) User=0.00s Sys=0.00s Real=0.00s
[11.467s][info][gc,marking    ] GC(532) Concurrent Cleanup for Next Mark
[11.471s][info][gc,marking    ] GC(532) Concurrent Cleanup for Next Mark 3.172ms
[11.471s][info][gc            ] GC(532) Concurrent Cycle 23.495ms
[11.471s][info][gc,start      ] GC(533) Pause Young (Concurrent Start) (G1 Humongous Allocation)
[11.471s][info][gc,task       ] GC(533) Using 8 workers of 8 for evacuation
[11.473s][info][gc,phases     ] GC(533)   Pre Evacuate Collection Set: 0.4ms
[11.473s][info][gc,phases     ] GC(533)   Evacuate Collection Set: 0.6ms
[11.473s][info][gc,phases     ] GC(533)   Post Evacuate Collection Set: 0.1ms
[11.473s][info][gc,phases     ] GC(533)   Other: 0.3ms
[11.473s][info][gc,heap       ] GC(533) Eden regions: 2->0(445)
[11.473s][info][gc,heap       ] GC(533) Survivor regions: 1->1(56)
[11.473s][info][gc,heap       ] GC(533) Old regions: 26->26
[11.473s][info][gc,heap       ] GC(533) Humongous regions: 1394->1394
[11.473s][info][gc,metaspace  ] GC(533) Metaspace: 9862K->9862K(1058816K)
[11.473s][info][gc            ] GC(533) Pause Young (Concurrent Start) (G1 Humongous Allocation) 1421M->1419M(2087M) 1.585ms
[11.473s][info][gc,cpu        ] GC(533) User=0.01s Sys=0.00s Real=0.01s
[11.473s][info][gc            ] GC(534) Concurrent Cycle
[11.473s][info][gc,marking    ] GC(534) Concurrent Clear Claimed Marks
[11.473s][info][gc,marking    ] GC(534) Concurrent Clear Claimed Marks 0.017ms
[11.473s][info][gc,marking    ] GC(534) Concurrent Scan Root Regions
[11.473s][info][gc,marking    ] GC(534) Concurrent Scan Root Regions 0.082ms
[11.473s][info][gc,marking    ] GC(534) Concurrent Mark (11.473s)
[11.473s][info][gc,marking    ] GC(534) Concurrent Mark From Roots
[11.473s][info][gc,task       ] GC(534) Using 2 workers of 2 for marking
[11.481s][info][gc,marking    ] GC(534) Concurrent Mark From Roots 8.538ms
[11.481s][info][gc,marking    ] GC(534) Concurrent Preclean
[11.482s][info][gc,marking    ] GC(534) Concurrent Preclean 0.140ms
[11.482s][info][gc,marking    ] GC(534) Concurrent Mark (11.473s, 11.482s) 8.766ms
[11.482s][info][gc,start      ] GC(534) Pause Remark
[11.482s][info][gc,stringtable] GC(534) Cleaned string and symbol table, strings: 4343 processed, 0 removed, symbols: 36588 processed, 0 removed
[11.483s][info][gc            ] GC(534) Pause Remark 1423M->1423M(2087M) 0.876ms
[11.483s][info][gc,cpu        ] GC(534) User=0.01s Sys=0.00s Real=0.00s
[11.483s][info][gc,marking    ] GC(534) Concurrent Rebuild Remembered Sets
[11.490s][info][gc,marking    ] GC(534) Concurrent Rebuild Remembered Sets 7.533ms
[11.490s][info][gc,start      ] GC(534) Pause Cleanup
[11.491s][info][gc            ] GC(534) Pause Cleanup 1425M->1425M(2087M) 0.302ms
[11.491s][info][gc,cpu        ] GC(534) User=0.00s Sys=0.00s Real=0.00s
[11.491s][info][gc,marking    ] GC(534) Concurrent Cleanup for Next Mark
[11.494s][info][gc,marking    ] GC(534) Concurrent Cleanup for Next Mark 3.368ms
[11.494s][info][gc            ] GC(534) Concurrent Cycle 21.426ms
[11.505s][info][gc,start      ] GC(535) Pause Young (Concurrent Start) (G1 Humongous Allocation)
[11.505s][info][gc,task       ] GC(535) Using 8 workers of 8 for evacuation
[11.507s][info][gc,phases     ] GC(535)   Pre Evacuate Collection Set: 0.5ms
[11.507s][info][gc,phases     ] GC(535)   Evacuate Collection Set: 1.6ms
[11.507s][info][gc,phases     ] GC(535)   Post Evacuate Collection Set: 0.2ms
[11.507s][info][gc,phases     ] GC(535)   Other: 0.4ms
[11.507s][info][gc,heap       ] GC(535) Eden regions: 4->0(441)
[11.507s][info][gc,heap       ] GC(535) Survivor regions: 1->1(56)
[11.507s][info][gc,heap       ] GC(535) Old regions: 26->26
[11.507s][info][gc,heap       ] GC(535) Humongous regions: 1398->1398
[11.507s][info][gc,metaspace  ] GC(535) Metaspace: 9862K->9862K(1058816K)
[11.507s][info][gc            ] GC(535) Pause Young (Concurrent Start) (G1 Humongous Allocation) 1427M->1423M(2087M) 2.892ms
[11.508s][info][gc,cpu        ] GC(535) User=0.00s Sys=0.00s Real=0.00s
[11.508s][info][gc            ] GC(536) Concurrent Cycle
[11.508s][info][gc,marking    ] GC(536) Concurrent Clear Claimed Marks
[11.508s][info][gc,marking    ] GC(536) Concurrent Clear Claimed Marks 0.019ms
[11.508s][info][gc,marking    ] GC(536) Concurrent Scan Root Regions
[11.508s][info][gc,marking    ] GC(536) Concurrent Scan Root Regions 0.088ms
[11.508s][info][gc,marking    ] GC(536) Concurrent Mark (11.508s)
[11.508s][info][gc,marking    ] GC(536) Concurrent Mark From Roots
[11.508s][info][gc,task       ] GC(536) Using 2 workers of 2 for marking
[11.515s][info][gc,marking    ] GC(536) Concurrent Mark From Roots 7.527ms
[11.515s][info][gc,marking    ] GC(536) Concurrent Preclean
[11.515s][info][gc,marking    ] GC(536) Concurrent Preclean 0.090ms
[11.515s][info][gc,marking    ] GC(536) Concurrent Mark (11.508s, 11.515s) 7.680ms
[11.515s][info][gc,start      ] GC(536) Pause Remark
[11.517s][info][gc,stringtable] GC(536) Cleaned string and symbol table, strings: 4343 processed, 0 removed, symbols: 36588 processed, 0 removed
[11.517s][info][gc            ] GC(536) Pause Remark 1427M->1427M(2087M) 1.883ms
[11.517s][info][gc,cpu        ] GC(536) User=0.01s Sys=0.00s Real=0.00s
[11.517s][info][gc,marking    ] GC(536) Concurrent Rebuild Remembered Sets
[11.525s][info][gc,marking    ] GC(536) Concurrent Rebuild Remembered Sets 7.121ms
[11.525s][info][gc,start      ] GC(536) Pause Cleanup
[11.525s][info][gc            ] GC(536) Pause Cleanup 1429M->1429M(2087M) 0.343ms
[11.525s][info][gc,cpu        ] GC(536) User=0.00s Sys=0.00s Real=0.00s
[11.525s][info][gc,marking    ] GC(536) Concurrent Cleanup for Next Mark
[11.528s][info][gc,marking    ] GC(536) Concurrent Cleanup for Next Mark 3.075ms
[11.528s][info][gc            ] GC(536) Concurrent Cycle 20.899ms
[11.536s][info][gc,start      ] GC(537) Pause Young (Concurrent Start) (G1 Humongous Allocation)
[11.536s][info][gc,task       ] GC(537) Using 8 workers of 8 for evacuation
[11.538s][info][gc,phases     ] GC(537)   Pre Evacuate Collection Set: 0.5ms
[11.538s][info][gc,phases     ] GC(537)   Evacuate Collection Set: 1.1ms
[11.538s][info][gc,phases     ] GC(537)   Post Evacuate Collection Set: 0.2ms
[11.538s][info][gc,phases     ] GC(537)   Other: 0.4ms
[11.538s][info][gc,heap       ] GC(537) Eden regions: 4->0(437)
[11.539s][info][gc,heap       ] GC(537) Survivor regions: 1->1(56)
[11.539s][info][gc,heap       ] GC(537) Old regions: 26->26
[11.539s][info][gc,heap       ] GC(537) Humongous regions: 1402->1402
[11.539s][info][gc,metaspace  ] GC(537) Metaspace: 9862K->9862K(1058816K)
[11.539s][info][gc            ] GC(537) Pause Young (Concurrent Start) (G1 Humongous Allocation) 1431M->1427M(2087M) 2.336ms
[11.539s][info][gc,cpu        ] GC(537) User=0.01s Sys=0.00s Real=0.00s
[11.539s][info][gc            ] GC(538) Concurrent Cycle
[11.539s][info][gc,marking    ] GC(538) Concurrent Clear Claimed Marks
[11.539s][info][gc,marking    ] GC(538) Concurrent Clear Claimed Marks 0.011ms
[11.539s][info][gc,marking    ] GC(538) Concurrent Scan Root Regions
[11.539s][info][gc,marking    ] GC(538) Concurrent Scan Root Regions 0.058ms
[11.539s][info][gc,marking    ] GC(538) Concurrent Mark (11.539s)
[11.539s][info][gc,marking    ] GC(538) Concurrent Mark From Roots
[11.539s][info][gc,task       ] GC(538) Using 2 workers of 2 for marking
[11.545s][info][gc,marking    ] GC(538) Concurrent Mark From Roots 6.240ms
[11.545s][info][gc,marking    ] GC(538) Concurrent Preclean
[11.545s][info][gc,marking    ] GC(538) Concurrent Preclean 0.086ms
[11.545s][info][gc,marking    ] GC(538) Concurrent Mark (11.539s, 11.545s) 6.383ms
[11.545s][info][gc,start      ] GC(538) Pause Remark
[11.546s][info][gc,stringtable] GC(538) Cleaned string and symbol table, strings: 4343 processed, 0 removed, symbols: 36588 processed, 0 removed
[11.547s][info][gc            ] GC(538) Pause Remark 1430M->1430M(2087M) 1.663ms
[11.547s][info][gc,cpu        ] GC(538) User=0.01s Sys=0.00s Real=0.00s
[11.547s][info][gc,marking    ] GC(538) Concurrent Rebuild Remembered Sets
[11.553s][info][gc,marking    ] GC(538) Concurrent Rebuild Remembered Sets 5.810ms
[11.553s][info][gc,start      ] GC(538) Pause Cleanup
[11.553s][info][gc            ] GC(538) Pause Cleanup 1431M->1431M(2087M) 0.241ms
[11.553s][info][gc,cpu        ] GC(538) User=0.00s Sys=0.00s Real=0.00s
[11.553s][info][gc,marking    ] GC(538) Concurrent Cleanup for Next Mark
[11.556s][info][gc,marking    ] GC(538) Concurrent Cleanup for Next Mark 3.004ms
[11.556s][info][gc            ] GC(538) Concurrent Cycle 17.592ms
[11.567s][info][gc,start      ] GC(539) Pause Young (Concurrent Start) (G1 Humongous Allocation)
[11.567s][info][gc,task       ] GC(539) Using 8 workers of 8 for evacuation
[11.569s][info][gc,phases     ] GC(539)   Pre Evacuate Collection Set: 0.4ms
[11.569s][info][gc,phases     ] GC(539)   Evacuate Collection Set: 1.1ms
[11.569s][info][gc,phases     ] GC(539)   Post Evacuate Collection Set: 0.2ms
[11.569s][info][gc,phases     ] GC(539)   Other: 0.3ms
[11.569s][info][gc,heap       ] GC(539) Eden regions: 4->0(433)
[11.569s][info][gc,heap       ] GC(539) Survivor regions: 1->1(55)
[11.569s][info][gc,heap       ] GC(539) Old regions: 26->26
[11.569s][info][gc,heap       ] GC(539) Humongous regions: 1406->1406
[11.569s][info][gc,metaspace  ] GC(539) Metaspace: 9862K->9862K(1058816K)
[11.569s][info][gc            ] GC(539) Pause Young (Concurrent Start) (G1 Humongous Allocation) 1435M->1431M(2087M) 2.086ms
[11.569s][info][gc,cpu        ] GC(539) User=0.00s Sys=0.00s Real=0.00s
[11.569s][info][gc            ] GC(540) Concurrent Cycle
[11.569s][info][gc,marking    ] GC(540) Concurrent Clear Claimed Marks
[11.569s][info][gc,marking    ] GC(540) Concurrent Clear Claimed Marks 0.034ms
[11.569s][info][gc,marking    ] GC(540) Concurrent Scan Root Regions
[11.569s][info][gc,marking    ] GC(540) Concurrent Scan Root Regions 0.078ms
[11.569s][info][gc,marking    ] GC(540) Concurrent Mark (11.569s)
[11.569s][info][gc,marking    ] GC(540) Concurrent Mark From Roots
[11.569s][info][gc,task       ] GC(540) Using 2 workers of 2 for marking
[11.576s][info][gc,marking    ] GC(540) Concurrent Mark From Roots 7.033ms
[11.576s][info][gc,marking    ] GC(540) Concurrent Preclean
[11.577s][info][gc,marking    ] GC(540) Concurrent Preclean 0.098ms
[11.577s][info][gc,marking    ] GC(540) Concurrent Mark (11.569s, 11.577s) 7.204ms
[11.577s][info][gc,start      ] GC(540) Pause Remark
[11.578s][info][gc,stringtable] GC(540) Cleaned string and symbol table, strings: 4343 processed, 0 removed, symbols: 36588 processed, 0 removed
[11.578s][info][gc            ] GC(540) Pause Remark 1435M->1435M(2087M) 1.749ms
[11.578s][info][gc,cpu        ] GC(540) User=0.01s Sys=0.00s Real=0.00s
[11.578s][info][gc,marking    ] GC(540) Concurrent Rebuild Remembered Sets
[11.585s][info][gc,marking    ] GC(540) Concurrent Rebuild Remembered Sets 6.993ms
[11.586s][info][gc,start      ] GC(540) Pause Cleanup
[11.587s][info][gc            ] GC(540) Pause Cleanup 1437M->1437M(2087M) 0.298ms
[11.587s][info][gc,cpu        ] GC(540) User=0.00s Sys=0.00s Real=0.00s
[11.587s][info][gc,marking    ] GC(540) Concurrent Cleanup for Next Mark
[11.589s][info][gc,marking    ] GC(540) Concurrent Cleanup for Next Mark 2.895ms
[11.590s][info][gc            ] GC(540) Concurrent Cycle 20.347ms
[11.599s][info][gc,start      ] GC(541) Pause Young (Concurrent Start) (G1 Humongous Allocation)
[11.599s][info][gc,task       ] GC(541) Using 8 workers of 8 for evacuation
[11.601s][info][gc,phases     ] GC(541)   Pre Evacuate Collection Set: 0.4ms
[11.601s][info][gc,phases     ] GC(541)   Evacuate Collection Set: 1.1ms
[11.601s][info][gc,phases     ] GC(541)   Post Evacuate Collection Set: 0.1ms
[11.601s][info][gc,phases     ] GC(541)   Other: 0.3ms
[11.601s][info][gc,heap       ] GC(541) Eden regions: 4->0(429)
[11.601s][info][gc,heap       ] GC(541) Survivor regions: 1->1(55)
[11.601s][info][gc,heap       ] GC(541) Old regions: 26->26
[11.602s][info][gc,heap       ] GC(541) Humongous regions: 1410->1410
[11.602s][info][gc,metaspace  ] GC(541) Metaspace: 9862K->9862K(1058816K)
[11.602s][info][gc            ] GC(541) Pause Young (Concurrent Start) (G1 Humongous Allocation) 1439M->1435M(2087M) 2.092ms
[11.602s][info][gc,cpu        ] GC(541) User=0.01s Sys=0.00s Real=0.01s
[11.602s][info][gc            ] GC(542) Concurrent Cycle
[11.602s][info][gc,marking    ] GC(542) Concurrent Clear Claimed Marks
[11.602s][info][gc,marking    ] GC(542) Concurrent Clear Claimed Marks 0.016ms
[11.602s][info][gc,marking    ] GC(542) Concurrent Scan Root Regions
[11.602s][info][gc,marking    ] GC(542) Concurrent Scan Root Regions 0.076ms
[11.602s][info][gc,marking    ] GC(542) Concurrent Mark (11.602s)
[11.602s][info][gc,marking    ] GC(542) Concurrent Mark From Roots
[11.602s][info][gc,task       ] GC(542) Using 2 workers of 2 for marking
[11.609s][info][gc,marking    ] GC(542) Concurrent Mark From Roots 7.072ms
[11.609s][info][gc,marking    ] GC(542) Concurrent Preclean
[11.609s][info][gc,marking    ] GC(542) Concurrent Preclean 0.137ms
[11.609s][info][gc,marking    ] GC(542) Concurrent Mark (11.602s, 11.609s) 7.302ms
[11.609s][info][gc,start      ] GC(542) Pause Remark
[11.611s][info][gc,stringtable] GC(542) Cleaned string and symbol table, strings: 4343 processed, 0 removed, symbols: 36588 processed, 0 removed
[11.611s][info][gc            ] GC(542) Pause Remark 1438M->1438M(2087M) 1.705ms
[11.611s][info][gc,cpu        ] GC(542) User=0.01s Sys=0.00s Real=0.00s
[11.611s][info][gc,marking    ] GC(542) Concurrent Rebuild Remembered Sets
[11.617s][info][gc,marking    ] GC(542) Concurrent Rebuild Remembered Sets 6.090ms
[11.618s][info][gc,start      ] GC(542) Pause Cleanup
[11.618s][info][gc            ] GC(542) Pause Cleanup 1441M->1441M(2087M) 0.263ms
[11.618s][info][gc,cpu        ] GC(542) User=0.00s Sys=0.00s Real=0.00s
[11.618s][info][gc,marking    ] GC(542) Concurrent Cleanup for Next Mark
[11.621s][info][gc,marking    ] GC(542) Concurrent Cleanup for Next Mark 2.763ms
[11.621s][info][gc            ] GC(542) Concurrent Cycle 19.172ms
[11.628s][info][gc,start      ] GC(543) Pause Young (Concurrent Start) (G1 Humongous Allocation)
[11.628s][info][gc,task       ] GC(543) Using 8 workers of 8 for evacuation
[11.629s][info][gc,phases     ] GC(543)   Pre Evacuate Collection Set: 0.3ms
[11.629s][info][gc,phases     ] GC(543)   Evacuate Collection Set: 0.9ms
[11.629s][info][gc,phases     ] GC(543)   Post Evacuate Collection Set: 0.1ms
[11.629s][info][gc,phases     ] GC(543)   Other: 0.2ms
[11.629s][info][gc,heap       ] GC(543) Eden regions: 4->0(425)
[11.629s][info][gc,heap       ] GC(543) Survivor regions: 1->1(54)
[11.629s][info][gc,heap       ] GC(543) Old regions: 26->26
[11.629s][info][gc,heap       ] GC(543) Humongous regions: 1414->1414
[11.629s][info][gc,metaspace  ] GC(543) Metaspace: 9862K->9862K(1058816K)
[11.629s][info][gc            ] GC(543) Pause Young (Concurrent Start) (G1 Humongous Allocation) 1443M->1439M(2087M) 1.701ms
[11.630s][info][gc,cpu        ] GC(543) User=0.00s Sys=0.00s Real=0.00s
[11.630s][info][gc            ] GC(544) Concurrent Cycle
[11.630s][info][gc,marking    ] GC(544) Concurrent Clear Claimed Marks
[11.630s][info][gc,marking    ] GC(544) Concurrent Clear Claimed Marks 0.041ms
[11.630s][info][gc,marking    ] GC(544) Concurrent Scan Root Regions
[11.630s][info][gc,marking    ] GC(544) Concurrent Scan Root Regions 0.065ms
[11.630s][info][gc,marking    ] GC(544) Concurrent Mark (11.630s)
[11.630s][info][gc,marking    ] GC(544) Concurrent Mark From Roots
[11.630s][info][gc,task       ] GC(544) Using 2 workers of 2 for marking
[11.637s][info][gc,marking    ] GC(544) Concurrent Mark From Roots 6.915ms
[11.637s][info][gc,marking    ] GC(544) Concurrent Preclean
[11.637s][info][gc,marking    ] GC(544) Concurrent Preclean 0.085ms
[11.637s][info][gc,marking    ] GC(544) Concurrent Mark (11.630s, 11.637s) 7.061ms
[11.637s][info][gc,start      ] GC(544) Pause Remark
[11.638s][info][gc,stringtable] GC(544) Cleaned string and symbol table, strings: 4343 processed, 0 removed, symbols: 36588 processed, 0 removed
[11.639s][info][gc            ] GC(544) Pause Remark 1443M->1443M(2087M) 1.838ms
[11.639s][info][gc,cpu        ] GC(544) User=0.01s Sys=0.01s Real=0.00s
[11.639s][info][gc,marking    ] GC(544) Concurrent Rebuild Remembered Sets
[11.647s][info][gc,marking    ] GC(544) Concurrent Rebuild Remembered Sets 8.025ms
[11.647s][info][gc,start      ] GC(544) Pause Cleanup
[11.647s][info][gc            ] GC(544) Pause Cleanup 1446M->1446M(2087M) 0.315ms
[11.647s][info][gc,cpu        ] GC(544) User=0.00s Sys=0.00s Real=0.00s
[11.647s][info][gc,marking    ] GC(544) Concurrent Cleanup for Next Mark
[11.651s][info][gc,marking    ] GC(544) Concurrent Cleanup for Next Mark 3.123ms
[11.651s][info][gc            ] GC(544) Concurrent Cycle 21.052ms
[11.659s][info][gc,start      ] GC(545) Pause Young (Concurrent Start) (G1 Humongous Allocation)
[11.659s][info][gc,task       ] GC(545) Using 8 workers of 8 for evacuation
[11.661s][info][gc,phases     ] GC(545)   Pre Evacuate Collection Set: 0.3ms
[11.661s][info][gc,phases     ] GC(545)   Evacuate Collection Set: 1.0ms
[11.661s][info][gc,phases     ] GC(545)   Post Evacuate Collection Set: 0.2ms
[11.661s][info][gc,phases     ] GC(545)   Other: 0.2ms
[11.661s][info][gc,heap       ] GC(545) Eden regions: 4->0(422)
[11.661s][info][gc,heap       ] GC(545) Survivor regions: 1->1(54)
[11.661s][info][gc,heap       ] GC(545) Old regions: 26->26
[11.661s][info][gc,heap       ] GC(545) Humongous regions: 1418->1418
[11.661s][info][gc,metaspace  ] GC(545) Metaspace: 9862K->9862K(1058816K)
[11.661s][info][gc            ] GC(545) Pause Young (Concurrent Start) (G1 Humongous Allocation) 1447M->1443M(2087M) 1.902ms
[11.661s][info][gc,cpu        ] GC(545) User=0.01s Sys=0.00s Real=0.00s
[11.661s][info][gc            ] GC(546) Concurrent Cycle
[11.661s][info][gc,marking    ] GC(546) Concurrent Clear Claimed Marks
[11.661s][info][gc,marking    ] GC(546) Concurrent Clear Claimed Marks 0.020ms
[11.661s][info][gc,marking    ] GC(546) Concurrent Scan Root Regions
[11.661s][info][gc,marking    ] GC(546) Concurrent Scan Root Regions 0.145ms
[11.661s][info][gc,marking    ] GC(546) Concurrent Mark (11.661s)
[11.661s][info][gc,marking    ] GC(546) Concurrent Mark From Roots
[11.661s][info][gc,task       ] GC(546) Using 2 workers of 2 for marking
[11.667s][info][gc,marking    ] GC(546) Concurrent Mark From Roots 5.813ms
[11.667s][info][gc,marking    ] GC(546) Concurrent Preclean
[11.667s][info][gc,marking    ] GC(546) Concurrent Preclean 0.084ms
[11.667s][info][gc,marking    ] GC(546) Concurrent Mark (11.661s, 11.667s) 5.960ms
[11.667s][info][gc,start      ] GC(546) Pause Remark
[11.668s][info][gc,stringtable] GC(546) Cleaned string and symbol table, strings: 4343 processed, 0 removed, symbols: 36588 processed, 0 removed
[11.669s][info][gc            ] GC(546) Pause Remark 1446M->1446M(2087M) 1.619ms
[11.669s][info][gc,cpu        ] GC(546) User=0.01s Sys=0.00s Real=0.00s
[11.669s][info][gc,marking    ] GC(546) Concurrent Rebuild Remembered Sets
[11.674s][info][gc,marking    ] GC(546) Concurrent Rebuild Remembered Sets 5.301ms
[11.674s][info][gc,start      ] GC(546) Pause Cleanup
[11.674s][info][gc            ] GC(546) Pause Cleanup 1447M->1447M(2087M) 0.233ms
[11.674s][info][gc,cpu        ] GC(546) User=0.00s Sys=0.00s Real=0.00s
[11.674s][info][gc,marking    ] GC(546) Concurrent Cleanup for Next Mark
[11.678s][info][gc,marking    ] GC(546) Concurrent Cleanup for Next Mark 3.070ms
[11.678s][info][gc            ] GC(546) Concurrent Cycle 16.806ms
[11.688s][info][gc,start      ] GC(547) Pause Young (Concurrent Start) (G1 Humongous Allocation)
[11.688s][info][gc,task       ] GC(547) Using 8 workers of 8 for evacuation
[11.689s][info][gc,phases     ] GC(547)   Pre Evacuate Collection Set: 0.4ms
[11.689s][info][gc,phases     ] GC(547)   Evacuate Collection Set: 1.0ms
[11.689s][info][gc,phases     ] GC(547)   Post Evacuate Collection Set: 0.1ms
[11.689s][info][gc,phases     ] GC(547)   Other: 0.2ms
[11.689s][info][gc,heap       ] GC(547) Eden regions: 4->0(418)
[11.689s][info][gc,heap       ] GC(547) Survivor regions: 1->1(53)
[11.689s][info][gc,heap       ] GC(547) Old regions: 26->26
[11.689s][info][gc,heap       ] GC(547) Humongous regions: 1422->1422
[11.689s][info][gc,metaspace  ] GC(547) Metaspace: 9862K->9862K(1058816K)
[11.690s][info][gc            ] GC(547) Pause Young (Concurrent Start) (G1 Humongous Allocation) 1451M->1447M(2087M) 1.835ms
[11.690s][info][gc,cpu        ] GC(547) User=0.00s Sys=0.00s Real=0.00s
[11.690s][info][gc            ] GC(548) Concurrent Cycle
[11.690s][info][gc,marking    ] GC(548) Concurrent Clear Claimed Marks
[11.690s][info][gc,marking    ] GC(548) Concurrent Clear Claimed Marks 0.017ms
[11.690s][info][gc,marking    ] GC(548) Concurrent Scan Root Regions
[11.690s][info][gc,marking    ] GC(548) Concurrent Scan Root Regions 0.064ms
[11.690s][info][gc,marking    ] GC(548) Concurrent Mark (11.690s)
[11.690s][info][gc,marking    ] GC(548) Concurrent Mark From Roots
[11.690s][info][gc,task       ] GC(548) Using 2 workers of 2 for marking
[11.697s][info][gc,marking    ] GC(548) Concurrent Mark From Roots 6.822ms
[11.697s][info][gc,marking    ] GC(548) Concurrent Preclean
[11.697s][info][gc,marking    ] GC(548) Concurrent Preclean 0.087ms
[11.697s][info][gc,marking    ] GC(548) Concurrent Mark (11.690s, 11.697s) 6.975ms
[11.697s][info][gc,start      ] GC(548) Pause Remark
[11.698s][info][gc,stringtable] GC(548) Cleaned string and symbol table, strings: 4343 processed, 0 removed, symbols: 36588 processed, 0 removed
[11.699s][info][gc            ] GC(548) Pause Remark 1451M->1451M(2087M) 1.724ms
[11.699s][info][gc,cpu        ] GC(548) User=0.01s Sys=0.00s Real=0.00s
[11.699s][info][gc,marking    ] GC(548) Concurrent Rebuild Remembered Sets
[11.705s][info][gc,marking    ] GC(548) Concurrent Rebuild Remembered Sets 6.084ms
[11.705s][info][gc,start      ] GC(548) Pause Cleanup
[11.705s][info][gc            ] GC(548) Pause Cleanup 1453M->1453M(2087M) 0.276ms
[11.705s][info][gc,cpu        ] GC(548) User=0.00s Sys=0.00s Real=0.00s
[11.705s][info][gc,marking    ] GC(548) Concurrent Cleanup for Next Mark
[11.708s][info][gc,marking    ] GC(548) Concurrent Cleanup for Next Mark 3.015ms
[11.708s][info][gc            ] GC(548) Concurrent Cycle 18.632ms
[11.715s][info][gc,start      ] GC(549) Pause Young (Concurrent Start) (G1 Humongous Allocation)
[11.715s][info][gc,task       ] GC(549) Using 8 workers of 8 for evacuation
[11.717s][info][gc,phases     ] GC(549)   Pre Evacuate Collection Set: 0.4ms
[11.717s][info][gc,phases     ] GC(549)   Evacuate Collection Set: 1.2ms
[11.717s][info][gc,phases     ] GC(549)   Post Evacuate Collection Set: 0.2ms
[11.717s][info][gc,phases     ] GC(549)   Other: 0.3ms
[11.717s][info][gc,heap       ] GC(549) Eden regions: 4->0(414)
[11.717s][info][gc,heap       ] GC(549) Survivor regions: 1->1(53)
[11.717s][info][gc,heap       ] GC(549) Old regions: 26->26
[11.717s][info][gc,heap       ] GC(549) Humongous regions: 1426->1426
[11.717s][info][gc,metaspace  ] GC(549) Metaspace: 9862K->9862K(1058816K)
[11.717s][info][gc            ] GC(549) Pause Young (Concurrent Start) (G1 Humongous Allocation) 1455M->1451M(2087M) 2.090ms
[11.717s][info][gc,cpu        ] GC(549) User=0.00s Sys=0.00s Real=0.00s
[11.717s][info][gc            ] GC(550) Concurrent Cycle
[11.717s][info][gc,marking    ] GC(550) Concurrent Clear Claimed Marks
[11.717s][info][gc,marking    ] GC(550) Concurrent Clear Claimed Marks 0.021ms
[11.717s][info][gc,marking    ] GC(550) Concurrent Scan Root Regions
[11.718s][info][gc,marking    ] GC(550) Concurrent Scan Root Regions 0.099ms
[11.718s][info][gc,marking    ] GC(550) Concurrent Mark (11.718s)
[11.718s][info][gc,marking    ] GC(550) Concurrent Mark From Roots
[11.718s][info][gc,task       ] GC(550) Using 2 workers of 2 for marking
[11.724s][info][gc,marking    ] GC(550) Concurrent Mark From Roots 6.466ms
[11.724s][info][gc,marking    ] GC(550) Concurrent Preclean
[11.724s][info][gc,marking    ] GC(550) Concurrent Preclean 0.087ms
[11.724s][info][gc,marking    ] GC(550) Concurrent Mark (11.718s, 11.724s) 6.620ms
[11.724s][info][gc,start      ] GC(550) Pause Remark
[11.726s][info][gc,stringtable] GC(550) Cleaned string and symbol table, strings: 4343 processed, 0 removed, symbols: 36588 processed, 0 removed
[11.726s][info][gc            ] GC(550) Pause Remark 1454M->1454M(2087M) 1.806ms
[11.726s][info][gc,cpu        ] GC(550) User=0.01s Sys=0.00s Real=0.00s
[11.726s][info][gc,marking    ] GC(550) Concurrent Rebuild Remembered Sets
[11.733s][info][gc,marking    ] GC(550) Concurrent Rebuild Remembered Sets 6.318ms
[11.733s][info][gc,start      ] GC(550) Pause Cleanup
[11.733s][info][gc            ] GC(550) Pause Cleanup 1457M->1457M(2087M) 0.263ms
[11.733s][info][gc,cpu        ] GC(550) User=0.00s Sys=0.00s Real=0.00s
[11.733s][info][gc,marking    ] GC(550) Concurrent Cleanup for Next Mark
[11.736s][info][gc,marking    ] GC(550) Concurrent Cleanup for Next Mark 2.918ms
[11.736s][info][gc            ] GC(550) Concurrent Cycle 18.544ms
[11.744s][info][gc,start      ] GC(551) Pause Young (Concurrent Start) (G1 Humongous Allocation)
[11.744s][info][gc,task       ] GC(551) Using 8 workers of 8 for evacuation
[11.746s][info][gc,phases     ] GC(551)   Pre Evacuate Collection Set: 0.4ms
[11.746s][info][gc,phases     ] GC(551)   Evacuate Collection Set: 1.2ms
[11.746s][info][gc,phases     ] GC(551)   Post Evacuate Collection Set: 0.1ms
[11.746s][info][gc,phases     ] GC(551)   Other: 0.2ms
[11.746s][info][gc,heap       ] GC(551) Eden regions: 4->0(410)
[11.746s][info][gc,heap       ] GC(551) Survivor regions: 1->1(52)
[11.746s][info][gc,heap       ] GC(551) Old regions: 26->26
[11.746s][info][gc,heap       ] GC(551) Humongous regions: 1430->1430
[11.746s][info][gc,metaspace  ] GC(551) Metaspace: 9862K->9862K(1058816K)
[11.746s][info][gc            ] GC(551) Pause Young (Concurrent Start) (G1 Humongous Allocation) 1459M->1455M(2087M) 1.985ms
[11.746s][info][gc,cpu        ] GC(551) User=0.01s Sys=0.00s Real=0.00s
[11.746s][info][gc            ] GC(552) Concurrent Cycle
[11.746s][info][gc,marking    ] GC(552) Concurrent Clear Claimed Marks
[11.746s][info][gc,marking    ] GC(552) Concurrent Clear Claimed Marks 0.011ms
[11.746s][info][gc,marking    ] GC(552) Concurrent Scan Root Regions
[11.746s][info][gc,marking    ] GC(552) Concurrent Scan Root Regions 0.054ms
[11.746s][info][gc,marking    ] GC(552) Concurrent Mark (11.746s)
[11.746s][info][gc,marking    ] GC(552) Concurrent Mark From Roots
[11.746s][info][gc,task       ] GC(552) Using 2 workers of 2 for marking
[11.753s][info][gc,marking    ] GC(552) Concurrent Mark From Roots 6.760ms
[11.753s][info][gc,marking    ] GC(552) Concurrent Preclean
[11.753s][info][gc,marking    ] GC(552) Concurrent Preclean 0.137ms
[11.753s][info][gc,marking    ] GC(552) Concurrent Mark (11.746s, 11.753s) 6.973ms
[11.753s][info][gc,start      ] GC(552) Pause Remark
[11.754s][info][gc,stringtable] GC(552) Cleaned string and symbol table, strings: 4343 processed, 0 removed, symbols: 36588 processed, 0 removed
[11.755s][info][gc            ] GC(552) Pause Remark 1459M->1459M(2087M) 1.901ms
[11.755s][info][gc,cpu        ] GC(552) User=0.01s Sys=0.00s Real=0.00s
[11.755s][info][gc,marking    ] GC(552) Concurrent Rebuild Remembered Sets
[11.761s][info][gc,marking    ] GC(552) Concurrent Rebuild Remembered Sets 5.939ms
[11.761s][info][gc,start      ] GC(552) Pause Cleanup
[11.761s][info][gc            ] GC(552) Pause Cleanup 1462M->1462M(2087M) 0.252ms
[11.761s][info][gc,cpu        ] GC(552) User=0.00s Sys=0.00s Real=0.00s
[11.761s][info][gc,marking    ] GC(552) Concurrent Cleanup for Next Mark
[11.764s][info][gc,marking    ] GC(552) Concurrent Cleanup for Next Mark 2.772ms
[11.764s][info][gc            ] GC(552) Concurrent Cycle 18.292ms
[11.771s][info][gc,start      ] GC(553) Pause Young (Concurrent Start) (G1 Humongous Allocation)
[11.771s][info][gc,task       ] GC(553) Using 8 workers of 8 for evacuation
[11.773s][info][gc,phases     ] GC(553)   Pre Evacuate Collection Set: 0.4ms
[11.773s][info][gc,phases     ] GC(553)   Evacuate Collection Set: 1.0ms
[11.773s][info][gc,phases     ] GC(553)   Post Evacuate Collection Set: 0.1ms
[11.773s][info][gc,phases     ] GC(553)   Other: 0.3ms
[11.773s][info][gc,heap       ] GC(553) Eden regions: 4->0(406)
[11.773s][info][gc,heap       ] GC(553) Survivor regions: 1->1(52)
[11.773s][info][gc,heap       ] GC(553) Old regions: 26->26
[11.773s][info][gc,heap       ] GC(553) Humongous regions: 1434->1434
[11.773s][info][gc,metaspace  ] GC(553) Metaspace: 9862K->9862K(1058816K)
[11.773s][info][gc            ] GC(553) Pause Young (Concurrent Start) (G1 Humongous Allocation) 1463M->1459M(2087M) 1.908ms
[11.773s][info][gc,cpu        ] GC(553) User=0.01s Sys=0.00s Real=0.01s
[11.773s][info][gc            ] GC(554) Concurrent Cycle
[11.773s][info][gc,marking    ] GC(554) Concurrent Clear Claimed Marks
[11.773s][info][gc,marking    ] GC(554) Concurrent Clear Claimed Marks 0.016ms
[11.773s][info][gc,marking    ] GC(554) Concurrent Scan Root Regions
[11.773s][info][gc,marking    ] GC(554) Concurrent Scan Root Regions 0.081ms
[11.773s][info][gc,marking    ] GC(554) Concurrent Mark (11.773s)
[11.773s][info][gc,marking    ] GC(554) Concurrent Mark From Roots
[11.773s][info][gc,task       ] GC(554) Using 2 workers of 2 for marking
[11.779s][info][gc,marking    ] GC(554) Concurrent Mark From Roots 6.042ms
[11.779s][info][gc,marking    ] GC(554) Concurrent Preclean
[11.779s][info][gc,marking    ] GC(554) Concurrent Preclean 0.077ms
[11.779s][info][gc,marking    ] GC(554) Concurrent Mark (11.773s, 11.779s) 6.187ms
[11.779s][info][gc,start      ] GC(554) Pause Remark
[11.780s][info][gc,stringtable] GC(554) Cleaned string and symbol table, strings: 4343 processed, 0 removed, symbols: 36588 processed, 0 removed
[11.781s][info][gc            ] GC(554) Pause Remark 1463M->1463M(2087M) 1.528ms
[11.781s][info][gc,cpu        ] GC(554) User=0.00s Sys=0.00s Real=0.00s
[11.781s][info][gc,marking    ] GC(554) Concurrent Rebuild Remembered Sets
[11.787s][info][gc,marking    ] GC(554) Concurrent Rebuild Remembered Sets 6.151ms
[11.787s][info][gc,start      ] GC(554) Pause Cleanup
[11.787s][info][gc            ] GC(554) Pause Cleanup 1465M->1465M(2087M) 0.248ms
[11.787s][info][gc,cpu        ] GC(554) User=0.00s Sys=0.00s Real=0.00s
[11.787s][info][gc,marking    ] GC(554) Concurrent Cleanup for Next Mark
[11.790s][info][gc,marking    ] GC(554) Concurrent Cleanup for Next Mark 2.964ms
[11.790s][info][gc            ] GC(554) Concurrent Cycle 17.608ms
[11.797s][info][gc,start      ] GC(555) Pause Young (Concurrent Start) (G1 Humongous Allocation)
[11.797s][info][gc,task       ] GC(555) Using 8 workers of 8 for evacuation
[11.799s][info][gc,phases     ] GC(555)   Pre Evacuate Collection Set: 0.4ms
[11.799s][info][gc,phases     ] GC(555)   Evacuate Collection Set: 0.9ms
[11.799s][info][gc,phases     ] GC(555)   Post Evacuate Collection Set: 0.1ms
[11.799s][info][gc,phases     ] GC(555)   Other: 0.3ms
[11.799s][info][gc,heap       ] GC(555) Eden regions: 4->0(402)
[11.799s][info][gc,heap       ] GC(555) Survivor regions: 1->1(51)
[11.799s][info][gc,heap       ] GC(555) Old regions: 26->26
[11.799s][info][gc,heap       ] GC(555) Humongous regions: 1438->1438
[11.799s][info][gc,metaspace  ] GC(555) Metaspace: 9862K->9862K(1058816K)
[11.799s][info][gc            ] GC(555) Pause Young (Concurrent Start) (G1 Humongous Allocation) 1467M->1463M(2087M) 1.870ms
[11.799s][info][gc,cpu        ] GC(555) User=0.00s Sys=0.00s Real=0.00s
[11.799s][info][gc            ] GC(556) Concurrent Cycle
[11.799s][info][gc,marking    ] GC(556) Concurrent Clear Claimed Marks
[11.799s][info][gc,marking    ] GC(556) Concurrent Clear Claimed Marks 0.011ms
[11.799s][info][gc,marking    ] GC(556) Concurrent Scan Root Regions
[11.799s][info][gc,marking    ] GC(556) Concurrent Scan Root Regions 0.056ms
[11.799s][info][gc,marking    ] GC(556) Concurrent Mark (11.799s)
[11.799s][info][gc,marking    ] GC(556) Concurrent Mark From Roots
[11.799s][info][gc,task       ] GC(556) Using 2 workers of 2 for marking
[11.806s][info][gc,marking    ] GC(556) Concurrent Mark From Roots 6.455ms
[11.806s][info][gc,marking    ] GC(556) Concurrent Preclean
[11.806s][info][gc,marking    ] GC(556) Concurrent Preclean 0.081ms
[11.806s][info][gc,marking    ] GC(556) Concurrent Mark (11.799s, 11.806s) 6.595ms
[11.806s][info][gc,start      ] GC(556) Pause Remark
[11.807s][info][gc,stringtable] GC(556) Cleaned string and symbol table, strings: 4343 processed, 0 removed, symbols: 36588 processed, 0 removed
[11.808s][info][gc            ] GC(556) Pause Remark 1467M->1467M(2087M) 1.944ms
[11.808s][info][gc,cpu        ] GC(556) User=0.01s Sys=0.00s Real=0.00s
[11.808s][info][gc,marking    ] GC(556) Concurrent Rebuild Remembered Sets
[11.814s][info][gc,marking    ] GC(556) Concurrent Rebuild Remembered Sets 5.661ms
[11.814s][info][gc,start      ] GC(556) Pause Cleanup
[11.814s][info][gc            ] GC(556) Pause Cleanup 1469M->1469M(2087M) 0.262ms
[11.814s][info][gc,cpu        ] GC(556) User=0.00s Sys=0.00s Real=0.00s
[11.814s][info][gc,marking    ] GC(556) Concurrent Cleanup for Next Mark
[11.817s][info][gc,marking    ] GC(556) Concurrent Cleanup for Next Mark 2.775ms
[11.817s][info][gc            ] GC(556) Concurrent Cycle 17.719ms
[11.824s][info][gc,start      ] GC(557) Pause Young (Concurrent Start) (G1 Humongous Allocation)
[11.824s][info][gc,task       ] GC(557) Using 8 workers of 8 for evacuation
[11.826s][info][gc,phases     ] GC(557)   Pre Evacuate Collection Set: 0.4ms
[11.826s][info][gc,phases     ] GC(557)   Evacuate Collection Set: 1.0ms
[11.826s][info][gc,phases     ] GC(557)   Post Evacuate Collection Set: 0.1ms
[11.826s][info][gc,phases     ] GC(557)   Other: 0.2ms
[11.826s][info][gc,heap       ] GC(557) Eden regions: 4->0(398)
[11.826s][info][gc,heap       ] GC(557) Survivor regions: 1->1(51)
[11.826s][info][gc,heap       ] GC(557) Old regions: 26->26
[11.826s][info][gc,heap       ] GC(557) Humongous regions: 1442->1442
[11.826s][info][gc,metaspace  ] GC(557) Metaspace: 9862K->9862K(1058816K)
[11.826s][info][gc            ] GC(557) Pause Young (Concurrent Start) (G1 Humongous Allocation) 1471M->1467M(2087M) 1.808ms
[11.826s][info][gc,cpu        ] GC(557) User=0.01s Sys=0.00s Real=0.00s
[11.826s][info][gc            ] GC(558) Concurrent Cycle
[11.826s][info][gc,marking    ] GC(558) Concurrent Clear Claimed Marks
[11.826s][info][gc,marking    ] GC(558) Concurrent Clear Claimed Marks 0.009ms
[11.826s][info][gc,marking    ] GC(558) Concurrent Scan Root Regions
[11.826s][info][gc,marking    ] GC(558) Concurrent Scan Root Regions 0.079ms
[11.826s][info][gc,marking    ] GC(558) Concurrent Mark (11.826s)
[11.826s][info][gc,marking    ] GC(558) Concurrent Mark From Roots
[11.826s][info][gc,task       ] GC(558) Using 2 workers of 2 for marking
[11.833s][info][gc,marking    ] GC(558) Concurrent Mark From Roots 6.897ms
[11.833s][info][gc,marking    ] GC(558) Concurrent Preclean
[11.833s][info][gc,marking    ] GC(558) Concurrent Preclean 0.128ms
[11.833s][info][gc,marking    ] GC(558) Concurrent Mark (11.826s, 11.833s) 7.112ms
[11.833s][info][gc,start      ] GC(558) Pause Remark
[11.835s][info][gc,stringtable] GC(558) Cleaned string and symbol table, strings: 4343 processed, 0 removed, symbols: 36588 processed, 0 removed
[11.835s][info][gc            ] GC(558) Pause Remark 1471M->1471M(2087M) 2.053ms
[11.836s][info][gc,cpu        ] GC(558) User=0.01s Sys=0.00s Real=0.00s
[11.836s][info][gc,marking    ] GC(558) Concurrent Rebuild Remembered Sets
[11.844s][info][gc,marking    ] GC(558) Concurrent Rebuild Remembered Sets 8.146ms
[11.844s][info][gc,start      ] GC(558) Pause Cleanup
[11.845s][info][gc            ] GC(558) Pause Cleanup 1474M->1474M(2087M) 0.448ms
[11.845s][info][gc,cpu        ] GC(558) User=0.00s Sys=0.00s Real=0.00s
[11.845s][info][gc,marking    ] GC(558) Concurrent Cleanup for Next Mark
[11.848s][info][gc,marking    ] GC(558) Concurrent Cleanup for Next Mark 3.604ms
[11.848s][info][gc            ] GC(558) Concurrent Cycle 22.157ms
[11.856s][info][gc,start      ] GC(559) Pause Young (Concurrent Start) (G1 Humongous Allocation)
[11.856s][info][gc,task       ] GC(559) Using 8 workers of 8 for evacuation
[11.857s][info][gc,phases     ] GC(559)   Pre Evacuate Collection Set: 0.4ms
[11.857s][info][gc,phases     ] GC(559)   Evacuate Collection Set: 1.0ms
[11.857s][info][gc,phases     ] GC(559)   Post Evacuate Collection Set: 0.1ms
[11.857s][info][gc,phases     ] GC(559)   Other: 0.3ms
[11.857s][info][gc,heap       ] GC(559) Eden regions: 4->0(394)
[11.857s][info][gc,heap       ] GC(559) Survivor regions: 1->1(50)
[11.857s][info][gc,heap       ] GC(559) Old regions: 26->26
[11.858s][info][gc,heap       ] GC(559) Humongous regions: 1446->1446
[11.858s][info][gc,metaspace  ] GC(559) Metaspace: 9862K->9862K(1058816K)
[11.858s][info][gc            ] GC(559) Pause Young (Concurrent Start) (G1 Humongous Allocation) 1475M->1471M(2087M) 1.888ms
[11.858s][info][gc,cpu        ] GC(559) User=0.01s Sys=0.00s Real=0.00s
[11.858s][info][gc            ] GC(560) Concurrent Cycle
[11.858s][info][gc,marking    ] GC(560) Concurrent Clear Claimed Marks
[11.858s][info][gc,marking    ] GC(560) Concurrent Clear Claimed Marks 0.015ms
[11.858s][info][gc,marking    ] GC(560) Concurrent Scan Root Regions
[11.858s][info][gc,marking    ] GC(560) Concurrent Scan Root Regions 0.072ms
[11.858s][info][gc,marking    ] GC(560) Concurrent Mark (11.858s)
[11.858s][info][gc,marking    ] GC(560) Concurrent Mark From Roots
[11.858s][info][gc,task       ] GC(560) Using 2 workers of 2 for marking
[11.865s][info][gc,marking    ] GC(560) Concurrent Mark From Roots 6.900ms
[11.865s][info][gc,marking    ] GC(560) Concurrent Preclean
[11.865s][info][gc,marking    ] GC(560) Concurrent Preclean 0.134ms
[11.865s][info][gc,marking    ] GC(560) Concurrent Mark (11.858s, 11.865s) 7.104ms
[11.865s][info][gc,start      ] GC(560) Pause Remark
[11.866s][info][gc,stringtable] GC(560) Cleaned string and symbol table, strings: 4343 processed, 0 removed, symbols: 36588 processed, 0 removed
[11.867s][info][gc            ] GC(560) Pause Remark 1475M->1475M(2087M) 1.847ms
[11.867s][info][gc,cpu        ] GC(560) User=0.00s Sys=0.00s Real=0.00s
[11.867s][info][gc,marking    ] GC(560) Concurrent Rebuild Remembered Sets
[11.873s][info][gc,marking    ] GC(560) Concurrent Rebuild Remembered Sets 6.363ms
[11.873s][info][gc,start      ] GC(560) Pause Cleanup
[11.874s][info][gc            ] GC(560) Pause Cleanup 1478M->1478M(2087M) 0.368ms
[11.874s][info][gc,cpu        ] GC(560) User=0.00s Sys=0.00s Real=0.00s
[11.874s][info][gc,marking    ] GC(560) Concurrent Cleanup for Next Mark
[11.878s][info][gc,marking    ] GC(560) Concurrent Cleanup for Next Mark 3.881ms
[11.878s][info][gc            ] GC(560) Concurrent Cycle 20.137ms
[11.886s][info][gc,start      ] GC(561) Pause Young (Concurrent Start) (G1 Humongous Allocation)
[11.886s][info][gc,task       ] GC(561) Using 8 workers of 8 for evacuation
[11.888s][info][gc,phases     ] GC(561)   Pre Evacuate Collection Set: 0.5ms
[11.888s][info][gc,phases     ] GC(561)   Evacuate Collection Set: 1.1ms
[11.888s][info][gc,phases     ] GC(561)   Post Evacuate Collection Set: 0.2ms
[11.888s][info][gc,phases     ] GC(561)   Other: 0.3ms
[11.888s][info][gc,heap       ] GC(561) Eden regions: 4->0(390)
[11.888s][info][gc,heap       ] GC(561) Survivor regions: 1->1(50)
[11.888s][info][gc,heap       ] GC(561) Old regions: 26->26
[11.888s][info][gc,heap       ] GC(561) Humongous regions: 1450->1450
[11.888s][info][gc,metaspace  ] GC(561) Metaspace: 9862K->9862K(1058816K)
[11.888s][info][gc            ] GC(561) Pause Young (Concurrent Start) (G1 Humongous Allocation) 1479M->1475M(2087M) 2.280ms
[11.888s][info][gc,cpu        ] GC(561) User=0.01s Sys=0.00s Real=0.00s
[11.888s][info][gc            ] GC(562) Concurrent Cycle
[11.888s][info][gc,marking    ] GC(562) Concurrent Clear Claimed Marks
[11.888s][info][gc,marking    ] GC(562) Concurrent Clear Claimed Marks 0.017ms
[11.888s][info][gc,marking    ] GC(562) Concurrent Scan Root Regions
[11.888s][info][gc,marking    ] GC(562) Concurrent Scan Root Regions 0.088ms
[11.888s][info][gc,marking    ] GC(562) Concurrent Mark (11.888s)
[11.889s][info][gc,marking    ] GC(562) Concurrent Mark From Roots
[11.889s][info][gc,task       ] GC(562) Using 2 workers of 2 for marking
[11.897s][info][gc,marking    ] GC(562) Concurrent Mark From Roots 8.577ms
[11.897s][info][gc,marking    ] GC(562) Concurrent Preclean
[11.897s][info][gc,marking    ] GC(562) Concurrent Preclean 0.134ms
[11.897s][info][gc,marking    ] GC(562) Concurrent Mark (11.888s, 11.897s) 8.795ms
[11.897s][info][gc,start      ] GC(562) Pause Remark
[11.899s][info][gc,stringtable] GC(562) Cleaned string and symbol table, strings: 4343 processed, 0 removed, symbols: 36588 processed, 0 removed
[11.899s][info][gc            ] GC(562) Pause Remark 1479M->1479M(2087M) 1.742ms
[11.899s][info][gc,cpu        ] GC(562) User=0.01s Sys=0.00s Real=0.00s
[11.899s][info][gc,marking    ] GC(562) Concurrent Rebuild Remembered Sets
[11.906s][info][gc,marking    ] GC(562) Concurrent Rebuild Remembered Sets 6.637ms
[11.906s][info][gc,start      ] GC(562) Pause Cleanup
[11.906s][info][gc            ] GC(562) Pause Cleanup 1479M->1479M(2087M) 0.267ms
[11.906s][info][gc,cpu        ] GC(562) User=0.00s Sys=0.00s Real=0.00s
[11.906s][info][gc,marking    ] GC(562) Concurrent Cleanup for Next Mark
[11.910s][info][gc,marking    ] GC(562) Concurrent Cleanup for Next Mark 3.419ms
[11.910s][info][gc            ] GC(562) Concurrent Cycle 21.443ms
[11.918s][info][gc,start      ] GC(563) Pause Young (Concurrent Start) (G1 Humongous Allocation)
[11.918s][info][gc,task       ] GC(563) Using 8 workers of 8 for evacuation
[11.921s][info][gc,phases     ] GC(563)   Pre Evacuate Collection Set: 0.5ms
[11.921s][info][gc,phases     ] GC(563)   Evacuate Collection Set: 1.1ms
[11.921s][info][gc,phases     ] GC(563)   Post Evacuate Collection Set: 0.2ms
[11.921s][info][gc,phases     ] GC(563)   Other: 0.4ms
[11.921s][info][gc,heap       ] GC(563) Eden regions: 4->0(386)
[11.921s][info][gc,heap       ] GC(563) Survivor regions: 1->1(49)
[11.921s][info][gc,heap       ] GC(563) Old regions: 26->26
[11.921s][info][gc,heap       ] GC(563) Humongous regions: 1454->1454
[11.921s][info][gc,metaspace  ] GC(563) Metaspace: 9862K->9862K(1058816K)
[11.921s][info][gc            ] GC(563) Pause Young (Concurrent Start) (G1 Humongous Allocation) 1483M->1479M(2087M) 2.345ms
[11.921s][info][gc,cpu        ] GC(563) User=0.01s Sys=0.00s Real=0.00s
[11.921s][info][gc            ] GC(564) Concurrent Cycle
[11.921s][info][gc,marking    ] GC(564) Concurrent Clear Claimed Marks
[11.921s][info][gc,marking    ] GC(564) Concurrent Clear Claimed Marks 0.017ms
[11.921s][info][gc,marking    ] GC(564) Concurrent Scan Root Regions
[11.921s][info][gc,marking    ] GC(564) Concurrent Scan Root Regions 0.086ms
[11.921s][info][gc,marking    ] GC(564) Concurrent Mark (11.921s)
[11.921s][info][gc,marking    ] GC(564) Concurrent Mark From Roots
[11.921s][info][gc,task       ] GC(564) Using 2 workers of 2 for marking
[11.929s][info][gc,marking    ] GC(564) Concurrent Mark From Roots 8.325ms
[11.929s][info][gc,marking    ] GC(564) Concurrent Preclean
[11.930s][info][gc,marking    ] GC(564) Concurrent Preclean 0.135ms
[11.930s][info][gc,marking    ] GC(564) Concurrent Mark (11.921s, 11.930s) 8.545ms
[11.930s][info][gc,start      ] GC(564) Pause Remark
[11.931s][info][gc,stringtable] GC(564) Cleaned string and symbol table, strings: 4343 processed, 0 removed, symbols: 36588 processed, 0 removed
[11.932s][info][gc            ] GC(564) Pause Remark 1483M->1483M(2087M) 2.055ms
[11.932s][info][gc,cpu        ] GC(564) User=0.01s Sys=0.00s Real=0.01s
[11.932s][info][gc,marking    ] GC(564) Concurrent Rebuild Remembered Sets
[11.940s][info][gc,marking    ] GC(564) Concurrent Rebuild Remembered Sets 7.970ms
[11.940s][info][gc,start      ] GC(564) Pause Cleanup
[11.940s][info][gc            ] GC(564) Pause Cleanup 1486M->1486M(2087M) 0.280ms
[11.940s][info][gc,cpu        ] GC(564) User=0.00s Sys=0.00s Real=0.00s
[11.940s][info][gc,marking    ] GC(564) Concurrent Cleanup for Next Mark
[11.944s][info][gc,marking    ] GC(564) Concurrent Cleanup for Next Mark 3.385ms
[11.944s][info][gc            ] GC(564) Concurrent Cycle 22.845ms
[11.953s][info][gc,start      ] GC(565) Pause Young (Concurrent Start) (G1 Humongous Allocation)
[11.953s][info][gc,task       ] GC(565) Using 8 workers of 8 for evacuation
[11.955s][info][gc,phases     ] GC(565)   Pre Evacuate Collection Set: 0.5ms
[11.955s][info][gc,phases     ] GC(565)   Evacuate Collection Set: 1.2ms
[11.955s][info][gc,phases     ] GC(565)   Post Evacuate Collection Set: 0.2ms
[11.955s][info][gc,phases     ] GC(565)   Other: 0.3ms
[11.955s][info][gc,heap       ] GC(565) Eden regions: 4->0(382)
[11.955s][info][gc,heap       ] GC(565) Survivor regions: 1->1(49)
[11.955s][info][gc,heap       ] GC(565) Old regions: 26->26
[11.955s][info][gc,heap       ] GC(565) Humongous regions: 1458->1458
[11.955s][info][gc,metaspace  ] GC(565) Metaspace: 9862K->9862K(1058816K)
[11.955s][info][gc            ] GC(565) Pause Young (Concurrent Start) (G1 Humongous Allocation) 1487M->1483M(2087M) 2.353ms
[11.955s][info][gc,cpu        ] GC(565) User=0.01s Sys=0.00s Real=0.00s
[11.955s][info][gc            ] GC(566) Concurrent Cycle
[11.955s][info][gc,marking    ] GC(566) Concurrent Clear Claimed Marks
[11.955s][info][gc,marking    ] GC(566) Concurrent Clear Claimed Marks 0.024ms
[11.955s][info][gc,marking    ] GC(566) Concurrent Scan Root Regions
[11.955s][info][gc,marking    ] GC(566) Concurrent Scan Root Regions 0.089ms
[11.955s][info][gc,marking    ] GC(566) Concurrent Mark (11.955s)
[11.955s][info][gc,marking    ] GC(566) Concurrent Mark From Roots
[11.955s][info][gc,task       ] GC(566) Using 2 workers of 2 for marking
[11.963s][info][gc,marking    ] GC(566) Concurrent Mark From Roots 7.095ms
[11.963s][info][gc,marking    ] GC(566) Concurrent Preclean
[11.963s][info][gc,marking    ] GC(566) Concurrent Preclean 0.093ms
[11.963s][info][gc,marking    ] GC(566) Concurrent Mark (11.955s, 11.963s) 7.268ms
[11.963s][info][gc,start      ] GC(566) Pause Remark
[11.964s][info][gc,stringtable] GC(566) Cleaned string and symbol table, strings: 4343 processed, 0 removed, symbols: 36588 processed, 0 removed
[11.965s][info][gc            ] GC(566) Pause Remark 1486M->1486M(2087M) 2.328ms
[11.965s][info][gc,cpu        ] GC(566) User=0.01s Sys=0.00s Real=0.00s
[11.965s][info][gc,marking    ] GC(566) Concurrent Rebuild Remembered Sets
[11.973s][info][gc,marking    ] GC(566) Concurrent Rebuild Remembered Sets 7.880ms
[11.973s][info][gc,start      ] GC(566) Pause Cleanup
[11.974s][info][gc            ] GC(566) Pause Cleanup 1489M->1489M(2087M) 0.366ms
[11.974s][info][gc,cpu        ] GC(566) User=0.00s Sys=0.00s Real=0.00s
[11.974s][info][gc,marking    ] GC(566) Concurrent Cleanup for Next Mark
[11.977s][info][gc,marking    ] GC(566) Concurrent Cleanup for Next Mark 3.461ms
[11.977s][info][gc            ] GC(566) Concurrent Cycle 21.966ms
[11.988s][info][gc,start      ] GC(567) Pause Young (Concurrent Start) (G1 Humongous Allocation)
[11.988s][info][gc,task       ] GC(567) Using 8 workers of 8 for evacuation
[11.990s][info][gc,phases     ] GC(567)   Pre Evacuate Collection Set: 0.5ms
[11.990s][info][gc,phases     ] GC(567)   Evacuate Collection Set: 1.4ms
[11.990s][info][gc,phases     ] GC(567)   Post Evacuate Collection Set: 0.2ms
[11.990s][info][gc,phases     ] GC(567)   Other: 0.4ms
[11.990s][info][gc,heap       ] GC(567) Eden regions: 4->0(378)
[11.990s][info][gc,heap       ] GC(567) Survivor regions: 1->1(48)
[11.990s][info][gc,heap       ] GC(567) Old regions: 26->26
[11.990s][info][gc,heap       ] GC(567) Humongous regions: 1462->1462
[11.990s][info][gc,metaspace  ] GC(567) Metaspace: 9862K->9862K(1058816K)
[11.991s][info][gc            ] GC(567) Pause Young (Concurrent Start) (G1 Humongous Allocation) 1491M->1487M(2087M) 2.702ms
[11.991s][info][gc,cpu        ] GC(567) User=0.00s Sys=0.00s Real=0.00s
[11.991s][info][gc            ] GC(568) Concurrent Cycle
[11.991s][info][gc,marking    ] GC(568) Concurrent Clear Claimed Marks
[11.991s][info][gc,marking    ] GC(568) Concurrent Clear Claimed Marks 0.019ms
[11.991s][info][gc,marking    ] GC(568) Concurrent Scan Root Regions
[11.991s][info][gc,marking    ] GC(568) Concurrent Scan Root Regions 0.085ms
[11.991s][info][gc,marking    ] GC(568) Concurrent Mark (11.991s)
[11.991s][info][gc,marking    ] GC(568) Concurrent Mark From Roots
[11.991s][info][gc,task       ] GC(568) Using 2 workers of 2 for marking
[11.999s][info][gc,marking    ] GC(568) Concurrent Mark From Roots 8.348ms
[11.999s][info][gc,marking    ] GC(568) Concurrent Preclean
[11.999s][info][gc,marking    ] GC(568) Concurrent Preclean 0.133ms
[11.999s][info][gc,marking    ] GC(568) Concurrent Mark (11.991s, 11.999s) 8.561ms
[11.999s][info][gc,start      ] GC(568) Pause Remark
[12.003s][info][gc,stringtable] GC(568) Cleaned string and symbol table, strings: 4343 processed, 0 removed, symbols: 36588 processed, 0 removed
[12.003s][info][gc            ] GC(568) Pause Remark 1491M->1491M(2087M) 4.004ms
[12.003s][info][gc,cpu        ] GC(568) User=0.01s Sys=0.00s Real=0.01s
[12.003s][info][gc,marking    ] GC(568) Concurrent Rebuild Remembered Sets
[12.011s][info][gc,marking    ] GC(568) Concurrent Rebuild Remembered Sets 7.693ms
[12.011s][info][gc,start      ] GC(568) Pause Cleanup
[12.012s][info][gc            ] GC(568) Pause Cleanup 1491M->1491M(2087M) 0.358ms
[12.012s][info][gc,cpu        ] GC(568) User=0.00s Sys=0.00s Real=0.00s
[12.012s][info][gc,marking    ] GC(568) Concurrent Cleanup for Next Mark
[12.015s][info][gc,marking    ] GC(568) Concurrent Cleanup for Next Mark 3.267ms
[12.015s][info][gc            ] GC(568) Concurrent Cycle 24.515ms
[12.016s][info][gc,start      ] GC(569) Pause Young (Concurrent Start) (G1 Humongous Allocation)
[12.016s][info][gc,task       ] GC(569) Using 8 workers of 8 for evacuation
[12.018s][info][gc,phases     ] GC(569)   Pre Evacuate Collection Set: 0.6ms
[12.018s][info][gc,phases     ] GC(569)   Evacuate Collection Set: 1.4ms
[12.018s][info][gc,phases     ] GC(569)   Post Evacuate Collection Set: 0.2ms
[12.018s][info][gc,phases     ] GC(569)   Other: 0.3ms
[12.018s][info][gc,heap       ] GC(569) Eden regions: 2->0(376)
[12.018s][info][gc,heap       ] GC(569) Survivor regions: 1->1(48)
[12.018s][info][gc,heap       ] GC(569) Old regions: 26->26
[12.018s][info][gc,heap       ] GC(569) Humongous regions: 1464->1464
[12.018s][info][gc,metaspace  ] GC(569) Metaspace: 9862K->9862K(1058816K)
[12.018s][info][gc            ] GC(569) Pause Young (Concurrent Start) (G1 Humongous Allocation) 1491M->1489M(2087M) 2.714ms
[12.019s][info][gc,cpu        ] GC(569) User=0.00s Sys=0.00s Real=0.00s
[12.019s][info][gc            ] GC(570) Concurrent Cycle
[12.019s][info][gc,marking    ] GC(570) Concurrent Clear Claimed Marks
[12.019s][info][gc,marking    ] GC(570) Concurrent Clear Claimed Marks 0.021ms
[12.019s][info][gc,marking    ] GC(570) Concurrent Scan Root Regions
[12.019s][info][gc,marking    ] GC(570) Concurrent Scan Root Regions 0.092ms
[12.019s][info][gc,marking    ] GC(570) Concurrent Mark (12.019s)
[12.019s][info][gc,marking    ] GC(570) Concurrent Mark From Roots
[12.019s][info][gc,task       ] GC(570) Using 2 workers of 2 for marking
[12.028s][info][gc,marking    ] GC(570) Concurrent Mark From Roots 8.837ms
[12.028s][info][gc,marking    ] GC(570) Concurrent Preclean
[12.028s][info][gc,marking    ] GC(570) Concurrent Preclean 0.141ms
[12.028s][info][gc,marking    ] GC(570) Concurrent Mark (12.019s, 12.028s) 9.064ms
[12.028s][info][gc,start      ] GC(570) Pause Remark
[12.029s][info][gc,stringtable] GC(570) Cleaned string and symbol table, strings: 4343 processed, 0 removed, symbols: 36588 processed, 0 removed
[12.030s][info][gc            ] GC(570) Pause Remark 1493M->1493M(2087M) 1.822ms
[12.030s][info][gc,cpu        ] GC(570) User=0.01s Sys=0.00s Real=0.00s
[12.030s][info][gc,marking    ] GC(570) Concurrent Rebuild Remembered Sets
[12.037s][info][gc,marking    ] GC(570) Concurrent Rebuild Remembered Sets 7.227ms
[12.037s][info][gc,start      ] GC(570) Pause Cleanup
[12.038s][info][gc            ] GC(570) Pause Cleanup 1493M->1493M(2087M) 0.280ms
[12.038s][info][gc,cpu        ] GC(570) User=0.00s Sys=0.00s Real=0.00s
[12.038s][info][gc,marking    ] GC(570) Concurrent Cleanup for Next Mark
[12.041s][info][gc,marking    ] GC(570) Concurrent Cleanup for Next Mark 3.020ms
[12.041s][info][gc            ] GC(570) Concurrent Cycle 22.143ms
[12.053s][info][gc,start      ] GC(571) Pause Young (Concurrent Start) (G1 Humongous Allocation)
[12.053s][info][gc,task       ] GC(571) Using 8 workers of 8 for evacuation
[12.058s][info][gc,phases     ] GC(571)   Pre Evacuate Collection Set: 0.6ms
[12.058s][info][gc,phases     ] GC(571)   Evacuate Collection Set: 4.1ms
[12.058s][info][gc,phases     ] GC(571)   Post Evacuate Collection Set: 0.2ms
[12.058s][info][gc,phases     ] GC(571)   Other: 0.4ms
[12.058s][info][gc,heap       ] GC(571) Eden regions: 4->0(372)
[12.058s][info][gc,heap       ] GC(571) Survivor regions: 1->1(48)
[12.058s][info][gc,heap       ] GC(571) Old regions: 26->26
[12.059s][info][gc,heap       ] GC(571) Humongous regions: 1468->1468
[12.059s][info][gc,metaspace  ] GC(571) Metaspace: 9862K->9862K(1058816K)
[12.059s][info][gc            ] GC(571) Pause Young (Concurrent Start) (G1 Humongous Allocation) 1497M->1493M(2087M) 5.463ms
[12.059s][info][gc,cpu        ] GC(571) User=0.00s Sys=0.00s Real=0.00s
[12.059s][info][gc            ] GC(572) Concurrent Cycle
[12.059s][info][gc,marking    ] GC(572) Concurrent Clear Claimed Marks
[12.059s][info][gc,marking    ] GC(572) Concurrent Clear Claimed Marks 0.023ms
[12.059s][info][gc,marking    ] GC(572) Concurrent Scan Root Regions
[12.059s][info][gc,marking    ] GC(572) Concurrent Scan Root Regions 0.109ms
[12.059s][info][gc,marking    ] GC(572) Concurrent Mark (12.059s)
[12.059s][info][gc,marking    ] GC(572) Concurrent Mark From Roots
[12.059s][info][gc,task       ] GC(572) Using 2 workers of 2 for marking
[12.067s][info][gc,marking    ] GC(572) Concurrent Mark From Roots 7.817ms
[12.067s][info][gc,marking    ] GC(572) Concurrent Preclean
[12.067s][info][gc,marking    ] GC(572) Concurrent Preclean 0.128ms
[12.067s][info][gc,marking    ] GC(572) Concurrent Mark (12.059s, 12.067s) 8.032ms
[12.067s][info][gc,start      ] GC(572) Pause Remark
[12.068s][info][gc,stringtable] GC(572) Cleaned string and symbol table, strings: 4343 processed, 0 removed, symbols: 36588 processed, 0 removed
[12.068s][info][gc            ] GC(572) Pause Remark 1497M->1497M(2087M) 1.274ms
[12.068s][info][gc,cpu        ] GC(572) User=0.00s Sys=0.00s Real=0.00s
[12.068s][info][gc,marking    ] GC(572) Concurrent Rebuild Remembered Sets
[12.075s][info][gc,marking    ] GC(572) Concurrent Rebuild Remembered Sets 6.591ms
[12.075s][info][gc,start      ] GC(572) Pause Cleanup
[12.076s][info][gc            ] GC(572) Pause Cleanup 1499M->1499M(2087M) 0.298ms
[12.076s][info][gc,cpu        ] GC(572) User=0.00s Sys=0.00s Real=0.00s
[12.076s][info][gc,marking    ] GC(572) Concurrent Cleanup for Next Mark
[12.079s][info][gc,marking    ] GC(572) Concurrent Cleanup for Next Mark 3.125ms
[12.079s][info][gc            ] GC(572) Concurrent Cycle 20.382ms
[12.087s][info][gc,start      ] GC(573) Pause Young (Concurrent Start) (G1 Humongous Allocation)
[12.087s][info][gc,task       ] GC(573) Using 8 workers of 8 for evacuation
[12.089s][info][gc,phases     ] GC(573)   Pre Evacuate Collection Set: 0.4ms
[12.089s][info][gc,phases     ] GC(573)   Evacuate Collection Set: 1.1ms
[12.089s][info][gc,phases     ] GC(573)   Post Evacuate Collection Set: 0.1ms
[12.089s][info][gc,phases     ] GC(573)   Other: 0.3ms
[12.089s][info][gc,heap       ] GC(573) Eden regions: 4->0(369)
[12.089s][info][gc,heap       ] GC(573) Survivor regions: 1->1(47)
[12.089s][info][gc,heap       ] GC(573) Old regions: 26->26
[12.089s][info][gc,heap       ] GC(573) Humongous regions: 1472->1472
[12.089s][info][gc,metaspace  ] GC(573) Metaspace: 9862K->9862K(1058816K)
[12.089s][info][gc            ] GC(573) Pause Young (Concurrent Start) (G1 Humongous Allocation) 1501M->1497M(2087M) 1.996ms
[12.089s][info][gc,cpu        ] GC(573) User=0.00s Sys=0.00s Real=0.00s
[12.089s][info][gc            ] GC(574) Concurrent Cycle
[12.089s][info][gc,marking    ] GC(574) Concurrent Clear Claimed Marks
[12.089s][info][gc,marking    ] GC(574) Concurrent Clear Claimed Marks 0.015ms
[12.089s][info][gc,marking    ] GC(574) Concurrent Scan Root Regions
[12.089s][info][gc,marking    ] GC(574) Concurrent Scan Root Regions 0.065ms
[12.089s][info][gc,marking    ] GC(574) Concurrent Mark (12.089s)
[12.089s][info][gc,marking    ] GC(574) Concurrent Mark From Roots
[12.089s][info][gc,task       ] GC(574) Using 2 workers of 2 for marking
[12.096s][info][gc,marking    ] GC(574) Concurrent Mark From Roots 7.646ms
[12.097s][info][gc,marking    ] GC(574) Concurrent Preclean
[12.097s][info][gc,marking    ] GC(574) Concurrent Preclean 0.110ms
[12.097s][info][gc,marking    ] GC(574) Concurrent Mark (12.089s, 12.097s) 7.833ms
[12.097s][info][gc,start      ] GC(574) Pause Remark
[12.098s][info][gc,stringtable] GC(574) Cleaned string and symbol table, strings: 4343 processed, 0 removed, symbols: 36588 processed, 0 removed
[12.098s][info][gc            ] GC(574) Pause Remark 1501M->1501M(2087M) 1.614ms
[12.098s][info][gc,cpu        ] GC(574) User=0.00s Sys=0.01s Real=0.00s
[12.098s][info][gc,marking    ] GC(574) Concurrent Rebuild Remembered Sets
[12.105s][info][gc,marking    ] GC(574) Concurrent Rebuild Remembered Sets 6.507ms
[12.105s][info][gc,start      ] GC(574) Pause Cleanup
[12.105s][info][gc            ] GC(574) Pause Cleanup 1503M->1503M(2087M) 0.258ms
[12.105s][info][gc,cpu        ] GC(574) User=0.00s Sys=0.00s Real=0.00s
[12.105s][info][gc,marking    ] GC(574) Concurrent Cleanup for Next Mark
[12.109s][info][gc,marking    ] GC(574) Concurrent Cleanup for Next Mark 3.092ms
[12.109s][info][gc            ] GC(574) Concurrent Cycle 19.878ms
[12.120s][info][gc,start      ] GC(575) Pause Young (Concurrent Start) (G1 Humongous Allocation)
[12.120s][info][gc,task       ] GC(575) Using 8 workers of 8 for evacuation
[12.123s][info][gc,phases     ] GC(575)   Pre Evacuate Collection Set: 0.4ms
[12.123s][info][gc,phases     ] GC(575)   Evacuate Collection Set: 1.4ms
[12.123s][info][gc,phases     ] GC(575)   Post Evacuate Collection Set: 0.3ms
[12.123s][info][gc,phases     ] GC(575)   Other: 0.3ms
[12.123s][info][gc,heap       ] GC(575) Eden regions: 4->0(365)
[12.123s][info][gc,heap       ] GC(575) Survivor regions: 1->1(47)
[12.123s][info][gc,heap       ] GC(575) Old regions: 26->26
[12.123s][info][gc,heap       ] GC(575) Humongous regions: 1476->1476
[12.123s][info][gc,metaspace  ] GC(575) Metaspace: 9862K->9862K(1058816K)
[12.123s][info][gc            ] GC(575) Pause Young (Concurrent Start) (G1 Humongous Allocation) 1505M->1501M(2087M) 2.529ms
[12.123s][info][gc,cpu        ] GC(575) User=0.01s Sys=0.00s Real=0.01s
[12.123s][info][gc            ] GC(576) Concurrent Cycle
[12.123s][info][gc,marking    ] GC(576) Concurrent Clear Claimed Marks
[12.123s][info][gc,marking    ] GC(576) Concurrent Clear Claimed Marks 0.021ms
[12.123s][info][gc,marking    ] GC(576) Concurrent Scan Root Regions
[12.123s][info][gc,marking    ] GC(576) Concurrent Scan Root Regions 0.065ms
[12.123s][info][gc,marking    ] GC(576) Concurrent Mark (12.123s)
[12.123s][info][gc,marking    ] GC(576) Concurrent Mark From Roots
[12.123s][info][gc,task       ] GC(576) Using 2 workers of 2 for marking
[12.131s][info][gc,marking    ] GC(576) Concurrent Mark From Roots 8.261ms
[12.131s][info][gc,marking    ] GC(576) Concurrent Preclean
[12.132s][info][gc,marking    ] GC(576) Concurrent Preclean 0.132ms
[12.132s][info][gc,marking    ] GC(576) Concurrent Mark (12.123s, 12.132s) 8.471ms
[12.132s][info][gc,start      ] GC(576) Pause Remark
[12.133s][info][gc,stringtable] GC(576) Cleaned string and symbol table, strings: 4343 processed, 0 removed, symbols: 36588 processed, 0 removed
[12.134s][info][gc            ] GC(576) Pause Remark 1504M->1504M(2087M) 1.843ms
[12.134s][info][gc,cpu        ] GC(576) User=0.01s Sys=0.00s Real=0.00s
[12.134s][info][gc,marking    ] GC(576) Concurrent Rebuild Remembered Sets
[12.141s][info][gc,marking    ] GC(576) Concurrent Rebuild Remembered Sets 7.362ms
[12.141s][info][gc,start      ] GC(576) Pause Cleanup
[12.142s][info][gc            ] GC(576) Pause Cleanup 1507M->1507M(2087M) 0.300ms
[12.142s][info][gc,cpu        ] GC(576) User=0.00s Sys=0.00s Real=0.00s
[12.142s][info][gc,marking    ] GC(576) Concurrent Cleanup for Next Mark
[12.145s][info][gc,marking    ] GC(576) Concurrent Cleanup for Next Mark 3.498ms
[12.145s][info][gc            ] GC(576) Concurrent Cycle 22.422ms
[12.155s][info][gc,start      ] GC(577) Pause Young (Concurrent Start) (G1 Humongous Allocation)
[12.155s][info][gc,task       ] GC(577) Using 8 workers of 8 for evacuation
[12.157s][info][gc,phases     ] GC(577)   Pre Evacuate Collection Set: 0.5ms
[12.157s][info][gc,phases     ] GC(577)   Evacuate Collection Set: 1.3ms
[12.157s][info][gc,phases     ] GC(577)   Post Evacuate Collection Set: 0.2ms
[12.157s][info][gc,phases     ] GC(577)   Other: 0.4ms
[12.157s][info][gc,heap       ] GC(577) Eden regions: 4->0(361)
[12.157s][info][gc,heap       ] GC(577) Survivor regions: 1->1(46)
[12.157s][info][gc,heap       ] GC(577) Old regions: 26->26
[12.157s][info][gc,heap       ] GC(577) Humongous regions: 1480->1480
[12.157s][info][gc,metaspace  ] GC(577) Metaspace: 9862K->9862K(1058816K)
[12.158s][info][gc            ] GC(577) Pause Young (Concurrent Start) (G1 Humongous Allocation) 1509M->1505M(2087M) 2.613ms
[12.158s][info][gc,cpu        ] GC(577) User=0.01s Sys=0.00s Real=0.00s
[12.158s][info][gc            ] GC(578) Concurrent Cycle
[12.158s][info][gc,marking    ] GC(578) Concurrent Clear Claimed Marks
[12.158s][info][gc,marking    ] GC(578) Concurrent Clear Claimed Marks 0.017ms
[12.158s][info][gc,marking    ] GC(578) Concurrent Scan Root Regions
[12.158s][info][gc,marking    ] GC(578) Concurrent Scan Root Regions 0.082ms
[12.158s][info][gc,marking    ] GC(578) Concurrent Mark (12.158s)
[12.158s][info][gc,marking    ] GC(578) Concurrent Mark From Roots
[12.158s][info][gc,task       ] GC(578) Using 2 workers of 2 for marking
[12.165s][info][gc,marking    ] GC(578) Concurrent Mark From Roots 6.969ms
[12.165s][info][gc,marking    ] GC(578) Concurrent Preclean
[12.165s][info][gc,marking    ] GC(578) Concurrent Preclean 0.120ms
[12.165s][info][gc,marking    ] GC(578) Concurrent Mark (12.158s, 12.165s) 7.176ms
[12.165s][info][gc,start      ] GC(578) Pause Remark
[12.166s][info][gc,stringtable] GC(578) Cleaned string and symbol table, strings: 4343 processed, 0 removed, symbols: 36588 processed, 0 removed
[12.167s][info][gc            ] GC(578) Pause Remark 1508M->1508M(2087M) 1.630ms
[12.167s][info][gc,cpu        ] GC(578) User=0.00s Sys=0.00s Real=0.00s
[12.167s][info][gc,marking    ] GC(578) Concurrent Rebuild Remembered Sets
[12.174s][info][gc,marking    ] GC(578) Concurrent Rebuild Remembered Sets 7.294ms
[12.174s][info][gc,start      ] GC(578) Pause Cleanup
[12.175s][info][gc            ] GC(578) Pause Cleanup 1511M->1511M(2087M) 0.282ms
[12.175s][info][gc,cpu        ] GC(578) User=0.00s Sys=0.00s Real=0.00s
[12.175s][info][gc,marking    ] GC(578) Concurrent Cleanup for Next Mark
[12.177s][info][gc,marking    ] GC(578) Concurrent Cleanup for Next Mark 2.907ms
[12.178s][info][gc            ] GC(578) Concurrent Cycle 19.945ms
[12.185s][info][gc,start      ] GC(579) Pause Young (Concurrent Start) (G1 Humongous Allocation)
[12.185s][info][gc,task       ] GC(579) Using 8 workers of 8 for evacuation
[12.187s][info][gc,phases     ] GC(579)   Pre Evacuate Collection Set: 0.4ms
[12.187s][info][gc,phases     ] GC(579)   Evacuate Collection Set: 1.1ms
[12.187s][info][gc,phases     ] GC(579)   Post Evacuate Collection Set: 0.1ms
[12.187s][info][gc,phases     ] GC(579)   Other: 0.2ms
[12.187s][info][gc,heap       ] GC(579) Eden regions: 4->0(357)
[12.187s][info][gc,heap       ] GC(579) Survivor regions: 1->1(46)
[12.187s][info][gc,heap       ] GC(579) Old regions: 26->26
[12.187s][info][gc,heap       ] GC(579) Humongous regions: 1484->1484
[12.187s][info][gc,metaspace  ] GC(579) Metaspace: 9862K->9862K(1058816K)
[12.187s][info][gc            ] GC(579) Pause Young (Concurrent Start) (G1 Humongous Allocation) 1513M->1509M(2087M) 1.959ms
[12.187s][info][gc,cpu        ] GC(579) User=0.01s Sys=0.00s Real=0.00s
[12.187s][info][gc            ] GC(580) Concurrent Cycle
[12.187s][info][gc,marking    ] GC(580) Concurrent Clear Claimed Marks
[12.187s][info][gc,marking    ] GC(580) Concurrent Clear Claimed Marks 0.013ms
[12.187s][info][gc,marking    ] GC(580) Concurrent Scan Root Regions
[12.187s][info][gc,marking    ] GC(580) Concurrent Scan Root Regions 0.052ms
[12.187s][info][gc,marking    ] GC(580) Concurrent Mark (12.187s)
[12.187s][info][gc,marking    ] GC(580) Concurrent Mark From Roots
[12.187s][info][gc,task       ] GC(580) Using 2 workers of 2 for marking
[12.193s][info][gc,marking    ] GC(580) Concurrent Mark From Roots 5.874ms
[12.193s][info][gc,marking    ] GC(580) Concurrent Preclean
[12.193s][info][gc,marking    ] GC(580) Concurrent Preclean 0.079ms
[12.193s][info][gc,marking    ] GC(580) Concurrent Mark (12.187s, 12.193s) 6.008ms
[12.194s][info][gc,start      ] GC(580) Pause Remark
[12.195s][info][gc,stringtable] GC(580) Cleaned string and symbol table, strings: 4343 processed, 0 removed, symbols: 36588 processed, 0 removed
[12.195s][info][gc            ] GC(580) Pause Remark 1513M->1513M(2087M) 1.603ms
[12.195s][info][gc,cpu        ] GC(580) User=0.00s Sys=0.00s Real=0.00s
[12.195s][info][gc,marking    ] GC(580) Concurrent Rebuild Remembered Sets
[12.200s][info][gc,marking    ] GC(580) Concurrent Rebuild Remembered Sets 4.836ms
[12.201s][info][gc,start      ] GC(580) Pause Cleanup
[12.201s][info][gc            ] GC(580) Pause Cleanup 1515M->1515M(2087M) 0.256ms
[12.201s][info][gc,cpu        ] GC(580) User=0.00s Sys=0.00s Real=0.00s
[12.201s][info][gc,marking    ] GC(580) Concurrent Cleanup for Next Mark
[12.204s][info][gc,marking    ] GC(580) Concurrent Cleanup for Next Mark 2.985ms
[12.204s][info][gc            ] GC(580) Concurrent Cycle 16.831ms
[12.211s][info][gc,start      ] GC(581) Pause Young (Concurrent Start) (G1 Humongous Allocation)
[12.211s][info][gc,task       ] GC(581) Using 8 workers of 8 for evacuation
[12.213s][info][gc,phases     ] GC(581)   Pre Evacuate Collection Set: 0.4ms
[12.213s][info][gc,phases     ] GC(581)   Evacuate Collection Set: 1.0ms
[12.213s][info][gc,phases     ] GC(581)   Post Evacuate Collection Set: 0.1ms
[12.213s][info][gc,phases     ] GC(581)   Other: 0.4ms
[12.213s][info][gc,heap       ] GC(581) Eden regions: 4->0(353)
[12.213s][info][gc,heap       ] GC(581) Survivor regions: 1->1(45)
[12.213s][info][gc,heap       ] GC(581) Old regions: 26->26
[12.213s][info][gc,heap       ] GC(581) Humongous regions: 1488->1488
[12.213s][info][gc,metaspace  ] GC(581) Metaspace: 9862K->9862K(1058816K)
[12.213s][info][gc            ] GC(581) Pause Young (Concurrent Start) (G1 Humongous Allocation) 1517M->1513M(2087M) 1.992ms
[12.213s][info][gc,cpu        ] GC(581) User=0.00s Sys=0.00s Real=0.01s
[12.213s][info][gc            ] GC(582) Concurrent Cycle
[12.213s][info][gc,marking    ] GC(582) Concurrent Clear Claimed Marks
[12.213s][info][gc,marking    ] GC(582) Concurrent Clear Claimed Marks 0.009ms
[12.213s][info][gc,marking    ] GC(582) Concurrent Scan Root Regions
[12.213s][info][gc,marking    ] GC(582) Concurrent Scan Root Regions 0.058ms
[12.213s][info][gc,marking    ] GC(582) Concurrent Mark (12.213s)
[12.213s][info][gc,marking    ] GC(582) Concurrent Mark From Roots
[12.213s][info][gc,task       ] GC(582) Using 2 workers of 2 for marking
[12.219s][info][gc,marking    ] GC(582) Concurrent Mark From Roots 5.564ms
[12.219s][info][gc,marking    ] GC(582) Concurrent Preclean
[12.219s][info][gc,marking    ] GC(582) Concurrent Preclean 0.078ms
[12.219s][info][gc,marking    ] GC(582) Concurrent Mark (12.213s, 12.219s) 5.700ms
[12.219s][info][gc,start      ] GC(582) Pause Remark
[12.220s][info][gc,stringtable] GC(582) Cleaned string and symbol table, strings: 4343 processed, 0 removed, symbols: 36588 processed, 0 removed
[12.221s][info][gc            ] GC(582) Pause Remark 1517M->1517M(2087M) 1.586ms
[12.221s][info][gc,cpu        ] GC(582) User=0.01s Sys=0.00s Real=0.00s
[12.221s][info][gc,marking    ] GC(582) Concurrent Rebuild Remembered Sets
[12.226s][info][gc,marking    ] GC(582) Concurrent Rebuild Remembered Sets 5.304ms
[12.227s][info][gc,start      ] GC(582) Pause Cleanup
[12.227s][info][gc            ] GC(582) Pause Cleanup 1519M->1519M(2087M) 0.249ms
[12.227s][info][gc,cpu        ] GC(582) User=0.00s Sys=0.00s Real=0.00s
[12.227s][info][gc,marking    ] GC(582) Concurrent Cleanup for Next Mark
[12.230s][info][gc,marking    ] GC(582) Concurrent Cleanup for Next Mark 2.839ms
[12.230s][info][gc            ] GC(582) Concurrent Cycle 16.708ms
[12.237s][info][gc,start      ] GC(583) Pause Young (Concurrent Start) (G1 Humongous Allocation)
[12.237s][info][gc,task       ] GC(583) Using 8 workers of 8 for evacuation
[12.239s][info][gc,phases     ] GC(583)   Pre Evacuate Collection Set: 0.4ms
[12.239s][info][gc,phases     ] GC(583)   Evacuate Collection Set: 1.2ms
[12.239s][info][gc,phases     ] GC(583)   Post Evacuate Collection Set: 0.1ms
[12.239s][info][gc,phases     ] GC(583)   Other: 0.2ms
[12.239s][info][gc,heap       ] GC(583) Eden regions: 4->0(349)
[12.239s][info][gc,heap       ] GC(583) Survivor regions: 1->1(45)
[12.239s][info][gc,heap       ] GC(583) Old regions: 26->26
[12.239s][info][gc,heap       ] GC(583) Humongous regions: 1492->1492
[12.239s][info][gc,metaspace  ] GC(583) Metaspace: 9862K->9862K(1058816K)
[12.239s][info][gc            ] GC(583) Pause Young (Concurrent Start) (G1 Humongous Allocation) 1521M->1517M(2087M) 1.980ms
[12.239s][info][gc,cpu        ] GC(583) User=0.00s Sys=0.00s Real=0.00s
[12.239s][info][gc            ] GC(584) Concurrent Cycle
[12.239s][info][gc,marking    ] GC(584) Concurrent Clear Claimed Marks
[12.239s][info][gc,marking    ] GC(584) Concurrent Clear Claimed Marks 0.010ms
[12.239s][info][gc,marking    ] GC(584) Concurrent Scan Root Regions
[12.239s][info][gc,marking    ] GC(584) Concurrent Scan Root Regions 0.062ms
[12.239s][info][gc,marking    ] GC(584) Concurrent Mark (12.239s)
[12.239s][info][gc,marking    ] GC(584) Concurrent Mark From Roots
[12.239s][info][gc,task       ] GC(584) Using 2 workers of 2 for marking
[12.245s][info][gc,marking    ] GC(584) Concurrent Mark From Roots 6.015ms
[12.245s][info][gc,marking    ] GC(584) Concurrent Preclean
[12.245s][info][gc,marking    ] GC(584) Concurrent Preclean 0.117ms
[12.245s][info][gc,marking    ] GC(584) Concurrent Mark (12.239s, 12.245s) 6.213ms
[12.246s][info][gc,start      ] GC(584) Pause Remark
[12.247s][info][gc,stringtable] GC(584) Cleaned string and symbol table, strings: 4343 processed, 0 removed, symbols: 36588 processed, 0 removed
[12.247s][info][gc            ] GC(584) Pause Remark 1521M->1521M(2087M) 1.702ms
[12.247s][info][gc,cpu        ] GC(584) User=0.01s Sys=0.00s Real=0.00s
[12.247s][info][gc,marking    ] GC(584) Concurrent Rebuild Remembered Sets
[12.254s][info][gc,marking    ] GC(584) Concurrent Rebuild Remembered Sets 6.345ms
[12.255s][info][gc,start      ] GC(584) Pause Cleanup
[12.255s][info][gc            ] GC(584) Pause Cleanup 1523M->1523M(2087M) 0.286ms
[12.255s][info][gc,cpu        ] GC(584) User=0.00s Sys=0.00s Real=0.00s
[12.255s][info][gc,marking    ] GC(584) Concurrent Cleanup for Next Mark
[12.259s][info][gc,marking    ] GC(584) Concurrent Cleanup for Next Mark 3.394ms
[12.259s][info][gc            ] GC(584) Concurrent Cycle 19.493ms
[12.269s][info][gc,start      ] GC(585) Pause Young (Concurrent Start) (G1 Humongous Allocation)
[12.269s][info][gc,task       ] GC(585) Using 8 workers of 8 for evacuation
[12.270s][info][gc,phases     ] GC(585)   Pre Evacuate Collection Set: 0.4ms
[12.270s][info][gc,phases     ] GC(585)   Evacuate Collection Set: 0.6ms
[12.270s][info][gc,phases     ] GC(585)   Post Evacuate Collection Set: 0.1ms
[12.270s][info][gc,phases     ] GC(585)   Other: 0.3ms
[12.270s][info][gc,heap       ] GC(585) Eden regions: 4->0(345)
[12.270s][info][gc,heap       ] GC(585) Survivor regions: 1->1(44)
[12.270s][info][gc,heap       ] GC(585) Old regions: 26->26
[12.270s][info][gc,heap       ] GC(585) Humongous regions: 1496->1496
[12.270s][info][gc,metaspace  ] GC(585) Metaspace: 9862K->9862K(1058816K)
[12.270s][info][gc            ] GC(585) Pause Young (Concurrent Start) (G1 Humongous Allocation) 1525M->1521M(2087M) 1.491ms
[12.270s][info][gc,cpu        ] GC(585) User=0.00s Sys=0.00s Real=0.00s
[12.270s][info][gc            ] GC(586) Concurrent Cycle
[12.270s][info][gc,marking    ] GC(586) Concurrent Clear Claimed Marks
[12.270s][info][gc,marking    ] GC(586) Concurrent Clear Claimed Marks 0.011ms
[12.270s][info][gc,marking    ] GC(586) Concurrent Scan Root Regions
[12.270s][info][gc,marking    ] GC(586) Concurrent Scan Root Regions 0.049ms
[12.270s][info][gc,marking    ] GC(586) Concurrent Mark (12.270s)
[12.270s][info][gc,marking    ] GC(586) Concurrent Mark From Roots
[12.270s][info][gc,task       ] GC(586) Using 2 workers of 2 for marking
[12.276s][info][gc,marking    ] GC(586) Concurrent Mark From Roots 5.769ms
[12.276s][info][gc,marking    ] GC(586) Concurrent Preclean
[12.276s][info][gc,marking    ] GC(586) Concurrent Preclean 0.083ms
[12.276s][info][gc,marking    ] GC(586) Concurrent Mark (12.270s, 12.276s) 5.908ms
[12.276s][info][gc,start      ] GC(586) Pause Remark
[12.277s][info][gc,stringtable] GC(586) Cleaned string and symbol table, strings: 4343 processed, 0 removed, symbols: 36588 processed, 0 removed
[12.277s][info][gc            ] GC(586) Pause Remark 1524M->1524M(2087M) 0.908ms
[12.277s][info][gc,cpu        ] GC(586) User=0.00s Sys=0.00s Real=0.00s
[12.277s][info][gc,marking    ] GC(586) Concurrent Rebuild Remembered Sets
[12.283s][info][gc,marking    ] GC(586) Concurrent Rebuild Remembered Sets 5.547ms
[12.283s][info][gc,start      ] GC(586) Pause Cleanup
[12.283s][info][gc            ] GC(586) Pause Cleanup 1525M->1525M(2087M) 0.265ms
[12.283s][info][gc,cpu        ] GC(586) User=0.00s Sys=0.00s Real=0.00s
[12.283s][info][gc,marking    ] GC(586) Concurrent Cleanup for Next Mark
[12.286s][info][gc,marking    ] GC(586) Concurrent Cleanup for Next Mark 2.638ms
[12.286s][info][gc            ] GC(586) Concurrent Cycle 15.750ms
[12.296s][info][gc,start      ] GC(587) Pause Young (Concurrent Start) (G1 Humongous Allocation)
[12.296s][info][gc,task       ] GC(587) Using 8 workers of 8 for evacuation
[12.298s][info][gc,phases     ] GC(587)   Pre Evacuate Collection Set: 0.4ms
[12.298s][info][gc,phases     ] GC(587)   Evacuate Collection Set: 0.6ms
[12.298s][info][gc,phases     ] GC(587)   Post Evacuate Collection Set: 0.1ms
[12.298s][info][gc,phases     ] GC(587)   Other: 0.2ms
[12.298s][info][gc,heap       ] GC(587) Eden regions: 4->0(341)
[12.298s][info][gc,heap       ] GC(587) Survivor regions: 1->1(44)
[12.298s][info][gc,heap       ] GC(587) Old regions: 26->26
[12.298s][info][gc,heap       ] GC(587) Humongous regions: 1500->1500
[12.298s][info][gc,metaspace  ] GC(587) Metaspace: 9862K->9862K(1058816K)
[12.298s][info][gc            ] GC(587) Pause Young (Concurrent Start) (G1 Humongous Allocation) 1529M->1525M(2087M) 1.454ms
[12.298s][info][gc,cpu        ] GC(587) User=0.00s Sys=0.00s Real=0.00s
[12.298s][info][gc            ] GC(588) Concurrent Cycle
[12.298s][info][gc,marking    ] GC(588) Concurrent Clear Claimed Marks
[12.298s][info][gc,marking    ] GC(588) Concurrent Clear Claimed Marks 0.013ms
[12.298s][info][gc,marking    ] GC(588) Concurrent Scan Root Regions
[12.298s][info][gc,marking    ] GC(588) Concurrent Scan Root Regions 0.055ms
[12.298s][info][gc,marking    ] GC(588) Concurrent Mark (12.298s)
[12.298s][info][gc,marking    ] GC(588) Concurrent Mark From Roots
[12.298s][info][gc,task       ] GC(588) Using 2 workers of 2 for marking
[12.304s][info][gc,marking    ] GC(588) Concurrent Mark From Roots 6.238ms
[12.304s][info][gc,marking    ] GC(588) Concurrent Preclean
[12.304s][info][gc,marking    ] GC(588) Concurrent Preclean 0.084ms
[12.304s][info][gc,marking    ] GC(588) Concurrent Mark (12.298s, 12.304s) 6.381ms
[12.304s][info][gc,start      ] GC(588) Pause Remark
[12.305s][info][gc,stringtable] GC(588) Cleaned string and symbol table, strings: 4343 processed, 0 removed, symbols: 36588 processed, 0 removed
[12.305s][info][gc            ] GC(588) Pause Remark 1528M->1528M(2087M) 0.936ms
[12.305s][info][gc,cpu        ] GC(588) User=0.00s Sys=0.00s Real=0.00s
[12.305s][info][gc,marking    ] GC(588) Concurrent Rebuild Remembered Sets
[12.310s][info][gc,marking    ] GC(588) Concurrent Rebuild Remembered Sets 5.100ms
[12.311s][info][gc,start      ] GC(588) Pause Cleanup
[12.311s][info][gc            ] GC(588) Pause Cleanup 1529M->1529M(2087M) 0.240ms
[12.311s][info][gc,cpu        ] GC(588) User=0.00s Sys=0.00s Real=0.00s
[12.311s][info][gc,marking    ] GC(588) Concurrent Cleanup for Next Mark
[12.314s][info][gc,marking    ] GC(588) Concurrent Cleanup for Next Mark 3.092ms
[12.314s][info][gc            ] GC(588) Concurrent Cycle 16.300ms
[12.324s][info][gc,start      ] GC(589) Pause Young (Concurrent Start) (G1 Humongous Allocation)
[12.324s][info][gc,task       ] GC(589) Using 8 workers of 8 for evacuation
[12.325s][info][gc,phases     ] GC(589)   Pre Evacuate Collection Set: 0.4ms
[12.325s][info][gc,phases     ] GC(589)   Evacuate Collection Set: 0.6ms
[12.325s][info][gc,phases     ] GC(589)   Post Evacuate Collection Set: 0.1ms
[12.325s][info][gc,phases     ] GC(589)   Other: 0.3ms
[12.325s][info][gc,heap       ] GC(589) Eden regions: 4->0(338)
[12.325s][info][gc,heap       ] GC(589) Survivor regions: 1->1(43)
[12.325s][info][gc,heap       ] GC(589) Old regions: 26->26
[12.325s][info][gc,heap       ] GC(589) Humongous regions: 1504->1504
[12.325s][info][gc,metaspace  ] GC(589) Metaspace: 9862K->9862K(1058816K)
[12.325s][info][gc            ] GC(589) Pause Young (Concurrent Start) (G1 Humongous Allocation) 1533M->1529M(2087M) 1.510ms
[12.325s][info][gc,cpu        ] GC(589) User=0.00s Sys=0.00s Real=0.00s
[12.325s][info][gc            ] GC(590) Concurrent Cycle
[12.325s][info][gc,marking    ] GC(590) Concurrent Clear Claimed Marks
[12.325s][info][gc,marking    ] GC(590) Concurrent Clear Claimed Marks 0.014ms
[12.325s][info][gc,marking    ] GC(590) Concurrent Scan Root Regions
[12.326s][info][gc,marking    ] GC(590) Concurrent Scan Root Regions 0.060ms
[12.326s][info][gc,marking    ] GC(590) Concurrent Mark (12.326s)
[12.326s][info][gc,marking    ] GC(590) Concurrent Mark From Roots
[12.326s][info][gc,task       ] GC(590) Using 2 workers of 2 for marking
[12.331s][info][gc,marking    ] GC(590) Concurrent Mark From Roots 5.883ms
[12.331s][info][gc,marking    ] GC(590) Concurrent Preclean
[12.332s][info][gc,marking    ] GC(590) Concurrent Preclean 0.078ms
[12.332s][info][gc,marking    ] GC(590) Concurrent Mark (12.326s, 12.332s) 6.019ms
[12.332s][info][gc,start      ] GC(590) Pause Remark
[12.332s][info][gc,stringtable] GC(590) Cleaned string and symbol table, strings: 4343 processed, 0 removed, symbols: 36588 processed, 0 removed
[12.333s][info][gc            ] GC(590) Pause Remark 1532M->1532M(2087M) 1.170ms
[12.333s][info][gc,cpu        ] GC(590) User=0.00s Sys=0.00s Real=0.00s
[12.333s][info][gc,marking    ] GC(590) Concurrent Rebuild Remembered Sets
[12.338s][info][gc,marking    ] GC(590) Concurrent Rebuild Remembered Sets 5.524ms
[12.338s][info][gc,start      ] GC(590) Pause Cleanup
[12.339s][info][gc            ] GC(590) Pause Cleanup 1533M->1533M(2087M) 0.227ms
[12.339s][info][gc,cpu        ] GC(590) User=0.00s Sys=0.00s Real=0.00s
[12.339s][info][gc,marking    ] GC(590) Concurrent Cleanup for Next Mark
[12.342s][info][gc,marking    ] GC(590) Concurrent Cleanup for Next Mark 2.795ms
[12.342s][info][gc            ] GC(590) Concurrent Cycle 16.185ms
[12.352s][info][gc,start      ] GC(591) Pause Young (Concurrent Start) (G1 Humongous Allocation)
[12.352s][info][gc,task       ] GC(591) Using 8 workers of 8 for evacuation
[12.353s][info][gc,phases     ] GC(591)   Pre Evacuate Collection Set: 0.4ms
[12.353s][info][gc,phases     ] GC(591)   Evacuate Collection Set: 0.6ms
[12.353s][info][gc,phases     ] GC(591)   Post Evacuate Collection Set: 0.1ms
[12.353s][info][gc,phases     ] GC(591)   Other: 0.2ms
[12.353s][info][gc,heap       ] GC(591) Eden regions: 4->0(334)
[12.353s][info][gc,heap       ] GC(591) Survivor regions: 1->1(43)
[12.353s][info][gc,heap       ] GC(591) Old regions: 26->26
[12.353s][info][gc,heap       ] GC(591) Humongous regions: 1508->1508
[12.353s][info][gc,metaspace  ] GC(591) Metaspace: 9862K->9862K(1058816K)
[12.353s][info][gc            ] GC(591) Pause Young (Concurrent Start) (G1 Humongous Allocation) 1537M->1533M(2087M) 1.393ms
[12.353s][info][gc,cpu        ] GC(591) User=0.01s Sys=0.00s Real=0.00s
[12.353s][info][gc            ] GC(592) Concurrent Cycle
[12.353s][info][gc,marking    ] GC(592) Concurrent Clear Claimed Marks
[12.353s][info][gc,marking    ] GC(592) Concurrent Clear Claimed Marks 0.010ms
[12.353s][info][gc,marking    ] GC(592) Concurrent Scan Root Regions
[12.353s][info][gc,marking    ] GC(592) Concurrent Scan Root Regions 0.055ms
[12.353s][info][gc,marking    ] GC(592) Concurrent Mark (12.353s)
[12.353s][info][gc,marking    ] GC(592) Concurrent Mark From Roots
[12.353s][info][gc,task       ] GC(592) Using 2 workers of 2 for marking
[12.359s][info][gc,marking    ] GC(592) Concurrent Mark From Roots 6.174ms
[12.359s][info][gc,marking    ] GC(592) Concurrent Preclean
[12.359s][info][gc,marking    ] GC(592) Concurrent Preclean 0.085ms
[12.359s][info][gc,marking    ] GC(592) Concurrent Mark (12.353s, 12.359s) 6.312ms
[12.360s][info][gc,start      ] GC(592) Pause Remark
[12.360s][info][gc,stringtable] GC(592) Cleaned string and symbol table, strings: 4343 processed, 0 removed, symbols: 36588 processed, 0 removed
[12.361s][info][gc            ] GC(592) Pause Remark 1536M->1536M(2087M) 1.058ms
[12.361s][info][gc,cpu        ] GC(592) User=0.00s Sys=0.01s Real=0.00s
[12.361s][info][gc,marking    ] GC(592) Concurrent Rebuild Remembered Sets
[12.366s][info][gc,marking    ] GC(592) Concurrent Rebuild Remembered Sets 5.238ms
[12.366s][info][gc,start      ] GC(592) Pause Cleanup
[12.366s][info][gc            ] GC(592) Pause Cleanup 1537M->1537M(2087M) 0.208ms
[12.366s][info][gc,cpu        ] GC(592) User=0.00s Sys=0.00s Real=0.00s
[12.366s][info][gc,marking    ] GC(592) Concurrent Cleanup for Next Mark
[12.369s][info][gc,marking    ] GC(592) Concurrent Cleanup for Next Mark 3.040ms
[12.369s][info][gc            ] GC(592) Concurrent Cycle 16.370ms
[12.379s][info][gc,start      ] GC(593) Pause Young (Concurrent Start) (G1 Humongous Allocation)
[12.379s][info][gc,task       ] GC(593) Using 8 workers of 8 for evacuation
[12.381s][info][gc,phases     ] GC(593)   Pre Evacuate Collection Set: 0.4ms
[12.381s][info][gc,phases     ] GC(593)   Evacuate Collection Set: 1.0ms
[12.381s][info][gc,phases     ] GC(593)   Post Evacuate Collection Set: 0.2ms
[12.381s][info][gc,phases     ] GC(593)   Other: 0.3ms
[12.381s][info][gc,heap       ] GC(593) Eden regions: 4->0(330)
[12.381s][info][gc,heap       ] GC(593) Survivor regions: 1->1(42)
[12.381s][info][gc,heap       ] GC(593) Old regions: 26->26
[12.381s][info][gc,heap       ] GC(593) Humongous regions: 1512->1512
[12.381s][info][gc,metaspace  ] GC(593) Metaspace: 9862K->9862K(1058816K)
[12.381s][info][gc            ] GC(593) Pause Young (Concurrent Start) (G1 Humongous Allocation) 1541M->1537M(2087M) 1.909ms
[12.381s][info][gc,cpu        ] GC(593) User=0.01s Sys=0.00s Real=0.00s
[12.381s][info][gc            ] GC(594) Concurrent Cycle
[12.381s][info][gc,marking    ] GC(594) Concurrent Clear Claimed Marks
[12.381s][info][gc,marking    ] GC(594) Concurrent Clear Claimed Marks 0.012ms
[12.381s][info][gc,marking    ] GC(594) Concurrent Scan Root Regions
[12.381s][info][gc,marking    ] GC(594) Concurrent Scan Root Regions 0.058ms
[12.381s][info][gc,marking    ] GC(594) Concurrent Mark (12.381s)
[12.381s][info][gc,marking    ] GC(594) Concurrent Mark From Roots
[12.381s][info][gc,task       ] GC(594) Using 2 workers of 2 for marking
[12.387s][info][gc,marking    ] GC(594) Concurrent Mark From Roots 6.241ms
[12.387s][info][gc,marking    ] GC(594) Concurrent Preclean
[12.388s][info][gc,marking    ] GC(594) Concurrent Preclean 0.090ms
[12.388s][info][gc,marking    ] GC(594) Concurrent Mark (12.381s, 12.388s) 6.398ms
[12.388s][info][gc,start      ] GC(594) Pause Remark
[12.389s][info][gc,stringtable] GC(594) Cleaned string and symbol table, strings: 4343 processed, 0 removed, symbols: 36588 processed, 0 removed
[12.389s][info][gc            ] GC(594) Pause Remark 1540M->1540M(2087M) 1.656ms
[12.389s][info][gc,cpu        ] GC(594) User=0.01s Sys=0.00s Real=0.00s
[12.389s][info][gc,marking    ] GC(594) Concurrent Rebuild Remembered Sets
[12.396s][info][gc,marking    ] GC(594) Concurrent Rebuild Remembered Sets 6.298ms
[12.397s][info][gc,start      ] GC(594) Pause Cleanup
[12.397s][info][gc            ] GC(594) Pause Cleanup 1543M->1543M(2087M) 0.280ms
[12.397s][info][gc,cpu        ] GC(594) User=0.01s Sys=0.00s Real=0.00s
[12.397s][info][gc,marking    ] GC(594) Concurrent Cleanup for Next Mark
[12.400s][info][gc,marking    ] GC(594) Concurrent Cleanup for Next Mark 3.033ms
[12.400s][info][gc            ] GC(594) Concurrent Cycle 19.194ms
[12.410s][info][gc,start      ] GC(595) Pause Young (Concurrent Start) (G1 Humongous Allocation)
[12.410s][info][gc,task       ] GC(595) Using 8 workers of 8 for evacuation
[12.411s][info][gc,phases     ] GC(595)   Pre Evacuate Collection Set: 0.4ms
[12.412s][info][gc,phases     ] GC(595)   Evacuate Collection Set: 0.6ms
[12.412s][info][gc,phases     ] GC(595)   Post Evacuate Collection Set: 0.1ms
[12.412s][info][gc,phases     ] GC(595)   Other: 0.3ms
[12.412s][info][gc,heap       ] GC(595) Eden regions: 4->0(326)
[12.412s][info][gc,heap       ] GC(595) Survivor regions: 1->1(42)
[12.412s][info][gc,heap       ] GC(595) Old regions: 26->26
[12.412s][info][gc,heap       ] GC(595) Humongous regions: 1516->1516
[12.412s][info][gc,metaspace  ] GC(595) Metaspace: 9862K->9862K(1058816K)
[12.412s][info][gc            ] GC(595) Pause Young (Concurrent Start) (G1 Humongous Allocation) 1545M->1541M(2087M) 1.484ms
[12.412s][info][gc,cpu        ] GC(595) User=0.01s Sys=0.00s Real=0.01s
[12.412s][info][gc            ] GC(596) Concurrent Cycle
[12.412s][info][gc,marking    ] GC(596) Concurrent Clear Claimed Marks
[12.412s][info][gc,marking    ] GC(596) Concurrent Clear Claimed Marks 0.025ms
[12.412s][info][gc,marking    ] GC(596) Concurrent Scan Root Regions
[12.412s][info][gc,marking    ] GC(596) Concurrent Scan Root Regions 0.079ms
[12.412s][info][gc,marking    ] GC(596) Concurrent Mark (12.412s)
[12.412s][info][gc,marking    ] GC(596) Concurrent Mark From Roots
[12.412s][info][gc,task       ] GC(596) Using 2 workers of 2 for marking
[12.418s][info][gc,marking    ] GC(596) Concurrent Mark From Roots 6.270ms
[12.418s][info][gc,marking    ] GC(596) Concurrent Preclean
[12.418s][info][gc,marking    ] GC(596) Concurrent Preclean 0.079ms
[12.418s][info][gc,marking    ] GC(596) Concurrent Mark (12.412s, 12.418s) 6.409ms
[12.418s][info][gc,start      ] GC(596) Pause Remark
[12.419s][info][gc,stringtable] GC(596) Cleaned string and symbol table, strings: 4343 processed, 0 removed, symbols: 36588 processed, 0 removed
[12.420s][info][gc            ] GC(596) Pause Remark 1544M->1544M(2087M) 1.414ms
[12.420s][info][gc,cpu        ] GC(596) User=0.00s Sys=0.00s Real=0.00s
[12.420s][info][gc,marking    ] GC(596) Concurrent Rebuild Remembered Sets
[12.425s][info][gc,marking    ] GC(596) Concurrent Rebuild Remembered Sets 5.615ms
[12.426s][info][gc,start      ] GC(596) Pause Cleanup
[12.426s][info][gc            ] GC(596) Pause Cleanup 1545M->1545M(2087M) 0.285ms
[12.426s][info][gc,cpu        ] GC(596) User=0.00s Sys=0.00s Real=0.00s
[12.426s][info][gc,marking    ] GC(596) Concurrent Cleanup for Next Mark
[12.429s][info][gc,marking    ] GC(596) Concurrent Cleanup for Next Mark 2.812ms
[12.429s][info][gc            ] GC(596) Concurrent Cycle 17.111ms
[12.439s][info][gc,start      ] GC(597) Pause Young (Concurrent Start) (G1 Humongous Allocation)
[12.439s][info][gc,task       ] GC(597) Using 8 workers of 8 for evacuation
[12.440s][info][gc,phases     ] GC(597)   Pre Evacuate Collection Set: 0.4ms
[12.440s][info][gc,phases     ] GC(597)   Evacuate Collection Set: 0.8ms
[12.440s][info][gc,phases     ] GC(597)   Post Evacuate Collection Set: 0.1ms
[12.440s][info][gc,phases     ] GC(597)   Other: 0.4ms
[12.440s][info][gc,heap       ] GC(597) Eden regions: 4->0(322)
[12.440s][info][gc,heap       ] GC(597) Survivor regions: 1->1(41)
[12.440s][info][gc,heap       ] GC(597) Old regions: 26->26
[12.440s][info][gc,heap       ] GC(597) Humongous regions: 1520->1520
[12.440s][info][gc,metaspace  ] GC(597) Metaspace: 9862K->9862K(1058816K)
[12.440s][info][gc            ] GC(597) Pause Young (Concurrent Start) (G1 Humongous Allocation) 1549M->1545M(2087M) 1.755ms
[12.441s][info][gc,cpu        ] GC(597) User=0.00s Sys=0.00s Real=0.00s
[12.441s][info][gc            ] GC(598) Concurrent Cycle
[12.441s][info][gc,marking    ] GC(598) Concurrent Clear Claimed Marks
[12.441s][info][gc,marking    ] GC(598) Concurrent Clear Claimed Marks 0.014ms
[12.441s][info][gc,marking    ] GC(598) Concurrent Scan Root Regions
[12.441s][info][gc,marking    ] GC(598) Concurrent Scan Root Regions 0.061ms
[12.441s][info][gc,marking    ] GC(598) Concurrent Mark (12.441s)
[12.441s][info][gc,marking    ] GC(598) Concurrent Mark From Roots
[12.441s][info][gc,task       ] GC(598) Using 2 workers of 2 for marking
[12.448s][info][gc,marking    ] GC(598) Concurrent Mark From Roots 7.553ms
[12.448s][info][gc,marking    ] GC(598) Concurrent Preclean
[12.449s][info][gc,marking    ] GC(598) Concurrent Preclean 0.241ms
[12.449s][info][gc,marking    ] GC(598) Concurrent Mark (12.441s, 12.449s) 7.873ms
[12.449s][info][gc,start      ] GC(598) Pause Remark
[12.451s][info][gc,stringtable] GC(598) Cleaned string and symbol table, strings: 4343 processed, 0 removed, symbols: 36588 processed, 0 removed
[12.451s][info][gc            ] GC(598) Pause Remark 1549M->1549M(2087M) 2.435ms
[12.451s][info][gc,cpu        ] GC(598) User=0.01s Sys=0.00s Real=0.00s
[12.451s][info][gc,marking    ] GC(598) Concurrent Rebuild Remembered Sets
[12.458s][info][gc,marking    ] GC(598) Concurrent Rebuild Remembered Sets 7.083ms
[12.458s][info][gc,start      ] GC(598) Pause Cleanup
[12.459s][info][gc            ] GC(598) Pause Cleanup 1549M->1549M(2087M) 0.710ms
[12.459s][info][gc,cpu        ] GC(598) User=0.00s Sys=0.00s Real=0.00s
[12.459s][info][gc,marking    ] GC(598) Concurrent Cleanup for Next Mark
[12.463s][info][gc,marking    ] GC(598) Concurrent Cleanup for Next Mark 3.657ms
[12.463s][info][gc            ] GC(598) Concurrent Cycle 22.481ms
[12.477s][info][gc,start      ] GC(599) Pause Young (Concurrent Start) (G1 Humongous Allocation)
[12.477s][info][gc,task       ] GC(599) Using 8 workers of 8 for evacuation
[12.479s][info][gc,phases     ] GC(599)   Pre Evacuate Collection Set: 0.5ms
[12.479s][info][gc,phases     ] GC(599)   Evacuate Collection Set: 1.2ms
[12.479s][info][gc,phases     ] GC(599)   Post Evacuate Collection Set: 0.2ms
[12.479s][info][gc,phases     ] GC(599)   Other: 0.3ms
[12.479s][info][gc,heap       ] GC(599) Eden regions: 4->0(318)
[12.479s][info][gc,heap       ] GC(599) Survivor regions: 1->1(41)
[12.479s][info][gc,heap       ] GC(599) Old regions: 26->26
[12.479s][info][gc,heap       ] GC(599) Humongous regions: 1524->1524
[12.479s][info][gc,metaspace  ] GC(599) Metaspace: 9862K->9862K(1058816K)
[12.479s][info][gc            ] GC(599) Pause Young (Concurrent Start) (G1 Humongous Allocation) 1553M->1549M(2087M) 2.422ms
[12.480s][info][gc,cpu        ] GC(599) User=0.01s Sys=0.00s Real=0.00s
[12.480s][info][gc            ] GC(600) Concurrent Cycle
[12.480s][info][gc,marking    ] GC(600) Concurrent Clear Claimed Marks
[12.480s][info][gc,marking    ] GC(600) Concurrent Clear Claimed Marks 0.016ms
[12.480s][info][gc,marking    ] GC(600) Concurrent Scan Root Regions
[12.480s][info][gc,marking    ] GC(600) Concurrent Scan Root Regions 0.077ms
[12.480s][info][gc,marking    ] GC(600) Concurrent Mark (12.480s)
[12.480s][info][gc,marking    ] GC(600) Concurrent Mark From Roots
[12.480s][info][gc,task       ] GC(600) Using 2 workers of 2 for marking
[12.487s][info][gc,marking    ] GC(600) Concurrent Mark From Roots 6.934ms
[12.487s][info][gc,marking    ] GC(600) Concurrent Preclean
[12.487s][info][gc,marking    ] GC(600) Concurrent Preclean 0.090ms
[12.487s][info][gc,marking    ] GC(600) Concurrent Mark (12.480s, 12.487s) 7.092ms
[12.487s][info][gc,start      ] GC(600) Pause Remark
[12.488s][info][gc,stringtable] GC(600) Cleaned string and symbol table, strings: 4343 processed, 0 removed, symbols: 36588 processed, 0 removed
[12.489s][info][gc            ] GC(600) Pause Remark 1553M->1553M(2087M) 1.693ms
[12.489s][info][gc,cpu        ] GC(600) User=0.01s Sys=0.00s Real=0.00s
[12.489s][info][gc,marking    ] GC(600) Concurrent Rebuild Remembered Sets
[12.495s][info][gc,marking    ] GC(600) Concurrent Rebuild Remembered Sets 5.998ms
[12.495s][info][gc,start      ] GC(600) Pause Cleanup
[12.495s][info][gc            ] GC(600) Pause Cleanup 1553M->1553M(2087M) 0.406ms
[12.495s][info][gc,cpu        ] GC(600) User=0.00s Sys=0.00s Real=0.00s
[12.495s][info][gc,marking    ] GC(600) Concurrent Cleanup for Next Mark
[12.498s][info][gc,marking    ] GC(600) Concurrent Cleanup for Next Mark 2.983ms
[12.498s][info][gc            ] GC(600) Concurrent Cycle 18.917ms
[12.507s][info][gc,start      ] GC(601) Pause Young (Concurrent Start) (G1 Humongous Allocation)
[12.508s][info][gc,task       ] GC(601) Using 8 workers of 8 for evacuation
[12.510s][info][gc,phases     ] GC(601)   Pre Evacuate Collection Set: 0.5ms
[12.510s][info][gc,phases     ] GC(601)   Evacuate Collection Set: 1.2ms
[12.510s][info][gc,phases     ] GC(601)   Post Evacuate Collection Set: 0.2ms
[12.510s][info][gc,phases     ] GC(601)   Other: 0.3ms
[12.510s][info][gc,heap       ] GC(601) Eden regions: 4->0(314)
[12.510s][info][gc,heap       ] GC(601) Survivor regions: 1->1(40)
[12.510s][info][gc,heap       ] GC(601) Old regions: 26->26
[12.510s][info][gc,heap       ] GC(601) Humongous regions: 1528->1528
[12.510s][info][gc,metaspace  ] GC(601) Metaspace: 9862K->9862K(1058816K)
[12.510s][info][gc            ] GC(601) Pause Young (Concurrent Start) (G1 Humongous Allocation) 1557M->1553M(2087M) 2.497ms
[12.510s][info][gc,cpu        ] GC(601) User=0.01s Sys=0.00s Real=0.00s
[12.510s][info][gc            ] GC(602) Concurrent Cycle
[12.510s][info][gc,marking    ] GC(602) Concurrent Clear Claimed Marks
[12.510s][info][gc,marking    ] GC(602) Concurrent Clear Claimed Marks 0.021ms
[12.510s][info][gc,marking    ] GC(602) Concurrent Scan Root Regions
[12.510s][info][gc,marking    ] GC(602) Concurrent Scan Root Regions 0.088ms
[12.510s][info][gc,marking    ] GC(602) Concurrent Mark (12.510s)
[12.510s][info][gc,marking    ] GC(602) Concurrent Mark From Roots
[12.510s][info][gc,task       ] GC(602) Using 2 workers of 2 for marking
[12.518s][info][gc,marking    ] GC(602) Concurrent Mark From Roots 7.940ms
[12.518s][info][gc,marking    ] GC(602) Concurrent Preclean
[12.518s][info][gc,marking    ] GC(602) Concurrent Preclean 0.093ms
[12.518s][info][gc,marking    ] GC(602) Concurrent Mark (12.510s, 12.518s) 8.098ms
[12.518s][info][gc,start      ] GC(602) Pause Remark
[12.519s][info][gc,stringtable] GC(602) Cleaned string and symbol table, strings: 4343 processed, 0 removed, symbols: 36588 processed, 0 removed
[12.520s][info][gc            ] GC(602) Pause Remark 1556M->1556M(2087M) 1.312ms
[12.520s][info][gc,cpu        ] GC(602) User=0.01s Sys=0.00s Real=0.00s
[12.520s][info][gc,marking    ] GC(602) Concurrent Rebuild Remembered Sets
[12.525s][info][gc,marking    ] GC(602) Concurrent Rebuild Remembered Sets 5.259ms
[12.525s][info][gc,start      ] GC(602) Pause Cleanup
[12.526s][info][gc            ] GC(602) Pause Cleanup 1557M->1557M(2087M) 0.295ms
[12.526s][info][gc,cpu        ] GC(602) User=0.00s Sys=0.01s Real=0.00s
[12.526s][info][gc,marking    ] GC(602) Concurrent Cleanup for Next Mark
[12.529s][info][gc,marking    ] GC(602) Concurrent Cleanup for Next Mark 3.399ms
[12.529s][info][gc            ] GC(602) Concurrent Cycle 18.971ms
[12.537s][info][gc,start      ] GC(603) Pause Young (Concurrent Start) (G1 Humongous Allocation)
[12.537s][info][gc,task       ] GC(603) Using 8 workers of 8 for evacuation
[12.539s][info][gc,phases     ] GC(603)   Pre Evacuate Collection Set: 0.4ms
[12.539s][info][gc,phases     ] GC(603)   Evacuate Collection Set: 1.3ms
[12.539s][info][gc,phases     ] GC(603)   Post Evacuate Collection Set: 0.1ms
[12.539s][info][gc,phases     ] GC(603)   Other: 0.3ms
[12.539s][info][gc,heap       ] GC(603) Eden regions: 4->0(310)
[12.539s][info][gc,heap       ] GC(603) Survivor regions: 1->1(40)
[12.539s][info][gc,heap       ] GC(603) Old regions: 26->26
[12.539s][info][gc,heap       ] GC(603) Humongous regions: 1532->1532
[12.539s][info][gc,metaspace  ] GC(603) Metaspace: 9862K->9862K(1058816K)
[12.539s][info][gc            ] GC(603) Pause Young (Concurrent Start) (G1 Humongous Allocation) 1561M->1557M(2087M) 2.368ms
[12.539s][info][gc,cpu        ] GC(603) User=0.01s Sys=0.00s Real=0.00s
[12.539s][info][gc            ] GC(604) Concurrent Cycle
[12.540s][info][gc,marking    ] GC(604) Concurrent Clear Claimed Marks
[12.540s][info][gc,marking    ] GC(604) Concurrent Clear Claimed Marks 0.018ms
[12.540s][info][gc,marking    ] GC(604) Concurrent Scan Root Regions
[12.540s][info][gc,marking    ] GC(604) Concurrent Scan Root Regions 0.083ms
[12.540s][info][gc,marking    ] GC(604) Concurrent Mark (12.540s)
[12.540s][info][gc,marking    ] GC(604) Concurrent Mark From Roots
[12.540s][info][gc,task       ] GC(604) Using 2 workers of 2 for marking
[12.547s][info][gc,marking    ] GC(604) Concurrent Mark From Roots 7.674ms
[12.547s][info][gc,marking    ] GC(604) Concurrent Preclean
[12.548s][info][gc,marking    ] GC(604) Concurrent Preclean 0.095ms
[12.548s][info][gc,marking    ] GC(604) Concurrent Mark (12.540s, 12.548s) 7.861ms
[12.548s][info][gc,start      ] GC(604) Pause Remark
[12.549s][info][gc,stringtable] GC(604) Cleaned string and symbol table, strings: 4343 processed, 0 removed, symbols: 36588 processed, 0 removed
[12.550s][info][gc            ] GC(604) Pause Remark 1561M->1561M(2087M) 2.073ms
[12.550s][info][gc,cpu        ] GC(604) User=0.01s Sys=0.00s Real=0.00s
[12.550s][info][gc,marking    ] GC(604) Concurrent Rebuild Remembered Sets
[12.558s][info][gc,marking    ] GC(604) Concurrent Rebuild Remembered Sets 7.832ms
[12.558s][info][gc,start      ] GC(604) Pause Cleanup
[12.559s][info][gc            ] GC(604) Pause Cleanup 1564M->1564M(2087M) 0.408ms
[12.559s][info][gc,cpu        ] GC(604) User=0.00s Sys=0.00s Real=0.00s
[12.559s][info][gc,marking    ] GC(604) Concurrent Cleanup for Next Mark
[12.562s][info][gc,marking    ] GC(604) Concurrent Cleanup for Next Mark 3.781ms
[12.562s][info][gc            ] GC(604) Concurrent Cycle 22.993ms
[12.566s][info][gc,start      ] GC(605) Pause Young (Concurrent Start) (G1 Humongous Allocation)
[12.567s][info][gc,task       ] GC(605) Using 8 workers of 8 for evacuation
[12.568s][info][gc,phases     ] GC(605)   Pre Evacuate Collection Set: 0.4ms
[12.568s][info][gc,phases     ] GC(605)   Evacuate Collection Set: 1.0ms
[12.568s][info][gc,phases     ] GC(605)   Post Evacuate Collection Set: 0.2ms
[12.568s][info][gc,phases     ] GC(605)   Other: 0.3ms
[12.568s][info][gc,heap       ] GC(605) Eden regions: 4->0(306)
[12.568s][info][gc,heap       ] GC(605) Survivor regions: 1->1(39)
[12.568s][info][gc,heap       ] GC(605) Old regions: 26->26
[12.568s][info][gc,heap       ] GC(605) Humongous regions: 1536->1536
[12.568s][info][gc,metaspace  ] GC(605) Metaspace: 9862K->9862K(1058816K)
[12.568s][info][gc            ] GC(605) Pause Young (Concurrent Start) (G1 Humongous Allocation) 1565M->1562M(2087M) 1.996ms
[12.568s][info][gc,cpu        ] GC(605) User=0.00s Sys=0.00s Real=0.00s
[12.569s][info][gc            ] GC(606) Concurrent Cycle
[12.569s][info][gc,marking    ] GC(606) Concurrent Clear Claimed Marks
[12.569s][info][gc,marking    ] GC(606) Concurrent Clear Claimed Marks 0.014ms
[12.569s][info][gc,marking    ] GC(606) Concurrent Scan Root Regions
[12.569s][info][gc,marking    ] GC(606) Concurrent Scan Root Regions 0.068ms
[12.569s][info][gc,marking    ] GC(606) Concurrent Mark (12.569s)
[12.569s][info][gc,marking    ] GC(606) Concurrent Mark From Roots
[12.569s][info][gc,task       ] GC(606) Using 2 workers of 2 for marking
[12.575s][info][gc,marking    ] GC(606) Concurrent Mark From Roots 6.047ms
[12.575s][info][gc,marking    ] GC(606) Concurrent Preclean
[12.575s][info][gc,marking    ] GC(606) Concurrent Preclean 0.108ms
[12.575s][info][gc,marking    ] GC(606) Concurrent Mark (12.569s, 12.575s) 6.281ms
[12.575s][info][gc,start      ] GC(606) Pause Remark
[12.577s][info][gc,stringtable] GC(606) Cleaned string and symbol table, strings: 4343 processed, 0 removed, symbols: 36588 processed, 0 removed
[12.577s][info][gc            ] GC(606) Pause Remark 1565M->1565M(2087M) 1.912ms
[12.577s][info][gc,cpu        ] GC(606) User=0.01s Sys=0.00s Real=0.00s
[12.577s][info][gc,marking    ] GC(606) Concurrent Rebuild Remembered Sets
[12.583s][info][gc,marking    ] GC(606) Concurrent Rebuild Remembered Sets 5.994ms
[12.583s][info][gc,start      ] GC(606) Pause Cleanup
[12.584s][info][gc            ] GC(606) Pause Cleanup 1566M->1566M(2087M) 0.364ms
[12.584s][info][gc,cpu        ] GC(606) User=0.00s Sys=0.00s Real=0.00s
[12.584s][info][gc,marking    ] GC(606) Concurrent Cleanup for Next Mark
[12.587s][info][gc,marking    ] GC(606) Concurrent Cleanup for Next Mark 3.252ms
[12.587s][info][gc            ] GC(606) Concurrent Cycle 18.443ms
[12.596s][info][gc,start      ] GC(607) Pause Young (Concurrent Start) (G1 Humongous Allocation)
[12.596s][info][gc,task       ] GC(607) Using 8 workers of 8 for evacuation
[12.598s][info][gc,phases     ] GC(607)   Pre Evacuate Collection Set: 0.4ms
[12.598s][info][gc,phases     ] GC(607)   Evacuate Collection Set: 1.1ms
[12.598s][info][gc,phases     ] GC(607)   Post Evacuate Collection Set: 0.2ms
[12.598s][info][gc,phases     ] GC(607)   Other: 0.3ms
[12.598s][info][gc,heap       ] GC(607) Eden regions: 4->0(302)
[12.598s][info][gc,heap       ] GC(607) Survivor regions: 1->1(39)
[12.598s][info][gc,heap       ] GC(607) Old regions: 26->26
[12.598s][info][gc,heap       ] GC(607) Humongous regions: 1540->1540
[12.599s][info][gc,metaspace  ] GC(607) Metaspace: 9862K->9862K(1058816K)
[12.599s][info][gc            ] GC(607) Pause Young (Concurrent Start) (G1 Humongous Allocation) 1570M->1566M(2087M) 2.108ms
[12.599s][info][gc,cpu        ] GC(607) User=0.00s Sys=0.00s Real=0.00s
[12.599s][info][gc            ] GC(608) Concurrent Cycle
[12.599s][info][gc,marking    ] GC(608) Concurrent Clear Claimed Marks
[12.599s][info][gc,marking    ] GC(608) Concurrent Clear Claimed Marks 0.011ms
[12.599s][info][gc,marking    ] GC(608) Concurrent Scan Root Regions
[12.599s][info][gc,marking    ] GC(608) Concurrent Scan Root Regions 0.078ms
[12.599s][info][gc,marking    ] GC(608) Concurrent Mark (12.599s)
[12.599s][info][gc,marking    ] GC(608) Concurrent Mark From Roots
[12.599s][info][gc,task       ] GC(608) Using 2 workers of 2 for marking
[12.604s][info][gc,marking    ] GC(608) Concurrent Mark From Roots 5.639ms
[12.604s][info][gc,marking    ] GC(608) Concurrent Preclean
[12.605s][info][gc,marking    ] GC(608) Concurrent Preclean 0.090ms
[12.605s][info][gc,marking    ] GC(608) Concurrent Mark (12.599s, 12.605s) 5.806ms
[12.605s][info][gc,start      ] GC(608) Pause Remark
[12.606s][info][gc,stringtable] GC(608) Cleaned string and symbol table, strings: 4343 processed, 0 removed, symbols: 36588 processed, 0 removed
[12.607s][info][gc            ] GC(608) Pause Remark 1569M->1569M(2087M) 1.909ms
[12.607s][info][gc,cpu        ] GC(608) User=0.01s Sys=0.01s Real=0.00s
[12.607s][info][gc,marking    ] GC(608) Concurrent Rebuild Remembered Sets
[12.615s][info][gc,marking    ] GC(608) Concurrent Rebuild Remembered Sets 8.106ms
[12.615s][info][gc,start      ] GC(608) Pause Cleanup
[12.615s][info][gc            ] GC(608) Pause Cleanup 1573M->1573M(2087M) 0.277ms
[12.615s][info][gc,cpu        ] GC(608) User=0.00s Sys=0.00s Real=0.00s
[12.615s][info][gc,marking    ] GC(608) Concurrent Cleanup for Next Mark
[12.618s][info][gc,marking    ] GC(608) Concurrent Cleanup for Next Mark 3.139ms
[12.618s][info][gc            ] GC(608) Concurrent Cycle 19.844ms
[12.622s][info][gc,start      ] GC(609) Pause Young (Concurrent Start) (G1 Humongous Allocation)
[12.622s][info][gc,task       ] GC(609) Using 8 workers of 8 for evacuation
[12.625s][info][gc,phases     ] GC(609)   Pre Evacuate Collection Set: 0.4ms
[12.625s][info][gc,phases     ] GC(609)   Evacuate Collection Set: 1.3ms
[12.625s][info][gc,phases     ] GC(609)   Post Evacuate Collection Set: 0.2ms
[12.625s][info][gc,phases     ] GC(609)   Other: 0.4ms
[12.625s][info][gc,heap       ] GC(609) Eden regions: 4->0(298)
[12.625s][info][gc,heap       ] GC(609) Survivor regions: 1->1(38)
[12.625s][info][gc,heap       ] GC(609) Old regions: 26->26
[12.625s][info][gc,heap       ] GC(609) Humongous regions: 1544->1544
[12.625s][info][gc,metaspace  ] GC(609) Metaspace: 9862K->9862K(1058816K)
[12.625s][info][gc            ] GC(609) Pause Young (Concurrent Start) (G1 Humongous Allocation) 1574M->1570M(2087M) 2.317ms
[12.625s][info][gc,cpu        ] GC(609) User=0.00s Sys=0.00s Real=0.00s
[12.625s][info][gc            ] GC(610) Concurrent Cycle
[12.625s][info][gc,marking    ] GC(610) Concurrent Clear Claimed Marks
[12.625s][info][gc,marking    ] GC(610) Concurrent Clear Claimed Marks 0.013ms
[12.625s][info][gc,marking    ] GC(610) Concurrent Scan Root Regions
[12.625s][info][gc,marking    ] GC(610) Concurrent Scan Root Regions 0.097ms
[12.625s][info][gc,marking    ] GC(610) Concurrent Mark (12.625s)
[12.625s][info][gc,marking    ] GC(610) Concurrent Mark From Roots
[12.625s][info][gc,task       ] GC(610) Using 2 workers of 2 for marking
[12.631s][info][gc,marking    ] GC(610) Concurrent Mark From Roots 5.496ms
[12.631s][info][gc,marking    ] GC(610) Concurrent Preclean
[12.631s][info][gc,marking    ] GC(610) Concurrent Preclean 0.091ms
[12.631s][info][gc,marking    ] GC(610) Concurrent Mark (12.625s, 12.631s) 5.698ms
[12.631s][info][gc,start      ] GC(610) Pause Remark
[12.632s][info][gc,stringtable] GC(610) Cleaned string and symbol table, strings: 4343 processed, 0 removed, symbols: 36588 processed, 0 removed
[12.632s][info][gc            ] GC(610) Pause Remark 1573M->1573M(2087M) 1.248ms
[12.632s][info][gc,cpu        ] GC(610) User=0.01s Sys=0.00s Real=0.01s
[12.632s][info][gc,marking    ] GC(610) Concurrent Rebuild Remembered Sets
[12.637s][info][gc,marking    ] GC(610) Concurrent Rebuild Remembered Sets 4.708ms
[12.637s][info][gc,start      ] GC(610) Pause Cleanup
[12.638s][info][gc            ] GC(610) Pause Cleanup 1574M->1574M(2087M) 0.317ms
[12.638s][info][gc,cpu        ] GC(610) User=0.00s Sys=0.00s Real=0.00s
[12.638s][info][gc,marking    ] GC(610) Concurrent Cleanup for Next Mark
[12.640s][info][gc,marking    ] GC(610) Concurrent Cleanup for Next Mark 2.902ms
[12.641s][info][gc            ] GC(610) Concurrent Cycle 15.684ms
[12.649s][info][gc,start      ] GC(611) Pause Young (Concurrent Start) (G1 Humongous Allocation)
[12.649s][info][gc,task       ] GC(611) Using 8 workers of 8 for evacuation
[12.651s][info][gc,phases     ] GC(611)   Pre Evacuate Collection Set: 0.4ms
[12.651s][info][gc,phases     ] GC(611)   Evacuate Collection Set: 1.0ms
[12.651s][info][gc,phases     ] GC(611)   Post Evacuate Collection Set: 0.2ms
[12.651s][info][gc,phases     ] GC(611)   Other: 0.3ms
[12.651s][info][gc,heap       ] GC(611) Eden regions: 4->0(294)
[12.651s][info][gc,heap       ] GC(611) Survivor regions: 1->1(38)
[12.651s][info][gc,heap       ] GC(611) Old regions: 26->26
[12.651s][info][gc,heap       ] GC(611) Humongous regions: 1548->1548
[12.651s][info][gc,metaspace  ] GC(611) Metaspace: 9862K->9862K(1058816K)
[12.651s][info][gc            ] GC(611) Pause Young (Concurrent Start) (G1 Humongous Allocation) 1578M->1574M(2087M) 2.016ms
[12.651s][info][gc,cpu        ] GC(611) User=0.00s Sys=0.00s Real=0.00s
[12.651s][info][gc            ] GC(612) Concurrent Cycle
[12.651s][info][gc,marking    ] GC(612) Concurrent Clear Claimed Marks
[12.651s][info][gc,marking    ] GC(612) Concurrent Clear Claimed Marks 0.018ms
[12.651s][info][gc,marking    ] GC(612) Concurrent Scan Root Regions
[12.651s][info][gc,marking    ] GC(612) Concurrent Scan Root Regions 0.074ms
[12.651s][info][gc,marking    ] GC(612) Concurrent Mark (12.651s)
[12.651s][info][gc,marking    ] GC(612) Concurrent Mark From Roots
[12.651s][info][gc,task       ] GC(612) Using 2 workers of 2 for marking
[12.659s][info][gc,marking    ] GC(612) Concurrent Mark From Roots 7.239ms
[12.659s][info][gc,marking    ] GC(612) Concurrent Preclean
[12.659s][info][gc,marking    ] GC(612) Concurrent Preclean 0.086ms
[12.659s][info][gc,marking    ] GC(612) Concurrent Mark (12.651s, 12.659s) 7.400ms
[12.659s][info][gc,start      ] GC(612) Pause Remark
[12.660s][info][gc,stringtable] GC(612) Cleaned string and symbol table, strings: 4343 processed, 0 removed, symbols: 36588 processed, 0 removed
[12.661s][info][gc            ] GC(612) Pause Remark 1577M->1577M(2087M) 1.895ms
[12.661s][info][gc,cpu        ] GC(612) User=0.00s Sys=0.00s Real=0.00s
[12.661s][info][gc,marking    ] GC(612) Concurrent Rebuild Remembered Sets
[12.669s][info][gc,marking    ] GC(612) Concurrent Rebuild Remembered Sets 7.542ms
[12.669s][info][gc,start      ] GC(612) Pause Cleanup
[12.669s][info][gc            ] GC(612) Pause Cleanup 1578M->1578M(2087M) 0.286ms
[12.669s][info][gc,cpu        ] GC(612) User=0.00s Sys=0.00s Real=0.00s
[12.669s][info][gc,marking    ] GC(612) Concurrent Cleanup for Next Mark
[12.672s][info][gc,marking    ] GC(612) Concurrent Cleanup for Next Mark 2.695ms
[12.672s][info][gc            ] GC(612) Concurrent Cycle 20.730ms
[12.681s][info][gc,start      ] GC(613) Pause Young (Concurrent Start) (G1 Humongous Allocation)
[12.681s][info][gc,task       ] GC(613) Using 8 workers of 8 for evacuation
[12.683s][info][gc,phases     ] GC(613)   Pre Evacuate Collection Set: 0.5ms
[12.683s][info][gc,phases     ] GC(613)   Evacuate Collection Set: 0.7ms
[12.683s][info][gc,phases     ] GC(613)   Post Evacuate Collection Set: 0.1ms
[12.683s][info][gc,phases     ] GC(613)   Other: 0.3ms
[12.683s][info][gc,heap       ] GC(613) Eden regions: 4->0(291)
[12.683s][info][gc,heap       ] GC(613) Survivor regions: 1->1(37)
[12.683s][info][gc,heap       ] GC(613) Old regions: 26->26
[12.683s][info][gc,heap       ] GC(613) Humongous regions: 1552->1552
[12.683s][info][gc,metaspace  ] GC(613) Metaspace: 9862K->9862K(1058816K)
[12.683s][info][gc            ] GC(613) Pause Young (Concurrent Start) (G1 Humongous Allocation) 1582M->1578M(2087M) 1.660ms
[12.683s][info][gc,cpu        ] GC(613) User=0.00s Sys=0.00s Real=0.01s
[12.683s][info][gc            ] GC(614) Concurrent Cycle
[12.683s][info][gc,marking    ] GC(614) Concurrent Clear Claimed Marks
[12.683s][info][gc,marking    ] GC(614) Concurrent Clear Claimed Marks 0.031ms
[12.683s][info][gc,marking    ] GC(614) Concurrent Scan Root Regions
[12.683s][info][gc,marking    ] GC(614) Concurrent Scan Root Regions 0.097ms
[12.683s][info][gc,marking    ] GC(614) Concurrent Mark (12.683s)
[12.683s][info][gc,marking    ] GC(614) Concurrent Mark From Roots
[12.683s][info][gc,task       ] GC(614) Using 2 workers of 2 for marking
[12.688s][info][gc,marking    ] GC(614) Concurrent Mark From Roots 5.564ms
[12.689s][info][gc,marking    ] GC(614) Concurrent Preclean
[12.689s][info][gc,marking    ] GC(614) Concurrent Preclean 0.089ms
[12.689s][info][gc,marking    ] GC(614) Concurrent Mark (12.683s, 12.689s) 5.765ms
[12.689s][info][gc,start      ] GC(614) Pause Remark
[12.690s][info][gc,stringtable] GC(614) Cleaned string and symbol table, strings: 4350 processed, 0 removed, symbols: 36588 processed, 0 removed
[12.690s][info][gc            ] GC(614) Pause Remark 1581M->1581M(2087M) 1.159ms
[12.690s][info][gc,cpu        ] GC(614) User=0.00s Sys=0.00s Real=0.00s
[12.690s][info][gc,marking    ] GC(614) Concurrent Rebuild Remembered Sets
[12.695s][info][gc,marking    ] GC(614) Concurrent Rebuild Remembered Sets 4.801ms
[12.695s][info][gc,start      ] GC(614) Pause Cleanup
[12.695s][info][gc            ] GC(614) Pause Cleanup 1582M->1582M(2087M) 0.257ms
[12.695s][info][gc,cpu        ] GC(614) User=0.00s Sys=0.00s Real=0.00s
[12.695s][info][gc,marking    ] GC(614) Concurrent Cleanup for Next Mark
[12.698s][info][gc,marking    ] GC(614) Concurrent Cleanup for Next Mark 2.668ms
[12.698s][info][gc            ] GC(614) Concurrent Cycle 15.401ms
[12.707s][info][gc,start      ] GC(615) Pause Young (Concurrent Start) (G1 Humongous Allocation)
[12.707s][info][gc,task       ] GC(615) Using 8 workers of 8 for evacuation
[12.708s][info][gc,phases     ] GC(615)   Pre Evacuate Collection Set: 0.6ms
[12.708s][info][gc,phases     ] GC(615)   Evacuate Collection Set: 0.7ms
[12.708s][info][gc,phases     ] GC(615)   Post Evacuate Collection Set: 0.1ms
[12.708s][info][gc,phases     ] GC(615)   Other: 0.3ms
[12.708s][info][gc,heap       ] GC(615) Eden regions: 4->0(287)
[12.708s][info][gc,heap       ] GC(615) Survivor regions: 1->1(37)
[12.709s][info][gc,heap       ] GC(615) Old regions: 26->26
[12.709s][info][gc,heap       ] GC(615) Humongous regions: 1556->1556
[12.709s][info][gc,metaspace  ] GC(615) Metaspace: 9862K->9862K(1058816K)
[12.709s][info][gc            ] GC(615) Pause Young (Concurrent Start) (G1 Humongous Allocation) 1586M->1582M(2087M) 1.967ms
[12.709s][info][gc,cpu        ] GC(615) User=0.01s Sys=0.00s Real=0.00s
[12.709s][info][gc            ] GC(616) Concurrent Cycle
[12.709s][info][gc,marking    ] GC(616) Concurrent Clear Claimed Marks
[12.709s][info][gc,marking    ] GC(616) Concurrent Clear Claimed Marks 0.014ms
[12.709s][info][gc,marking    ] GC(616) Concurrent Scan Root Regions
[12.709s][info][gc,marking    ] GC(616) Concurrent Scan Root Regions 0.057ms
[12.709s][info][gc,marking    ] GC(616) Concurrent Mark (12.709s)
[12.709s][info][gc,marking    ] GC(616) Concurrent Mark From Roots
[12.709s][info][gc,task       ] GC(616) Using 2 workers of 2 for marking
[12.714s][info][gc,marking    ] GC(616) Concurrent Mark From Roots 5.585ms
[12.714s][info][gc,marking    ] GC(616) Concurrent Preclean
[12.714s][info][gc,marking    ] GC(616) Concurrent Preclean 0.083ms
[12.714s][info][gc,marking    ] GC(616) Concurrent Mark (12.709s, 12.714s) 5.776ms
[12.715s][info][gc,start      ] GC(616) Pause Remark
[12.716s][info][gc,stringtable] GC(616) Cleaned string and symbol table, strings: 4350 processed, 0 removed, symbols: 36588 processed, 0 removed
[12.716s][info][gc            ] GC(616) Pause Remark 1585M->1585M(2087M) 1.613ms
[12.716s][info][gc,cpu        ] GC(616) User=0.01s Sys=0.00s Real=0.00s
[12.716s][info][gc,marking    ] GC(616) Concurrent Rebuild Remembered Sets
[12.721s][info][gc,marking    ] GC(616) Concurrent Rebuild Remembered Sets 5.102ms
[12.722s][info][gc,start      ] GC(616) Pause Cleanup
[12.722s][info][gc            ] GC(616) Pause Cleanup 1586M->1586M(2087M) 0.262ms
[12.722s][info][gc,cpu        ] GC(616) User=0.00s Sys=0.00s Real=0.00s
[12.722s][info][gc,marking    ] GC(616) Concurrent Cleanup for Next Mark
[12.725s][info][gc,marking    ] GC(616) Concurrent Cleanup for Next Mark 2.616ms
[12.725s][info][gc            ] GC(616) Concurrent Cycle 15.947ms
[12.733s][info][gc,start      ] GC(617) Pause Young (Concurrent Start) (G1 Humongous Allocation)
[12.733s][info][gc,task       ] GC(617) Using 8 workers of 8 for evacuation
[12.734s][info][gc,phases     ] GC(617)   Pre Evacuate Collection Set: 0.4ms
[12.734s][info][gc,phases     ] GC(617)   Evacuate Collection Set: 0.7ms
[12.734s][info][gc,phases     ] GC(617)   Post Evacuate Collection Set: 0.2ms
[12.734s][info][gc,phases     ] GC(617)   Other: 0.2ms
[12.734s][info][gc,heap       ] GC(617) Eden regions: 4->0(283)
[12.734s][info][gc,heap       ] GC(617) Survivor regions: 1->1(36)
[12.734s][info][gc,heap       ] GC(617) Old regions: 26->26
[12.734s][info][gc,heap       ] GC(617) Humongous regions: 1560->1560
[12.734s][info][gc,metaspace  ] GC(617) Metaspace: 9862K->9862K(1058816K)
[12.734s][info][gc            ] GC(617) Pause Young (Concurrent Start) (G1 Humongous Allocation) 1590M->1586M(2087M) 1.482ms
[12.734s][info][gc,cpu        ] GC(617) User=0.00s Sys=0.00s Real=0.00s
[12.735s][info][gc            ] GC(618) Concurrent Cycle
[12.735s][info][gc,marking    ] GC(618) Concurrent Clear Claimed Marks
[12.735s][info][gc,marking    ] GC(618) Concurrent Clear Claimed Marks 0.030ms
[12.735s][info][gc,marking    ] GC(618) Concurrent Scan Root Regions
[12.735s][info][gc,marking    ] GC(618) Concurrent Scan Root Regions 0.101ms
[12.735s][info][gc,marking    ] GC(618) Concurrent Mark (12.735s)
[12.735s][info][gc,marking    ] GC(618) Concurrent Mark From Roots
[12.735s][info][gc,task       ] GC(618) Using 2 workers of 2 for marking
[12.740s][info][gc,marking    ] GC(618) Concurrent Mark From Roots 5.232ms
[12.740s][info][gc,marking    ] GC(618) Concurrent Preclean
[12.740s][info][gc,marking    ] GC(618) Concurrent Preclean 0.150ms
[12.740s][info][gc,marking    ] GC(618) Concurrent Mark (12.735s, 12.740s) 5.527ms
[12.741s][info][gc,start      ] GC(618) Pause Remark
[12.742s][info][gc,stringtable] GC(618) Cleaned string and symbol table, strings: 4350 processed, 0 removed, symbols: 36588 processed, 0 removed
[12.742s][info][gc            ] GC(618) Pause Remark 1589M->1589M(2087M) 1.786ms
[12.742s][info][gc,cpu        ] GC(618) User=0.01s Sys=0.00s Real=0.01s
[12.742s][info][gc,marking    ] GC(618) Concurrent Rebuild Remembered Sets
[12.747s][info][gc,marking    ] GC(618) Concurrent Rebuild Remembered Sets 4.960ms
[12.748s][info][gc,start      ] GC(618) Pause Cleanup
[12.748s][info][gc            ] GC(618) Pause Cleanup 1590M->1590M(2087M) 0.267ms
[12.748s][info][gc,cpu        ] GC(618) User=0.00s Sys=0.00s Real=0.00s
[12.748s][info][gc,marking    ] GC(618) Concurrent Cleanup for Next Mark
[12.750s][info][gc,marking    ] GC(618) Concurrent Cleanup for Next Mark 2.530ms
[12.750s][info][gc            ] GC(618) Concurrent Cycle 15.932ms
[12.759s][info][gc,start      ] GC(619) Pause Young (Concurrent Start) (G1 Humongous Allocation)
[12.759s][info][gc,task       ] GC(619) Using 8 workers of 8 for evacuation
[12.760s][info][gc,phases     ] GC(619)   Pre Evacuate Collection Set: 0.4ms
[12.760s][info][gc,phases     ] GC(619)   Evacuate Collection Set: 0.5ms
[12.760s][info][gc,phases     ] GC(619)   Post Evacuate Collection Set: 0.2ms
[12.760s][info][gc,phases     ] GC(619)   Other: 0.2ms
[12.760s][info][gc,heap       ] GC(619) Eden regions: 4->0(279)
[12.760s][info][gc,heap       ] GC(619) Survivor regions: 1->1(36)
[12.760s][info][gc,heap       ] GC(619) Old regions: 26->26
[12.760s][info][gc,heap       ] GC(619) Humongous regions: 1564->1564
[12.760s][info][gc,metaspace  ] GC(619) Metaspace: 9862K->9862K(1058816K)
[12.760s][info][gc            ] GC(619) Pause Young (Concurrent Start) (G1 Humongous Allocation) 1594M->1590M(2087M) 1.347ms
[12.760s][info][gc,cpu        ] GC(619) User=0.00s Sys=0.00s Real=0.00s
[12.760s][info][gc            ] GC(620) Concurrent Cycle
[12.760s][info][gc,marking    ] GC(620) Concurrent Clear Claimed Marks
[12.760s][info][gc,marking    ] GC(620) Concurrent Clear Claimed Marks 0.013ms
[12.760s][info][gc,marking    ] GC(620) Concurrent Scan Root Regions
[12.760s][info][gc,marking    ] GC(620) Concurrent Scan Root Regions 0.119ms
[12.760s][info][gc,marking    ] GC(620) Concurrent Mark (12.760s)
[12.760s][info][gc,marking    ] GC(620) Concurrent Mark From Roots
[12.760s][info][gc,task       ] GC(620) Using 2 workers of 2 for marking
[12.766s][info][gc,marking    ] GC(620) Concurrent Mark From Roots 5.290ms
[12.766s][info][gc,marking    ] GC(620) Concurrent Preclean
[12.766s][info][gc,marking    ] GC(620) Concurrent Preclean 0.124ms
[12.766s][info][gc,marking    ] GC(620) Concurrent Mark (12.760s, 12.766s) 5.523ms
[12.766s][info][gc,start      ] GC(620) Pause Remark
[12.767s][info][gc,stringtable] GC(620) Cleaned string and symbol table, strings: 4350 processed, 0 removed, symbols: 36588 processed, 0 removed
[12.768s][info][gc            ] GC(620) Pause Remark 1593M->1593M(2087M) 1.705ms
[12.768s][info][gc,cpu        ] GC(620) User=0.01s Sys=0.00s Real=0.00s
[12.768s][info][gc,marking    ] GC(620) Concurrent Rebuild Remembered Sets
[12.773s][info][gc,marking    ] GC(620) Concurrent Rebuild Remembered Sets 4.800ms
[12.773s][info][gc,start      ] GC(620) Pause Cleanup
[12.774s][info][gc            ] GC(620) Pause Cleanup 1596M->1596M(2087M) 0.185ms
[12.774s][info][gc,cpu        ] GC(620) User=0.00s Sys=0.00s Real=0.00s
[12.774s][info][gc,marking    ] GC(620) Concurrent Cleanup for Next Mark
[12.776s][info][gc,marking    ] GC(620) Concurrent Cleanup for Next Mark 2.594ms
[12.776s][info][gc            ] GC(620) Concurrent Cycle 16.199ms
[12.783s][info][gc,start      ] GC(621) Pause Young (Concurrent Start) (G1 Humongous Allocation)
[12.783s][info][gc,task       ] GC(621) Using 8 workers of 8 for evacuation
[12.785s][info][gc,phases     ] GC(621)   Pre Evacuate Collection Set: 0.3ms
[12.785s][info][gc,phases     ] GC(621)   Evacuate Collection Set: 0.6ms
[12.785s][info][gc,phases     ] GC(621)   Post Evacuate Collection Set: 0.1ms
[12.785s][info][gc,phases     ] GC(621)   Other: 0.3ms
[12.785s][info][gc,heap       ] GC(621) Eden regions: 4->0(274)
[12.785s][info][gc,heap       ] GC(621) Survivor regions: 1->1(35)
[12.785s][info][gc,heap       ] GC(621) Old regions: 26->27
[12.785s][info][gc,heap       ] GC(621) Humongous regions: 1568->1568
[12.785s][info][gc,metaspace  ] GC(621) Metaspace: 9862K->9862K(1058816K)
[12.785s][info][gc            ] GC(621) Pause Young (Concurrent Start) (G1 Humongous Allocation) 1598M->1594M(2087M) 1.421ms
[12.785s][info][gc,cpu        ] GC(621) User=0.01s Sys=0.00s Real=0.00s
[12.785s][info][gc            ] GC(622) Concurrent Cycle
[12.785s][info][gc,marking    ] GC(622) Concurrent Clear Claimed Marks
[12.785s][info][gc,marking    ] GC(622) Concurrent Clear Claimed Marks 0.032ms
[12.785s][info][gc,marking    ] GC(622) Concurrent Scan Root Regions
[12.785s][info][gc,marking    ] GC(622) Concurrent Scan Root Regions 0.134ms
[12.785s][info][gc,marking    ] GC(622) Concurrent Mark (12.785s)
[12.785s][info][gc,marking    ] GC(622) Concurrent Mark From Roots
[12.785s][info][gc,task       ] GC(622) Using 2 workers of 2 for marking
[12.790s][info][gc,marking    ] GC(622) Concurrent Mark From Roots 5.304ms
[12.790s][info][gc,marking    ] GC(622) Concurrent Preclean
[12.791s][info][gc,marking    ] GC(622) Concurrent Preclean 0.084ms
[12.791s][info][gc,marking    ] GC(622) Concurrent Mark (12.785s, 12.791s) 5.502ms
[12.791s][info][gc,start      ] GC(622) Pause Remark
[12.792s][info][gc,stringtable] GC(622) Cleaned string and symbol table, strings: 4350 processed, 0 removed, symbols: 36588 processed, 0 removed
[12.792s][info][gc            ] GC(622) Pause Remark 1597M->1597M(2087M) 1.752ms
[12.793s][info][gc,cpu        ] GC(622) User=0.01s Sys=0.00s Real=0.01s
[12.793s][info][gc,marking    ] GC(622) Concurrent Rebuild Remembered Sets
[12.797s][info][gc,marking    ] GC(622) Concurrent Rebuild Remembered Sets 4.824ms
[12.798s][info][gc,start      ] GC(622) Pause Cleanup
[12.798s][info][gc            ] GC(622) Pause Cleanup 1600M->1600M(2087M) 0.257ms
[12.799s][info][gc,cpu        ] GC(622) User=0.00s Sys=0.00s Real=0.00s
[12.799s][info][gc,marking    ] GC(622) Concurrent Cleanup for Next Mark
[12.801s][info][gc,marking    ] GC(622) Concurrent Cleanup for Next Mark 2.524ms
[12.801s][info][gc            ] GC(622) Concurrent Cycle 16.311ms
[12.808s][info][gc,start      ] GC(623) Pause Young (Concurrent Start) (G1 Humongous Allocation)
[12.808s][info][gc,task       ] GC(623) Using 8 workers of 8 for evacuation
[12.809s][info][gc,phases     ] GC(623)   Pre Evacuate Collection Set: 0.3ms
[12.809s][info][gc,phases     ] GC(623)   Evacuate Collection Set: 0.7ms
[12.809s][info][gc,phases     ] GC(623)   Post Evacuate Collection Set: 0.1ms
[12.809s][info][gc,phases     ] GC(623)   Other: 0.2ms
[12.809s][info][gc,heap       ] GC(623) Eden regions: 4->0(270)
[12.809s][info][gc,heap       ] GC(623) Survivor regions: 1->1(35)
[12.809s][info][gc,heap       ] GC(623) Old regions: 27->27
[12.809s][info][gc,heap       ] GC(623) Humongous regions: 1572->1572
[12.809s][info][gc,metaspace  ] GC(623) Metaspace: 9862K->9862K(1058816K)
[12.809s][info][gc            ] GC(623) Pause Young (Concurrent Start) (G1 Humongous Allocation) 1602M->1598M(2087M) 1.410ms
[12.809s][info][gc,cpu        ] GC(623) User=0.01s Sys=0.00s Real=0.00s
[12.809s][info][gc            ] GC(624) Concurrent Cycle
[12.809s][info][gc,marking    ] GC(624) Concurrent Clear Claimed Marks
[12.809s][info][gc,marking    ] GC(624) Concurrent Clear Claimed Marks 0.009ms
[12.809s][info][gc,marking    ] GC(624) Concurrent Scan Root Regions
[12.809s][info][gc,marking    ] GC(624) Concurrent Scan Root Regions 0.123ms
[12.810s][info][gc,marking    ] GC(624) Concurrent Mark (12.810s)
[12.810s][info][gc,marking    ] GC(624) Concurrent Mark From Roots
[12.810s][info][gc,task       ] GC(624) Using 2 workers of 2 for marking
[12.815s][info][gc,marking    ] GC(624) Concurrent Mark From Roots 5.106ms
[12.815s][info][gc,marking    ] GC(624) Concurrent Preclean
[12.815s][info][gc,marking    ] GC(624) Concurrent Preclean 0.100ms
[12.815s][info][gc,marking    ] GC(624) Concurrent Mark (12.810s, 12.815s) 5.301ms
[12.815s][info][gc,start      ] GC(624) Pause Remark
[12.816s][info][gc,stringtable] GC(624) Cleaned string and symbol table, strings: 4350 processed, 0 removed, symbols: 36588 processed, 0 removed
[12.816s][info][gc            ] GC(624) Pause Remark 1601M->1601M(2087M) 1.215ms
[12.816s][info][gc,cpu        ] GC(624) User=0.01s Sys=0.00s Real=0.00s
[12.816s][info][gc,marking    ] GC(624) Concurrent Rebuild Remembered Sets
[12.821s][info][gc,marking    ] GC(624) Concurrent Rebuild Remembered Sets 4.816ms
[12.822s][info][gc,start      ] GC(624) Pause Cleanup
[12.822s][info][gc            ] GC(624) Pause Cleanup 1604M->1604M(2087M) 0.267ms
[12.822s][info][gc,cpu        ] GC(624) User=0.00s Sys=0.01s Real=0.00s
[12.822s][info][gc,marking    ] GC(624) Concurrent Cleanup for Next Mark
[12.825s][info][gc,marking    ] GC(624) Concurrent Cleanup for Next Mark 2.491ms
[12.825s][info][gc            ] GC(624) Concurrent Cycle 15.562ms
[12.832s][info][gc,start      ] GC(625) Pause Young (Concurrent Start) (G1 Humongous Allocation)
[12.832s][info][gc,task       ] GC(625) Using 8 workers of 8 for evacuation
[12.833s][info][gc,phases     ] GC(625)   Pre Evacuate Collection Set: 0.3ms
[12.833s][info][gc,phases     ] GC(625)   Evacuate Collection Set: 0.6ms
[12.833s][info][gc,phases     ] GC(625)   Post Evacuate Collection Set: 0.2ms
[12.833s][info][gc,phases     ] GC(625)   Other: 0.2ms
[12.833s][info][gc,heap       ] GC(625) Eden regions: 4->0(266)
[12.833s][info][gc,heap       ] GC(625) Survivor regions: 1->1(34)
[12.833s][info][gc,heap       ] GC(625) Old regions: 27->27
[12.833s][info][gc,heap       ] GC(625) Humongous regions: 1576->1576
[12.833s][info][gc,metaspace  ] GC(625) Metaspace: 9862K->9862K(1058816K)
[12.833s][info][gc            ] GC(625) Pause Young (Concurrent Start) (G1 Humongous Allocation) 1606M->1602M(2087M) 1.345ms
[12.833s][info][gc,cpu        ] GC(625) User=0.00s Sys=0.00s Real=0.00s
[12.833s][info][gc            ] GC(626) Concurrent Cycle
[12.833s][info][gc,marking    ] GC(626) Concurrent Clear Claimed Marks
[12.833s][info][gc,marking    ] GC(626) Concurrent Clear Claimed Marks 0.030ms
[12.834s][info][gc,marking    ] GC(626) Concurrent Scan Root Regions
[12.834s][info][gc,marking    ] GC(626) Concurrent Scan Root Regions 0.135ms
[12.834s][info][gc,marking    ] GC(626) Concurrent Mark (12.834s)
[12.834s][info][gc,marking    ] GC(626) Concurrent Mark From Roots
[12.834s][info][gc,task       ] GC(626) Using 2 workers of 2 for marking
[12.839s][info][gc,marking    ] GC(626) Concurrent Mark From Roots 5.218ms
[12.839s][info][gc,marking    ] GC(626) Concurrent Preclean
[12.839s][info][gc,marking    ] GC(626) Concurrent Preclean 0.068ms
[12.839s][info][gc,marking    ] GC(626) Concurrent Mark (12.834s, 12.839s) 5.368ms
[12.839s][info][gc,start      ] GC(626) Pause Remark
[12.840s][info][gc,stringtable] GC(626) Cleaned string and symbol table, strings: 4350 processed, 0 removed, symbols: 36588 processed, 0 removed
[12.840s][info][gc            ] GC(626) Pause Remark 1605M->1605M(2087M) 1.140ms
[12.840s][info][gc,cpu        ] GC(626) User=0.01s Sys=0.00s Real=0.00s
[12.840s][info][gc,marking    ] GC(626) Concurrent Rebuild Remembered Sets
[12.845s][info][gc,marking    ] GC(626) Concurrent Rebuild Remembered Sets 4.898ms
[12.845s][info][gc,start      ] GC(626) Pause Cleanup
[12.846s][info][gc            ] GC(626) Pause Cleanup 1608M->1608M(2087M) 0.286ms
[12.846s][info][gc,cpu        ] GC(626) User=0.01s Sys=0.00s Real=0.00s
[12.846s][info][gc,marking    ] GC(626) Concurrent Cleanup for Next Mark
[12.848s][info][gc,marking    ] GC(626) Concurrent Cleanup for Next Mark 2.526ms
[12.848s][info][gc            ] GC(626) Concurrent Cycle 14.994ms
[12.855s][info][gc,start      ] GC(627) Pause Young (Concurrent Start) (G1 Humongous Allocation)
[12.855s][info][gc,task       ] GC(627) Using 8 workers of 8 for evacuation
[12.857s][info][gc,phases     ] GC(627)   Pre Evacuate Collection Set: 0.4ms
[12.857s][info][gc,phases     ] GC(627)   Evacuate Collection Set: 1.3ms
[12.857s][info][gc,phases     ] GC(627)   Post Evacuate Collection Set: 0.2ms
[12.857s][info][gc,phases     ] GC(627)   Other: 0.3ms
[12.857s][info][gc,heap       ] GC(627) Eden regions: 4->0(262)
[12.857s][info][gc,heap       ] GC(627) Survivor regions: 1->1(34)
[12.857s][info][gc,heap       ] GC(627) Old regions: 27->27
[12.857s][info][gc,heap       ] GC(627) Humongous regions: 1580->1580
[12.857s][info][gc,metaspace  ] GC(627) Metaspace: 9862K->9862K(1058816K)
[12.857s][info][gc            ] GC(627) Pause Young (Concurrent Start) (G1 Humongous Allocation) 1610M->1606M(2087M) 2.238ms
[12.857s][info][gc,cpu        ] GC(627) User=0.01s Sys=0.00s Real=0.00s
[12.857s][info][gc            ] GC(628) Concurrent Cycle
[12.857s][info][gc,marking    ] GC(628) Concurrent Clear Claimed Marks
[12.857s][info][gc,marking    ] GC(628) Concurrent Clear Claimed Marks 0.035ms
[12.857s][info][gc,marking    ] GC(628) Concurrent Scan Root Regions
[12.858s][info][gc,marking    ] GC(628) Concurrent Scan Root Regions 0.140ms
[12.858s][info][gc,marking    ] GC(628) Concurrent Mark (12.858s)
[12.858s][info][gc,marking    ] GC(628) Concurrent Mark From Roots
[12.858s][info][gc,task       ] GC(628) Using 2 workers of 2 for marking
[12.863s][info][gc,marking    ] GC(628) Concurrent Mark From Roots 5.373ms
[12.863s][info][gc,marking    ] GC(628) Concurrent Preclean
[12.863s][info][gc,marking    ] GC(628) Concurrent Preclean 0.093ms
[12.863s][info][gc,marking    ] GC(628) Concurrent Mark (12.858s, 12.863s) 5.574ms
[12.863s][info][gc,start      ] GC(628) Pause Remark
[12.864s][info][gc,stringtable] GC(628) Cleaned string and symbol table, strings: 4350 processed, 0 removed, symbols: 36588 processed, 0 removed
[12.865s][info][gc            ] GC(628) Pause Remark 1609M->1609M(2087M) 1.582ms
[12.865s][info][gc,cpu        ] GC(628) User=0.01s Sys=0.00s Real=0.00s
[12.865s][info][gc,marking    ] GC(628) Concurrent Rebuild Remembered Sets
[12.872s][info][gc,marking    ] GC(628) Concurrent Rebuild Remembered Sets 6.981ms
[12.873s][info][gc,start      ] GC(628) Pause Cleanup
[12.873s][info][gc            ] GC(628) Pause Cleanup 1612M->1612M(2087M) 0.223ms
[12.873s][info][gc,cpu        ] GC(628) User=0.00s Sys=0.00s Real=0.00s
[12.873s][info][gc,marking    ] GC(628) Concurrent Cleanup for Next Mark
[12.875s][info][gc,marking    ] GC(628) Concurrent Cleanup for Next Mark 2.598ms
[12.875s][info][gc            ] GC(628) Concurrent Cycle 18.205ms
[12.883s][info][gc,start      ] GC(629) Pause Young (Concurrent Start) (G1 Humongous Allocation)
[12.883s][info][gc,task       ] GC(629) Using 8 workers of 8 for evacuation
[12.884s][info][gc,phases     ] GC(629)   Pre Evacuate Collection Set: 0.4ms
[12.884s][info][gc,phases     ] GC(629)   Evacuate Collection Set: 0.5ms
[12.884s][info][gc,phases     ] GC(629)   Post Evacuate Collection Set: 0.1ms
[12.884s][info][gc,phases     ] GC(629)   Other: 0.3ms
[12.884s][info][gc,heap       ] GC(629) Eden regions: 4->0(258)
[12.884s][info][gc,heap       ] GC(629) Survivor regions: 1->1(33)
[12.884s][info][gc,heap       ] GC(629) Old regions: 27->27
[12.884s][info][gc,heap       ] GC(629) Humongous regions: 1584->1584
[12.884s][info][gc,metaspace  ] GC(629) Metaspace: 9862K->9862K(1058816K)
[12.884s][info][gc            ] GC(629) Pause Young (Concurrent Start) (G1 Humongous Allocation) 1614M->1610M(2087M) 1.343ms
[12.884s][info][gc,cpu        ] GC(629) User=0.01s Sys=0.00s Real=0.00s
[12.884s][info][gc            ] GC(630) Concurrent Cycle
[12.884s][info][gc,marking    ] GC(630) Concurrent Clear Claimed Marks
[12.884s][info][gc,marking    ] GC(630) Concurrent Clear Claimed Marks 0.011ms
[12.884s][info][gc,marking    ] GC(630) Concurrent Scan Root Regions
[12.885s][info][gc,marking    ] GC(630) Concurrent Scan Root Regions 0.050ms
[12.885s][info][gc,marking    ] GC(630) Concurrent Mark (12.885s)
[12.885s][info][gc,marking    ] GC(630) Concurrent Mark From Roots
[12.885s][info][gc,task       ] GC(630) Using 2 workers of 2 for marking
[12.890s][info][gc,marking    ] GC(630) Concurrent Mark From Roots 5.623ms
[12.890s][info][gc,marking    ] GC(630) Concurrent Preclean
[12.890s][info][gc,marking    ] GC(630) Concurrent Preclean 0.074ms
[12.890s][info][gc,marking    ] GC(630) Concurrent Mark (12.885s, 12.890s) 5.789ms
[12.891s][info][gc,start      ] GC(630) Pause Remark
[12.892s][info][gc,stringtable] GC(630) Cleaned string and symbol table, strings: 4350 processed, 0 removed, symbols: 36588 processed, 0 removed
[12.892s][info][gc            ] GC(630) Pause Remark 1613M->1613M(2087M) 1.627ms
[12.892s][info][gc,cpu        ] GC(630) User=0.01s Sys=0.00s Real=0.01s
[12.892s][info][gc,marking    ] GC(630) Concurrent Rebuild Remembered Sets
[12.897s][info][gc,marking    ] GC(630) Concurrent Rebuild Remembered Sets 4.927ms
[12.897s][info][gc,start      ] GC(630) Pause Cleanup
[12.898s][info][gc            ] GC(630) Pause Cleanup 1614M->1614M(2087M) 0.326ms
[12.898s][info][gc,cpu        ] GC(630) User=0.01s Sys=0.00s Real=0.00s
[12.898s][info][gc,marking    ] GC(630) Concurrent Cleanup for Next Mark
[12.901s][info][gc,marking    ] GC(630) Concurrent Cleanup for Next Mark 3.159ms
[12.901s][info][gc            ] GC(630) Concurrent Cycle 16.542ms
[12.910s][info][gc,start      ] GC(631) Pause Young (Concurrent Start) (G1 Humongous Allocation)
[12.910s][info][gc,task       ] GC(631) Using 8 workers of 8 for evacuation
[12.912s][info][gc,phases     ] GC(631)   Pre Evacuate Collection Set: 0.4ms
[12.912s][info][gc,phases     ] GC(631)   Evacuate Collection Set: 0.8ms
[12.912s][info][gc,phases     ] GC(631)   Post Evacuate Collection Set: 0.1ms
[12.912s][info][gc,phases     ] GC(631)   Other: 0.3ms
[12.912s][info][gc,heap       ] GC(631) Eden regions: 4->0(254)
[12.912s][info][gc,heap       ] GC(631) Survivor regions: 1->1(33)
[12.912s][info][gc,heap       ] GC(631) Old regions: 27->27
[12.912s][info][gc,heap       ] GC(631) Humongous regions: 1588->1588
[12.912s][info][gc,metaspace  ] GC(631) Metaspace: 9862K->9862K(1058816K)
[12.912s][info][gc            ] GC(631) Pause Young (Concurrent Start) (G1 Humongous Allocation) 1618M->1614M(2087M) 1.741ms
[12.912s][info][gc,cpu        ] GC(631) User=0.01s Sys=0.00s Real=0.01s
[12.912s][info][gc            ] GC(632) Concurrent Cycle
[12.912s][info][gc,marking    ] GC(632) Concurrent Clear Claimed Marks
[12.912s][info][gc,marking    ] GC(632) Concurrent Clear Claimed Marks 0.010ms
[12.912s][info][gc,marking    ] GC(632) Concurrent Scan Root Regions
[12.912s][info][gc,marking    ] GC(632) Concurrent Scan Root Regions 0.057ms
[12.912s][info][gc,marking    ] GC(632) Concurrent Mark (12.912s)
[12.912s][info][gc,marking    ] GC(632) Concurrent Mark From Roots
[12.912s][info][gc,task       ] GC(632) Using 2 workers of 2 for marking
[12.918s][info][gc,marking    ] GC(632) Concurrent Mark From Roots 5.292ms
[12.918s][info][gc,marking    ] GC(632) Concurrent Preclean
[12.918s][info][gc,marking    ] GC(632) Concurrent Preclean 0.075ms
[12.918s][info][gc,marking    ] GC(632) Concurrent Mark (12.912s, 12.918s) 5.428ms
[12.918s][info][gc,start      ] GC(632) Pause Remark
[12.919s][info][gc,stringtable] GC(632) Cleaned string and symbol table, strings: 4350 processed, 0 removed, symbols: 36588 processed, 0 removed
[12.919s][info][gc            ] GC(632) Pause Remark 1617M->1617M(2087M) 1.183ms
[12.919s][info][gc,cpu        ] GC(632) User=0.01s Sys=0.00s Real=0.00s
[12.919s][info][gc,marking    ] GC(632) Concurrent Rebuild Remembered Sets
[12.924s][info][gc,marking    ] GC(632) Concurrent Rebuild Remembered Sets 5.173ms
[12.925s][info][gc,start      ] GC(632) Pause Cleanup
[12.926s][info][gc            ] GC(632) Pause Cleanup 1620M->1620M(2087M) 0.263ms
[12.926s][info][gc,cpu        ] GC(632) User=0.00s Sys=0.00s Real=0.00s
[12.926s][info][gc,marking    ] GC(632) Concurrent Cleanup for Next Mark
[12.928s][info][gc,marking    ] GC(632) Concurrent Cleanup for Next Mark 2.783ms
[12.928s][info][gc            ] GC(632) Concurrent Cycle 16.279ms
[12.936s][info][gc,start      ] GC(633) Pause Young (Concurrent Start) (G1 Humongous Allocation)
[12.936s][info][gc,task       ] GC(633) Using 8 workers of 8 for evacuation
[12.937s][info][gc,phases     ] GC(633)   Pre Evacuate Collection Set: 0.4ms
[12.937s][info][gc,phases     ] GC(633)   Evacuate Collection Set: 0.5ms
[12.937s][info][gc,phases     ] GC(633)   Post Evacuate Collection Set: 0.1ms
[12.937s][info][gc,phases     ] GC(633)   Other: 0.3ms
[12.937s][info][gc,heap       ] GC(633) Eden regions: 4->0(250)
[12.937s][info][gc,heap       ] GC(633) Survivor regions: 1->1(32)
[12.937s][info][gc,heap       ] GC(633) Old regions: 27->27
[12.937s][info][gc,heap       ] GC(633) Humongous regions: 1592->1592
[12.937s][info][gc,metaspace  ] GC(633) Metaspace: 9862K->9862K(1058816K)
[12.937s][info][gc            ] GC(633) Pause Young (Concurrent Start) (G1 Humongous Allocation) 1622M->1618M(2087M) 1.428ms
[12.937s][info][gc,cpu        ] GC(633) User=0.00s Sys=0.00s Real=0.00s
[12.938s][info][gc            ] GC(634) Concurrent Cycle
[12.938s][info][gc,marking    ] GC(634) Concurrent Clear Claimed Marks
[12.938s][info][gc,marking    ] GC(634) Concurrent Clear Claimed Marks 0.037ms
[12.938s][info][gc,marking    ] GC(634) Concurrent Scan Root Regions
[12.938s][info][gc,marking    ] GC(634) Concurrent Scan Root Regions 0.095ms
[12.938s][info][gc,marking    ] GC(634) Concurrent Mark (12.938s)
[12.938s][info][gc,marking    ] GC(634) Concurrent Mark From Roots
[12.938s][info][gc,task       ] GC(634) Using 2 workers of 2 for marking
[12.943s][info][gc,marking    ] GC(634) Concurrent Mark From Roots 5.412ms
[12.943s][info][gc,marking    ] GC(634) Concurrent Preclean
[12.943s][info][gc,marking    ] GC(634) Concurrent Preclean 0.082ms
[12.943s][info][gc,marking    ] GC(634) Concurrent Mark (12.938s, 12.943s) 5.558ms
[12.943s][info][gc,start      ] GC(634) Pause Remark
[12.944s][info][gc,stringtable] GC(634) Cleaned string and symbol table, strings: 4350 processed, 0 removed, symbols: 36588 processed, 0 removed
[12.945s][info][gc            ] GC(634) Pause Remark 1621M->1621M(2087M) 1.259ms
[12.945s][info][gc,cpu        ] GC(634) User=0.00s Sys=0.00s Real=0.00s
[12.945s][info][gc,marking    ] GC(634) Concurrent Rebuild Remembered Sets
[12.949s][info][gc,marking    ] GC(634) Concurrent Rebuild Remembered Sets 4.742ms
[12.950s][info][gc,start      ] GC(634) Pause Cleanup
[12.950s][info][gc            ] GC(634) Pause Cleanup 1622M->1622M(2087M) 0.177ms
[12.950s][info][gc,cpu        ] GC(634) User=0.00s Sys=0.00s Real=0.00s
[12.950s][info][gc,marking    ] GC(634) Concurrent Cleanup for Next Mark
[12.952s][info][gc,marking    ] GC(634) Concurrent Cleanup for Next Mark 2.651ms
[12.952s][info][gc            ] GC(634) Concurrent Cycle 14.907ms
[12.961s][info][gc,start      ] GC(635) Pause Young (Concurrent Start) (G1 Humongous Allocation)
[12.962s][info][gc,task       ] GC(635) Using 8 workers of 8 for evacuation
[12.963s][info][gc,phases     ] GC(635)   Pre Evacuate Collection Set: 0.4ms
[12.963s][info][gc,phases     ] GC(635)   Evacuate Collection Set: 0.5ms
[12.963s][info][gc,phases     ] GC(635)   Post Evacuate Collection Set: 0.1ms
[12.963s][info][gc,phases     ] GC(635)   Other: 0.2ms
[12.963s][info][gc,heap       ] GC(635) Eden regions: 4->0(246)
[12.963s][info][gc,heap       ] GC(635) Survivor regions: 1->1(32)
[12.963s][info][gc,heap       ] GC(635) Old regions: 27->27
[12.963s][info][gc,heap       ] GC(635) Humongous regions: 1596->1596
[12.963s][info][gc,metaspace  ] GC(635) Metaspace: 9862K->9862K(1058816K)
[12.963s][info][gc            ] GC(635) Pause Young (Concurrent Start) (G1 Humongous Allocation) 1626M->1622M(2087M) 1.338ms
[12.963s][info][gc,cpu        ] GC(635) User=0.01s Sys=0.00s Real=0.00s
[12.963s][info][gc            ] GC(636) Concurrent Cycle
[12.963s][info][gc,marking    ] GC(636) Concurrent Clear Claimed Marks
[12.963s][info][gc,marking    ] GC(636) Concurrent Clear Claimed Marks 0.014ms
[12.963s][info][gc,marking    ] GC(636) Concurrent Scan Root Regions
[12.963s][info][gc,marking    ] GC(636) Concurrent Scan Root Regions 0.050ms
[12.963s][info][gc,marking    ] GC(636) Concurrent Mark (12.963s)
[12.963s][info][gc,marking    ] GC(636) Concurrent Mark From Roots
[12.963s][info][gc,task       ] GC(636) Using 2 workers of 2 for marking
[12.969s][info][gc,marking    ] GC(636) Concurrent Mark From Roots 5.641ms
[12.969s][info][gc,marking    ] GC(636) Concurrent Preclean
[12.969s][info][gc,marking    ] GC(636) Concurrent Preclean 0.079ms
[12.969s][info][gc,marking    ] GC(636) Concurrent Mark (12.963s, 12.969s) 5.778ms
[12.969s][info][gc,start      ] GC(636) Pause Remark
[12.970s][info][gc,stringtable] GC(636) Cleaned string and symbol table, strings: 4350 processed, 0 removed, symbols: 36588 processed, 0 removed
[12.971s][info][gc            ] GC(636) Pause Remark 1625M->1625M(2087M) 1.670ms
[12.971s][info][gc,cpu        ] GC(636) User=0.01s Sys=0.00s Real=0.00s
[12.971s][info][gc,marking    ] GC(636) Concurrent Rebuild Remembered Sets
[12.975s][info][gc,marking    ] GC(636) Concurrent Rebuild Remembered Sets 4.776ms
[12.976s][info][gc,start      ] GC(636) Pause Cleanup
[12.977s][info][gc            ] GC(636) Pause Cleanup 1628M->1628M(2087M) 0.289ms
[12.977s][info][gc,cpu        ] GC(636) User=0.01s Sys=0.00s Real=0.00s
[12.977s][info][gc,marking    ] GC(636) Concurrent Cleanup for Next Mark
[12.980s][info][gc,marking    ] GC(636) Concurrent Cleanup for Next Mark 2.824ms
[12.980s][info][gc            ] GC(636) Concurrent Cycle 16.673ms
[12.986s][info][gc,start      ] GC(637) Pause Young (Concurrent Start) (G1 Humongous Allocation)
[12.986s][info][gc,task       ] GC(637) Using 8 workers of 8 for evacuation
[12.989s][info][gc,phases     ] GC(637)   Pre Evacuate Collection Set: 0.4ms
[12.989s][info][gc,phases     ] GC(637)   Evacuate Collection Set: 1.2ms
[12.989s][info][gc,phases     ] GC(637)   Post Evacuate Collection Set: 0.3ms
[12.989s][info][gc,phases     ] GC(637)   Other: 0.4ms
[12.989s][info][gc,heap       ] GC(637) Eden regions: 4->0(243)
[12.989s][info][gc,heap       ] GC(637) Survivor regions: 1->1(31)
[12.989s][info][gc,heap       ] GC(637) Old regions: 27->27
[12.989s][info][gc,heap       ] GC(637) Humongous regions: 1600->1600
[12.989s][info][gc,metaspace  ] GC(637) Metaspace: 9862K->9862K(1058816K)
[12.989s][info][gc            ] GC(637) Pause Young (Concurrent Start) (G1 Humongous Allocation) 1630M->1626M(2087M) 2.422ms
[12.989s][info][gc,cpu        ] GC(637) User=0.01s Sys=0.01s Real=0.00s
[12.989s][info][gc            ] GC(638) Concurrent Cycle
[12.989s][info][gc,marking    ] GC(638) Concurrent Clear Claimed Marks
[12.989s][info][gc,marking    ] GC(638) Concurrent Clear Claimed Marks 0.018ms
[12.989s][info][gc,marking    ] GC(638) Concurrent Scan Root Regions
[12.989s][info][gc,marking    ] GC(638) Concurrent Scan Root Regions 0.063ms
[12.989s][info][gc,marking    ] GC(638) Concurrent Mark (12.989s)
[12.989s][info][gc,marking    ] GC(638) Concurrent Mark From Roots
[12.989s][info][gc,task       ] GC(638) Using 2 workers of 2 for marking
[12.995s][info][gc,marking    ] GC(638) Concurrent Mark From Roots 5.421ms
[12.995s][info][gc,marking    ] GC(638) Concurrent Preclean
[12.995s][info][gc,marking    ] GC(638) Concurrent Preclean 0.075ms
[12.995s][info][gc,marking    ] GC(638) Concurrent Mark (12.989s, 12.995s) 5.562ms
[12.995s][info][gc,start      ] GC(638) Pause Remark
[12.996s][info][gc,stringtable] GC(638) Cleaned string and symbol table, strings: 4350 processed, 0 removed, symbols: 36588 processed, 0 removed
[12.996s][info][gc            ] GC(638) Pause Remark 1629M->1629M(2087M) 1.593ms
[12.996s][info][gc,cpu        ] GC(638) User=0.01s Sys=0.00s Real=0.00s
[12.996s][info][gc,marking    ] GC(638) Concurrent Rebuild Remembered Sets
[13.001s][info][gc,marking    ] GC(638) Concurrent Rebuild Remembered Sets 4.816ms
[13.002s][info][gc,start      ] GC(638) Pause Cleanup
[13.002s][info][gc            ] GC(638) Pause Cleanup 1632M->1632M(2087M) 0.312ms
[13.002s][info][gc,cpu        ] GC(638) User=0.00s Sys=0.00s Real=0.00s
[13.003s][info][gc,marking    ] GC(638) Concurrent Cleanup for Next Mark
[13.005s][info][gc,marking    ] GC(638) Concurrent Cleanup for Next Mark 2.583ms
[13.005s][info][gc            ] GC(638) Concurrent Cycle 16.167ms
[13.012s][info][gc,start      ] GC(639) Pause Young (Concurrent Start) (G1 Humongous Allocation)
[13.012s][info][gc,task       ] GC(639) Using 8 workers of 8 for evacuation
[13.014s][info][gc,phases     ] GC(639)   Pre Evacuate Collection Set: 0.6ms
[13.014s][info][gc,phases     ] GC(639)   Evacuate Collection Set: 0.7ms
[13.014s][info][gc,phases     ] GC(639)   Post Evacuate Collection Set: 0.2ms
[13.014s][info][gc,phases     ] GC(639)   Other: 0.3ms
[13.014s][info][gc,heap       ] GC(639) Eden regions: 4->0(239)
[13.014s][info][gc,heap       ] GC(639) Survivor regions: 1->1(31)
[13.014s][info][gc,heap       ] GC(639) Old regions: 27->27
[13.014s][info][gc,heap       ] GC(639) Humongous regions: 1604->1604
[13.014s][info][gc,metaspace  ] GC(639) Metaspace: 9862K->9862K(1058816K)
[13.014s][info][gc            ] GC(639) Pause Young (Concurrent Start) (G1 Humongous Allocation) 1634M->1630M(2087M) 1.878ms
[13.014s][info][gc,cpu        ] GC(639) User=0.00s Sys=0.00s Real=0.00s
[13.014s][info][gc            ] GC(640) Concurrent Cycle
[13.014s][info][gc,marking    ] GC(640) Concurrent Clear Claimed Marks
[13.014s][info][gc,marking    ] GC(640) Concurrent Clear Claimed Marks 0.015ms
[13.014s][info][gc,marking    ] GC(640) Concurrent Scan Root Regions
[13.014s][info][gc,marking    ] GC(640) Concurrent Scan Root Regions 0.149ms
[13.014s][info][gc,marking    ] GC(640) Concurrent Mark (13.014s)
[13.014s][info][gc,marking    ] GC(640) Concurrent Mark From Roots
[13.014s][info][gc,task       ] GC(640) Using 2 workers of 2 for marking
[13.020s][info][gc,marking    ] GC(640) Concurrent Mark From Roots 5.229ms
[13.020s][info][gc,marking    ] GC(640) Concurrent Preclean
[13.020s][info][gc,marking    ] GC(640) Concurrent Preclean 0.080ms
[13.020s][info][gc,marking    ] GC(640) Concurrent Mark (13.014s, 13.020s) 5.379ms
[13.020s][info][gc,start      ] GC(640) Pause Remark
[13.021s][info][gc,stringtable] GC(640) Cleaned string and symbol table, strings: 4350 processed, 0 removed, symbols: 36588 processed, 0 removed
[13.021s][info][gc            ] GC(640) Pause Remark 1633M->1633M(2087M) 1.368ms
[13.021s][info][gc,cpu        ] GC(640) User=0.01s Sys=0.00s Real=0.01s
[13.021s][info][gc,marking    ] GC(640) Concurrent Rebuild Remembered Sets
[13.026s][info][gc,marking    ] GC(640) Concurrent Rebuild Remembered Sets 4.991ms
[13.027s][info][gc,start      ] GC(640) Pause Cleanup
[13.027s][info][gc            ] GC(640) Pause Cleanup 1636M->1636M(2087M) 0.228ms
[13.027s][info][gc,cpu        ] GC(640) User=0.00s Sys=0.00s Real=0.00s
[13.028s][info][gc,marking    ] GC(640) Concurrent Cleanup for Next Mark
[13.030s][info][gc,marking    ] GC(640) Concurrent Cleanup for Next Mark 2.512ms
[13.030s][info][gc            ] GC(640) Concurrent Cycle 15.871ms
[13.037s][info][gc,start      ] GC(641) Pause Young (Concurrent Start) (G1 Humongous Allocation)
[13.037s][info][gc,task       ] GC(641) Using 8 workers of 8 for evacuation
[13.038s][info][gc,phases     ] GC(641)   Pre Evacuate Collection Set: 0.4ms
[13.038s][info][gc,phases     ] GC(641)   Evacuate Collection Set: 0.6ms
[13.038s][info][gc,phases     ] GC(641)   Post Evacuate Collection Set: 0.1ms
[13.038s][info][gc,phases     ] GC(641)   Other: 0.2ms
[13.038s][info][gc,heap       ] GC(641) Eden regions: 4->0(235)
[13.038s][info][gc,heap       ] GC(641) Survivor regions: 1->1(30)
[13.038s][info][gc,heap       ] GC(641) Old regions: 27->27
[13.038s][info][gc,heap       ] GC(641) Humongous regions: 1608->1608
[13.038s][info][gc,metaspace  ] GC(641) Metaspace: 9862K->9862K(1058816K)
[13.038s][info][gc            ] GC(641) Pause Young (Concurrent Start) (G1 Humongous Allocation) 1638M->1634M(2087M) 1.323ms
[13.038s][info][gc,cpu        ] GC(641) User=0.00s Sys=0.00s Real=0.00s
[13.038s][info][gc            ] GC(642) Concurrent Cycle
[13.039s][info][gc,marking    ] GC(642) Concurrent Clear Claimed Marks
[13.039s][info][gc,marking    ] GC(642) Concurrent Clear Claimed Marks 0.012ms
[13.039s][info][gc,marking    ] GC(642) Concurrent Scan Root Regions
[13.039s][info][gc,marking    ] GC(642) Concurrent Scan Root Regions 0.055ms
[13.039s][info][gc,marking    ] GC(642) Concurrent Mark (13.039s)
[13.039s][info][gc,marking    ] GC(642) Concurrent Mark From Roots
[13.039s][info][gc,task       ] GC(642) Using 2 workers of 2 for marking
[13.044s][info][gc,marking    ] GC(642) Concurrent Mark From Roots 5.537ms
[13.044s][info][gc,marking    ] GC(642) Concurrent Preclean
[13.044s][info][gc,marking    ] GC(642) Concurrent Preclean 0.093ms
[13.044s][info][gc,marking    ] GC(642) Concurrent Mark (13.039s, 13.044s) 5.727ms
[13.044s][info][gc,start      ] GC(642) Pause Remark
[13.045s][info][gc,stringtable] GC(642) Cleaned string and symbol table, strings: 4350 processed, 0 removed, symbols: 36588 processed, 0 removed
[13.046s][info][gc            ] GC(642) Pause Remark 1637M->1637M(2087M) 1.122ms
[13.046s][info][gc,cpu        ] GC(642) User=0.00s Sys=0.00s Real=0.00s
[13.046s][info][gc,marking    ] GC(642) Concurrent Rebuild Remembered Sets
[13.051s][info][gc,marking    ] GC(642) Concurrent Rebuild Remembered Sets 5.251ms
[13.052s][info][gc,start      ] GC(642) Pause Cleanup
[13.052s][info][gc            ] GC(642) Pause Cleanup 1640M->1640M(2087M) 0.303ms
[13.052s][info][gc,cpu        ] GC(642) User=0.00s Sys=0.00s Real=0.00s
[13.052s][info][gc,marking    ] GC(642) Concurrent Cleanup for Next Mark
[13.055s][info][gc,marking    ] GC(642) Concurrent Cleanup for Next Mark 2.533ms
[13.055s][info][gc            ] GC(642) Concurrent Cycle 16.227ms
[13.062s][info][gc,start      ] GC(643) Pause Young (Concurrent Start) (G1 Humongous Allocation)
[13.062s][info][gc,task       ] GC(643) Using 8 workers of 8 for evacuation
[13.064s][info][gc,phases     ] GC(643)   Pre Evacuate Collection Set: 0.4ms
[13.064s][info][gc,phases     ] GC(643)   Evacuate Collection Set: 1.2ms
[13.064s][info][gc,phases     ] GC(643)   Post Evacuate Collection Set: 0.2ms
[13.064s][info][gc,phases     ] GC(643)   Other: 0.4ms
[13.064s][info][gc,heap       ] GC(643) Eden regions: 4->0(231)
[13.064s][info][gc,heap       ] GC(643) Survivor regions: 1->1(30)
[13.064s][info][gc,heap       ] GC(643) Old regions: 27->27
[13.064s][info][gc,heap       ] GC(643) Humongous regions: 1612->1612
[13.064s][info][gc,metaspace  ] GC(643) Metaspace: 9862K->9862K(1058816K)
[13.064s][info][gc            ] GC(643) Pause Young (Concurrent Start) (G1 Humongous Allocation) 1642M->1638M(2087M) 2.208ms
[13.064s][info][gc,cpu        ] GC(643) User=0.01s Sys=0.00s Real=0.00s
[13.064s][info][gc            ] GC(644) Concurrent Cycle
[13.064s][info][gc,marking    ] GC(644) Concurrent Clear Claimed Marks
[13.064s][info][gc,marking    ] GC(644) Concurrent Clear Claimed Marks 0.011ms
[13.064s][info][gc,marking    ] GC(644) Concurrent Scan Root Regions
[13.065s][info][gc,marking    ] GC(644) Concurrent Scan Root Regions 0.048ms
[13.065s][info][gc,marking    ] GC(644) Concurrent Mark (13.065s)
[13.065s][info][gc,marking    ] GC(644) Concurrent Mark From Roots
[13.065s][info][gc,task       ] GC(644) Using 2 workers of 2 for marking
[13.072s][info][gc,marking    ] GC(644) Concurrent Mark From Roots 7.276ms
[13.072s][info][gc,marking    ] GC(644) Concurrent Preclean
[13.072s][info][gc,marking    ] GC(644) Concurrent Preclean 0.082ms
[13.072s][info][gc,marking    ] GC(644) Concurrent Mark (13.065s, 13.072s) 7.421ms
[13.072s][info][gc,start      ] GC(644) Pause Remark
[13.073s][info][gc,stringtable] GC(644) Cleaned string and symbol table, strings: 4350 processed, 0 removed, symbols: 36588 processed, 0 removed
[13.073s][info][gc            ] GC(644) Pause Remark 1641M->1641M(2087M) 1.268ms
[13.073s][info][gc,cpu        ] GC(644) User=0.00s Sys=0.00s Real=0.00s
[13.073s][info][gc,marking    ] GC(644) Concurrent Rebuild Remembered Sets
[13.078s][info][gc,marking    ] GC(644) Concurrent Rebuild Remembered Sets 4.765ms
[13.078s][info][gc,start      ] GC(644) Pause Cleanup
[13.079s][info][gc            ] GC(644) Pause Cleanup 1642M->1642M(2087M) 0.291ms
[13.079s][info][gc,cpu        ] GC(644) User=0.00s Sys=0.00s Real=0.00s
[13.079s][info][gc,marking    ] GC(644) Concurrent Cleanup for Next Mark
[13.081s][info][gc,marking    ] GC(644) Concurrent Cleanup for Next Mark 2.547ms
[13.081s][info][gc            ] GC(644) Concurrent Cycle 16.728ms
[13.089s][info][gc,start      ] GC(645) Pause Young (Concurrent Start) (G1 Humongous Allocation)
[13.089s][info][gc,task       ] GC(645) Using 8 workers of 8 for evacuation
[13.091s][info][gc,phases     ] GC(645)   Pre Evacuate Collection Set: 0.4ms
[13.091s][info][gc,phases     ] GC(645)   Evacuate Collection Set: 0.7ms
[13.091s][info][gc,phases     ] GC(645)   Post Evacuate Collection Set: 0.1ms
[13.091s][info][gc,phases     ] GC(645)   Other: 0.2ms
[13.091s][info][gc,heap       ] GC(645) Eden regions: 4->0(227)
[13.091s][info][gc,heap       ] GC(645) Survivor regions: 1->1(29)
[13.091s][info][gc,heap       ] GC(645) Old regions: 27->27
[13.091s][info][gc,heap       ] GC(645) Humongous regions: 1616->1616
[13.091s][info][gc,metaspace  ] GC(645) Metaspace: 9862K->9862K(1058816K)
[13.091s][info][gc            ] GC(645) Pause Young (Concurrent Start) (G1 Humongous Allocation) 1646M->1642M(2087M) 1.483ms
[13.091s][info][gc,cpu        ] GC(645) User=0.01s Sys=0.00s Real=0.00s
[13.091s][info][gc            ] GC(646) Concurrent Cycle
[13.091s][info][gc,marking    ] GC(646) Concurrent Clear Claimed Marks
[13.091s][info][gc,marking    ] GC(646) Concurrent Clear Claimed Marks 0.036ms
[13.091s][info][gc,marking    ] GC(646) Concurrent Scan Root Regions
[13.091s][info][gc,marking    ] GC(646) Concurrent Scan Root Regions 0.111ms
[13.091s][info][gc,marking    ] GC(646) Concurrent Mark (13.091s)
[13.091s][info][gc,marking    ] GC(646) Concurrent Mark From Roots
[13.091s][info][gc,task       ] GC(646) Using 2 workers of 2 for marking
[13.097s][info][gc,marking    ] GC(646) Concurrent Mark From Roots 5.593ms
[13.097s][info][gc,marking    ] GC(646) Concurrent Preclean
[13.097s][info][gc,marking    ] GC(646) Concurrent Preclean 0.076ms
[13.097s][info][gc,marking    ] GC(646) Concurrent Mark (13.091s, 13.097s) 5.760ms
[13.097s][info][gc,start      ] GC(646) Pause Remark
[13.098s][info][gc,stringtable] GC(646) Cleaned string and symbol table, strings: 4350 processed, 0 removed, symbols: 36588 processed, 0 removed
[13.098s][info][gc            ] GC(646) Pause Remark 1645M->1645M(2087M) 1.220ms
[13.098s][info][gc,cpu        ] GC(646) User=0.01s Sys=0.00s Real=0.00s
[13.098s][info][gc,marking    ] GC(646) Concurrent Rebuild Remembered Sets
[13.103s][info][gc,marking    ] GC(646) Concurrent Rebuild Remembered Sets 4.888ms
[13.104s][info][gc,start      ] GC(646) Pause Cleanup
[13.104s][info][gc            ] GC(646) Pause Cleanup 1648M->1648M(2087M) 0.198ms
[13.104s][info][gc,cpu        ] GC(646) User=0.00s Sys=0.00s Real=0.00s
[13.104s][info][gc,marking    ] GC(646) Concurrent Cleanup for Next Mark
[13.107s][info][gc,marking    ] GC(646) Concurrent Cleanup for Next Mark 2.438ms
[13.107s][info][gc            ] GC(646) Concurrent Cycle 15.770ms
[13.114s][info][gc,start      ] GC(647) Pause Young (Concurrent Start) (G1 Humongous Allocation)
[13.114s][info][gc,task       ] GC(647) Using 8 workers of 8 for evacuation
[13.115s][info][gc,phases     ] GC(647)   Pre Evacuate Collection Set: 0.4ms
[13.115s][info][gc,phases     ] GC(647)   Evacuate Collection Set: 0.6ms
[13.115s][info][gc,phases     ] GC(647)   Post Evacuate Collection Set: 0.2ms
[13.115s][info][gc,phases     ] GC(647)   Other: 0.2ms
[13.115s][info][gc,heap       ] GC(647) Eden regions: 4->0(223)
[13.115s][info][gc,heap       ] GC(647) Survivor regions: 1->1(29)
[13.115s][info][gc,heap       ] GC(647) Old regions: 27->27
[13.115s][info][gc,heap       ] GC(647) Humongous regions: 1620->1620
[13.115s][info][gc,metaspace  ] GC(647) Metaspace: 9862K->9862K(1058816K)
[13.115s][info][gc            ] GC(647) Pause Young (Concurrent Start) (G1 Humongous Allocation) 1650M->1646M(2087M) 1.398ms
[13.115s][info][gc,cpu        ] GC(647) User=0.00s Sys=0.00s Real=0.00s
[13.115s][info][gc            ] GC(648) Concurrent Cycle
[13.115s][info][gc,marking    ] GC(648) Concurrent Clear Claimed Marks
[13.115s][info][gc,marking    ] GC(648) Concurrent Clear Claimed Marks 0.031ms
[13.115s][info][gc,marking    ] GC(648) Concurrent Scan Root Regions
[13.115s][info][gc,marking    ] GC(648) Concurrent Scan Root Regions 0.095ms
[13.115s][info][gc,marking    ] GC(648) Concurrent Mark (13.115s)
[13.115s][info][gc,marking    ] GC(648) Concurrent Mark From Roots
[13.115s][info][gc,task       ] GC(648) Using 2 workers of 2 for marking
[13.121s][info][gc,marking    ] GC(648) Concurrent Mark From Roots 5.725ms
[13.121s][info][gc,marking    ] GC(648) Concurrent Preclean
[13.121s][info][gc,marking    ] GC(648) Concurrent Preclean 0.106ms
[13.121s][info][gc,marking    ] GC(648) Concurrent Mark (13.115s, 13.121s) 5.944ms
[13.121s][info][gc,start      ] GC(648) Pause Remark
[13.123s][info][gc,stringtable] GC(648) Cleaned string and symbol table, strings: 4350 processed, 0 removed, symbols: 36588 processed, 0 removed
[13.123s][info][gc            ] GC(648) Pause Remark 1649M->1649M(2087M) 1.736ms
[13.123s][info][gc,cpu        ] GC(648) User=0.00s Sys=0.00s Real=0.00s
[13.123s][info][gc,marking    ] GC(648) Concurrent Rebuild Remembered Sets
[13.131s][info][gc,marking    ] GC(648) Concurrent Rebuild Remembered Sets 7.242ms
[13.132s][info][gc,start      ] GC(648) Pause Cleanup
[13.132s][info][gc            ] GC(648) Pause Cleanup 1652M->1652M(2087M) 0.368ms
[13.132s][info][gc,cpu        ] GC(648) User=0.00s Sys=0.00s Real=0.00s
[13.132s][info][gc,marking    ] GC(648) Concurrent Cleanup for Next Mark
[13.135s][info][gc,marking    ] GC(648) Concurrent Cleanup for Next Mark 2.649ms
[13.135s][info][gc            ] GC(648) Concurrent Cycle 19.503ms
[13.142s][info][gc,start      ] GC(649) Pause Young (Concurrent Start) (G1 Humongous Allocation)
[13.142s][info][gc,task       ] GC(649) Using 8 workers of 8 for evacuation
[13.144s][info][gc,phases     ] GC(649)   Pre Evacuate Collection Set: 0.4ms
[13.144s][info][gc,phases     ] GC(649)   Evacuate Collection Set: 1.0ms
[13.144s][info][gc,phases     ] GC(649)   Post Evacuate Collection Set: 0.2ms
[13.144s][info][gc,phases     ] GC(649)   Other: 0.3ms
[13.144s][info][gc,heap       ] GC(649) Eden regions: 4->0(219)
[13.144s][info][gc,heap       ] GC(649) Survivor regions: 1->1(28)
[13.144s][info][gc,heap       ] GC(649) Old regions: 27->27
[13.144s][info][gc,heap       ] GC(649) Humongous regions: 1624->1624
[13.144s][info][gc,metaspace  ] GC(649) Metaspace: 9862K->9862K(1058816K)
[13.144s][info][gc            ] GC(649) Pause Young (Concurrent Start) (G1 Humongous Allocation) 1654M->1650M(2087M) 1.995ms
[13.144s][info][gc,cpu        ] GC(649) User=0.01s Sys=0.00s Real=0.00s
[13.144s][info][gc            ] GC(650) Concurrent Cycle
[13.144s][info][gc,marking    ] GC(650) Concurrent Clear Claimed Marks
[13.144s][info][gc,marking    ] GC(650) Concurrent Clear Claimed Marks 0.010ms
[13.144s][info][gc,marking    ] GC(650) Concurrent Scan Root Regions
[13.144s][info][gc,marking    ] GC(650) Concurrent Scan Root Regions 0.082ms
[13.144s][info][gc,marking    ] GC(650) Concurrent Mark (13.144s)
[13.144s][info][gc,marking    ] GC(650) Concurrent Mark From Roots
[13.144s][info][gc,task       ] GC(650) Using 2 workers of 2 for marking
[13.149s][info][gc,marking    ] GC(650) Concurrent Mark From Roots 5.560ms
[13.150s][info][gc,marking    ] GC(650) Concurrent Preclean
[13.150s][info][gc,marking    ] GC(650) Concurrent Preclean 0.092ms
[13.150s][info][gc,marking    ] GC(650) Concurrent Mark (13.144s, 13.150s) 5.769ms
[13.150s][info][gc,start      ] GC(650) Pause Remark
[13.151s][info][gc,stringtable] GC(650) Cleaned string and symbol table, strings: 4350 processed, 0 removed, symbols: 36588 processed, 0 removed
[13.152s][info][gc            ] GC(650) Pause Remark 1653M->1653M(2087M) 1.772ms
[13.152s][info][gc,cpu        ] GC(650) User=0.01s Sys=0.00s Real=0.01s
[13.152s][info][gc,marking    ] GC(650) Concurrent Rebuild Remembered Sets
[13.157s][info][gc,marking    ] GC(650) Concurrent Rebuild Remembered Sets 5.094ms
[13.157s][info][gc,start      ] GC(650) Pause Cleanup
[13.157s][info][gc            ] GC(650) Pause Cleanup 1654M->1654M(2087M) 0.337ms
[13.157s][info][gc,cpu        ] GC(650) User=0.00s Sys=0.00s Real=0.00s
[13.157s][info][gc,marking    ] GC(650) Concurrent Cleanup for Next Mark
[13.160s][info][gc,marking    ] GC(650) Concurrent Cleanup for Next Mark 2.707ms
[13.160s][info][gc            ] GC(650) Concurrent Cycle 16.389ms
[13.169s][info][gc,start      ] GC(651) Pause Young (Concurrent Start) (G1 Humongous Allocation)
[13.169s][info][gc,task       ] GC(651) Using 8 workers of 8 for evacuation
[13.171s][info][gc,phases     ] GC(651)   Pre Evacuate Collection Set: 0.4ms
[13.171s][info][gc,phases     ] GC(651)   Evacuate Collection Set: 0.6ms
[13.171s][info][gc,phases     ] GC(651)   Post Evacuate Collection Set: 0.1ms
[13.171s][info][gc,phases     ] GC(651)   Other: 0.3ms
[13.171s][info][gc,heap       ] GC(651) Eden regions: 4->0(216)
[13.171s][info][gc,heap       ] GC(651) Survivor regions: 1->1(28)
[13.171s][info][gc,heap       ] GC(651) Old regions: 27->27
[13.171s][info][gc,heap       ] GC(651) Humongous regions: 1628->1628
[13.171s][info][gc,metaspace  ] GC(651) Metaspace: 9862K->9862K(1058816K)
[13.171s][info][gc            ] GC(651) Pause Young (Concurrent Start) (G1 Humongous Allocation) 1658M->1654M(2087M) 1.543ms
[13.171s][info][gc,cpu        ] GC(651) User=0.01s Sys=0.00s Real=0.00s
[13.171s][info][gc            ] GC(652) Concurrent Cycle
[13.171s][info][gc,marking    ] GC(652) Concurrent Clear Claimed Marks
[13.171s][info][gc,marking    ] GC(652) Concurrent Clear Claimed Marks 0.013ms
[13.171s][info][gc,marking    ] GC(652) Concurrent Scan Root Regions
[13.171s][info][gc,marking    ] GC(652) Concurrent Scan Root Regions 0.118ms
[13.171s][info][gc,marking    ] GC(652) Concurrent Mark (13.171s)
[13.171s][info][gc,marking    ] GC(652) Concurrent Mark From Roots
[13.171s][info][gc,task       ] GC(652) Using 2 workers of 2 for marking
[13.176s][info][gc,marking    ] GC(652) Concurrent Mark From Roots 5.308ms
[13.176s][info][gc,marking    ] GC(652) Concurrent Preclean
[13.176s][info][gc,marking    ] GC(652) Concurrent Preclean 0.104ms
[13.176s][info][gc,marking    ] GC(652) Concurrent Mark (13.171s, 13.176s) 5.473ms
[13.177s][info][gc,start      ] GC(652) Pause Remark
[13.177s][info][gc,stringtable] GC(652) Cleaned string and symbol table, strings: 4350 processed, 0 removed, symbols: 36588 processed, 0 removed
[13.178s][info][gc            ] GC(652) Pause Remark 1657M->1657M(2087M) 1.223ms
[13.178s][info][gc,cpu        ] GC(652) User=0.01s Sys=0.00s Real=0.00s
[13.178s][info][gc,marking    ] GC(652) Concurrent Rebuild Remembered Sets
[13.183s][info][gc,marking    ] GC(652) Concurrent Rebuild Remembered Sets 4.797ms
[13.183s][info][gc,start      ] GC(652) Pause Cleanup
[13.183s][info][gc            ] GC(652) Pause Cleanup 1658M->1658M(2087M) 0.214ms
[13.183s][info][gc,cpu        ] GC(652) User=0.00s Sys=0.00s Real=0.00s
[13.183s][info][gc,marking    ] GC(652) Concurrent Cleanup for Next Mark
[13.186s][info][gc,marking    ] GC(652) Concurrent Cleanup for Next Mark 2.526ms
[13.186s][info][gc            ] GC(652) Concurrent Cycle 14.869ms
[13.194s][info][gc,start      ] GC(653) Pause Young (Concurrent Start) (G1 Humongous Allocation)
[13.194s][info][gc,task       ] GC(653) Using 8 workers of 8 for evacuation
[13.196s][info][gc,phases     ] GC(653)   Pre Evacuate Collection Set: 0.4ms
[13.196s][info][gc,phases     ] GC(653)   Evacuate Collection Set: 0.6ms
[13.196s][info][gc,phases     ] GC(653)   Post Evacuate Collection Set: 0.2ms
[13.196s][info][gc,phases     ] GC(653)   Other: 0.2ms
[13.196s][info][gc,heap       ] GC(653) Eden regions: 4->0(212)
[13.196s][info][gc,heap       ] GC(653) Survivor regions: 1->1(28)
[13.196s][info][gc,heap       ] GC(653) Old regions: 27->27
[13.196s][info][gc,heap       ] GC(653) Humongous regions: 1632->1632
[13.196s][info][gc,metaspace  ] GC(653) Metaspace: 9862K->9862K(1058816K)
[13.196s][info][gc            ] GC(653) Pause Young (Concurrent Start) (G1 Humongous Allocation) 1662M->1658M(2087M) 1.524ms
[13.196s][info][gc,cpu        ] GC(653) User=0.00s Sys=0.00s Real=0.00s
[13.196s][info][gc            ] GC(654) Concurrent Cycle
[13.196s][info][gc,marking    ] GC(654) Concurrent Clear Claimed Marks
[13.196s][info][gc,marking    ] GC(654) Concurrent Clear Claimed Marks 0.012ms
[13.196s][info][gc,marking    ] GC(654) Concurrent Scan Root Regions
[13.196s][info][gc,marking    ] GC(654) Concurrent Scan Root Regions 0.081ms
[13.196s][info][gc,marking    ] GC(654) Concurrent Mark (13.196s)
[13.196s][info][gc,marking    ] GC(654) Concurrent Mark From Roots
[13.196s][info][gc,task       ] GC(654) Using 2 workers of 2 for marking
[13.201s][info][gc,marking    ] GC(654) Concurrent Mark From Roots 5.206ms
[13.201s][info][gc,marking    ] GC(654) Concurrent Preclean
[13.201s][info][gc,marking    ] GC(654) Concurrent Preclean 0.067ms
[13.201s][info][gc,marking    ] GC(654) Concurrent Mark (13.196s, 13.201s) 5.325ms
[13.202s][info][gc,start      ] GC(654) Pause Remark
[13.203s][info][gc,stringtable] GC(654) Cleaned string and symbol table, strings: 4350 processed, 0 removed, symbols: 36588 processed, 0 removed
[13.203s][info][gc            ] GC(654) Pause Remark 1661M->1661M(2087M) 1.900ms
[13.203s][info][gc,cpu        ] GC(654) User=0.01s Sys=0.00s Real=0.00s
[13.204s][info][gc,marking    ] GC(654) Concurrent Rebuild Remembered Sets
[13.208s][info][gc,marking    ] GC(654) Concurrent Rebuild Remembered Sets 4.781ms
[13.209s][info][gc,start      ] GC(654) Pause Cleanup
[13.210s][info][gc            ] GC(654) Pause Cleanup 1664M->1664M(2087M) 0.265ms
[13.210s][info][gc,cpu        ] GC(654) User=0.00s Sys=0.00s Real=0.00s
[13.210s][info][gc,marking    ] GC(654) Concurrent Cleanup for Next Mark
[13.212s][info][gc,marking    ] GC(654) Concurrent Cleanup for Next Mark 2.547ms
[13.212s][info][gc            ] GC(654) Concurrent Cycle 16.374ms
[13.219s][info][gc,start      ] GC(655) Pause Young (Concurrent Start) (G1 Humongous Allocation)
[13.219s][info][gc,task       ] GC(655) Using 8 workers of 8 for evacuation
[13.221s][info][gc,phases     ] GC(655)   Pre Evacuate Collection Set: 0.4ms
[13.221s][info][gc,phases     ] GC(655)   Evacuate Collection Set: 0.6ms
[13.221s][info][gc,phases     ] GC(655)   Post Evacuate Collection Set: 0.1ms
[13.221s][info][gc,phases     ] GC(655)   Other: 0.3ms
[13.221s][info][gc,heap       ] GC(655) Eden regions: 4->0(208)
[13.221s][info][gc,heap       ] GC(655) Survivor regions: 1->1(27)
[13.221s][info][gc,heap       ] GC(655) Old regions: 27->27
[13.221s][info][gc,heap       ] GC(655) Humongous regions: 1636->1636
[13.221s][info][gc,metaspace  ] GC(655) Metaspace: 9862K->9862K(1058816K)
[13.221s][info][gc            ] GC(655) Pause Young (Concurrent Start) (G1 Humongous Allocation) 1666M->1662M(2087M) 1.394ms
[13.221s][info][gc,cpu        ] GC(655) User=0.01s Sys=0.00s Real=0.00s
[13.221s][info][gc            ] GC(656) Concurrent Cycle
[13.221s][info][gc,marking    ] GC(656) Concurrent Clear Claimed Marks
[13.221s][info][gc,marking    ] GC(656) Concurrent Clear Claimed Marks 0.043ms
[13.221s][info][gc,marking    ] GC(656) Concurrent Scan Root Regions
[13.221s][info][gc,marking    ] GC(656) Concurrent Scan Root Regions 0.069ms
[13.221s][info][gc,marking    ] GC(656) Concurrent Mark (13.221s)
[13.221s][info][gc,marking    ] GC(656) Concurrent Mark From Roots
[13.221s][info][gc,task       ] GC(656) Using 2 workers of 2 for marking
[13.226s][info][gc,marking    ] GC(656) Concurrent Mark From Roots 5.378ms
[13.226s][info][gc,marking    ] GC(656) Concurrent Preclean
[13.227s][info][gc,marking    ] GC(656) Concurrent Preclean 0.093ms
[13.227s][info][gc,marking    ] GC(656) Concurrent Mark (13.221s, 13.227s) 5.540ms
[13.227s][info][gc,start      ] GC(656) Pause Remark
[13.227s][info][gc,stringtable] GC(656) Cleaned string and symbol table, strings: 4350 processed, 0 removed, symbols: 36588 processed, 0 removed
[13.228s][info][gc            ] GC(656) Pause Remark 1665M->1665M(2087M) 1.230ms
[13.228s][info][gc,cpu        ] GC(656) User=0.01s Sys=0.00s Real=0.00s
[13.228s][info][gc,marking    ] GC(656) Concurrent Rebuild Remembered Sets
[13.233s][info][gc,marking    ] GC(656) Concurrent Rebuild Remembered Sets 4.983ms
[13.233s][info][gc,start      ] GC(656) Pause Cleanup
[13.233s][info][gc            ] GC(656) Pause Cleanup 1666M->1666M(2087M) 0.310ms
[13.233s][info][gc,cpu        ] GC(656) User=0.00s Sys=0.00s Real=0.00s
[13.234s][info][gc,marking    ] GC(656) Concurrent Cleanup for Next Mark
[13.236s][info][gc,marking    ] GC(656) Concurrent Cleanup for Next Mark 2.808ms
[13.236s][info][gc            ] GC(656) Concurrent Cycle 15.560ms
[13.244s][info][gc,start      ] GC(657) Pause Young (Concurrent Start) (G1 Humongous Allocation)
[13.244s][info][gc,task       ] GC(657) Using 8 workers of 8 for evacuation
[13.246s][info][gc,phases     ] GC(657)   Pre Evacuate Collection Set: 0.4ms
[13.246s][info][gc,phases     ] GC(657)   Evacuate Collection Set: 0.7ms
[13.246s][info][gc,phases     ] GC(657)   Post Evacuate Collection Set: 0.2ms
[13.246s][info][gc,phases     ] GC(657)   Other: 0.3ms
[13.246s][info][gc,heap       ] GC(657) Eden regions: 4->0(204)
[13.246s][info][gc,heap       ] GC(657) Survivor regions: 1->1(27)
[13.246s][info][gc,heap       ] GC(657) Old regions: 27->27
[13.246s][info][gc,heap       ] GC(657) Humongous regions: 1640->1640
[13.246s][info][gc,metaspace  ] GC(657) Metaspace: 9862K->9862K(1058816K)
[13.246s][info][gc            ] GC(657) Pause Young (Concurrent Start) (G1 Humongous Allocation) 1670M->1666M(2087M) 1.594ms
[13.246s][info][gc,cpu        ] GC(657) User=0.00s Sys=0.00s Real=0.00s
[13.246s][info][gc            ] GC(658) Concurrent Cycle
[13.246s][info][gc,marking    ] GC(658) Concurrent Clear Claimed Marks
[13.246s][info][gc,marking    ] GC(658) Concurrent Clear Claimed Marks 0.014ms
[13.246s][info][gc,marking    ] GC(658) Concurrent Scan Root Regions
[13.246s][info][gc,marking    ] GC(658) Concurrent Scan Root Regions 0.075ms
[13.246s][info][gc,marking    ] GC(658) Concurrent Mark (13.246s)
[13.246s][info][gc,marking    ] GC(658) Concurrent Mark From Roots
[13.246s][info][gc,task       ] GC(658) Using 2 workers of 2 for marking
[13.252s][info][gc,marking    ] GC(658) Concurrent Mark From Roots 5.392ms
[13.252s][info][gc,marking    ] GC(658) Concurrent Preclean
[13.252s][info][gc,marking    ] GC(658) Concurrent Preclean 0.100ms
[13.252s][info][gc,marking    ] GC(658) Concurrent Mark (13.246s, 13.252s) 5.555ms
[13.252s][info][gc,start      ] GC(658) Pause Remark
[13.254s][info][gc,stringtable] GC(658) Cleaned string and symbol table, strings: 4350 processed, 0 removed, symbols: 36588 processed, 0 removed
[13.254s][info][gc            ] GC(658) Pause Remark 1669M->1669M(2087M) 1.850ms
[13.254s][info][gc,cpu        ] GC(658) User=0.01s Sys=0.00s Real=0.00s
[13.254s][info][gc,marking    ] GC(658) Concurrent Rebuild Remembered Sets
[13.259s][info][gc,marking    ] GC(658) Concurrent Rebuild Remembered Sets 4.984ms
[13.259s][info][gc,start      ] GC(658) Pause Cleanup
[13.260s][info][gc            ] GC(658) Pause Cleanup 1670M->1670M(2087M) 0.247ms
[13.260s][info][gc,cpu        ] GC(658) User=0.00s Sys=0.00s Real=0.00s
[13.260s][info][gc,marking    ] GC(658) Concurrent Cleanup for Next Mark
[13.262s][info][gc,marking    ] GC(658) Concurrent Cleanup for Next Mark 2.531ms
[13.262s][info][gc            ] GC(658) Concurrent Cycle 16.154ms
[13.271s][info][gc,start      ] GC(659) Pause Young (Concurrent Start) (G1 Humongous Allocation)
[13.271s][info][gc,task       ] GC(659) Using 8 workers of 8 for evacuation
[13.273s][info][gc,phases     ] GC(659)   Pre Evacuate Collection Set: 0.4ms
[13.273s][info][gc,phases     ] GC(659)   Evacuate Collection Set: 1.2ms
[13.273s][info][gc,phases     ] GC(659)   Post Evacuate Collection Set: 0.1ms
[13.273s][info][gc,phases     ] GC(659)   Other: 0.3ms
[13.273s][info][gc,heap       ] GC(659) Eden regions: 4->0(200)
[13.273s][info][gc,heap       ] GC(659) Survivor regions: 1->1(26)
[13.273s][info][gc,heap       ] GC(659) Old regions: 27->27
[13.273s][info][gc,heap       ] GC(659) Humongous regions: 1644->1644
[13.273s][info][gc,metaspace  ] GC(659) Metaspace: 9862K->9862K(1058816K)
[13.273s][info][gc            ] GC(659) Pause Young (Concurrent Start) (G1 Humongous Allocation) 1674M->1670M(2087M) 2.078ms
[13.273s][info][gc,cpu        ] GC(659) User=0.00s Sys=0.00s Real=0.01s
[13.273s][info][gc            ] GC(660) Concurrent Cycle
[13.273s][info][gc,marking    ] GC(660) Concurrent Clear Claimed Marks
[13.273s][info][gc,marking    ] GC(660) Concurrent Clear Claimed Marks 0.016ms
[13.273s][info][gc,marking    ] GC(660) Concurrent Scan Root Regions
[13.273s][info][gc,marking    ] GC(660) Concurrent Scan Root Regions 0.077ms
[13.273s][info][gc,marking    ] GC(660) Concurrent Mark (13.273s)
[13.273s][info][gc,marking    ] GC(660) Concurrent Mark From Roots
[13.273s][info][gc,task       ] GC(660) Using 2 workers of 2 for marking
[13.280s][info][gc,marking    ] GC(660) Concurrent Mark From Roots 6.597ms
[13.280s][info][gc,marking    ] GC(660) Concurrent Preclean
[13.280s][info][gc,marking    ] GC(660) Concurrent Preclean 0.131ms
[13.280s][info][gc,marking    ] GC(660) Concurrent Mark (13.273s, 13.280s) 6.834ms
[13.280s][info][gc,start      ] GC(660) Pause Remark
[13.282s][info][gc,stringtable] GC(660) Cleaned string and symbol table, strings: 4350 processed, 0 removed, symbols: 36588 processed, 0 removed
[13.282s][info][gc            ] GC(660) Pause Remark 1673M->1673M(2087M) 2.060ms
[13.282s][info][gc,cpu        ] GC(660) User=0.01s Sys=0.00s Real=0.01s
[13.282s][info][gc,marking    ] GC(660) Concurrent Rebuild Remembered Sets
[13.287s][info][gc,marking    ] GC(660) Concurrent Rebuild Remembered Sets 4.806ms
[13.288s][info][gc,start      ] GC(660) Pause Cleanup
[13.288s][info][gc            ] GC(660) Pause Cleanup 1676M->1676M(2087M) 0.346ms
[13.288s][info][gc,cpu        ] GC(660) User=0.00s Sys=0.00s Real=0.00s
[13.288s][info][gc,marking    ] GC(660) Concurrent Cleanup for Next Mark
[13.291s][info][gc,marking    ] GC(660) Concurrent Cleanup for Next Mark 2.714ms
[13.291s][info][gc            ] GC(660) Concurrent Cycle 18.121ms
[13.299s][info][gc,start      ] GC(661) Pause Young (Concurrent Start) (G1 Humongous Allocation)
[13.299s][info][gc,task       ] GC(661) Using 8 workers of 8 for evacuation
[13.301s][info][gc,phases     ] GC(661)   Pre Evacuate Collection Set: 0.5ms
[13.301s][info][gc,phases     ] GC(661)   Evacuate Collection Set: 1.3ms
[13.301s][info][gc,phases     ] GC(661)   Post Evacuate Collection Set: 0.2ms
[13.301s][info][gc,phases     ] GC(661)   Other: 0.4ms
[13.301s][info][gc,heap       ] GC(661) Eden regions: 4->0(196)
[13.301s][info][gc,heap       ] GC(661) Survivor regions: 1->1(26)
[13.301s][info][gc,heap       ] GC(661) Old regions: 27->27
[13.301s][info][gc,heap       ] GC(661) Humongous regions: 1648->1648
[13.301s][info][gc,metaspace  ] GC(661) Metaspace: 9862K->9862K(1058816K)
[13.301s][info][gc            ] GC(661) Pause Young (Concurrent Start) (G1 Humongous Allocation) 1678M->1674M(2087M) 2.474ms
[13.301s][info][gc,cpu        ] GC(661) User=0.01s Sys=0.01s Real=0.01s
[13.301s][info][gc            ] GC(662) Concurrent Cycle
[13.301s][info][gc,marking    ] GC(662) Concurrent Clear Claimed Marks
[13.301s][info][gc,marking    ] GC(662) Concurrent Clear Claimed Marks 0.013ms
[13.301s][info][gc,marking    ] GC(662) Concurrent Scan Root Regions
[13.302s][info][gc,marking    ] GC(662) Concurrent Scan Root Regions 0.066ms
[13.302s][info][gc,marking    ] GC(662) Concurrent Mark (13.302s)
[13.302s][info][gc,marking    ] GC(662) Concurrent Mark From Roots
[13.302s][info][gc,task       ] GC(662) Using 2 workers of 2 for marking
[13.307s][info][gc,marking    ] GC(662) Concurrent Mark From Roots 5.390ms
[13.307s][info][gc,marking    ] GC(662) Concurrent Preclean
[13.307s][info][gc,marking    ] GC(662) Concurrent Preclean 0.072ms
[13.307s][info][gc,marking    ] GC(662) Concurrent Mark (13.302s, 13.307s) 5.564ms
[13.307s][info][gc,start      ] GC(662) Pause Remark
[13.309s][info][gc,stringtable] GC(662) Cleaned string and symbol table, strings: 4350 processed, 0 removed, symbols: 36588 processed, 0 removed
[13.309s][info][gc            ] GC(662) Pause Remark 1677M->1677M(2087M) 1.725ms
[13.309s][info][gc,cpu        ] GC(662) User=0.01s Sys=0.00s Real=0.00s
[13.309s][info][gc,marking    ] GC(662) Concurrent Rebuild Remembered Sets
[13.314s][info][gc,marking    ] GC(662) Concurrent Rebuild Remembered Sets 5.150ms
[13.314s][info][gc,start      ] GC(662) Pause Cleanup
[13.315s][info][gc            ] GC(662) Pause Cleanup 1678M->1678M(2087M) 0.229ms
[13.315s][info][gc,cpu        ] GC(662) User=0.00s Sys=0.00s Real=0.00s
[13.315s][info][gc,marking    ] GC(662) Concurrent Cleanup for Next Mark
[13.317s][info][gc,marking    ] GC(662) Concurrent Cleanup for Next Mark 2.504ms
[13.317s][info][gc            ] GC(662) Concurrent Cycle 15.774ms
[13.325s][info][gc,start      ] GC(663) Pause Young (Concurrent Start) (G1 Humongous Allocation)
[13.325s][info][gc,task       ] GC(663) Using 8 workers of 8 for evacuation
[13.327s][info][gc,phases     ] GC(663)   Pre Evacuate Collection Set: 0.4ms
[13.327s][info][gc,phases     ] GC(663)   Evacuate Collection Set: 1.1ms
[13.327s][info][gc,phases     ] GC(663)   Post Evacuate Collection Set: 0.2ms
[13.327s][info][gc,phases     ] GC(663)   Other: 0.2ms
[13.327s][info][gc,heap       ] GC(663) Eden regions: 4->0(192)
[13.327s][info][gc,heap       ] GC(663) Survivor regions: 1->1(25)
[13.327s][info][gc,heap       ] GC(663) Old regions: 27->27
[13.327s][info][gc,heap       ] GC(663) Humongous regions: 1652->1652
[13.327s][info][gc,metaspace  ] GC(663) Metaspace: 9862K->9862K(1058816K)
[13.327s][info][gc            ] GC(663) Pause Young (Concurrent Start) (G1 Humongous Allocation) 1682M->1678M(2087M) 1.995ms
[13.327s][info][gc,cpu        ] GC(663) User=0.01s Sys=0.00s Real=0.00s
[13.327s][info][gc            ] GC(664) Concurrent Cycle
[13.328s][info][gc,marking    ] GC(664) Concurrent Clear Claimed Marks
[13.328s][info][gc,marking    ] GC(664) Concurrent Clear Claimed Marks 0.047ms
[13.328s][info][gc,marking    ] GC(664) Concurrent Scan Root Regions
[13.328s][info][gc,marking    ] GC(664) Concurrent Scan Root Regions 0.104ms
[13.328s][info][gc,marking    ] GC(664) Concurrent Mark (13.328s)
[13.328s][info][gc,marking    ] GC(664) Concurrent Mark From Roots
[13.328s][info][gc,task       ] GC(664) Using 2 workers of 2 for marking
[13.333s][info][gc,marking    ] GC(664) Concurrent Mark From Roots 5.497ms
[13.333s][info][gc,marking    ] GC(664) Concurrent Preclean
[13.333s][info][gc,marking    ] GC(664) Concurrent Preclean 0.074ms
[13.333s][info][gc,marking    ] GC(664) Concurrent Mark (13.328s, 13.333s) 5.691ms
[13.334s][info][gc,start      ] GC(664) Pause Remark
[13.334s][info][gc,stringtable] GC(664) Cleaned string and symbol table, strings: 4350 processed, 0 removed, symbols: 36588 processed, 0 removed
[13.335s][info][gc            ] GC(664) Pause Remark 1681M->1681M(2087M) 1.221ms
[13.335s][info][gc,cpu        ] GC(664) User=0.00s Sys=0.00s Real=0.00s
[13.335s][info][gc,marking    ] GC(664) Concurrent Rebuild Remembered Sets
[13.340s][info][gc,marking    ] GC(664) Concurrent Rebuild Remembered Sets 4.813ms
[13.340s][info][gc,start      ] GC(664) Pause Cleanup
[13.340s][info][gc            ] GC(664) Pause Cleanup 1682M->1682M(2087M) 0.235ms
[13.340s][info][gc,cpu        ] GC(664) User=0.00s Sys=0.00s Real=0.00s
[13.340s][info][gc,marking    ] GC(664) Concurrent Cleanup for Next Mark
[13.343s][info][gc,marking    ] GC(664) Concurrent Cleanup for Next Mark 2.558ms
[13.343s][info][gc            ] GC(664) Concurrent Cycle 15.242ms
[13.351s][info][gc,start      ] GC(665) Pause Young (Concurrent Start) (G1 Humongous Allocation)
[13.351s][info][gc,task       ] GC(665) Using 8 workers of 8 for evacuation
[13.353s][info][gc,phases     ] GC(665)   Pre Evacuate Collection Set: 0.4ms
[13.353s][info][gc,phases     ] GC(665)   Evacuate Collection Set: 0.7ms
[13.353s][info][gc,phases     ] GC(665)   Post Evacuate Collection Set: 0.2ms
[13.353s][info][gc,phases     ] GC(665)   Other: 0.3ms
[13.353s][info][gc,heap       ] GC(665) Eden regions: 4->0(188)
[13.353s][info][gc,heap       ] GC(665) Survivor regions: 1->1(25)
[13.353s][info][gc,heap       ] GC(665) Old regions: 27->27
[13.353s][info][gc,heap       ] GC(665) Humongous regions: 1656->1656
[13.353s][info][gc,metaspace  ] GC(665) Metaspace: 9862K->9862K(1058816K)
[13.353s][info][gc            ] GC(665) Pause Young (Concurrent Start) (G1 Humongous Allocation) 1686M->1682M(2087M) 1.646ms
[13.353s][info][gc,cpu        ] GC(665) User=0.00s Sys=0.00s Real=0.01s
[13.353s][info][gc            ] GC(666) Concurrent Cycle
[13.353s][info][gc,marking    ] GC(666) Concurrent Clear Claimed Marks
[13.353s][info][gc,marking    ] GC(666) Concurrent Clear Claimed Marks 0.046ms
[13.353s][info][gc,marking    ] GC(666) Concurrent Scan Root Regions
[13.353s][info][gc,marking    ] GC(666) Concurrent Scan Root Regions 0.064ms
[13.353s][info][gc,marking    ] GC(666) Concurrent Mark (13.353s)
[13.353s][info][gc,marking    ] GC(666) Concurrent Mark From Roots
[13.353s][info][gc,task       ] GC(666) Using 2 workers of 2 for marking
[13.358s][info][gc,marking    ] GC(666) Concurrent Mark From Roots 5.295ms
[13.358s][info][gc,marking    ] GC(666) Concurrent Preclean
[13.358s][info][gc,marking    ] GC(666) Concurrent Preclean 0.069ms
[13.359s][info][gc,marking    ] GC(666) Concurrent Mark (13.353s, 13.359s) 5.441ms
[13.359s][info][gc,start      ] GC(666) Pause Remark
[13.359s][info][gc,stringtable] GC(666) Cleaned string and symbol table, strings: 4350 processed, 0 removed, symbols: 36588 processed, 0 removed
[13.360s][info][gc            ] GC(666) Pause Remark 1685M->1685M(2087M) 1.311ms
[13.360s][info][gc,cpu        ] GC(666) User=0.01s Sys=0.00s Real=0.00s
[13.360s][info][gc,marking    ] GC(666) Concurrent Rebuild Remembered Sets
[13.365s][info][gc,marking    ] GC(666) Concurrent Rebuild Remembered Sets 4.919ms
[13.366s][info][gc,start      ] GC(666) Pause Cleanup
[13.366s][info][gc            ] GC(666) Pause Cleanup 1688M->1688M(2087M) 0.292ms
[13.366s][info][gc,cpu        ] GC(666) User=0.00s Sys=0.00s Real=0.00s
[13.366s][info][gc,marking    ] GC(666) Concurrent Cleanup for Next Mark
[13.369s][info][gc,marking    ] GC(666) Concurrent Cleanup for Next Mark 2.595ms
[13.369s][info][gc            ] GC(666) Concurrent Cycle 15.972ms
[13.376s][info][gc,start      ] GC(667) Pause Young (Concurrent Start) (G1 Humongous Allocation)
[13.376s][info][gc,task       ] GC(667) Using 8 workers of 8 for evacuation
[13.377s][info][gc,phases     ] GC(667)   Pre Evacuate Collection Set: 0.4ms
[13.377s][info][gc,phases     ] GC(667)   Evacuate Collection Set: 0.6ms
[13.377s][info][gc,phases     ] GC(667)   Post Evacuate Collection Set: 0.1ms
[13.377s][info][gc,phases     ] GC(667)   Other: 0.2ms
[13.377s][info][gc,heap       ] GC(667) Eden regions: 4->0(184)
[13.377s][info][gc,heap       ] GC(667) Survivor regions: 1->1(24)
[13.377s][info][gc,heap       ] GC(667) Old regions: 27->27
[13.377s][info][gc,heap       ] GC(667) Humongous regions: 1660->1660
[13.377s][info][gc,metaspace  ] GC(667) Metaspace: 9862K->9862K(1058816K)
[13.377s][info][gc            ] GC(667) Pause Young (Concurrent Start) (G1 Humongous Allocation) 1690M->1686M(2087M) 1.428ms
[13.377s][info][gc,cpu        ] GC(667) User=0.00s Sys=0.00s Real=0.00s
[13.377s][info][gc            ] GC(668) Concurrent Cycle
[13.377s][info][gc,marking    ] GC(668) Concurrent Clear Claimed Marks
[13.377s][info][gc,marking    ] GC(668) Concurrent Clear Claimed Marks 0.032ms
[13.377s][info][gc,marking    ] GC(668) Concurrent Scan Root Regions
[13.378s][info][gc,marking    ] GC(668) Concurrent Scan Root Regions 0.104ms
[13.378s][info][gc,marking    ] GC(668) Concurrent Mark (13.378s)
[13.378s][info][gc,marking    ] GC(668) Concurrent Mark From Roots
[13.378s][info][gc,task       ] GC(668) Using 2 workers of 2 for marking
[13.383s][info][gc,marking    ] GC(668) Concurrent Mark From Roots 5.657ms
[13.383s][info][gc,marking    ] GC(668) Concurrent Preclean
[13.383s][info][gc,marking    ] GC(668) Concurrent Preclean 0.074ms
[13.383s][info][gc,marking    ] GC(668) Concurrent Mark (13.378s, 13.383s) 5.841ms
[13.384s][info][gc,start      ] GC(668) Pause Remark
[13.385s][info][gc,stringtable] GC(668) Cleaned string and symbol table, strings: 4350 processed, 0 removed, symbols: 36588 processed, 0 removed
[13.385s][info][gc            ] GC(668) Pause Remark 1689M->1689M(2087M) 1.834ms
[13.385s][info][gc,cpu        ] GC(668) User=0.00s Sys=0.00s Real=0.00s
[13.386s][info][gc,marking    ] GC(668) Concurrent Rebuild Remembered Sets
[13.390s][info][gc,marking    ] GC(668) Concurrent Rebuild Remembered Sets 4.738ms
[13.391s][info][gc,start      ] GC(668) Pause Cleanup
[13.391s][info][gc            ] GC(668) Pause Cleanup 1692M->1692M(2087M) 0.287ms
[13.391s][info][gc,cpu        ] GC(668) User=0.00s Sys=0.00s Real=0.01s
[13.391s][info][gc,marking    ] GC(668) Concurrent Cleanup for Next Mark
[13.394s][info][gc,marking    ] GC(668) Concurrent Cleanup for Next Mark 2.762ms
[13.394s][info][gc            ] GC(668) Concurrent Cycle 16.955ms
[13.402s][info][gc,start      ] GC(669) Pause Young (Concurrent Start) (G1 Humongous Allocation)
[13.402s][info][gc,task       ] GC(669) Using 8 workers of 8 for evacuation
[13.403s][info][gc,phases     ] GC(669)   Pre Evacuate Collection Set: 0.5ms
[13.403s][info][gc,phases     ] GC(669)   Evacuate Collection Set: 1.0ms
[13.403s][info][gc,phases     ] GC(669)   Post Evacuate Collection Set: 0.1ms
[13.403s][info][gc,phases     ] GC(669)   Other: 0.2ms
[13.403s][info][gc,heap       ] GC(669) Eden regions: 4->0(181)
[13.403s][info][gc,heap       ] GC(669) Survivor regions: 1->1(24)
[13.403s][info][gc,heap       ] GC(669) Old regions: 27->27
[13.404s][info][gc,heap       ] GC(669) Humongous regions: 1664->1664
[13.404s][info][gc,metaspace  ] GC(669) Metaspace: 9862K->9862K(1058816K)
[13.404s][info][gc            ] GC(669) Pause Young (Concurrent Start) (G1 Humongous Allocation) 1694M->1690M(2087M) 1.862ms
[13.404s][info][gc,cpu        ] GC(669) User=0.01s Sys=0.00s Real=0.00s
[13.404s][info][gc            ] GC(670) Concurrent Cycle
[13.404s][info][gc,marking    ] GC(670) Concurrent Clear Claimed Marks
[13.404s][info][gc,marking    ] GC(670) Concurrent Clear Claimed Marks 0.013ms
[13.404s][info][gc,marking    ] GC(670) Concurrent Scan Root Regions
[13.404s][info][gc,marking    ] GC(670) Concurrent Scan Root Regions 0.051ms
[13.404s][info][gc,marking    ] GC(670) Concurrent Mark (13.404s)
[13.404s][info][gc,marking    ] GC(670) Concurrent Mark From Roots
[13.404s][info][gc,task       ] GC(670) Using 2 workers of 2 for marking
[13.409s][info][gc,marking    ] GC(670) Concurrent Mark From Roots 5.264ms
[13.409s][info][gc,marking    ] GC(670) Concurrent Preclean
[13.409s][info][gc,marking    ] GC(670) Concurrent Preclean 0.071ms
[13.409s][info][gc,marking    ] GC(670) Concurrent Mark (13.404s, 13.409s) 5.391ms
[13.409s][info][gc,start      ] GC(670) Pause Remark
[13.410s][info][gc,stringtable] GC(670) Cleaned string and symbol table, strings: 4350 processed, 0 removed, symbols: 36588 processed, 0 removed
[13.410s][info][gc            ] GC(670) Pause Remark 1693M->1693M(2087M) 1.163ms
[13.410s][info][gc,cpu        ] GC(670) User=0.00s Sys=0.00s Real=0.00s
[13.410s][info][gc,marking    ] GC(670) Concurrent Rebuild Remembered Sets
[13.415s][info][gc,marking    ] GC(670) Concurrent Rebuild Remembered Sets 4.974ms
[13.417s][info][gc,start      ] GC(670) Pause Cleanup
[13.417s][info][gc            ] GC(670) Pause Cleanup 1696M->1696M(2087M) 0.350ms
[13.417s][info][gc,cpu        ] GC(670) User=0.00s Sys=0.00s Real=0.00s
[13.417s][info][gc,marking    ] GC(670) Concurrent Cleanup for Next Mark
[13.419s][info][gc,marking    ] GC(670) Concurrent Cleanup for Next Mark 2.506ms
[13.420s][info][gc            ] GC(670) Concurrent Cycle 15.930ms
[13.427s][info][gc,start      ] GC(671) Pause Young (Concurrent Start) (G1 Humongous Allocation)
[13.427s][info][gc,task       ] GC(671) Using 8 workers of 8 for evacuation
[13.428s][info][gc,phases     ] GC(671)   Pre Evacuate Collection Set: 0.4ms
[13.428s][info][gc,phases     ] GC(671)   Evacuate Collection Set: 0.5ms
[13.428s][info][gc,phases     ] GC(671)   Post Evacuate Collection Set: 0.1ms
[13.428s][info][gc,phases     ] GC(671)   Other: 0.2ms
[13.428s][info][gc,heap       ] GC(671) Eden regions: 4->0(177)
[13.428s][info][gc,heap       ] GC(671) Survivor regions: 1->1(23)
[13.428s][info][gc,heap       ] GC(671) Old regions: 27->27
[13.428s][info][gc,heap       ] GC(671) Humongous regions: 1668->1668
[13.428s][info][gc,metaspace  ] GC(671) Metaspace: 9862K->9862K(1058816K)
[13.428s][info][gc            ] GC(671) Pause Young (Concurrent Start) (G1 Humongous Allocation) 1698M->1694M(2087M) 1.306ms
[13.428s][info][gc,cpu        ] GC(671) User=0.00s Sys=0.00s Real=0.00s
[13.428s][info][gc            ] GC(672) Concurrent Cycle
[13.428s][info][gc,marking    ] GC(672) Concurrent Clear Claimed Marks
[13.428s][info][gc,marking    ] GC(672) Concurrent Clear Claimed Marks 0.012ms
[13.428s][info][gc,marking    ] GC(672) Concurrent Scan Root Regions
[13.428s][info][gc,marking    ] GC(672) Concurrent Scan Root Regions 0.062ms
[13.428s][info][gc,marking    ] GC(672) Concurrent Mark (13.428s)
[13.428s][info][gc,marking    ] GC(672) Concurrent Mark From Roots
[13.428s][info][gc,task       ] GC(672) Using 2 workers of 2 for marking
[13.434s][info][gc,marking    ] GC(672) Concurrent Mark From Roots 5.504ms
[13.434s][info][gc,marking    ] GC(672) Concurrent Preclean
[13.434s][info][gc,marking    ] GC(672) Concurrent Preclean 0.075ms
[13.434s][info][gc,marking    ] GC(672) Concurrent Mark (13.428s, 13.434s) 5.672ms
[13.434s][info][gc,start      ] GC(672) Pause Remark
[13.435s][info][gc,stringtable] GC(672) Cleaned string and symbol table, strings: 4350 processed, 0 removed, symbols: 36588 processed, 0 removed
[13.435s][info][gc            ] GC(672) Pause Remark 1697M->1697M(2087M) 1.301ms
[13.435s][info][gc,cpu        ] GC(672) User=0.01s Sys=0.00s Real=0.00s
[13.435s][info][gc,marking    ] GC(672) Concurrent Rebuild Remembered Sets
[13.440s][info][gc,marking    ] GC(672) Concurrent Rebuild Remembered Sets 4.891ms
[13.441s][info][gc,start      ] GC(672) Pause Cleanup
[13.441s][info][gc            ] GC(672) Pause Cleanup 1700M->1700M(2087M) 0.250ms
[13.441s][info][gc,cpu        ] GC(672) User=0.00s Sys=0.00s Real=0.01s
[13.441s][info][gc,marking    ] GC(672) Concurrent Cleanup for Next Mark
[13.444s][info][gc,marking    ] GC(672) Concurrent Cleanup for Next Mark 2.668ms
[13.444s][info][gc            ] GC(672) Concurrent Cycle 16.130ms
[13.451s][info][gc,start      ] GC(673) Pause Young (Concurrent Start) (G1 Humongous Allocation)
[13.451s][info][gc,task       ] GC(673) Using 8 workers of 8 for evacuation
[13.453s][info][gc,phases     ] GC(673)   Pre Evacuate Collection Set: 0.4ms
[13.453s][info][gc,phases     ] GC(673)   Evacuate Collection Set: 0.5ms
[13.453s][info][gc,phases     ] GC(673)   Post Evacuate Collection Set: 0.2ms
[13.453s][info][gc,phases     ] GC(673)   Other: 0.2ms
[13.453s][info][gc,heap       ] GC(673) Eden regions: 4->0(173)
[13.453s][info][gc,heap       ] GC(673) Survivor regions: 1->1(23)
[13.453s][info][gc,heap       ] GC(673) Old regions: 27->27
[13.453s][info][gc,heap       ] GC(673) Humongous regions: 1672->1672
[13.453s][info][gc,metaspace  ] GC(673) Metaspace: 9862K->9862K(1058816K)
[13.453s][info][gc            ] GC(673) Pause Young (Concurrent Start) (G1 Humongous Allocation) 1702M->1698M(2087M) 1.359ms
[13.453s][info][gc,cpu        ] GC(673) User=0.00s Sys=0.00s Real=0.00s
[13.453s][info][gc            ] GC(674) Concurrent Cycle
[13.453s][info][gc,marking    ] GC(674) Concurrent Clear Claimed Marks
[13.453s][info][gc,marking    ] GC(674) Concurrent Clear Claimed Marks 0.012ms
[13.453s][info][gc,marking    ] GC(674) Concurrent Scan Root Regions
[13.453s][info][gc,marking    ] GC(674) Concurrent Scan Root Regions 0.105ms
[13.453s][info][gc,marking    ] GC(674) Concurrent Mark (13.453s)
[13.453s][info][gc,marking    ] GC(674) Concurrent Mark From Roots
[13.453s][info][gc,task       ] GC(674) Using 2 workers of 2 for marking
[13.458s][info][gc,marking    ] GC(674) Concurrent Mark From Roots 5.137ms
[13.458s][info][gc,marking    ] GC(674) Concurrent Preclean
[13.458s][info][gc,marking    ] GC(674) Concurrent Preclean 0.067ms
[13.458s][info][gc,marking    ] GC(674) Concurrent Mark (13.453s, 13.458s) 5.292ms
[13.458s][info][gc,start      ] GC(674) Pause Remark
[13.460s][info][gc,stringtable] GC(674) Cleaned string and symbol table, strings: 4350 processed, 0 removed, symbols: 36588 processed, 0 removed
[13.460s][info][gc            ] GC(674) Pause Remark 1701M->1701M(2087M) 1.734ms
[13.460s][info][gc,cpu        ] GC(674) User=0.01s Sys=0.00s Real=0.00s
[13.460s][info][gc,marking    ] GC(674) Concurrent Rebuild Remembered Sets
[13.465s][info][gc,marking    ] GC(674) Concurrent Rebuild Remembered Sets 4.919ms
[13.465s][info][gc,start      ] GC(674) Pause Cleanup
[13.466s][info][gc            ] GC(674) Pause Cleanup 1702M->1702M(2087M) 0.391ms
[13.466s][info][gc,cpu        ] GC(674) User=0.00s Sys=0.00s Real=0.00s
[13.466s][info][gc,marking    ] GC(674) Concurrent Cleanup for Next Mark
[13.468s][info][gc,marking    ] GC(674) Concurrent Cleanup for Next Mark 2.528ms
[13.468s][info][gc            ] GC(674) Concurrent Cycle 15.627ms
[13.477s][info][gc,start      ] GC(675) Pause Young (Concurrent Start) (G1 Humongous Allocation)
[13.477s][info][gc,task       ] GC(675) Using 8 workers of 8 for evacuation
[13.478s][info][gc,phases     ] GC(675)   Pre Evacuate Collection Set: 0.4ms
[13.478s][info][gc,phases     ] GC(675)   Evacuate Collection Set: 1.1ms
[13.479s][info][gc,phases     ] GC(675)   Post Evacuate Collection Set: 0.2ms
[13.479s][info][gc,phases     ] GC(675)   Other: 0.2ms
[13.479s][info][gc,heap       ] GC(675) Eden regions: 4->0(169)
[13.479s][info][gc,heap       ] GC(675) Survivor regions: 1->1(22)
[13.479s][info][gc,heap       ] GC(675) Old regions: 27->27
[13.479s][info][gc,heap       ] GC(675) Humongous regions: 1676->1676
[13.479s][info][gc,metaspace  ] GC(675) Metaspace: 9862K->9862K(1058816K)
[13.479s][info][gc            ] GC(675) Pause Young (Concurrent Start) (G1 Humongous Allocation) 1706M->1702M(2087M) 1.972ms
[13.479s][info][gc,cpu        ] GC(675) User=0.01s Sys=0.00s Real=0.00s
[13.479s][info][gc            ] GC(676) Concurrent Cycle
[13.479s][info][gc,marking    ] GC(676) Concurrent Clear Claimed Marks
[13.479s][info][gc,marking    ] GC(676) Concurrent Clear Claimed Marks 0.018ms
[13.479s][info][gc,marking    ] GC(676) Concurrent Scan Root Regions
[13.479s][info][gc,marking    ] GC(676) Concurrent Scan Root Regions 0.067ms
[13.479s][info][gc,marking    ] GC(676) Concurrent Mark (13.479s)
[13.479s][info][gc,marking    ] GC(676) Concurrent Mark From Roots
[13.479s][info][gc,task       ] GC(676) Using 2 workers of 2 for marking
[13.487s][info][gc,marking    ] GC(676) Concurrent Mark From Roots 8.094ms
[13.487s][info][gc,marking    ] GC(676) Concurrent Preclean
[13.487s][info][gc,marking    ] GC(676) Concurrent Preclean 0.089ms
[13.487s][info][gc,marking    ] GC(676) Concurrent Mark (13.479s, 13.487s) 8.337ms
[13.487s][info][gc,start      ] GC(676) Pause Remark
[13.489s][info][gc,stringtable] GC(676) Cleaned string and symbol table, strings: 4350 processed, 0 removed, symbols: 36588 processed, 0 removed
[13.489s][info][gc            ] GC(676) Pause Remark 1705M->1705M(2087M) 1.652ms
[13.489s][info][gc,cpu        ] GC(676) User=0.01s Sys=0.00s Real=0.00s
[13.489s][info][gc,marking    ] GC(676) Concurrent Rebuild Remembered Sets
[13.494s][info][gc,marking    ] GC(676) Concurrent Rebuild Remembered Sets 4.832ms
[13.494s][info][gc,start      ] GC(676) Pause Cleanup
[13.494s][info][gc            ] GC(676) Pause Cleanup 1706M->1706M(2087M) 0.186ms
[13.494s][info][gc,cpu        ] GC(676) User=0.00s Sys=0.00s Real=0.00s
[13.494s][info][gc,marking    ] GC(676) Concurrent Cleanup for Next Mark
[13.497s][info][gc,marking    ] GC(676) Concurrent Cleanup for Next Mark 2.823ms
[13.497s][info][gc            ] GC(676) Concurrent Cycle 18.379ms
[13.506s][info][gc,start      ] GC(677) Pause Young (Concurrent Start) (G1 Humongous Allocation)
[13.506s][info][gc,task       ] GC(677) Using 8 workers of 8 for evacuation
[13.507s][info][gc,phases     ] GC(677)   Pre Evacuate Collection Set: 0.4ms
[13.507s][info][gc,phases     ] GC(677)   Evacuate Collection Set: 0.6ms
[13.507s][info][gc,phases     ] GC(677)   Post Evacuate Collection Set: 0.2ms
[13.507s][info][gc,phases     ] GC(677)   Other: 0.3ms
[13.507s][info][gc,heap       ] GC(677) Eden regions: 4->0(165)
[13.507s][info][gc,heap       ] GC(677) Survivor regions: 1->1(22)
[13.507s][info][gc,heap       ] GC(677) Old regions: 27->27
[13.507s][info][gc,heap       ] GC(677) Humongous regions: 1680->1680
[13.507s][info][gc,metaspace  ] GC(677) Metaspace: 9862K->9862K(1058816K)
[13.507s][info][gc            ] GC(677) Pause Young (Concurrent Start) (G1 Humongous Allocation) 1710M->1706M(2087M) 1.486ms
[13.507s][info][gc,cpu        ] GC(677) User=0.00s Sys=0.00s Real=0.00s
[13.507s][info][gc            ] GC(678) Concurrent Cycle
[13.507s][info][gc,marking    ] GC(678) Concurrent Clear Claimed Marks
[13.507s][info][gc,marking    ] GC(678) Concurrent Clear Claimed Marks 0.046ms
[13.507s][info][gc,marking    ] GC(678) Concurrent Scan Root Regions
[13.507s][info][gc,marking    ] GC(678) Concurrent Scan Root Regions 0.095ms
[13.507s][info][gc,marking    ] GC(678) Concurrent Mark (13.507s)
[13.507s][info][gc,marking    ] GC(678) Concurrent Mark From Roots
[13.507s][info][gc,task       ] GC(678) Using 2 workers of 2 for marking
[13.513s][info][gc,marking    ] GC(678) Concurrent Mark From Roots 5.447ms
[13.513s][info][gc,marking    ] GC(678) Concurrent Preclean
[13.513s][info][gc,marking    ] GC(678) Concurrent Preclean 0.108ms
[13.513s][info][gc,marking    ] GC(678) Concurrent Mark (13.507s, 13.513s) 5.618ms
[13.513s][info][gc,start      ] GC(678) Pause Remark
[13.514s][info][gc,stringtable] GC(678) Cleaned string and symbol table, strings: 4350 processed, 0 removed, symbols: 36588 processed, 0 removed
[13.514s][info][gc            ] GC(678) Pause Remark 1709M->1709M(2087M) 1.215ms
[13.514s][info][gc,cpu        ] GC(678) User=0.00s Sys=0.00s Real=0.00s
[13.514s][info][gc,marking    ] GC(678) Concurrent Rebuild Remembered Sets
[13.519s][info][gc,marking    ] GC(678) Concurrent Rebuild Remembered Sets 4.943ms
[13.519s][info][gc,start      ] GC(678) Pause Cleanup
[13.520s][info][gc            ] GC(678) Pause Cleanup 1710M->1710M(2087M) 0.264ms
[13.520s][info][gc,cpu        ] GC(678) User=0.00s Sys=0.00s Real=0.00s
[13.520s][info][gc,marking    ] GC(678) Concurrent Cleanup for Next Mark
[13.522s][info][gc,marking    ] GC(678) Concurrent Cleanup for Next Mark 2.526ms
[13.522s][info][gc            ] GC(678) Concurrent Cycle 15.235ms
[13.531s][info][gc,start      ] GC(679) Pause Young (Concurrent Start) (G1 Humongous Allocation)
[13.531s][info][gc,task       ] GC(679) Using 8 workers of 8 for evacuation
[13.532s][info][gc,phases     ] GC(679)   Pre Evacuate Collection Set: 0.4ms
[13.532s][info][gc,phases     ] GC(679)   Evacuate Collection Set: 0.5ms
[13.532s][info][gc,phases     ] GC(679)   Post Evacuate Collection Set: 0.2ms
[13.532s][info][gc,phases     ] GC(679)   Other: 0.2ms
[13.532s][info][gc,heap       ] GC(679) Eden regions: 4->0(161)
[13.532s][info][gc,heap       ] GC(679) Survivor regions: 1->1(21)
[13.532s][info][gc,heap       ] GC(679) Old regions: 27->27
[13.532s][info][gc,heap       ] GC(679) Humongous regions: 1684->1684
[13.532s][info][gc,metaspace  ] GC(679) Metaspace: 9862K->9862K(1058816K)
[13.532s][info][gc            ] GC(679) Pause Young (Concurrent Start) (G1 Humongous Allocation) 1714M->1710M(2087M) 1.405ms
[13.532s][info][gc,cpu        ] GC(679) User=0.01s Sys=0.01s Real=0.01s
[13.532s][info][gc            ] GC(680) Concurrent Cycle
[13.532s][info][gc,marking    ] GC(680) Concurrent Clear Claimed Marks
[13.533s][info][gc,marking    ] GC(680) Concurrent Clear Claimed Marks 0.031ms
[13.533s][info][gc,marking    ] GC(680) Concurrent Scan Root Regions
[13.533s][info][gc,marking    ] GC(680) Concurrent Scan Root Regions 0.125ms
[13.533s][info][gc,marking    ] GC(680) Concurrent Mark (13.533s)
[13.533s][info][gc,marking    ] GC(680) Concurrent Mark From Roots
[13.533s][info][gc,task       ] GC(680) Using 2 workers of 2 for marking
[13.538s][info][gc,marking    ] GC(680) Concurrent Mark From Roots 5.297ms
[13.538s][info][gc,marking    ] GC(680) Concurrent Preclean
[13.538s][info][gc,marking    ] GC(680) Concurrent Preclean 0.112ms
[13.538s][info][gc,marking    ] GC(680) Concurrent Mark (13.533s, 13.538s) 5.496ms
[13.538s][info][gc,start      ] GC(680) Pause Remark
[13.540s][info][gc,stringtable] GC(680) Cleaned string and symbol table, strings: 4350 processed, 0 removed, symbols: 36588 processed, 0 removed
[13.540s][info][gc            ] GC(680) Pause Remark 1713M->1713M(2087M) 1.693ms
[13.540s][info][gc,cpu        ] GC(680) User=0.01s Sys=0.00s Real=0.00s
[13.540s][info][gc,marking    ] GC(680) Concurrent Rebuild Remembered Sets
[13.545s][info][gc,marking    ] GC(680) Concurrent Rebuild Remembered Sets 4.790ms
[13.545s][info][gc,start      ] GC(680) Pause Cleanup
[13.545s][info][gc            ] GC(680) Pause Cleanup 1714M->1714M(2087M) 0.181ms
[13.545s][info][gc,cpu        ] GC(680) User=0.00s Sys=0.00s Real=0.00s
[13.545s][info][gc,marking    ] GC(680) Concurrent Cleanup for Next Mark
[13.548s][info][gc,marking    ] GC(680) Concurrent Cleanup for Next Mark 2.767ms
[13.548s][info][gc            ] GC(680) Concurrent Cycle 15.532ms
[13.556s][info][gc,start      ] GC(681) Pause Young (Concurrent Start) (G1 Humongous Allocation)
[13.556s][info][gc,task       ] GC(681) Using 8 workers of 8 for evacuation
[13.558s][info][gc,phases     ] GC(681)   Pre Evacuate Collection Set: 0.4ms
[13.558s][info][gc,phases     ] GC(681)   Evacuate Collection Set: 0.5ms
[13.558s][info][gc,phases     ] GC(681)   Post Evacuate Collection Set: 0.2ms
[13.558s][info][gc,phases     ] GC(681)   Other: 0.2ms
[13.558s][info][gc,heap       ] GC(681) Eden regions: 4->0(157)
[13.558s][info][gc,heap       ] GC(681) Survivor regions: 1->1(21)
[13.558s][info][gc,heap       ] GC(681) Old regions: 27->27
[13.558s][info][gc,heap       ] GC(681) Humongous regions: 1688->1688
[13.558s][info][gc,metaspace  ] GC(681) Metaspace: 9862K->9862K(1058816K)
[13.558s][info][gc            ] GC(681) Pause Young (Concurrent Start) (G1 Humongous Allocation) 1718M->1714M(2087M) 1.420ms
[13.558s][info][gc,cpu        ] GC(681) User=0.00s Sys=0.00s Real=0.00s
[13.558s][info][gc            ] GC(682) Concurrent Cycle
[13.558s][info][gc,marking    ] GC(682) Concurrent Clear Claimed Marks
[13.558s][info][gc,marking    ] GC(682) Concurrent Clear Claimed Marks 0.011ms
[13.558s][info][gc,marking    ] GC(682) Concurrent Scan Root Regions
[13.558s][info][gc,marking    ] GC(682) Concurrent Scan Root Regions 0.054ms
[13.558s][info][gc,marking    ] GC(682) Concurrent Mark (13.558s)
[13.558s][info][gc,marking    ] GC(682) Concurrent Mark From Roots
[13.558s][info][gc,task       ] GC(682) Using 2 workers of 2 for marking
[13.563s][info][gc,marking    ] GC(682) Concurrent Mark From Roots 5.259ms
[13.563s][info][gc,marking    ] GC(682) Concurrent Preclean
[13.563s][info][gc,marking    ] GC(682) Concurrent Preclean 0.123ms
[13.563s][info][gc,marking    ] GC(682) Concurrent Mark (13.558s, 13.563s) 5.477ms
[13.564s][info][gc,start      ] GC(682) Pause Remark
[13.564s][info][gc,stringtable] GC(682) Cleaned string and symbol table, strings: 4350 processed, 0 removed, symbols: 36588 processed, 0 removed
[13.565s][info][gc            ] GC(682) Pause Remark 1717M->1717M(2087M) 1.334ms
[13.565s][info][gc,cpu        ] GC(682) User=0.01s Sys=0.00s Real=0.00s
[13.565s][info][gc,marking    ] GC(682) Concurrent Rebuild Remembered Sets
[13.570s][info][gc,marking    ] GC(682) Concurrent Rebuild Remembered Sets 4.845ms
[13.571s][info][gc,start      ] GC(682) Pause Cleanup
[13.571s][info][gc            ] GC(682) Pause Cleanup 1720M->1720M(2087M) 0.392ms
[13.571s][info][gc,cpu        ] GC(682) User=0.00s Sys=0.00s Real=0.01s
[13.571s][info][gc,marking    ] GC(682) Concurrent Cleanup for Next Mark
[13.574s][info][gc,marking    ] GC(682) Concurrent Cleanup for Next Mark 2.544ms
[13.574s][info][gc            ] GC(682) Concurrent Cycle 16.040ms
[13.581s][info][gc,start      ] GC(683) Pause Young (Concurrent Start) (G1 Humongous Allocation)
[13.581s][info][gc,task       ] GC(683) Using 8 workers of 8 for evacuation
[13.582s][info][gc,phases     ] GC(683)   Pre Evacuate Collection Set: 0.4ms
[13.582s][info][gc,phases     ] GC(683)   Evacuate Collection Set: 0.7ms
[13.582s][info][gc,phases     ] GC(683)   Post Evacuate Collection Set: 0.1ms
[13.582s][info][gc,phases     ] GC(683)   Other: 0.2ms
[13.582s][info][gc,heap       ] GC(683) Eden regions: 4->0(153)
[13.582s][info][gc,heap       ] GC(683) Survivor regions: 1->1(20)
[13.582s][info][gc,heap       ] GC(683) Old regions: 27->27
[13.582s][info][gc,heap       ] GC(683) Humongous regions: 1692->1692
[13.582s][info][gc,metaspace  ] GC(683) Metaspace: 9862K->9862K(1058816K)
[13.583s][info][gc            ] GC(683) Pause Young (Concurrent Start) (G1 Humongous Allocation) 1722M->1718M(2087M) 1.494ms
[13.583s][info][gc,cpu        ] GC(683) User=0.00s Sys=0.00s Real=0.01s
[13.583s][info][gc            ] GC(684) Concurrent Cycle
[13.583s][info][gc,marking    ] GC(684) Concurrent Clear Claimed Marks
[13.583s][info][gc,marking    ] GC(684) Concurrent Clear Claimed Marks 0.038ms
[13.583s][info][gc,marking    ] GC(684) Concurrent Scan Root Regions
[13.583s][info][gc,marking    ] GC(684) Concurrent Scan Root Regions 0.094ms
[13.583s][info][gc,marking    ] GC(684) Concurrent Mark (13.583s)
[13.583s][info][gc,marking    ] GC(684) Concurrent Mark From Roots
[13.583s][info][gc,task       ] GC(684) Using 2 workers of 2 for marking
[13.588s][info][gc,marking    ] GC(684) Concurrent Mark From Roots 5.166ms
[13.588s][info][gc,marking    ] GC(684) Concurrent Preclean
[13.588s][info][gc,marking    ] GC(684) Concurrent Preclean 0.121ms
[13.588s][info][gc,marking    ] GC(684) Concurrent Mark (13.583s, 13.588s) 5.364ms
[13.588s][info][gc,start      ] GC(684) Pause Remark
[13.589s][info][gc,stringtable] GC(684) Cleaned string and symbol table, strings: 4350 processed, 0 removed, symbols: 36588 processed, 0 removed
[13.589s][info][gc            ] GC(684) Pause Remark 1721M->1721M(2087M) 1.182ms
[13.589s][info][gc,cpu        ] GC(684) User=0.00s Sys=0.00s Real=0.00s
[13.589s][info][gc,marking    ] GC(684) Concurrent Rebuild Remembered Sets
[13.594s][info][gc,marking    ] GC(684) Concurrent Rebuild Remembered Sets 4.951ms
[13.595s][info][gc,start      ] GC(684) Pause Cleanup
[13.596s][info][gc            ] GC(684) Pause Cleanup 1724M->1724M(2087M) 0.194ms
[13.596s][info][gc,cpu        ] GC(684) User=0.00s Sys=0.00s Real=0.00s
[13.596s][info][gc,marking    ] GC(684) Concurrent Cleanup for Next Mark
[13.598s][info][gc,marking    ] GC(684) Concurrent Cleanup for Next Mark 2.714ms
[13.598s][info][gc            ] GC(684) Concurrent Cycle 15.864ms
[13.605s][info][gc,start      ] GC(685) Pause Young (Concurrent Start) (G1 Humongous Allocation)
[13.605s][info][gc,task       ] GC(685) Using 8 workers of 8 for evacuation
[13.607s][info][gc,phases     ] GC(685)   Pre Evacuate Collection Set: 0.4ms
[13.607s][info][gc,phases     ] GC(685)   Evacuate Collection Set: 0.5ms
[13.607s][info][gc,phases     ] GC(685)   Post Evacuate Collection Set: 0.1ms
[13.607s][info][gc,phases     ] GC(685)   Other: 0.3ms
[13.607s][info][gc,heap       ] GC(685) Eden regions: 4->0(149)
[13.607s][info][gc,heap       ] GC(685) Survivor regions: 1->1(20)
[13.607s][info][gc,heap       ] GC(685) Old regions: 27->27
[13.607s][info][gc,heap       ] GC(685) Humongous regions: 1696->1696
[13.607s][info][gc,metaspace  ] GC(685) Metaspace: 9862K->9862K(1058816K)
[13.607s][info][gc            ] GC(685) Pause Young (Concurrent Start) (G1 Humongous Allocation) 1726M->1722M(2087M) 1.427ms
[13.607s][info][gc,cpu        ] GC(685) User=0.00s Sys=0.00s Real=0.00s
[13.607s][info][gc            ] GC(686) Concurrent Cycle
[13.607s][info][gc,marking    ] GC(686) Concurrent Clear Claimed Marks
[13.607s][info][gc,marking    ] GC(686) Concurrent Clear Claimed Marks 0.012ms
[13.607s][info][gc,marking    ] GC(686) Concurrent Scan Root Regions
[13.607s][info][gc,marking    ] GC(686) Concurrent Scan Root Regions 0.132ms
[13.607s][info][gc,marking    ] GC(686) Concurrent Mark (13.607s)
[13.607s][info][gc,marking    ] GC(686) Concurrent Mark From Roots
[13.607s][info][gc,task       ] GC(686) Using 2 workers of 2 for marking
[13.613s][info][gc,marking    ] GC(686) Concurrent Mark From Roots 5.330ms
[13.613s][info][gc,marking    ] GC(686) Concurrent Preclean
[13.613s][info][gc,marking    ] GC(686) Concurrent Preclean 0.090ms
[13.613s][info][gc,marking    ] GC(686) Concurrent Mark (13.607s, 13.613s) 5.569ms
[13.613s][info][gc,start      ] GC(686) Pause Remark
[13.614s][info][gc,stringtable] GC(686) Cleaned string and symbol table, strings: 4350 processed, 0 removed, symbols: 36588 processed, 0 removed
[13.614s][info][gc            ] GC(686) Pause Remark 1725M->1725M(2087M) 1.521ms
[13.614s][info][gc,cpu        ] GC(686) User=0.01s Sys=0.01s Real=0.00s
[13.614s][info][gc,marking    ] GC(686) Concurrent Rebuild Remembered Sets
[13.619s][info][gc,marking    ] GC(686) Concurrent Rebuild Remembered Sets 4.911ms
[13.620s][info][gc,start      ] GC(686) Pause Cleanup
[13.621s][info][gc            ] GC(686) Pause Cleanup 1728M->1728M(2087M) 0.286ms
[13.621s][info][gc,cpu        ] GC(686) User=0.00s Sys=0.00s Real=0.00s
[13.621s][info][gc,marking    ] GC(686) Concurrent Cleanup for Next Mark
[13.623s][info][gc,marking    ] GC(686) Concurrent Cleanup for Next Mark 2.559ms
[13.623s][info][gc            ] GC(686) Concurrent Cycle 16.531ms
[13.631s][info][gc,start      ] GC(687) Pause Young (Concurrent Start) (G1 Humongous Allocation)
[13.631s][info][gc,task       ] GC(687) Using 8 workers of 8 for evacuation
[13.632s][info][gc,phases     ] GC(687)   Pre Evacuate Collection Set: 0.4ms
[13.632s][info][gc,phases     ] GC(687)   Evacuate Collection Set: 0.5ms
[13.632s][info][gc,phases     ] GC(687)   Post Evacuate Collection Set: 0.2ms
[13.632s][info][gc,phases     ] GC(687)   Other: 0.2ms
[13.632s][info][gc,heap       ] GC(687) Eden regions: 4->0(146)
[13.632s][info][gc,heap       ] GC(687) Survivor regions: 1->1(19)
[13.632s][info][gc,heap       ] GC(687) Old regions: 27->27
[13.632s][info][gc,heap       ] GC(687) Humongous regions: 1700->1700
[13.632s][info][gc,metaspace  ] GC(687) Metaspace: 9862K->9862K(1058816K)
[13.632s][info][gc            ] GC(687) Pause Young (Concurrent Start) (G1 Humongous Allocation) 1730M->1726M(2087M) 1.424ms
[13.632s][info][gc,cpu        ] GC(687) User=0.00s Sys=0.00s Real=0.01s
[13.632s][info][gc            ] GC(688) Concurrent Cycle
[13.632s][info][gc,marking    ] GC(688) Concurrent Clear Claimed Marks
[13.632s][info][gc,marking    ] GC(688) Concurrent Clear Claimed Marks 0.013ms
[13.632s][info][gc,marking    ] GC(688) Concurrent Scan Root Regions
[13.632s][info][gc,marking    ] GC(688) Concurrent Scan Root Regions 0.106ms
[13.633s][info][gc,marking    ] GC(688) Concurrent Mark (13.632s)
[13.633s][info][gc,marking    ] GC(688) Concurrent Mark From Roots
[13.633s][info][gc,task       ] GC(688) Using 2 workers of 2 for marking
[13.638s][info][gc,marking    ] GC(688) Concurrent Mark From Roots 5.264ms
[13.638s][info][gc,marking    ] GC(688) Concurrent Preclean
[13.638s][info][gc,marking    ] GC(688) Concurrent Preclean 0.133ms
[13.638s][info][gc,marking    ] GC(688) Concurrent Mark (13.632s, 13.638s) 5.455ms
[13.638s][info][gc,start      ] GC(688) Pause Remark
[13.639s][info][gc,stringtable] GC(688) Cleaned string and symbol table, strings: 4350 processed, 0 removed, symbols: 36588 processed, 0 removed
[13.640s][info][gc            ] GC(688) Pause Remark 1729M->1729M(2087M) 1.731ms
[13.640s][info][gc,cpu        ] GC(688) User=0.01s Sys=0.00s Real=0.00s
[13.640s][info][gc,marking    ] GC(688) Concurrent Rebuild Remembered Sets
[13.645s][info][gc,marking    ] GC(688) Concurrent Rebuild Remembered Sets 4.816ms
[13.646s][info][gc,start      ] GC(688) Pause Cleanup
[13.646s][info][gc            ] GC(688) Pause Cleanup 1732M->1732M(2087M) 0.188ms
[13.646s][info][gc,cpu        ] GC(688) User=0.00s Sys=0.00s Real=0.00s
[13.646s][info][gc,marking    ] GC(688) Concurrent Cleanup for Next Mark
[13.649s][info][gc,marking    ] GC(688) Concurrent Cleanup for Next Mark 2.796ms
[13.649s][info][gc            ] GC(688) Concurrent Cycle 16.544ms
[13.656s][info][gc,start      ] GC(689) Pause Young (Concurrent Start) (G1 Humongous Allocation)
[13.656s][info][gc,task       ] GC(689) Using 8 workers of 8 for evacuation
[13.658s][info][gc,phases     ] GC(689)   Pre Evacuate Collection Set: 0.6ms
[13.658s][info][gc,phases     ] GC(689)   Evacuate Collection Set: 0.6ms
[13.658s][info][gc,phases     ] GC(689)   Post Evacuate Collection Set: 0.1ms
[13.658s][info][gc,phases     ] GC(689)   Other: 0.3ms
[13.658s][info][gc,heap       ] GC(689) Eden regions: 4->0(142)
[13.658s][info][gc,heap       ] GC(689) Survivor regions: 1->1(19)
[13.658s][info][gc,heap       ] GC(689) Old regions: 27->27
[13.658s][info][gc,heap       ] GC(689) Humongous regions: 1704->1704
[13.658s][info][gc,metaspace  ] GC(689) Metaspace: 9862K->9862K(1058816K)
[13.658s][info][gc            ] GC(689) Pause Young (Concurrent Start) (G1 Humongous Allocation) 1734M->1730M(2087M) 1.700ms
[13.658s][info][gc,cpu        ] GC(689) User=0.00s Sys=0.00s Real=0.00s
[13.658s][info][gc            ] GC(690) Concurrent Cycle
[13.658s][info][gc,marking    ] GC(690) Concurrent Clear Claimed Marks
[13.658s][info][gc,marking    ] GC(690) Concurrent Clear Claimed Marks 0.032ms
[13.658s][info][gc,marking    ] GC(690) Concurrent Scan Root Regions
[13.658s][info][gc,marking    ] GC(690) Concurrent Scan Root Regions 0.082ms
[13.658s][info][gc,marking    ] GC(690) Concurrent Mark (13.658s)
[13.658s][info][gc,marking    ] GC(690) Concurrent Mark From Roots
[13.658s][info][gc,task       ] GC(690) Using 2 workers of 2 for marking
[13.663s][info][gc,marking    ] GC(690) Concurrent Mark From Roots 5.173ms
[13.663s][info][gc,marking    ] GC(690) Concurrent Preclean
[13.663s][info][gc,marking    ] GC(690) Concurrent Preclean 0.154ms
[13.663s][info][gc,marking    ] GC(690) Concurrent Mark (13.658s, 13.663s) 5.438ms
[13.663s][info][gc,start      ] GC(690) Pause Remark
[13.664s][info][gc,stringtable] GC(690) Cleaned string and symbol table, strings: 4350 processed, 0 removed, symbols: 36588 processed, 0 removed
[13.665s][info][gc            ] GC(690) Pause Remark 1733M->1733M(2087M) 1.252ms
[13.665s][info][gc,cpu        ] GC(690) User=0.00s Sys=0.00s Real=0.00s
[13.665s][info][gc,marking    ] GC(690) Concurrent Rebuild Remembered Sets
[13.670s][info][gc,marking    ] GC(690) Concurrent Rebuild Remembered Sets 4.682ms
[13.670s][info][gc,start      ] GC(690) Pause Cleanup
[13.670s][info][gc            ] GC(690) Pause Cleanup 1734M->1734M(2087M) 0.355ms
[13.670s][info][gc,cpu        ] GC(690) User=0.01s Sys=0.00s Real=0.00s
[13.670s][info][gc,marking    ] GC(690) Concurrent Cleanup for Next Mark
[13.673s][info][gc,marking    ] GC(690) Concurrent Cleanup for Next Mark 2.578ms
[13.673s][info][gc            ] GC(690) Concurrent Cycle 14.982ms
[13.681s][info][gc,start      ] GC(691) Pause Young (Concurrent Start) (G1 Humongous Allocation)
[13.681s][info][gc,task       ] GC(691) Using 8 workers of 8 for evacuation
[13.683s][info][gc,phases     ] GC(691)   Pre Evacuate Collection Set: 0.4ms
[13.683s][info][gc,phases     ] GC(691)   Evacuate Collection Set: 0.7ms
[13.683s][info][gc,phases     ] GC(691)   Post Evacuate Collection Set: 0.2ms
[13.683s][info][gc,phases     ] GC(691)   Other: 0.3ms
[13.683s][info][gc,heap       ] GC(691) Eden regions: 4->0(138)
[13.683s][info][gc,heap       ] GC(691) Survivor regions: 1->1(18)
[13.683s][info][gc,heap       ] GC(691) Old regions: 27->27
[13.683s][info][gc,heap       ] GC(691) Humongous regions: 1708->1708
[13.683s][info][gc,metaspace  ] GC(691) Metaspace: 9862K->9862K(1058816K)
[13.683s][info][gc            ] GC(691) Pause Young (Concurrent Start) (G1 Humongous Allocation) 1738M->1734M(2087M) 1.678ms
[13.683s][info][gc,cpu        ] GC(691) User=0.01s Sys=0.00s Real=0.01s
[13.683s][info][gc            ] GC(692) Concurrent Cycle
[13.683s][info][gc,marking    ] GC(692) Concurrent Clear Claimed Marks
[13.683s][info][gc,marking    ] GC(692) Concurrent Clear Claimed Marks 0.012ms
[13.683s][info][gc,marking    ] GC(692) Concurrent Scan Root Regions
[13.683s][info][gc,marking    ] GC(692) Concurrent Scan Root Regions 0.140ms
[13.683s][info][gc,marking    ] GC(692) Concurrent Mark (13.683s)
[13.683s][info][gc,marking    ] GC(692) Concurrent Mark From Roots
[13.683s][info][gc,task       ] GC(692) Using 2 workers of 2 for marking
[13.689s][info][gc,marking    ] GC(692) Concurrent Mark From Roots 5.375ms
[13.689s][info][gc,marking    ] GC(692) Concurrent Preclean
[13.689s][info][gc,marking    ] GC(692) Concurrent Preclean 0.084ms
[13.689s][info][gc,marking    ] GC(692) Concurrent Mark (13.683s, 13.689s) 5.568ms
[13.689s][info][gc,start      ] GC(692) Pause Remark
[13.690s][info][gc,stringtable] GC(692) Cleaned string and symbol table, strings: 4350 processed, 0 removed, symbols: 36588 processed, 0 removed
[13.690s][info][gc            ] GC(692) Pause Remark 1737M->1737M(2087M) 1.204ms
[13.690s][info][gc,cpu        ] GC(692) User=0.01s Sys=0.00s Real=0.00s
[13.690s][info][gc,marking    ] GC(692) Concurrent Rebuild Remembered Sets
[13.697s][info][gc,marking    ] GC(692) Concurrent Rebuild Remembered Sets 7.021ms
[13.698s][info][gc,start      ] GC(692) Pause Cleanup
[13.699s][info][gc            ] GC(692) Pause Cleanup 1740M->1740M(2087M) 0.465ms
[13.699s][info][gc,cpu        ] GC(692) User=0.01s Sys=0.00s Real=0.00s
[13.699s][info][gc,marking    ] GC(692) Concurrent Cleanup for Next Mark
[13.701s][info][gc,marking    ] GC(692) Concurrent Cleanup for Next Mark 2.604ms
[13.701s][info][gc            ] GC(692) Concurrent Cycle 18.292ms
[13.708s][info][gc,start      ] GC(693) Pause Young (Concurrent Start) (G1 Humongous Allocation)
[13.708s][info][gc,task       ] GC(693) Using 8 workers of 8 for evacuation
[13.709s][info][gc,phases     ] GC(693)   Pre Evacuate Collection Set: 0.4ms
[13.709s][info][gc,phases     ] GC(693)   Evacuate Collection Set: 0.5ms
[13.709s][info][gc,phases     ] GC(693)   Post Evacuate Collection Set: 0.1ms
[13.710s][info][gc,phases     ] GC(693)   Other: 0.2ms
[13.710s][info][gc,heap       ] GC(693) Eden regions: 4->0(134)
[13.710s][info][gc,heap       ] GC(693) Survivor regions: 1->1(18)
[13.710s][info][gc,heap       ] GC(693) Old regions: 27->27
[13.710s][info][gc,heap       ] GC(693) Humongous regions: 1712->1712
[13.710s][info][gc,metaspace  ] GC(693) Metaspace: 9862K->9862K(1058816K)
[13.710s][info][gc            ] GC(693) Pause Young (Concurrent Start) (G1 Humongous Allocation) 1742M->1738M(2087M) 1.341ms
[13.710s][info][gc,cpu        ] GC(693) User=0.00s Sys=0.00s Real=0.00s
[13.710s][info][gc            ] GC(694) Concurrent Cycle
[13.710s][info][gc,marking    ] GC(694) Concurrent Clear Claimed Marks
[13.710s][info][gc,marking    ] GC(694) Concurrent Clear Claimed Marks 0.012ms
[13.710s][info][gc,marking    ] GC(694) Concurrent Scan Root Regions
[13.710s][info][gc,marking    ] GC(694) Concurrent Scan Root Regions 0.050ms
[13.710s][info][gc,marking    ] GC(694) Concurrent Mark (13.710s)
[13.710s][info][gc,marking    ] GC(694) Concurrent Mark From Roots
[13.710s][info][gc,task       ] GC(694) Using 2 workers of 2 for marking
[13.715s][info][gc,marking    ] GC(694) Concurrent Mark From Roots 5.645ms
[13.715s][info][gc,marking    ] GC(694) Concurrent Preclean
[13.716s][info][gc,marking    ] GC(694) Concurrent Preclean 0.088ms
[13.716s][info][gc,marking    ] GC(694) Concurrent Mark (13.710s, 13.716s) 5.825ms
[13.716s][info][gc,start      ] GC(694) Pause Remark
[13.717s][info][gc,stringtable] GC(694) Cleaned string and symbol table, strings: 4350 processed, 0 removed, symbols: 36588 processed, 0 removed
[13.717s][info][gc            ] GC(694) Pause Remark 1741M->1741M(2087M) 1.754ms
[13.718s][info][gc,cpu        ] GC(694) User=0.01s Sys=0.00s Real=0.00s
[13.718s][info][gc,marking    ] GC(694) Concurrent Rebuild Remembered Sets
[13.722s][info][gc,marking    ] GC(694) Concurrent Rebuild Remembered Sets 4.813ms
[13.723s][info][gc,start      ] GC(694) Pause Cleanup
[13.724s][info][gc            ] GC(694) Pause Cleanup 1744M->1744M(2087M) 0.314ms
[13.724s][info][gc,cpu        ] GC(694) User=0.00s Sys=0.00s Real=0.00s
[13.724s][info][gc,marking    ] GC(694) Concurrent Cleanup for Next Mark
[13.726s][info][gc,marking    ] GC(694) Concurrent Cleanup for Next Mark 2.704ms
[13.726s][info][gc            ] GC(694) Concurrent Cycle 16.843ms
[13.734s][info][gc,start      ] GC(695) Pause Young (Concurrent Start) (G1 Humongous Allocation)
[13.734s][info][gc,task       ] GC(695) Using 8 workers of 8 for evacuation
[13.736s][info][gc,phases     ] GC(695)   Pre Evacuate Collection Set: 0.4ms
[13.736s][info][gc,phases     ] GC(695)   Evacuate Collection Set: 0.5ms
[13.736s][info][gc,phases     ] GC(695)   Post Evacuate Collection Set: 0.2ms
[13.736s][info][gc,phases     ] GC(695)   Other: 0.3ms
[13.736s][info][gc,heap       ] GC(695) Eden regions: 4->0(130)
[13.736s][info][gc,heap       ] GC(695) Survivor regions: 1->1(17)
[13.736s][info][gc,heap       ] GC(695) Old regions: 27->27
[13.736s][info][gc,heap       ] GC(695) Humongous regions: 1716->1716
[13.736s][info][gc,metaspace  ] GC(695) Metaspace: 9862K->9862K(1058816K)
[13.736s][info][gc            ] GC(695) Pause Young (Concurrent Start) (G1 Humongous Allocation) 1746M->1742M(2087M) 1.520ms
[13.736s][info][gc,cpu        ] GC(695) User=0.00s Sys=0.00s Real=0.00s
[13.736s][info][gc            ] GC(696) Concurrent Cycle
[13.736s][info][gc,marking    ] GC(696) Concurrent Clear Claimed Marks
[13.736s][info][gc,marking    ] GC(696) Concurrent Clear Claimed Marks 0.027ms
[13.736s][info][gc,marking    ] GC(696) Concurrent Scan Root Regions
[13.736s][info][gc,marking    ] GC(696) Concurrent Scan Root Regions 0.102ms
[13.736s][info][gc,marking    ] GC(696) Concurrent Mark (13.736s)
[13.736s][info][gc,marking    ] GC(696) Concurrent Mark From Roots
[13.736s][info][gc,task       ] GC(696) Using 2 workers of 2 for marking
[13.741s][info][gc,marking    ] GC(696) Concurrent Mark From Roots 5.325ms
[13.741s][info][gc,marking    ] GC(696) Concurrent Preclean
[13.741s][info][gc,marking    ] GC(696) Concurrent Preclean 0.065ms
[13.741s][info][gc,marking    ] GC(696) Concurrent Mark (13.736s, 13.741s) 5.441ms
[13.742s][info][gc,start      ] GC(696) Pause Remark
[13.742s][info][gc,stringtable] GC(696) Cleaned string and symbol table, strings: 4350 processed, 0 removed, symbols: 36588 processed, 0 removed
[13.743s][info][gc            ] GC(696) Pause Remark 1745M->1745M(2087M) 1.209ms
[13.743s][info][gc,cpu        ] GC(696) User=0.00s Sys=0.00s Real=0.00s
[13.743s][info][gc,marking    ] GC(696) Concurrent Rebuild Remembered Sets
[13.748s][info][gc,marking    ] GC(696) Concurrent Rebuild Remembered Sets 5.147ms
[13.748s][info][gc,start      ] GC(696) Pause Cleanup
[13.748s][info][gc            ] GC(696) Pause Cleanup 1748M->1748M(2087M) 0.317ms
[13.749s][info][gc,cpu        ] GC(696) User=0.00s Sys=0.00s Real=0.00s
[13.749s][info][gc,marking    ] GC(696) Concurrent Cleanup for Next Mark
[13.751s][info][gc,marking    ] GC(696) Concurrent Cleanup for Next Mark 2.753ms
[13.751s][info][gc            ] GC(696) Concurrent Cycle 15.538ms
[13.758s][info][gc,start      ] GC(697) Pause Young (Concurrent Start) (G1 Humongous Allocation)
[13.758s][info][gc,task       ] GC(697) Using 8 workers of 8 for evacuation
[13.759s][info][gc,phases     ] GC(697)   Pre Evacuate Collection Set: 0.4ms
[13.759s][info][gc,phases     ] GC(697)   Evacuate Collection Set: 0.6ms
[13.759s][info][gc,phases     ] GC(697)   Post Evacuate Collection Set: 0.1ms
[13.759s][info][gc,phases     ] GC(697)   Other: 0.2ms
[13.759s][info][gc,heap       ] GC(697) Eden regions: 4->0(126)
[13.759s][info][gc,heap       ] GC(697) Survivor regions: 1->1(17)
[13.759s][info][gc,heap       ] GC(697) Old regions: 27->27
[13.759s][info][gc,heap       ] GC(697) Humongous regions: 1720->1720
[13.759s][info][gc,metaspace  ] GC(697) Metaspace: 9862K->9862K(1058816K)
[13.759s][info][gc            ] GC(697) Pause Young (Concurrent Start) (G1 Humongous Allocation) 1750M->1746M(2087M) 1.390ms
[13.759s][info][gc,cpu        ] GC(697) User=0.01s Sys=0.00s Real=0.00s
[13.759s][info][gc            ] GC(698) Concurrent Cycle
[13.759s][info][gc,marking    ] GC(698) Concurrent Clear Claimed Marks
[13.759s][info][gc,marking    ] GC(698) Concurrent Clear Claimed Marks 0.012ms
[13.759s][info][gc,marking    ] GC(698) Concurrent Scan Root Regions
[13.759s][info][gc,marking    ] GC(698) Concurrent Scan Root Regions 0.052ms
[13.759s][info][gc,marking    ] GC(698) Concurrent Mark (13.759s)
[13.759s][info][gc,marking    ] GC(698) Concurrent Mark From Roots
[13.759s][info][gc,task       ] GC(698) Using 2 workers of 2 for marking
[13.765s][info][gc,marking    ] GC(698) Concurrent Mark From Roots 5.486ms
[13.765s][info][gc,marking    ] GC(698) Concurrent Preclean
[13.765s][info][gc,marking    ] GC(698) Concurrent Preclean 0.105ms
[13.765s][info][gc,marking    ] GC(698) Concurrent Mark (13.759s, 13.765s) 5.661ms
[13.765s][info][gc,start      ] GC(698) Pause Remark
[13.766s][info][gc,stringtable] GC(698) Cleaned string and symbol table, strings: 4350 processed, 0 removed, symbols: 36588 processed, 0 removed
[13.766s][info][gc            ] GC(698) Pause Remark 1749M->1749M(2087M) 1.170ms
[13.766s][info][gc,cpu        ] GC(698) User=0.01s Sys=0.00s Real=0.00s
[13.766s][info][gc,marking    ] GC(698) Concurrent Rebuild Remembered Sets
[13.771s][info][gc,marking    ] GC(698) Concurrent Rebuild Remembered Sets 4.711ms
[13.772s][info][gc,start      ] GC(698) Pause Cleanup
[13.772s][info][gc            ] GC(698) Pause Cleanup 1752M->1752M(2087M) 0.296ms
[13.772s][info][gc,cpu        ] GC(698) User=0.00s Sys=0.00s Real=0.00s
[13.772s][info][gc,marking    ] GC(698) Concurrent Cleanup for Next Mark
[13.775s][info][gc,marking    ] GC(698) Concurrent Cleanup for Next Mark 2.550ms
[13.775s][info][gc            ] GC(698) Concurrent Cycle 15.825ms
[13.782s][info][gc,start      ] GC(699) Pause Young (Concurrent Start) (G1 Humongous Allocation)
[13.782s][info][gc,task       ] GC(699) Using 8 workers of 8 for evacuation
[13.784s][info][gc,phases     ] GC(699)   Pre Evacuate Collection Set: 0.5ms
[13.784s][info][gc,phases     ] GC(699)   Evacuate Collection Set: 0.7ms
[13.784s][info][gc,phases     ] GC(699)   Post Evacuate Collection Set: 0.1ms
[13.784s][info][gc,phases     ] GC(699)   Other: 0.2ms
[13.784s][info][gc,heap       ] GC(699) Eden regions: 4->0(122)
[13.784s][info][gc,heap       ] GC(699) Survivor regions: 1->1(16)
[13.784s][info][gc,heap       ] GC(699) Old regions: 27->27
[13.784s][info][gc,heap       ] GC(699) Humongous regions: 1724->1724
[13.784s][info][gc,metaspace  ] GC(699) Metaspace: 9862K->9862K(1058816K)
[13.784s][info][gc            ] GC(699) Pause Young (Concurrent Start) (G1 Humongous Allocation) 1754M->1750M(2087M) 1.656ms
[13.784s][info][gc,cpu        ] GC(699) User=0.00s Sys=0.00s Real=0.00s
[13.784s][info][gc            ] GC(700) Concurrent Cycle
[13.784s][info][gc,marking    ] GC(700) Concurrent Clear Claimed Marks
[13.784s][info][gc,marking    ] GC(700) Concurrent Clear Claimed Marks 0.031ms
[13.784s][info][gc,marking    ] GC(700) Concurrent Scan Root Regions
[13.784s][info][gc,marking    ] GC(700) Concurrent Scan Root Regions 0.093ms
[13.784s][info][gc,marking    ] GC(700) Concurrent Mark (13.784s)
[13.784s][info][gc,marking    ] GC(700) Concurrent Mark From Roots
[13.784s][info][gc,task       ] GC(700) Using 2 workers of 2 for marking
[13.789s][info][gc,marking    ] GC(700) Concurrent Mark From Roots 5.278ms
[13.789s][info][gc,marking    ] GC(700) Concurrent Preclean
[13.789s][info][gc,marking    ] GC(700) Concurrent Preclean 0.101ms
[13.789s][info][gc,marking    ] GC(700) Concurrent Mark (13.784s, 13.789s) 5.465ms
[13.790s][info][gc,start      ] GC(700) Pause Remark
[13.790s][info][gc,stringtable] GC(700) Cleaned string and symbol table, strings: 4350 processed, 0 removed, symbols: 36588 processed, 0 removed
[13.791s][info][gc            ] GC(700) Pause Remark 1753M->1753M(2087M) 1.085ms
[13.791s][info][gc,cpu        ] GC(700) User=0.00s Sys=0.00s Real=0.00s
[13.791s][info][gc,marking    ] GC(700) Concurrent Rebuild Remembered Sets
[13.796s][info][gc,marking    ] GC(700) Concurrent Rebuild Remembered Sets 4.949ms
[13.797s][info][gc,start      ] GC(700) Pause Cleanup
[13.797s][info][gc            ] GC(700) Pause Cleanup 1756M->1756M(2087M) 0.230ms
[13.797s][info][gc,cpu        ] GC(700) User=0.00s Sys=0.00s Real=0.00s
[13.797s][info][gc,marking    ] GC(700) Concurrent Cleanup for Next Mark
[13.799s][info][gc,marking    ] GC(700) Concurrent Cleanup for Next Mark 2.613ms
[13.799s][info][gc            ] GC(700) Concurrent Cycle 15.711ms
[13.806s][info][gc,start      ] GC(701) Pause Young (Concurrent Start) (G1 Humongous Allocation)
[13.806s][info][gc,task       ] GC(701) Using 8 workers of 8 for evacuation
[13.808s][info][gc,phases     ] GC(701)   Pre Evacuate Collection Set: 0.4ms
[13.808s][info][gc,phases     ] GC(701)   Evacuate Collection Set: 0.7ms
[13.808s][info][gc,phases     ] GC(701)   Post Evacuate Collection Set: 0.2ms
[13.808s][info][gc,phases     ] GC(701)   Other: 0.2ms
[13.808s][info][gc,heap       ] GC(701) Eden regions: 4->0(118)
[13.808s][info][gc,heap       ] GC(701) Survivor regions: 1->1(16)
[13.808s][info][gc,heap       ] GC(701) Old regions: 27->27
[13.808s][info][gc,heap       ] GC(701) Humongous regions: 1728->1728
[13.808s][info][gc,metaspace  ] GC(701) Metaspace: 9862K->9862K(1058816K)
[13.808s][info][gc            ] GC(701) Pause Young (Concurrent Start) (G1 Humongous Allocation) 1758M->1754M(2087M) 1.543ms
[13.808s][info][gc,cpu        ] GC(701) User=0.01s Sys=0.00s Real=0.00s
[13.808s][info][gc            ] GC(702) Concurrent Cycle
[13.808s][info][gc,marking    ] GC(702) Concurrent Clear Claimed Marks
[13.808s][info][gc,marking    ] GC(702) Concurrent Clear Claimed Marks 0.046ms
[13.808s][info][gc,marking    ] GC(702) Concurrent Scan Root Regions
[13.808s][info][gc,marking    ] GC(702) Concurrent Scan Root Regions 0.092ms
[13.808s][info][gc,marking    ] GC(702) Concurrent Mark (13.808s)
[13.808s][info][gc,marking    ] GC(702) Concurrent Mark From Roots
[13.808s][info][gc,task       ] GC(702) Using 2 workers of 2 for marking
[13.813s][info][gc,marking    ] GC(702) Concurrent Mark From Roots 5.345ms
[13.814s][info][gc,marking    ] GC(702) Concurrent Preclean
[13.814s][info][gc,marking    ] GC(702) Concurrent Preclean 0.109ms
[13.814s][info][gc,marking    ] GC(702) Concurrent Mark (13.808s, 13.814s) 5.576ms
[13.814s][info][gc,start      ] GC(702) Pause Remark
[13.815s][info][gc,stringtable] GC(702) Cleaned string and symbol table, strings: 4350 processed, 0 removed, symbols: 36588 processed, 0 removed
[13.816s][info][gc            ] GC(702) Pause Remark 1757M->1757M(2087M) 1.706ms
[13.816s][info][gc,cpu        ] GC(702) User=0.01s Sys=0.00s Real=0.00s
[13.816s][info][gc,marking    ] GC(702) Concurrent Rebuild Remembered Sets
[13.820s][info][gc,marking    ] GC(702) Concurrent Rebuild Remembered Sets 4.747ms
[13.821s][info][gc,start      ] GC(702) Pause Cleanup
[13.822s][info][gc            ] GC(702) Pause Cleanup 1760M->1760M(2087M) 0.251ms
[13.822s][info][gc,cpu        ] GC(702) User=0.00s Sys=0.00s Real=0.00s
[13.822s][info][gc,marking    ] GC(702) Concurrent Cleanup for Next Mark
[13.824s][info][gc,marking    ] GC(702) Concurrent Cleanup for Next Mark 2.508ms
[13.824s][info][gc            ] GC(702) Concurrent Cycle 16.366ms
[13.831s][info][gc,start      ] GC(703) Pause Young (Concurrent Start) (G1 Humongous Allocation)
[13.831s][info][gc,task       ] GC(703) Using 8 workers of 8 for evacuation
[13.833s][info][gc,phases     ] GC(703)   Pre Evacuate Collection Set: 0.4ms
[13.833s][info][gc,phases     ] GC(703)   Evacuate Collection Set: 0.6ms
[13.833s][info][gc,phases     ] GC(703)   Post Evacuate Collection Set: 0.2ms
[13.833s][info][gc,phases     ] GC(703)   Other: 0.3ms
[13.833s][info][gc,heap       ] GC(703) Eden regions: 4->0(114)
[13.833s][info][gc,heap       ] GC(703) Survivor regions: 1->1(15)
[13.833s][info][gc,heap       ] GC(703) Old regions: 27->27
[13.833s][info][gc,heap       ] GC(703) Humongous regions: 1732->1732
[13.833s][info][gc,metaspace  ] GC(703) Metaspace: 9862K->9862K(1058816K)
[13.833s][info][gc            ] GC(703) Pause Young (Concurrent Start) (G1 Humongous Allocation) 1762M->1758M(2087M) 1.562ms
[13.833s][info][gc,cpu        ] GC(703) User=0.00s Sys=0.00s Real=0.00s
[13.833s][info][gc            ] GC(704) Concurrent Cycle
[13.833s][info][gc,marking    ] GC(704) Concurrent Clear Claimed Marks
[13.833s][info][gc,marking    ] GC(704) Concurrent Clear Claimed Marks 0.013ms
[13.833s][info][gc,marking    ] GC(704) Concurrent Scan Root Regions
[13.833s][info][gc,marking    ] GC(704) Concurrent Scan Root Regions 0.101ms
[13.833s][info][gc,marking    ] GC(704) Concurrent Mark (13.833s)
[13.833s][info][gc,marking    ] GC(704) Concurrent Mark From Roots
[13.833s][info][gc,task       ] GC(704) Using 2 workers of 2 for marking
[13.838s][info][gc,marking    ] GC(704) Concurrent Mark From Roots 5.211ms
[13.838s][info][gc,marking    ] GC(704) Concurrent Preclean
[13.839s][info][gc,marking    ] GC(704) Concurrent Preclean 0.069ms
[13.839s][info][gc,marking    ] GC(704) Concurrent Mark (13.833s, 13.839s) 5.336ms
[13.839s][info][gc,start      ] GC(704) Pause Remark
[13.840s][info][gc,stringtable] GC(704) Cleaned string and symbol table, strings: 4350 processed, 0 removed, symbols: 36588 processed, 0 removed
[13.840s][info][gc            ] GC(704) Pause Remark 1761M->1761M(2087M) 1.200ms
[13.840s][info][gc,cpu        ] GC(704) User=0.00s Sys=0.00s Real=0.00s
[13.840s][info][gc,marking    ] GC(704) Concurrent Rebuild Remembered Sets
[13.845s][info][gc,marking    ] GC(704) Concurrent Rebuild Remembered Sets 4.806ms
[13.846s][info][gc,start      ] GC(704) Pause Cleanup
[13.846s][info][gc            ] GC(704) Pause Cleanup 1764M->1764M(2087M) 0.189ms
[13.846s][info][gc,cpu        ] GC(704) User=0.00s Sys=0.00s Real=0.00s
[13.846s][info][gc,marking    ] GC(704) Concurrent Cleanup for Next Mark
[13.849s][info][gc,marking    ] GC(704) Concurrent Cleanup for Next Mark 2.725ms
[13.849s][info][gc            ] GC(704) Concurrent Cycle 15.817ms
[13.856s][info][gc,start      ] GC(705) Pause Young (Concurrent Start) (G1 Humongous Allocation)
[13.856s][info][gc,task       ] GC(705) Using 8 workers of 8 for evacuation
[13.857s][info][gc,phases     ] GC(705)   Pre Evacuate Collection Set: 0.4ms
[13.857s][info][gc,phases     ] GC(705)   Evacuate Collection Set: 0.5ms
[13.857s][info][gc,phases     ] GC(705)   Post Evacuate Collection Set: 0.2ms
[13.857s][info][gc,phases     ] GC(705)   Other: 0.2ms
[13.857s][info][gc,heap       ] GC(705) Eden regions: 4->0(111)
[13.857s][info][gc,heap       ] GC(705) Survivor regions: 1->1(15)
[13.857s][info][gc,heap       ] GC(705) Old regions: 27->27
[13.857s][info][gc,heap       ] GC(705) Humongous regions: 1736->1736
[13.857s][info][gc,metaspace  ] GC(705) Metaspace: 9862K->9862K(1058816K)
[13.857s][info][gc            ] GC(705) Pause Young (Concurrent Start) (G1 Humongous Allocation) 1766M->1762M(2087M) 1.411ms
[13.857s][info][gc,cpu        ] GC(705) User=0.01s Sys=0.00s Real=0.00s
[13.857s][info][gc            ] GC(706) Concurrent Cycle
[13.857s][info][gc,marking    ] GC(706) Concurrent Clear Claimed Marks
[13.857s][info][gc,marking    ] GC(706) Concurrent Clear Claimed Marks 0.046ms
[13.857s][info][gc,marking    ] GC(706) Concurrent Scan Root Regions
[13.857s][info][gc,marking    ] GC(706) Concurrent Scan Root Regions 0.105ms
[13.857s][info][gc,marking    ] GC(706) Concurrent Mark (13.857s)
[13.858s][info][gc,marking    ] GC(706) Concurrent Mark From Roots
[13.858s][info][gc,task       ] GC(706) Using 2 workers of 2 for marking
[13.863s][info][gc,marking    ] GC(706) Concurrent Mark From Roots 5.377ms
[13.863s][info][gc,marking    ] GC(706) Concurrent Preclean
[13.863s][info][gc,marking    ] GC(706) Concurrent Preclean 0.130ms
[13.863s][info][gc,marking    ] GC(706) Concurrent Mark (13.857s, 13.863s) 5.678ms
[13.863s][info][gc,start      ] GC(706) Pause Remark
[13.864s][info][gc,stringtable] GC(706) Cleaned string and symbol table, strings: 4350 processed, 0 removed, symbols: 36588 processed, 0 removed
[13.865s][info][gc            ] GC(706) Pause Remark 1765M->1765M(2087M) 1.320ms
[13.865s][info][gc,cpu        ] GC(706) User=0.01s Sys=0.00s Real=0.00s
[13.865s][info][gc,marking    ] GC(706) Concurrent Rebuild Remembered Sets
[13.869s][info][gc,marking    ] GC(706) Concurrent Rebuild Remembered Sets 4.690ms
[13.870s][info][gc,start      ] GC(706) Pause Cleanup
[13.871s][info][gc            ] GC(706) Pause Cleanup 1768M->1768M(2087M) 0.304ms
[13.871s][info][gc,cpu        ] GC(706) User=0.00s Sys=0.00s Real=0.00s
[13.871s][info][gc,marking    ] GC(706) Concurrent Cleanup for Next Mark
[13.873s][info][gc,marking    ] GC(706) Concurrent Cleanup for Next Mark 2.582ms
[13.873s][info][gc            ] GC(706) Concurrent Cycle 16.159ms
[13.881s][info][gc,start      ] GC(707) Pause Young (Concurrent Start) (G1 Humongous Allocation)
[13.881s][info][gc,task       ] GC(707) Using 8 workers of 8 for evacuation
[13.882s][info][gc,phases     ] GC(707)   Pre Evacuate Collection Set: 0.4ms
[13.882s][info][gc,phases     ] GC(707)   Evacuate Collection Set: 1.0ms
[13.882s][info][gc,phases     ] GC(707)   Post Evacuate Collection Set: 0.2ms
[13.883s][info][gc,phases     ] GC(707)   Other: 0.3ms
[13.883s][info][gc,heap       ] GC(707) Eden regions: 4->0(107)
[13.883s][info][gc,heap       ] GC(707) Survivor regions: 1->1(14)
[13.883s][info][gc,heap       ] GC(707) Old regions: 27->27
[13.883s][info][gc,heap       ] GC(707) Humongous regions: 1740->1740
[13.883s][info][gc,metaspace  ] GC(707) Metaspace: 9862K->9862K(1058816K)
[13.883s][info][gc            ] GC(707) Pause Young (Concurrent Start) (G1 Humongous Allocation) 1770M->1766M(2087M) 1.953ms
[13.883s][info][gc,cpu        ] GC(707) User=0.00s Sys=0.00s Real=0.01s
[13.883s][info][gc            ] GC(708) Concurrent Cycle
[13.883s][info][gc,marking    ] GC(708) Concurrent Clear Claimed Marks
[13.883s][info][gc,marking    ] GC(708) Concurrent Clear Claimed Marks 0.031ms
[13.883s][info][gc,marking    ] GC(708) Concurrent Scan Root Regions
[13.883s][info][gc,marking    ] GC(708) Concurrent Scan Root Regions 0.061ms
[13.883s][info][gc,marking    ] GC(708) Concurrent Mark (13.883s)
[13.883s][info][gc,marking    ] GC(708) Concurrent Mark From Roots
[13.883s][info][gc,task       ] GC(708) Using 2 workers of 2 for marking
[13.888s][info][gc,marking    ] GC(708) Concurrent Mark From Roots 5.363ms
[13.888s][info][gc,marking    ] GC(708) Concurrent Preclean
[13.888s][info][gc,marking    ] GC(708) Concurrent Preclean 0.085ms
[13.888s][info][gc,marking    ] GC(708) Concurrent Mark (13.883s, 13.888s) 5.568ms
[13.889s][info][gc,start      ] GC(708) Pause Remark
[13.890s][info][gc,stringtable] GC(708) Cleaned string and symbol table, strings: 4350 processed, 0 removed, symbols: 36588 processed, 0 removed
[13.890s][info][gc            ] GC(708) Pause Remark 1769M->1769M(2087M) 1.803ms
[13.890s][info][gc,cpu        ] GC(708) User=0.01s Sys=0.00s Real=0.00s
[13.890s][info][gc,marking    ] GC(708) Concurrent Rebuild Remembered Sets
[13.895s][info][gc,marking    ] GC(708) Concurrent Rebuild Remembered Sets 5.048ms
[13.896s][info][gc,start      ] GC(708) Pause Cleanup
[13.896s][info][gc            ] GC(708) Pause Cleanup 1770M->1770M(2087M) 0.523ms
[13.896s][info][gc,cpu        ] GC(708) User=0.00s Sys=0.00s Real=0.00s
[13.896s][info][gc,marking    ] GC(708) Concurrent Cleanup for Next Mark
[13.900s][info][gc,marking    ] GC(708) Concurrent Cleanup for Next Mark 3.196ms
[13.900s][info][gc            ] GC(708) Concurrent Cycle 16.915ms
[13.908s][info][gc,start      ] GC(709) Pause Young (Concurrent Start) (G1 Humongous Allocation)
[13.908s][info][gc,task       ] GC(709) Using 8 workers of 8 for evacuation
[13.910s][info][gc,phases     ] GC(709)   Pre Evacuate Collection Set: 0.4ms
[13.910s][info][gc,phases     ] GC(709)   Evacuate Collection Set: 0.6ms
[13.910s][info][gc,phases     ] GC(709)   Post Evacuate Collection Set: 0.2ms
[13.910s][info][gc,phases     ] GC(709)   Other: 0.3ms
[13.910s][info][gc,heap       ] GC(709) Eden regions: 4->0(103)
[13.910s][info][gc,heap       ] GC(709) Survivor regions: 1->1(14)
[13.910s][info][gc,heap       ] GC(709) Old regions: 27->27
[13.910s][info][gc,heap       ] GC(709) Humongous regions: 1744->1744
[13.910s][info][gc,metaspace  ] GC(709) Metaspace: 9862K->9862K(1058816K)
[13.910s][info][gc            ] GC(709) Pause Young (Concurrent Start) (G1 Humongous Allocation) 1774M->1770M(2087M) 1.593ms
[13.910s][info][gc,cpu        ] GC(709) User=0.00s Sys=0.00s Real=0.00s
[13.910s][info][gc            ] GC(710) Concurrent Cycle
[13.910s][info][gc,marking    ] GC(710) Concurrent Clear Claimed Marks
[13.910s][info][gc,marking    ] GC(710) Concurrent Clear Claimed Marks 0.012ms
[13.910s][info][gc,marking    ] GC(710) Concurrent Scan Root Regions
[13.910s][info][gc,marking    ] GC(710) Concurrent Scan Root Regions 0.097ms
[13.910s][info][gc,marking    ] GC(710) Concurrent Mark (13.910s)
[13.910s][info][gc,marking    ] GC(710) Concurrent Mark From Roots
[13.910s][info][gc,task       ] GC(710) Using 2 workers of 2 for marking
[13.916s][info][gc,marking    ] GC(710) Concurrent Mark From Roots 5.664ms
[13.916s][info][gc,marking    ] GC(710) Concurrent Preclean
[13.916s][info][gc,marking    ] GC(710) Concurrent Preclean 0.078ms
[13.916s][info][gc,marking    ] GC(710) Concurrent Mark (13.910s, 13.916s) 5.804ms
[13.916s][info][gc,start      ] GC(710) Pause Remark
[13.918s][info][gc,stringtable] GC(710) Cleaned string and symbol table, strings: 4350 processed, 0 removed, symbols: 36588 processed, 0 removed
[13.918s][info][gc            ] GC(710) Pause Remark 1773M->1773M(2087M) 1.719ms
[13.918s][info][gc,cpu        ] GC(710) User=0.01s Sys=0.00s Real=0.00s
[13.918s][info][gc,marking    ] GC(710) Concurrent Rebuild Remembered Sets
[13.923s][info][gc,marking    ] GC(710) Concurrent Rebuild Remembered Sets 4.890ms
[13.924s][info][gc,start      ] GC(710) Pause Cleanup
[13.924s][info][gc            ] GC(710) Pause Cleanup 1776M->1776M(2087M) 0.204ms
[13.924s][info][gc,cpu        ] GC(710) User=0.00s Sys=0.00s Real=0.00s
[13.924s][info][gc,marking    ] GC(710) Concurrent Cleanup for Next Mark
[13.927s][info][gc,marking    ] GC(710) Concurrent Cleanup for Next Mark 2.712ms
[13.927s][info][gc            ] GC(710) Concurrent Cycle 16.859ms
[13.934s][info][gc,start      ] GC(711) Pause Young (Concurrent Start) (G1 Humongous Allocation)
[13.934s][info][gc,task       ] GC(711) Using 8 workers of 8 for evacuation
[13.936s][info][gc,phases     ] GC(711)   Pre Evacuate Collection Set: 0.4ms
[13.936s][info][gc,phases     ] GC(711)   Evacuate Collection Set: 0.6ms
[13.936s][info][gc,phases     ] GC(711)   Post Evacuate Collection Set: 0.2ms
[13.936s][info][gc,phases     ] GC(711)   Other: 0.3ms
[13.936s][info][gc,heap       ] GC(711) Eden regions: 4->0(103)
[13.936s][info][gc,heap       ] GC(711) Survivor regions: 1->1(13)
[13.936s][info][gc,heap       ] GC(711) Old regions: 27->27
[13.936s][info][gc,heap       ] GC(711) Humongous regions: 1748->1748
[13.936s][info][gc,metaspace  ] GC(711) Metaspace: 9862K->9862K(1058816K)
[13.936s][info][gc            ] GC(711) Pause Young (Concurrent Start) (G1 Humongous Allocation) 1778M->1774M(2087M) 1.548ms
[13.936s][info][gc,cpu        ] GC(711) User=0.00s Sys=0.00s Real=0.00s
[13.936s][info][gc            ] GC(712) Concurrent Cycle
[13.936s][info][gc,marking    ] GC(712) Concurrent Clear Claimed Marks
[13.936s][info][gc,marking    ] GC(712) Concurrent Clear Claimed Marks 0.030ms
[13.936s][info][gc,marking    ] GC(712) Concurrent Scan Root Regions
[13.936s][info][gc,marking    ] GC(712) Concurrent Scan Root Regions 0.101ms
[13.936s][info][gc,marking    ] GC(712) Concurrent Mark (13.936s)
[13.936s][info][gc,marking    ] GC(712) Concurrent Mark From Roots
[13.936s][info][gc,task       ] GC(712) Using 2 workers of 2 for marking
[13.941s][info][gc,marking    ] GC(712) Concurrent Mark From Roots 5.314ms
[13.941s][info][gc,marking    ] GC(712) Concurrent Preclean
[13.942s][info][gc,marking    ] GC(712) Concurrent Preclean 0.072ms
[13.942s][info][gc,marking    ] GC(712) Concurrent Mark (13.936s, 13.942s) 5.463ms
[13.942s][info][gc,start      ] GC(712) Pause Remark
[13.942s][info][gc,stringtable] GC(712) Cleaned string and symbol table, strings: 4350 processed, 0 removed, symbols: 36588 processed, 0 removed
[13.943s][info][gc            ] GC(712) Pause Remark 1777M->1777M(2087M) 1.034ms
[13.943s][info][gc,cpu        ] GC(712) User=0.00s Sys=0.00s Real=0.00s
[13.943s][info][gc,marking    ] GC(712) Concurrent Rebuild Remembered Sets
[13.948s][info][gc,marking    ] GC(712) Concurrent Rebuild Remembered Sets 4.986ms
[13.949s][info][gc,start      ] GC(712) Pause Cleanup
[13.949s][info][gc            ] GC(712) Pause Cleanup 1780M->1780M(2087M) 0.255ms
[13.949s][info][gc,cpu        ] GC(712) User=0.00s Sys=0.00s Real=0.00s
[13.949s][info][gc,marking    ] GC(712) Concurrent Cleanup for Next Mark
[13.951s][info][gc,marking    ] GC(712) Concurrent Cleanup for Next Mark 2.464ms
[13.951s][info][gc            ] GC(712) Concurrent Cycle 15.590ms
[13.958s][info][gc,start      ] GC(713) Pause Young (Concurrent Start) (G1 Humongous Allocation)
[13.958s][info][gc,task       ] GC(713) Using 8 workers of 8 for evacuation
[13.960s][info][gc,phases     ] GC(713)   Pre Evacuate Collection Set: 0.4ms
[13.960s][info][gc,phases     ] GC(713)   Evacuate Collection Set: 0.6ms
[13.960s][info][gc,phases     ] GC(713)   Post Evacuate Collection Set: 0.1ms
[13.960s][info][gc,phases     ] GC(713)   Other: 0.2ms
[13.960s][info][gc,heap       ] GC(713) Eden regions: 4->0(103)
[13.960s][info][gc,heap       ] GC(713) Survivor regions: 1->1(13)
[13.960s][info][gc,heap       ] GC(713) Old regions: 27->27
[13.960s][info][gc,heap       ] GC(713) Humongous regions: 1752->1752
[13.960s][info][gc,metaspace  ] GC(713) Metaspace: 9862K->9862K(1058816K)
[13.960s][info][gc            ] GC(713) Pause Young (Concurrent Start) (G1 Humongous Allocation) 1782M->1778M(2087M) 1.419ms
[13.960s][info][gc,cpu        ] GC(713) User=0.01s Sys=0.00s Real=0.00s
[13.960s][info][gc            ] GC(714) Concurrent Cycle
[13.960s][info][gc,marking    ] GC(714) Concurrent Clear Claimed Marks
[13.960s][info][gc,marking    ] GC(714) Concurrent Clear Claimed Marks 0.036ms
[13.960s][info][gc,marking    ] GC(714) Concurrent Scan Root Regions
[13.960s][info][gc,marking    ] GC(714) Concurrent Scan Root Regions 0.087ms
[13.960s][info][gc,marking    ] GC(714) Concurrent Mark (13.960s)
[13.960s][info][gc,marking    ] GC(714) Concurrent Mark From Roots
[13.960s][info][gc,task       ] GC(714) Using 2 workers of 2 for marking
[13.965s][info][gc,marking    ] GC(714) Concurrent Mark From Roots 5.293ms
[13.965s][info][gc,marking    ] GC(714) Concurrent Preclean
[13.965s][info][gc,marking    ] GC(714) Concurrent Preclean 0.069ms
[13.965s][info][gc,marking    ] GC(714) Concurrent Mark (13.960s, 13.965s) 5.419ms
[13.966s][info][gc,start      ] GC(714) Pause Remark
[13.967s][info][gc,stringtable] GC(714) Cleaned string and symbol table, strings: 4350 processed, 0 removed, symbols: 36588 processed, 0 removed
[13.967s][info][gc            ] GC(714) Pause Remark 1781M->1781M(2087M) 1.264ms
[13.967s][info][gc,cpu        ] GC(714) User=0.01s Sys=0.00s Real=0.00s
[13.967s][info][gc,marking    ] GC(714) Concurrent Rebuild Remembered Sets
[13.972s][info][gc,marking    ] GC(714) Concurrent Rebuild Remembered Sets 4.866ms
[13.972s][info][gc,start      ] GC(714) Pause Cleanup
[13.972s][info][gc            ] GC(714) Pause Cleanup 1782M->1782M(2087M) 0.266ms
[13.972s][info][gc,cpu        ] GC(714) User=0.00s Sys=0.00s Real=0.00s
[13.972s][info][gc,marking    ] GC(714) Concurrent Cleanup for Next Mark
[13.975s][info][gc,marking    ] GC(714) Concurrent Cleanup for Next Mark 2.620ms
[13.975s][info][gc            ] GC(714) Concurrent Cycle 15.141ms
[13.984s][info][gc,start      ] GC(715) Pause Young (Concurrent Start) (G1 Humongous Allocation)
[13.984s][info][gc,task       ] GC(715) Using 8 workers of 8 for evacuation
[13.985s][info][gc,phases     ] GC(715)   Pre Evacuate Collection Set: 0.4ms
[13.985s][info][gc,phases     ] GC(715)   Evacuate Collection Set: 0.5ms
[13.985s][info][gc,phases     ] GC(715)   Post Evacuate Collection Set: 0.1ms
[13.985s][info][gc,phases     ] GC(715)   Other: 0.2ms
[13.985s][info][gc,heap       ] GC(715) Eden regions: 4->0(103)
[13.985s][info][gc,heap       ] GC(715) Survivor regions: 1->1(13)
[13.985s][info][gc,heap       ] GC(715) Old regions: 27->27
[13.985s][info][gc,heap       ] GC(715) Humongous regions: 1756->1756
[13.985s][info][gc,metaspace  ] GC(715) Metaspace: 9862K->9862K(1058816K)
[13.985s][info][gc            ] GC(715) Pause Young (Concurrent Start) (G1 Humongous Allocation) 1786M->1782M(2087M) 1.339ms
[13.985s][info][gc,cpu        ] GC(715) User=0.00s Sys=0.00s Real=0.00s
[13.985s][info][gc            ] GC(716) Concurrent Cycle
[13.985s][info][gc,marking    ] GC(716) Concurrent Clear Claimed Marks
[13.985s][info][gc,marking    ] GC(716) Concurrent Clear Claimed Marks 0.026ms
[13.985s][info][gc,marking    ] GC(716) Concurrent Scan Root Regions
[13.985s][info][gc,marking    ] GC(716) Concurrent Scan Root Regions 0.113ms
[13.985s][info][gc,marking    ] GC(716) Concurrent Mark (13.985s)
[13.985s][info][gc,marking    ] GC(716) Concurrent Mark From Roots
[13.985s][info][gc,task       ] GC(716) Using 2 workers of 2 for marking
[13.991s][info][gc,marking    ] GC(716) Concurrent Mark From Roots 5.311ms
[13.991s][info][gc,marking    ] GC(716) Concurrent Preclean
[13.991s][info][gc,marking    ] GC(716) Concurrent Preclean 0.071ms
[13.991s][info][gc,marking    ] GC(716) Concurrent Mark (13.985s, 13.991s) 5.471ms
[13.991s][info][gc,start      ] GC(716) Pause Remark
[13.992s][info][gc,stringtable] GC(716) Cleaned string and symbol table, strings: 4350 processed, 0 removed, symbols: 36588 processed, 0 removed
[13.993s][info][gc            ] GC(716) Pause Remark 1785M->1785M(2087M) 1.657ms
[13.993s][info][gc,cpu        ] GC(716) User=0.00s Sys=0.00s Real=0.01s
[13.993s][info][gc,marking    ] GC(716) Concurrent Rebuild Remembered Sets
[13.998s][info][gc,marking    ] GC(716) Concurrent Rebuild Remembered Sets 5.073ms
[13.999s][info][gc,start      ] GC(716) Pause Cleanup
[13.999s][info][gc            ] GC(716) Pause Cleanup 1788M->1788M(2087M) 0.287ms
[13.999s][info][gc,cpu        ] GC(716) User=0.00s Sys=0.00s Real=0.00s
[13.999s][info][gc,marking    ] GC(716) Concurrent Cleanup for Next Mark
[14.002s][info][gc,marking    ] GC(716) Concurrent Cleanup for Next Mark 2.506ms
[14.002s][info][gc            ] GC(716) Concurrent Cycle 16.690ms
[14.009s][info][gc,start      ] GC(717) Pause Young (Concurrent Start) (G1 Humongous Allocation)
[14.009s][info][gc,task       ] GC(717) Using 8 workers of 8 for evacuation
[14.010s][info][gc,phases     ] GC(717)   Pre Evacuate Collection Set: 0.4ms
[14.010s][info][gc,phases     ] GC(717)   Evacuate Collection Set: 0.5ms
[14.010s][info][gc,phases     ] GC(717)   Post Evacuate Collection Set: 0.2ms
[14.010s][info][gc,phases     ] GC(717)   Other: 0.2ms
[14.010s][info][gc,heap       ] GC(717) Eden regions: 4->0(103)
[14.010s][info][gc,heap       ] GC(717) Survivor regions: 1->1(13)
[14.010s][info][gc,heap       ] GC(717) Old regions: 27->27
[14.010s][info][gc,heap       ] GC(717) Humongous regions: 1760->1760
[14.010s][info][gc,metaspace  ] GC(717) Metaspace: 9862K->9862K(1058816K)
[14.010s][info][gc            ] GC(717) Pause Young (Concurrent Start) (G1 Humongous Allocation) 1790M->1786M(2087M) 1.408ms
[14.010s][info][gc,cpu        ] GC(717) User=0.01s Sys=0.00s Real=0.00s
[14.011s][info][gc            ] GC(718) Concurrent Cycle
[14.011s][info][gc,marking    ] GC(718) Concurrent Clear Claimed Marks
[14.011s][info][gc,marking    ] GC(718) Concurrent Clear Claimed Marks 0.036ms
[14.011s][info][gc,marking    ] GC(718) Concurrent Scan Root Regions
[14.011s][info][gc,marking    ] GC(718) Concurrent Scan Root Regions 0.073ms
[14.011s][info][gc,marking    ] GC(718) Concurrent Mark (14.011s)
[14.011s][info][gc,marking    ] GC(718) Concurrent Mark From Roots
[14.011s][info][gc,task       ] GC(718) Using 2 workers of 2 for marking
[14.016s][info][gc,marking    ] GC(718) Concurrent Mark From Roots 5.584ms
[14.016s][info][gc,marking    ] GC(718) Concurrent Preclean
[14.016s][info][gc,marking    ] GC(718) Concurrent Preclean 0.072ms
[14.016s][info][gc,marking    ] GC(718) Concurrent Mark (14.011s, 14.016s) 5.747ms
[14.017s][info][gc,start      ] GC(718) Pause Remark
[14.017s][info][gc,stringtable] GC(718) Cleaned string and symbol table, strings: 4350 processed, 0 removed, symbols: 36588 processed, 0 removed
[14.018s][info][gc            ] GC(718) Pause Remark 1789M->1789M(2087M) 1.202ms
[14.018s][info][gc,cpu        ] GC(718) User=0.01s Sys=0.01s Real=0.00s
[14.018s][info][gc,marking    ] GC(718) Concurrent Rebuild Remembered Sets
[14.023s][info][gc,marking    ] GC(718) Concurrent Rebuild Remembered Sets 5.146ms
[14.023s][info][gc,start      ] GC(718) Pause Cleanup
[14.023s][info][gc            ] GC(718) Pause Cleanup 1790M->1790M(2087M) 0.202ms
[14.023s][info][gc,cpu        ] GC(718) User=0.00s Sys=0.00s Real=0.00s
[14.023s][info][gc,marking    ] GC(718) Concurrent Cleanup for Next Mark
[14.026s][info][gc,marking    ] GC(718) Concurrent Cleanup for Next Mark 2.569ms
[14.026s][info][gc            ] GC(718) Concurrent Cycle 15.494ms
[14.035s][info][gc,start      ] GC(719) Pause Young (Concurrent Start) (G1 Humongous Allocation)
[14.035s][info][gc,task       ] GC(719) Using 8 workers of 8 for evacuation
[14.036s][info][gc,phases     ] GC(719)   Pre Evacuate Collection Set: 0.4ms
[14.036s][info][gc,phases     ] GC(719)   Evacuate Collection Set: 0.5ms
[14.036s][info][gc,phases     ] GC(719)   Post Evacuate Collection Set: 0.1ms
[14.036s][info][gc,phases     ] GC(719)   Other: 0.3ms
[14.036s][info][gc,heap       ] GC(719) Eden regions: 4->0(103)
[14.036s][info][gc,heap       ] GC(719) Survivor regions: 1->1(13)
[14.036s][info][gc,heap       ] GC(719) Old regions: 27->27
[14.036s][info][gc,heap       ] GC(719) Humongous regions: 1764->1764
[14.036s][info][gc,metaspace  ] GC(719) Metaspace: 9862K->9862K(1058816K)
[14.036s][info][gc            ] GC(719) Pause Young (Concurrent Start) (G1 Humongous Allocation) 1794M->1790M(2087M) 1.394ms
[14.036s][info][gc,cpu        ] GC(719) User=0.00s Sys=0.00s Real=0.00s
[14.036s][info][gc            ] GC(720) Concurrent Cycle
[14.036s][info][gc,marking    ] GC(720) Concurrent Clear Claimed Marks
[14.036s][info][gc,marking    ] GC(720) Concurrent Clear Claimed Marks 0.012ms
[14.036s][info][gc,marking    ] GC(720) Concurrent Scan Root Regions
[14.036s][info][gc,marking    ] GC(720) Concurrent Scan Root Regions 0.053ms
[14.036s][info][gc,marking    ] GC(720) Concurrent Mark (14.036s)
[14.036s][info][gc,marking    ] GC(720) Concurrent Mark From Roots
[14.036s][info][gc,task       ] GC(720) Using 2 workers of 2 for marking
[14.041s][info][gc,marking    ] GC(720) Concurrent Mark From Roots 5.309ms
[14.041s][info][gc,marking    ] GC(720) Concurrent Preclean
[14.042s][info][gc,marking    ] GC(720) Concurrent Preclean 0.068ms
[14.042s][info][gc,marking    ] GC(720) Concurrent Mark (14.036s, 14.042s) 5.430ms
[14.042s][info][gc,start      ] GC(720) Pause Remark
[14.043s][info][gc,stringtable] GC(720) Cleaned string and symbol table, strings: 4350 processed, 0 removed, symbols: 36588 processed, 0 removed
[14.043s][info][gc            ] GC(720) Pause Remark 1793M->1793M(2087M) 1.268ms
[14.043s][info][gc,cpu        ] GC(720) User=0.00s Sys=0.00s Real=0.00s
[14.043s][info][gc,marking    ] GC(720) Concurrent Rebuild Remembered Sets
[14.048s][info][gc,marking    ] GC(720) Concurrent Rebuild Remembered Sets 5.224ms
[14.049s][info][gc,start      ] GC(720) Pause Cleanup
[14.049s][info][gc            ] GC(720) Pause Cleanup 1796M->1796M(2087M) 0.212ms
[14.049s][info][gc,cpu        ] GC(720) User=0.00s Sys=0.00s Real=0.00s
[14.049s][info][gc,marking    ] GC(720) Concurrent Cleanup for Next Mark
[14.052s][info][gc,marking    ] GC(720) Concurrent Cleanup for Next Mark 2.464ms
[14.052s][info][gc            ] GC(720) Concurrent Cycle 15.768ms
[14.060s][info][gc,start      ] GC(721) Pause Young (Concurrent Start) (G1 Humongous Allocation)
[14.060s][info][gc,task       ] GC(721) Using 8 workers of 8 for evacuation
[14.062s][info][gc,phases     ] GC(721)   Pre Evacuate Collection Set: 0.4ms
[14.062s][info][gc,phases     ] GC(721)   Evacuate Collection Set: 0.6ms
[14.062s][info][gc,phases     ] GC(721)   Post Evacuate Collection Set: 0.2ms
[14.062s][info][gc,phases     ] GC(721)   Other: 0.2ms
[14.062s][info][gc,heap       ] GC(721) Eden regions: 4->0(103)
[14.062s][info][gc,heap       ] GC(721) Survivor regions: 1->1(13)
[14.062s][info][gc,heap       ] GC(721) Old regions: 27->27
[14.062s][info][gc,heap       ] GC(721) Humongous regions: 1768->1768
[14.062s][info][gc,metaspace  ] GC(721) Metaspace: 9862K->9862K(1058816K)
[14.062s][info][gc            ] GC(721) Pause Young (Concurrent Start) (G1 Humongous Allocation) 1798M->1794M(2087M) 1.582ms
[14.062s][info][gc,cpu        ] GC(721) User=0.01s Sys=0.00s Real=0.01s
[14.062s][info][gc            ] GC(722) Concurrent Cycle
[14.062s][info][gc,marking    ] GC(722) Concurrent Clear Claimed Marks
[14.062s][info][gc,marking    ] GC(722) Concurrent Clear Claimed Marks 0.010ms
[14.062s][info][gc,marking    ] GC(722) Concurrent Scan Root Regions
[14.062s][info][gc,marking    ] GC(722) Concurrent Scan Root Regions 0.049ms
[14.062s][info][gc,marking    ] GC(722) Concurrent Mark (14.062s)
[14.062s][info][gc,marking    ] GC(722) Concurrent Mark From Roots
[14.062s][info][gc,task       ] GC(722) Using 2 workers of 2 for marking
[14.068s][info][gc,marking    ] GC(722) Concurrent Mark From Roots 5.540ms
[14.068s][info][gc,marking    ] GC(722) Concurrent Preclean
[14.068s][info][gc,marking    ] GC(722) Concurrent Preclean 0.071ms
[14.068s][info][gc,marking    ] GC(722) Concurrent Mark (14.062s, 14.068s) 5.673ms
[14.068s][info][gc,start      ] GC(722) Pause Remark
[14.069s][info][gc,stringtable] GC(722) Cleaned string and symbol table, strings: 4350 processed, 0 removed, symbols: 36588 processed, 0 removed
[14.069s][info][gc            ] GC(722) Pause Remark 1797M->1797M(2087M) 1.110ms
[14.069s][info][gc,cpu        ] GC(722) User=0.01s Sys=0.00s Real=0.00s
[14.069s][info][gc,marking    ] GC(722) Concurrent Rebuild Remembered Sets
[14.074s][info][gc,marking    ] GC(722) Concurrent Rebuild Remembered Sets 5.094ms
[14.075s][info][gc,start      ] GC(722) Pause Cleanup
[14.075s][info][gc            ] GC(722) Pause Cleanup 1800M->1800M(2087M) 0.223ms
[14.075s][info][gc,cpu        ] GC(722) User=0.00s Sys=0.00s Real=0.00s
[14.075s][info][gc,marking    ] GC(722) Concurrent Cleanup for Next Mark
[14.078s][info][gc,marking    ] GC(722) Concurrent Cleanup for Next Mark 2.732ms
[14.078s][info][gc            ] GC(722) Concurrent Cycle 16.319ms
[14.086s][info][gc,start      ] GC(723) Pause Young (Concurrent Start) (G1 Humongous Allocation)
[14.086s][info][gc,task       ] GC(723) Using 8 workers of 8 for evacuation
[14.088s][info][gc,phases     ] GC(723)   Pre Evacuate Collection Set: 0.4ms
[14.088s][info][gc,phases     ] GC(723)   Evacuate Collection Set: 1.2ms
[14.088s][info][gc,phases     ] GC(723)   Post Evacuate Collection Set: 0.2ms
[14.088s][info][gc,phases     ] GC(723)   Other: 0.3ms
[14.088s][info][gc,heap       ] GC(723) Eden regions: 4->0(103)
[14.088s][info][gc,heap       ] GC(723) Survivor regions: 1->1(13)
[14.088s][info][gc,heap       ] GC(723) Old regions: 27->27
[14.088s][info][gc,heap       ] GC(723) Humongous regions: 1772->1772
[14.088s][info][gc,metaspace  ] GC(723) Metaspace: 9862K->9862K(1058816K)
[14.088s][info][gc            ] GC(723) Pause Young (Concurrent Start) (G1 Humongous Allocation) 1802M->1798M(2087M) 2.244ms
[14.088s][info][gc,cpu        ] GC(723) User=0.01s Sys=0.00s Real=0.00s
[14.088s][info][gc            ] GC(724) Concurrent Cycle
[14.088s][info][gc,marking    ] GC(724) Concurrent Clear Claimed Marks
[14.088s][info][gc,marking    ] GC(724) Concurrent Clear Claimed Marks 0.013ms
[14.088s][info][gc,marking    ] GC(724) Concurrent Scan Root Regions
[14.088s][info][gc,marking    ] GC(724) Concurrent Scan Root Regions 0.101ms
[14.088s][info][gc,marking    ] GC(724) Concurrent Mark (14.088s)
[14.088s][info][gc,marking    ] GC(724) Concurrent Mark From Roots
[14.088s][info][gc,task       ] GC(724) Using 2 workers of 2 for marking
[14.093s][info][gc,marking    ] GC(724) Concurrent Mark From Roots 5.346ms
[14.093s][info][gc,marking    ] GC(724) Concurrent Preclean
[14.094s][info][gc,marking    ] GC(724) Concurrent Preclean 0.076ms
[14.094s][info][gc,marking    ] GC(724) Concurrent Mark (14.088s, 14.094s) 5.483ms
[14.094s][info][gc,start      ] GC(724) Pause Remark
[14.094s][info][gc,stringtable] GC(724) Cleaned string and symbol table, strings: 4350 processed, 0 removed, symbols: 36588 processed, 0 removed
[14.095s][info][gc            ] GC(724) Pause Remark 1801M->1801M(2087M) 1.153ms
[14.095s][info][gc,cpu        ] GC(724) User=0.01s Sys=0.00s Real=0.00s
[14.095s][info][gc,marking    ] GC(724) Concurrent Rebuild Remembered Sets
[14.102s][info][gc,marking    ] GC(724) Concurrent Rebuild Remembered Sets 6.850ms
[14.102s][info][gc,start      ] GC(724) Pause Cleanup
[14.102s][info][gc            ] GC(724) Pause Cleanup 1802M->1802M(2087M) 0.328ms
[14.103s][info][gc,cpu        ] GC(724) User=0.00s Sys=0.00s Real=0.00s
[14.103s][info][gc,marking    ] GC(724) Concurrent Cleanup for Next Mark
[14.105s][info][gc,marking    ] GC(724) Concurrent Cleanup for Next Mark 2.732ms
[14.105s][info][gc            ] GC(724) Concurrent Cycle 17.490ms
[14.115s][info][gc,start      ] GC(725) Pause Young (Concurrent Start) (G1 Humongous Allocation)
[14.115s][info][gc,task       ] GC(725) Using 8 workers of 8 for evacuation
[14.116s][info][gc,phases     ] GC(725)   Pre Evacuate Collection Set: 0.4ms
[14.116s][info][gc,phases     ] GC(725)   Evacuate Collection Set: 0.6ms
[14.116s][info][gc,phases     ] GC(725)   Post Evacuate Collection Set: 0.1ms
[14.116s][info][gc,phases     ] GC(725)   Other: 0.2ms
[14.116s][info][gc,heap       ] GC(725) Eden regions: 4->0(103)
[14.116s][info][gc,heap       ] GC(725) Survivor regions: 1->1(13)
[14.116s][info][gc,heap       ] GC(725) Old regions: 27->27
[14.116s][info][gc,heap       ] GC(725) Humongous regions: 1776->1776
[14.116s][info][gc,metaspace  ] GC(725) Metaspace: 9862K->9862K(1058816K)
[14.116s][info][gc            ] GC(725) Pause Young (Concurrent Start) (G1 Humongous Allocation) 1806M->1802M(2087M) 1.518ms
[14.116s][info][gc,cpu        ] GC(725) User=0.01s Sys=0.00s Real=0.00s
[14.116s][info][gc            ] GC(726) Concurrent Cycle
[14.116s][info][gc,marking    ] GC(726) Concurrent Clear Claimed Marks
[14.116s][info][gc,marking    ] GC(726) Concurrent Clear Claimed Marks 0.013ms
[14.116s][info][gc,marking    ] GC(726) Concurrent Scan Root Regions
[14.116s][info][gc,marking    ] GC(726) Concurrent Scan Root Regions 0.077ms
[14.116s][info][gc,marking    ] GC(726) Concurrent Mark (14.116s)
[14.116s][info][gc,marking    ] GC(726) Concurrent Mark From Roots
[14.116s][info][gc,task       ] GC(726) Using 2 workers of 2 for marking
[14.122s][info][gc,marking    ] GC(726) Concurrent Mark From Roots 5.245ms
[14.122s][info][gc,marking    ] GC(726) Concurrent Preclean
[14.122s][info][gc,marking    ] GC(726) Concurrent Preclean 0.074ms
[14.122s][info][gc,marking    ] GC(726) Concurrent Mark (14.116s, 14.122s) 5.383ms
[14.122s][info][gc,start      ] GC(726) Pause Remark
[14.123s][info][gc,stringtable] GC(726) Cleaned string and symbol table, strings: 4350 processed, 0 removed, symbols: 36588 processed, 0 removed
[14.124s][info][gc            ] GC(726) Pause Remark 1805M->1805M(2087M) 1.565ms
[14.124s][info][gc,cpu        ] GC(726) User=0.01s Sys=0.00s Real=0.00s
[14.124s][info][gc,marking    ] GC(726) Concurrent Rebuild Remembered Sets
[14.129s][info][gc,marking    ] GC(726) Concurrent Rebuild Remembered Sets 5.010ms
[14.129s][info][gc,start      ] GC(726) Pause Cleanup
[14.129s][info][gc            ] GC(726) Pause Cleanup 1806M->1806M(2087M) 0.211ms
[14.129s][info][gc,cpu        ] GC(726) User=0.00s Sys=0.00s Real=0.00s
[14.129s][info][gc,marking    ] GC(726) Concurrent Cleanup for Next Mark
[14.132s][info][gc,marking    ] GC(726) Concurrent Cleanup for Next Mark 2.556ms
[14.132s][info][gc            ] GC(726) Concurrent Cycle 15.308ms
[14.140s][info][gc,start      ] GC(727) Pause Young (Concurrent Start) (G1 Humongous Allocation)
[14.140s][info][gc,task       ] GC(727) Using 8 workers of 8 for evacuation
[14.142s][info][gc,phases     ] GC(727)   Pre Evacuate Collection Set: 0.4ms
[14.142s][info][gc,phases     ] GC(727)   Evacuate Collection Set: 0.7ms
[14.142s][info][gc,phases     ] GC(727)   Post Evacuate Collection Set: 0.3ms
[14.142s][info][gc,phases     ] GC(727)   Other: 0.3ms
[14.142s][info][gc,heap       ] GC(727) Eden regions: 4->0(103)
[14.142s][info][gc,heap       ] GC(727) Survivor regions: 1->1(13)
[14.142s][info][gc,heap       ] GC(727) Old regions: 27->27
[14.142s][info][gc,heap       ] GC(727) Humongous regions: 1780->1780
[14.142s][info][gc,metaspace  ] GC(727) Metaspace: 9862K->9862K(1058816K)
[14.142s][info][gc            ] GC(727) Pause Young (Concurrent Start) (G1 Humongous Allocation) 1810M->1806M(2087M) 1.809ms
[14.142s][info][gc,cpu        ] GC(727) User=0.01s Sys=0.00s Real=0.01s
[14.142s][info][gc            ] GC(728) Concurrent Cycle
[14.142s][info][gc,marking    ] GC(728) Concurrent Clear Claimed Marks
[14.142s][info][gc,marking    ] GC(728) Concurrent Clear Claimed Marks 0.036ms
[14.142s][info][gc,marking    ] GC(728) Concurrent Scan Root Regions
[14.142s][info][gc,marking    ] GC(728) Concurrent Scan Root Regions 0.088ms
[14.142s][info][gc,marking    ] GC(728) Concurrent Mark (14.142s)
[14.142s][info][gc,marking    ] GC(728) Concurrent Mark From Roots
[14.142s][info][gc,task       ] GC(728) Using 2 workers of 2 for marking
[14.148s][info][gc,marking    ] GC(728) Concurrent Mark From Roots 5.657ms
[14.148s][info][gc,marking    ] GC(728) Concurrent Preclean
[14.148s][info][gc,marking    ] GC(728) Concurrent Preclean 0.133ms
[14.148s][info][gc,marking    ] GC(728) Concurrent Mark (14.142s, 14.148s) 5.902ms
[14.148s][info][gc,start      ] GC(728) Pause Remark
[14.150s][info][gc,stringtable] GC(728) Cleaned string and symbol table, strings: 4350 processed, 0 removed, symbols: 36588 processed, 0 removed
[14.150s][info][gc            ] GC(728) Pause Remark 1809M->1809M(2087M) 1.770ms
[14.150s][info][gc,cpu        ] GC(728) User=0.01s Sys=0.00s Real=0.00s
[14.150s][info][gc,marking    ] GC(728) Concurrent Rebuild Remembered Sets
[14.155s][info][gc,marking    ] GC(728) Concurrent Rebuild Remembered Sets 4.902ms
[14.155s][info][gc,start      ] GC(728) Pause Cleanup
[14.155s][info][gc            ] GC(728) Pause Cleanup 1810M->1810M(2087M) 0.240ms
[14.155s][info][gc,cpu        ] GC(728) User=0.00s Sys=0.00s Real=0.00s
[14.156s][info][gc,marking    ] GC(728) Concurrent Cleanup for Next Mark
[14.158s][info][gc,marking    ] GC(728) Concurrent Cleanup for Next Mark 2.678ms
[14.158s][info][gc            ] GC(728) Concurrent Cycle 16.112ms
[14.167s][info][gc,start      ] GC(729) Pause Young (Concurrent Start) (G1 Humongous Allocation)
[14.167s][info][gc,task       ] GC(729) Using 8 workers of 8 for evacuation
[14.168s][info][gc,phases     ] GC(729)   Pre Evacuate Collection Set: 0.4ms
[14.168s][info][gc,phases     ] GC(729)   Evacuate Collection Set: 0.5ms
[14.168s][info][gc,phases     ] GC(729)   Post Evacuate Collection Set: 0.1ms
[14.168s][info][gc,phases     ] GC(729)   Other: 0.2ms
[14.168s][info][gc,heap       ] GC(729) Eden regions: 4->0(103)
[14.168s][info][gc,heap       ] GC(729) Survivor regions: 1->1(13)
[14.168s][info][gc,heap       ] GC(729) Old regions: 27->27
[14.168s][info][gc,heap       ] GC(729) Humongous regions: 1784->1784
[14.168s][info][gc,metaspace  ] GC(729) Metaspace: 9862K->9862K(1058816K)
[14.168s][info][gc            ] GC(729) Pause Young (Concurrent Start) (G1 Humongous Allocation) 1814M->1810M(2087M) 1.401ms
[14.168s][info][gc,cpu        ] GC(729) User=0.00s Sys=0.00s Real=0.00s
[14.168s][info][gc            ] GC(730) Concurrent Cycle
[14.168s][info][gc,marking    ] GC(730) Concurrent Clear Claimed Marks
[14.168s][info][gc,marking    ] GC(730) Concurrent Clear Claimed Marks 0.013ms
[14.168s][info][gc,marking    ] GC(730) Concurrent Scan Root Regions
[14.169s][info][gc,marking    ] GC(730) Concurrent Scan Root Regions 0.050ms
[14.169s][info][gc,marking    ] GC(730) Concurrent Mark (14.169s)
[14.169s][info][gc,marking    ] GC(730) Concurrent Mark From Roots
[14.169s][info][gc,task       ] GC(730) Using 2 workers of 2 for marking
[14.175s][info][gc,marking    ] GC(730) Concurrent Mark From Roots 5.926ms
[14.175s][info][gc,marking    ] GC(730) Concurrent Preclean
[14.175s][info][gc,marking    ] GC(730) Concurrent Preclean 0.073ms
[14.175s][info][gc,marking    ] GC(730) Concurrent Mark (14.169s, 14.175s) 6.063ms
[14.175s][info][gc,start      ] GC(730) Pause Remark
[14.175s][info][gc,stringtable] GC(730) Cleaned string and symbol table, strings: 4350 processed, 0 removed, symbols: 36588 processed, 0 removed
[14.176s][info][gc            ] GC(730) Pause Remark 1813M->1813M(2087M) 1.018ms
[14.176s][info][gc,cpu        ] GC(730) User=0.01s Sys=0.00s Real=0.00s
[14.176s][info][gc,marking    ] GC(730) Concurrent Rebuild Remembered Sets
[14.181s][info][gc,marking    ] GC(730) Concurrent Rebuild Remembered Sets 5.210ms
[14.182s][info][gc,start      ] GC(730) Pause Cleanup
[14.183s][info][gc            ] GC(730) Pause Cleanup 1816M->1816M(2087M) 0.300ms
[14.183s][info][gc,cpu        ] GC(730) User=0.00s Sys=0.00s Real=0.00s
[14.183s][info][gc,marking    ] GC(730) Concurrent Cleanup for Next Mark
[14.185s][info][gc,marking    ] GC(730) Concurrent Cleanup for Next Mark 2.536ms
[14.185s][info][gc            ] GC(730) Concurrent Cycle 16.943ms
[14.193s][info][gc,start      ] GC(731) Pause Young (Concurrent Start) (G1 Humongous Allocation)
[14.193s][info][gc,task       ] GC(731) Using 8 workers of 8 for evacuation
[14.194s][info][gc,phases     ] GC(731)   Pre Evacuate Collection Set: 0.6ms
[14.194s][info][gc,phases     ] GC(731)   Evacuate Collection Set: 0.7ms
[14.194s][info][gc,phases     ] GC(731)   Post Evacuate Collection Set: 0.1ms
[14.194s][info][gc,phases     ] GC(731)   Other: 0.3ms
[14.194s][info][gc,heap       ] GC(731) Eden regions: 4->0(103)
[14.194s][info][gc,heap       ] GC(731) Survivor regions: 1->1(13)
[14.194s][info][gc,heap       ] GC(731) Old regions: 27->27
[14.194s][info][gc,heap       ] GC(731) Humongous regions: 1788->1788
[14.194s][info][gc,metaspace  ] GC(731) Metaspace: 9862K->9862K(1058816K)
[14.194s][info][gc            ] GC(731) Pause Young (Concurrent Start) (G1 Humongous Allocation) 1818M->1814M(2087M) 1.844ms
[14.195s][info][gc,cpu        ] GC(731) User=0.00s Sys=0.00s Real=0.00s
[14.195s][info][gc            ] GC(732) Concurrent Cycle
[14.195s][info][gc,marking    ] GC(732) Concurrent Clear Claimed Marks
[14.195s][info][gc,marking    ] GC(732) Concurrent Clear Claimed Marks 0.026ms
[14.195s][info][gc,marking    ] GC(732) Concurrent Scan Root Regions
[14.195s][info][gc,marking    ] GC(732) Concurrent Scan Root Regions 0.112ms
[14.195s][info][gc,marking    ] GC(732) Concurrent Mark (14.195s)
[14.195s][info][gc,marking    ] GC(732) Concurrent Mark From Roots
[14.195s][info][gc,task       ] GC(732) Using 2 workers of 2 for marking
[14.200s][info][gc,marking    ] GC(732) Concurrent Mark From Roots 5.261ms
[14.200s][info][gc,marking    ] GC(732) Concurrent Preclean
[14.200s][info][gc,marking    ] GC(732) Concurrent Preclean 0.069ms
[14.200s][info][gc,marking    ] GC(732) Concurrent Mark (14.195s, 14.200s) 5.411ms
[14.200s][info][gc,start      ] GC(732) Pause Remark
[14.201s][info][gc,stringtable] GC(732) Cleaned string and symbol table, strings: 4350 processed, 0 removed, symbols: 36588 processed, 0 removed
[14.201s][info][gc            ] GC(732) Pause Remark 1817M->1817M(2087M) 1.122ms
[14.201s][info][gc,cpu        ] GC(732) User=0.00s Sys=0.00s Real=0.01s
[14.201s][info][gc,marking    ] GC(732) Concurrent Rebuild Remembered Sets
[14.207s][info][gc,marking    ] GC(732) Concurrent Rebuild Remembered Sets 5.153ms
[14.208s][info][gc,start      ] GC(732) Pause Cleanup
[14.208s][info][gc            ] GC(732) Pause Cleanup 1820M->1820M(2087M) 0.248ms
[14.208s][info][gc,cpu        ] GC(732) User=0.00s Sys=0.00s Real=0.00s
[14.208s][info][gc,marking    ] GC(732) Concurrent Cleanup for Next Mark
[14.210s][info][gc,marking    ] GC(732) Concurrent Cleanup for Next Mark 2.508ms
[14.210s][info][gc            ] GC(732) Concurrent Cycle 15.819ms
[14.218s][info][gc,start      ] GC(733) Pause Young (Concurrent Start) (G1 Humongous Allocation)
[14.218s][info][gc,task       ] GC(733) Using 8 workers of 8 for evacuation
[14.219s][info][gc,phases     ] GC(733)   Pre Evacuate Collection Set: 0.4ms
[14.219s][info][gc,phases     ] GC(733)   Evacuate Collection Set: 0.5ms
[14.219s][info][gc,phases     ] GC(733)   Post Evacuate Collection Set: 0.2ms
[14.219s][info][gc,phases     ] GC(733)   Other: 0.2ms
[14.219s][info][gc,heap       ] GC(733) Eden regions: 4->0(103)
[14.219s][info][gc,heap       ] GC(733) Survivor regions: 1->1(13)
[14.219s][info][gc,heap       ] GC(733) Old regions: 27->27
[14.219s][info][gc,heap       ] GC(733) Humongous regions: 1792->1792
[14.219s][info][gc,metaspace  ] GC(733) Metaspace: 9862K->9862K(1058816K)
[14.219s][info][gc            ] GC(733) Pause Young (Concurrent Start) (G1 Humongous Allocation) 1822M->1818M(2087M) 1.452ms
[14.219s][info][gc,cpu        ] GC(733) User=0.00s Sys=0.00s Real=0.00s
[14.220s][info][gc            ] GC(734) Concurrent Cycle
[14.220s][info][gc,marking    ] GC(734) Concurrent Clear Claimed Marks
[14.220s][info][gc,marking    ] GC(734) Concurrent Clear Claimed Marks 0.026ms
[14.220s][info][gc,marking    ] GC(734) Concurrent Scan Root Regions
[14.220s][info][gc,marking    ] GC(734) Concurrent Scan Root Regions 0.113ms
[14.220s][info][gc,marking    ] GC(734) Concurrent Mark (14.220s)
[14.220s][info][gc,marking    ] GC(734) Concurrent Mark From Roots
[14.220s][info][gc,task       ] GC(734) Using 2 workers of 2 for marking
[14.225s][info][gc,marking    ] GC(734) Concurrent Mark From Roots 5.313ms
[14.225s][info][gc,marking    ] GC(734) Concurrent Preclean
[14.225s][info][gc,marking    ] GC(734) Concurrent Preclean 0.075ms
[14.225s][info][gc,marking    ] GC(734) Concurrent Mark (14.220s, 14.225s) 5.465ms
[14.225s][info][gc,start      ] GC(734) Pause Remark
[14.227s][info][gc,stringtable] GC(734) Cleaned string and symbol table, strings: 4350 processed, 0 removed, symbols: 36588 processed, 0 removed
[14.227s][info][gc            ] GC(734) Pause Remark 1821M->1821M(2087M) 1.674ms
[14.227s][info][gc,cpu        ] GC(734) User=0.01s Sys=0.00s Real=0.00s
[14.227s][info][gc,marking    ] GC(734) Concurrent Rebuild Remembered Sets
[14.232s][info][gc,marking    ] GC(734) Concurrent Rebuild Remembered Sets 4.824ms
[14.233s][info][gc,start      ] GC(734) Pause Cleanup
[14.233s][info][gc            ] GC(734) Pause Cleanup 1824M->1824M(2087M) 0.282ms
[14.233s][info][gc,cpu        ] GC(734) User=0.00s Sys=0.00s Real=0.00s
[14.233s][info][gc,marking    ] GC(734) Concurrent Cleanup for Next Mark
[14.236s][info][gc,marking    ] GC(734) Concurrent Cleanup for Next Mark 2.545ms
[14.236s][info][gc            ] GC(734) Concurrent Cycle 16.338ms
[14.244s][info][gc,start      ] GC(735) Pause Young (Concurrent Start) (G1 Humongous Allocation)
[14.244s][info][gc,task       ] GC(735) Using 8 workers of 8 for evacuation
[14.245s][info][gc,phases     ] GC(735)   Pre Evacuate Collection Set: 0.5ms
[14.245s][info][gc,phases     ] GC(735)   Evacuate Collection Set: 0.6ms
[14.245s][info][gc,phases     ] GC(735)   Post Evacuate Collection Set: 0.1ms
[14.245s][info][gc,phases     ] GC(735)   Other: 0.3ms
[14.245s][info][gc,heap       ] GC(735) Eden regions: 4->0(103)
[14.245s][info][gc,heap       ] GC(735) Survivor regions: 1->1(13)
[14.245s][info][gc,heap       ] GC(735) Old regions: 27->27
[14.245s][info][gc,heap       ] GC(735) Humongous regions: 1796->1796
[14.245s][info][gc,metaspace  ] GC(735) Metaspace: 9862K->9862K(1058816K)
[14.245s][info][gc            ] GC(735) Pause Young (Concurrent Start) (G1 Humongous Allocation) 1826M->1822M(2087M) 1.585ms
[14.245s][info][gc,cpu        ] GC(735) User=0.00s Sys=0.00s Real=0.00s
[14.245s][info][gc            ] GC(736) Concurrent Cycle
[14.245s][info][gc,marking    ] GC(736) Concurrent Clear Claimed Marks
[14.245s][info][gc,marking    ] GC(736) Concurrent Clear Claimed Marks 0.010ms
[14.245s][info][gc,marking    ] GC(736) Concurrent Scan Root Regions
[14.245s][info][gc,marking    ] GC(736) Concurrent Scan Root Regions 0.053ms
[14.245s][info][gc,marking    ] GC(736) Concurrent Mark (14.245s)
[14.245s][info][gc,marking    ] GC(736) Concurrent Mark From Roots
[14.245s][info][gc,task       ] GC(736) Using 2 workers of 2 for marking
[14.251s][info][gc,marking    ] GC(736) Concurrent Mark From Roots 5.642ms
[14.251s][info][gc,marking    ] GC(736) Concurrent Preclean
[14.251s][info][gc,marking    ] GC(736) Concurrent Preclean 0.079ms
[14.251s][info][gc,marking    ] GC(736) Concurrent Mark (14.245s, 14.251s) 5.794ms
[14.251s][info][gc,start      ] GC(736) Pause Remark
[14.253s][info][gc,stringtable] GC(736) Cleaned string and symbol table, strings: 4350 processed, 0 removed, symbols: 36588 processed, 0 removed
[14.253s][info][gc            ] GC(736) Pause Remark 1825M->1825M(2087M) 1.784ms
[14.253s][info][gc,cpu        ] GC(736) User=0.01s Sys=0.00s Real=0.00s
[14.253s][info][gc,marking    ] GC(736) Concurrent Rebuild Remembered Sets
[14.258s][info][gc,marking    ] GC(736) Concurrent Rebuild Remembered Sets 4.957ms
[14.259s][info][gc,start      ] GC(736) Pause Cleanup
[14.260s][info][gc            ] GC(736) Pause Cleanup 1828M->1828M(2087M) 0.387ms
[14.260s][info][gc,cpu        ] GC(736) User=0.00s Sys=0.00s Real=0.00s
[14.260s][info][gc,marking    ] GC(736) Concurrent Cleanup for Next Mark
[14.263s][info][gc,marking    ] GC(736) Concurrent Cleanup for Next Mark 2.760ms
[14.263s][info][gc            ] GC(736) Concurrent Cycle 17.409ms
[14.270s][info][gc,start      ] GC(737) Pause Young (Concurrent Start) (G1 Humongous Allocation)
[14.270s][info][gc,task       ] GC(737) Using 8 workers of 8 for evacuation
[14.272s][info][gc,phases     ] GC(737)   Pre Evacuate Collection Set: 0.6ms
[14.272s][info][gc,phases     ] GC(737)   Evacuate Collection Set: 0.9ms
[14.272s][info][gc,phases     ] GC(737)   Post Evacuate Collection Set: 0.3ms
[14.272s][info][gc,phases     ] GC(737)   Other: 0.3ms
[14.272s][info][gc,heap       ] GC(737) Eden regions: 4->0(103)
[14.272s][info][gc,heap       ] GC(737) Survivor regions: 1->1(13)
[14.272s][info][gc,heap       ] GC(737) Old regions: 27->27
[14.272s][info][gc,heap       ] GC(737) Humongous regions: 1800->1800
[14.272s][info][gc,metaspace  ] GC(737) Metaspace: 9862K->9862K(1058816K)
[14.272s][info][gc            ] GC(737) Pause Young (Concurrent Start) (G1 Humongous Allocation) 1830M->1826M(2087M) 2.245ms
[14.272s][info][gc,cpu        ] GC(737) User=0.00s Sys=0.00s Real=0.01s
[14.272s][info][gc            ] GC(738) Concurrent Cycle
[14.272s][info][gc,marking    ] GC(738) Concurrent Clear Claimed Marks
[14.272s][info][gc,marking    ] GC(738) Concurrent Clear Claimed Marks 0.013ms
[14.272s][info][gc,marking    ] GC(738) Concurrent Scan Root Regions
[14.272s][info][gc,marking    ] GC(738) Concurrent Scan Root Regions 0.069ms
[14.272s][info][gc,marking    ] GC(738) Concurrent Mark (14.272s)
[14.272s][info][gc,marking    ] GC(738) Concurrent Mark From Roots
[14.272s][info][gc,task       ] GC(738) Using 2 workers of 2 for marking
[14.277s][info][gc,marking    ] GC(738) Concurrent Mark From Roots 5.327ms
[14.278s][info][gc,marking    ] GC(738) Concurrent Preclean
[14.278s][info][gc,marking    ] GC(738) Concurrent Preclean 0.079ms
[14.278s][info][gc,marking    ] GC(738) Concurrent Mark (14.272s, 14.278s) 5.517ms
[14.278s][info][gc,start      ] GC(738) Pause Remark
[14.279s][info][gc,stringtable] GC(738) Cleaned string and symbol table, strings: 4350 processed, 0 removed, symbols: 36588 processed, 0 removed
[14.279s][info][gc            ] GC(738) Pause Remark 1829M->1829M(2087M) 1.301ms
[14.279s][info][gc,cpu        ] GC(738) User=0.01s Sys=0.00s Real=0.00s
[14.279s][info][gc,marking    ] GC(738) Concurrent Rebuild Remembered Sets
[14.285s][info][gc,marking    ] GC(738) Concurrent Rebuild Remembered Sets 5.250ms
[14.286s][info][gc,start      ] GC(738) Pause Cleanup
[14.286s][info][gc            ] GC(738) Pause Cleanup 1832M->1832M(2087M) 0.217ms
[14.286s][info][gc,cpu        ] GC(738) User=0.00s Sys=0.00s Real=0.00s
[14.286s][info][gc,marking    ] GC(738) Concurrent Cleanup for Next Mark
[14.289s][info][gc,marking    ] GC(738) Concurrent Cleanup for Next Mark 2.790ms
[14.289s][info][gc            ] GC(738) Concurrent Cycle 16.661ms
[14.296s][info][gc,start      ] GC(739) Pause Young (Concurrent Start) (G1 Humongous Allocation)
[14.296s][info][gc,task       ] GC(739) Using 8 workers of 8 for evacuation
[14.298s][info][gc,phases     ] GC(739)   Pre Evacuate Collection Set: 0.4ms
[14.298s][info][gc,phases     ] GC(739)   Evacuate Collection Set: 1.1ms
[14.298s][info][gc,phases     ] GC(739)   Post Evacuate Collection Set: 0.1ms
[14.298s][info][gc,phases     ] GC(739)   Other: 0.3ms
[14.298s][info][gc,heap       ] GC(739) Eden regions: 4->0(103)
[14.298s][info][gc,heap       ] GC(739) Survivor regions: 1->1(13)
[14.298s][info][gc,heap       ] GC(739) Old regions: 27->27
[14.298s][info][gc,heap       ] GC(739) Humongous regions: 1804->1804
[14.298s][info][gc,metaspace  ] GC(739) Metaspace: 9862K->9862K(1058816K)
[14.298s][info][gc            ] GC(739) Pause Young (Concurrent Start) (G1 Humongous Allocation) 1834M->1830M(2087M) 2.036ms
[14.298s][info][gc,cpu        ] GC(739) User=0.00s Sys=0.00s Real=0.00s
[14.298s][info][gc            ] GC(740) Concurrent Cycle
[14.298s][info][gc,marking    ] GC(740) Concurrent Clear Claimed Marks
[14.298s][info][gc,marking    ] GC(740) Concurrent Clear Claimed Marks 0.018ms
[14.298s][info][gc,marking    ] GC(740) Concurrent Scan Root Regions
[14.299s][info][gc,marking    ] GC(740) Concurrent Scan Root Regions 0.081ms
[14.299s][info][gc,marking    ] GC(740) Concurrent Mark (14.299s)
[14.299s][info][gc,marking    ] GC(740) Concurrent Mark From Roots
[14.299s][info][gc,task       ] GC(740) Using 2 workers of 2 for marking
[14.306s][info][gc,marking    ] GC(740) Concurrent Mark From Roots 7.562ms
[14.306s][info][gc,marking    ] GC(740) Concurrent Preclean
[14.306s][info][gc,marking    ] GC(740) Concurrent Preclean 0.087ms
[14.306s][info][gc,marking    ] GC(740) Concurrent Mark (14.299s, 14.306s) 7.714ms
[14.306s][info][gc,start      ] GC(740) Pause Remark
[14.307s][info][gc,stringtable] GC(740) Cleaned string and symbol table, strings: 4350 processed, 0 removed, symbols: 36588 processed, 0 removed
[14.308s][info][gc            ] GC(740) Pause Remark 1833M->1833M(2087M) 1.212ms
[14.308s][info][gc,cpu        ] GC(740) User=0.00s Sys=0.00s Real=0.00s
[14.308s][info][gc,marking    ] GC(740) Concurrent Rebuild Remembered Sets
[14.313s][info][gc,marking    ] GC(740) Concurrent Rebuild Remembered Sets 4.947ms
[14.313s][info][gc,start      ] GC(740) Pause Cleanup
[14.313s][info][gc            ] GC(740) Pause Cleanup 1834M->1834M(2087M) 0.196ms
[14.313s][info][gc,cpu        ] GC(740) User=0.00s Sys=0.00s Real=0.00s
[14.313s][info][gc,marking    ] GC(740) Concurrent Cleanup for Next Mark
[14.316s][info][gc,marking    ] GC(740) Concurrent Cleanup for Next Mark 2.870ms
[14.316s][info][gc            ] GC(740) Concurrent Cycle 17.510ms
[14.324s][info][gc,start      ] GC(741) Pause Young (Concurrent Start) (G1 Humongous Allocation)
[14.324s][info][gc,task       ] GC(741) Using 8 workers of 8 for evacuation
[14.326s][info][gc,phases     ] GC(741)   Pre Evacuate Collection Set: 0.4ms
[14.326s][info][gc,phases     ] GC(741)   Evacuate Collection Set: 0.5ms
[14.326s][info][gc,phases     ] GC(741)   Post Evacuate Collection Set: 0.1ms
[14.326s][info][gc,phases     ] GC(741)   Other: 0.2ms
[14.326s][info][gc,heap       ] GC(741) Eden regions: 4->0(103)
[14.326s][info][gc,heap       ] GC(741) Survivor regions: 1->1(13)
[14.326s][info][gc,heap       ] GC(741) Old regions: 27->27
[14.326s][info][gc,heap       ] GC(741) Humongous regions: 1808->1808
[14.326s][info][gc,metaspace  ] GC(741) Metaspace: 9862K->9862K(1058816K)
[14.326s][info][gc            ] GC(741) Pause Young (Concurrent Start) (G1 Humongous Allocation) 1838M->1834M(2087M) 1.353ms
[14.326s][info][gc,cpu        ] GC(741) User=0.01s Sys=0.00s Real=0.00s
[14.326s][info][gc            ] GC(742) Concurrent Cycle
[14.326s][info][gc,marking    ] GC(742) Concurrent Clear Claimed Marks
[14.326s][info][gc,marking    ] GC(742) Concurrent Clear Claimed Marks 0.014ms
[14.326s][info][gc,marking    ] GC(742) Concurrent Scan Root Regions
[14.326s][info][gc,marking    ] GC(742) Concurrent Scan Root Regions 0.055ms
[14.326s][info][gc,marking    ] GC(742) Concurrent Mark (14.326s)
[14.326s][info][gc,marking    ] GC(742) Concurrent Mark From Roots
[14.326s][info][gc,task       ] GC(742) Using 2 workers of 2 for marking
[14.331s][info][gc,marking    ] GC(742) Concurrent Mark From Roots 5.607ms
[14.331s][info][gc,marking    ] GC(742) Concurrent Preclean
[14.332s][info][gc,marking    ] GC(742) Concurrent Preclean 0.070ms
[14.332s][info][gc,marking    ] GC(742) Concurrent Mark (14.326s, 14.332s) 5.739ms
[14.332s][info][gc,start      ] GC(742) Pause Remark
[14.333s][info][gc,stringtable] GC(742) Cleaned string and symbol table, strings: 4350 processed, 0 removed, symbols: 36588 processed, 0 removed
[14.333s][info][gc            ] GC(742) Pause Remark 1837M->1837M(2087M) 1.530ms
[14.333s][info][gc,cpu        ] GC(742) User=0.01s Sys=0.00s Real=0.00s
[14.333s][info][gc,marking    ] GC(742) Concurrent Rebuild Remembered Sets
[14.338s][info][gc,marking    ] GC(742) Concurrent Rebuild Remembered Sets 4.939ms
[14.338s][info][gc,start      ] GC(742) Pause Cleanup
[14.339s][info][gc            ] GC(742) Pause Cleanup 1840M->1840M(2087M) 0.267ms
[14.339s][info][gc,cpu        ] GC(742) User=0.00s Sys=0.00s Real=0.00s
[14.339s][info][gc,marking    ] GC(742) Concurrent Cleanup for Next Mark
[14.341s][info][gc,marking    ] GC(742) Concurrent Cleanup for Next Mark 2.645ms
[14.341s][info][gc            ] GC(742) Concurrent Cycle 15.585ms
[14.348s][info][gc,start      ] GC(743) Pause Young (Concurrent Start) (G1 Humongous Allocation)
[14.348s][info][gc,task       ] GC(743) Using 8 workers of 8 for evacuation
[14.349s][info][gc,phases     ] GC(743)   Pre Evacuate Collection Set: 0.4ms
[14.349s][info][gc,phases     ] GC(743)   Evacuate Collection Set: 0.8ms
[14.349s][info][gc,phases     ] GC(743)   Post Evacuate Collection Set: 0.1ms
[14.349s][info][gc,phases     ] GC(743)   Other: 0.2ms
[14.349s][info][gc,heap       ] GC(743) Eden regions: 4->0(103)
[14.349s][info][gc,heap       ] GC(743) Survivor regions: 1->1(13)
[14.349s][info][gc,heap       ] GC(743) Old regions: 27->27
[14.349s][info][gc,heap       ] GC(743) Humongous regions: 1812->1812
[14.349s][info][gc,metaspace  ] GC(743) Metaspace: 9862K->9862K(1058816K)
[14.350s][info][gc            ] GC(743) Pause Young (Concurrent Start) (G1 Humongous Allocation) 1842M->1838M(2087M) 1.595ms
[14.350s][info][gc,cpu        ] GC(743) User=0.00s Sys=0.00s Real=0.00s
[14.350s][info][gc            ] GC(744) Concurrent Cycle
[14.350s][info][gc,marking    ] GC(744) Concurrent Clear Claimed Marks
[14.350s][info][gc,marking    ] GC(744) Concurrent Clear Claimed Marks 0.013ms
[14.350s][info][gc,marking    ] GC(744) Concurrent Scan Root Regions
[14.350s][info][gc,marking    ] GC(744) Concurrent Scan Root Regions 0.073ms
[14.350s][info][gc,marking    ] GC(744) Concurrent Mark (14.350s)
[14.350s][info][gc,marking    ] GC(744) Concurrent Mark From Roots
[14.350s][info][gc,task       ] GC(744) Using 2 workers of 2 for marking
[14.355s][info][gc,marking    ] GC(744) Concurrent Mark From Roots 5.235ms
[14.355s][info][gc,marking    ] GC(744) Concurrent Preclean
[14.355s][info][gc,marking    ] GC(744) Concurrent Preclean 0.065ms
[14.355s][info][gc,marking    ] GC(744) Concurrent Mark (14.350s, 14.355s) 5.351ms
[14.355s][info][gc,start      ] GC(744) Pause Remark
[14.356s][info][gc,stringtable] GC(744) Cleaned string and symbol table, strings: 4350 processed, 0 removed, symbols: 36588 processed, 0 removed
[14.356s][info][gc            ] GC(744) Pause Remark 1841M->1841M(2087M) 1.184ms
[14.356s][info][gc,cpu        ] GC(744) User=0.00s Sys=0.00s Real=0.00s
[14.356s][info][gc,marking    ] GC(744) Concurrent Rebuild Remembered Sets
[14.361s][info][gc,marking    ] GC(744) Concurrent Rebuild Remembered Sets 4.939ms
[14.361s][info][gc,start      ] GC(744) Pause Cleanup
[14.362s][info][gc            ] GC(744) Pause Cleanup 1844M->1844M(2087M) 0.198ms
[14.362s][info][gc,cpu        ] GC(744) User=0.00s Sys=0.00s Real=0.00s
[14.362s][info][gc,marking    ] GC(744) Concurrent Cleanup for Next Mark
[14.364s][info][gc,marking    ] GC(744) Concurrent Cleanup for Next Mark 2.452ms
[14.364s][info][gc            ] GC(744) Concurrent Cycle 14.620ms
[14.371s][info][gc,start      ] GC(745) Pause Young (Concurrent Start) (G1 Humongous Allocation)
[14.371s][info][gc,task       ] GC(745) Using 8 workers of 8 for evacuation
[14.373s][info][gc,phases     ] GC(745)   Pre Evacuate Collection Set: 0.4ms
[14.373s][info][gc,phases     ] GC(745)   Evacuate Collection Set: 0.6ms
[14.373s][info][gc,phases     ] GC(745)   Post Evacuate Collection Set: 0.1ms
[14.373s][info][gc,phases     ] GC(745)   Other: 0.3ms
[14.373s][info][gc,heap       ] GC(745) Eden regions: 4->0(103)
[14.373s][info][gc,heap       ] GC(745) Survivor regions: 1->1(13)
[14.373s][info][gc,heap       ] GC(745) Old regions: 27->27
[14.373s][info][gc,heap       ] GC(745) Humongous regions: 1816->1816
[14.373s][info][gc,metaspace  ] GC(745) Metaspace: 9862K->9862K(1058816K)
[14.373s][info][gc            ] GC(745) Pause Young (Concurrent Start) (G1 Humongous Allocation) 1846M->1842M(2087M) 1.523ms
[14.373s][info][gc,cpu        ] GC(745) User=0.01s Sys=0.00s Real=0.00s
[14.373s][info][gc            ] GC(746) Concurrent Cycle
[14.373s][info][gc,marking    ] GC(746) Concurrent Clear Claimed Marks
[14.373s][info][gc,marking    ] GC(746) Concurrent Clear Claimed Marks 0.011ms
[14.373s][info][gc,marking    ] GC(746) Concurrent Scan Root Regions
[14.373s][info][gc,marking    ] GC(746) Concurrent Scan Root Regions 0.052ms
[14.373s][info][gc,marking    ] GC(746) Concurrent Mark (14.373s)
[14.373s][info][gc,marking    ] GC(746) Concurrent Mark From Roots
[14.373s][info][gc,task       ] GC(746) Using 2 workers of 2 for marking
[14.378s][info][gc,marking    ] GC(746) Concurrent Mark From Roots 5.293ms
[14.378s][info][gc,marking    ] GC(746) Concurrent Preclean
[14.378s][info][gc,marking    ] GC(746) Concurrent Preclean 0.070ms
[14.378s][info][gc,marking    ] GC(746) Concurrent Mark (14.373s, 14.378s) 5.418ms
[14.378s][info][gc,start      ] GC(746) Pause Remark
[14.380s][info][gc,stringtable] GC(746) Cleaned string and symbol table, strings: 4350 processed, 0 removed, symbols: 36588 processed, 0 removed
[14.380s][info][gc            ] GC(746) Pause Remark 1845M->1845M(2087M) 1.457ms
[14.380s][info][gc,cpu        ] GC(746) User=0.01s Sys=0.00s Real=0.00s
[14.380s][info][gc,marking    ] GC(746) Concurrent Rebuild Remembered Sets
[14.385s][info][gc,marking    ] GC(746) Concurrent Rebuild Remembered Sets 4.862ms
[14.386s][info][gc,start      ] GC(746) Pause Cleanup
[14.386s][info][gc            ] GC(746) Pause Cleanup 1848M->1848M(2087M) 0.204ms
[14.386s][info][gc,cpu        ] GC(746) User=0.00s Sys=0.00s Real=0.00s
[14.386s][info][gc,marking    ] GC(746) Concurrent Cleanup for Next Mark
[14.388s][info][gc,marking    ] GC(746) Concurrent Cleanup for Next Mark 2.472ms
[14.389s][info][gc            ] GC(746) Concurrent Cycle 15.679ms
[14.395s][info][gc,start      ] GC(747) Pause Young (Concurrent Start) (G1 Humongous Allocation)
[14.396s][info][gc,task       ] GC(747) Using 8 workers of 8 for evacuation
[14.397s][info][gc,phases     ] GC(747)   Pre Evacuate Collection Set: 0.4ms
[14.397s][info][gc,phases     ] GC(747)   Evacuate Collection Set: 0.4ms
[14.397s][info][gc,phases     ] GC(747)   Post Evacuate Collection Set: 0.1ms
[14.397s][info][gc,phases     ] GC(747)   Other: 0.2ms
[14.397s][info][gc,heap       ] GC(747) Eden regions: 4->0(103)
[14.397s][info][gc,heap       ] GC(747) Survivor regions: 1->1(13)
[14.397s][info][gc,heap       ] GC(747) Old regions: 27->27
[14.397s][info][gc,heap       ] GC(747) Humongous regions: 1820->1820
[14.397s][info][gc,metaspace  ] GC(747) Metaspace: 9862K->9862K(1058816K)
[14.397s][info][gc            ] GC(747) Pause Young (Concurrent Start) (G1 Humongous Allocation) 1850M->1846M(2087M) 1.194ms
[14.397s][info][gc,cpu        ] GC(747) User=0.00s Sys=0.00s Real=0.00s
[14.397s][info][gc            ] GC(748) Concurrent Cycle
[14.397s][info][gc,marking    ] GC(748) Concurrent Clear Claimed Marks
[14.397s][info][gc,marking    ] GC(748) Concurrent Clear Claimed Marks 0.012ms
[14.397s][info][gc,marking    ] GC(748) Concurrent Scan Root Regions
[14.397s][info][gc,marking    ] GC(748) Concurrent Scan Root Regions 0.066ms
[14.397s][info][gc,marking    ] GC(748) Concurrent Mark (14.397s)
[14.397s][info][gc,marking    ] GC(748) Concurrent Mark From Roots
[14.397s][info][gc,task       ] GC(748) Using 2 workers of 2 for marking
[14.402s][info][gc,marking    ] GC(748) Concurrent Mark From Roots 5.276ms
[14.402s][info][gc,marking    ] GC(748) Concurrent Preclean
[14.402s][info][gc,marking    ] GC(748) Concurrent Preclean 0.079ms
[14.402s][info][gc,marking    ] GC(748) Concurrent Mark (14.397s, 14.402s) 5.408ms
[14.402s][info][gc,start      ] GC(748) Pause Remark
[14.403s][info][gc,stringtable] GC(748) Cleaned string and symbol table, strings: 4350 processed, 0 removed, symbols: 36588 processed, 0 removed
[14.404s][info][gc            ] GC(748) Pause Remark 1849M->1849M(2087M) 1.466ms
[14.404s][info][gc,cpu        ] GC(748) User=0.01s Sys=0.00s Real=0.00s
[14.404s][info][gc,marking    ] GC(748) Concurrent Rebuild Remembered Sets
[14.409s][info][gc,marking    ] GC(748) Concurrent Rebuild Remembered Sets 4.759ms
[14.409s][info][gc,start      ] GC(748) Pause Cleanup
[14.409s][info][gc            ] GC(748) Pause Cleanup 1850M->1850M(2087M) 0.203ms
[14.409s][info][gc,cpu        ] GC(748) User=0.00s Sys=0.00s Real=0.00s
[14.409s][info][gc,marking    ] GC(748) Concurrent Cleanup for Next Mark
[14.411s][info][gc,marking    ] GC(748) Concurrent Cleanup for Next Mark 2.493ms
[14.412s][info][gc            ] GC(748) Concurrent Cycle 14.788ms
[14.420s][info][gc,start      ] GC(749) Pause Young (Concurrent Start) (G1 Humongous Allocation)
[14.420s][info][gc,task       ] GC(749) Using 8 workers of 8 for evacuation
[14.421s][info][gc,phases     ] GC(749)   Pre Evacuate Collection Set: 0.4ms
[14.421s][info][gc,phases     ] GC(749)   Evacuate Collection Set: 0.6ms
[14.421s][info][gc,phases     ] GC(749)   Post Evacuate Collection Set: 0.1ms
[14.421s][info][gc,phases     ] GC(749)   Other: 0.2ms
[14.421s][info][gc,heap       ] GC(749) Eden regions: 4->0(103)
[14.421s][info][gc,heap       ] GC(749) Survivor regions: 1->1(13)
[14.421s][info][gc,heap       ] GC(749) Old regions: 27->27
[14.421s][info][gc,heap       ] GC(749) Humongous regions: 1824->1824
[14.421s][info][gc,metaspace  ] GC(749) Metaspace: 9862K->9862K(1058816K)
[14.421s][info][gc            ] GC(749) Pause Young (Concurrent Start) (G1 Humongous Allocation) 1854M->1850M(2087M) 1.356ms
[14.421s][info][gc,cpu        ] GC(749) User=0.00s Sys=0.00s Real=0.00s
[14.421s][info][gc            ] GC(750) Concurrent Cycle
[14.421s][info][gc,marking    ] GC(750) Concurrent Clear Claimed Marks
[14.421s][info][gc,marking    ] GC(750) Concurrent Clear Claimed Marks 0.032ms
[14.421s][info][gc,marking    ] GC(750) Concurrent Scan Root Regions
[14.421s][info][gc,marking    ] GC(750) Concurrent Scan Root Regions 0.134ms
[14.421s][info][gc,marking    ] GC(750) Concurrent Mark (14.421s)
[14.421s][info][gc,marking    ] GC(750) Concurrent Mark From Roots
[14.421s][info][gc,task       ] GC(750) Using 2 workers of 2 for marking
[14.427s][info][gc,marking    ] GC(750) Concurrent Mark From Roots 5.382ms
[14.427s][info][gc,marking    ] GC(750) Concurrent Preclean
[14.427s][info][gc,marking    ] GC(750) Concurrent Preclean 0.067ms
[14.427s][info][gc,marking    ] GC(750) Concurrent Mark (14.421s, 14.427s) 5.503ms
[14.427s][info][gc,start      ] GC(750) Pause Remark
[14.428s][info][gc,stringtable] GC(750) Cleaned string and symbol table, strings: 4350 processed, 0 removed, symbols: 36588 processed, 0 removed
[14.429s][info][gc            ] GC(750) Pause Remark 1853M->1853M(2087M) 1.542ms
[14.429s][info][gc,cpu        ] GC(750) User=0.01s Sys=0.00s Real=0.00s
[14.429s][info][gc,marking    ] GC(750) Concurrent Rebuild Remembered Sets
[14.433s][info][gc,marking    ] GC(750) Concurrent Rebuild Remembered Sets 4.890ms
[14.434s][info][gc,start      ] GC(750) Pause Cleanup
[14.434s][info][gc            ] GC(750) Pause Cleanup 1856M->1856M(2087M) 0.185ms
[14.434s][info][gc,cpu        ] GC(750) User=0.00s Sys=0.00s Real=0.00s
[14.435s][info][gc,marking    ] GC(750) Concurrent Cleanup for Next Mark
[14.437s][info][gc,marking    ] GC(750) Concurrent Cleanup for Next Mark 2.457ms
[14.437s][info][gc            ] GC(750) Concurrent Cycle 15.836ms
[14.444s][info][gc,start      ] GC(751) Pause Young (Concurrent Start) (G1 Humongous Allocation)
[14.444s][info][gc,task       ] GC(751) Using 8 workers of 8 for evacuation
[14.445s][info][gc,phases     ] GC(751)   Pre Evacuate Collection Set: 0.4ms
[14.445s][info][gc,phases     ] GC(751)   Evacuate Collection Set: 0.6ms
[14.445s][info][gc,phases     ] GC(751)   Post Evacuate Collection Set: 0.1ms
[14.445s][info][gc,phases     ] GC(751)   Other: 0.3ms
[14.446s][info][gc,heap       ] GC(751) Eden regions: 4->0(103)
[14.446s][info][gc,heap       ] GC(751) Survivor regions: 1->1(13)
[14.446s][info][gc,heap       ] GC(751) Old regions: 27->27
[14.446s][info][gc,heap       ] GC(751) Humongous regions: 1828->1828
[14.446s][info][gc,metaspace  ] GC(751) Metaspace: 9862K->9862K(1058816K)
[14.446s][info][gc            ] GC(751) Pause Young (Concurrent Start) (G1 Humongous Allocation) 1858M->1854M(2087M) 1.493ms
[14.446s][info][gc,cpu        ] GC(751) User=0.01s Sys=0.00s Real=0.00s
[14.446s][info][gc            ] GC(752) Concurrent Cycle
[14.446s][info][gc,marking    ] GC(752) Concurrent Clear Claimed Marks
[14.446s][info][gc,marking    ] GC(752) Concurrent Clear Claimed Marks 0.012ms
[14.446s][info][gc,marking    ] GC(752) Concurrent Scan Root Regions
[14.446s][info][gc,marking    ] GC(752) Concurrent Scan Root Regions 0.069ms
[14.446s][info][gc,marking    ] GC(752) Concurrent Mark (14.446s)
[14.446s][info][gc,marking    ] GC(752) Concurrent Mark From Roots
[14.446s][info][gc,task       ] GC(752) Using 2 workers of 2 for marking
[14.451s][info][gc,marking    ] GC(752) Concurrent Mark From Roots 5.370ms
[14.451s][info][gc,marking    ] GC(752) Concurrent Preclean
[14.451s][info][gc,marking    ] GC(752) Concurrent Preclean 0.072ms
[14.451s][info][gc,marking    ] GC(752) Concurrent Mark (14.446s, 14.451s) 5.510ms
[14.451s][info][gc,start      ] GC(752) Pause Remark
[14.452s][info][gc,stringtable] GC(752) Cleaned string and symbol table, strings: 4350 processed, 0 removed, symbols: 36588 processed, 0 removed
[14.452s][info][gc            ] GC(752) Pause Remark 1857M->1857M(2087M) 0.973ms
[14.452s][info][gc,cpu        ] GC(752) User=0.01s Sys=0.00s Real=0.00s
[14.452s][info][gc,marking    ] GC(752) Concurrent Rebuild Remembered Sets
[14.457s][info][gc,marking    ] GC(752) Concurrent Rebuild Remembered Sets 4.898ms
[14.458s][info][gc,start      ] GC(752) Pause Cleanup
[14.458s][info][gc            ] GC(752) Pause Cleanup 1860M->1860M(2087M) 0.196ms
[14.458s][info][gc,cpu        ] GC(752) User=0.00s Sys=0.00s Real=0.00s
[14.458s][info][gc,marking    ] GC(752) Concurrent Cleanup for Next Mark
[14.461s][info][gc,marking    ] GC(752) Concurrent Cleanup for Next Mark 2.492ms
[14.461s][info][gc            ] GC(752) Concurrent Cycle 15.166ms
[14.468s][info][gc,start      ] GC(753) Pause Young (Concurrent Start) (G1 Humongous Allocation)
[14.468s][info][gc,task       ] GC(753) Using 8 workers of 8 for evacuation
[14.469s][info][gc,phases     ] GC(753)   Pre Evacuate Collection Set: 0.4ms
[14.469s][info][gc,phases     ] GC(753)   Evacuate Collection Set: 0.5ms
[14.469s][info][gc,phases     ] GC(753)   Post Evacuate Collection Set: 0.1ms
[14.469s][info][gc,phases     ] GC(753)   Other: 0.2ms
[14.469s][info][gc,heap       ] GC(753) Eden regions: 4->0(103)
[14.469s][info][gc,heap       ] GC(753) Survivor regions: 1->1(13)
[14.469s][info][gc,heap       ] GC(753) Old regions: 27->27
[14.469s][info][gc,heap       ] GC(753) Humongous regions: 1832->1832
[14.469s][info][gc,metaspace  ] GC(753) Metaspace: 9862K->9862K(1058816K)
[14.469s][info][gc            ] GC(753) Pause Young (Concurrent Start) (G1 Humongous Allocation) 1862M->1858M(2087M) 1.255ms
[14.469s][info][gc,cpu        ] GC(753) User=0.00s Sys=0.00s Real=0.00s
[14.469s][info][gc            ] GC(754) Concurrent Cycle
[14.469s][info][gc,marking    ] GC(754) Concurrent Clear Claimed Marks
[14.469s][info][gc,marking    ] GC(754) Concurrent Clear Claimed Marks 0.011ms
[14.469s][info][gc,marking    ] GC(754) Concurrent Scan Root Regions
[14.469s][info][gc,marking    ] GC(754) Concurrent Scan Root Regions 0.054ms
[14.469s][info][gc,marking    ] GC(754) Concurrent Mark (14.469s)
[14.469s][info][gc,marking    ] GC(754) Concurrent Mark From Roots
[14.469s][info][gc,task       ] GC(754) Using 2 workers of 2 for marking
[14.475s][info][gc,marking    ] GC(754) Concurrent Mark From Roots 5.508ms
[14.475s][info][gc,marking    ] GC(754) Concurrent Preclean
[14.475s][info][gc,marking    ] GC(754) Concurrent Preclean 0.073ms
[14.475s][info][gc,marking    ] GC(754) Concurrent Mark (14.469s, 14.475s) 5.634ms
[14.475s][info][gc,start      ] GC(754) Pause Remark
[14.476s][info][gc,stringtable] GC(754) Cleaned string and symbol table, strings: 4350 processed, 0 removed, symbols: 36588 processed, 0 removed
[14.477s][info][gc            ] GC(754) Pause Remark 1861M->1861M(2087M) 1.671ms
[14.477s][info][gc,cpu        ] GC(754) User=0.00s Sys=0.00s Real=0.00s
[14.477s][info][gc,marking    ] GC(754) Concurrent Rebuild Remembered Sets
[14.482s][info][gc,marking    ] GC(754) Concurrent Rebuild Remembered Sets 4.889ms
[14.482s][info][gc,start      ] GC(754) Pause Cleanup
[14.482s][info][gc            ] GC(754) Pause Cleanup 1864M->1864M(2087M) 0.197ms
[14.483s][info][gc,cpu        ] GC(754) User=0.00s Sys=0.00s Real=0.00s
[14.483s][info][gc,marking    ] GC(754) Concurrent Cleanup for Next Mark
[14.485s][info][gc,marking    ] GC(754) Concurrent Cleanup for Next Mark 2.578ms
[14.485s][info][gc            ] GC(754) Concurrent Cycle 16.017ms
[14.492s][info][gc,start      ] GC(755) Pause Young (Concurrent Start) (G1 Humongous Allocation)
[14.492s][info][gc,task       ] GC(755) Using 8 workers of 8 for evacuation
[14.494s][info][gc,phases     ] GC(755)   Pre Evacuate Collection Set: 0.5ms
[14.494s][info][gc,phases     ] GC(755)   Evacuate Collection Set: 1.0ms
[14.494s][info][gc,phases     ] GC(755)   Post Evacuate Collection Set: 0.1ms
[14.494s][info][gc,phases     ] GC(755)   Other: 0.3ms
[14.494s][info][gc,heap       ] GC(755) Eden regions: 4->0(103)
[14.494s][info][gc,heap       ] GC(755) Survivor regions: 1->1(13)
[14.494s][info][gc,heap       ] GC(755) Old regions: 27->27
[14.494s][info][gc,heap       ] GC(755) Humongous regions: 1836->1836
[14.494s][info][gc,metaspace  ] GC(755) Metaspace: 9862K->9862K(1058816K)
[14.494s][info][gc            ] GC(755) Pause Young (Concurrent Start) (G1 Humongous Allocation) 1866M->1862M(2087M) 1.996ms
[14.494s][info][gc,cpu        ] GC(755) User=0.01s Sys=0.00s Real=0.00s
[14.494s][info][gc            ] GC(756) Concurrent Cycle
[14.494s][info][gc,marking    ] GC(756) Concurrent Clear Claimed Marks
[14.494s][info][gc,marking    ] GC(756) Concurrent Clear Claimed Marks 0.010ms
[14.494s][info][gc,marking    ] GC(756) Concurrent Scan Root Regions
[14.495s][info][gc,marking    ] GC(756) Concurrent Scan Root Regions 0.072ms
[14.495s][info][gc,marking    ] GC(756) Concurrent Mark (14.495s)
[14.495s][info][gc,marking    ] GC(756) Concurrent Mark From Roots
[14.495s][info][gc,task       ] GC(756) Using 2 workers of 2 for marking
[14.502s][info][gc,marking    ] GC(756) Concurrent Mark From Roots 7.747ms
[14.502s][info][gc,marking    ] GC(756) Concurrent Preclean
[14.503s][info][gc,marking    ] GC(756) Concurrent Preclean 0.121ms
[14.503s][info][gc,marking    ] GC(756) Concurrent Mark (14.495s, 14.503s) 8.011ms
[14.503s][info][gc,start      ] GC(756) Pause Remark
[14.504s][info][gc,stringtable] GC(756) Cleaned string and symbol table, strings: 4350 processed, 0 removed, symbols: 36588 processed, 0 removed
[14.504s][info][gc            ] GC(756) Pause Remark 1865M->1865M(2087M) 1.362ms
[14.504s][info][gc,cpu        ] GC(756) User=0.01s Sys=0.00s Real=0.00s
[14.504s][info][gc,marking    ] GC(756) Concurrent Rebuild Remembered Sets
[14.509s][info][gc,marking    ] GC(756) Concurrent Rebuild Remembered Sets 5.134ms
[14.510s][info][gc,start      ] GC(756) Pause Cleanup
[14.510s][info][gc            ] GC(756) Pause Cleanup 1868M->1868M(2087M) 0.225ms
[14.510s][info][gc,cpu        ] GC(756) User=0.00s Sys=0.00s Real=0.00s
[14.510s][info][gc,marking    ] GC(756) Concurrent Cleanup for Next Mark
[14.513s][info][gc,marking    ] GC(756) Concurrent Cleanup for Next Mark 2.666ms
[14.513s][info][gc            ] GC(756) Concurrent Cycle 18.586ms
[14.520s][info][gc,start      ] GC(757) Pause Young (Concurrent Start) (G1 Humongous Allocation)
[14.520s][info][gc,task       ] GC(757) Using 8 workers of 8 for evacuation
[14.522s][info][gc,phases     ] GC(757)   Pre Evacuate Collection Set: 0.5ms
[14.522s][info][gc,phases     ] GC(757)   Evacuate Collection Set: 0.6ms
[14.522s][info][gc,phases     ] GC(757)   Post Evacuate Collection Set: 0.1ms
[14.522s][info][gc,phases     ] GC(757)   Other: 0.2ms
[14.522s][info][gc,heap       ] GC(757) Eden regions: 4->0(103)
[14.522s][info][gc,heap       ] GC(757) Survivor regions: 1->1(13)
[14.522s][info][gc,heap       ] GC(757) Old regions: 27->27
[14.522s][info][gc,heap       ] GC(757) Humongous regions: 1840->1840
[14.522s][info][gc,metaspace  ] GC(757) Metaspace: 9862K->9862K(1058816K)
[14.522s][info][gc            ] GC(757) Pause Young (Concurrent Start) (G1 Humongous Allocation) 1870M->1866M(2087M) 1.467ms
[14.522s][info][gc,cpu        ] GC(757) User=0.00s Sys=0.00s Real=0.01s
[14.522s][info][gc            ] GC(758) Concurrent Cycle
[14.522s][info][gc,marking    ] GC(758) Concurrent Clear Claimed Marks
[14.522s][info][gc,marking    ] GC(758) Concurrent Clear Claimed Marks 0.013ms
[14.522s][info][gc,marking    ] GC(758) Concurrent Scan Root Regions
[14.522s][info][gc,marking    ] GC(758) Concurrent Scan Root Regions 0.078ms
[14.522s][info][gc,marking    ] GC(758) Concurrent Mark (14.522s)
[14.522s][info][gc,marking    ] GC(758) Concurrent Mark From Roots
[14.522s][info][gc,task       ] GC(758) Using 2 workers of 2 for marking
[14.527s][info][gc,marking    ] GC(758) Concurrent Mark From Roots 5.410ms
[14.527s][info][gc,marking    ] GC(758) Concurrent Preclean
[14.527s][info][gc,marking    ] GC(758) Concurrent Preclean 0.078ms
[14.527s][info][gc,marking    ] GC(758) Concurrent Mark (14.522s, 14.527s) 5.552ms
[14.528s][info][gc,start      ] GC(758) Pause Remark
[14.528s][info][gc,stringtable] GC(758) Cleaned string and symbol table, strings: 4350 processed, 0 removed, symbols: 36588 processed, 0 removed
[14.529s][info][gc            ] GC(758) Pause Remark 1869M->1869M(2087M) 1.134ms
[14.529s][info][gc,cpu        ] GC(758) User=0.00s Sys=0.00s Real=0.00s
[14.529s][info][gc,marking    ] GC(758) Concurrent Rebuild Remembered Sets
[14.534s][info][gc,marking    ] GC(758) Concurrent Rebuild Remembered Sets 5.157ms
[14.535s][info][gc,start      ] GC(758) Pause Cleanup
[14.535s][info][gc            ] GC(758) Pause Cleanup 1872M->1872M(2087M) 0.219ms
[14.535s][info][gc,cpu        ] GC(758) User=0.00s Sys=0.00s Real=0.00s
[14.535s][info][gc,marking    ] GC(758) Concurrent Cleanup for Next Mark
[14.538s][info][gc,marking    ] GC(758) Concurrent Cleanup for Next Mark 2.484ms
[14.538s][info][gc            ] GC(758) Concurrent Cycle 16.038ms
[14.545s][info][gc,start      ] GC(759) Pause Young (Concurrent Start) (G1 Humongous Allocation)
[14.545s][info][gc,task       ] GC(759) Using 8 workers of 8 for evacuation
[14.546s][info][gc,phases     ] GC(759)   Pre Evacuate Collection Set: 0.4ms
[14.546s][info][gc,phases     ] GC(759)   Evacuate Collection Set: 0.5ms
[14.546s][info][gc,phases     ] GC(759)   Post Evacuate Collection Set: 0.1ms
[14.546s][info][gc,phases     ] GC(759)   Other: 0.2ms
[14.546s][info][gc,heap       ] GC(759) Eden regions: 4->0(103)
[14.546s][info][gc,heap       ] GC(759) Survivor regions: 1->1(13)
[14.546s][info][gc,heap       ] GC(759) Old regions: 27->27
[14.546s][info][gc,heap       ] GC(759) Humongous regions: 1844->1844
[14.546s][info][gc,metaspace  ] GC(759) Metaspace: 9862K->9862K(1058816K)
[14.546s][info][gc            ] GC(759) Pause Young (Concurrent Start) (G1 Humongous Allocation) 1874M->1870M(2087M) 1.371ms
[14.546s][info][gc,cpu        ] GC(759) User=0.00s Sys=0.00s Real=0.00s
[14.546s][info][gc            ] GC(760) Concurrent Cycle
[14.546s][info][gc,marking    ] GC(760) Concurrent Clear Claimed Marks
[14.546s][info][gc,marking    ] GC(760) Concurrent Clear Claimed Marks 0.012ms
[14.546s][info][gc,marking    ] GC(760) Concurrent Scan Root Regions
[14.546s][info][gc,marking    ] GC(760) Concurrent Scan Root Regions 0.069ms
[14.547s][info][gc,marking    ] GC(760) Concurrent Mark (14.547s)
[14.547s][info][gc,marking    ] GC(760) Concurrent Mark From Roots
[14.547s][info][gc,task       ] GC(760) Using 2 workers of 2 for marking
[14.552s][info][gc,marking    ] GC(760) Concurrent Mark From Roots 5.345ms
[14.552s][info][gc,marking    ] GC(760) Concurrent Preclean
[14.552s][info][gc,marking    ] GC(760) Concurrent Preclean 0.119ms
[14.552s][info][gc,marking    ] GC(760) Concurrent Mark (14.547s, 14.552s) 5.522ms
[14.552s][info][gc,start      ] GC(760) Pause Remark
[14.553s][info][gc,stringtable] GC(760) Cleaned string and symbol table, strings: 4350 processed, 0 removed, symbols: 36588 processed, 0 removed
[14.553s][info][gc            ] GC(760) Pause Remark 1873M->1873M(2087M) 1.302ms
[14.553s][info][gc,cpu        ] GC(760) User=0.01s Sys=0.00s Real=0.00s
[14.554s][info][gc,marking    ] GC(760) Concurrent Rebuild Remembered Sets
[14.558s][info][gc,marking    ] GC(760) Concurrent Rebuild Remembered Sets 4.864ms
[14.559s][info][gc,start      ] GC(760) Pause Cleanup
[14.560s][info][gc            ] GC(760) Pause Cleanup 1876M->1876M(2087M) 0.210ms
[14.560s][info][gc,cpu        ] GC(760) User=0.00s Sys=0.00s Real=0.00s
[14.560s][info][gc,marking    ] GC(760) Concurrent Cleanup for Next Mark
[14.562s][info][gc,marking    ] GC(760) Concurrent Cleanup for Next Mark 2.452ms
[14.562s][info][gc            ] GC(760) Concurrent Cycle 15.721ms
[14.569s][info][gc,start      ] GC(761) Pause Young (Concurrent Start) (G1 Humongous Allocation)
[14.569s][info][gc,task       ] GC(761) Using 8 workers of 8 for evacuation
[14.570s][info][gc,phases     ] GC(761)   Pre Evacuate Collection Set: 0.4ms
[14.570s][info][gc,phases     ] GC(761)   Evacuate Collection Set: 0.5ms
[14.570s][info][gc,phases     ] GC(761)   Post Evacuate Collection Set: 0.1ms
[14.571s][info][gc,phases     ] GC(761)   Other: 0.2ms
[14.571s][info][gc,heap       ] GC(761) Eden regions: 4->0(103)
[14.571s][info][gc,heap       ] GC(761) Survivor regions: 1->1(13)
[14.571s][info][gc,heap       ] GC(761) Old regions: 27->27
[14.571s][info][gc,heap       ] GC(761) Humongous regions: 1848->1848
[14.571s][info][gc,metaspace  ] GC(761) Metaspace: 9862K->9862K(1058816K)
[14.571s][info][gc            ] GC(761) Pause Young (Concurrent Start) (G1 Humongous Allocation) 1878M->1874M(2087M) 1.331ms
[14.571s][info][gc,cpu        ] GC(761) User=0.00s Sys=0.00s Real=0.00s
[14.571s][info][gc            ] GC(762) Concurrent Cycle
[14.571s][info][gc,marking    ] GC(762) Concurrent Clear Claimed Marks
[14.571s][info][gc,marking    ] GC(762) Concurrent Clear Claimed Marks 0.012ms
[14.571s][info][gc,marking    ] GC(762) Concurrent Scan Root Regions
[14.571s][info][gc,marking    ] GC(762) Concurrent Scan Root Regions 0.053ms
[14.571s][info][gc,marking    ] GC(762) Concurrent Mark (14.571s)
[14.571s][info][gc,marking    ] GC(762) Concurrent Mark From Roots
[14.571s][info][gc,task       ] GC(762) Using 2 workers of 2 for marking
[14.576s][info][gc,marking    ] GC(762) Concurrent Mark From Roots 5.686ms
[14.576s][info][gc,marking    ] GC(762) Concurrent Preclean
[14.577s][info][gc,marking    ] GC(762) Concurrent Preclean 0.081ms
[14.577s][info][gc,marking    ] GC(762) Concurrent Mark (14.571s, 14.577s) 5.826ms
[14.577s][info][gc,start      ] GC(762) Pause Remark
[14.577s][info][gc,stringtable] GC(762) Cleaned string and symbol table, strings: 4350 processed, 0 removed, symbols: 36588 processed, 0 removed
[14.578s][info][gc            ] GC(762) Pause Remark 1877M->1877M(2087M) 1.130ms
[14.578s][info][gc,cpu        ] GC(762) User=0.00s Sys=0.00s Real=0.00s
[14.578s][info][gc,marking    ] GC(762) Concurrent Rebuild Remembered Sets
[14.583s][info][gc,marking    ] GC(762) Concurrent Rebuild Remembered Sets 4.846ms
[14.584s][info][gc,start      ] GC(762) Pause Cleanup
[14.584s][info][gc            ] GC(762) Pause Cleanup 1880M->1880M(2087M) 0.272ms
[14.584s][info][gc,cpu        ] GC(762) User=0.00s Sys=0.00s Real=0.00s
[14.584s][info][gc,marking    ] GC(762) Concurrent Cleanup for Next Mark
[14.587s][info][gc,marking    ] GC(762) Concurrent Cleanup for Next Mark 2.801ms
[14.587s][info][gc            ] GC(762) Concurrent Cycle 16.195ms
[14.594s][info][gc,start      ] GC(763) Pause Young (Concurrent Start) (G1 Humongous Allocation)
[14.594s][info][gc,task       ] GC(763) Using 8 workers of 8 for evacuation
[14.595s][info][gc,phases     ] GC(763)   Pre Evacuate Collection Set: 0.4ms
[14.595s][info][gc,phases     ] GC(763)   Evacuate Collection Set: 0.7ms
[14.595s][info][gc,phases     ] GC(763)   Post Evacuate Collection Set: 0.1ms
[14.595s][info][gc,phases     ] GC(763)   Other: 0.2ms
[14.596s][info][gc,heap       ] GC(763) Eden regions: 4->0(103)
[14.596s][info][gc,heap       ] GC(763) Survivor regions: 1->1(13)
[14.596s][info][gc,heap       ] GC(763) Old regions: 27->27
[14.596s][info][gc,heap       ] GC(763) Humongous regions: 1852->1852
[14.596s][info][gc,metaspace  ] GC(763) Metaspace: 9862K->9862K(1058816K)
[14.596s][info][gc            ] GC(763) Pause Young (Concurrent Start) (G1 Humongous Allocation) 1882M->1878M(2087M) 1.547ms
[14.596s][info][gc,cpu        ] GC(763) User=0.00s Sys=0.00s Real=0.00s
[14.596s][info][gc            ] GC(764) Concurrent Cycle
[14.596s][info][gc,marking    ] GC(764) Concurrent Clear Claimed Marks
[14.596s][info][gc,marking    ] GC(764) Concurrent Clear Claimed Marks 0.014ms
[14.596s][info][gc,marking    ] GC(764) Concurrent Scan Root Regions
[14.596s][info][gc,marking    ] GC(764) Concurrent Scan Root Regions 0.047ms
[14.596s][info][gc,marking    ] GC(764) Concurrent Mark (14.596s)
[14.596s][info][gc,marking    ] GC(764) Concurrent Mark From Roots
[14.596s][info][gc,task       ] GC(764) Using 2 workers of 2 for marking
[14.601s][info][gc,marking    ] GC(764) Concurrent Mark From Roots 5.576ms
[14.601s][info][gc,marking    ] GC(764) Concurrent Preclean
[14.601s][info][gc,marking    ] GC(764) Concurrent Preclean 0.075ms
[14.601s][info][gc,marking    ] GC(764) Concurrent Mark (14.596s, 14.601s) 5.717ms
[14.602s][info][gc,start      ] GC(764) Pause Remark
[14.603s][info][gc,stringtable] GC(764) Cleaned string and symbol table, strings: 4350 processed, 0 removed, symbols: 36588 processed, 0 removed
[14.603s][info][gc            ] GC(764) Pause Remark 1881M->1881M(2087M) 1.632ms
[14.603s][info][gc,cpu        ] GC(764) User=0.01s Sys=0.00s Real=0.00s
[14.603s][info][gc,marking    ] GC(764) Concurrent Rebuild Remembered Sets
[14.608s][info][gc,marking    ] GC(764) Concurrent Rebuild Remembered Sets 5.005ms
[14.609s][info][gc,start      ] GC(764) Pause Cleanup
[14.609s][info][gc            ] GC(764) Pause Cleanup 1884M->1884M(2087M) 0.282ms
[14.609s][info][gc,cpu        ] GC(764) User=0.00s Sys=0.00s Real=0.00s
[14.610s][info][gc,marking    ] GC(764) Concurrent Cleanup for Next Mark
[14.612s][info][gc,marking    ] GC(764) Concurrent Cleanup for Next Mark 2.484ms
[14.612s][info][gc            ] GC(764) Concurrent Cycle 16.418ms
[14.619s][info][gc,start      ] GC(765) Pause Young (Concurrent Start) (G1 Humongous Allocation)
[14.619s][info][gc,task       ] GC(765) Using 8 workers of 8 for evacuation
[14.621s][info][gc,phases     ] GC(765)   Pre Evacuate Collection Set: 0.5ms
[14.621s][info][gc,phases     ] GC(765)   Evacuate Collection Set: 0.8ms
[14.621s][info][gc,phases     ] GC(765)   Post Evacuate Collection Set: 0.1ms
[14.621s][info][gc,phases     ] GC(765)   Other: 0.2ms
[14.621s][info][gc,heap       ] GC(765) Eden regions: 4->0(103)
[14.621s][info][gc,heap       ] GC(765) Survivor regions: 1->1(13)
[14.621s][info][gc,heap       ] GC(765) Old regions: 27->27
[14.621s][info][gc,heap       ] GC(765) Humongous regions: 1856->1856
[14.621s][info][gc,metaspace  ] GC(765) Metaspace: 9862K->9862K(1058816K)
[14.621s][info][gc            ] GC(765) Pause Young (Concurrent Start) (G1 Humongous Allocation) 1886M->1882M(2087M) 1.786ms
[14.621s][info][gc,cpu        ] GC(765) User=0.00s Sys=0.00s Real=0.00s
[14.621s][info][gc            ] GC(766) Concurrent Cycle
[14.621s][info][gc,marking    ] GC(766) Concurrent Clear Claimed Marks
[14.621s][info][gc,marking    ] GC(766) Concurrent Clear Claimed Marks 0.011ms
[14.621s][info][gc,marking    ] GC(766) Concurrent Scan Root Regions
[14.621s][info][gc,marking    ] GC(766) Concurrent Scan Root Regions 0.082ms
[14.621s][info][gc,marking    ] GC(766) Concurrent Mark (14.621s)
[14.621s][info][gc,marking    ] GC(766) Concurrent Mark From Roots
[14.621s][info][gc,task       ] GC(766) Using 2 workers of 2 for marking
[14.626s][info][gc,marking    ] GC(766) Concurrent Mark From Roots 5.423ms
[14.627s][info][gc,marking    ] GC(766) Concurrent Preclean
[14.627s][info][gc,marking    ] GC(766) Concurrent Preclean 0.073ms
[14.627s][info][gc,marking    ] GC(766) Concurrent Mark (14.621s, 14.627s) 5.553ms
[14.627s][info][gc,start      ] GC(766) Pause Remark
[14.627s][info][gc,stringtable] GC(766) Cleaned string and symbol table, strings: 4350 processed, 0 removed, symbols: 36588 processed, 0 removed
[14.628s][info][gc            ] GC(766) Pause Remark 1885M->1885M(2087M) 1.186ms
[14.628s][info][gc,cpu        ] GC(766) User=0.00s Sys=0.00s Real=0.00s
[14.628s][info][gc,marking    ] GC(766) Concurrent Rebuild Remembered Sets
[14.633s][info][gc,marking    ] GC(766) Concurrent Rebuild Remembered Sets 5.187ms
[14.634s][info][gc,start      ] GC(766) Pause Cleanup
[14.634s][info][gc            ] GC(766) Pause Cleanup 1888M->1888M(2087M) 0.236ms
[14.634s][info][gc,cpu        ] GC(766) User=0.00s Sys=0.00s Real=0.00s
[14.634s][info][gc,marking    ] GC(766) Concurrent Cleanup for Next Mark
[14.637s][info][gc,marking    ] GC(766) Concurrent Cleanup for Next Mark 2.443ms
[14.637s][info][gc            ] GC(766) Concurrent Cycle 15.657ms
[14.644s][info][gc,start      ] GC(767) Pause Young (Concurrent Start) (G1 Humongous Allocation)
[14.644s][info][gc,task       ] GC(767) Using 8 workers of 8 for evacuation
[14.645s][info][gc,phases     ] GC(767)   Pre Evacuate Collection Set: 0.4ms
[14.645s][info][gc,phases     ] GC(767)   Evacuate Collection Set: 0.4ms
[14.645s][info][gc,phases     ] GC(767)   Post Evacuate Collection Set: 0.1ms
[14.645s][info][gc,phases     ] GC(767)   Other: 0.3ms
[14.645s][info][gc,heap       ] GC(767) Eden regions: 4->0(103)
[14.645s][info][gc,heap       ] GC(767) Survivor regions: 1->1(13)
[14.645s][info][gc,heap       ] GC(767) Old regions: 27->27
[14.645s][info][gc,heap       ] GC(767) Humongous regions: 1860->1860
[14.645s][info][gc,metaspace  ] GC(767) Metaspace: 9862K->9862K(1058816K)
[14.645s][info][gc            ] GC(767) Pause Young (Concurrent Start) (G1 Humongous Allocation) 1890M->1886M(2087M) 1.335ms
[14.645s][info][gc,cpu        ] GC(767) User=0.01s Sys=0.00s Real=0.00s
[14.645s][info][gc            ] GC(768) Concurrent Cycle
[14.645s][info][gc,marking    ] GC(768) Concurrent Clear Claimed Marks
[14.645s][info][gc,marking    ] GC(768) Concurrent Clear Claimed Marks 0.012ms
[14.645s][info][gc,marking    ] GC(768) Concurrent Scan Root Regions
[14.645s][info][gc,marking    ] GC(768) Concurrent Scan Root Regions 0.051ms
[14.645s][info][gc,marking    ] GC(768) Concurrent Mark (14.645s)
[14.645s][info][gc,marking    ] GC(768) Concurrent Mark From Roots
[14.645s][info][gc,task       ] GC(768) Using 2 workers of 2 for marking
[14.651s][info][gc,marking    ] GC(768) Concurrent Mark From Roots 5.343ms
[14.651s][info][gc,marking    ] GC(768) Concurrent Preclean
[14.651s][info][gc,marking    ] GC(768) Concurrent Preclean 0.068ms
[14.651s][info][gc,marking    ] GC(768) Concurrent Mark (14.645s, 14.651s) 5.466ms
[14.651s][info][gc,start      ] GC(768) Pause Remark
[14.652s][info][gc,stringtable] GC(768) Cleaned string and symbol table, strings: 4350 processed, 0 removed, symbols: 36588 processed, 0 removed
[14.652s][info][gc            ] GC(768) Pause Remark 1889M->1889M(2087M) 1.552ms
[14.652s][info][gc,cpu        ] GC(768) User=0.01s Sys=0.00s Real=0.01s
[14.652s][info][gc,marking    ] GC(768) Concurrent Rebuild Remembered Sets
[14.658s][info][gc,marking    ] GC(768) Concurrent Rebuild Remembered Sets 5.156ms
[14.658s][info][gc,start      ] GC(768) Pause Cleanup
[14.659s][info][gc            ] GC(768) Pause Cleanup 1892M->1892M(2087M) 0.246ms
[14.659s][info][gc,cpu        ] GC(768) User=0.00s Sys=0.00s Real=0.00s
[14.659s][info][gc,marking    ] GC(768) Concurrent Cleanup for Next Mark
[14.661s][info][gc,marking    ] GC(768) Concurrent Cleanup for Next Mark 2.492ms
[14.661s][info][gc            ] GC(768) Concurrent Cycle 16.147ms
[14.669s][info][gc,start      ] GC(769) Pause Young (Concurrent Start) (G1 Humongous Allocation)
[14.669s][info][gc,task       ] GC(769) Using 8 workers of 8 for evacuation
[14.670s][info][gc,phases     ] GC(769)   Pre Evacuate Collection Set: 0.4ms
[14.670s][info][gc,phases     ] GC(769)   Evacuate Collection Set: 0.5ms
[14.670s][info][gc,phases     ] GC(769)   Post Evacuate Collection Set: 0.1ms
[14.670s][info][gc,phases     ] GC(769)   Other: 0.2ms
[14.670s][info][gc,heap       ] GC(769) Eden regions: 4->0(103)
[14.670s][info][gc,heap       ] GC(769) Survivor regions: 1->1(13)
[14.670s][info][gc,heap       ] GC(769) Old regions: 27->27
[14.670s][info][gc,heap       ] GC(769) Humongous regions: 1864->1864
[14.670s][info][gc,metaspace  ] GC(769) Metaspace: 9862K->9862K(1058816K)
[14.670s][info][gc            ] GC(769) Pause Young (Concurrent Start) (G1 Humongous Allocation) 1894M->1890M(2087M) 1.311ms
[14.670s][info][gc,cpu        ] GC(769) User=0.00s Sys=0.00s Real=0.00s
[14.670s][info][gc            ] GC(770) Concurrent Cycle
[14.670s][info][gc,marking    ] GC(770) Concurrent Clear Claimed Marks
[14.670s][info][gc,marking    ] GC(770) Concurrent Clear Claimed Marks 0.012ms
[14.670s][info][gc,marking    ] GC(770) Concurrent Scan Root Regions
[14.670s][info][gc,marking    ] GC(770) Concurrent Scan Root Regions 0.061ms
[14.670s][info][gc,marking    ] GC(770) Concurrent Mark (14.670s)
[14.670s][info][gc,marking    ] GC(770) Concurrent Mark From Roots
[14.670s][info][gc,task       ] GC(770) Using 2 workers of 2 for marking
[14.675s][info][gc,marking    ] GC(770) Concurrent Mark From Roots 5.241ms
[14.675s][info][gc,marking    ] GC(770) Concurrent Preclean
[14.675s][info][gc,marking    ] GC(770) Concurrent Preclean 0.081ms
[14.675s][info][gc,marking    ] GC(770) Concurrent Mark (14.670s, 14.675s) 5.372ms
[14.676s][info][gc,start      ] GC(770) Pause Remark
[14.677s][info][gc,stringtable] GC(770) Cleaned string and symbol table, strings: 4350 processed, 0 removed, symbols: 36588 processed, 0 removed
[14.677s][info][gc            ] GC(770) Pause Remark 1893M->1893M(2087M) 1.452ms
[14.677s][info][gc,cpu        ] GC(770) User=0.01s Sys=0.00s Real=0.00s
[14.677s][info][gc,marking    ] GC(770) Concurrent Rebuild Remembered Sets
[14.682s][info][gc,marking    ] GC(770) Concurrent Rebuild Remembered Sets 4.864ms
[14.683s][info][gc,start      ] GC(770) Pause Cleanup
[14.683s][info][gc            ] GC(770) Pause Cleanup 1896M->1896M(2087M) 0.197ms
[14.683s][info][gc,cpu        ] GC(770) User=0.00s Sys=0.00s Real=0.00s
[14.683s][info][gc,marking    ] GC(770) Concurrent Cleanup for Next Mark
[14.686s][info][gc,marking    ] GC(770) Concurrent Cleanup for Next Mark 2.452ms
[14.686s][info][gc            ] GC(770) Concurrent Cycle 15.724ms
[14.693s][info][gc,start      ] GC(771) Pause Young (Concurrent Start) (G1 Humongous Allocation)
[14.693s][info][gc,task       ] GC(771) Using 8 workers of 8 for evacuation
[14.695s][info][gc,phases     ] GC(771)   Pre Evacuate Collection Set: 0.4ms
[14.695s][info][gc,phases     ] GC(771)   Evacuate Collection Set: 1.0ms
[14.695s][info][gc,phases     ] GC(771)   Post Evacuate Collection Set: 0.1ms
[14.695s][info][gc,phases     ] GC(771)   Other: 0.2ms
[14.695s][info][gc,heap       ] GC(771) Eden regions: 4->0(103)
[14.695s][info][gc,heap       ] GC(771) Survivor regions: 1->1(13)
[14.695s][info][gc,heap       ] GC(771) Old regions: 27->27
[14.695s][info][gc,heap       ] GC(771) Humongous regions: 1868->1868
[14.695s][info][gc,metaspace  ] GC(771) Metaspace: 9862K->9862K(1058816K)
[14.695s][info][gc            ] GC(771) Pause Young (Concurrent Start) (G1 Humongous Allocation) 1898M->1894M(2087M) 1.859ms
[14.695s][info][gc,cpu        ] GC(771) User=0.01s Sys=0.00s Real=0.00s
[14.695s][info][gc            ] GC(772) Concurrent Cycle
[14.695s][info][gc,marking    ] GC(772) Concurrent Clear Claimed Marks
[14.695s][info][gc,marking    ] GC(772) Concurrent Clear Claimed Marks 0.010ms
[14.695s][info][gc,marking    ] GC(772) Concurrent Scan Root Regions
[14.695s][info][gc,marking    ] GC(772) Concurrent Scan Root Regions 0.068ms
[14.695s][info][gc,marking    ] GC(772) Concurrent Mark (14.695s)
[14.695s][info][gc,marking    ] GC(772) Concurrent Mark From Roots
[14.695s][info][gc,task       ] GC(772) Using 2 workers of 2 for marking
[14.701s][info][gc,marking    ] GC(772) Concurrent Mark From Roots 5.790ms
[14.701s][info][gc,marking    ] GC(772) Concurrent Preclean
[14.701s][info][gc,marking    ] GC(772) Concurrent Preclean 0.081ms
[14.701s][info][gc,marking    ] GC(772) Concurrent Mark (14.695s, 14.701s) 5.937ms
[14.701s][info][gc,start      ] GC(772) Pause Remark
[14.702s][info][gc,stringtable] GC(772) Cleaned string and symbol table, strings: 4350 processed, 0 removed, symbols: 36588 processed, 0 removed
[14.702s][info][gc            ] GC(772) Pause Remark 1897M->1897M(2087M) 1.522ms
[14.702s][info][gc,cpu        ] GC(772) User=0.01s Sys=0.00s Real=0.01s
[14.703s][info][gc,marking    ] GC(772) Concurrent Rebuild Remembered Sets
[14.707s][info][gc,marking    ] GC(772) Concurrent Rebuild Remembered Sets 4.863ms
[14.708s][info][gc,start      ] GC(772) Pause Cleanup
[14.709s][info][gc            ] GC(772) Pause Cleanup 1900M->1900M(2087M) 0.309ms
[14.709s][info][gc,cpu        ] GC(772) User=0.00s Sys=0.00s Real=0.00s
[14.709s][info][gc,marking    ] GC(772) Concurrent Cleanup for Next Mark
[14.712s][info][gc,marking    ] GC(772) Concurrent Cleanup for Next Mark 3.416ms
[14.712s][info][gc            ] GC(772) Concurrent Cycle 17.455ms
[14.720s][info][gc,start      ] GC(773) Pause Young (Concurrent Start) (G1 Humongous Allocation)
[14.720s][info][gc,task       ] GC(773) Using 8 workers of 8 for evacuation
[14.721s][info][gc,phases     ] GC(773)   Pre Evacuate Collection Set: 0.5ms
[14.721s][info][gc,phases     ] GC(773)   Evacuate Collection Set: 0.5ms
[14.721s][info][gc,phases     ] GC(773)   Post Evacuate Collection Set: 0.1ms
[14.721s][info][gc,phases     ] GC(773)   Other: 0.3ms
[14.721s][info][gc,heap       ] GC(773) Eden regions: 4->0(103)
[14.721s][info][gc,heap       ] GC(773) Survivor regions: 1->1(13)
[14.721s][info][gc,heap       ] GC(773) Old regions: 27->27
[14.721s][info][gc,heap       ] GC(773) Humongous regions: 1872->1872
[14.721s][info][gc,metaspace  ] GC(773) Metaspace: 9862K->9862K(1058816K)
[14.721s][info][gc            ] GC(773) Pause Young (Concurrent Start) (G1 Humongous Allocation) 1902M->1898M(2087M) 1.393ms
[14.721s][info][gc,cpu        ] GC(773) User=0.00s Sys=0.00s Real=0.00s
[14.721s][info][gc            ] GC(774) Concurrent Cycle
[14.721s][info][gc,marking    ] GC(774) Concurrent Clear Claimed Marks
[14.721s][info][gc,marking    ] GC(774) Concurrent Clear Claimed Marks 0.009ms
[14.721s][info][gc,marking    ] GC(774) Concurrent Scan Root Regions
[14.721s][info][gc,marking    ] GC(774) Concurrent Scan Root Regions 0.064ms
[14.721s][info][gc,marking    ] GC(774) Concurrent Mark (14.721s)
[14.721s][info][gc,marking    ] GC(774) Concurrent Mark From Roots
[14.721s][info][gc,task       ] GC(774) Using 2 workers of 2 for marking
[14.726s][info][gc,marking    ] GC(774) Concurrent Mark From Roots 5.245ms
[14.726s][info][gc,marking    ] GC(774) Concurrent Preclean
[14.727s][info][gc,marking    ] GC(774) Concurrent Preclean 0.067ms
[14.727s][info][gc,marking    ] GC(774) Concurrent Mark (14.721s, 14.727s) 5.368ms
[14.727s][info][gc,start      ] GC(774) Pause Remark
[14.728s][info][gc,stringtable] GC(774) Cleaned string and symbol table, strings: 4350 processed, 0 removed, symbols: 36588 processed, 0 removed
[14.728s][info][gc            ] GC(774) Pause Remark 1901M->1901M(2087M) 1.453ms
[14.728s][info][gc,cpu        ] GC(774) User=0.01s Sys=0.00s Real=0.00s
[14.728s][info][gc,marking    ] GC(774) Concurrent Rebuild Remembered Sets
[14.733s][info][gc,marking    ] GC(774) Concurrent Rebuild Remembered Sets 5.017ms
[14.734s][info][gc,start      ] GC(774) Pause Cleanup
[14.734s][info][gc            ] GC(774) Pause Cleanup 1904M->1904M(2087M) 0.210ms
[14.734s][info][gc,cpu        ] GC(774) User=0.00s Sys=0.00s Real=0.00s
[14.734s][info][gc,marking    ] GC(774) Concurrent Cleanup for Next Mark
[14.737s][info][gc,marking    ] GC(774) Concurrent Cleanup for Next Mark 2.458ms
[14.737s][info][gc            ] GC(774) Concurrent Cycle 15.871ms
[14.744s][info][gc,start      ] GC(775) Pause Young (Concurrent Start) (G1 Humongous Allocation)
[14.744s][info][gc,task       ] GC(775) Using 8 workers of 8 for evacuation
[14.746s][info][gc,phases     ] GC(775)   Pre Evacuate Collection Set: 0.4ms
[14.746s][info][gc,phases     ] GC(775)   Evacuate Collection Set: 0.6ms
[14.746s][info][gc,phases     ] GC(775)   Post Evacuate Collection Set: 0.1ms
[14.746s][info][gc,phases     ] GC(775)   Other: 0.3ms
[14.746s][info][gc,heap       ] GC(775) Eden regions: 4->0(103)
[14.746s][info][gc,heap       ] GC(775) Survivor regions: 1->1(13)
[14.746s][info][gc,heap       ] GC(775) Old regions: 27->27
[14.746s][info][gc,heap       ] GC(775) Humongous regions: 1876->1876
[14.746s][info][gc,metaspace  ] GC(775) Metaspace: 9862K->9862K(1058816K)
[14.746s][info][gc            ] GC(775) Pause Young (Concurrent Start) (G1 Humongous Allocation) 1906M->1902M(2087M) 1.503ms
[14.746s][info][gc,cpu        ] GC(775) User=0.00s Sys=0.00s Real=0.00s
[14.746s][info][gc            ] GC(776) Concurrent Cycle
[14.746s][info][gc,marking    ] GC(776) Concurrent Clear Claimed Marks
[14.746s][info][gc,marking    ] GC(776) Concurrent Clear Claimed Marks 0.013ms
[14.746s][info][gc,marking    ] GC(776) Concurrent Scan Root Regions
[14.746s][info][gc,marking    ] GC(776) Concurrent Scan Root Regions 0.064ms
[14.746s][info][gc,marking    ] GC(776) Concurrent Mark (14.746s)
[14.746s][info][gc,marking    ] GC(776) Concurrent Mark From Roots
[14.746s][info][gc,task       ] GC(776) Using 2 workers of 2 for marking
[14.751s][info][gc,marking    ] GC(776) Concurrent Mark From Roots 5.229ms
[14.751s][info][gc,marking    ] GC(776) Concurrent Preclean
[14.751s][info][gc,marking    ] GC(776) Concurrent Preclean 0.073ms
[14.751s][info][gc,marking    ] GC(776) Concurrent Mark (14.746s, 14.751s) 5.362ms
[14.751s][info][gc,start      ] GC(776) Pause Remark
[14.752s][info][gc,stringtable] GC(776) Cleaned string and symbol table, strings: 4350 processed, 0 removed, symbols: 36588 processed, 0 removed
[14.752s][info][gc            ] GC(776) Pause Remark 1905M->1905M(2087M) 1.077ms
[14.752s][info][gc,cpu        ] GC(776) User=0.01s Sys=0.00s Real=0.00s
[14.752s][info][gc,marking    ] GC(776) Concurrent Rebuild Remembered Sets
[14.757s][info][gc,marking    ] GC(776) Concurrent Rebuild Remembered Sets 4.936ms
[14.758s][info][gc,start      ] GC(776) Pause Cleanup
[14.759s][info][gc            ] GC(776) Pause Cleanup 1908M->1908M(2087M) 0.253ms
[14.759s][info][gc,cpu        ] GC(776) User=0.00s Sys=0.00s Real=0.00s
[14.759s][info][gc,marking    ] GC(776) Concurrent Cleanup for Next Mark
[14.761s][info][gc,marking    ] GC(776) Concurrent Cleanup for Next Mark 2.460ms
[14.761s][info][gc            ] GC(776) Concurrent Cycle 15.365ms
[14.768s][info][gc,start      ] GC(777) Pause Young (Concurrent Start) (G1 Humongous Allocation)
[14.768s][info][gc,task       ] GC(777) Using 8 workers of 8 for evacuation
[14.769s][info][gc,phases     ] GC(777)   Pre Evacuate Collection Set: 0.4ms
[14.769s][info][gc,phases     ] GC(777)   Evacuate Collection Set: 0.5ms
[14.769s][info][gc,phases     ] GC(777)   Post Evacuate Collection Set: 0.1ms
[14.769s][info][gc,phases     ] GC(777)   Other: 0.2ms
[14.769s][info][gc,heap       ] GC(777) Eden regions: 4->0(103)
[14.769s][info][gc,heap       ] GC(777) Survivor regions: 1->1(13)
[14.769s][info][gc,heap       ] GC(777) Old regions: 27->27
[14.769s][info][gc,heap       ] GC(777) Humongous regions: 1880->1880
[14.769s][info][gc,metaspace  ] GC(777) Metaspace: 9862K->9862K(1058816K)
[14.770s][info][gc            ] GC(777) Pause Young (Concurrent Start) (G1 Humongous Allocation) 1910M->1906M(2087M) 1.342ms
[14.770s][info][gc,cpu        ] GC(777) User=0.00s Sys=0.00s Real=0.00s
[14.770s][info][gc            ] GC(778) Concurrent Cycle
[14.770s][info][gc,marking    ] GC(778) Concurrent Clear Claimed Marks
[14.770s][info][gc,marking    ] GC(778) Concurrent Clear Claimed Marks 0.010ms
[14.770s][info][gc,marking    ] GC(778) Concurrent Scan Root Regions
[14.770s][info][gc,marking    ] GC(778) Concurrent Scan Root Regions 0.061ms
[14.770s][info][gc,marking    ] GC(778) Concurrent Mark (14.770s)
[14.770s][info][gc,marking    ] GC(778) Concurrent Mark From Roots
[14.770s][info][gc,task       ] GC(778) Using 2 workers of 2 for marking
[14.775s][info][gc,marking    ] GC(778) Concurrent Mark From Roots 5.406ms
[14.775s][info][gc,marking    ] GC(778) Concurrent Preclean
[14.775s][info][gc,marking    ] GC(778) Concurrent Preclean 0.077ms
[14.775s][info][gc,marking    ] GC(778) Concurrent Mark (14.770s, 14.775s) 5.545ms
[14.775s][info][gc,start      ] GC(778) Pause Remark
[14.777s][info][gc,stringtable] GC(778) Cleaned string and symbol table, strings: 4350 processed, 0 removed, symbols: 36588 processed, 0 removed
[14.777s][info][gc            ] GC(778) Pause Remark 1909M->1909M(2087M) 1.570ms
[14.777s][info][gc,cpu        ] GC(778) User=0.01s Sys=0.00s Real=0.00s
[14.777s][info][gc,marking    ] GC(778) Concurrent Rebuild Remembered Sets
[14.782s][info][gc,marking    ] GC(778) Concurrent Rebuild Remembered Sets 5.065ms
[14.783s][info][gc,start      ] GC(778) Pause Cleanup
[14.783s][info][gc            ] GC(778) Pause Cleanup 1912M->1912M(2087M) 0.266ms
[14.783s][info][gc,cpu        ] GC(778) User=0.00s Sys=0.00s Real=0.00s
[14.783s][info][gc,marking    ] GC(778) Concurrent Cleanup for Next Mark
[14.786s][info][gc,marking    ] GC(778) Concurrent Cleanup for Next Mark 2.662ms
[14.786s][info][gc            ] GC(778) Concurrent Cycle 16.553ms
[14.793s][info][gc,start      ] GC(779) Pause Young (Concurrent Start) (G1 Humongous Allocation)
[14.793s][info][gc,task       ] GC(779) Using 8 workers of 8 for evacuation
[14.795s][info][gc,phases     ] GC(779)   Pre Evacuate Collection Set: 0.5ms
[14.795s][info][gc,phases     ] GC(779)   Evacuate Collection Set: 0.6ms
[14.795s][info][gc,phases     ] GC(779)   Post Evacuate Collection Set: 0.1ms
[14.795s][info][gc,phases     ] GC(779)   Other: 0.2ms
[14.795s][info][gc,heap       ] GC(779) Eden regions: 4->0(103)
[14.795s][info][gc,heap       ] GC(779) Survivor regions: 1->1(13)
[14.795s][info][gc,heap       ] GC(779) Old regions: 27->27
[14.795s][info][gc,heap       ] GC(779) Humongous regions: 1884->1884
[14.795s][info][gc,metaspace  ] GC(779) Metaspace: 9862K->9862K(1058816K)
[14.795s][info][gc            ] GC(779) Pause Young (Concurrent Start) (G1 Humongous Allocation) 1914M->1910M(2087M) 1.546ms
[14.795s][info][gc,cpu        ] GC(779) User=0.00s Sys=0.00s Real=0.00s
[14.795s][info][gc            ] GC(780) Concurrent Cycle
[14.795s][info][gc,marking    ] GC(780) Concurrent Clear Claimed Marks
[14.795s][info][gc,marking    ] GC(780) Concurrent Clear Claimed Marks 0.012ms
[14.795s][info][gc,marking    ] GC(780) Concurrent Scan Root Regions
[14.795s][info][gc,marking    ] GC(780) Concurrent Scan Root Regions 0.066ms
[14.795s][info][gc,marking    ] GC(780) Concurrent Mark (14.795s)
[14.795s][info][gc,marking    ] GC(780) Concurrent Mark From Roots
[14.795s][info][gc,task       ] GC(780) Using 2 workers of 2 for marking
[14.801s][info][gc,marking    ] GC(780) Concurrent Mark From Roots 5.464ms
[14.801s][info][gc,marking    ] GC(780) Concurrent Preclean
[14.801s][info][gc,marking    ] GC(780) Concurrent Preclean 0.107ms
[14.801s][info][gc,marking    ] GC(780) Concurrent Mark (14.795s, 14.801s) 5.660ms
[14.801s][info][gc,start      ] GC(780) Pause Remark
[14.802s][info][gc,stringtable] GC(780) Cleaned string and symbol table, strings: 4350 processed, 0 removed, symbols: 36588 processed, 0 removed
[14.803s][info][gc            ] GC(780) Pause Remark 1913M->1913M(2087M) 1.705ms
[14.803s][info][gc,cpu        ] GC(780) User=0.01s Sys=0.00s Real=0.01s
[14.803s][info][gc,marking    ] GC(780) Concurrent Rebuild Remembered Sets
[14.808s][info][gc,marking    ] GC(780) Concurrent Rebuild Remembered Sets 5.711ms
[14.810s][info][gc,start      ] GC(780) Pause Cleanup
[14.810s][info][gc            ] GC(780) Pause Cleanup 1916M->1916M(2087M) 0.314ms
[14.810s][info][gc,cpu        ] GC(780) User=0.00s Sys=0.00s Real=0.00s
[14.810s][info][gc,marking    ] GC(780) Concurrent Cleanup for Next Mark
[14.813s][info][gc,marking    ] GC(780) Concurrent Cleanup for Next Mark 2.631ms
[14.813s][info][gc            ] GC(780) Concurrent Cycle 17.735ms
[14.820s][info][gc,start      ] GC(781) Pause Young (Concurrent Start) (G1 Humongous Allocation)
[14.820s][info][gc,task       ] GC(781) Using 8 workers of 8 for evacuation
[14.821s][info][gc,phases     ] GC(781)   Pre Evacuate Collection Set: 0.4ms
[14.821s][info][gc,phases     ] GC(781)   Evacuate Collection Set: 0.8ms
[14.821s][info][gc,phases     ] GC(781)   Post Evacuate Collection Set: 0.1ms
[14.821s][info][gc,phases     ] GC(781)   Other: 0.2ms
[14.821s][info][gc,heap       ] GC(781) Eden regions: 4->0(103)
[14.821s][info][gc,heap       ] GC(781) Survivor regions: 1->1(13)
[14.821s][info][gc,heap       ] GC(781) Old regions: 27->27
[14.821s][info][gc,heap       ] GC(781) Humongous regions: 1888->1888
[14.821s][info][gc,metaspace  ] GC(781) Metaspace: 9862K->9862K(1058816K)
[14.821s][info][gc            ] GC(781) Pause Young (Concurrent Start) (G1 Humongous Allocation) 1918M->1914M(2087M) 1.662ms
[14.821s][info][gc,cpu        ] GC(781) User=0.00s Sys=0.00s Real=0.01s
[14.821s][info][gc            ] GC(782) Concurrent Cycle
[14.821s][info][gc,marking    ] GC(782) Concurrent Clear Claimed Marks
[14.821s][info][gc,marking    ] GC(782) Concurrent Clear Claimed Marks 0.016ms
[14.821s][info][gc,marking    ] GC(782) Concurrent Scan Root Regions
[14.821s][info][gc,marking    ] GC(782) Concurrent Scan Root Regions 0.070ms
[14.821s][info][gc,marking    ] GC(782) Concurrent Mark (14.821s)
[14.821s][info][gc,marking    ] GC(782) Concurrent Mark From Roots
[14.821s][info][gc,task       ] GC(782) Using 2 workers of 2 for marking
[14.827s][info][gc,marking    ] GC(782) Concurrent Mark From Roots 5.331ms
[14.827s][info][gc,marking    ] GC(782) Concurrent Preclean
[14.827s][info][gc,marking    ] GC(782) Concurrent Preclean 0.070ms
[14.827s][info][gc,marking    ] GC(782) Concurrent Mark (14.821s, 14.827s) 5.448ms
[14.827s][info][gc,start      ] GC(782) Pause Remark
[14.828s][info][gc,stringtable] GC(782) Cleaned string and symbol table, strings: 4350 processed, 0 removed, symbols: 36588 processed, 0 removed
[14.828s][info][gc            ] GC(782) Pause Remark 1917M->1917M(2087M) 1.008ms
[14.828s][info][gc,cpu        ] GC(782) User=0.01s Sys=0.00s Real=0.00s
[14.828s][info][gc,marking    ] GC(782) Concurrent Rebuild Remembered Sets
[14.833s][info][gc,marking    ] GC(782) Concurrent Rebuild Remembered Sets 5.218ms
[14.834s][info][gc,start      ] GC(782) Pause Cleanup
[14.834s][info][gc            ] GC(782) Pause Cleanup 1920M->1920M(2087M) 0.221ms
[14.834s][info][gc,cpu        ] GC(782) User=0.00s Sys=0.00s Real=0.00s
[14.834s][info][gc,marking    ] GC(782) Concurrent Cleanup for Next Mark
[14.837s][info][gc,marking    ] GC(782) Concurrent Cleanup for Next Mark 2.604ms
[14.837s][info][gc            ] GC(782) Concurrent Cycle 15.506ms
[14.844s][info][gc,start      ] GC(783) Pause Young (Concurrent Start) (G1 Humongous Allocation)
[14.844s][info][gc,task       ] GC(783) Using 8 workers of 8 for evacuation
[14.846s][info][gc,phases     ] GC(783)   Pre Evacuate Collection Set: 0.4ms
[14.846s][info][gc,phases     ] GC(783)   Evacuate Collection Set: 1.0ms
[14.846s][info][gc,phases     ] GC(783)   Post Evacuate Collection Set: 0.1ms
[14.846s][info][gc,phases     ] GC(783)   Other: 0.2ms
[14.846s][info][gc,heap       ] GC(783) Eden regions: 4->0(103)
[14.846s][info][gc,heap       ] GC(783) Survivor regions: 1->1(13)
[14.846s][info][gc,heap       ] GC(783) Old regions: 27->27
[14.846s][info][gc,heap       ] GC(783) Humongous regions: 1892->1892
[14.846s][info][gc,metaspace  ] GC(783) Metaspace: 9862K->9862K(1058816K)
[14.846s][info][gc            ] GC(783) Pause Young (Concurrent Start) (G1 Humongous Allocation) 1922M->1918M(2087M) 1.824ms
[14.846s][info][gc,cpu        ] GC(783) User=0.00s Sys=0.00s Real=0.00s
[14.846s][info][gc            ] GC(784) Concurrent Cycle
[14.846s][info][gc,marking    ] GC(784) Concurrent Clear Claimed Marks
[14.846s][info][gc,marking    ] GC(784) Concurrent Clear Claimed Marks 0.015ms
[14.846s][info][gc,marking    ] GC(784) Concurrent Scan Root Regions
[14.846s][info][gc,marking    ] GC(784) Concurrent Scan Root Regions 0.051ms
[14.846s][info][gc,marking    ] GC(784) Concurrent Mark (14.846s)
[14.846s][info][gc,marking    ] GC(784) Concurrent Mark From Roots
[14.846s][info][gc,task       ] GC(784) Using 2 workers of 2 for marking
[14.852s][info][gc,marking    ] GC(784) Concurrent Mark From Roots 5.655ms
[14.852s][info][gc,marking    ] GC(784) Concurrent Preclean
[14.852s][info][gc,marking    ] GC(784) Concurrent Preclean 0.073ms
[14.852s][info][gc,marking    ] GC(784) Concurrent Mark (14.846s, 14.852s) 5.784ms
[14.852s][info][gc,start      ] GC(784) Pause Remark
[14.853s][info][gc,stringtable] GC(784) Cleaned string and symbol table, strings: 4350 processed, 0 removed, symbols: 36588 processed, 0 removed
[14.853s][info][gc            ] GC(784) Pause Remark 1921M->1921M(2087M) 1.402ms
[14.853s][info][gc,cpu        ] GC(784) User=0.01s Sys=0.00s Real=0.00s
[14.853s][info][gc,marking    ] GC(784) Concurrent Rebuild Remembered Sets
[14.858s][info][gc,marking    ] GC(784) Concurrent Rebuild Remembered Sets 5.195ms
[14.859s][info][gc,start      ] GC(784) Pause Cleanup
[14.860s][info][gc            ] GC(784) Pause Cleanup 1924M->1924M(2087M) 0.244ms
[14.860s][info][gc,cpu        ] GC(784) User=0.00s Sys=0.00s Real=0.00s
[14.860s][info][gc,marking    ] GC(784) Concurrent Cleanup for Next Mark
[14.862s][info][gc,marking    ] GC(784) Concurrent Cleanup for Next Mark 2.759ms
[14.862s][info][gc            ] GC(784) Concurrent Cycle 16.648ms
[14.870s][info][gc,start      ] GC(785) Pause Young (Concurrent Start) (G1 Humongous Allocation)
[14.870s][info][gc,task       ] GC(785) Using 8 workers of 8 for evacuation
[14.871s][info][gc,phases     ] GC(785)   Pre Evacuate Collection Set: 0.5ms
[14.871s][info][gc,phases     ] GC(785)   Evacuate Collection Set: 0.6ms
[14.871s][info][gc,phases     ] GC(785)   Post Evacuate Collection Set: 0.1ms
[14.871s][info][gc,phases     ] GC(785)   Other: 0.2ms
[14.871s][info][gc,heap       ] GC(785) Eden regions: 4->0(103)
[14.871s][info][gc,heap       ] GC(785) Survivor regions: 1->1(13)
[14.871s][info][gc,heap       ] GC(785) Old regions: 27->27
[14.871s][info][gc,heap       ] GC(785) Humongous regions: 1896->1896
[14.871s][info][gc,metaspace  ] GC(785) Metaspace: 9862K->9862K(1058816K)
[14.871s][info][gc            ] GC(785) Pause Young (Concurrent Start) (G1 Humongous Allocation) 1926M->1922M(2087M) 1.460ms
[14.871s][info][gc,cpu        ] GC(785) User=0.00s Sys=0.00s Real=0.00s
[14.871s][info][gc            ] GC(786) Concurrent Cycle
[14.871s][info][gc,marking    ] GC(786) Concurrent Clear Claimed Marks
[14.871s][info][gc,marking    ] GC(786) Concurrent Clear Claimed Marks 0.012ms
[14.871s][info][gc,marking    ] GC(786) Concurrent Scan Root Regions
[14.871s][info][gc,marking    ] GC(786) Concurrent Scan Root Regions 0.054ms
[14.871s][info][gc,marking    ] GC(786) Concurrent Mark (14.871s)
[14.871s][info][gc,marking    ] GC(786) Concurrent Mark From Roots
[14.871s][info][gc,task       ] GC(786) Using 2 workers of 2 for marking
[14.877s][info][gc,marking    ] GC(786) Concurrent Mark From Roots 5.393ms
[14.877s][info][gc,marking    ] GC(786) Concurrent Preclean
[14.877s][info][gc,marking    ] GC(786) Concurrent Preclean 0.080ms
[14.877s][info][gc,marking    ] GC(786) Concurrent Mark (14.871s, 14.877s) 5.527ms
[14.877s][info][gc,start      ] GC(786) Pause Remark
[14.878s][info][gc,stringtable] GC(786) Cleaned string and symbol table, strings: 4350 processed, 0 removed, symbols: 36588 processed, 0 removed
[14.878s][info][gc            ] GC(786) Pause Remark 1925M->1925M(2087M) 0.966ms
[14.878s][info][gc,cpu        ] GC(786) User=0.00s Sys=0.00s Real=0.00s
[14.878s][info][gc,marking    ] GC(786) Concurrent Rebuild Remembered Sets
[14.883s][info][gc,marking    ] GC(786) Concurrent Rebuild Remembered Sets 4.837ms
[14.884s][info][gc,start      ] GC(786) Pause Cleanup
[14.884s][info][gc            ] GC(786) Pause Cleanup 1928M->1928M(2087M) 0.215ms
[14.884s][info][gc,cpu        ] GC(786) User=0.00s Sys=0.00s Real=0.00s
[14.884s][info][gc,marking    ] GC(786) Concurrent Cleanup for Next Mark
[14.886s][info][gc,marking    ] GC(786) Concurrent Cleanup for Next Mark 2.535ms
[14.886s][info][gc            ] GC(786) Concurrent Cycle 15.270ms
[14.893s][info][gc,start      ] GC(787) Pause Young (Concurrent Start) (G1 Humongous Allocation)
[14.894s][info][gc,task       ] GC(787) Using 8 workers of 8 for evacuation
[14.895s][info][gc,phases     ] GC(787)   Pre Evacuate Collection Set: 0.4ms
[14.895s][info][gc,phases     ] GC(787)   Evacuate Collection Set: 0.5ms
[14.895s][info][gc,phases     ] GC(787)   Post Evacuate Collection Set: 0.1ms
[14.895s][info][gc,phases     ] GC(787)   Other: 0.2ms
[14.895s][info][gc,heap       ] GC(787) Eden regions: 4->0(103)
[14.895s][info][gc,heap       ] GC(787) Survivor regions: 1->1(13)
[14.895s][info][gc,heap       ] GC(787) Old regions: 27->27
[14.895s][info][gc,heap       ] GC(787) Humongous regions: 1900->1900
[14.895s][info][gc,metaspace  ] GC(787) Metaspace: 9862K->9862K(1058816K)
[14.895s][info][gc            ] GC(787) Pause Young (Concurrent Start) (G1 Humongous Allocation) 1930M->1926M(2087M) 1.369ms
[14.895s][info][gc,cpu        ] GC(787) User=0.01s Sys=0.00s Real=0.00s
[14.895s][info][gc            ] GC(788) Concurrent Cycle
[14.895s][info][gc,marking    ] GC(788) Concurrent Clear Claimed Marks
[14.895s][info][gc,marking    ] GC(788) Concurrent Clear Claimed Marks 0.017ms
[14.895s][info][gc,marking    ] GC(788) Concurrent Scan Root Regions
[14.895s][info][gc,marking    ] GC(788) Concurrent Scan Root Regions 0.065ms
[14.895s][info][gc,marking    ] GC(788) Concurrent Mark (14.895s)
[14.895s][info][gc,marking    ] GC(788) Concurrent Mark From Roots
[14.895s][info][gc,task       ] GC(788) Using 2 workers of 2 for marking
[14.901s][info][gc,marking    ] GC(788) Concurrent Mark From Roots 5.814ms
[14.901s][info][gc,marking    ] GC(788) Concurrent Preclean
[14.901s][info][gc,marking    ] GC(788) Concurrent Preclean 0.085ms
[14.901s][info][gc,marking    ] GC(788) Concurrent Mark (14.895s, 14.901s) 5.963ms
[14.901s][info][gc,start      ] GC(788) Pause Remark
[14.902s][info][gc,stringtable] GC(788) Cleaned string and symbol table, strings: 4350 processed, 0 removed, symbols: 36588 processed, 0 removed
[14.903s][info][gc            ] GC(788) Pause Remark 1929M->1929M(2087M) 1.537ms
[14.903s][info][gc,cpu        ] GC(788) User=0.01s Sys=0.00s Real=0.01s
[14.903s][info][gc,marking    ] GC(788) Concurrent Rebuild Remembered Sets
[14.911s][info][gc,marking    ] GC(788) Concurrent Rebuild Remembered Sets 7.774ms
[14.911s][info][gc,start      ] GC(788) Pause Cleanup
[14.911s][info][gc            ] GC(788) Pause Cleanup 1932M->1932M(2087M) 0.603ms
[14.912s][info][gc,cpu        ] GC(788) User=0.01s Sys=0.00s Real=0.01s
[14.912s][info][gc,marking    ] GC(788) Concurrent Cleanup for Next Mark
[14.915s][info][gc,marking    ] GC(788) Concurrent Cleanup for Next Mark 3.069ms
[14.915s][info][gc            ] GC(788) Concurrent Cycle 19.792ms
[14.921s][info][gc,start      ] GC(789) Pause Young (Concurrent Start) (G1 Humongous Allocation)
[14.921s][info][gc,task       ] GC(789) Using 8 workers of 8 for evacuation
[14.923s][info][gc,phases     ] GC(789)   Pre Evacuate Collection Set: 0.4ms
[14.923s][info][gc,phases     ] GC(789)   Evacuate Collection Set: 0.6ms
[14.923s][info][gc,phases     ] GC(789)   Post Evacuate Collection Set: 0.1ms
[14.923s][info][gc,phases     ] GC(789)   Other: 0.2ms
[14.923s][info][gc,heap       ] GC(789) Eden regions: 4->0(103)
[14.923s][info][gc,heap       ] GC(789) Survivor regions: 1->1(13)
[14.923s][info][gc,heap       ] GC(789) Old regions: 27->27
[14.923s][info][gc,heap       ] GC(789) Humongous regions: 1904->1904
[14.923s][info][gc,metaspace  ] GC(789) Metaspace: 9862K->9862K(1058816K)
[14.923s][info][gc            ] GC(789) Pause Young (Concurrent Start) (G1 Humongous Allocation) 1934M->1930M(2087M) 1.480ms
[14.923s][info][gc,cpu        ] GC(789) User=0.00s Sys=0.00s Real=0.01s
[14.923s][info][gc            ] GC(790) Concurrent Cycle
[14.923s][info][gc,marking    ] GC(790) Concurrent Clear Claimed Marks
[14.923s][info][gc,marking    ] GC(790) Concurrent Clear Claimed Marks 0.012ms
[14.923s][info][gc,marking    ] GC(790) Concurrent Scan Root Regions
[14.923s][info][gc,marking    ] GC(790) Concurrent Scan Root Regions 0.073ms
[14.923s][info][gc,marking    ] GC(790) Concurrent Mark (14.923s)
[14.923s][info][gc,marking    ] GC(790) Concurrent Mark From Roots
[14.923s][info][gc,task       ] GC(790) Using 2 workers of 2 for marking
[14.929s][info][gc,marking    ] GC(790) Concurrent Mark From Roots 5.782ms
[14.929s][info][gc,marking    ] GC(790) Concurrent Preclean
[14.929s][info][gc,marking    ] GC(790) Concurrent Preclean 0.084ms
[14.929s][info][gc,marking    ] GC(790) Concurrent Mark (14.923s, 14.929s) 5.924ms
[14.929s][info][gc,start      ] GC(790) Pause Remark
[14.930s][info][gc,stringtable] GC(790) Cleaned string and symbol table, strings: 4350 processed, 0 removed, symbols: 36588 processed, 0 removed
[14.930s][info][gc            ] GC(790) Pause Remark 1933M->1933M(2087M) 1.557ms
[14.930s][info][gc,cpu        ] GC(790) User=0.01s Sys=0.00s Real=0.00s
[14.930s][info][gc,marking    ] GC(790) Concurrent Rebuild Remembered Sets
[14.935s][info][gc,marking    ] GC(790) Concurrent Rebuild Remembered Sets 5.040ms
[14.936s][info][gc,start      ] GC(790) Pause Cleanup
[14.936s][info][gc            ] GC(790) Pause Cleanup 1936M->1936M(2087M) 0.281ms
[14.936s][info][gc,cpu        ] GC(790) User=0.01s Sys=0.00s Real=0.00s
[14.936s][info][gc,marking    ] GC(790) Concurrent Cleanup for Next Mark
[14.939s][info][gc,marking    ] GC(790) Concurrent Cleanup for Next Mark 2.718ms
[14.939s][info][gc            ] GC(790) Concurrent Cycle 16.047ms
[14.946s][info][gc,start      ] GC(791) Pause Young (Concurrent Start) (G1 Humongous Allocation)
[14.946s][info][gc,task       ] GC(791) Using 8 workers of 8 for evacuation
[14.948s][info][gc,phases     ] GC(791)   Pre Evacuate Collection Set: 0.5ms
[14.948s][info][gc,phases     ] GC(791)   Evacuate Collection Set: 0.6ms
[14.948s][info][gc,phases     ] GC(791)   Post Evacuate Collection Set: 0.1ms
[14.948s][info][gc,phases     ] GC(791)   Other: 0.3ms
[14.948s][info][gc,heap       ] GC(791) Eden regions: 4->0(103)
[14.948s][info][gc,heap       ] GC(791) Survivor regions: 1->1(13)
[14.948s][info][gc,heap       ] GC(791) Old regions: 27->27
[14.948s][info][gc,heap       ] GC(791) Humongous regions: 1908->1908
[14.948s][info][gc,metaspace  ] GC(791) Metaspace: 9862K->9862K(1058816K)
[14.948s][info][gc            ] GC(791) Pause Young (Concurrent Start) (G1 Humongous Allocation) 1938M->1934M(2087M) 1.616ms
[14.948s][info][gc,cpu        ] GC(791) User=0.00s Sys=0.00s Real=0.00s
[14.948s][info][gc            ] GC(792) Concurrent Cycle
[14.948s][info][gc,marking    ] GC(792) Concurrent Clear Claimed Marks
[14.948s][info][gc,marking    ] GC(792) Concurrent Clear Claimed Marks 0.016ms
[14.948s][info][gc,marking    ] GC(792) Concurrent Scan Root Regions
[14.948s][info][gc,marking    ] GC(792) Concurrent Scan Root Regions 0.054ms
[14.948s][info][gc,marking    ] GC(792) Concurrent Mark (14.948s)
[14.948s][info][gc,marking    ] GC(792) Concurrent Mark From Roots
[14.948s][info][gc,task       ] GC(792) Using 2 workers of 2 for marking
[14.953s][info][gc,marking    ] GC(792) Concurrent Mark From Roots 5.479ms
[14.953s][info][gc,marking    ] GC(792) Concurrent Preclean
[14.953s][info][gc,marking    ] GC(792) Concurrent Preclean 0.081ms
[14.953s][info][gc,marking    ] GC(792) Concurrent Mark (14.948s, 14.953s) 5.615ms
[14.954s][info][gc,start      ] GC(792) Pause Remark
[14.954s][info][gc,stringtable] GC(792) Cleaned string and symbol table, strings: 4350 processed, 0 removed, symbols: 36588 processed, 0 removed
[14.955s][info][gc            ] GC(792) Pause Remark 1937M->1937M(2087M) 0.923ms
[14.955s][info][gc,cpu        ] GC(792) User=0.01s Sys=0.00s Real=0.00s
[14.955s][info][gc,marking    ] GC(792) Concurrent Rebuild Remembered Sets
[14.960s][info][gc,marking    ] GC(792) Concurrent Rebuild Remembered Sets 5.152ms
[14.960s][info][gc,start      ] GC(792) Pause Cleanup
[14.960s][info][gc            ] GC(792) Pause Cleanup 1938M->1938M(2087M) 0.277ms
[14.960s][info][gc,cpu        ] GC(792) User=0.00s Sys=0.00s Real=0.00s
[14.960s][info][gc,marking    ] GC(792) Concurrent Cleanup for Next Mark
[14.963s][info][gc,marking    ] GC(792) Concurrent Cleanup for Next Mark 2.703ms
[14.963s][info][gc            ] GC(792) Concurrent Cycle 15.252ms
[14.971s][info][gc,start      ] GC(793) Pause Young (Concurrent Start) (G1 Humongous Allocation)
[14.971s][info][gc,task       ] GC(793) Using 8 workers of 8 for evacuation
[14.973s][info][gc,phases     ] GC(793)   Pre Evacuate Collection Set: 0.5ms
[14.973s][info][gc,phases     ] GC(793)   Evacuate Collection Set: 1.0ms
[14.973s][info][gc,phases     ] GC(793)   Post Evacuate Collection Set: 0.1ms
[14.973s][info][gc,phases     ] GC(793)   Other: 0.2ms
[14.973s][info][gc,heap       ] GC(793) Eden regions: 4->0(103)
[14.973s][info][gc,heap       ] GC(793) Survivor regions: 1->1(13)
[14.973s][info][gc,heap       ] GC(793) Old regions: 27->27
[14.973s][info][gc,heap       ] GC(793) Humongous regions: 1912->1912
[14.973s][info][gc,metaspace  ] GC(793) Metaspace: 9862K->9862K(1058816K)
[14.973s][info][gc            ] GC(793) Pause Young (Concurrent Start) (G1 Humongous Allocation) 1942M->1938M(2087M) 1.927ms
[14.973s][info][gc,cpu        ] GC(793) User=0.00s Sys=0.00s Real=0.00s
[14.973s][info][gc            ] GC(794) Concurrent Cycle
[14.973s][info][gc,marking    ] GC(794) Concurrent Clear Claimed Marks
[14.973s][info][gc,marking    ] GC(794) Concurrent Clear Claimed Marks 0.012ms
[14.973s][info][gc,marking    ] GC(794) Concurrent Scan Root Regions
[14.973s][info][gc,marking    ] GC(794) Concurrent Scan Root Regions 0.052ms
[14.973s][info][gc,marking    ] GC(794) Concurrent Mark (14.973s)
[14.973s][info][gc,marking    ] GC(794) Concurrent Mark From Roots
[14.974s][info][gc,task       ] GC(794) Using 2 workers of 2 for marking
[14.979s][info][gc,marking    ] GC(794) Concurrent Mark From Roots 5.762ms
[14.979s][info][gc,marking    ] GC(794) Concurrent Preclean
[14.979s][info][gc,marking    ] GC(794) Concurrent Preclean 0.083ms
[14.979s][info][gc,marking    ] GC(794) Concurrent Mark (14.973s, 14.979s) 5.904ms
[14.979s][info][gc,start      ] GC(794) Pause Remark
[14.981s][info][gc,stringtable] GC(794) Cleaned string and symbol table, strings: 4350 processed, 0 removed, symbols: 36588 processed, 0 removed
[14.981s][info][gc            ] GC(794) Pause Remark 1941M->1941M(2087M) 1.731ms
[14.981s][info][gc,cpu        ] GC(794) User=0.01s Sys=0.00s Real=0.01s
[14.981s][info][gc,marking    ] GC(794) Concurrent Rebuild Remembered Sets
[14.986s][info][gc,marking    ] GC(794) Concurrent Rebuild Remembered Sets 5.002ms
[14.987s][info][gc,start      ] GC(794) Pause Cleanup
[14.988s][info][gc            ] GC(794) Pause Cleanup 1944M->1944M(2087M) 0.319ms
[14.988s][info][gc,cpu        ] GC(794) User=0.00s Sys=0.00s Real=0.00s
[14.988s][info][gc,marking    ] GC(794) Concurrent Cleanup for Next Mark
[14.990s][info][gc,marking    ] GC(794) Concurrent Cleanup for Next Mark 2.684ms
[14.990s][info][gc            ] GC(794) Concurrent Cycle 16.991ms
[14.998s][info][gc,start      ] GC(795) Pause Young (Concurrent Start) (G1 Humongous Allocation)
[14.998s][info][gc,task       ] GC(795) Using 8 workers of 8 for evacuation
[15.000s][info][gc,phases     ] GC(795)   Pre Evacuate Collection Set: 0.5ms
[15.000s][info][gc,phases     ] GC(795)   Evacuate Collection Set: 1.2ms
[15.000s][info][gc,phases     ] GC(795)   Post Evacuate Collection Set: 0.1ms
[15.000s][info][gc,phases     ] GC(795)   Other: 0.3ms
[15.000s][info][gc,heap       ] GC(795) Eden regions: 4->0(103)
[15.000s][info][gc,heap       ] GC(795) Survivor regions: 1->1(13)
[15.000s][info][gc,heap       ] GC(795) Old regions: 27->27
[15.000s][info][gc,heap       ] GC(795) Humongous regions: 1916->1916
[15.000s][info][gc,metaspace  ] GC(795) Metaspace: 9862K->9862K(1058816K)
[15.000s][info][gc            ] GC(795) Pause Young (Concurrent Start) (G1 Humongous Allocation) 1946M->1942M(2087M) 2.215ms
[15.000s][info][gc,cpu        ] GC(795) User=0.01s Sys=0.00s Real=0.00s
[15.000s][info][gc            ] GC(796) Concurrent Cycle
[15.001s][info][gc,marking    ] GC(796) Concurrent Clear Claimed Marks
[15.001s][info][gc,marking    ] GC(796) Concurrent Clear Claimed Marks 0.013ms
[15.001s][info][gc,marking    ] GC(796) Concurrent Scan Root Regions
[15.001s][info][gc,marking    ] GC(796) Concurrent Scan Root Regions 0.053ms
[15.001s][info][gc,marking    ] GC(796) Concurrent Mark (15.001s)
[15.001s][info][gc,marking    ] GC(796) Concurrent Mark From Roots
[15.001s][info][gc,task       ] GC(796) Using 2 workers of 2 for marking
[15.006s][info][gc,marking    ] GC(796) Concurrent Mark From Roots 5.661ms
[15.006s][info][gc,marking    ] GC(796) Concurrent Preclean
[15.006s][info][gc,marking    ] GC(796) Concurrent Preclean 0.081ms
[15.006s][info][gc,marking    ] GC(796) Concurrent Mark (15.001s, 15.006s) 5.804ms
[15.006s][info][gc,start      ] GC(796) Pause Remark
[15.008s][info][gc,stringtable] GC(796) Cleaned string and symbol table, strings: 4350 processed, 0 removed, symbols: 36588 processed, 0 removed
[15.008s][info][gc            ] GC(796) Pause Remark 1945M->1945M(2087M) 1.414ms
[15.008s][info][gc,cpu        ] GC(796) User=0.00s Sys=0.00s Real=0.00s
[15.008s][info][gc,marking    ] GC(796) Concurrent Rebuild Remembered Sets
[15.013s][info][gc,marking    ] GC(796) Concurrent Rebuild Remembered Sets 5.066ms
[15.014s][info][gc,start      ] GC(796) Pause Cleanup
[15.015s][info][gc            ] GC(796) Pause Cleanup 1948M->1948M(2087M) 0.354ms
[15.015s][info][gc,cpu        ] GC(796) User=0.00s Sys=0.00s Real=0.00s
[15.015s][info][gc,marking    ] GC(796) Concurrent Cleanup for Next Mark
[15.018s][info][gc,marking    ] GC(796) Concurrent Cleanup for Next Mark 2.767ms
[15.018s][info][gc            ] GC(796) Concurrent Cycle 17.258ms
[15.025s][info][gc,start      ] GC(797) Pause Young (Concurrent Start) (G1 Humongous Allocation)
[15.025s][info][gc,task       ] GC(797) Using 8 workers of 8 for evacuation
[15.027s][info][gc,phases     ] GC(797)   Pre Evacuate Collection Set: 0.5ms
[15.027s][info][gc,phases     ] GC(797)   Evacuate Collection Set: 0.7ms
[15.027s][info][gc,phases     ] GC(797)   Post Evacuate Collection Set: 0.1ms
[15.027s][info][gc,phases     ] GC(797)   Other: 0.3ms
[15.027s][info][gc,heap       ] GC(797) Eden regions: 4->0(103)
[15.027s][info][gc,heap       ] GC(797) Survivor regions: 1->1(13)
[15.027s][info][gc,heap       ] GC(797) Old regions: 27->27
[15.027s][info][gc,heap       ] GC(797) Humongous regions: 1920->1920
[15.027s][info][gc,metaspace  ] GC(797) Metaspace: 9862K->9862K(1058816K)
[15.027s][info][gc            ] GC(797) Pause Young (Concurrent Start) (G1 Humongous Allocation) 1950M->1946M(2087M) 1.679ms
[15.027s][info][gc,cpu        ] GC(797) User=0.01s Sys=0.00s Real=0.00s
[15.027s][info][gc            ] GC(798) Concurrent Cycle
[15.027s][info][gc,marking    ] GC(798) Concurrent Clear Claimed Marks
[15.027s][info][gc,marking    ] GC(798) Concurrent Clear Claimed Marks 0.013ms
[15.027s][info][gc,marking    ] GC(798) Concurrent Scan Root Regions
[15.027s][info][gc,marking    ] GC(798) Concurrent Scan Root Regions 0.058ms
[15.027s][info][gc,marking    ] GC(798) Concurrent Mark (15.027s)
[15.027s][info][gc,marking    ] GC(798) Concurrent Mark From Roots
[15.027s][info][gc,task       ] GC(798) Using 2 workers of 2 for marking
[15.033s][info][gc,marking    ] GC(798) Concurrent Mark From Roots 5.562ms
[15.033s][info][gc,marking    ] GC(798) Concurrent Preclean
[15.033s][info][gc,marking    ] GC(798) Concurrent Preclean 0.077ms
[15.033s][info][gc,marking    ] GC(798) Concurrent Mark (15.027s, 15.033s) 5.698ms
[15.033s][info][gc,start      ] GC(798) Pause Remark
[15.034s][info][gc,stringtable] GC(798) Cleaned string and symbol table, strings: 4350 processed, 0 removed, symbols: 36588 processed, 0 removed
[15.034s][info][gc            ] GC(798) Pause Remark 1949M->1949M(2087M) 1.028ms
[15.034s][info][gc,cpu        ] GC(798) User=0.01s Sys=0.00s Real=0.00s
[15.034s][info][gc,marking    ] GC(798) Concurrent Rebuild Remembered Sets
[15.039s][info][gc,marking    ] GC(798) Concurrent Rebuild Remembered Sets 5.175ms
[15.040s][info][gc,start      ] GC(798) Pause Cleanup
[15.040s][info][gc            ] GC(798) Pause Cleanup 1952M->1952M(2087M) 0.219ms
[15.040s][info][gc,cpu        ] GC(798) User=0.01s Sys=0.00s Real=0.00s
[15.040s][info][gc,marking    ] GC(798) Concurrent Cleanup for Next Mark
[15.043s][info][gc,marking    ] GC(798) Concurrent Cleanup for Next Mark 2.723ms
[15.043s][info][gc            ] GC(798) Concurrent Cycle 15.991ms
[15.051s][info][gc,start      ] GC(799) Pause Young (Concurrent Start) (G1 Humongous Allocation)
[15.051s][info][gc,task       ] GC(799) Using 8 workers of 8 for evacuation
[15.052s][info][gc,phases     ] GC(799)   Pre Evacuate Collection Set: 0.5ms
[15.052s][info][gc,phases     ] GC(799)   Evacuate Collection Set: 0.6ms
[15.052s][info][gc,phases     ] GC(799)   Post Evacuate Collection Set: 0.1ms
[15.052s][info][gc,phases     ] GC(799)   Other: 0.3ms
[15.052s][info][gc,heap       ] GC(799) Eden regions: 4->0(103)
[15.052s][info][gc,heap       ] GC(799) Survivor regions: 1->1(13)
[15.052s][info][gc,heap       ] GC(799) Old regions: 27->27
[15.052s][info][gc,heap       ] GC(799) Humongous regions: 1924->1924
[15.052s][info][gc,metaspace  ] GC(799) Metaspace: 9862K->9862K(1058816K)
[15.052s][info][gc            ] GC(799) Pause Young (Concurrent Start) (G1 Humongous Allocation) 1954M->1950M(2087M) 1.536ms
[15.052s][info][gc,cpu        ] GC(799) User=0.00s Sys=0.00s Real=0.01s
[15.052s][info][gc            ] GC(800) Concurrent Cycle
[15.052s][info][gc,marking    ] GC(800) Concurrent Clear Claimed Marks
[15.052s][info][gc,marking    ] GC(800) Concurrent Clear Claimed Marks 0.010ms
[15.052s][info][gc,marking    ] GC(800) Concurrent Scan Root Regions
[15.052s][info][gc,marking    ] GC(800) Concurrent Scan Root Regions 0.053ms
[15.052s][info][gc,marking    ] GC(800) Concurrent Mark (15.052s)
[15.052s][info][gc,marking    ] GC(800) Concurrent Mark From Roots
[15.052s][info][gc,task       ] GC(800) Using 2 workers of 2 for marking
[15.058s][info][gc,marking    ] GC(800) Concurrent Mark From Roots 5.460ms
[15.058s][info][gc,marking    ] GC(800) Concurrent Preclean
[15.058s][info][gc,marking    ] GC(800) Concurrent Preclean 0.076ms
[15.058s][info][gc,marking    ] GC(800) Concurrent Mark (15.052s, 15.058s) 5.606ms
[15.058s][info][gc,start      ] GC(800) Pause Remark
[15.059s][info][gc,stringtable] GC(800) Cleaned string and symbol table, strings: 4350 processed, 0 removed, symbols: 36588 processed, 0 removed
[15.059s][info][gc            ] GC(800) Pause Remark 1953M->1953M(2087M) 1.056ms
[15.059s][info][gc,cpu        ] GC(800) User=0.01s Sys=0.00s Real=0.00s
[15.059s][info][gc,marking    ] GC(800) Concurrent Rebuild Remembered Sets
[15.064s][info][gc,marking    ] GC(800) Concurrent Rebuild Remembered Sets 5.193ms
[15.065s][info][gc,start      ] GC(800) Pause Cleanup
[15.066s][info][gc            ] GC(800) Pause Cleanup 1956M->1956M(2087M) 0.275ms
[15.066s][info][gc,cpu        ] GC(800) User=0.00s Sys=0.00s Real=0.00s
[15.066s][info][gc,marking    ] GC(800) Concurrent Cleanup for Next Mark
[15.068s][info][gc,marking    ] GC(800) Concurrent Cleanup for Next Mark 2.553ms
[15.068s][info][gc            ] GC(800) Concurrent Cycle 16.039ms
[15.075s][info][gc,start      ] GC(801) Pause Young (Concurrent Start) (G1 Humongous Allocation)
[15.075s][info][gc,task       ] GC(801) Using 8 workers of 8 for evacuation
[15.077s][info][gc,phases     ] GC(801)   Pre Evacuate Collection Set: 0.5ms
[15.077s][info][gc,phases     ] GC(801)   Evacuate Collection Set: 0.6ms
[15.077s][info][gc,phases     ] GC(801)   Post Evacuate Collection Set: 0.1ms
[15.077s][info][gc,phases     ] GC(801)   Other: 0.3ms
[15.077s][info][gc,heap       ] GC(801) Eden regions: 4->0(103)
[15.077s][info][gc,heap       ] GC(801) Survivor regions: 1->1(13)
[15.077s][info][gc,heap       ] GC(801) Old regions: 27->27
[15.077s][info][gc,heap       ] GC(801) Humongous regions: 1928->1928
[15.077s][info][gc,metaspace  ] GC(801) Metaspace: 9862K->9862K(1058816K)
[15.077s][info][gc            ] GC(801) Pause Young (Concurrent Start) (G1 Humongous Allocation) 1958M->1954M(2087M) 1.524ms
[15.077s][info][gc,cpu        ] GC(801) User=0.00s Sys=0.00s Real=0.00s
[15.077s][info][gc            ] GC(802) Concurrent Cycle
[15.077s][info][gc,marking    ] GC(802) Concurrent Clear Claimed Marks
[15.077s][info][gc,marking    ] GC(802) Concurrent Clear Claimed Marks 0.011ms
[15.077s][info][gc,marking    ] GC(802) Concurrent Scan Root Regions
[15.077s][info][gc,marking    ] GC(802) Concurrent Scan Root Regions 0.060ms
[15.077s][info][gc,marking    ] GC(802) Concurrent Mark (15.077s)
[15.077s][info][gc,marking    ] GC(802) Concurrent Mark From Roots
[15.077s][info][gc,task       ] GC(802) Using 2 workers of 2 for marking
[15.082s][info][gc,marking    ] GC(802) Concurrent Mark From Roots 5.328ms
[15.082s][info][gc,marking    ] GC(802) Concurrent Preclean
[15.082s][info][gc,marking    ] GC(802) Concurrent Preclean 0.078ms
[15.082s][info][gc,marking    ] GC(802) Concurrent Mark (15.077s, 15.082s) 5.458ms
[15.083s][info][gc,start      ] GC(802) Pause Remark
[15.084s][info][gc,stringtable] GC(802) Cleaned string and symbol table, strings: 4350 processed, 0 removed, symbols: 36588 processed, 0 removed
[15.084s][info][gc            ] GC(802) Pause Remark 1957M->1957M(2087M) 1.578ms
[15.084s][info][gc,cpu        ] GC(802) User=0.00s Sys=0.00s Real=0.00s
[15.084s][info][gc,marking    ] GC(802) Concurrent Rebuild Remembered Sets
[15.089s][info][gc,marking    ] GC(802) Concurrent Rebuild Remembered Sets 4.849ms
[15.089s][info][gc,start      ] GC(802) Pause Cleanup
[15.089s][info][gc            ] GC(802) Pause Cleanup 1958M->1958M(2087M) 0.209ms
[15.089s][info][gc,cpu        ] GC(802) User=0.00s Sys=0.00s Real=0.00s
[15.089s][info][gc,marking    ] GC(802) Concurrent Cleanup for Next Mark
[15.092s][info][gc,marking    ] GC(802) Concurrent Cleanup for Next Mark 2.702ms
[15.092s][info][gc            ] GC(802) Concurrent Cycle 15.307ms
[15.101s][info][gc,start      ] GC(803) Pause Young (Concurrent Start) (G1 Humongous Allocation)
[15.101s][info][gc,task       ] GC(803) Using 8 workers of 8 for evacuation
[15.103s][info][gc,phases     ] GC(803)   Pre Evacuate Collection Set: 0.5ms
[15.103s][info][gc,phases     ] GC(803)   Evacuate Collection Set: 1.0ms
[15.103s][info][gc,phases     ] GC(803)   Post Evacuate Collection Set: 0.1ms
[15.103s][info][gc,phases     ] GC(803)   Other: 0.3ms
[15.103s][info][gc,heap       ] GC(803) Eden regions: 4->0(103)
[15.103s][info][gc,heap       ] GC(803) Survivor regions: 1->1(13)
[15.103s][info][gc,heap       ] GC(803) Old regions: 27->27
[15.103s][info][gc,heap       ] GC(803) Humongous regions: 1932->1932
[15.103s][info][gc,metaspace  ] GC(803) Metaspace: 9862K->9862K(1058816K)
[15.103s][info][gc            ] GC(803) Pause Young (Concurrent Start) (G1 Humongous Allocation) 1962M->1958M(2087M) 1.994ms
[15.103s][info][gc,cpu        ] GC(803) User=0.01s Sys=0.00s Real=0.01s
[15.103s][info][gc            ] GC(804) Concurrent Cycle
[15.103s][info][gc,marking    ] GC(804) Concurrent Clear Claimed Marks
[15.103s][info][gc,marking    ] GC(804) Concurrent Clear Claimed Marks 0.014ms
[15.103s][info][gc,marking    ] GC(804) Concurrent Scan Root Regions
[15.103s][info][gc,marking    ] GC(804) Concurrent Scan Root Regions 0.052ms
[15.103s][info][gc,marking    ] GC(804) Concurrent Mark (15.103s)
[15.103s][info][gc,marking    ] GC(804) Concurrent Mark From Roots
[15.103s][info][gc,task       ] GC(804) Using 2 workers of 2 for marking
[15.109s][info][gc,marking    ] GC(804) Concurrent Mark From Roots 5.536ms
[15.109s][info][gc,marking    ] GC(804) Concurrent Preclean
[15.109s][info][gc,marking    ] GC(804) Concurrent Preclean 0.081ms
[15.109s][info][gc,marking    ] GC(804) Concurrent Mark (15.103s, 15.109s) 5.690ms
[15.109s][info][gc,start      ] GC(804) Pause Remark
[15.110s][info][gc,stringtable] GC(804) Cleaned string and symbol table, strings: 4350 processed, 0 removed, symbols: 36588 processed, 0 removed
[15.111s][info][gc            ] GC(804) Pause Remark 1961M->1961M(2087M) 1.733ms
[15.111s][info][gc,cpu        ] GC(804) User=0.01s Sys=0.00s Real=0.00s
[15.111s][info][gc,marking    ] GC(804) Concurrent Rebuild Remembered Sets
[15.119s][info][gc,marking    ] GC(804) Concurrent Rebuild Remembered Sets 7.627ms
[15.119s][info][gc,start      ] GC(804) Pause Cleanup
[15.119s][info][gc            ] GC(804) Pause Cleanup 1962M->1962M(2087M) 0.322ms
[15.119s][info][gc,cpu        ] GC(804) User=0.00s Sys=0.00s Real=0.00s
[15.119s][info][gc,marking    ] GC(804) Concurrent Cleanup for Next Mark
[15.122s][info][gc,marking    ] GC(804) Concurrent Cleanup for Next Mark 2.611ms
[15.122s][info][gc            ] GC(804) Concurrent Cycle 18.685ms
[15.130s][info][gc,start      ] GC(805) Pause Young (Concurrent Start) (G1 Humongous Allocation)
[15.130s][info][gc,task       ] GC(805) Using 8 workers of 8 for evacuation
[15.132s][info][gc,phases     ] GC(805)   Pre Evacuate Collection Set: 0.4ms
[15.132s][info][gc,phases     ] GC(805)   Evacuate Collection Set: 0.7ms
[15.132s][info][gc,phases     ] GC(805)   Post Evacuate Collection Set: 0.2ms
[15.132s][info][gc,phases     ] GC(805)   Other: 0.2ms
[15.132s][info][gc,heap       ] GC(805) Eden regions: 4->0(103)
[15.132s][info][gc,heap       ] GC(805) Survivor regions: 1->1(13)
[15.132s][info][gc,heap       ] GC(805) Old regions: 27->27
[15.132s][info][gc,heap       ] GC(805) Humongous regions: 1936->1936
[15.132s][info][gc,metaspace  ] GC(805) Metaspace: 9862K->9862K(1058816K)
[15.132s][info][gc            ] GC(805) Pause Young (Concurrent Start) (G1 Humongous Allocation) 1966M->1962M(2087M) 1.643ms
[15.132s][info][gc,cpu        ] GC(805) User=0.00s Sys=0.00s Real=0.01s
[15.132s][info][gc            ] GC(806) Concurrent Cycle
[15.132s][info][gc,marking    ] GC(806) Concurrent Clear Claimed Marks
[15.132s][info][gc,marking    ] GC(806) Concurrent Clear Claimed Marks 0.047ms
[15.132s][info][gc,marking    ] GC(806) Concurrent Scan Root Regions
[15.132s][info][gc,marking    ] GC(806) Concurrent Scan Root Regions 0.114ms
[15.132s][info][gc,marking    ] GC(806) Concurrent Mark (15.132s)
[15.132s][info][gc,marking    ] GC(806) Concurrent Mark From Roots
[15.132s][info][gc,task       ] GC(806) Using 2 workers of 2 for marking
[15.138s][info][gc,marking    ] GC(806) Concurrent Mark From Roots 5.252ms
[15.138s][info][gc,marking    ] GC(806) Concurrent Preclean
[15.138s][info][gc,marking    ] GC(806) Concurrent Preclean 0.065ms
[15.138s][info][gc,marking    ] GC(806) Concurrent Mark (15.132s, 15.138s) 5.370ms
[15.138s][info][gc,start      ] GC(806) Pause Remark
[15.139s][info][gc,stringtable] GC(806) Cleaned string and symbol table, strings: 4350 processed, 0 removed, symbols: 36588 processed, 0 removed
[15.140s][info][gc            ] GC(806) Pause Remark 1965M->1965M(2087M) 1.886ms
[15.140s][info][gc,cpu        ] GC(806) User=0.01s Sys=0.00s Real=0.00s
[15.140s][info][gc,marking    ] GC(806) Concurrent Rebuild Remembered Sets
[15.145s][info][gc,marking    ] GC(806) Concurrent Rebuild Remembered Sets 5.177ms
[15.146s][info][gc,start      ] GC(806) Pause Cleanup
[15.146s][info][gc            ] GC(806) Pause Cleanup 1968M->1968M(2087M) 0.300ms
[15.146s][info][gc,cpu        ] GC(806) User=0.00s Sys=0.01s Real=0.00s
[15.146s][info][gc,marking    ] GC(806) Concurrent Cleanup for Next Mark
[15.149s][info][gc,marking    ] GC(806) Concurrent Cleanup for Next Mark 2.625ms
[15.149s][info][gc            ] GC(806) Concurrent Cycle 16.879ms
[15.156s][info][gc,start      ] GC(807) Pause Young (Concurrent Start) (G1 Humongous Allocation)
[15.156s][info][gc,task       ] GC(807) Using 8 workers of 8 for evacuation
[15.157s][info][gc,phases     ] GC(807)   Pre Evacuate Collection Set: 0.4ms
[15.157s][info][gc,phases     ] GC(807)   Evacuate Collection Set: 0.6ms
[15.157s][info][gc,phases     ] GC(807)   Post Evacuate Collection Set: 0.1ms
[15.157s][info][gc,phases     ] GC(807)   Other: 0.2ms
[15.157s][info][gc,heap       ] GC(807) Eden regions: 4->0(103)
[15.157s][info][gc,heap       ] GC(807) Survivor regions: 1->1(13)
[15.157s][info][gc,heap       ] GC(807) Old regions: 27->27
[15.157s][info][gc,heap       ] GC(807) Humongous regions: 1940->1940
[15.157s][info][gc,metaspace  ] GC(807) Metaspace: 9862K->9862K(1058816K)
[15.157s][info][gc            ] GC(807) Pause Young (Concurrent Start) (G1 Humongous Allocation) 1970M->1966M(2087M) 1.419ms
[15.157s][info][gc,cpu        ] GC(807) User=0.00s Sys=0.00s Real=0.00s
[15.157s][info][gc            ] GC(808) Concurrent Cycle
[15.157s][info][gc,marking    ] GC(808) Concurrent Clear Claimed Marks
[15.157s][info][gc,marking    ] GC(808) Concurrent Clear Claimed Marks 0.013ms
[15.157s][info][gc,marking    ] GC(808) Concurrent Scan Root Regions
[15.158s][info][gc,marking    ] GC(808) Concurrent Scan Root Regions 0.118ms
[15.158s][info][gc,marking    ] GC(808) Concurrent Mark (15.158s)
[15.158s][info][gc,marking    ] GC(808) Concurrent Mark From Roots
[15.158s][info][gc,task       ] GC(808) Using 2 workers of 2 for marking
[15.163s][info][gc,marking    ] GC(808) Concurrent Mark From Roots 5.332ms
[15.163s][info][gc,marking    ] GC(808) Concurrent Preclean
[15.163s][info][gc,marking    ] GC(808) Concurrent Preclean 0.068ms
[15.163s][info][gc,marking    ] GC(808) Concurrent Mark (15.158s, 15.163s) 5.492ms
[15.163s][info][gc,start      ] GC(808) Pause Remark
[15.165s][info][gc,stringtable] GC(808) Cleaned string and symbol table, strings: 4350 processed, 0 removed, symbols: 36588 processed, 0 removed
[15.165s][info][gc            ] GC(808) Pause Remark 1969M->1969M(2087M) 1.726ms
[15.165s][info][gc,cpu        ] GC(808) User=0.01s Sys=0.00s Real=0.00s
[15.165s][info][gc,marking    ] GC(808) Concurrent Rebuild Remembered Sets
[15.170s][info][gc,marking    ] GC(808) Concurrent Rebuild Remembered Sets 4.973ms
[15.171s][info][gc,start      ] GC(808) Pause Cleanup
[15.171s][info][gc            ] GC(808) Pause Cleanup 1972M->1972M(2087M) 0.306ms
[15.171s][info][gc,cpu        ] GC(808) User=0.00s Sys=0.00s Real=0.00s
[15.171s][info][gc,marking    ] GC(808) Concurrent Cleanup for Next Mark
[15.174s][info][gc,marking    ] GC(808) Concurrent Cleanup for Next Mark 2.494ms
[15.174s][info][gc            ] GC(808) Concurrent Cycle 16.317ms
[15.181s][info][gc,start      ] GC(809) Pause Young (Concurrent Start) (G1 Humongous Allocation)
[15.181s][info][gc,task       ] GC(809) Using 8 workers of 8 for evacuation
[15.182s][info][gc,phases     ] GC(809)   Pre Evacuate Collection Set: 0.4ms
[15.182s][info][gc,phases     ] GC(809)   Evacuate Collection Set: 0.7ms
[15.182s][info][gc,phases     ] GC(809)   Post Evacuate Collection Set: 0.1ms
[15.182s][info][gc,phases     ] GC(809)   Other: 0.2ms
[15.182s][info][gc,heap       ] GC(809) Eden regions: 4->0(103)
[15.182s][info][gc,heap       ] GC(809) Survivor regions: 1->1(13)
[15.182s][info][gc,heap       ] GC(809) Old regions: 27->27
[15.182s][info][gc,heap       ] GC(809) Humongous regions: 1944->1944
[15.182s][info][gc,metaspace  ] GC(809) Metaspace: 9862K->9862K(1058816K)
[15.182s][info][gc            ] GC(809) Pause Young (Concurrent Start) (G1 Humongous Allocation) 1974M->1970M(2087M) 1.481ms
[15.182s][info][gc,cpu        ] GC(809) User=0.00s Sys=0.00s Real=0.01s
[15.182s][info][gc            ] GC(810) Concurrent Cycle
[15.182s][info][gc,marking    ] GC(810) Concurrent Clear Claimed Marks
[15.182s][info][gc,marking    ] GC(810) Concurrent Clear Claimed Marks 0.046ms
[15.182s][info][gc,marking    ] GC(810) Concurrent Scan Root Regions
[15.182s][info][gc,marking    ] GC(810) Concurrent Scan Root Regions 0.061ms
[15.182s][info][gc,marking    ] GC(810) Concurrent Mark (15.182s)
[15.182s][info][gc,marking    ] GC(810) Concurrent Mark From Roots
[15.182s][info][gc,task       ] GC(810) Using 2 workers of 2 for marking
[15.187s][info][gc,marking    ] GC(810) Concurrent Mark From Roots 5.191ms
[15.188s][info][gc,marking    ] GC(810) Concurrent Preclean
[15.188s][info][gc,marking    ] GC(810) Concurrent Preclean 0.066ms
[15.188s][info][gc,marking    ] GC(810) Concurrent Mark (15.182s, 15.188s) 5.336ms
[15.188s][info][gc,start      ] GC(810) Pause Remark
[15.189s][info][gc,stringtable] GC(810) Cleaned string and symbol table, strings: 4350 processed, 0 removed, symbols: 36588 processed, 0 removed
[15.190s][info][gc            ] GC(810) Pause Remark 1973M->1973M(2087M) 1.783ms
[15.190s][info][gc,cpu        ] GC(810) User=0.00s Sys=0.00s Real=0.00s
[15.190s][info][gc,marking    ] GC(810) Concurrent Rebuild Remembered Sets
[15.195s][info][gc,marking    ] GC(810) Concurrent Rebuild Remembered Sets 5.054ms
[15.195s][info][gc,start      ] GC(810) Pause Cleanup
[15.196s][info][gc            ] GC(810) Pause Cleanup 1976M->1976M(2087M) 0.196ms
[15.196s][info][gc,cpu        ] GC(810) User=0.00s Sys=0.00s Real=0.00s
[15.196s][info][gc,marking    ] GC(810) Concurrent Cleanup for Next Mark
[15.198s][info][gc,marking    ] GC(810) Concurrent Cleanup for Next Mark 2.459ms
[15.198s][info][gc            ] GC(810) Concurrent Cycle 16.143ms
[15.205s][info][gc,start      ] GC(811) Pause Young (Concurrent Start) (G1 Humongous Allocation)
[15.205s][info][gc,task       ] GC(811) Using 8 workers of 8 for evacuation
[15.207s][info][gc,phases     ] GC(811)   Pre Evacuate Collection Set: 0.4ms
[15.207s][info][gc,phases     ] GC(811)   Evacuate Collection Set: 0.7ms
[15.207s][info][gc,phases     ] GC(811)   Post Evacuate Collection Set: 0.1ms
[15.207s][info][gc,phases     ] GC(811)   Other: 0.2ms
[15.207s][info][gc,heap       ] GC(811) Eden regions: 4->0(103)
[15.207s][info][gc,heap       ] GC(811) Survivor regions: 1->1(13)
[15.207s][info][gc,heap       ] GC(811) Old regions: 27->27
[15.207s][info][gc,heap       ] GC(811) Humongous regions: 1948->1948
[15.207s][info][gc,metaspace  ] GC(811) Metaspace: 9862K->9862K(1058816K)
[15.207s][info][gc            ] GC(811) Pause Young (Concurrent Start) (G1 Humongous Allocation) 1978M->1974M(2087M) 1.612ms
[15.207s][info][gc,cpu        ] GC(811) User=0.01s Sys=0.00s Real=0.00s
[15.207s][info][gc            ] GC(812) Concurrent Cycle
[15.207s][info][gc,marking    ] GC(812) Concurrent Clear Claimed Marks
[15.207s][info][gc,marking    ] GC(812) Concurrent Clear Claimed Marks 0.011ms
[15.207s][info][gc,marking    ] GC(812) Concurrent Scan Root Regions
[15.207s][info][gc,marking    ] GC(812) Concurrent Scan Root Regions 0.101ms
[15.207s][info][gc,marking    ] GC(812) Concurrent Mark (15.207s)
[15.207s][info][gc,marking    ] GC(812) Concurrent Mark From Roots
[15.207s][info][gc,task       ] GC(812) Using 2 workers of 2 for marking
[15.212s][info][gc,marking    ] GC(812) Concurrent Mark From Roots 5.189ms
[15.212s][info][gc,marking    ] GC(812) Concurrent Preclean
[15.212s][info][gc,marking    ] GC(812) Concurrent Preclean 0.103ms
[15.212s][info][gc,marking    ] GC(812) Concurrent Mark (15.207s, 15.212s) 5.410ms
[15.213s][info][gc,start      ] GC(812) Pause Remark
[15.214s][info][gc,stringtable] GC(812) Cleaned string and symbol table, strings: 4350 processed, 0 removed, symbols: 36588 processed, 0 removed
[15.214s][info][gc            ] GC(812) Pause Remark 1977M->1977M(2087M) 1.585ms
[15.214s][info][gc,cpu        ] GC(812) User=0.01s Sys=0.00s Real=0.00s
[15.214s][info][gc,marking    ] GC(812) Concurrent Rebuild Remembered Sets
[15.219s][info][gc,marking    ] GC(812) Concurrent Rebuild Remembered Sets 4.902ms
[15.220s][info][gc,start      ] GC(812) Pause Cleanup
[15.220s][info][gc            ] GC(812) Pause Cleanup 1980M->1980M(2087M) 0.276ms
[15.220s][info][gc,cpu        ] GC(812) User=0.00s Sys=0.00s Real=0.00s
[15.220s][info][gc,marking    ] GC(812) Concurrent Cleanup for Next Mark
[15.223s][info][gc,marking    ] GC(812) Concurrent Cleanup for Next Mark 2.586ms
[15.223s][info][gc            ] GC(812) Concurrent Cycle 16.326ms
[15.230s][info][gc,start      ] GC(813) Pause Young (Concurrent Start) (G1 Humongous Allocation)
[15.230s][info][gc,task       ] GC(813) Using 8 workers of 8 for evacuation
[15.231s][info][gc,phases     ] GC(813)   Pre Evacuate Collection Set: 0.4ms
[15.231s][info][gc,phases     ] GC(813)   Evacuate Collection Set: 0.5ms
[15.231s][info][gc,phases     ] GC(813)   Post Evacuate Collection Set: 0.2ms
[15.231s][info][gc,phases     ] GC(813)   Other: 0.2ms
[15.231s][info][gc,heap       ] GC(813) Eden regions: 4->0(103)
[15.231s][info][gc,heap       ] GC(813) Survivor regions: 1->1(13)
[15.231s][info][gc,heap       ] GC(813) Old regions: 27->27
[15.231s][info][gc,heap       ] GC(813) Humongous regions: 1952->1952
[15.231s][info][gc,metaspace  ] GC(813) Metaspace: 9862K->9862K(1058816K)
[15.231s][info][gc            ] GC(813) Pause Young (Concurrent Start) (G1 Humongous Allocation) 1982M->1978M(2087M) 1.400ms
[15.231s][info][gc,cpu        ] GC(813) User=0.00s Sys=0.00s Real=0.01s
[15.231s][info][gc            ] GC(814) Concurrent Cycle
[15.231s][info][gc,marking    ] GC(814) Concurrent Clear Claimed Marks
[15.231s][info][gc,marking    ] GC(814) Concurrent Clear Claimed Marks 0.047ms
[15.231s][info][gc,marking    ] GC(814) Concurrent Scan Root Regions
[15.232s][info][gc,marking    ] GC(814) Concurrent Scan Root Regions 0.073ms
[15.232s][info][gc,marking    ] GC(814) Concurrent Mark (15.232s)
[15.232s][info][gc,marking    ] GC(814) Concurrent Mark From Roots
[15.232s][info][gc,task       ] GC(814) Using 2 workers of 2 for marking
[15.237s][info][gc,marking    ] GC(814) Concurrent Mark From Roots 5.197ms
[15.237s][info][gc,marking    ] GC(814) Concurrent Preclean
[15.237s][info][gc,marking    ] GC(814) Concurrent Preclean 0.066ms
[15.237s][info][gc,marking    ] GC(814) Concurrent Mark (15.232s, 15.237s) 5.351ms
[15.237s][info][gc,start      ] GC(814) Pause Remark
[15.238s][info][gc,stringtable] GC(814) Cleaned string and symbol table, strings: 4350 processed, 0 removed, symbols: 36588 processed, 0 removed
[15.238s][info][gc            ] GC(814) Pause Remark 1981M->1981M(2087M) 1.135ms
[15.238s][info][gc,cpu        ] GC(814) User=0.01s Sys=0.00s Real=0.00s
[15.238s][info][gc,marking    ] GC(814) Concurrent Rebuild Remembered Sets
[15.243s][info][gc,marking    ] GC(814) Concurrent Rebuild Remembered Sets 4.966ms
[15.244s][info][gc,start      ] GC(814) Pause Cleanup
[15.244s][info][gc            ] GC(814) Pause Cleanup 1984M->1984M(2087M) 0.209ms
[15.244s][info][gc,cpu        ] GC(814) User=0.00s Sys=0.00s Real=0.00s
[15.244s][info][gc,marking    ] GC(814) Concurrent Cleanup for Next Mark
[15.247s][info][gc,marking    ] GC(814) Concurrent Cleanup for Next Mark 2.466ms
[15.247s][info][gc            ] GC(814) Concurrent Cycle 15.523ms
[15.254s][info][gc,start      ] GC(815) Pause Young (Concurrent Start) (G1 Humongous Allocation)
[15.254s][info][gc,task       ] GC(815) Using 8 workers of 8 for evacuation
[15.255s][info][gc,phases     ] GC(815)   Pre Evacuate Collection Set: 0.4ms
[15.255s][info][gc,phases     ] GC(815)   Evacuate Collection Set: 0.5ms
[15.255s][info][gc,phases     ] GC(815)   Post Evacuate Collection Set: 0.2ms
[15.255s][info][gc,phases     ] GC(815)   Other: 0.2ms
[15.255s][info][gc,heap       ] GC(815) Eden regions: 4->0(103)
[15.255s][info][gc,heap       ] GC(815) Survivor regions: 1->1(13)
[15.255s][info][gc,heap       ] GC(815) Old regions: 27->27
[15.255s][info][gc,heap       ] GC(815) Humongous regions: 1956->1956
[15.255s][info][gc,metaspace  ] GC(815) Metaspace: 9862K->9862K(1058816K)
[15.255s][info][gc            ] GC(815) Pause Young (Concurrent Start) (G1 Humongous Allocation) 1986M->1982M(2087M) 1.391ms
[15.255s][info][gc,cpu        ] GC(815) User=0.01s Sys=0.00s Real=0.00s
[15.255s][info][gc            ] GC(816) Concurrent Cycle
[15.255s][info][gc,marking    ] GC(816) Concurrent Clear Claimed Marks
[15.255s][info][gc,marking    ] GC(816) Concurrent Clear Claimed Marks 0.032ms
[15.255s][info][gc,marking    ] GC(816) Concurrent Scan Root Regions
[15.255s][info][gc,marking    ] GC(816) Concurrent Scan Root Regions 0.102ms
[15.256s][info][gc,marking    ] GC(816) Concurrent Mark (15.256s)
[15.256s][info][gc,marking    ] GC(816) Concurrent Mark From Roots
[15.256s][info][gc,task       ] GC(816) Using 2 workers of 2 for marking
[15.261s][info][gc,marking    ] GC(816) Concurrent Mark From Roots 5.289ms
[15.261s][info][gc,marking    ] GC(816) Concurrent Preclean
[15.261s][info][gc,marking    ] GC(816) Concurrent Preclean 0.069ms
[15.261s][info][gc,marking    ] GC(816) Concurrent Mark (15.256s, 15.261s) 5.470ms
[15.261s][info][gc,start      ] GC(816) Pause Remark
[15.262s][info][gc,stringtable] GC(816) Cleaned string and symbol table, strings: 4350 processed, 0 removed, symbols: 36588 processed, 0 removed
[15.262s][info][gc            ] GC(816) Pause Remark 1985M->1985M(2087M) 1.141ms
[15.262s][info][gc,cpu        ] GC(816) User=0.01s Sys=0.00s Real=0.01s
[15.262s][info][gc,marking    ] GC(816) Concurrent Rebuild Remembered Sets
[15.267s][info][gc,marking    ] GC(816) Concurrent Rebuild Remembered Sets 4.901ms
[15.268s][info][gc,start      ] GC(816) Pause Cleanup
[15.268s][info][gc            ] GC(816) Pause Cleanup 1988M->1988M(2087M) 0.319ms
[15.268s][info][gc,cpu        ] GC(816) User=0.00s Sys=0.00s Real=0.00s
[15.268s][info][gc,marking    ] GC(816) Concurrent Cleanup for Next Mark
[15.271s][info][gc,marking    ] GC(816) Concurrent Cleanup for Next Mark 2.554ms
[15.271s][info][gc            ] GC(816) Concurrent Cycle 15.594ms
[15.278s][info][gc,start      ] GC(817) Pause Young (Concurrent Start) (G1 Humongous Allocation)
[15.278s][info][gc,task       ] GC(817) Using 8 workers of 8 for evacuation
[15.279s][info][gc,phases     ] GC(817)   Pre Evacuate Collection Set: 0.4ms
[15.279s][info][gc,phases     ] GC(817)   Evacuate Collection Set: 0.6ms
[15.279s][info][gc,phases     ] GC(817)   Post Evacuate Collection Set: 0.1ms
[15.279s][info][gc,phases     ] GC(817)   Other: 0.2ms
[15.279s][info][gc,heap       ] GC(817) Eden regions: 4->0(103)
[15.279s][info][gc,heap       ] GC(817) Survivor regions: 1->1(13)
[15.279s][info][gc,heap       ] GC(817) Old regions: 27->27
[15.279s][info][gc,heap       ] GC(817) Humongous regions: 1960->1960
[15.279s][info][gc,metaspace  ] GC(817) Metaspace: 9862K->9862K(1058816K)
[15.279s][info][gc            ] GC(817) Pause Young (Concurrent Start) (G1 Humongous Allocation) 1990M->1986M(2087M) 1.314ms
[15.279s][info][gc,cpu        ] GC(817) User=0.00s Sys=0.00s Real=0.00s
[15.279s][info][gc            ] GC(818) Concurrent Cycle
[15.279s][info][gc,marking    ] GC(818) Concurrent Clear Claimed Marks
[15.279s][info][gc,marking    ] GC(818) Concurrent Clear Claimed Marks 0.011ms
[15.279s][info][gc,marking    ] GC(818) Concurrent Scan Root Regions
[15.279s][info][gc,marking    ] GC(818) Concurrent Scan Root Regions 0.068ms
[15.279s][info][gc,marking    ] GC(818) Concurrent Mark (15.279s)
[15.279s][info][gc,marking    ] GC(818) Concurrent Mark From Roots
[15.279s][info][gc,task       ] GC(818) Using 2 workers of 2 for marking
[15.284s][info][gc,marking    ] GC(818) Concurrent Mark From Roots 5.161ms
[15.285s][info][gc,marking    ] GC(818) Concurrent Preclean
[15.285s][info][gc,marking    ] GC(818) Concurrent Preclean 0.113ms
[15.285s][info][gc,marking    ] GC(818) Concurrent Mark (15.279s, 15.285s) 5.335ms
[15.285s][info][gc,start      ] GC(818) Pause Remark
[15.286s][info][gc,stringtable] GC(818) Cleaned string and symbol table, strings: 4350 processed, 0 removed, symbols: 36588 processed, 0 removed
[15.286s][info][gc            ] GC(818) Pause Remark 1989M->1989M(2087M) 1.258ms
[15.286s][info][gc,cpu        ] GC(818) User=0.00s Sys=0.00s Real=0.00s
[15.286s][info][gc,marking    ] GC(818) Concurrent Rebuild Remembered Sets
[15.291s][info][gc,marking    ] GC(818) Concurrent Rebuild Remembered Sets 4.830ms
[15.292s][info][gc,start      ] GC(818) Pause Cleanup
[15.292s][info][gc            ] GC(818) Pause Cleanup 1992M->1992M(2087M) 0.269ms
[15.292s][info][gc,cpu        ] GC(818) User=0.00s Sys=0.00s Real=0.00s
[15.292s][info][gc,marking    ] GC(818) Concurrent Cleanup for Next Mark
[15.295s][info][gc,marking    ] GC(818) Concurrent Cleanup for Next Mark 2.523ms
[15.295s][info][gc            ] GC(818) Concurrent Cycle 15.638ms
[15.302s][info][gc,start      ] GC(819) Pause Young (Concurrent Start) (G1 Humongous Allocation)
[15.302s][info][gc,task       ] GC(819) Using 8 workers of 8 for evacuation
[15.304s][info][gc,phases     ] GC(819)   Pre Evacuate Collection Set: 0.4ms
[15.304s][info][gc,phases     ] GC(819)   Evacuate Collection Set: 1.1ms
[15.304s][info][gc,phases     ] GC(819)   Post Evacuate Collection Set: 0.2ms
[15.304s][info][gc,phases     ] GC(819)   Other: 0.3ms
[15.304s][info][gc,heap       ] GC(819) Eden regions: 4->0(103)
[15.304s][info][gc,heap       ] GC(819) Survivor regions: 1->1(13)
[15.304s][info][gc,heap       ] GC(819) Old regions: 27->27
[15.304s][info][gc,heap       ] GC(819) Humongous regions: 1964->1964
[15.304s][info][gc,metaspace  ] GC(819) Metaspace: 9862K->9862K(1058816K)
[15.304s][info][gc            ] GC(819) Pause Young (Concurrent Start) (G1 Humongous Allocation) 1994M->1990M(2087M) 2.092ms
[15.304s][info][gc,cpu        ] GC(819) User=0.01s Sys=0.00s Real=0.00s
[15.304s][info][gc            ] GC(820) Concurrent Cycle
[15.304s][info][gc,marking    ] GC(820) Concurrent Clear Claimed Marks
[15.304s][info][gc,marking    ] GC(820) Concurrent Clear Claimed Marks 0.010ms
[15.304s][info][gc,marking    ] GC(820) Concurrent Scan Root Regions
[15.304s][info][gc,marking    ] GC(820) Concurrent Scan Root Regions 0.079ms
[15.304s][info][gc,marking    ] GC(820) Concurrent Mark (15.304s)
[15.304s][info][gc,marking    ] GC(820) Concurrent Mark From Roots
[15.304s][info][gc,task       ] GC(820) Using 2 workers of 2 for marking
[15.310s][info][gc,marking    ] GC(820) Concurrent Mark From Roots 5.350ms
[15.310s][info][gc,marking    ] GC(820) Concurrent Preclean
[15.310s][info][gc,marking    ] GC(820) Concurrent Preclean 0.078ms
[15.310s][info][gc,marking    ] GC(820) Concurrent Mark (15.304s, 15.310s) 5.520ms
[15.310s][info][gc,start      ] GC(820) Pause Remark
[15.311s][info][gc,stringtable] GC(820) Cleaned string and symbol table, strings: 4350 processed, 0 removed, symbols: 36588 processed, 0 removed
[15.312s][info][gc            ] GC(820) Pause Remark 1993M->1993M(2087M) 1.806ms
[15.312s][info][gc,cpu        ] GC(820) User=0.01s Sys=0.00s Real=0.01s
[15.312s][info][gc,marking    ] GC(820) Concurrent Rebuild Remembered Sets
[15.318s][info][gc,marking    ] GC(820) Concurrent Rebuild Remembered Sets 6.665ms
[15.319s][info][gc,start      ] GC(820) Pause Cleanup
[15.319s][info][gc            ] GC(820) Pause Cleanup 1993M->1993M(2087M) 0.754ms
[15.319s][info][gc,cpu        ] GC(820) User=0.00s Sys=0.00s Real=0.00s
[15.320s][info][gc,marking    ] GC(820) Concurrent Cleanup for Next Mark
[15.322s][info][gc,marking    ] GC(820) Concurrent Cleanup for Next Mark 2.928ms
[15.323s][info][gc            ] GC(820) Concurrent Cycle 18.424ms
[15.323s][info][gc,start      ] GC(821) Pause Young (Concurrent Start) (G1 Humongous Allocation)
[15.323s][info][gc,task       ] GC(821) Using 8 workers of 8 for evacuation
[15.325s][info][gc,phases     ] GC(821)   Pre Evacuate Collection Set: 0.5ms
[15.325s][info][gc,phases     ] GC(821)   Evacuate Collection Set: 1.2ms
[15.325s][info][gc,phases     ] GC(821)   Post Evacuate Collection Set: 0.2ms
[15.325s][info][gc,phases     ] GC(821)   Other: 0.3ms
[15.325s][info][gc,heap       ] GC(821) Eden regions: 2->0(103)
[15.325s][info][gc,heap       ] GC(821) Survivor regions: 1->1(13)
[15.325s][info][gc,heap       ] GC(821) Old regions: 27->27
[15.325s][info][gc,heap       ] GC(821) Humongous regions: 1966->1966
[15.325s][info][gc,metaspace  ] GC(821) Metaspace: 9862K->9862K(1058816K)
[15.325s][info][gc            ] GC(821) Pause Young (Concurrent Start) (G1 Humongous Allocation) 1994M->1992M(2087M) 2.247ms
[15.325s][info][gc,cpu        ] GC(821) User=0.01s Sys=0.00s Real=0.00s
[15.325s][info][gc            ] GC(822) Concurrent Cycle
[15.325s][info][gc,marking    ] GC(822) Concurrent Clear Claimed Marks
[15.325s][info][gc,marking    ] GC(822) Concurrent Clear Claimed Marks 0.013ms
[15.325s][info][gc,marking    ] GC(822) Concurrent Scan Root Regions
[15.325s][info][gc,marking    ] GC(822) Concurrent Scan Root Regions 0.071ms
[15.325s][info][gc,marking    ] GC(822) Concurrent Mark (15.325s)
[15.325s][info][gc,marking    ] GC(822) Concurrent Mark From Roots
[15.325s][info][gc,task       ] GC(822) Using 2 workers of 2 for marking
[15.331s][info][gc,marking    ] GC(822) Concurrent Mark From Roots 5.415ms
[15.331s][info][gc,marking    ] GC(822) Concurrent Preclean
[15.331s][info][gc,marking    ] GC(822) Concurrent Preclean 0.087ms
[15.331s][info][gc,marking    ] GC(822) Concurrent Mark (15.325s, 15.331s) 5.586ms
[15.331s][info][gc,start      ] GC(822) Pause Remark
[15.332s][info][gc,stringtable] GC(822) Cleaned string and symbol table, strings: 4350 processed, 0 removed, symbols: 36588 processed, 0 removed
[15.332s][info][gc            ] GC(822) Pause Remark 1995M->1995M(2087M) 1.146ms
[15.332s][info][gc,cpu        ] GC(822) User=0.00s Sys=0.00s Real=0.01s
[15.332s][info][gc,marking    ] GC(822) Concurrent Rebuild Remembered Sets
[15.337s][info][gc,marking    ] GC(822) Concurrent Rebuild Remembered Sets 4.979ms
[15.338s][info][gc,start      ] GC(822) Pause Cleanup
[15.338s][info][gc            ] GC(822) Pause Cleanup 1998M->1998M(2087M) 0.273ms
[15.338s][info][gc,cpu        ] GC(822) User=0.00s Sys=0.00s Real=0.00s
[15.338s][info][gc,marking    ] GC(822) Concurrent Cleanup for Next Mark
[15.341s][info][gc,marking    ] GC(822) Concurrent Cleanup for Next Mark 2.559ms
[15.341s][info][gc            ] GC(822) Concurrent Cycle 15.940ms
[15.348s][info][gc,start      ] GC(823) Pause Young (Concurrent Start) (G1 Humongous Allocation)
[15.348s][info][gc,task       ] GC(823) Using 8 workers of 8 for evacuation
[15.350s][info][gc,phases     ] GC(823)   Pre Evacuate Collection Set: 0.4ms
[15.350s][info][gc,phases     ] GC(823)   Evacuate Collection Set: 0.6ms
[15.350s][info][gc,phases     ] GC(823)   Post Evacuate Collection Set: 0.1ms
[15.350s][info][gc,phases     ] GC(823)   Other: 0.2ms
[15.350s][info][gc,heap       ] GC(823) Eden regions: 4->0(103)
[15.350s][info][gc,heap       ] GC(823) Survivor regions: 1->1(13)
[15.350s][info][gc,heap       ] GC(823) Old regions: 27->27
[15.350s][info][gc,heap       ] GC(823) Humongous regions: 1970->1970
[15.350s][info][gc,metaspace  ] GC(823) Metaspace: 9862K->9862K(1058816K)
[15.350s][info][gc            ] GC(823) Pause Young (Concurrent Start) (G1 Humongous Allocation) 2000M->1996M(2087M) 1.524ms
[15.350s][info][gc,cpu        ] GC(823) User=0.00s Sys=0.00s Real=0.00s
[15.350s][info][gc            ] GC(824) Concurrent Cycle
[15.350s][info][gc,marking    ] GC(824) Concurrent Clear Claimed Marks
[15.350s][info][gc,marking    ] GC(824) Concurrent Clear Claimed Marks 0.013ms
[15.350s][info][gc,marking    ] GC(824) Concurrent Scan Root Regions
[15.350s][info][gc,marking    ] GC(824) Concurrent Scan Root Regions 0.107ms
[15.350s][info][gc,marking    ] GC(824) Concurrent Mark (15.350s)
[15.350s][info][gc,marking    ] GC(824) Concurrent Mark From Roots
[15.350s][info][gc,task       ] GC(824) Using 2 workers of 2 for marking
[15.356s][info][gc,marking    ] GC(824) Concurrent Mark From Roots 5.314ms
[15.356s][info][gc,marking    ] GC(824) Concurrent Preclean
[15.356s][info][gc,marking    ] GC(824) Concurrent Preclean 0.071ms
[15.356s][info][gc,marking    ] GC(824) Concurrent Mark (15.350s, 15.356s) 5.496ms
[15.356s][info][gc,start      ] GC(824) Pause Remark
[15.357s][info][gc,stringtable] GC(824) Cleaned string and symbol table, strings: 4350 processed, 0 removed, symbols: 36588 processed, 0 removed
[15.358s][info][gc            ] GC(824) Pause Remark 1999M->1999M(2087M) 1.711ms
[15.358s][info][gc,cpu        ] GC(824) User=0.01s Sys=0.00s Real=0.00s
[15.358s][info][gc,marking    ] GC(824) Concurrent Rebuild Remembered Sets
[15.363s][info][gc,marking    ] GC(824) Concurrent Rebuild Remembered Sets 5.001ms
[15.363s][info][gc,start      ] GC(824) Pause Cleanup
[15.364s][info][gc            ] GC(824) Pause Cleanup 2002M->2002M(2087M) 0.295ms
[15.364s][info][gc,cpu        ] GC(824) User=0.00s Sys=0.00s Real=0.00s
[15.364s][info][gc,marking    ] GC(824) Concurrent Cleanup for Next Mark
[15.366s][info][gc,marking    ] GC(824) Concurrent Cleanup for Next Mark 2.564ms
[15.366s][info][gc            ] GC(824) Concurrent Cycle 16.553ms
[15.373s][info][gc,start      ] GC(825) Pause Young (Concurrent Start) (G1 Humongous Allocation)
[15.373s][info][gc,task       ] GC(825) Using 8 workers of 8 for evacuation
[15.375s][info][gc,phases     ] GC(825)   Pre Evacuate Collection Set: 0.4ms
[15.375s][info][gc,phases     ] GC(825)   Evacuate Collection Set: 0.9ms
[15.375s][info][gc,phases     ] GC(825)   Post Evacuate Collection Set: 0.2ms
[15.375s][info][gc,phases     ] GC(825)   Other: 0.3ms
[15.375s][info][gc,heap       ] GC(825) Eden regions: 4->0(103)
[15.375s][info][gc,heap       ] GC(825) Survivor regions: 1->1(13)
[15.375s][info][gc,heap       ] GC(825) Old regions: 27->27
[15.375s][info][gc,heap       ] GC(825) Humongous regions: 1974->1974
[15.375s][info][gc,metaspace  ] GC(825) Metaspace: 9862K->9862K(1058816K)
[15.375s][info][gc            ] GC(825) Pause Young (Concurrent Start) (G1 Humongous Allocation) 2004M->2000M(2087M) 1.805ms
[15.375s][info][gc,cpu        ] GC(825) User=0.00s Sys=0.00s Real=0.00s
[15.375s][info][gc            ] GC(826) Concurrent Cycle
[15.375s][info][gc,marking    ] GC(826) Concurrent Clear Claimed Marks
[15.375s][info][gc,marking    ] GC(826) Concurrent Clear Claimed Marks 0.036ms
[15.375s][info][gc,marking    ] GC(826) Concurrent Scan Root Regions
[15.375s][info][gc,marking    ] GC(826) Concurrent Scan Root Regions 0.088ms
[15.375s][info][gc,marking    ] GC(826) Concurrent Mark (15.375s)
[15.375s][info][gc,marking    ] GC(826) Concurrent Mark From Roots
[15.375s][info][gc,task       ] GC(826) Using 2 workers of 2 for marking
[15.381s][info][gc,marking    ] GC(826) Concurrent Mark From Roots 5.304ms
[15.381s][info][gc,marking    ] GC(826) Concurrent Preclean
[15.381s][info][gc,marking    ] GC(826) Concurrent Preclean 0.100ms
[15.381s][info][gc,marking    ] GC(826) Concurrent Mark (15.375s, 15.381s) 5.499ms
[15.381s][info][gc,start      ] GC(826) Pause Remark
[15.382s][info][gc,stringtable] GC(826) Cleaned string and symbol table, strings: 4350 processed, 0 removed, symbols: 36588 processed, 0 removed
[15.383s][info][gc            ] GC(826) Pause Remark 2003M->2003M(2087M) 1.823ms
[15.383s][info][gc,cpu        ] GC(826) User=0.01s Sys=0.00s Real=0.01s
[15.383s][info][gc,marking    ] GC(826) Concurrent Rebuild Remembered Sets
[15.388s][info][gc,marking    ] GC(826) Concurrent Rebuild Remembered Sets 4.826ms
[15.389s][info][gc,start      ] GC(826) Pause Cleanup
[15.389s][info][gc            ] GC(826) Pause Cleanup 2006M->2006M(2087M) 0.226ms
[15.389s][info][gc,cpu        ] GC(826) User=0.00s Sys=0.00s Real=0.00s
[15.389s][info][gc,marking    ] GC(826) Concurrent Cleanup for Next Mark
[15.392s][info][gc,marking    ] GC(826) Concurrent Cleanup for Next Mark 2.564ms
[15.392s][info][gc            ] GC(826) Concurrent Cycle 16.610ms
[15.400s][info][gc,start      ] GC(827) Pause Young (Concurrent Start) (G1 Humongous Allocation)
[15.400s][info][gc,task       ] GC(827) Using 8 workers of 8 for evacuation
[15.401s][info][gc,phases     ] GC(827)   Pre Evacuate Collection Set: 0.4ms
[15.401s][info][gc,phases     ] GC(827)   Evacuate Collection Set: 0.7ms
[15.401s][info][gc,phases     ] GC(827)   Post Evacuate Collection Set: 0.2ms
[15.401s][info][gc,phases     ] GC(827)   Other: 0.2ms
[15.401s][info][gc,heap       ] GC(827) Eden regions: 4->0(103)
[15.401s][info][gc,heap       ] GC(827) Survivor regions: 1->1(13)
[15.401s][info][gc,heap       ] GC(827) Old regions: 27->27
[15.401s][info][gc,heap       ] GC(827) Humongous regions: 1978->1978
[15.401s][info][gc,metaspace  ] GC(827) Metaspace: 9862K->9862K(1058816K)
[15.401s][info][gc            ] GC(827) Pause Young (Concurrent Start) (G1 Humongous Allocation) 2008M->2004M(2087M) 1.629ms
[15.401s][info][gc,cpu        ] GC(827) User=0.00s Sys=0.00s Real=0.01s
[15.401s][info][gc            ] GC(828) Concurrent Cycle
[15.401s][info][gc,marking    ] GC(828) Concurrent Clear Claimed Marks
[15.401s][info][gc,marking    ] GC(828) Concurrent Clear Claimed Marks 0.045ms
[15.401s][info][gc,marking    ] GC(828) Concurrent Scan Root Regions
[15.401s][info][gc,marking    ] GC(828) Concurrent Scan Root Regions 0.083ms
[15.402s][info][gc,marking    ] GC(828) Concurrent Mark (15.401s)
[15.402s][info][gc,marking    ] GC(828) Concurrent Mark From Roots
[15.402s][info][gc,task       ] GC(828) Using 2 workers of 2 for marking
[15.407s][info][gc,marking    ] GC(828) Concurrent Mark From Roots 5.380ms
[15.407s][info][gc,marking    ] GC(828) Concurrent Preclean
[15.407s][info][gc,marking    ] GC(828) Concurrent Preclean 0.085ms
[15.407s][info][gc,marking    ] GC(828) Concurrent Mark (15.401s, 15.407s) 5.589ms
[15.407s][info][gc,start      ] GC(828) Pause Remark
[15.409s][info][gc,stringtable] GC(828) Cleaned string and symbol table, strings: 4350 processed, 0 removed, symbols: 36588 processed, 0 removed
[15.409s][info][gc            ] GC(828) Pause Remark 2007M->2007M(2087M) 1.802ms
[15.409s][info][gc,cpu        ] GC(828) User=0.01s Sys=0.00s Real=0.00s
[15.409s][info][gc,marking    ] GC(828) Concurrent Rebuild Remembered Sets
[15.414s][info][gc,marking    ] GC(828) Concurrent Rebuild Remembered Sets 5.061ms
[15.415s][info][gc,start      ] GC(828) Pause Cleanup
[15.415s][info][gc            ] GC(828) Pause Cleanup 2010M->2010M(2087M) 0.207ms
[15.415s][info][gc,cpu        ] GC(828) User=0.00s Sys=0.00s Real=0.00s
[15.415s][info][gc,marking    ] GC(828) Concurrent Cleanup for Next Mark
[15.418s][info][gc,marking    ] GC(828) Concurrent Cleanup for Next Mark 2.458ms
[15.418s][info][gc            ] GC(828) Concurrent Cycle 16.271ms
[15.424s][info][gc,start      ] GC(829) Pause Young (Concurrent Start) (G1 Humongous Allocation)
[15.424s][info][gc,task       ] GC(829) Using 8 workers of 8 for evacuation
[15.426s][info][gc,phases     ] GC(829)   Pre Evacuate Collection Set: 0.4ms
[15.426s][info][gc,phases     ] GC(829)   Evacuate Collection Set: 0.5ms
[15.426s][info][gc,phases     ] GC(829)   Post Evacuate Collection Set: 0.1ms
[15.426s][info][gc,phases     ] GC(829)   Other: 0.2ms
[15.426s][info][gc,heap       ] GC(829) Eden regions: 4->0(103)
[15.426s][info][gc,heap       ] GC(829) Survivor regions: 1->1(13)
[15.426s][info][gc,heap       ] GC(829) Old regions: 27->27
[15.426s][info][gc,heap       ] GC(829) Humongous regions: 1982->1982
[15.426s][info][gc,metaspace  ] GC(829) Metaspace: 9862K->9862K(1058816K)
[15.426s][info][gc            ] GC(829) Pause Young (Concurrent Start) (G1 Humongous Allocation) 2012M->2008M(2087M) 1.342ms
[15.426s][info][gc,cpu        ] GC(829) User=0.00s Sys=0.00s Real=0.00s
[15.426s][info][gc            ] GC(830) Concurrent Cycle
[15.426s][info][gc,marking    ] GC(830) Concurrent Clear Claimed Marks
[15.426s][info][gc,marking    ] GC(830) Concurrent Clear Claimed Marks 0.009ms
[15.426s][info][gc,marking    ] GC(830) Concurrent Scan Root Regions
[15.426s][info][gc,marking    ] GC(830) Concurrent Scan Root Regions 0.071ms
[15.426s][info][gc,marking    ] GC(830) Concurrent Mark (15.426s)
[15.426s][info][gc,marking    ] GC(830) Concurrent Mark From Roots
[15.426s][info][gc,task       ] GC(830) Using 2 workers of 2 for marking
[15.431s][info][gc,marking    ] GC(830) Concurrent Mark From Roots 5.202ms
[15.431s][info][gc,marking    ] GC(830) Concurrent Preclean
[15.431s][info][gc,marking    ] GC(830) Concurrent Preclean 0.070ms
[15.431s][info][gc,marking    ] GC(830) Concurrent Mark (15.426s, 15.431s) 5.326ms
[15.431s][info][gc,start      ] GC(830) Pause Remark
[15.433s][info][gc,stringtable] GC(830) Cleaned string and symbol table, strings: 4350 processed, 0 removed, symbols: 36588 processed, 0 removed
[15.433s][info][gc            ] GC(830) Pause Remark 2011M->2011M(2087M) 1.901ms
[15.433s][info][gc,cpu        ] GC(830) User=0.01s Sys=0.00s Real=0.00s
[15.433s][info][gc,marking    ] GC(830) Concurrent Rebuild Remembered Sets
[15.438s][info][gc,marking    ] GC(830) Concurrent Rebuild Remembered Sets 4.965ms
[15.439s][info][gc,start      ] GC(830) Pause Cleanup
[15.440s][info][gc            ] GC(830) Pause Cleanup 2014M->2014M(2087M) 0.242ms
[15.440s][info][gc,cpu        ] GC(830) User=0.00s Sys=0.00s Real=0.00s
[15.440s][info][gc,marking    ] GC(830) Concurrent Cleanup for Next Mark
[15.442s][info][gc,marking    ] GC(830) Concurrent Cleanup for Next Mark 2.540ms
[15.442s][info][gc            ] GC(830) Concurrent Cycle 16.391ms
[15.449s][info][gc,start      ] GC(831) Pause Young (Concurrent Start) (G1 Humongous Allocation)
[15.449s][info][gc,task       ] GC(831) Using 8 workers of 8 for evacuation
[15.451s][info][gc,phases     ] GC(831)   Pre Evacuate Collection Set: 0.4ms
[15.451s][info][gc,phases     ] GC(831)   Evacuate Collection Set: 0.7ms
[15.451s][info][gc,phases     ] GC(831)   Post Evacuate Collection Set: 0.2ms
[15.451s][info][gc,phases     ] GC(831)   Other: 0.2ms
[15.451s][info][gc,heap       ] GC(831) Eden regions: 4->0(103)
[15.451s][info][gc,heap       ] GC(831) Survivor regions: 1->1(13)
[15.451s][info][gc,heap       ] GC(831) Old regions: 27->27
[15.451s][info][gc,heap       ] GC(831) Humongous regions: 1986->1986
[15.451s][info][gc,metaspace  ] GC(831) Metaspace: 9862K->9862K(1058816K)
[15.451s][info][gc            ] GC(831) Pause Young (Concurrent Start) (G1 Humongous Allocation) 2016M->2012M(2087M) 1.611ms
[15.451s][info][gc,cpu        ] GC(831) User=0.01s Sys=0.00s Real=0.00s
[15.451s][info][gc            ] GC(832) Concurrent Cycle
[15.451s][info][gc,marking    ] GC(832) Concurrent Clear Claimed Marks
[15.451s][info][gc,marking    ] GC(832) Concurrent Clear Claimed Marks 0.047ms
[15.451s][info][gc,marking    ] GC(832) Concurrent Scan Root Regions
[15.451s][info][gc,marking    ] GC(832) Concurrent Scan Root Regions 0.080ms
[15.451s][info][gc,marking    ] GC(832) Concurrent Mark (15.451s)
[15.451s][info][gc,marking    ] GC(832) Concurrent Mark From Roots
[15.451s][info][gc,task       ] GC(832) Using 2 workers of 2 for marking
[15.456s][info][gc,marking    ] GC(832) Concurrent Mark From Roots 5.173ms
[15.456s][info][gc,marking    ] GC(832) Concurrent Preclean
[15.456s][info][gc,marking    ] GC(832) Concurrent Preclean 0.102ms
[15.456s][info][gc,marking    ] GC(832) Concurrent Mark (15.451s, 15.456s) 5.383ms
[15.457s][info][gc,start      ] GC(832) Pause Remark
[15.458s][info][gc,stringtable] GC(832) Cleaned string and symbol table, strings: 4350 processed, 0 removed, symbols: 36588 processed, 0 removed
[15.458s][info][gc            ] GC(832) Pause Remark 2015M->2015M(2087M) 1.769ms
[15.458s][info][gc,cpu        ] GC(832) User=0.01s Sys=0.00s Real=0.00s
[15.458s][info][gc,marking    ] GC(832) Concurrent Rebuild Remembered Sets
[15.463s][info][gc,marking    ] GC(832) Concurrent Rebuild Remembered Sets 4.866ms
[15.464s][info][gc,start      ] GC(832) Pause Cleanup
[15.465s][info][gc            ] GC(832) Pause Cleanup 2018M->2018M(2087M) 0.228ms
[15.465s][info][gc,cpu        ] GC(832) User=0.00s Sys=0.00s Real=0.00s
[15.465s][info][gc,marking    ] GC(832) Concurrent Cleanup for Next Mark
[15.467s][info][gc,marking    ] GC(832) Concurrent Cleanup for Next Mark 2.523ms
[15.467s][info][gc            ] GC(832) Concurrent Cycle 16.440ms
[15.474s][info][gc,start      ] GC(833) Pause Young (Concurrent Start) (G1 Humongous Allocation)
[15.474s][info][gc,task       ] GC(833) Using 8 workers of 8 for evacuation
[15.475s][info][gc,phases     ] GC(833)   Pre Evacuate Collection Set: 0.4ms
[15.476s][info][gc,phases     ] GC(833)   Evacuate Collection Set: 0.7ms
[15.476s][info][gc,phases     ] GC(833)   Post Evacuate Collection Set: 0.2ms
[15.476s][info][gc,phases     ] GC(833)   Other: 0.2ms
[15.476s][info][gc,heap       ] GC(833) Eden regions: 4->0(103)
[15.476s][info][gc,heap       ] GC(833) Survivor regions: 1->1(13)
[15.476s][info][gc,heap       ] GC(833) Old regions: 27->27
[15.476s][info][gc,heap       ] GC(833) Humongous regions: 1990->1990
[15.476s][info][gc,metaspace  ] GC(833) Metaspace: 9862K->9862K(1058816K)
[15.476s][info][gc            ] GC(833) Pause Young (Concurrent Start) (G1 Humongous Allocation) 2020M->2016M(2087M) 1.526ms
[15.476s][info][gc,cpu        ] GC(833) User=0.00s Sys=0.00s Real=0.00s
[15.476s][info][gc            ] GC(834) Concurrent Cycle
[15.476s][info][gc,marking    ] GC(834) Concurrent Clear Claimed Marks
[15.476s][info][gc,marking    ] GC(834) Concurrent Clear Claimed Marks 0.031ms
[15.476s][info][gc,marking    ] GC(834) Concurrent Scan Root Regions
[15.476s][info][gc,marking    ] GC(834) Concurrent Scan Root Regions 0.101ms
[15.476s][info][gc,marking    ] GC(834) Concurrent Mark (15.476s)
[15.476s][info][gc,marking    ] GC(834) Concurrent Mark From Roots
[15.476s][info][gc,task       ] GC(834) Using 2 workers of 2 for marking
[15.481s][info][gc,marking    ] GC(834) Concurrent Mark From Roots 5.286ms
[15.481s][info][gc,marking    ] GC(834) Concurrent Preclean
[15.481s][info][gc,marking    ] GC(834) Concurrent Preclean 0.078ms
[15.481s][info][gc,marking    ] GC(834) Concurrent Mark (15.476s, 15.481s) 5.455ms
[15.481s][info][gc,start      ] GC(834) Pause Remark
[15.483s][info][gc,stringtable] GC(834) Cleaned string and symbol table, strings: 4350 processed, 0 removed, symbols: 36588 processed, 0 removed
[15.483s][info][gc            ] GC(834) Pause Remark 2019M->2019M(2087M) 1.794ms
[15.483s][info][gc,cpu        ] GC(834) User=0.00s Sys=0.00s Real=0.00s
[15.483s][info][gc,marking    ] GC(834) Concurrent Rebuild Remembered Sets
[15.488s][info][gc,marking    ] GC(834) Concurrent Rebuild Remembered Sets 4.976ms
[15.489s][info][gc,start      ] GC(834) Pause Cleanup
[15.490s][info][gc            ] GC(834) Pause Cleanup 2022M->2022M(2087M) 0.247ms
[15.490s][info][gc,cpu        ] GC(834) User=0.00s Sys=0.00s Real=0.00s
[15.490s][info][gc,marking    ] GC(834) Concurrent Cleanup for Next Mark
[15.492s][info][gc,marking    ] GC(834) Concurrent Cleanup for Next Mark 2.545ms
[15.492s][info][gc            ] GC(834) Concurrent Cycle 16.504ms
[15.499s][info][gc,start      ] GC(835) Pause Young (Concurrent Start) (G1 Humongous Allocation)
[15.499s][info][gc,task       ] GC(835) Using 8 workers of 8 for evacuation
[15.501s][info][gc,phases     ] GC(835)   Pre Evacuate Collection Set: 0.7ms
[15.501s][info][gc,phases     ] GC(835)   Evacuate Collection Set: 0.8ms
[15.501s][info][gc,phases     ] GC(835)   Post Evacuate Collection Set: 0.3ms
[15.501s][info][gc,phases     ] GC(835)   Other: 0.3ms
[15.501s][info][gc,heap       ] GC(835) Eden regions: 4->0(103)
[15.502s][info][gc,heap       ] GC(835) Survivor regions: 1->1(13)
[15.502s][info][gc,heap       ] GC(835) Old regions: 27->27
[15.502s][info][gc,heap       ] GC(835) Humongous regions: 1994->1994
[15.502s][info][gc,metaspace  ] GC(835) Metaspace: 9862K->9862K(1058816K)
[15.502s][info][gc            ] GC(835) Pause Young (Concurrent Start) (G1 Humongous Allocation) 2024M->2020M(2087M) 2.369ms
[15.502s][info][gc,cpu        ] GC(835) User=0.01s Sys=0.00s Real=0.01s
[15.502s][info][gc            ] GC(836) Concurrent Cycle
[15.502s][info][gc,marking    ] GC(836) Concurrent Clear Claimed Marks
[15.502s][info][gc,marking    ] GC(836) Concurrent Clear Claimed Marks 0.017ms
[15.502s][info][gc,marking    ] GC(836) Concurrent Scan Root Regions
[15.502s][info][gc,marking    ] GC(836) Concurrent Scan Root Regions 0.096ms
[15.502s][info][gc,marking    ] GC(836) Concurrent Mark (15.502s)
[15.502s][info][gc,marking    ] GC(836) Concurrent Mark From Roots
[15.502s][info][gc,task       ] GC(836) Using 2 workers of 2 for marking
[15.508s][info][gc,marking    ] GC(836) Concurrent Mark From Roots 6.275ms
[15.508s][info][gc,marking    ] GC(836) Concurrent Preclean
[15.508s][info][gc,marking    ] GC(836) Concurrent Preclean 0.098ms
[15.508s][info][gc,marking    ] GC(836) Concurrent Mark (15.502s, 15.508s) 6.462ms
[15.509s][info][gc,start      ] GC(836) Pause Remark
[15.510s][info][gc,stringtable] GC(836) Cleaned string and symbol table, strings: 4350 processed, 0 removed, symbols: 36588 processed, 0 removed
[15.510s][info][gc            ] GC(836) Pause Remark 2023M->2023M(2087M) 1.800ms
[15.510s][info][gc,cpu        ] GC(836) User=0.01s Sys=0.00s Real=0.00s
[15.510s][info][gc,marking    ] GC(836) Concurrent Rebuild Remembered Sets
[15.516s][info][gc,marking    ] GC(836) Concurrent Rebuild Remembered Sets 5.606ms
[15.516s][info][gc,start      ] GC(836) Pause Cleanup
[15.516s][info][gc            ] GC(836) Pause Cleanup 2024M->2024M(2087M) 0.250ms
[15.516s][info][gc,cpu        ] GC(836) User=0.00s Sys=0.00s Real=0.00s
[15.516s][info][gc,marking    ] GC(836) Concurrent Cleanup for Next Mark
[15.519s][info][gc,marking    ] GC(836) Concurrent Cleanup for Next Mark 2.841ms
[15.519s][info][gc            ] GC(836) Concurrent Cycle 17.572ms
[15.531s][info][gc,start      ] GC(837) Pause Young (Concurrent Start) (G1 Humongous Allocation)
[15.531s][info][gc,task       ] GC(837) Using 8 workers of 8 for evacuation
[15.533s][info][gc,phases     ] GC(837)   Pre Evacuate Collection Set: 0.5ms
[15.533s][info][gc,phases     ] GC(837)   Evacuate Collection Set: 0.7ms
[15.533s][info][gc,phases     ] GC(837)   Post Evacuate Collection Set: 0.1ms
[15.533s][info][gc,phases     ] GC(837)   Other: 0.3ms
[15.533s][info][gc,heap       ] GC(837) Eden regions: 4->0(103)
[15.533s][info][gc,heap       ] GC(837) Survivor regions: 1->1(13)
[15.533s][info][gc,heap       ] GC(837) Old regions: 27->27
[15.533s][info][gc,heap       ] GC(837) Humongous regions: 1998->1998
[15.533s][info][gc,metaspace  ] GC(837) Metaspace: 9862K->9862K(1058816K)
[15.533s][info][gc            ] GC(837) Pause Young (Concurrent Start) (G1 Humongous Allocation) 2028M->2024M(2087M) 1.563ms
[15.533s][info][gc,cpu        ] GC(837) User=0.00s Sys=0.00s Real=0.01s
[15.533s][info][gc            ] GC(838) Concurrent Cycle
[15.533s][info][gc,marking    ] GC(838) Concurrent Clear Claimed Marks
[15.533s][info][gc,marking    ] GC(838) Concurrent Clear Claimed Marks 0.014ms
[15.533s][info][gc,marking    ] GC(838) Concurrent Scan Root Regions
[15.533s][info][gc,marking    ] GC(838) Concurrent Scan Root Regions 0.055ms
[15.533s][info][gc,marking    ] GC(838) Concurrent Mark (15.533s)
[15.533s][info][gc,marking    ] GC(838) Concurrent Mark From Roots
[15.533s][info][gc,task       ] GC(838) Using 2 workers of 2 for marking
[15.538s][info][gc,marking    ] GC(838) Concurrent Mark From Roots 5.292ms
[15.538s][info][gc,marking    ] GC(838) Concurrent Preclean
[15.538s][info][gc,marking    ] GC(838) Concurrent Preclean 0.071ms
[15.538s][info][gc,marking    ] GC(838) Concurrent Mark (15.533s, 15.538s) 5.417ms
[15.538s][info][gc,start      ] GC(838) Pause Remark
[15.540s][info][gc,stringtable] GC(838) Cleaned string and symbol table, strings: 4350 processed, 0 removed, symbols: 36588 processed, 0 removed
[15.540s][info][gc            ] GC(838) Pause Remark 2027M->2027M(2087M) 1.736ms
[15.540s][info][gc,cpu        ] GC(838) User=0.01s Sys=0.00s Real=0.00s
[15.540s][info][gc,marking    ] GC(838) Concurrent Rebuild Remembered Sets
[15.545s][info][gc,marking    ] GC(838) Concurrent Rebuild Remembered Sets 4.960ms
[15.546s][info][gc,start      ] GC(838) Pause Cleanup
[15.547s][info][gc            ] GC(838) Pause Cleanup 2030M->2030M(2087M) 0.370ms
[15.547s][info][gc,cpu        ] GC(838) User=0.00s Sys=0.00s Real=0.00s
[15.547s][info][gc,marking    ] GC(838) Concurrent Cleanup for Next Mark
[15.550s][info][gc,marking    ] GC(838) Concurrent Cleanup for Next Mark 2.700ms
[15.550s][info][gc            ] GC(838) Concurrent Cycle 16.947ms
[15.557s][info][gc,start      ] GC(839) Pause Young (Concurrent Start) (G1 Humongous Allocation)
[15.557s][info][gc,task       ] GC(839) Using 8 workers of 8 for evacuation
[15.558s][info][gc,phases     ] GC(839)   Pre Evacuate Collection Set: 0.5ms
[15.558s][info][gc,phases     ] GC(839)   Evacuate Collection Set: 0.6ms
[15.558s][info][gc,phases     ] GC(839)   Post Evacuate Collection Set: 0.1ms
[15.558s][info][gc,phases     ] GC(839)   Other: 0.2ms
[15.558s][info][gc,heap       ] GC(839) Eden regions: 4->0(103)
[15.558s][info][gc,heap       ] GC(839) Survivor regions: 1->1(13)
[15.558s][info][gc,heap       ] GC(839) Old regions: 27->27
[15.558s][info][gc,heap       ] GC(839) Humongous regions: 2002->2002
[15.558s][info][gc,metaspace  ] GC(839) Metaspace: 9862K->9862K(1058816K)
[15.558s][info][gc            ] GC(839) Pause Young (Concurrent Start) (G1 Humongous Allocation) 2032M->2028M(2087M) 1.437ms
[15.558s][info][gc,cpu        ] GC(839) User=0.00s Sys=0.00s Real=0.00s
[15.558s][info][gc            ] GC(840) Concurrent Cycle
[15.558s][info][gc,marking    ] GC(840) Concurrent Clear Claimed Marks
[15.558s][info][gc,marking    ] GC(840) Concurrent Clear Claimed Marks 0.010ms
[15.558s][info][gc,marking    ] GC(840) Concurrent Scan Root Regions
[15.558s][info][gc,marking    ] GC(840) Concurrent Scan Root Regions 0.047ms
[15.558s][info][gc,marking    ] GC(840) Concurrent Mark (15.558s)
[15.558s][info][gc,marking    ] GC(840) Concurrent Mark From Roots
[15.558s][info][gc,task       ] GC(840) Using 2 workers of 2 for marking
[15.564s][info][gc,marking    ] GC(840) Concurrent Mark From Roots 6.190ms
[15.564s][info][gc,marking    ] GC(840) Concurrent Preclean
[15.565s][info][gc,marking    ] GC(840) Concurrent Preclean 0.139ms
[15.565s][info][gc,marking    ] GC(840) Concurrent Mark (15.558s, 15.565s) 6.445ms
[15.565s][info][gc,start      ] GC(840) Pause Remark
[15.566s][info][gc,stringtable] GC(840) Cleaned string and symbol table, strings: 4350 processed, 0 removed, symbols: 36588 processed, 0 removed
[15.567s][info][gc            ] GC(840) Pause Remark 2031M->2031M(2087M) 1.855ms
[15.567s][info][gc,cpu        ] GC(840) User=0.01s Sys=0.00s Real=0.00s
[15.567s][info][gc,marking    ] GC(840) Concurrent Rebuild Remembered Sets
[15.572s][info][gc,marking    ] GC(840) Concurrent Rebuild Remembered Sets 4.953ms
[15.572s][info][gc,start      ] GC(840) Pause Cleanup
[15.572s][info][gc            ] GC(840) Pause Cleanup 2032M->2032M(2087M) 0.282ms
[15.572s][info][gc,cpu        ] GC(840) User=0.00s Sys=0.00s Real=0.00s
[15.572s][info][gc,marking    ] GC(840) Concurrent Cleanup for Next Mark
[15.575s][info][gc,marking    ] GC(840) Concurrent Cleanup for Next Mark 2.856ms
[15.575s][info][gc            ] GC(840) Concurrent Cycle 16.976ms
[15.584s][info][gc,start      ] GC(841) Pause Young (Concurrent Start) (G1 Humongous Allocation)
[15.584s][info][gc,task       ] GC(841) Using 8 workers of 8 for evacuation
[15.585s][info][gc,phases     ] GC(841)   Pre Evacuate Collection Set: 0.4ms
[15.585s][info][gc,phases     ] GC(841)   Evacuate Collection Set: 0.7ms
[15.585s][info][gc,phases     ] GC(841)   Post Evacuate Collection Set: 0.2ms
[15.585s][info][gc,phases     ] GC(841)   Other: 0.3ms
[15.585s][info][gc,heap       ] GC(841) Eden regions: 4->0(103)
[15.586s][info][gc,heap       ] GC(841) Survivor regions: 1->1(13)
[15.586s][info][gc,heap       ] GC(841) Old regions: 27->27
[15.586s][info][gc,heap       ] GC(841) Humongous regions: 2006->2006
[15.586s][info][gc,metaspace  ] GC(841) Metaspace: 9862K->9862K(1058816K)
[15.586s][info][gc            ] GC(841) Pause Young (Concurrent Start) (G1 Humongous Allocation) 2036M->2032M(2087M) 1.765ms
[15.586s][info][gc,cpu        ] GC(841) User=0.00s Sys=0.00s Real=0.00s
[15.586s][info][gc            ] GC(842) Concurrent Cycle
[15.586s][info][gc,marking    ] GC(842) Concurrent Clear Claimed Marks
[15.586s][info][gc,marking    ] GC(842) Concurrent Clear Claimed Marks 0.013ms
[15.586s][info][gc,marking    ] GC(842) Concurrent Scan Root Regions
[15.586s][info][gc,marking    ] GC(842) Concurrent Scan Root Regions 0.056ms
[15.586s][info][gc,marking    ] GC(842) Concurrent Mark (15.586s)
[15.586s][info][gc,marking    ] GC(842) Concurrent Mark From Roots
[15.586s][info][gc,task       ] GC(842) Using 2 workers of 2 for marking
[15.591s][info][gc,marking    ] GC(842) Concurrent Mark From Roots 5.299ms
[15.591s][info][gc,marking    ] GC(842) Concurrent Preclean
[15.591s][info][gc,marking    ] GC(842) Concurrent Preclean 0.067ms
[15.591s][info][gc,marking    ] GC(842) Concurrent Mark (15.586s, 15.591s) 5.446ms
[15.591s][info][gc,start      ] GC(842) Pause Remark
[15.593s][info][gc,stringtable] GC(842) Cleaned string and symbol table, strings: 4350 processed, 0 removed, symbols: 36588 processed, 0 removed
[15.593s][info][gc            ] GC(842) Pause Remark 2035M->2035M(2087M) 1.819ms
[15.593s][info][gc,cpu        ] GC(842) User=0.01s Sys=0.00s Real=0.00s
[15.593s][info][gc,marking    ] GC(842) Concurrent Rebuild Remembered Sets
[15.598s][info][gc,marking    ] GC(842) Concurrent Rebuild Remembered Sets 4.981ms
[15.599s][info][gc,start      ] GC(842) Pause Cleanup
[15.600s][info][gc            ] GC(842) Pause Cleanup 2038M->2038M(2087M) 0.309ms
[15.600s][info][gc,cpu        ] GC(842) User=0.00s Sys=0.00s Real=0.00s
[15.600s][info][gc,marking    ] GC(842) Concurrent Cleanup for Next Mark
[15.602s][info][gc,marking    ] GC(842) Concurrent Cleanup for Next Mark 2.460ms
[15.602s][info][gc            ] GC(842) Concurrent Cycle 16.647ms
[15.609s][info][gc,start      ] GC(843) Pause Young (Concurrent Start) (G1 Humongous Allocation)
[15.609s][info][gc,task       ] GC(843) Using 8 workers of 8 for evacuation
[15.611s][info][gc,phases     ] GC(843)   Pre Evacuate Collection Set: 0.5ms
[15.611s][info][gc,phases     ] GC(843)   Evacuate Collection Set: 0.7ms
[15.611s][info][gc,phases     ] GC(843)   Post Evacuate Collection Set: 0.2ms
[15.611s][info][gc,phases     ] GC(843)   Other: 0.2ms
[15.611s][info][gc,heap       ] GC(843) Eden regions: 4->0(103)
[15.611s][info][gc,heap       ] GC(843) Survivor regions: 1->1(13)
[15.611s][info][gc,heap       ] GC(843) Old regions: 27->27
[15.611s][info][gc,heap       ] GC(843) Humongous regions: 2010->2010
[15.611s][info][gc,metaspace  ] GC(843) Metaspace: 9862K->9862K(1058816K)
[15.611s][info][gc            ] GC(843) Pause Young (Concurrent Start) (G1 Humongous Allocation) 2040M->2036M(2087M) 1.748ms
[15.611s][info][gc,cpu        ] GC(843) User=0.00s Sys=0.00s Real=0.00s
[15.611s][info][gc            ] GC(844) Concurrent Cycle
[15.611s][info][gc,marking    ] GC(844) Concurrent Clear Claimed Marks
[15.611s][info][gc,marking    ] GC(844) Concurrent Clear Claimed Marks 0.015ms
[15.611s][info][gc,marking    ] GC(844) Concurrent Scan Root Regions
[15.611s][info][gc,marking    ] GC(844) Concurrent Scan Root Regions 0.101ms
[15.611s][info][gc,marking    ] GC(844) Concurrent Mark (15.611s)
[15.611s][info][gc,marking    ] GC(844) Concurrent Mark From Roots
[15.611s][info][gc,task       ] GC(844) Using 2 workers of 2 for marking
[15.617s][info][gc,marking    ] GC(844) Concurrent Mark From Roots 5.202ms
[15.617s][info][gc,marking    ] GC(844) Concurrent Preclean
[15.617s][info][gc,marking    ] GC(844) Concurrent Preclean 0.066ms
[15.617s][info][gc,marking    ] GC(844) Concurrent Mark (15.611s, 15.617s) 5.356ms
[15.617s][info][gc,start      ] GC(844) Pause Remark
[15.618s][info][gc,stringtable] GC(844) Cleaned string and symbol table, strings: 4350 processed, 0 removed, symbols: 36588 processed, 0 removed
[15.619s][info][gc            ] GC(844) Pause Remark 2039M->2039M(2087M) 1.737ms
[15.619s][info][gc,cpu        ] GC(844) User=0.01s Sys=0.00s Real=0.00s
[15.619s][info][gc,marking    ] GC(844) Concurrent Rebuild Remembered Sets
[15.624s][info][gc,marking    ] GC(844) Concurrent Rebuild Remembered Sets 4.896ms
[15.625s][info][gc,start      ] GC(844) Pause Cleanup
[15.625s][info][gc            ] GC(844) Pause Cleanup 2042M->2042M(2087M) 0.267ms
[15.625s][info][gc,cpu        ] GC(844) User=0.00s Sys=0.00s Real=0.00s
[15.625s][info][gc,marking    ] GC(844) Concurrent Cleanup for Next Mark
[15.627s][info][gc,marking    ] GC(844) Concurrent Cleanup for Next Mark 2.524ms
[15.627s][info][gc            ] GC(844) Concurrent Cycle 16.164ms
[15.634s][info][gc,start      ] GC(845) Pause Young (Concurrent Start) (G1 Humongous Allocation)
[15.634s][info][gc,task       ] GC(845) Using 8 workers of 8 for evacuation
[15.636s][info][gc,phases     ] GC(845)   Pre Evacuate Collection Set: 0.4ms
[15.636s][info][gc,phases     ] GC(845)   Evacuate Collection Set: 0.7ms
[15.636s][info][gc,phases     ] GC(845)   Post Evacuate Collection Set: 0.1ms
[15.636s][info][gc,phases     ] GC(845)   Other: 0.2ms
[15.636s][info][gc,heap       ] GC(845) Eden regions: 4->0(103)
[15.636s][info][gc,heap       ] GC(845) Survivor regions: 1->1(13)
[15.636s][info][gc,heap       ] GC(845) Old regions: 27->27
[15.636s][info][gc,heap       ] GC(845) Humongous regions: 2014->2014
[15.636s][info][gc,metaspace  ] GC(845) Metaspace: 9862K->9862K(1058816K)
[15.636s][info][gc            ] GC(845) Pause Young (Concurrent Start) (G1 Humongous Allocation) 2044M->2040M(2087M) 1.532ms
[15.636s][info][gc,cpu        ] GC(845) User=0.00s Sys=0.00s Real=0.00s
[15.636s][info][gc            ] GC(846) Concurrent Cycle
[15.636s][info][gc,marking    ] GC(846) Concurrent Clear Claimed Marks
[15.636s][info][gc,marking    ] GC(846) Concurrent Clear Claimed Marks 0.046ms
[15.636s][info][gc,marking    ] GC(846) Concurrent Scan Root Regions
[15.636s][info][gc,marking    ] GC(846) Concurrent Scan Root Regions 0.063ms
[15.636s][info][gc,marking    ] GC(846) Concurrent Mark (15.636s)
[15.636s][info][gc,marking    ] GC(846) Concurrent Mark From Roots
[15.636s][info][gc,task       ] GC(846) Using 2 workers of 2 for marking
[15.641s][info][gc,marking    ] GC(846) Concurrent Mark From Roots 5.161ms
[15.641s][info][gc,marking    ] GC(846) Concurrent Preclean
[15.641s][info][gc,marking    ] GC(846) Concurrent Preclean 0.066ms
[15.641s][info][gc,marking    ] GC(846) Concurrent Mark (15.636s, 15.641s) 5.313ms
[15.641s][info][gc,start      ] GC(846) Pause Remark
[15.643s][info][gc,stringtable] GC(846) Cleaned string and symbol table, strings: 4350 processed, 0 removed, symbols: 36588 processed, 0 removed
[15.643s][info][gc            ] GC(846) Pause Remark 2043M->2043M(2087M) 1.802ms
[15.643s][info][gc,cpu        ] GC(846) User=0.01s Sys=0.00s Real=0.00s
[15.643s][info][gc,marking    ] GC(846) Concurrent Rebuild Remembered Sets
[15.648s][info][gc,marking    ] GC(846) Concurrent Rebuild Remembered Sets 4.721ms
[15.648s][info][gc,start      ] GC(846) Pause Cleanup
[15.648s][info][gc            ] GC(846) Pause Cleanup 2044M->2044M(2087M) 0.275ms
[15.649s][info][gc,cpu        ] GC(846) User=0.00s Sys=0.00s Real=0.00s
[15.649s][info][gc,marking    ] GC(846) Concurrent Cleanup for Next Mark
[15.651s][info][gc,marking    ] GC(846) Concurrent Cleanup for Next Mark 2.559ms
[15.651s][info][gc            ] GC(846) Concurrent Cycle 15.337ms
[15.660s][info][gc,start      ] GC(847) Pause Young (Concurrent Start) (G1 Humongous Allocation)
[15.660s][info][gc,task       ] GC(847) Using 8 workers of 8 for evacuation
[15.661s][info][gc,phases     ] GC(847)   Pre Evacuate Collection Set: 0.4ms
[15.661s][info][gc,phases     ] GC(847)   Evacuate Collection Set: 0.7ms
[15.661s][info][gc,phases     ] GC(847)   Post Evacuate Collection Set: 0.1ms
[15.661s][info][gc,phases     ] GC(847)   Other: 0.3ms
[15.661s][info][gc,heap       ] GC(847) Eden regions: 4->0(103)
[15.661s][info][gc,heap       ] GC(847) Survivor regions: 1->1(13)
[15.661s][info][gc,heap       ] GC(847) Old regions: 27->27
[15.661s][info][gc,heap       ] GC(847) Humongous regions: 2018->2018
[15.661s][info][gc,metaspace  ] GC(847) Metaspace: 9862K->9862K(1058816K)
[15.661s][info][gc            ] GC(847) Pause Young (Concurrent Start) (G1 Humongous Allocation) 2048M->2044M(2087M) 1.587ms
[15.661s][info][gc,cpu        ] GC(847) User=0.01s Sys=0.00s Real=0.00s
[15.661s][info][gc            ] GC(848) Concurrent Cycle
[15.661s][info][gc,marking    ] GC(848) Concurrent Clear Claimed Marks
[15.661s][info][gc,marking    ] GC(848) Concurrent Clear Claimed Marks 0.035ms
[15.661s][info][gc,marking    ] GC(848) Concurrent Scan Root Regions
[15.661s][info][gc,marking    ] GC(848) Concurrent Scan Root Regions 0.097ms
[15.661s][info][gc,marking    ] GC(848) Concurrent Mark (15.661s)
[15.661s][info][gc,marking    ] GC(848) Concurrent Mark From Roots
[15.661s][info][gc,task       ] GC(848) Using 2 workers of 2 for marking
[15.667s][info][gc,marking    ] GC(848) Concurrent Mark From Roots 5.205ms
[15.667s][info][gc,marking    ] GC(848) Concurrent Preclean
[15.667s][info][gc,marking    ] GC(848) Concurrent Preclean 0.068ms
[15.667s][info][gc,marking    ] GC(848) Concurrent Mark (15.661s, 15.667s) 5.337ms
[15.667s][info][gc,start      ] GC(848) Pause Remark
[15.668s][info][gc,stringtable] GC(848) Cleaned string and symbol table, strings: 4350 processed, 0 removed, symbols: 36588 processed, 0 removed
[15.669s][info][gc            ] GC(848) Pause Remark 2047M->2047M(2087M) 1.780ms
[15.669s][info][gc,cpu        ] GC(848) User=0.01s Sys=0.00s Real=0.00s
[15.669s][info][gc,marking    ] GC(848) Concurrent Rebuild Remembered Sets
[15.674s][info][gc,marking    ] GC(848) Concurrent Rebuild Remembered Sets 4.918ms
[15.675s][info][gc,start      ] GC(848) Pause Cleanup
[15.675s][info][gc            ] GC(848) Pause Cleanup 2050M->2050M(2087M) 0.280ms
[15.675s][info][gc,cpu        ] GC(848) User=0.01s Sys=0.00s Real=0.00s
[15.675s][info][gc,marking    ] GC(848) Concurrent Cleanup for Next Mark
[15.678s][info][gc,marking    ] GC(848) Concurrent Cleanup for Next Mark 2.596ms
[15.678s][info][gc            ] GC(848) Concurrent Cycle 16.485ms
[15.684s][info][gc,start      ] GC(849) Pause Young (Concurrent Start) (G1 Humongous Allocation)
[15.685s][info][gc,task       ] GC(849) Using 8 workers of 8 for evacuation
[15.686s][info][gc,phases     ] GC(849)   Pre Evacuate Collection Set: 0.4ms
[15.686s][info][gc,phases     ] GC(849)   Evacuate Collection Set: 0.7ms
[15.686s][info][gc,phases     ] GC(849)   Post Evacuate Collection Set: 0.1ms
[15.686s][info][gc,phases     ] GC(849)   Other: 0.2ms
[15.686s][info][gc,heap       ] GC(849) Eden regions: 4->0(103)
[15.686s][info][gc,heap       ] GC(849) Survivor regions: 1->1(13)
[15.686s][info][gc,heap       ] GC(849) Old regions: 27->27
[15.686s][info][gc,heap       ] GC(849) Humongous regions: 2022->2022
[15.686s][info][gc,metaspace  ] GC(849) Metaspace: 9862K->9862K(1058816K)
[15.686s][info][gc            ] GC(849) Pause Young (Concurrent Start) (G1 Humongous Allocation) 2052M->2048M(2087M) 1.459ms
[15.686s][info][gc,cpu        ] GC(849) User=0.00s Sys=0.00s Real=0.00s
[15.686s][info][gc            ] GC(850) Concurrent Cycle
[15.686s][info][gc,marking    ] GC(850) Concurrent Clear Claimed Marks
[15.686s][info][gc,marking    ] GC(850) Concurrent Clear Claimed Marks 0.046ms
[15.686s][info][gc,marking    ] GC(850) Concurrent Scan Root Regions
[15.686s][info][gc,marking    ] GC(850) Concurrent Scan Root Regions 0.093ms
[15.686s][info][gc,marking    ] GC(850) Concurrent Mark (15.686s)
[15.686s][info][gc,marking    ] GC(850) Concurrent Mark From Roots
[15.686s][info][gc,task       ] GC(850) Using 2 workers of 2 for marking
[15.691s][info][gc,marking    ] GC(850) Concurrent Mark From Roots 5.213ms
[15.692s][info][gc,marking    ] GC(850) Concurrent Preclean
[15.692s][info][gc,marking    ] GC(850) Concurrent Preclean 0.068ms
[15.692s][info][gc,marking    ] GC(850) Concurrent Mark (15.686s, 15.692s) 5.366ms
[15.692s][info][gc,start      ] GC(850) Pause Remark
[15.693s][info][gc,stringtable] GC(850) Cleaned string and symbol table, strings: 4350 processed, 0 removed, symbols: 36588 processed, 0 removed
[15.694s][info][gc            ] GC(850) Pause Remark 2051M->2051M(2087M) 1.881ms
[15.694s][info][gc,cpu        ] GC(850) User=0.01s Sys=0.00s Real=0.00s
[15.694s][info][gc,marking    ] GC(850) Concurrent Rebuild Remembered Sets
[15.699s][info][gc,marking    ] GC(850) Concurrent Rebuild Remembered Sets 4.898ms
[15.700s][info][gc,start      ] GC(850) Pause Cleanup
[15.700s][info][gc            ] GC(850) Pause Cleanup 2054M->2054M(2087M) 0.261ms
[15.700s][info][gc,cpu        ] GC(850) User=0.00s Sys=0.00s Real=0.00s
[15.700s][info][gc,marking    ] GC(850) Concurrent Cleanup for Next Mark
[15.703s][info][gc,marking    ] GC(850) Concurrent Cleanup for Next Mark 2.580ms
[15.703s][info][gc            ] GC(850) Concurrent Cycle 16.576ms
[15.709s][info][gc,start      ] GC(851) Pause Young (Concurrent Start) (G1 Humongous Allocation)
[15.710s][info][gc,task       ] GC(851) Using 8 workers of 8 for evacuation
[15.711s][info][gc,phases     ] GC(851)   Pre Evacuate Collection Set: 0.4ms
[15.711s][info][gc,phases     ] GC(851)   Evacuate Collection Set: 0.9ms
[15.711s][info][gc,phases     ] GC(851)   Post Evacuate Collection Set: 0.2ms
[15.711s][info][gc,phases     ] GC(851)   Other: 0.2ms
[15.711s][info][gc,heap       ] GC(851) Eden regions: 4->0(103)
[15.711s][info][gc,heap       ] GC(851) Survivor regions: 1->1(13)
[15.711s][info][gc,heap       ] GC(851) Old regions: 27->27
[15.711s][info][gc,heap       ] GC(851) Humongous regions: 2026->2026
[15.711s][info][gc,metaspace  ] GC(851) Metaspace: 9862K->9862K(1058816K)
[15.711s][info][gc            ] GC(851) Pause Young (Concurrent Start) (G1 Humongous Allocation) 2056M->2052M(2087M) 1.809ms
[15.711s][info][gc,cpu        ] GC(851) User=0.00s Sys=0.00s Real=0.01s
[15.711s][info][gc            ] GC(852) Concurrent Cycle
[15.711s][info][gc,marking    ] GC(852) Concurrent Clear Claimed Marks
[15.711s][info][gc,marking    ] GC(852) Concurrent Clear Claimed Marks 0.025ms
[15.711s][info][gc,marking    ] GC(852) Concurrent Scan Root Regions
[15.712s][info][gc,marking    ] GC(852) Concurrent Scan Root Regions 0.067ms
[15.712s][info][gc,marking    ] GC(852) Concurrent Mark (15.712s)
[15.712s][info][gc,marking    ] GC(852) Concurrent Mark From Roots
[15.712s][info][gc,task       ] GC(852) Using 2 workers of 2 for marking
[15.717s][info][gc,marking    ] GC(852) Concurrent Mark From Roots 5.458ms
[15.717s][info][gc,marking    ] GC(852) Concurrent Preclean
[15.717s][info][gc,marking    ] GC(852) Concurrent Preclean 0.088ms
[15.717s][info][gc,marking    ] GC(852) Concurrent Mark (15.712s, 15.717s) 5.620ms
[15.717s][info][gc,start      ] GC(852) Pause Remark
[15.719s][info][gc,stringtable] GC(852) Cleaned string and symbol table, strings: 4350 processed, 0 removed, symbols: 36588 processed, 0 removed
[15.719s][info][gc            ] GC(852) Pause Remark 2055M->2055M(2087M) 1.806ms
[15.719s][info][gc,cpu        ] GC(852) User=0.01s Sys=0.00s Real=0.00s
[15.719s][info][gc,marking    ] GC(852) Concurrent Rebuild Remembered Sets
[15.725s][info][gc,marking    ] GC(852) Concurrent Rebuild Remembered Sets 6.180ms
[15.726s][info][gc,start      ] GC(852) Pause Cleanup
[15.726s][info][gc            ] GC(852) Pause Cleanup 2056M->2056M(2087M) 0.300ms
[15.726s][info][gc,cpu        ] GC(852) User=0.00s Sys=0.00s Real=0.00s
[15.726s][info][gc,marking    ] GC(852) Concurrent Cleanup for Next Mark
[15.729s][info][gc,marking    ] GC(852) Concurrent Cleanup for Next Mark 2.667ms
[15.729s][info][gc            ] GC(852) Concurrent Cycle 17.484ms
[15.739s][info][gc,start      ] GC(853) Pause Young (Concurrent Start) (G1 Humongous Allocation)
[15.739s][info][gc,task       ] GC(853) Using 8 workers of 8 for evacuation
[15.741s][info][gc,phases     ] GC(853)   Pre Evacuate Collection Set: 0.5ms
[15.741s][info][gc,phases     ] GC(853)   Evacuate Collection Set: 1.0ms
[15.741s][info][gc,phases     ] GC(853)   Post Evacuate Collection Set: 0.1ms
[15.741s][info][gc,phases     ] GC(853)   Other: 0.3ms
[15.741s][info][gc,heap       ] GC(853) Eden regions: 4->0(103)
[15.741s][info][gc,heap       ] GC(853) Survivor regions: 1->1(13)
[15.741s][info][gc,heap       ] GC(853) Old regions: 27->27
[15.741s][info][gc,heap       ] GC(853) Humongous regions: 2030->2030
[15.741s][info][gc,metaspace  ] GC(853) Metaspace: 9862K->9862K(1058816K)
[15.741s][info][gc            ] GC(853) Pause Young (Concurrent Start) (G1 Humongous Allocation) 2060M->2056M(2087M) 1.967ms
[15.741s][info][gc,cpu        ] GC(853) User=0.01s Sys=0.00s Real=0.00s
[15.741s][info][gc            ] GC(854) Concurrent Cycle
[15.741s][info][gc,marking    ] GC(854) Concurrent Clear Claimed Marks
[15.741s][info][gc,marking    ] GC(854) Concurrent Clear Claimed Marks 0.012ms
[15.741s][info][gc,marking    ] GC(854) Concurrent Scan Root Regions
[15.741s][info][gc,marking    ] GC(854) Concurrent Scan Root Regions 0.107ms
[15.741s][info][gc,marking    ] GC(854) Concurrent Mark (15.741s)
[15.741s][info][gc,marking    ] GC(854) Concurrent Mark From Roots
[15.741s][info][gc,task       ] GC(854) Using 2 workers of 2 for marking
[15.747s][info][gc,marking    ] GC(854) Concurrent Mark From Roots 5.539ms
[15.747s][info][gc,marking    ] GC(854) Concurrent Preclean
[15.747s][info][gc,marking    ] GC(854) Concurrent Preclean 0.093ms
[15.747s][info][gc,marking    ] GC(854) Concurrent Mark (15.741s, 15.747s) 5.747ms
[15.747s][info][gc,start      ] GC(854) Pause Remark
[15.748s][info][gc,stringtable] GC(854) Cleaned string and symbol table, strings: 4350 processed, 0 removed, symbols: 36588 processed, 0 removed
[15.749s][info][gc            ] GC(854) Pause Remark 2059M->2059M(2087M) 1.887ms
[15.749s][info][gc,cpu        ] GC(854) User=0.01s Sys=0.00s Real=0.00s
[15.749s][info][gc,marking    ] GC(854) Concurrent Rebuild Remembered Sets
[15.754s][info][gc,marking    ] GC(854) Concurrent Rebuild Remembered Sets 5.041ms
[15.755s][info][gc,start      ] GC(854) Pause Cleanup
[15.755s][info][gc            ] GC(854) Pause Cleanup 2062M->2062M(2087M) 0.299ms
[15.755s][info][gc,cpu        ] GC(854) User=0.00s Sys=0.00s Real=0.00s
[15.755s][info][gc,marking    ] GC(854) Concurrent Cleanup for Next Mark
[15.758s][info][gc,marking    ] GC(854) Concurrent Cleanup for Next Mark 2.533ms
[15.758s][info][gc            ] GC(854) Concurrent Cycle 17.027ms
[15.765s][info][gc,start      ] GC(855) Pause Young (Concurrent Start) (G1 Humongous Allocation)
[15.765s][info][gc,task       ] GC(855) Using 8 workers of 8 for evacuation
[15.767s][info][gc,phases     ] GC(855)   Pre Evacuate Collection Set: 0.5ms
[15.767s][info][gc,phases     ] GC(855)   Evacuate Collection Set: 0.7ms
[15.767s][info][gc,phases     ] GC(855)   Post Evacuate Collection Set: 0.1ms
[15.767s][info][gc,phases     ] GC(855)   Other: 0.3ms
[15.767s][info][gc,heap       ] GC(855) Eden regions: 4->0(103)
[15.767s][info][gc,heap       ] GC(855) Survivor regions: 1->1(13)
[15.767s][info][gc,heap       ] GC(855) Old regions: 27->27
[15.767s][info][gc,heap       ] GC(855) Humongous regions: 2034->2034
[15.767s][info][gc,metaspace  ] GC(855) Metaspace: 9862K->9862K(1058816K)
[15.767s][info][gc            ] GC(855) Pause Young (Concurrent Start) (G1 Humongous Allocation) 2064M->2060M(2087M) 1.706ms
[15.767s][info][gc,cpu        ] GC(855) User=0.01s Sys=0.00s Real=0.00s
[15.767s][info][gc            ] GC(856) Concurrent Cycle
[15.767s][info][gc,marking    ] GC(856) Concurrent Clear Claimed Marks
[15.767s][info][gc,marking    ] GC(856) Concurrent Clear Claimed Marks 0.036ms
[15.767s][info][gc,marking    ] GC(856) Concurrent Scan Root Regions
[15.767s][info][gc,marking    ] GC(856) Concurrent Scan Root Regions 0.077ms
[15.767s][info][gc,marking    ] GC(856) Concurrent Mark (15.767s)
[15.767s][info][gc,marking    ] GC(856) Concurrent Mark From Roots
[15.767s][info][gc,task       ] GC(856) Using 2 workers of 2 for marking
[15.772s][info][gc,marking    ] GC(856) Concurrent Mark From Roots 5.147ms
[15.772s][info][gc,marking    ] GC(856) Concurrent Preclean
[15.772s][info][gc,marking    ] GC(856) Concurrent Preclean 0.066ms
[15.772s][info][gc,marking    ] GC(856) Concurrent Mark (15.767s, 15.772s) 5.293ms
[15.772s][info][gc,start      ] GC(856) Pause Remark
[15.774s][info][gc,stringtable] GC(856) Cleaned string and symbol table, strings: 4350 processed, 0 removed, symbols: 36588 processed, 0 removed
[15.774s][info][gc            ] GC(856) Pause Remark 2063M->2063M(2087M) 1.789ms
[15.774s][info][gc,cpu        ] GC(856) User=0.01s Sys=0.00s Real=0.00s
[15.774s][info][gc,marking    ] GC(856) Concurrent Rebuild Remembered Sets
[15.779s][info][gc,marking    ] GC(856) Concurrent Rebuild Remembered Sets 4.919ms
[15.779s][info][gc,start      ] GC(856) Pause Cleanup
[15.780s][info][gc            ] GC(856) Pause Cleanup 2064M->2064M(2087M) 0.294ms
[15.780s][info][gc,cpu        ] GC(856) User=0.00s Sys=0.00s Real=0.00s
[15.780s][info][gc,marking    ] GC(856) Concurrent Cleanup for Next Mark
[15.782s][info][gc,marking    ] GC(856) Concurrent Cleanup for Next Mark 2.588ms
[15.782s][info][gc            ] GC(856) Concurrent Cycle 15.501ms
[15.790s][info][gc,start      ] GC(857) Pause Young (Concurrent Start) (G1 Humongous Allocation)
[15.790s][info][gc,task       ] GC(857) Using 8 workers of 8 for evacuation
[15.792s][info][gc,phases     ] GC(857)   Pre Evacuate Collection Set: 0.4ms
[15.792s][info][gc,phases     ] GC(857)   Evacuate Collection Set: 0.7ms
[15.792s][info][gc,phases     ] GC(857)   Post Evacuate Collection Set: 0.2ms
[15.792s][info][gc,phases     ] GC(857)   Other: 0.2ms
[15.792s][info][gc,heap       ] GC(857) Eden regions: 4->0(103)
[15.792s][info][gc,heap       ] GC(857) Survivor regions: 1->1(13)
[15.792s][info][gc,heap       ] GC(857) Old regions: 27->27
[15.792s][info][gc,heap       ] GC(857) Humongous regions: 2038->2038
[15.792s][info][gc,metaspace  ] GC(857) Metaspace: 9862K->9862K(1058816K)
[15.792s][info][gc            ] GC(857) Pause Young (Concurrent Start) (G1 Humongous Allocation) 2068M->2064M(2087M) 1.700ms
[15.792s][info][gc,cpu        ] GC(857) User=0.00s Sys=0.00s Real=0.01s
[15.792s][info][gc            ] GC(858) Concurrent Cycle
[15.792s][info][gc,marking    ] GC(858) Concurrent Clear Claimed Marks
[15.792s][info][gc,marking    ] GC(858) Concurrent Clear Claimed Marks 0.024ms
[15.792s][info][gc,marking    ] GC(858) Concurrent Scan Root Regions
[15.792s][info][gc,marking    ] GC(858) Concurrent Scan Root Regions 0.123ms
[15.792s][info][gc,marking    ] GC(858) Concurrent Mark (15.792s)
[15.792s][info][gc,marking    ] GC(858) Concurrent Mark From Roots
[15.792s][info][gc,task       ] GC(858) Using 2 workers of 2 for marking
[15.798s][info][gc,marking    ] GC(858) Concurrent Mark From Roots 5.238ms
[15.798s][info][gc,marking    ] GC(858) Concurrent Preclean
[15.798s][info][gc,marking    ] GC(858) Concurrent Preclean 0.081ms
[15.798s][info][gc,marking    ] GC(858) Concurrent Mark (15.792s, 15.798s) 5.439ms
[15.798s][info][gc,start      ] GC(858) Pause Remark
[15.799s][info][gc,stringtable] GC(858) Cleaned string and symbol table, strings: 4350 processed, 0 removed, symbols: 36588 processed, 0 removed
[15.800s][info][gc            ] GC(858) Pause Remark 2067M->2067M(2087M) 1.883ms
[15.800s][info][gc,cpu        ] GC(858) User=0.01s Sys=0.00s Real=0.00s
[15.800s][info][gc,marking    ] GC(858) Concurrent Rebuild Remembered Sets
[15.805s][info][gc,marking    ] GC(858) Concurrent Rebuild Remembered Sets 4.955ms
[15.806s][info][gc,start      ] GC(858) Pause Cleanup
[15.806s][info][gc            ] GC(858) Pause Cleanup 2070M->2070M(2087M) 0.233ms
[15.806s][info][gc,cpu        ] GC(858) User=0.00s Sys=0.00s Real=0.00s
[15.806s][info][gc,marking    ] GC(858) Concurrent Cleanup for Next Mark
[15.809s][info][gc,marking    ] GC(858) Concurrent Cleanup for Next Mark 2.552ms
[15.809s][info][gc            ] GC(858) Concurrent Cycle 16.676ms
[15.816s][info][gc,start      ] GC(859) Pause Young (Concurrent Start) (G1 Humongous Allocation)
[15.816s][info][gc,task       ] GC(859) Using 8 workers of 8 for evacuation
[15.817s][info][gc,phases     ] GC(859)   Pre Evacuate Collection Set: 0.4ms
[15.817s][info][gc,phases     ] GC(859)   Evacuate Collection Set: 0.6ms
[15.817s][info][gc,phases     ] GC(859)   Post Evacuate Collection Set: 0.1ms
[15.817s][info][gc,phases     ] GC(859)   Other: 0.2ms
[15.817s][info][gc,heap       ] GC(859) Eden regions: 4->0(103)
[15.817s][info][gc,heap       ] GC(859) Survivor regions: 1->1(13)
[15.817s][info][gc,heap       ] GC(859) Old regions: 27->27
[15.817s][info][gc,heap       ] GC(859) Humongous regions: 2042->2042
[15.817s][info][gc,metaspace  ] GC(859) Metaspace: 9862K->9862K(1058816K)
[15.817s][info][gc            ] GC(859) Pause Young (Concurrent Start) (G1 Humongous Allocation) 2072M->2068M(2087M) 1.428ms
[15.817s][info][gc,cpu        ] GC(859) User=0.00s Sys=0.00s Real=0.00s
[15.817s][info][gc            ] GC(860) Concurrent Cycle
[15.817s][info][gc,marking    ] GC(860) Concurrent Clear Claimed Marks
[15.817s][info][gc,marking    ] GC(860) Concurrent Clear Claimed Marks 0.013ms
[15.817s][info][gc,marking    ] GC(860) Concurrent Scan Root Regions
[15.817s][info][gc,marking    ] GC(860) Concurrent Scan Root Regions 0.099ms
[15.817s][info][gc,marking    ] GC(860) Concurrent Mark (15.817s)
[15.817s][info][gc,marking    ] GC(860) Concurrent Mark From Roots
[15.817s][info][gc,task       ] GC(860) Using 2 workers of 2 for marking
[15.823s][info][gc,marking    ] GC(860) Concurrent Mark From Roots 5.209ms
[15.823s][info][gc,marking    ] GC(860) Concurrent Preclean
[15.823s][info][gc,marking    ] GC(860) Concurrent Preclean 0.079ms
[15.823s][info][gc,marking    ] GC(860) Concurrent Mark (15.817s, 15.823s) 5.396ms
[15.823s][info][gc,start      ] GC(860) Pause Remark
[15.824s][info][gc,stringtable] GC(860) Cleaned string and symbol table, strings: 4350 processed, 0 removed, symbols: 36588 processed, 0 removed
[15.825s][info][gc            ] GC(860) Pause Remark 2071M->2071M(2087M) 1.792ms
[15.825s][info][gc,cpu        ] GC(860) User=0.00s Sys=0.00s Real=0.00s
[15.825s][info][gc,marking    ] GC(860) Concurrent Rebuild Remembered Sets
[15.830s][info][gc,marking    ] GC(860) Concurrent Rebuild Remembered Sets 4.904ms
[15.831s][info][gc,start      ] GC(860) Pause Cleanup
[15.831s][info][gc            ] GC(860) Pause Cleanup 2074M->2074M(2087M) 0.244ms
[15.831s][info][gc,cpu        ] GC(860) User=0.00s Sys=0.00s Real=0.00s
[15.831s][info][gc,marking    ] GC(860) Concurrent Cleanup for Next Mark
[15.834s][info][gc,marking    ] GC(860) Concurrent Cleanup for Next Mark 2.497ms
[15.834s][info][gc            ] GC(860) Concurrent Cycle 16.452ms
[15.841s][info][gc,start      ] GC(861) Pause Young (Concurrent Start) (G1 Humongous Allocation)
[15.841s][info][gc,task       ] GC(861) Using 8 workers of 8 for evacuation
[15.842s][info][gc,phases     ] GC(861)   Pre Evacuate Collection Set: 0.4ms
[15.842s][info][gc,phases     ] GC(861)   Evacuate Collection Set: 0.7ms
[15.842s][info][gc,phases     ] GC(861)   Post Evacuate Collection Set: 0.2ms
[15.842s][info][gc,phases     ] GC(861)   Other: 0.2ms
[15.842s][info][gc,heap       ] GC(861) Eden regions: 4->0(103)
[15.842s][info][gc,heap       ] GC(861) Survivor regions: 1->1(13)
[15.842s][info][gc,heap       ] GC(861) Old regions: 27->27
[15.842s][info][gc,heap       ] GC(861) Humongous regions: 2046->2046
[15.842s][info][gc,metaspace  ] GC(861) Metaspace: 9862K->9862K(1058816K)
[15.842s][info][gc            ] GC(861) Pause Young (Concurrent Start) (G1 Humongous Allocation) 2076M->2072M(2087M) 1.646ms
[15.842s][info][gc,cpu        ] GC(861) User=0.01s Sys=0.00s Real=0.01s
[15.842s][info][gc            ] GC(862) Concurrent Cycle
[15.842s][info][gc,marking    ] GC(862) Concurrent Clear Claimed Marks
[15.842s][info][gc,marking    ] GC(862) Concurrent Clear Claimed Marks 0.032ms
[15.842s][info][gc,marking    ] GC(862) Concurrent Scan Root Regions
[15.842s][info][gc,marking    ] GC(862) Concurrent Scan Root Regions 0.103ms
[15.843s][info][gc,marking    ] GC(862) Concurrent Mark (15.843s)
[15.843s][info][gc,marking    ] GC(862) Concurrent Mark From Roots
[15.843s][info][gc,task       ] GC(862) Using 2 workers of 2 for marking
[15.848s][info][gc,marking    ] GC(862) Concurrent Mark From Roots 5.253ms
[15.848s][info][gc,marking    ] GC(862) Concurrent Preclean
[15.848s][info][gc,marking    ] GC(862) Concurrent Preclean 0.100ms
[15.848s][info][gc,marking    ] GC(862) Concurrent Mark (15.843s, 15.848s) 5.423ms
[15.848s][info][gc,start      ] GC(862) Pause Remark
[15.849s][info][gc,stringtable] GC(862) Cleaned string and symbol table, strings: 4350 processed, 0 removed, symbols: 36588 processed, 0 removed
[15.849s][info][gc            ] GC(862) Pause Remark 2075M->2075M(2087M) 1.281ms
[15.849s][info][gc,cpu        ] GC(862) User=0.01s Sys=0.00s Real=0.00s
[15.849s][info][gc,marking    ] GC(862) Concurrent Rebuild Remembered Sets
[15.854s][info][gc,marking    ] GC(862) Concurrent Rebuild Remembered Sets 4.943ms
[15.856s][info][gc,start      ] GC(862) Pause Cleanup
[15.856s][info][gc            ] GC(862) Pause Cleanup 2078M->2078M(2087M) 0.292ms
[15.856s][info][gc,cpu        ] GC(862) User=0.00s Sys=0.00s Real=0.00s
[15.856s][info][gc,marking    ] GC(862) Concurrent Cleanup for Next Mark
[15.859s][info][gc,marking    ] GC(862) Concurrent Cleanup for Next Mark 2.607ms
[15.859s][info][gc            ] GC(862) Concurrent Cycle 16.333ms
[15.866s][info][gc,start      ] GC(863) Pause Young (Concurrent Start) (G1 Humongous Allocation)
[15.866s][info][gc,task       ] GC(863) Using 8 workers of 8 for evacuation
[15.867s][info][gc,phases     ] GC(863)   Pre Evacuate Collection Set: 0.4ms
[15.867s][info][gc,phases     ] GC(863)   Evacuate Collection Set: 0.7ms
[15.867s][info][gc,phases     ] GC(863)   Post Evacuate Collection Set: 0.2ms
[15.867s][info][gc,phases     ] GC(863)   Other: 0.2ms
[15.867s][info][gc,heap       ] GC(863) Eden regions: 4->0(103)
[15.867s][info][gc,heap       ] GC(863) Survivor regions: 1->1(13)
[15.867s][info][gc,heap       ] GC(863) Old regions: 27->27
[15.867s][info][gc,heap       ] GC(863) Humongous regions: 2050->2050
[15.867s][info][gc,metaspace  ] GC(863) Metaspace: 9862K->9862K(1058816K)
[15.867s][info][gc            ] GC(863) Pause Young (Concurrent Start) (G1 Humongous Allocation) 2080M->2076M(2087M) 1.604ms
[15.867s][info][gc,cpu        ] GC(863) User=0.00s Sys=0.00s Real=0.00s
[15.867s][info][gc            ] GC(864) Concurrent Cycle
[15.867s][info][gc,marking    ] GC(864) Concurrent Clear Claimed Marks
[15.867s][info][gc,marking    ] GC(864) Concurrent Clear Claimed Marks 0.044ms
[15.867s][info][gc,marking    ] GC(864) Concurrent Scan Root Regions
[15.867s][info][gc,marking    ] GC(864) Concurrent Scan Root Regions 0.102ms
[15.867s][info][gc,marking    ] GC(864) Concurrent Mark (15.867s)
[15.867s][info][gc,marking    ] GC(864) Concurrent Mark From Roots
[15.867s][info][gc,task       ] GC(864) Using 2 workers of 2 for marking
[15.873s][info][gc,marking    ] GC(864) Concurrent Mark From Roots 5.261ms
[15.873s][info][gc,marking    ] GC(864) Concurrent Preclean
[15.873s][info][gc,marking    ] GC(864) Concurrent Preclean 0.079ms
[15.873s][info][gc,marking    ] GC(864) Concurrent Mark (15.867s, 15.873s) 5.439ms
[15.873s][info][gc,start      ] GC(864) Pause Remark
[15.874s][info][gc,stringtable] GC(864) Cleaned string and symbol table, strings: 4350 processed, 0 removed, symbols: 36588 processed, 0 removed
[15.875s][info][gc            ] GC(864) Pause Remark 2079M->2079M(2087M) 1.774ms
[15.875s][info][gc,cpu        ] GC(864) User=0.01s Sys=0.00s Real=0.00s
[15.875s][info][gc,marking    ] GC(864) Concurrent Rebuild Remembered Sets
[15.880s][info][gc,marking    ] GC(864) Concurrent Rebuild Remembered Sets 4.979ms
[15.881s][info][gc,start      ] GC(864) Pause Cleanup
[15.881s][info][gc            ] GC(864) Pause Cleanup 2082M->2082M(2087M) 0.306ms
[15.881s][info][gc,cpu        ] GC(864) User=0.00s Sys=0.00s Real=0.00s
[15.881s][info][gc,marking    ] GC(864) Concurrent Cleanup for Next Mark
[15.884s][info][gc,marking    ] GC(864) Concurrent Cleanup for Next Mark 2.523ms
[15.884s][info][gc            ] GC(864) Concurrent Cycle 16.558ms
[15.891s][info][gc,start      ] GC(865) Pause Young (Concurrent Start) (G1 Humongous Allocation)
[15.891s][info][gc,task       ] GC(865) Using 8 workers of 8 for evacuation
[15.893s][info][gc,phases     ] GC(865)   Pre Evacuate Collection Set: 0.6ms
[15.894s][info][gc,phases     ] GC(865)   Evacuate Collection Set: 1.7ms
[15.894s][info][gc,phases     ] GC(865)   Post Evacuate Collection Set: 0.2ms
[15.894s][info][gc,phases     ] GC(865)   Other: 0.3ms
[15.894s][info][gc,heap       ] GC(865) Eden regions: 4->0(103)
[15.894s][info][gc,heap       ] GC(865) Survivor regions: 1->1(13)
[15.894s][info][gc,heap       ] GC(865) Old regions: 27->27
[15.894s][info][gc,heap       ] GC(865) Humongous regions: 2054->2054
[15.894s][info][gc,metaspace  ] GC(865) Metaspace: 9862K->9862K(1058816K)
[15.894s][info][gc            ] GC(865) Pause Young (Concurrent Start) (G1 Humongous Allocation) 2084M->2080M(2087M) 3.104ms
[15.894s][info][gc,cpu        ] GC(865) User=0.00s Sys=0.00s Real=0.01s
[15.894s][info][gc            ] GC(866) Concurrent Cycle
[15.894s][info][gc,marking    ] GC(866) Concurrent Clear Claimed Marks
[15.894s][info][gc,marking    ] GC(866) Concurrent Clear Claimed Marks 0.017ms
[15.894s][info][gc,marking    ] GC(866) Concurrent Scan Root Regions
[15.894s][info][gc,marking    ] GC(866) Concurrent Scan Root Regions 0.106ms
[15.894s][info][gc,marking    ] GC(866) Concurrent Mark (15.894s)
[15.894s][info][gc,marking    ] GC(866) Concurrent Mark From Roots
[15.894s][info][gc,task       ] GC(866) Using 2 workers of 2 for marking
[15.900s][info][gc,marking    ] GC(866) Concurrent Mark From Roots 6.306ms
[15.900s][info][gc,marking    ] GC(866) Concurrent Preclean
[15.900s][info][gc,marking    ] GC(866) Concurrent Preclean 0.149ms
[15.900s][info][gc,marking    ] GC(866) Concurrent Mark (15.894s, 15.900s) 6.542ms
[15.901s][info][gc,start      ] GC(866) Pause Remark
[15.902s][info][gc,stringtable] GC(866) Cleaned string and symbol table, strings: 4350 processed, 0 removed, symbols: 36588 processed, 0 removed
[15.902s][info][gc            ] GC(866) Pause Remark 2083M->2083M(2087M) 1.678ms
[15.902s][info][gc,cpu        ] GC(866) User=0.01s Sys=0.00s Real=0.01s
[15.902s][info][gc,marking    ] GC(866) Concurrent Rebuild Remembered Sets
[15.908s][info][gc,marking    ] GC(866) Concurrent Rebuild Remembered Sets 5.264ms
[15.908s][info][gc,start      ] GC(866) Pause Cleanup
[15.908s][info][gc            ] GC(866) Pause Cleanup 2086M->2086M(2089M) 0.310ms
[15.908s][info][gc,cpu        ] GC(866) User=0.00s Sys=0.00s Real=0.00s
[15.908s][info][gc,marking    ] GC(866) Concurrent Cleanup for Next Mark
[15.911s][info][gc,marking    ] GC(866) Concurrent Cleanup for Next Mark 2.775ms
[15.911s][info][gc            ] GC(866) Concurrent Cycle 17.544ms
[15.914s][info][gc,start      ] GC(867) Pause Young (Normal) (G1 Evacuation Pause)
[15.914s][info][gc,task       ] GC(867) Using 8 workers of 8 for evacuation
[15.916s][info][gc,phases     ] GC(867)   Pre Evacuate Collection Set: 0.5ms
[15.916s][info][gc,phases     ] GC(867)   Evacuate Collection Set: 1.0ms
[15.916s][info][gc,phases     ] GC(867)   Post Evacuate Collection Set: 0.1ms
[15.916s][info][gc,phases     ] GC(867)   Other: 0.2ms
[15.916s][info][gc,heap       ] GC(867) Eden regions: 3->0(103)
[15.916s][info][gc,heap       ] GC(867) Survivor regions: 1->1(13)
[15.916s][info][gc,heap       ] GC(867) Old regions: 27->27
[15.916s][info][gc,heap       ] GC(867) Humongous regions: 2058->2058
[15.916s][info][gc,metaspace  ] GC(867) Metaspace: 9862K->9862K(1058816K)
[15.916s][info][gc            ] GC(867) Pause Young (Normal) (G1 Evacuation Pause) 2087M->2084M(2090M) 1.906ms
[15.916s][info][gc,cpu        ] GC(867) User=0.01s Sys=0.00s Real=0.00s
[15.921s][info][gc,start      ] GC(868) Pause Young (Concurrent Start) (G1 Humongous Allocation)
[15.921s][info][gc,task       ] GC(868) Using 8 workers of 8 for evacuation
[15.923s][info][gc,phases     ] GC(868)   Pre Evacuate Collection Set: 0.6ms
[15.923s][info][gc,phases     ] GC(868)   Evacuate Collection Set: 1.0ms
[15.923s][info][gc,phases     ] GC(868)   Post Evacuate Collection Set: 0.2ms
[15.923s][info][gc,phases     ] GC(868)   Other: 0.3ms
[15.923s][info][gc,heap       ] GC(868) Eden regions: 1->0(103)
[15.923s][info][gc,heap       ] GC(868) Survivor regions: 1->1(13)
[15.923s][info][gc,heap       ] GC(868) Old regions: 27->27
[15.923s][info][gc,heap       ] GC(868) Humongous regions: 2058->2058
[15.923s][info][gc,metaspace  ] GC(868) Metaspace: 9862K->9862K(1058816K)
[15.923s][info][gc            ] GC(868) Pause Young (Concurrent Start) (G1 Humongous Allocation) 2085M->2084M(2090M) 2.171ms
[15.923s][info][gc,cpu        ] GC(868) User=0.01s Sys=0.00s Real=0.01s
[15.923s][info][gc            ] GC(869) Concurrent Cycle
[15.923s][info][gc,marking    ] GC(869) Concurrent Clear Claimed Marks
[15.923s][info][gc,marking    ] GC(869) Concurrent Clear Claimed Marks 0.011ms
[15.923s][info][gc,marking    ] GC(869) Concurrent Scan Root Regions
[15.923s][info][gc,marking    ] GC(869) Concurrent Scan Root Regions 0.064ms
[15.923s][info][gc,marking    ] GC(869) Concurrent Mark (15.923s)
[15.923s][info][gc,marking    ] GC(869) Concurrent Mark From Roots
[15.923s][info][gc,task       ] GC(869) Using 2 workers of 2 for marking
[15.930s][info][gc,marking    ] GC(869) Concurrent Mark From Roots 6.667ms
[15.930s][info][gc,marking    ] GC(869) Concurrent Preclean
[15.930s][info][gc,marking    ] GC(869) Concurrent Preclean 0.081ms
[15.930s][info][gc,marking    ] GC(869) Concurrent Mark (15.923s, 15.930s) 6.814ms
[15.930s][info][gc,start      ] GC(869) Pause Remark
[15.931s][info][gc,stringtable] GC(869) Cleaned string and symbol table, strings: 4350 processed, 0 removed, symbols: 36588 processed, 0 removed
[15.932s][info][gc            ] GC(869) Pause Remark 2087M->2087M(2090M) 1.563ms
[15.932s][info][gc,cpu        ] GC(869) User=0.01s Sys=0.00s Real=0.01s
[15.932s][info][gc,marking    ] GC(869) Concurrent Rebuild Remembered Sets
[15.937s][info][gc,marking    ] GC(869) Concurrent Rebuild Remembered Sets 4.947ms
[15.938s][info][gc,start      ] GC(869) Pause Cleanup
[15.938s][info][gc            ] GC(869) Pause Cleanup 2090M->2090M(2092M) 0.232ms
[15.938s][info][gc,cpu        ] GC(869) User=0.00s Sys=0.00s Real=0.00s
[15.938s][info][gc,marking    ] GC(869) Concurrent Cleanup for Next Mark
[15.938s][info][gc,start      ] GC(870) Pause Young (Normal) (G1 Evacuation Pause)
[15.939s][info][gc,task       ] GC(870) Using 8 workers of 8 for evacuation
[15.940s][info][gc,phases     ] GC(870)   Pre Evacuate Collection Set: 0.4ms
[15.940s][info][gc,phases     ] GC(870)   Evacuate Collection Set: 0.5ms
[15.940s][info][gc,phases     ] GC(870)   Post Evacuate Collection Set: 0.1ms
[15.940s][info][gc,phases     ] GC(870)   Other: 0.1ms
[15.940s][info][gc,heap       ] GC(870) Eden regions: 2->0(103)
[15.940s][info][gc,heap       ] GC(870) Survivor regions: 1->1(13)
[15.940s][info][gc,heap       ] GC(870) Old regions: 27->27
[15.940s][info][gc,heap       ] GC(870) Humongous regions: 2062->2062
[15.940s][info][gc,metaspace  ] GC(870) Metaspace: 9862K->9862K(1058816K)
[15.940s][info][gc            ] GC(870) Pause Young (Normal) (G1 Evacuation Pause) 2090M->2088M(2093M) 1.241ms
[15.940s][info][gc,cpu        ] GC(870) User=0.01s Sys=0.00s Real=0.00s
[15.942s][info][gc,marking    ] GC(869) Concurrent Cleanup for Next Mark 3.822ms
[15.942s][info][gc            ] GC(869) Concurrent Cycle 18.763ms
[15.949s][info][gc,start      ] GC(871) Pause Young (Concurrent Start) (G1 Humongous Allocation)
[15.949s][info][gc,task       ] GC(871) Using 8 workers of 8 for evacuation
[15.950s][info][gc,phases     ] GC(871)   Pre Evacuate Collection Set: 0.4ms
[15.950s][info][gc,phases     ] GC(871)   Evacuate Collection Set: 0.6ms
[15.950s][info][gc,phases     ] GC(871)   Post Evacuate Collection Set: 0.2ms
[15.950s][info][gc,phases     ] GC(871)   Other: 0.2ms
[15.950s][info][gc,heap       ] GC(871) Eden regions: 2->0(103)
[15.951s][info][gc,heap       ] GC(871) Survivor regions: 1->1(13)
[15.951s][info][gc,heap       ] GC(871) Old regions: 27->27
[15.951s][info][gc,heap       ] GC(871) Humongous regions: 2062->2062
[15.951s][info][gc,metaspace  ] GC(871) Metaspace: 9862K->9862K(1058816K)
[15.951s][info][gc            ] GC(871) Pause Young (Concurrent Start) (G1 Humongous Allocation) 2090M->2088M(2093M) 1.470ms
[15.951s][info][gc,cpu        ] GC(871) User=0.00s Sys=0.00s Real=0.00s
[15.951s][info][gc            ] GC(872) Concurrent Cycle
[15.951s][info][gc,marking    ] GC(872) Concurrent Clear Claimed Marks
[15.951s][info][gc,marking    ] GC(872) Concurrent Clear Claimed Marks 0.027ms
[15.951s][info][gc,marking    ] GC(872) Concurrent Scan Root Regions
[15.951s][info][gc,marking    ] GC(872) Concurrent Scan Root Regions 0.120ms
[15.951s][info][gc,marking    ] GC(872) Concurrent Mark (15.951s)
[15.951s][info][gc,marking    ] GC(872) Concurrent Mark From Roots
[15.951s][info][gc,task       ] GC(872) Using 2 workers of 2 for marking
[15.956s][info][gc,marking    ] GC(872) Concurrent Mark From Roots 5.229ms
[15.956s][info][gc,marking    ] GC(872) Concurrent Preclean
[15.956s][info][gc,marking    ] GC(872) Concurrent Preclean 0.072ms
[15.956s][info][gc,marking    ] GC(872) Concurrent Mark (15.951s, 15.956s) 5.358ms
[15.956s][info][gc,start      ] GC(872) Pause Remark
[15.958s][info][gc,stringtable] GC(872) Cleaned string and symbol table, strings: 4350 processed, 0 removed, symbols: 36588 processed, 0 removed
[15.958s][info][gc            ] GC(872) Pause Remark 2091M->2091M(2095M) 1.770ms
[15.958s][info][gc,cpu        ] GC(872) User=0.01s Sys=0.00s Real=0.00s
[15.958s][info][gc,marking    ] GC(872) Concurrent Rebuild Remembered Sets
[15.963s][info][gc,marking    ] GC(872) Concurrent Rebuild Remembered Sets 5.120ms
[15.964s][info][gc,start      ] GC(872) Pause Cleanup
[15.964s][info][gc            ] GC(872) Pause Cleanup 2092M->2092M(2095M) 0.211ms
[15.964s][info][gc,cpu        ] GC(872) User=0.00s Sys=0.00s Real=0.00s
[15.964s][info][gc,marking    ] GC(872) Concurrent Cleanup for Next Mark
[15.966s][info][gc,marking    ] GC(872) Concurrent Cleanup for Next Mark 2.672ms
[15.966s][info][gc            ] GC(872) Concurrent Cycle 15.885ms
[15.971s][info][gc,start      ] GC(873) Pause Young (Normal) (G1 Evacuation Pause)
[15.971s][info][gc,task       ] GC(873) Using 8 workers of 8 for evacuation
[15.972s][info][gc,phases     ] GC(873)   Pre Evacuate Collection Set: 0.4ms
[15.972s][info][gc,phases     ] GC(873)   Evacuate Collection Set: 0.6ms
[15.972s][info][gc,phases     ] GC(873)   Post Evacuate Collection Set: 0.1ms
[15.972s][info][gc,phases     ] GC(873)   Other: 0.1ms
[15.972s][info][gc,heap       ] GC(873) Eden regions: 3->0(103)
[15.972s][info][gc,heap       ] GC(873) Survivor regions: 1->1(13)
[15.972s][info][gc,heap       ] GC(873) Old regions: 27->27
[15.972s][info][gc,heap       ] GC(873) Humongous regions: 2066->2066
[15.972s][info][gc,metaspace  ] GC(873) Metaspace: 9862K->9862K(1058816K)
[15.972s][info][gc            ] GC(873) Pause Young (Normal) (G1 Evacuation Pause) 2095M->2092M(2098M) 1.369ms
[15.972s][info][gc,cpu        ] GC(873) User=0.01s Sys=0.00s Real=0.01s
[15.977s][info][gc,start      ] GC(874) Pause Young (Concurrent Start) (G1 Humongous Allocation)
[15.977s][info][gc,task       ] GC(874) Using 8 workers of 8 for evacuation
[15.978s][info][gc,phases     ] GC(874)   Pre Evacuate Collection Set: 0.4ms
[15.978s][info][gc,phases     ] GC(874)   Evacuate Collection Set: 0.4ms
[15.978s][info][gc,phases     ] GC(874)   Post Evacuate Collection Set: 0.2ms
[15.978s][info][gc,phases     ] GC(874)   Other: 0.2ms
[15.978s][info][gc,heap       ] GC(874) Eden regions: 1->0(103)
[15.978s][info][gc,heap       ] GC(874) Survivor regions: 1->1(13)
[15.978s][info][gc,heap       ] GC(874) Old regions: 27->27
[15.978s][info][gc,heap       ] GC(874) Humongous regions: 2066->2066
[15.978s][info][gc,metaspace  ] GC(874) Metaspace: 9862K->9862K(1058816K)
[15.979s][info][gc            ] GC(874) Pause Young (Concurrent Start) (G1 Humongous Allocation) 2093M->2092M(2098M) 1.267ms
[15.979s][info][gc,cpu        ] GC(874) User=0.00s Sys=0.00s Real=0.00s
[15.979s][info][gc            ] GC(875) Concurrent Cycle
[15.979s][info][gc,marking    ] GC(875) Concurrent Clear Claimed Marks
[15.979s][info][gc,marking    ] GC(875) Concurrent Clear Claimed Marks 0.013ms
[15.979s][info][gc,marking    ] GC(875) Concurrent Scan Root Regions
[15.979s][info][gc,marking    ] GC(875) Concurrent Scan Root Regions 0.110ms
[15.979s][info][gc,marking    ] GC(875) Concurrent Mark (15.979s)
[15.979s][info][gc,marking    ] GC(875) Concurrent Mark From Roots
[15.979s][info][gc,task       ] GC(875) Using 2 workers of 2 for marking
[15.984s][info][gc,marking    ] GC(875) Concurrent Mark From Roots 5.365ms
[15.984s][info][gc,marking    ] GC(875) Concurrent Preclean
[15.984s][info][gc,marking    ] GC(875) Concurrent Preclean 0.101ms
[15.984s][info][gc,marking    ] GC(875) Concurrent Mark (15.979s, 15.984s) 5.575ms
[15.985s][info][gc,start      ] GC(875) Pause Remark
[15.986s][info][gc,stringtable] GC(875) Cleaned string and symbol table, strings: 4350 processed, 0 removed, symbols: 36588 processed, 0 removed
[15.986s][info][gc            ] GC(875) Pause Remark 2095M->2095M(2098M) 1.763ms
[15.986s][info][gc,cpu        ] GC(875) User=0.01s Sys=0.00s Real=0.00s
[15.986s][info][gc,marking    ] GC(875) Concurrent Rebuild Remembered Sets
[15.991s][info][gc,marking    ] GC(875) Concurrent Rebuild Remembered Sets 4.968ms
[15.992s][info][gc,start      ] GC(875) Pause Cleanup
[15.992s][info][gc            ] GC(875) Pause Cleanup 2098M->2098M(2100M) 0.244ms
[15.992s][info][gc,cpu        ] GC(875) User=0.00s Sys=0.00s Real=0.00s
[15.992s][info][gc,marking    ] GC(875) Concurrent Cleanup for Next Mark
[15.993s][info][gc,start      ] GC(876) Pause Young (Normal) (G1 Evacuation Pause)
[15.993s][info][gc,task       ] GC(876) Using 8 workers of 8 for evacuation
[15.994s][info][gc,phases     ] GC(876)   Pre Evacuate Collection Set: 0.4ms
[15.994s][info][gc,phases     ] GC(876)   Evacuate Collection Set: 0.6ms
[15.994s][info][gc,phases     ] GC(876)   Post Evacuate Collection Set: 0.1ms
[15.994s][info][gc,phases     ] GC(876)   Other: 0.1ms
[15.994s][info][gc,heap       ] GC(876) Eden regions: 2->0(104)
[15.994s][info][gc,heap       ] GC(876) Survivor regions: 1->1(13)
[15.994s][info][gc,heap       ] GC(876) Old regions: 27->27
[15.994s][info][gc,heap       ] GC(876) Humongous regions: 2070->2070
[15.994s][info][gc,metaspace  ] GC(876) Metaspace: 9862K->9862K(1058816K)
[15.994s][info][gc            ] GC(876) Pause Young (Normal) (G1 Evacuation Pause) 2098M->2096M(2101M) 1.293ms
[15.994s][info][gc,cpu        ] GC(876) User=0.00s Sys=0.00s Real=0.00s
[15.996s][info][gc,marking    ] GC(875) Concurrent Cleanup for Next Mark 4.088ms
[15.996s][info][gc            ] GC(875) Concurrent Cycle 17.845ms
[16.004s][info][gc,start      ] GC(877) Pause Young (Concurrent Start) (G1 Humongous Allocation)
[16.004s][info][gc,task       ] GC(877) Using 8 workers of 8 for evacuation
[16.005s][info][gc,phases     ] GC(877)   Pre Evacuate Collection Set: 0.4ms
[16.005s][info][gc,phases     ] GC(877)   Evacuate Collection Set: 0.4ms
[16.005s][info][gc,phases     ] GC(877)   Post Evacuate Collection Set: 0.1ms
[16.005s][info][gc,phases     ] GC(877)   Other: 0.2ms
[16.005s][info][gc,heap       ] GC(877) Eden regions: 2->0(104)
[16.005s][info][gc,heap       ] GC(877) Survivor regions: 1->1(14)
[16.005s][info][gc,heap       ] GC(877) Old regions: 27->27
[16.005s][info][gc,heap       ] GC(877) Humongous regions: 2070->2070
[16.005s][info][gc,metaspace  ] GC(877) Metaspace: 9862K->9862K(1058816K)
[16.005s][info][gc            ] GC(877) Pause Young (Concurrent Start) (G1 Humongous Allocation) 2098M->2096M(2101M) 1.319ms
[16.005s][info][gc,cpu        ] GC(877) User=0.01s Sys=0.00s Real=0.00s
[16.005s][info][gc            ] GC(878) Concurrent Cycle
[16.005s][info][gc,marking    ] GC(878) Concurrent Clear Claimed Marks
[16.005s][info][gc,marking    ] GC(878) Concurrent Clear Claimed Marks 0.036ms
[16.005s][info][gc,marking    ] GC(878) Concurrent Scan Root Regions
[16.005s][info][gc,marking    ] GC(878) Concurrent Scan Root Regions 0.057ms
[16.005s][info][gc,marking    ] GC(878) Concurrent Mark (16.005s)
[16.005s][info][gc,marking    ] GC(878) Concurrent Mark From Roots
[16.005s][info][gc,task       ] GC(878) Using 2 workers of 2 for marking
[16.010s][info][gc,marking    ] GC(878) Concurrent Mark From Roots 5.410ms
[16.010s][info][gc,marking    ] GC(878) Concurrent Preclean
[16.011s][info][gc,marking    ] GC(878) Concurrent Preclean 0.071ms
[16.011s][info][gc,marking    ] GC(878) Concurrent Mark (16.005s, 16.011s) 5.553ms
[16.011s][info][gc,start      ] GC(878) Pause Remark
[16.012s][info][gc,stringtable] GC(878) Cleaned string and symbol table, strings: 4350 processed, 0 removed, symbols: 36588 processed, 0 removed
[16.012s][info][gc            ] GC(878) Pause Remark 2099M->2099M(2103M) 1.751ms
[16.012s][info][gc,cpu        ] GC(878) User=0.01s Sys=0.00s Real=0.01s
[16.013s][info][gc,marking    ] GC(878) Concurrent Rebuild Remembered Sets
[16.018s][info][gc,marking    ] GC(878) Concurrent Rebuild Remembered Sets 5.094ms
[16.018s][info][gc,start      ] GC(878) Pause Cleanup
[16.018s][info][gc            ] GC(878) Pause Cleanup 2100M->2100M(2103M) 0.242ms
[16.018s][info][gc,cpu        ] GC(878) User=0.00s Sys=0.00s Real=0.00s
[16.018s][info][gc,marking    ] GC(878) Concurrent Cleanup for Next Mark
[16.021s][info][gc,marking    ] GC(878) Concurrent Cleanup for Next Mark 2.712ms
[16.021s][info][gc            ] GC(878) Concurrent Cycle 16.080ms
[16.025s][info][gc,start      ] GC(879) Pause Young (Normal) (G1 Evacuation Pause)
[16.025s][info][gc,task       ] GC(879) Using 8 workers of 8 for evacuation
[16.027s][info][gc,phases     ] GC(879)   Pre Evacuate Collection Set: 0.4ms
[16.027s][info][gc,phases     ] GC(879)   Evacuate Collection Set: 0.9ms
[16.027s][info][gc,phases     ] GC(879)   Post Evacuate Collection Set: 0.1ms
[16.027s][info][gc,phases     ] GC(879)   Other: 0.1ms
[16.027s][info][gc,heap       ] GC(879) Eden regions: 3->0(104)
[16.027s][info][gc,heap       ] GC(879) Survivor regions: 1->1(14)
[16.027s][info][gc,heap       ] GC(879) Old regions: 27->27
[16.027s][info][gc,heap       ] GC(879) Humongous regions: 2074->2074
[16.027s][info][gc,metaspace  ] GC(879) Metaspace: 9862K->9862K(1058816K)
[16.027s][info][gc            ] GC(879) Pause Young (Normal) (G1 Evacuation Pause) 2103M->2100M(2106M) 1.743ms
[16.027s][info][gc,cpu        ] GC(879) User=0.00s Sys=0.00s Real=0.00s
[16.032s][info][gc,start      ] GC(880) Pause Young (Concurrent Start) (G1 Humongous Allocation)
[16.032s][info][gc,task       ] GC(880) Using 8 workers of 8 for evacuation
[16.033s][info][gc,phases     ] GC(880)   Pre Evacuate Collection Set: 0.4ms
[16.033s][info][gc,phases     ] GC(880)   Evacuate Collection Set: 0.5ms
[16.033s][info][gc,phases     ] GC(880)   Post Evacuate Collection Set: 0.2ms
[16.033s][info][gc,phases     ] GC(880)   Other: 0.3ms
[16.033s][info][gc,heap       ] GC(880) Eden regions: 1->0(104)
[16.033s][info][gc,heap       ] GC(880) Survivor regions: 1->1(14)
[16.033s][info][gc,heap       ] GC(880) Old regions: 27->27
[16.033s][info][gc,heap       ] GC(880) Humongous regions: 2074->2074
[16.033s][info][gc,metaspace  ] GC(880) Metaspace: 9862K->9862K(1058816K)
[16.033s][info][gc            ] GC(880) Pause Young (Concurrent Start) (G1 Humongous Allocation) 2101M->2100M(2106M) 1.521ms
[16.033s][info][gc,cpu        ] GC(880) User=0.00s Sys=0.00s Real=0.00s
[16.033s][info][gc            ] GC(881) Concurrent Cycle
[16.033s][info][gc,marking    ] GC(881) Concurrent Clear Claimed Marks
[16.033s][info][gc,marking    ] GC(881) Concurrent Clear Claimed Marks 0.032ms
[16.034s][info][gc,marking    ] GC(881) Concurrent Scan Root Regions
[16.034s][info][gc,marking    ] GC(881) Concurrent Scan Root Regions 0.100ms
[16.034s][info][gc,marking    ] GC(881) Concurrent Mark (16.034s)
[16.034s][info][gc,marking    ] GC(881) Concurrent Mark From Roots
[16.034s][info][gc,task       ] GC(881) Using 2 workers of 2 for marking
[16.039s][info][gc,marking    ] GC(881) Concurrent Mark From Roots 5.287ms
[16.039s][info][gc,marking    ] GC(881) Concurrent Preclean
[16.039s][info][gc,marking    ] GC(881) Concurrent Preclean 0.071ms
[16.039s][info][gc,marking    ] GC(881) Concurrent Mark (16.034s, 16.039s) 5.443ms
[16.039s][info][gc,start      ] GC(881) Pause Remark
[16.041s][info][gc,stringtable] GC(881) Cleaned string and symbol table, strings: 4350 processed, 0 removed, symbols: 36588 processed, 0 removed
[16.041s][info][gc            ] GC(881) Pause Remark 2103M->2103M(2108M) 1.632ms
[16.041s][info][gc,cpu        ] GC(881) User=0.00s Sys=0.00s Real=0.00s
[16.041s][info][gc,marking    ] GC(881) Concurrent Rebuild Remembered Sets
[16.046s][info][gc,marking    ] GC(881) Concurrent Rebuild Remembered Sets 4.938ms
[16.046s][info][gc,start      ] GC(881) Pause Cleanup
[16.046s][info][gc            ] GC(881) Pause Cleanup 2104M->2104M(2108M) 0.198ms
[16.046s][info][gc,cpu        ] GC(881) User=0.00s Sys=0.00s Real=0.00s
[16.046s][info][gc,marking    ] GC(881) Concurrent Cleanup for Next Mark
[16.049s][info][gc,marking    ] GC(881) Concurrent Cleanup for Next Mark 3.129ms
[16.049s][info][gc            ] GC(881) Concurrent Cycle 16.019ms
[16.058s][info][gc,start      ] GC(882) Pause Young (Concurrent Start) (G1 Humongous Allocation)
[16.058s][info][gc,task       ] GC(882) Using 8 workers of 8 for evacuation
[16.061s][info][gc,phases     ] GC(882)   Pre Evacuate Collection Set: 0.5ms
[16.061s][info][gc,phases     ] GC(882)   Evacuate Collection Set: 0.7ms
[16.061s][info][gc,phases     ] GC(882)   Post Evacuate Collection Set: 0.9ms
[16.061s][info][gc,phases     ] GC(882)   Other: 0.3ms
[16.061s][info][gc,heap       ] GC(882) Eden regions: 4->0(109)
[16.061s][info][gc,heap       ] GC(882) Survivor regions: 1->1(14)
[16.061s][info][gc,heap       ] GC(882) Old regions: 27->27
[16.061s][info][gc,heap       ] GC(882) Humongous regions: 2078->2078
[16.061s][info][gc,metaspace  ] GC(882) Metaspace: 9862K->9862K(1058816K)
[16.061s][info][gc            ] GC(882) Pause Young (Concurrent Start) (G1 Humongous Allocation) 2108M->2104M(2219M) 2.428ms
[16.061s][info][gc,cpu        ] GC(882) User=0.00s Sys=0.00s Real=0.00s
[16.061s][info][gc            ] GC(883) Concurrent Cycle
[16.061s][info][gc,marking    ] GC(883) Concurrent Clear Claimed Marks
[16.061s][info][gc,marking    ] GC(883) Concurrent Clear Claimed Marks 0.036ms
[16.061s][info][gc,marking    ] GC(883) Concurrent Scan Root Regions
[16.061s][info][gc,marking    ] GC(883) Concurrent Scan Root Regions 0.084ms
[16.061s][info][gc,marking    ] GC(883) Concurrent Mark (16.061s)
[16.061s][info][gc,marking    ] GC(883) Concurrent Mark From Roots
[16.061s][info][gc,task       ] GC(883) Using 2 workers of 2 for marking
[16.066s][info][gc,marking    ] GC(883) Concurrent Mark From Roots 5.227ms
[16.066s][info][gc,marking    ] GC(883) Concurrent Preclean
[16.066s][info][gc,marking    ] GC(883) Concurrent Preclean 0.068ms
[16.066s][info][gc,marking    ] GC(883) Concurrent Mark (16.061s, 16.066s) 5.383ms
[16.067s][info][gc,start      ] GC(883) Pause Remark
[16.068s][info][gc,stringtable] GC(883) Cleaned string and symbol table, strings: 4350 processed, 0 removed, symbols: 36588 processed, 0 removed
[16.068s][info][gc            ] GC(883) Pause Remark 2107M->2107M(2219M) 1.802ms
[16.068s][info][gc,cpu        ] GC(883) User=0.00s Sys=0.00s Real=0.00s
[16.068s][info][gc,marking    ] GC(883) Concurrent Rebuild Remembered Sets
[16.073s][info][gc,marking    ] GC(883) Concurrent Rebuild Remembered Sets 4.900ms
[16.074s][info][gc,start      ] GC(883) Pause Cleanup
[16.074s][info][gc            ] GC(883) Pause Cleanup 2108M->2108M(2219M) 0.234ms
[16.074s][info][gc,cpu        ] GC(883) User=0.00s Sys=0.00s Real=0.00s
[16.074s][info][gc,marking    ] GC(883) Concurrent Cleanup for Next Mark
[16.077s][info][gc,marking    ] GC(883) Concurrent Cleanup for Next Mark 3.138ms
[16.077s][info][gc            ] GC(883) Concurrent Cycle 16.163ms
[16.087s][info][gc,start      ] GC(884) Pause Young (Concurrent Start) (G1 Humongous Allocation)
[16.087s][info][gc,task       ] GC(884) Using 8 workers of 8 for evacuation
[16.088s][info][gc,phases     ] GC(884)   Pre Evacuate Collection Set: 0.5ms
[16.088s][info][gc,phases     ] GC(884)   Evacuate Collection Set: 0.6ms
[16.088s][info][gc,phases     ] GC(884)   Post Evacuate Collection Set: 0.1ms
[16.088s][info][gc,phases     ] GC(884)   Other: 0.3ms
[16.088s][info][gc,heap       ] GC(884) Eden regions: 4->0(109)
[16.088s][info][gc,heap       ] GC(884) Survivor regions: 1->1(14)
[16.088s][info][gc,heap       ] GC(884) Old regions: 27->27
[16.088s][info][gc,heap       ] GC(884) Humongous regions: 2082->2082
[16.088s][info][gc,metaspace  ] GC(884) Metaspace: 9862K->9862K(1058816K)
[16.088s][info][gc            ] GC(884) Pause Young (Concurrent Start) (G1 Humongous Allocation) 2112M->2108M(2219M) 1.536ms
[16.088s][info][gc,cpu        ] GC(884) User=0.00s Sys=0.00s Real=0.00s
[16.088s][info][gc            ] GC(885) Concurrent Cycle
[16.088s][info][gc,marking    ] GC(885) Concurrent Clear Claimed Marks
[16.088s][info][gc,marking    ] GC(885) Concurrent Clear Claimed Marks 0.027ms
[16.088s][info][gc,marking    ] GC(885) Concurrent Scan Root Regions
[16.088s][info][gc,marking    ] GC(885) Concurrent Scan Root Regions 0.131ms
[16.088s][info][gc,marking    ] GC(885) Concurrent Mark (16.088s)
[16.088s][info][gc,marking    ] GC(885) Concurrent Mark From Roots
[16.088s][info][gc,task       ] GC(885) Using 2 workers of 2 for marking
[16.094s][info][gc,marking    ] GC(885) Concurrent Mark From Roots 5.332ms
[16.094s][info][gc,marking    ] GC(885) Concurrent Preclean
[16.094s][info][gc,marking    ] GC(885) Concurrent Preclean 0.089ms
[16.094s][info][gc,marking    ] GC(885) Concurrent Mark (16.088s, 16.094s) 5.531ms
[16.094s][info][gc,start      ] GC(885) Pause Remark
[16.095s][info][gc,stringtable] GC(885) Cleaned string and symbol table, strings: 4350 processed, 0 removed, symbols: 36588 processed, 0 removed
[16.096s][info][gc            ] GC(885) Pause Remark 2111M->2111M(2219M) 1.803ms
[16.096s][info][gc,cpu        ] GC(885) User=0.00s Sys=0.00s Real=0.00s
[16.096s][info][gc,marking    ] GC(885) Concurrent Rebuild Remembered Sets
[16.101s][info][gc,marking    ] GC(885) Concurrent Rebuild Remembered Sets 4.930ms
[16.102s][info][gc,start      ] GC(885) Pause Cleanup
[16.102s][info][gc            ] GC(885) Pause Cleanup 2114M->2114M(2219M) 0.268ms
[16.102s][info][gc,cpu        ] GC(885) User=0.00s Sys=0.00s Real=0.00s
[16.102s][info][gc,marking    ] GC(885) Concurrent Cleanup for Next Mark
[16.105s][info][gc,marking    ] GC(885) Concurrent Cleanup for Next Mark 3.056ms
[16.105s][info][gc            ] GC(885) Concurrent Cycle 16.967ms
[16.112s][info][gc,start      ] GC(886) Pause Young (Concurrent Start) (G1 Humongous Allocation)
[16.112s][info][gc,task       ] GC(886) Using 8 workers of 8 for evacuation
[16.114s][info][gc,phases     ] GC(886)   Pre Evacuate Collection Set: 0.5ms
[16.114s][info][gc,phases     ] GC(886)   Evacuate Collection Set: 1.1ms
[16.114s][info][gc,phases     ] GC(886)   Post Evacuate Collection Set: 0.2ms
[16.114s][info][gc,phases     ] GC(886)   Other: 0.3ms
[16.114s][info][gc,heap       ] GC(886) Eden regions: 4->0(109)
[16.114s][info][gc,heap       ] GC(886) Survivor regions: 1->1(14)
[16.114s][info][gc,heap       ] GC(886) Old regions: 27->27
[16.114s][info][gc,heap       ] GC(886) Humongous regions: 2086->2086
[16.114s][info][gc,metaspace  ] GC(886) Metaspace: 9862K->9862K(1058816K)
[16.114s][info][gc            ] GC(886) Pause Young (Concurrent Start) (G1 Humongous Allocation) 2116M->2112M(2219M) 2.154ms
[16.114s][info][gc,cpu        ] GC(886) User=0.01s Sys=0.00s Real=0.00s
[16.114s][info][gc            ] GC(887) Concurrent Cycle
[16.114s][info][gc,marking    ] GC(887) Concurrent Clear Claimed Marks
[16.114s][info][gc,marking    ] GC(887) Concurrent Clear Claimed Marks 0.013ms
[16.114s][info][gc,marking    ] GC(887) Concurrent Scan Root Regions
[16.114s][info][gc,marking    ] GC(887) Concurrent Scan Root Regions 0.122ms
[16.114s][info][gc,marking    ] GC(887) Concurrent Mark (16.114s)
[16.114s][info][gc,marking    ] GC(887) Concurrent Mark From Roots
[16.114s][info][gc,task       ] GC(887) Using 2 workers of 2 for marking
[16.119s][info][gc,marking    ] GC(887) Concurrent Mark From Roots 5.332ms
[16.119s][info][gc,marking    ] GC(887) Concurrent Preclean
[16.120s][info][gc,marking    ] GC(887) Concurrent Preclean 0.087ms
[16.120s][info][gc,marking    ] GC(887) Concurrent Mark (16.114s, 16.120s) 5.506ms
[16.120s][info][gc,start      ] GC(887) Pause Remark
[16.121s][info][gc,stringtable] GC(887) Cleaned string and symbol table, strings: 4350 processed, 0 removed, symbols: 36588 processed, 0 removed
[16.122s][info][gc            ] GC(887) Pause Remark 2115M->2115M(2219M) 1.916ms
[16.122s][info][gc,cpu        ] GC(887) User=0.01s Sys=0.00s Real=0.01s
[16.122s][info][gc,marking    ] GC(887) Concurrent Rebuild Remembered Sets
[16.129s][info][gc,marking    ] GC(887) Concurrent Rebuild Remembered Sets 7.738ms
[16.130s][info][gc,start      ] GC(887) Pause Cleanup
[16.130s][info][gc            ] GC(887) Pause Cleanup 2116M->2116M(2219M) 0.337ms
[16.130s][info][gc,cpu        ] GC(887) User=0.00s Sys=0.00s Real=0.00s
[16.130s][info][gc,marking    ] GC(887) Concurrent Cleanup for Next Mark
[16.133s][info][gc,marking    ] GC(887) Concurrent Cleanup for Next Mark 2.847ms
[16.133s][info][gc            ] GC(887) Concurrent Cycle 19.201ms
[16.142s][info][gc,start      ] GC(888) Pause Young (Concurrent Start) (G1 Humongous Allocation)
[16.142s][info][gc,task       ] GC(888) Using 8 workers of 8 for evacuation
[16.143s][info][gc,phases     ] GC(888)   Pre Evacuate Collection Set: 0.5ms
[16.143s][info][gc,phases     ] GC(888)   Evacuate Collection Set: 0.6ms
[16.143s][info][gc,phases     ] GC(888)   Post Evacuate Collection Set: 0.1ms
[16.143s][info][gc,phases     ] GC(888)   Other: 0.2ms
[16.143s][info][gc,heap       ] GC(888) Eden regions: 4->0(109)
[16.143s][info][gc,heap       ] GC(888) Survivor regions: 1->1(14)
[16.143s][info][gc,heap       ] GC(888) Old regions: 27->27
[16.143s][info][gc,heap       ] GC(888) Humongous regions: 2090->2090
[16.143s][info][gc,metaspace  ] GC(888) Metaspace: 9862K->9862K(1058816K)
[16.143s][info][gc            ] GC(888) Pause Young (Concurrent Start) (G1 Humongous Allocation) 2120M->2116M(2219M) 1.526ms
[16.143s][info][gc,cpu        ] GC(888) User=0.01s Sys=0.00s Real=0.00s
[16.143s][info][gc            ] GC(889) Concurrent Cycle
[16.144s][info][gc,marking    ] GC(889) Concurrent Clear Claimed Marks
[16.144s][info][gc,marking    ] GC(889) Concurrent Clear Claimed Marks 0.033ms
[16.144s][info][gc,marking    ] GC(889) Concurrent Scan Root Regions
[16.144s][info][gc,marking    ] GC(889) Concurrent Scan Root Regions 0.103ms
[16.144s][info][gc,marking    ] GC(889) Concurrent Mark (16.144s)
[16.144s][info][gc,marking    ] GC(889) Concurrent Mark From Roots
[16.144s][info][gc,task       ] GC(889) Using 2 workers of 2 for marking
[16.149s][info][gc,marking    ] GC(889) Concurrent Mark From Roots 5.549ms
[16.149s][info][gc,marking    ] GC(889) Concurrent Preclean
[16.149s][info][gc,marking    ] GC(889) Concurrent Preclean 0.074ms
[16.149s][info][gc,marking    ] GC(889) Concurrent Mark (16.144s, 16.149s) 5.682ms
[16.150s][info][gc,start      ] GC(889) Pause Remark
[16.150s][info][gc,stringtable] GC(889) Cleaned string and symbol table, strings: 4350 processed, 0 removed, symbols: 36588 processed, 0 removed
[16.151s][info][gc            ] GC(889) Pause Remark 2119M->2119M(2219M) 1.210ms
[16.151s][info][gc,cpu        ] GC(889) User=0.01s Sys=0.00s Real=0.00s
[16.151s][info][gc,marking    ] GC(889) Concurrent Rebuild Remembered Sets
[16.156s][info][gc,marking    ] GC(889) Concurrent Rebuild Remembered Sets 5.000ms
[16.157s][info][gc,start      ] GC(889) Pause Cleanup
[16.157s][info][gc            ] GC(889) Pause Cleanup 2122M->2122M(2219M) 0.309ms
[16.157s][info][gc,cpu        ] GC(889) User=0.01s Sys=0.00s Real=0.00s
[16.157s][info][gc,marking    ] GC(889) Concurrent Cleanup for Next Mark
[16.160s][info][gc,marking    ] GC(889) Concurrent Cleanup for Next Mark 2.881ms
[16.160s][info][gc            ] GC(889) Concurrent Cycle 16.503ms
[16.167s][info][gc,start      ] GC(890) Pause Young (Concurrent Start) (G1 Humongous Allocation)
[16.167s][info][gc,task       ] GC(890) Using 8 workers of 8 for evacuation
[16.168s][info][gc,phases     ] GC(890)   Pre Evacuate Collection Set: 0.5ms
[16.169s][info][gc,phases     ] GC(890)   Evacuate Collection Set: 0.8ms
[16.169s][info][gc,phases     ] GC(890)   Post Evacuate Collection Set: 0.1ms
[16.169s][info][gc,phases     ] GC(890)   Other: 0.3ms
[16.169s][info][gc,heap       ] GC(890) Eden regions: 4->0(109)
[16.169s][info][gc,heap       ] GC(890) Survivor regions: 1->1(14)
[16.169s][info][gc,heap       ] GC(890) Old regions: 27->27
[16.169s][info][gc,heap       ] GC(890) Humongous regions: 2094->2094
[16.169s][info][gc,metaspace  ] GC(890) Metaspace: 9862K->9862K(1058816K)
[16.169s][info][gc            ] GC(890) Pause Young (Concurrent Start) (G1 Humongous Allocation) 2124M->2120M(2219M) 1.711ms
[16.169s][info][gc,cpu        ] GC(890) User=0.00s Sys=0.00s Real=0.00s
[16.169s][info][gc            ] GC(891) Concurrent Cycle
[16.169s][info][gc,marking    ] GC(891) Concurrent Clear Claimed Marks
[16.169s][info][gc,marking    ] GC(891) Concurrent Clear Claimed Marks 0.034ms
[16.169s][info][gc,marking    ] GC(891) Concurrent Scan Root Regions
[16.169s][info][gc,marking    ] GC(891) Concurrent Scan Root Regions 0.074ms
[16.169s][info][gc,marking    ] GC(891) Concurrent Mark (16.169s)
[16.169s][info][gc,marking    ] GC(891) Concurrent Mark From Roots
[16.169s][info][gc,task       ] GC(891) Using 2 workers of 2 for marking
[16.175s][info][gc,marking    ] GC(891) Concurrent Mark From Roots 5.742ms
[16.175s][info][gc,marking    ] GC(891) Concurrent Preclean
[16.175s][info][gc,marking    ] GC(891) Concurrent Preclean 0.082ms
[16.175s][info][gc,marking    ] GC(891) Concurrent Mark (16.169s, 16.175s) 5.889ms
[16.175s][info][gc,start      ] GC(891) Pause Remark
[16.176s][info][gc,stringtable] GC(891) Cleaned string and symbol table, strings: 4350 processed, 0 removed, symbols: 36588 processed, 0 removed
[16.176s][info][gc            ] GC(891) Pause Remark 2123M->2123M(2219M) 1.389ms
[16.176s][info][gc,cpu        ] GC(891) User=0.01s Sys=0.00s Real=0.00s
[16.176s][info][gc,marking    ] GC(891) Concurrent Rebuild Remembered Sets
[16.181s][info][gc,marking    ] GC(891) Concurrent Rebuild Remembered Sets 5.134ms
[16.183s][info][gc,start      ] GC(891) Pause Cleanup
[16.183s][info][gc            ] GC(891) Pause Cleanup 2126M->2126M(2219M) 0.265ms
[16.183s][info][gc,cpu        ] GC(891) User=0.00s Sys=0.00s Real=0.00s
[16.183s][info][gc,marking    ] GC(891) Concurrent Cleanup for Next Mark
[16.186s][info][gc,marking    ] GC(891) Concurrent Cleanup for Next Mark 2.730ms
[16.186s][info][gc            ] GC(891) Concurrent Cycle 16.958ms
[16.193s][info][gc,start      ] GC(892) Pause Young (Concurrent Start) (G1 Humongous Allocation)
[16.193s][info][gc,task       ] GC(892) Using 8 workers of 8 for evacuation
[16.195s][info][gc,phases     ] GC(892)   Pre Evacuate Collection Set: 0.5ms
[16.195s][info][gc,phases     ] GC(892)   Evacuate Collection Set: 0.7ms
[16.195s][info][gc,phases     ] GC(892)   Post Evacuate Collection Set: 1.2ms
[16.195s][info][gc,phases     ] GC(892)   Other: 0.2ms
[16.195s][info][gc,heap       ] GC(892) Eden regions: 4->0(117)
[16.195s][info][gc,heap       ] GC(892) Survivor regions: 1->1(14)
[16.195s][info][gc,heap       ] GC(892) Old regions: 27->27
[16.195s][info][gc,heap       ] GC(892) Humongous regions: 2098->2098
[16.195s][info][gc,metaspace  ] GC(892) Metaspace: 9862K->9862K(1058816K)
[16.195s][info][gc            ] GC(892) Pause Young (Concurrent Start) (G1 Humongous Allocation) 2128M->2124M(2372M) 2.689ms
[16.195s][info][gc,cpu        ] GC(892) User=0.00s Sys=0.00s Real=0.00s
[16.195s][info][gc            ] GC(893) Concurrent Cycle
[16.195s][info][gc,marking    ] GC(893) Concurrent Clear Claimed Marks
[16.195s][info][gc,marking    ] GC(893) Concurrent Clear Claimed Marks 0.011ms
[16.195s][info][gc,marking    ] GC(893) Concurrent Scan Root Regions
[16.195s][info][gc,marking    ] GC(893) Concurrent Scan Root Regions 0.069ms
[16.195s][info][gc,marking    ] GC(893) Concurrent Mark (16.195s)
[16.195s][info][gc,marking    ] GC(893) Concurrent Mark From Roots
[16.195s][info][gc,task       ] GC(893) Using 2 workers of 2 for marking
[16.201s][info][gc,marking    ] GC(893) Concurrent Mark From Roots 5.325ms
[16.201s][info][gc,marking    ] GC(893) Concurrent Preclean
[16.201s][info][gc,marking    ] GC(893) Concurrent Preclean 0.085ms
[16.201s][info][gc,marking    ] GC(893) Concurrent Mark (16.195s, 16.201s) 5.480ms
[16.201s][info][gc,start      ] GC(893) Pause Remark
[16.202s][info][gc,stringtable] GC(893) Cleaned string and symbol table, strings: 4350 processed, 0 removed, symbols: 36588 processed, 0 removed
[16.203s][info][gc            ] GC(893) Pause Remark 2127M->2127M(2372M) 1.601ms
[16.203s][info][gc,cpu        ] GC(893) User=0.01s Sys=0.00s Real=0.01s
[16.203s][info][gc,marking    ] GC(893) Concurrent Rebuild Remembered Sets
[16.208s][info][gc,marking    ] GC(893) Concurrent Rebuild Remembered Sets 5.597ms
[16.208s][info][gc,start      ] GC(893) Pause Cleanup
[16.209s][info][gc            ] GC(893) Pause Cleanup 2128M->2128M(2372M) 0.303ms
[16.209s][info][gc,cpu        ] GC(893) User=0.01s Sys=0.00s Real=0.00s
[16.209s][info][gc,marking    ] GC(893) Concurrent Cleanup for Next Mark
[16.212s][info][gc,marking    ] GC(893) Concurrent Cleanup for Next Mark 3.554ms
[16.212s][info][gc            ] GC(893) Concurrent Cycle 17.066ms
[16.222s][info][gc,start      ] GC(894) Pause Young (Concurrent Start) (G1 Humongous Allocation)
[16.222s][info][gc,task       ] GC(894) Using 8 workers of 8 for evacuation
[16.223s][info][gc,phases     ] GC(894)   Pre Evacuate Collection Set: 0.5ms
[16.223s][info][gc,phases     ] GC(894)   Evacuate Collection Set: 0.5ms
[16.223s][info][gc,phases     ] GC(894)   Post Evacuate Collection Set: 0.1ms
[16.223s][info][gc,phases     ] GC(894)   Other: 0.3ms
[16.223s][info][gc,heap       ] GC(894) Eden regions: 4->0(117)
[16.223s][info][gc,heap       ] GC(894) Survivor regions: 1->1(15)
[16.223s][info][gc,heap       ] GC(894) Old regions: 27->27
[16.223s][info][gc,heap       ] GC(894) Humongous regions: 2102->2102
[16.223s][info][gc,metaspace  ] GC(894) Metaspace: 9862K->9862K(1058816K)
[16.223s][info][gc            ] GC(894) Pause Young (Concurrent Start) (G1 Humongous Allocation) 2132M->2128M(2372M) 1.463ms
[16.223s][info][gc,cpu        ] GC(894) User=0.01s Sys=0.00s Real=0.00s
[16.223s][info][gc            ] GC(895) Concurrent Cycle
[16.223s][info][gc,marking    ] GC(895) Concurrent Clear Claimed Marks
[16.223s][info][gc,marking    ] GC(895) Concurrent Clear Claimed Marks 0.010ms
[16.223s][info][gc,marking    ] GC(895) Concurrent Scan Root Regions
[16.223s][info][gc,marking    ] GC(895) Concurrent Scan Root Regions 0.046ms
[16.223s][info][gc,marking    ] GC(895) Concurrent Mark (16.223s)
[16.224s][info][gc,marking    ] GC(895) Concurrent Mark From Roots
[16.224s][info][gc,task       ] GC(895) Using 2 workers of 2 for marking
[16.229s][info][gc,marking    ] GC(895) Concurrent Mark From Roots 5.652ms
[16.229s][info][gc,marking    ] GC(895) Concurrent Preclean
[16.229s][info][gc,marking    ] GC(895) Concurrent Preclean 0.080ms
[16.229s][info][gc,marking    ] GC(895) Concurrent Mark (16.223s, 16.229s) 5.784ms
[16.229s][info][gc,start      ] GC(895) Pause Remark
[16.231s][info][gc,stringtable] GC(895) Cleaned string and symbol table, strings: 4350 processed, 0 removed, symbols: 36588 processed, 0 removed
[16.231s][info][gc            ] GC(895) Pause Remark 2131M->2131M(2372M) 1.473ms
[16.231s][info][gc,cpu        ] GC(895) User=0.01s Sys=0.00s Real=0.00s
[16.231s][info][gc,marking    ] GC(895) Concurrent Rebuild Remembered Sets
[16.236s][info][gc,marking    ] GC(895) Concurrent Rebuild Remembered Sets 5.419ms
[16.238s][info][gc,start      ] GC(895) Pause Cleanup
[16.238s][info][gc            ] GC(895) Pause Cleanup 2134M->2134M(2372M) 0.306ms
[16.238s][info][gc,cpu        ] GC(895) User=0.00s Sys=0.00s Real=0.00s
[16.238s][info][gc,marking    ] GC(895) Concurrent Cleanup for Next Mark
[16.242s][info][gc,marking    ] GC(895) Concurrent Cleanup for Next Mark 3.787ms
[16.242s][info][gc            ] GC(895) Concurrent Cycle 18.382ms
[16.249s][info][gc,start      ] GC(896) Pause Young (Concurrent Start) (G1 Humongous Allocation)
[16.249s][info][gc,task       ] GC(896) Using 8 workers of 8 for evacuation
[16.252s][info][gc,phases     ] GC(896)   Pre Evacuate Collection Set: 0.5ms
[16.252s][info][gc,phases     ] GC(896)   Evacuate Collection Set: 1.6ms
[16.252s][info][gc,phases     ] GC(896)   Post Evacuate Collection Set: 0.1ms
[16.252s][info][gc,phases     ] GC(896)   Other: 0.3ms
[16.252s][info][gc,heap       ] GC(896) Eden regions: 4->0(117)
[16.252s][info][gc,heap       ] GC(896) Survivor regions: 1->1(15)
[16.252s][info][gc,heap       ] GC(896) Old regions: 27->27
[16.252s][info][gc,heap       ] GC(896) Humongous regions: 2106->2106
[16.252s][info][gc,metaspace  ] GC(896) Metaspace: 9862K->9862K(1058816K)
[16.252s][info][gc            ] GC(896) Pause Young (Concurrent Start) (G1 Humongous Allocation) 2136M->2132M(2372M) 2.704ms
[16.252s][info][gc,cpu        ] GC(896) User=0.00s Sys=0.00s Real=0.01s
[16.252s][info][gc            ] GC(897) Concurrent Cycle
[16.252s][info][gc,marking    ] GC(897) Concurrent Clear Claimed Marks
[16.252s][info][gc,marking    ] GC(897) Concurrent Clear Claimed Marks 0.017ms
[16.252s][info][gc,marking    ] GC(897) Concurrent Scan Root Regions
[16.252s][info][gc,marking    ] GC(897) Concurrent Scan Root Regions 0.077ms
[16.252s][info][gc,marking    ] GC(897) Concurrent Mark (16.252s)
[16.252s][info][gc,marking    ] GC(897) Concurrent Mark From Roots
[16.252s][info][gc,task       ] GC(897) Using 2 workers of 2 for marking
[16.260s][info][gc,marking    ] GC(897) Concurrent Mark From Roots 7.379ms
[16.260s][info][gc,marking    ] GC(897) Concurrent Preclean
[16.260s][info][gc,marking    ] GC(897) Concurrent Preclean 0.144ms
[16.260s][info][gc,marking    ] GC(897) Concurrent Mark (16.252s, 16.260s) 7.619ms
[16.260s][info][gc,start      ] GC(897) Pause Remark
[16.262s][info][gc,stringtable] GC(897) Cleaned string and symbol table, strings: 4350 processed, 0 removed, symbols: 36588 processed, 0 removed
[16.262s][info][gc            ] GC(897) Pause Remark 2135M->2135M(2372M) 2.089ms
[16.262s][info][gc,cpu        ] GC(897) User=0.01s Sys=0.00s Real=0.01s
[16.262s][info][gc,marking    ] GC(897) Concurrent Rebuild Remembered Sets
[16.268s][info][gc,marking    ] GC(897) Concurrent Rebuild Remembered Sets 5.642ms
[16.268s][info][gc,start      ] GC(897) Pause Cleanup
[16.268s][info][gc            ] GC(897) Pause Cleanup 2138M->2138M(2372M) 0.341ms
[16.268s][info][gc,cpu        ] GC(897) User=0.00s Sys=0.00s Real=0.00s
[16.268s][info][gc,marking    ] GC(897) Concurrent Cleanup for Next Mark
[16.271s][info][gc,marking    ] GC(897) Concurrent Cleanup for Next Mark 3.138ms
[16.271s][info][gc            ] GC(897) Concurrent Cycle 19.426ms
[16.279s][info][gc,start      ] GC(898) Pause Young (Concurrent Start) (G1 Humongous Allocation)
[16.279s][info][gc,task       ] GC(898) Using 8 workers of 8 for evacuation
[16.281s][info][gc,phases     ] GC(898)   Pre Evacuate Collection Set: 0.5ms
[16.281s][info][gc,phases     ] GC(898)   Evacuate Collection Set: 1.0ms
[16.281s][info][gc,phases     ] GC(898)   Post Evacuate Collection Set: 0.1ms
[16.281s][info][gc,phases     ] GC(898)   Other: 0.3ms
[16.281s][info][gc,heap       ] GC(898) Eden regions: 4->0(117)
[16.281s][info][gc,heap       ] GC(898) Survivor regions: 1->1(15)
[16.281s][info][gc,heap       ] GC(898) Old regions: 27->27
[16.281s][info][gc,heap       ] GC(898) Humongous regions: 2110->2110
[16.281s][info][gc,metaspace  ] GC(898) Metaspace: 9862K->9862K(1058816K)
[16.281s][info][gc            ] GC(898) Pause Young (Concurrent Start) (G1 Humongous Allocation) 2140M->2136M(2372M) 2.081ms
[16.281s][info][gc,cpu        ] GC(898) User=0.00s Sys=0.00s Real=0.00s
[16.281s][info][gc            ] GC(899) Concurrent Cycle
[16.281s][info][gc,marking    ] GC(899) Concurrent Clear Claimed Marks
[16.281s][info][gc,marking    ] GC(899) Concurrent Clear Claimed Marks 0.014ms
[16.281s][info][gc,marking    ] GC(899) Concurrent Scan Root Regions
[16.281s][info][gc,marking    ] GC(899) Concurrent Scan Root Regions 0.085ms
[16.281s][info][gc,marking    ] GC(899) Concurrent Mark (16.281s)
[16.281s][info][gc,marking    ] GC(899) Concurrent Mark From Roots
[16.281s][info][gc,task       ] GC(899) Using 2 workers of 2 for marking
[16.287s][info][gc,marking    ] GC(899) Concurrent Mark From Roots 5.922ms
[16.287s][info][gc,marking    ] GC(899) Concurrent Preclean
[16.287s][info][gc,marking    ] GC(899) Concurrent Preclean 0.141ms
[16.288s][info][gc,marking    ] GC(899) Concurrent Mark (16.281s, 16.288s) 6.150ms
[16.288s][info][gc,start      ] GC(899) Pause Remark
[16.288s][info][gc,stringtable] GC(899) Cleaned string and symbol table, strings: 4350 processed, 0 removed, symbols: 36588 processed, 0 removed
[16.289s][info][gc            ] GC(899) Pause Remark 2139M->2139M(2372M) 1.162ms
[16.289s][info][gc,cpu        ] GC(899) User=0.01s Sys=0.00s Real=0.00s
[16.289s][info][gc,marking    ] GC(899) Concurrent Rebuild Remembered Sets
[16.296s][info][gc,marking    ] GC(899) Concurrent Rebuild Remembered Sets 7.372ms
[16.297s][info][gc,start      ] GC(899) Pause Cleanup
[16.297s][info][gc            ] GC(899) Pause Cleanup 2142M->2142M(2372M) 0.318ms
[16.297s][info][gc,cpu        ] GC(899) User=0.00s Sys=0.00s Real=0.00s
[16.297s][info][gc,marking    ] GC(899) Concurrent Cleanup for Next Mark
[16.300s][info][gc,marking    ] GC(899) Concurrent Cleanup for Next Mark 3.271ms
[16.300s][info][gc            ] GC(899) Concurrent Cycle 19.061ms
[16.309s][info][gc,start      ] GC(900) Pause Young (Concurrent Start) (G1 Humongous Allocation)
[16.309s][info][gc,task       ] GC(900) Using 8 workers of 8 for evacuation
[16.311s][info][gc,phases     ] GC(900)   Pre Evacuate Collection Set: 0.6ms
[16.311s][info][gc,phases     ] GC(900)   Evacuate Collection Set: 1.0ms
[16.311s][info][gc,phases     ] GC(900)   Post Evacuate Collection Set: 0.1ms
[16.311s][info][gc,phases     ] GC(900)   Other: 0.3ms
[16.311s][info][gc,heap       ] GC(900) Eden regions: 4->0(117)
[16.311s][info][gc,heap       ] GC(900) Survivor regions: 1->1(15)
[16.311s][info][gc,heap       ] GC(900) Old regions: 27->27
[16.311s][info][gc,heap       ] GC(900) Humongous regions: 2114->2114
[16.311s][info][gc,metaspace  ] GC(900) Metaspace: 9862K->9862K(1058816K)
[16.311s][info][gc            ] GC(900) Pause Young (Concurrent Start) (G1 Humongous Allocation) 2144M->2140M(2372M) 2.097ms
[16.311s][info][gc,cpu        ] GC(900) User=0.00s Sys=0.00s Real=0.00s
[16.311s][info][gc            ] GC(901) Concurrent Cycle
[16.311s][info][gc,marking    ] GC(901) Concurrent Clear Claimed Marks
[16.311s][info][gc,marking    ] GC(901) Concurrent Clear Claimed Marks 0.010ms
[16.311s][info][gc,marking    ] GC(901) Concurrent Scan Root Regions
[16.311s][info][gc,marking    ] GC(901) Concurrent Scan Root Regions 0.046ms
[16.311s][info][gc,marking    ] GC(901) Concurrent Mark (16.311s)
[16.311s][info][gc,marking    ] GC(901) Concurrent Mark From Roots
[16.311s][info][gc,task       ] GC(901) Using 2 workers of 2 for marking
[16.317s][info][gc,marking    ] GC(901) Concurrent Mark From Roots 5.933ms
[16.317s][info][gc,marking    ] GC(901) Concurrent Preclean
[16.317s][info][gc,marking    ] GC(901) Concurrent Preclean 0.087ms
[16.317s][info][gc,marking    ] GC(901) Concurrent Mark (16.311s, 16.317s) 6.080ms
[16.317s][info][gc,start      ] GC(901) Pause Remark
[16.319s][info][gc,stringtable] GC(901) Cleaned string and symbol table, strings: 4350 processed, 0 removed, symbols: 36588 processed, 0 removed
[16.319s][info][gc            ] GC(901) Pause Remark 2143M->2143M(2372M) 1.738ms
[16.319s][info][gc,cpu        ] GC(901) User=0.01s Sys=0.00s Real=0.00s
[16.319s][info][gc,marking    ] GC(901) Concurrent Rebuild Remembered Sets
[16.325s][info][gc,marking    ] GC(901) Concurrent Rebuild Remembered Sets 6.330ms
[16.326s][info][gc,start      ] GC(901) Pause Cleanup
[16.326s][info][gc            ] GC(901) Pause Cleanup 2146M->2146M(2372M) 0.322ms
[16.326s][info][gc,cpu        ] GC(901) User=0.00s Sys=0.00s Real=0.00s
[16.326s][info][gc,marking    ] GC(901) Concurrent Cleanup for Next Mark
[16.329s][info][gc,marking    ] GC(901) Concurrent Cleanup for Next Mark 3.368ms
[16.329s][info][gc            ] GC(901) Concurrent Cycle 18.514ms
[16.339s][info][gc,start      ] GC(902) Pause Young (Concurrent Start) (G1 Humongous Allocation)
[16.339s][info][gc,task       ] GC(902) Using 8 workers of 8 for evacuation
[16.341s][info][gc,phases     ] GC(902)   Pre Evacuate Collection Set: 0.5ms
[16.341s][info][gc,phases     ] GC(902)   Evacuate Collection Set: 0.9ms
[16.341s][info][gc,phases     ] GC(902)   Post Evacuate Collection Set: 0.2ms
[16.341s][info][gc,phases     ] GC(902)   Other: 0.3ms
[16.341s][info][gc,heap       ] GC(902) Eden regions: 4->0(117)
[16.341s][info][gc,heap       ] GC(902) Survivor regions: 1->1(15)
[16.341s][info][gc,heap       ] GC(902) Old regions: 27->27
[16.341s][info][gc,heap       ] GC(902) Humongous regions: 2118->2118
[16.341s][info][gc,metaspace  ] GC(902) Metaspace: 9862K->9862K(1058816K)
[16.341s][info][gc            ] GC(902) Pause Young (Concurrent Start) (G1 Humongous Allocation) 2148M->2144M(2372M) 2.183ms
[16.341s][info][gc,cpu        ] GC(902) User=0.00s Sys=0.00s Real=0.01s
[16.341s][info][gc            ] GC(903) Concurrent Cycle
[16.341s][info][gc,marking    ] GC(903) Concurrent Clear Claimed Marks
[16.342s][info][gc,marking    ] GC(903) Concurrent Clear Claimed Marks 0.017ms
[16.342s][info][gc,marking    ] GC(903) Concurrent Scan Root Regions
[16.342s][info][gc,marking    ] GC(903) Concurrent Scan Root Regions 0.076ms
[16.342s][info][gc,marking    ] GC(903) Concurrent Mark (16.342s)
[16.342s][info][gc,marking    ] GC(903) Concurrent Mark From Roots
[16.342s][info][gc,task       ] GC(903) Using 2 workers of 2 for marking
[16.349s][info][gc,marking    ] GC(903) Concurrent Mark From Roots 7.344ms
[16.349s][info][gc,marking    ] GC(903) Concurrent Preclean
[16.349s][info][gc,marking    ] GC(903) Concurrent Preclean 0.091ms
[16.349s][info][gc,marking    ] GC(903) Concurrent Mark (16.342s, 16.349s) 7.498ms
[16.349s][info][gc,start      ] GC(903) Pause Remark
[16.350s][info][gc,stringtable] GC(903) Cleaned string and symbol table, strings: 4350 processed, 0 removed, symbols: 36588 processed, 0 removed
[16.351s][info][gc            ] GC(903) Pause Remark 2147M->2147M(2372M) 1.312ms
[16.351s][info][gc,cpu        ] GC(903) User=0.01s Sys=0.00s Real=0.00s
[16.351s][info][gc,marking    ] GC(903) Concurrent Rebuild Remembered Sets
[16.358s][info][gc,marking    ] GC(903) Concurrent Rebuild Remembered Sets 7.096ms
[16.358s][info][gc,start      ] GC(903) Pause Cleanup
[16.358s][info][gc            ] GC(903) Pause Cleanup 2148M->2148M(2372M) 0.350ms
[16.358s][info][gc,cpu        ] GC(903) User=0.00s Sys=0.00s Real=0.00s
[16.358s][info][gc,marking    ] GC(903) Concurrent Cleanup for Next Mark
[16.362s][info][gc,marking    ] GC(903) Concurrent Cleanup for Next Mark 3.938ms
[16.362s][info][gc            ] GC(903) Concurrent Cycle 20.842ms
[16.371s][info][gc,start      ] GC(904) Pause Young (Concurrent Start) (G1 Humongous Allocation)
[16.371s][info][gc,task       ] GC(904) Using 8 workers of 8 for evacuation
[16.373s][info][gc,phases     ] GC(904)   Pre Evacuate Collection Set: 0.5ms
[16.373s][info][gc,phases     ] GC(904)   Evacuate Collection Set: 1.4ms
[16.373s][info][gc,phases     ] GC(904)   Post Evacuate Collection Set: 0.2ms
[16.373s][info][gc,phases     ] GC(904)   Other: 0.3ms
[16.373s][info][gc,heap       ] GC(904) Eden regions: 4->0(117)
[16.373s][info][gc,heap       ] GC(904) Survivor regions: 1->1(15)
[16.373s][info][gc,heap       ] GC(904) Old regions: 27->27
[16.373s][info][gc,heap       ] GC(904) Humongous regions: 2122->2122
[16.373s][info][gc,metaspace  ] GC(904) Metaspace: 9862K->9862K(1058816K)
[16.373s][info][gc            ] GC(904) Pause Young (Concurrent Start) (G1 Humongous Allocation) 2152M->2148M(2372M) 2.522ms
[16.373s][info][gc,cpu        ] GC(904) User=0.00s Sys=0.00s Real=0.01s
[16.373s][info][gc            ] GC(905) Concurrent Cycle
[16.373s][info][gc,marking    ] GC(905) Concurrent Clear Claimed Marks
[16.373s][info][gc,marking    ] GC(905) Concurrent Clear Claimed Marks 0.020ms
[16.373s][info][gc,marking    ] GC(905) Concurrent Scan Root Regions
[16.374s][info][gc,marking    ] GC(905) Concurrent Scan Root Regions 0.078ms
[16.374s][info][gc,marking    ] GC(905) Concurrent Mark (16.374s)
[16.374s][info][gc,marking    ] GC(905) Concurrent Mark From Roots
[16.374s][info][gc,task       ] GC(905) Using 2 workers of 2 for marking
[16.381s][info][gc,marking    ] GC(905) Concurrent Mark From Roots 7.301ms
[16.381s][info][gc,marking    ] GC(905) Concurrent Preclean
[16.381s][info][gc,marking    ] GC(905) Concurrent Preclean 0.145ms
[16.381s][info][gc,marking    ] GC(905) Concurrent Mark (16.374s, 16.381s) 7.534ms
[16.381s][info][gc,start      ] GC(905) Pause Remark
[16.382s][info][gc,stringtable] GC(905) Cleaned string and symbol table, strings: 4350 processed, 0 removed, symbols: 36588 processed, 0 removed
[16.382s][info][gc            ] GC(905) Pause Remark 2151M->2151M(2372M) 1.169ms
[16.382s][info][gc,cpu        ] GC(905) User=0.01s Sys=0.00s Real=0.00s
[16.382s][info][gc,marking    ] GC(905) Concurrent Rebuild Remembered Sets
[16.388s][info][gc,marking    ] GC(905) Concurrent Rebuild Remembered Sets 5.462ms
[16.389s][info][gc,start      ] GC(905) Pause Cleanup
[16.389s][info][gc            ] GC(905) Pause Cleanup 2154M->2154M(2372M) 0.291ms
[16.389s][info][gc,cpu        ] GC(905) User=0.00s Sys=0.00s Real=0.00s
[16.389s][info][gc,marking    ] GC(905) Concurrent Cleanup for Next Mark
[16.392s][info][gc,marking    ] GC(905) Concurrent Cleanup for Next Mark 3.092ms
[16.392s][info][gc            ] GC(905) Concurrent Cycle 18.895ms
[16.399s][info][gc,start      ] GC(906) Pause Young (Concurrent Start) (G1 Humongous Allocation)
[16.399s][info][gc,task       ] GC(906) Using 8 workers of 8 for evacuation
[16.401s][info][gc,phases     ] GC(906)   Pre Evacuate Collection Set: 0.5ms
[16.401s][info][gc,phases     ] GC(906)   Evacuate Collection Set: 0.6ms
[16.401s][info][gc,phases     ] GC(906)   Post Evacuate Collection Set: 0.1ms
[16.401s][info][gc,phases     ] GC(906)   Other: 0.3ms
[16.401s][info][gc,heap       ] GC(906) Eden regions: 4->0(117)
[16.401s][info][gc,heap       ] GC(906) Survivor regions: 1->1(15)
[16.401s][info][gc,heap       ] GC(906) Old regions: 27->27
[16.401s][info][gc,heap       ] GC(906) Humongous regions: 2126->2126
[16.401s][info][gc,metaspace  ] GC(906) Metaspace: 9862K->9862K(1058816K)
[16.401s][info][gc            ] GC(906) Pause Young (Concurrent Start) (G1 Humongous Allocation) 2156M->2152M(2372M) 1.527ms
[16.401s][info][gc,cpu        ] GC(906) User=0.01s Sys=0.00s Real=0.00s
[16.401s][info][gc            ] GC(907) Concurrent Cycle
[16.401s][info][gc,marking    ] GC(907) Concurrent Clear Claimed Marks
[16.401s][info][gc,marking    ] GC(907) Concurrent Clear Claimed Marks 0.010ms
[16.401s][info][gc,marking    ] GC(907) Concurrent Scan Root Regions
[16.401s][info][gc,marking    ] GC(907) Concurrent Scan Root Regions 0.048ms
[16.401s][info][gc,marking    ] GC(907) Concurrent Mark (16.401s)
[16.401s][info][gc,marking    ] GC(907) Concurrent Mark From Roots
[16.401s][info][gc,task       ] GC(907) Using 2 workers of 2 for marking
[16.407s][info][gc,marking    ] GC(907) Concurrent Mark From Roots 5.386ms
[16.407s][info][gc,marking    ] GC(907) Concurrent Preclean
[16.407s][info][gc,marking    ] GC(907) Concurrent Preclean 0.068ms
[16.407s][info][gc,marking    ] GC(907) Concurrent Mark (16.401s, 16.407s) 5.509ms
[16.407s][info][gc,start      ] GC(907) Pause Remark
[16.408s][info][gc,stringtable] GC(907) Cleaned string and symbol table, strings: 4350 processed, 0 removed, symbols: 36588 processed, 0 removed
[16.408s][info][gc            ] GC(907) Pause Remark 2155M->2155M(2372M) 1.121ms
[16.408s][info][gc,cpu        ] GC(907) User=0.01s Sys=0.00s Real=0.00s
[16.408s][info][gc,marking    ] GC(907) Concurrent Rebuild Remembered Sets
[16.413s][info][gc,marking    ] GC(907) Concurrent Rebuild Remembered Sets 5.093ms
[16.414s][info][gc,start      ] GC(907) Pause Cleanup
[16.414s][info][gc            ] GC(907) Pause Cleanup 2158M->2158M(2372M) 0.250ms
[16.414s][info][gc,cpu        ] GC(907) User=0.00s Sys=0.00s Real=0.00s
[16.414s][info][gc,marking    ] GC(907) Concurrent Cleanup for Next Mark
[16.417s][info][gc,marking    ] GC(907) Concurrent Cleanup for Next Mark 2.788ms
[16.417s][info][gc            ] GC(907) Concurrent Cycle 15.908ms
[16.424s][info][gc,start      ] GC(908) Pause Young (Concurrent Start) (G1 Humongous Allocation)
[16.424s][info][gc,task       ] GC(908) Using 8 workers of 8 for evacuation
[16.425s][info][gc,phases     ] GC(908)   Pre Evacuate Collection Set: 0.5ms
[16.425s][info][gc,phases     ] GC(908)   Evacuate Collection Set: 0.6ms
[16.425s][info][gc,phases     ] GC(908)   Post Evacuate Collection Set: 0.1ms
[16.425s][info][gc,phases     ] GC(908)   Other: 0.2ms
[16.425s][info][gc,heap       ] GC(908) Eden regions: 4->0(117)
[16.425s][info][gc,heap       ] GC(908) Survivor regions: 1->1(15)
[16.425s][info][gc,heap       ] GC(908) Old regions: 27->27
[16.425s][info][gc,heap       ] GC(908) Humongous regions: 2130->2130
[16.425s][info][gc,metaspace  ] GC(908) Metaspace: 9862K->9862K(1058816K)
[16.425s][info][gc            ] GC(908) Pause Young (Concurrent Start) (G1 Humongous Allocation) 2160M->2156M(2372M) 1.446ms
[16.425s][info][gc,cpu        ] GC(908) User=0.00s Sys=0.00s Real=0.00s
[16.425s][info][gc            ] GC(909) Concurrent Cycle
[16.425s][info][gc,marking    ] GC(909) Concurrent Clear Claimed Marks
[16.425s][info][gc,marking    ] GC(909) Concurrent Clear Claimed Marks 0.012ms
[16.425s][info][gc,marking    ] GC(909) Concurrent Scan Root Regions
[16.425s][info][gc,marking    ] GC(909) Concurrent Scan Root Regions 0.049ms
[16.425s][info][gc,marking    ] GC(909) Concurrent Mark (16.425s)
[16.425s][info][gc,marking    ] GC(909) Concurrent Mark From Roots
[16.425s][info][gc,task       ] GC(909) Using 2 workers of 2 for marking
[16.431s][info][gc,marking    ] GC(909) Concurrent Mark From Roots 5.357ms
[16.431s][info][gc,marking    ] GC(909) Concurrent Preclean
[16.431s][info][gc,marking    ] GC(909) Concurrent Preclean 0.070ms
[16.431s][info][gc,marking    ] GC(909) Concurrent Mark (16.425s, 16.431s) 5.480ms
[16.431s][info][gc,start      ] GC(909) Pause Remark
[16.432s][info][gc,stringtable] GC(909) Cleaned string and symbol table, strings: 4350 processed, 0 removed, symbols: 36588 processed, 0 removed
[16.432s][info][gc            ] GC(909) Pause Remark 2159M->2159M(2372M) 1.669ms
[16.433s][info][gc,cpu        ] GC(909) User=0.00s Sys=0.00s Real=0.01s
[16.433s][info][gc,marking    ] GC(909) Concurrent Rebuild Remembered Sets
[16.438s][info][gc,marking    ] GC(909) Concurrent Rebuild Remembered Sets 4.969ms
[16.438s][info][gc,start      ] GC(909) Pause Cleanup
[16.438s][info][gc            ] GC(909) Pause Cleanup 2162M->2162M(2372M) 0.235ms
[16.438s][info][gc,cpu        ] GC(909) User=0.00s Sys=0.00s Real=0.00s
[16.439s][info][gc,marking    ] GC(909) Concurrent Cleanup for Next Mark
[16.441s][info][gc,marking    ] GC(909) Concurrent Cleanup for Next Mark 2.816ms
[16.441s][info][gc            ] GC(909) Concurrent Cycle 16.206ms
[16.448s][info][gc,start      ] GC(910) Pause Young (Concurrent Start) (G1 Humongous Allocation)
[16.448s][info][gc,task       ] GC(910) Using 8 workers of 8 for evacuation
[16.449s][info][gc,phases     ] GC(910)   Pre Evacuate Collection Set: 0.5ms
[16.449s][info][gc,phases     ] GC(910)   Evacuate Collection Set: 0.5ms
[16.449s][info][gc,phases     ] GC(910)   Post Evacuate Collection Set: 0.1ms
[16.449s][info][gc,phases     ] GC(910)   Other: 0.2ms
[16.449s][info][gc,heap       ] GC(910) Eden regions: 4->0(117)
[16.449s][info][gc,heap       ] GC(910) Survivor regions: 1->1(15)
[16.449s][info][gc,heap       ] GC(910) Old regions: 27->27
[16.449s][info][gc,heap       ] GC(910) Humongous regions: 2134->2134
[16.449s][info][gc,metaspace  ] GC(910) Metaspace: 9862K->9862K(1058816K)
[16.449s][info][gc            ] GC(910) Pause Young (Concurrent Start) (G1 Humongous Allocation) 2164M->2160M(2372M) 1.392ms
[16.449s][info][gc,cpu        ] GC(910) User=0.01s Sys=0.00s Real=0.00s
[16.449s][info][gc            ] GC(911) Concurrent Cycle
[16.449s][info][gc,marking    ] GC(911) Concurrent Clear Claimed Marks
[16.449s][info][gc,marking    ] GC(911) Concurrent Clear Claimed Marks 0.009ms
[16.449s][info][gc,marking    ] GC(911) Concurrent Scan Root Regions
[16.450s][info][gc,marking    ] GC(911) Concurrent Scan Root Regions 0.046ms
[16.450s][info][gc,marking    ] GC(911) Concurrent Mark (16.450s)
[16.450s][info][gc,marking    ] GC(911) Concurrent Mark From Roots
[16.450s][info][gc,task       ] GC(911) Using 2 workers of 2 for marking
[16.455s][info][gc,marking    ] GC(911) Concurrent Mark From Roots 5.261ms
[16.455s][info][gc,marking    ] GC(911) Concurrent Preclean
[16.455s][info][gc,marking    ] GC(911) Concurrent Preclean 0.071ms
[16.455s][info][gc,marking    ] GC(911) Concurrent Mark (16.450s, 16.455s) 5.386ms
[16.455s][info][gc,start      ] GC(911) Pause Remark
[16.456s][info][gc,stringtable] GC(911) Cleaned string and symbol table, strings: 4350 processed, 0 removed, symbols: 36588 processed, 0 removed
[16.456s][info][gc            ] GC(911) Pause Remark 2163M->2163M(2372M) 0.946ms
[16.456s][info][gc,cpu        ] GC(911) User=0.01s Sys=0.00s Real=0.00s
[16.456s][info][gc,marking    ] GC(911) Concurrent Rebuild Remembered Sets
[16.461s][info][gc,marking    ] GC(911) Concurrent Rebuild Remembered Sets 4.878ms
[16.462s][info][gc,start      ] GC(911) Pause Cleanup
[16.462s][info][gc            ] GC(911) Pause Cleanup 2166M->2166M(2372M) 0.210ms
[16.462s][info][gc,cpu        ] GC(911) User=0.00s Sys=0.00s Real=0.00s
[16.462s][info][gc,marking    ] GC(911) Concurrent Cleanup for Next Mark
[16.465s][info][gc,marking    ] GC(911) Concurrent Cleanup for Next Mark 2.797ms
[16.465s][info][gc            ] GC(911) Concurrent Cycle 15.464ms
[16.472s][info][gc,start      ] GC(912) Pause Young (Concurrent Start) (G1 Humongous Allocation)
[16.472s][info][gc,task       ] GC(912) Using 8 workers of 8 for evacuation
[16.473s][info][gc,phases     ] GC(912)   Pre Evacuate Collection Set: 0.5ms
[16.473s][info][gc,phases     ] GC(912)   Evacuate Collection Set: 0.6ms
[16.473s][info][gc,phases     ] GC(912)   Post Evacuate Collection Set: 0.1ms
[16.473s][info][gc,phases     ] GC(912)   Other: 0.2ms
[16.473s][info][gc,heap       ] GC(912) Eden regions: 4->0(117)
[16.473s][info][gc,heap       ] GC(912) Survivor regions: 1->1(15)
[16.473s][info][gc,heap       ] GC(912) Old regions: 27->27
[16.473s][info][gc,heap       ] GC(912) Humongous regions: 2138->2138
[16.473s][info][gc,metaspace  ] GC(912) Metaspace: 9862K->9862K(1058816K)
[16.473s][info][gc            ] GC(912) Pause Young (Concurrent Start) (G1 Humongous Allocation) 2168M->2164M(2372M) 1.439ms
[16.473s][info][gc,cpu        ] GC(912) User=0.00s Sys=0.00s Real=0.00s
[16.473s][info][gc            ] GC(913) Concurrent Cycle
[16.473s][info][gc,marking    ] GC(913) Concurrent Clear Claimed Marks
[16.473s][info][gc,marking    ] GC(913) Concurrent Clear Claimed Marks 0.013ms
[16.473s][info][gc,marking    ] GC(913) Concurrent Scan Root Regions
[16.473s][info][gc,marking    ] GC(913) Concurrent Scan Root Regions 0.051ms
[16.473s][info][gc,marking    ] GC(913) Concurrent Mark (16.473s)
[16.473s][info][gc,marking    ] GC(913) Concurrent Mark From Roots
[16.473s][info][gc,task       ] GC(913) Using 2 workers of 2 for marking
[16.479s][info][gc,marking    ] GC(913) Concurrent Mark From Roots 5.408ms
[16.479s][info][gc,marking    ] GC(913) Concurrent Preclean
[16.479s][info][gc,marking    ] GC(913) Concurrent Preclean 0.073ms
[16.479s][info][gc,marking    ] GC(913) Concurrent Mark (16.473s, 16.479s) 5.537ms
[16.479s][info][gc,start      ] GC(913) Pause Remark
[16.480s][info][gc,stringtable] GC(913) Cleaned string and symbol table, strings: 4350 processed, 0 removed, symbols: 36588 processed, 0 removed
[16.480s][info][gc            ] GC(913) Pause Remark 2167M->2167M(2372M) 1.150ms
[16.480s][info][gc,cpu        ] GC(913) User=0.00s Sys=0.00s Real=0.00s
[16.480s][info][gc,marking    ] GC(913) Concurrent Rebuild Remembered Sets
[16.485s][info][gc,marking    ] GC(913) Concurrent Rebuild Remembered Sets 4.931ms
[16.486s][info][gc,start      ] GC(913) Pause Cleanup
[16.486s][info][gc            ] GC(913) Pause Cleanup 2170M->2170M(2372M) 0.214ms
[16.486s][info][gc,cpu        ] GC(913) User=0.00s Sys=0.00s Real=0.00s
[16.486s][info][gc,marking    ] GC(913) Concurrent Cleanup for Next Mark
[16.489s][info][gc,marking    ] GC(913) Concurrent Cleanup for Next Mark 2.812ms
[16.489s][info][gc            ] GC(913) Concurrent Cycle 15.632ms
[16.496s][info][gc,start      ] GC(914) Pause Young (Concurrent Start) (G1 Humongous Allocation)
[16.496s][info][gc,task       ] GC(914) Using 8 workers of 8 for evacuation
[16.497s][info][gc,phases     ] GC(914)   Pre Evacuate Collection Set: 0.5ms
[16.497s][info][gc,phases     ] GC(914)   Evacuate Collection Set: 0.7ms
[16.497s][info][gc,phases     ] GC(914)   Post Evacuate Collection Set: 0.1ms
[16.497s][info][gc,phases     ] GC(914)   Other: 0.3ms
[16.497s][info][gc,heap       ] GC(914) Eden regions: 4->0(117)
[16.497s][info][gc,heap       ] GC(914) Survivor regions: 1->1(15)
[16.497s][info][gc,heap       ] GC(914) Old regions: 27->27
[16.497s][info][gc,heap       ] GC(914) Humongous regions: 2142->2142
[16.497s][info][gc,metaspace  ] GC(914) Metaspace: 9862K->9862K(1058816K)
[16.497s][info][gc            ] GC(914) Pause Young (Concurrent Start) (G1 Humongous Allocation) 2172M->2168M(2372M) 1.654ms
[16.497s][info][gc,cpu        ] GC(914) User=0.01s Sys=0.00s Real=0.00s
[16.497s][info][gc            ] GC(915) Concurrent Cycle
[16.497s][info][gc,marking    ] GC(915) Concurrent Clear Claimed Marks
[16.497s][info][gc,marking    ] GC(915) Concurrent Clear Claimed Marks 0.012ms
[16.497s][info][gc,marking    ] GC(915) Concurrent Scan Root Regions
[16.497s][info][gc,marking    ] GC(915) Concurrent Scan Root Regions 0.060ms
[16.497s][info][gc,marking    ] GC(915) Concurrent Mark (16.497s)
[16.497s][info][gc,marking    ] GC(915) Concurrent Mark From Roots
[16.497s][info][gc,task       ] GC(915) Using 2 workers of 2 for marking
[16.503s][info][gc,marking    ] GC(915) Concurrent Mark From Roots 5.921ms
[16.503s][info][gc,marking    ] GC(915) Concurrent Preclean
[16.503s][info][gc,marking    ] GC(915) Concurrent Preclean 0.086ms
[16.503s][info][gc,marking    ] GC(915) Concurrent Mark (16.497s, 16.503s) 6.065ms
[16.504s][info][gc,start      ] GC(915) Pause Remark
[16.505s][info][gc,stringtable] GC(915) Cleaned string and symbol table, strings: 4350 processed, 0 removed, symbols: 36588 processed, 0 removed
[16.505s][info][gc            ] GC(915) Pause Remark 2171M->2171M(2372M) 1.417ms
[16.505s][info][gc,cpu        ] GC(915) User=0.00s Sys=0.00s Real=0.00s
[16.505s][info][gc,marking    ] GC(915) Concurrent Rebuild Remembered Sets
[16.511s][info][gc,marking    ] GC(915) Concurrent Rebuild Remembered Sets 5.534ms
[16.511s][info][gc,start      ] GC(915) Pause Cleanup
[16.511s][info][gc            ] GC(915) Pause Cleanup 2174M->2174M(2372M) 0.255ms
[16.512s][info][gc,cpu        ] GC(915) User=0.00s Sys=0.00s Real=0.00s
[16.512s][info][gc,marking    ] GC(915) Concurrent Cleanup for Next Mark
[16.514s][info][gc,marking    ] GC(915) Concurrent Cleanup for Next Mark 2.808ms
[16.514s][info][gc            ] GC(915) Concurrent Cycle 17.129ms
[16.521s][info][gc,start      ] GC(916) Pause Young (Concurrent Start) (G1 Humongous Allocation)
[16.521s][info][gc,task       ] GC(916) Using 8 workers of 8 for evacuation
[16.523s][info][gc,phases     ] GC(916)   Pre Evacuate Collection Set: 0.5ms
[16.523s][info][gc,phases     ] GC(916)   Evacuate Collection Set: 0.7ms
[16.523s][info][gc,phases     ] GC(916)   Post Evacuate Collection Set: 0.1ms
[16.523s][info][gc,phases     ] GC(916)   Other: 0.3ms
[16.523s][info][gc,heap       ] GC(916) Eden regions: 4->0(117)
[16.523s][info][gc,heap       ] GC(916) Survivor regions: 1->1(15)
[16.523s][info][gc,heap       ] GC(916) Old regions: 27->27
[16.523s][info][gc,heap       ] GC(916) Humongous regions: 2146->2146
[16.523s][info][gc,metaspace  ] GC(916) Metaspace: 9862K->9862K(1058816K)
[16.523s][info][gc            ] GC(916) Pause Young (Concurrent Start) (G1 Humongous Allocation) 2176M->2172M(2372M) 1.699ms
[16.523s][info][gc,cpu        ] GC(916) User=0.01s Sys=0.00s Real=0.01s
[16.523s][info][gc            ] GC(917) Concurrent Cycle
[16.523s][info][gc,marking    ] GC(917) Concurrent Clear Claimed Marks
[16.523s][info][gc,marking    ] GC(917) Concurrent Clear Claimed Marks 0.010ms
[16.523s][info][gc,marking    ] GC(917) Concurrent Scan Root Regions
[16.523s][info][gc,marking    ] GC(917) Concurrent Scan Root Regions 0.080ms
[16.523s][info][gc,marking    ] GC(917) Concurrent Mark (16.523s)
[16.523s][info][gc,marking    ] GC(917) Concurrent Mark From Roots
[16.523s][info][gc,task       ] GC(917) Using 2 workers of 2 for marking
[16.530s][info][gc,marking    ] GC(917) Concurrent Mark From Roots 6.572ms
[16.530s][info][gc,marking    ] GC(917) Concurrent Preclean
[16.530s][info][gc,marking    ] GC(917) Concurrent Preclean 0.096ms
[16.530s][info][gc,marking    ] GC(917) Concurrent Mark (16.523s, 16.530s) 6.735ms
[16.530s][info][gc,start      ] GC(917) Pause Remark
[16.531s][info][gc,stringtable] GC(917) Cleaned string and symbol table, strings: 4350 processed, 0 removed, symbols: 36588 processed, 0 removed
[16.532s][info][gc            ] GC(917) Pause Remark 2175M->2175M(2372M) 1.869ms
[16.532s][info][gc,cpu        ] GC(917) User=0.01s Sys=0.00s Real=0.01s
[16.532s][info][gc,marking    ] GC(917) Concurrent Rebuild Remembered Sets
[16.538s][info][gc,marking    ] GC(917) Concurrent Rebuild Remembered Sets 6.316ms
[16.538s][info][gc,start      ] GC(917) Pause Cleanup
[16.539s][info][gc            ] GC(917) Pause Cleanup 2176M->2176M(2372M) 0.251ms
[16.539s][info][gc,cpu        ] GC(917) User=0.00s Sys=0.00s Real=0.00s
[16.539s][info][gc,marking    ] GC(917) Concurrent Cleanup for Next Mark
[16.541s][info][gc,marking    ] GC(917) Concurrent Cleanup for Next Mark 2.844ms
[16.541s][info][gc            ] GC(917) Concurrent Cycle 18.547ms
[16.550s][info][gc,start      ] GC(918) Pause Young (Concurrent Start) (G1 Humongous Allocation)
[16.550s][info][gc,task       ] GC(918) Using 8 workers of 8 for evacuation
[16.551s][info][gc,phases     ] GC(918)   Pre Evacuate Collection Set: 0.5ms
[16.551s][info][gc,phases     ] GC(918)   Evacuate Collection Set: 0.5ms
[16.551s][info][gc,phases     ] GC(918)   Post Evacuate Collection Set: 0.1ms
[16.551s][info][gc,phases     ] GC(918)   Other: 0.3ms
[16.551s][info][gc,heap       ] GC(918) Eden regions: 4->0(117)
[16.551s][info][gc,heap       ] GC(918) Survivor regions: 1->1(15)
[16.551s][info][gc,heap       ] GC(918) Old regions: 27->27
[16.551s][info][gc,heap       ] GC(918) Humongous regions: 2150->2150
[16.551s][info][gc,metaspace  ] GC(918) Metaspace: 9862K->9862K(1058816K)
[16.551s][info][gc            ] GC(918) Pause Young (Concurrent Start) (G1 Humongous Allocation) 2180M->2176M(2372M) 1.457ms
[16.551s][info][gc,cpu        ] GC(918) User=0.00s Sys=0.00s Real=0.00s
[16.551s][info][gc            ] GC(919) Concurrent Cycle
[16.551s][info][gc,marking    ] GC(919) Concurrent Clear Claimed Marks
[16.551s][info][gc,marking    ] GC(919) Concurrent Clear Claimed Marks 0.009ms
[16.551s][info][gc,marking    ] GC(919) Concurrent Scan Root Regions
[16.551s][info][gc,marking    ] GC(919) Concurrent Scan Root Regions 0.048ms
[16.551s][info][gc,marking    ] GC(919) Concurrent Mark (16.551s)
[16.551s][info][gc,marking    ] GC(919) Concurrent Mark From Roots
[16.551s][info][gc,task       ] GC(919) Using 2 workers of 2 for marking
[16.557s][info][gc,marking    ] GC(919) Concurrent Mark From Roots 5.390ms
[16.557s][info][gc,marking    ] GC(919) Concurrent Preclean
[16.557s][info][gc,marking    ] GC(919) Concurrent Preclean 0.073ms
[16.557s][info][gc,marking    ] GC(919) Concurrent Mark (16.551s, 16.557s) 5.522ms
[16.557s][info][gc,start      ] GC(919) Pause Remark
[16.558s][info][gc,stringtable] GC(919) Cleaned string and symbol table, strings: 4350 processed, 0 removed, symbols: 36588 processed, 0 removed
[16.559s][info][gc            ] GC(919) Pause Remark 2179M->2179M(2372M) 1.771ms
[16.559s][info][gc,cpu        ] GC(919) User=0.01s Sys=0.00s Real=0.00s
[16.559s][info][gc,marking    ] GC(919) Concurrent Rebuild Remembered Sets
[16.564s][info][gc,marking    ] GC(919) Concurrent Rebuild Remembered Sets 5.187ms
[16.565s][info][gc,start      ] GC(919) Pause Cleanup
[16.565s][info][gc            ] GC(919) Pause Cleanup 2182M->2182M(2372M) 0.262ms
[16.565s][info][gc,cpu        ] GC(919) User=0.00s Sys=0.00s Real=0.00s
[16.565s][info][gc,marking    ] GC(919) Concurrent Cleanup for Next Mark
[16.568s][info][gc,marking    ] GC(919) Concurrent Cleanup for Next Mark 2.815ms
[16.568s][info][gc            ] GC(919) Concurrent Cycle 16.645ms
[16.574s][info][gc,start      ] GC(920) Pause Young (Concurrent Start) (G1 Humongous Allocation)
[16.574s][info][gc,task       ] GC(920) Using 8 workers of 8 for evacuation
[16.576s][info][gc,phases     ] GC(920)   Pre Evacuate Collection Set: 0.5ms
[16.576s][info][gc,phases     ] GC(920)   Evacuate Collection Set: 0.6ms
[16.576s][info][gc,phases     ] GC(920)   Post Evacuate Collection Set: 0.1ms
[16.576s][info][gc,phases     ] GC(920)   Other: 0.2ms
[16.576s][info][gc,heap       ] GC(920) Eden regions: 4->0(117)
[16.576s][info][gc,heap       ] GC(920) Survivor regions: 1->1(15)
[16.576s][info][gc,heap       ] GC(920) Old regions: 27->27
[16.576s][info][gc,heap       ] GC(920) Humongous regions: 2154->2154
[16.576s][info][gc,metaspace  ] GC(920) Metaspace: 9862K->9862K(1058816K)
[16.576s][info][gc            ] GC(920) Pause Young (Concurrent Start) (G1 Humongous Allocation) 2184M->2180M(2372M) 1.553ms
[16.576s][info][gc,cpu        ] GC(920) User=0.00s Sys=0.00s Real=0.00s
[16.576s][info][gc            ] GC(921) Concurrent Cycle
[16.576s][info][gc,marking    ] GC(921) Concurrent Clear Claimed Marks
[16.576s][info][gc,marking    ] GC(921) Concurrent Clear Claimed Marks 0.013ms
[16.576s][info][gc,marking    ] GC(921) Concurrent Scan Root Regions
[16.576s][info][gc,marking    ] GC(921) Concurrent Scan Root Regions 0.082ms
[16.576s][info][gc,marking    ] GC(921) Concurrent Mark (16.576s)
[16.576s][info][gc,marking    ] GC(921) Concurrent Mark From Roots
[16.576s][info][gc,task       ] GC(921) Using 2 workers of 2 for marking
[16.582s][info][gc,marking    ] GC(921) Concurrent Mark From Roots 5.522ms
[16.582s][info][gc,marking    ] GC(921) Concurrent Preclean
[16.582s][info][gc,marking    ] GC(921) Concurrent Preclean 0.074ms
[16.582s][info][gc,marking    ] GC(921) Concurrent Mark (16.576s, 16.582s) 5.654ms
[16.582s][info][gc,start      ] GC(921) Pause Remark
[16.583s][info][gc,stringtable] GC(921) Cleaned string and symbol table, strings: 4350 processed, 0 removed, symbols: 36588 processed, 0 removed
[16.584s][info][gc            ] GC(921) Pause Remark 2183M->2183M(2372M) 1.660ms
[16.584s][info][gc,cpu        ] GC(921) User=0.01s Sys=0.00s Real=0.00s
[16.584s][info][gc,marking    ] GC(921) Concurrent Rebuild Remembered Sets
[16.589s][info][gc,marking    ] GC(921) Concurrent Rebuild Remembered Sets 4.933ms
[16.589s][info][gc,start      ] GC(921) Pause Cleanup
[16.590s][info][gc            ] GC(921) Pause Cleanup 2186M->2186M(2372M) 0.220ms
[16.590s][info][gc,cpu        ] GC(921) User=0.00s Sys=0.00s Real=0.00s
[16.590s][info][gc,marking    ] GC(921) Concurrent Cleanup for Next Mark
[16.592s][info][gc,marking    ] GC(921) Concurrent Cleanup for Next Mark 2.799ms
[16.592s][info][gc            ] GC(921) Concurrent Cycle 16.389ms
[16.599s][info][gc,start      ] GC(922) Pause Young (Concurrent Start) (G1 Humongous Allocation)
[16.599s][info][gc,task       ] GC(922) Using 8 workers of 8 for evacuation
[16.600s][info][gc,phases     ] GC(922)   Pre Evacuate Collection Set: 0.5ms
[16.600s][info][gc,phases     ] GC(922)   Evacuate Collection Set: 0.6ms
[16.600s][info][gc,phases     ] GC(922)   Post Evacuate Collection Set: 0.1ms
[16.601s][info][gc,phases     ] GC(922)   Other: 0.2ms
[16.601s][info][gc,heap       ] GC(922) Eden regions: 4->0(117)
[16.601s][info][gc,heap       ] GC(922) Survivor regions: 1->1(15)
[16.601s][info][gc,heap       ] GC(922) Old regions: 27->27
[16.601s][info][gc,heap       ] GC(922) Humongous regions: 2158->2158
[16.601s][info][gc,metaspace  ] GC(922) Metaspace: 9862K->9862K(1058816K)
[16.601s][info][gc            ] GC(922) Pause Young (Concurrent Start) (G1 Humongous Allocation) 2188M->2184M(2372M) 1.448ms
[16.601s][info][gc,cpu        ] GC(922) User=0.00s Sys=0.00s Real=0.00s
[16.601s][info][gc            ] GC(923) Concurrent Cycle
[16.601s][info][gc,marking    ] GC(923) Concurrent Clear Claimed Marks
[16.601s][info][gc,marking    ] GC(923) Concurrent Clear Claimed Marks 0.014ms
[16.601s][info][gc,marking    ] GC(923) Concurrent Scan Root Regions
[16.601s][info][gc,marking    ] GC(923) Concurrent Scan Root Regions 0.052ms
[16.601s][info][gc,marking    ] GC(923) Concurrent Mark (16.601s)
[16.601s][info][gc,marking    ] GC(923) Concurrent Mark From Roots
[16.601s][info][gc,task       ] GC(923) Using 2 workers of 2 for marking
[16.606s][info][gc,marking    ] GC(923) Concurrent Mark From Roots 5.338ms
[16.606s][info][gc,marking    ] GC(923) Concurrent Preclean
[16.606s][info][gc,marking    ] GC(923) Concurrent Preclean 0.075ms
[16.606s][info][gc,marking    ] GC(923) Concurrent Mark (16.601s, 16.606s) 5.469ms
[16.606s][info][gc,start      ] GC(923) Pause Remark
[16.607s][info][gc,stringtable] GC(923) Cleaned string and symbol table, strings: 4350 processed, 0 removed, symbols: 36588 processed, 0 removed
[16.607s][info][gc            ] GC(923) Pause Remark 2187M->2187M(2372M) 1.171ms
[16.607s][info][gc,cpu        ] GC(923) User=0.00s Sys=0.00s Real=0.00s
[16.608s][info][gc,marking    ] GC(923) Concurrent Rebuild Remembered Sets
[16.612s][info][gc,marking    ] GC(923) Concurrent Rebuild Remembered Sets 4.946ms
[16.613s][info][gc,start      ] GC(923) Pause Cleanup
[16.613s][info][gc            ] GC(923) Pause Cleanup 2190M->2190M(2372M) 0.210ms
[16.613s][info][gc,cpu        ] GC(923) User=0.00s Sys=0.00s Real=0.00s
[16.613s][info][gc,marking    ] GC(923) Concurrent Cleanup for Next Mark
[16.616s][info][gc,marking    ] GC(923) Concurrent Cleanup for Next Mark 2.788ms
[16.616s][info][gc            ] GC(923) Concurrent Cycle 15.695ms
[16.623s][info][gc,start      ] GC(924) Pause Young (Concurrent Start) (G1 Humongous Allocation)
[16.623s][info][gc,task       ] GC(924) Using 8 workers of 8 for evacuation
[16.625s][info][gc,phases     ] GC(924)   Pre Evacuate Collection Set: 0.5ms
[16.625s][info][gc,phases     ] GC(924)   Evacuate Collection Set: 0.5ms
[16.625s][info][gc,phases     ] GC(924)   Post Evacuate Collection Set: 0.1ms
[16.625s][info][gc,phases     ] GC(924)   Other: 0.3ms
[16.625s][info][gc,heap       ] GC(924) Eden regions: 4->0(117)
[16.625s][info][gc,heap       ] GC(924) Survivor regions: 1->1(15)
[16.625s][info][gc,heap       ] GC(924) Old regions: 27->27
[16.625s][info][gc,heap       ] GC(924) Humongous regions: 2162->2162
[16.625s][info][gc,metaspace  ] GC(924) Metaspace: 9862K->9862K(1058816K)
[16.625s][info][gc            ] GC(924) Pause Young (Concurrent Start) (G1 Humongous Allocation) 2192M->2188M(2372M) 1.520ms
[16.625s][info][gc,cpu        ] GC(924) User=0.00s Sys=0.00s Real=0.00s
[16.625s][info][gc            ] GC(925) Concurrent Cycle
[16.625s][info][gc,marking    ] GC(925) Concurrent Clear Claimed Marks
[16.625s][info][gc,marking    ] GC(925) Concurrent Clear Claimed Marks 0.013ms
[16.625s][info][gc,marking    ] GC(925) Concurrent Scan Root Regions
[16.625s][info][gc,marking    ] GC(925) Concurrent Scan Root Regions 0.050ms
[16.625s][info][gc,marking    ] GC(925) Concurrent Mark (16.625s)
[16.625s][info][gc,marking    ] GC(925) Concurrent Mark From Roots
[16.625s][info][gc,task       ] GC(925) Using 2 workers of 2 for marking
[16.630s][info][gc,marking    ] GC(925) Concurrent Mark From Roots 5.454ms
[16.631s][info][gc,marking    ] GC(925) Concurrent Preclean
[16.631s][info][gc,marking    ] GC(925) Concurrent Preclean 0.076ms
[16.631s][info][gc,marking    ] GC(925) Concurrent Mark (16.625s, 16.631s) 5.589ms
[16.631s][info][gc,start      ] GC(925) Pause Remark
[16.632s][info][gc,stringtable] GC(925) Cleaned string and symbol table, strings: 4350 processed, 0 removed, symbols: 36588 processed, 0 removed
[16.632s][info][gc            ] GC(925) Pause Remark 2191M->2191M(2372M) 1.783ms
[16.633s][info][gc,cpu        ] GC(925) User=0.01s Sys=0.00s Real=0.01s
[16.633s][info][gc,marking    ] GC(925) Concurrent Rebuild Remembered Sets
[16.638s][info][gc,marking    ] GC(925) Concurrent Rebuild Remembered Sets 5.039ms
[16.638s][info][gc,start      ] GC(925) Pause Cleanup
[16.638s][info][gc            ] GC(925) Pause Cleanup 2194M->2194M(2372M) 0.216ms
[16.638s][info][gc,cpu        ] GC(925) User=0.00s Sys=0.00s Real=0.00s
[16.639s][info][gc,marking    ] GC(925) Concurrent Cleanup for Next Mark
[16.641s][info][gc,marking    ] GC(925) Concurrent Cleanup for Next Mark 2.794ms
[16.641s][info][gc            ] GC(925) Concurrent Cycle 16.422ms
[16.648s][info][gc,start      ] GC(926) Pause Young (Concurrent Start) (G1 Humongous Allocation)
[16.648s][info][gc,task       ] GC(926) Using 8 workers of 8 for evacuation
[16.649s][info][gc,phases     ] GC(926)   Pre Evacuate Collection Set: 0.5ms
[16.649s][info][gc,phases     ] GC(926)   Evacuate Collection Set: 0.6ms
[16.649s][info][gc,phases     ] GC(926)   Post Evacuate Collection Set: 0.1ms
[16.649s][info][gc,phases     ] GC(926)   Other: 0.2ms
[16.649s][info][gc,heap       ] GC(926) Eden regions: 4->0(117)
[16.649s][info][gc,heap       ] GC(926) Survivor regions: 1->1(15)
[16.649s][info][gc,heap       ] GC(926) Old regions: 27->27
[16.649s][info][gc,heap       ] GC(926) Humongous regions: 2166->2166
[16.649s][info][gc,metaspace  ] GC(926) Metaspace: 9862K->9862K(1058816K)
[16.649s][info][gc            ] GC(926) Pause Young (Concurrent Start) (G1 Humongous Allocation) 2196M->2192M(2372M) 1.471ms
[16.650s][info][gc,cpu        ] GC(926) User=0.00s Sys=0.00s Real=0.00s
[16.650s][info][gc            ] GC(927) Concurrent Cycle
[16.650s][info][gc,marking    ] GC(927) Concurrent Clear Claimed Marks
[16.650s][info][gc,marking    ] GC(927) Concurrent Clear Claimed Marks 0.009ms
[16.650s][info][gc,marking    ] GC(927) Concurrent Scan Root Regions
[16.650s][info][gc,marking    ] GC(927) Concurrent Scan Root Regions 0.067ms
[16.650s][info][gc,marking    ] GC(927) Concurrent Mark (16.650s)
[16.650s][info][gc,marking    ] GC(927) Concurrent Mark From Roots
[16.650s][info][gc,task       ] GC(927) Using 2 workers of 2 for marking
[16.655s][info][gc,marking    ] GC(927) Concurrent Mark From Roots 5.347ms
[16.655s][info][gc,marking    ] GC(927) Concurrent Preclean
[16.655s][info][gc,marking    ] GC(927) Concurrent Preclean 0.070ms
[16.655s][info][gc,marking    ] GC(927) Concurrent Mark (16.650s, 16.655s) 5.473ms
[16.655s][info][gc,start      ] GC(927) Pause Remark
[16.656s][info][gc,stringtable] GC(927) Cleaned string and symbol table, strings: 4350 processed, 0 removed, symbols: 36588 processed, 0 removed
[16.657s][info][gc            ] GC(927) Pause Remark 2195M->2195M(2372M) 1.644ms
[16.657s][info][gc,cpu        ] GC(927) User=0.01s Sys=0.00s Real=0.00s
[16.657s][info][gc,marking    ] GC(927) Concurrent Rebuild Remembered Sets
[16.662s][info][gc,marking    ] GC(927) Concurrent Rebuild Remembered Sets 4.967ms
[16.663s][info][gc,start      ] GC(927) Pause Cleanup
[16.663s][info][gc            ] GC(927) Pause Cleanup 2198M->2198M(2372M) 0.227ms
[16.663s][info][gc,cpu        ] GC(927) User=0.00s Sys=0.00s Real=0.00s
[16.663s][info][gc,marking    ] GC(927) Concurrent Cleanup for Next Mark
[16.666s][info][gc,marking    ] GC(927) Concurrent Cleanup for Next Mark 2.798ms
[16.666s][info][gc            ] GC(927) Concurrent Cycle 16.177ms
[16.672s][info][gc,start      ] GC(928) Pause Young (Concurrent Start) (G1 Humongous Allocation)
[16.672s][info][gc,task       ] GC(928) Using 8 workers of 8 for evacuation
[16.674s][info][gc,phases     ] GC(928)   Pre Evacuate Collection Set: 0.5ms
[16.674s][info][gc,phases     ] GC(928)   Evacuate Collection Set: 0.6ms
[16.674s][info][gc,phases     ] GC(928)   Post Evacuate Collection Set: 0.1ms
[16.674s][info][gc,phases     ] GC(928)   Other: 0.2ms
[16.674s][info][gc,heap       ] GC(928) Eden regions: 4->0(117)
[16.674s][info][gc,heap       ] GC(928) Survivor regions: 1->1(15)
[16.674s][info][gc,heap       ] GC(928) Old regions: 27->27
[16.674s][info][gc,heap       ] GC(928) Humongous regions: 2170->2170
[16.674s][info][gc,metaspace  ] GC(928) Metaspace: 9862K->9862K(1058816K)
[16.674s][info][gc            ] GC(928) Pause Young (Concurrent Start) (G1 Humongous Allocation) 2200M->2196M(2372M) 1.534ms
[16.674s][info][gc,cpu        ] GC(928) User=0.00s Sys=0.00s Real=0.00s
[16.674s][info][gc            ] GC(929) Concurrent Cycle
[16.674s][info][gc,marking    ] GC(929) Concurrent Clear Claimed Marks
[16.674s][info][gc,marking    ] GC(929) Concurrent Clear Claimed Marks 0.014ms
[16.674s][info][gc,marking    ] GC(929) Concurrent Scan Root Regions
[16.674s][info][gc,marking    ] GC(929) Concurrent Scan Root Regions 0.047ms
[16.674s][info][gc,marking    ] GC(929) Concurrent Mark (16.674s)
[16.674s][info][gc,marking    ] GC(929) Concurrent Mark From Roots
[16.674s][info][gc,task       ] GC(929) Using 2 workers of 2 for marking
[16.680s][info][gc,marking    ] GC(929) Concurrent Mark From Roots 5.377ms
[16.680s][info][gc,marking    ] GC(929) Concurrent Preclean
[16.680s][info][gc,marking    ] GC(929) Concurrent Preclean 0.070ms
[16.680s][info][gc,marking    ] GC(929) Concurrent Mark (16.674s, 16.680s) 5.506ms
[16.680s][info][gc,start      ] GC(929) Pause Remark
[16.681s][info][gc,stringtable] GC(929) Cleaned string and symbol table, strings: 4350 processed, 0 removed, symbols: 36588 processed, 0 removed
[16.681s][info][gc            ] GC(929) Pause Remark 2199M->2199M(2372M) 1.614ms
[16.681s][info][gc,cpu        ] GC(929) User=0.00s Sys=0.00s Real=0.01s
[16.681s][info][gc,marking    ] GC(929) Concurrent Rebuild Remembered Sets
[16.686s][info][gc,marking    ] GC(929) Concurrent Rebuild Remembered Sets 4.965ms
[16.687s][info][gc,start      ] GC(929) Pause Cleanup
[16.687s][info][gc            ] GC(929) Pause Cleanup 2202M->2202M(2372M) 0.210ms
[16.687s][info][gc,cpu        ] GC(929) User=0.00s Sys=0.01s Real=0.00s
[16.687s][info][gc,marking    ] GC(929) Concurrent Cleanup for Next Mark
[16.690s][info][gc,marking    ] GC(929) Concurrent Cleanup for Next Mark 2.792ms
[16.690s][info][gc            ] GC(929) Concurrent Cycle 16.235ms
[16.697s][info][gc,start      ] GC(930) Pause Young (Concurrent Start) (G1 Humongous Allocation)
[16.697s][info][gc,task       ] GC(930) Using 8 workers of 8 for evacuation
[16.698s][info][gc,phases     ] GC(930)   Pre Evacuate Collection Set: 0.5ms
[16.698s][info][gc,phases     ] GC(930)   Evacuate Collection Set: 0.4ms
[16.698s][info][gc,phases     ] GC(930)   Post Evacuate Collection Set: 0.1ms
[16.698s][info][gc,phases     ] GC(930)   Other: 0.2ms
[16.698s][info][gc,heap       ] GC(930) Eden regions: 4->0(117)
[16.698s][info][gc,heap       ] GC(930) Survivor regions: 1->1(15)
[16.698s][info][gc,heap       ] GC(930) Old regions: 27->27
[16.698s][info][gc,heap       ] GC(930) Humongous regions: 2174->2174
[16.698s][info][gc,metaspace  ] GC(930) Metaspace: 9862K->9862K(1058816K)
[16.698s][info][gc            ] GC(930) Pause Young (Concurrent Start) (G1 Humongous Allocation) 2204M->2200M(2372M) 1.306ms
[16.698s][info][gc,cpu        ] GC(930) User=0.01s Sys=0.00s Real=0.00s
[16.698s][info][gc            ] GC(931) Concurrent Cycle
[16.698s][info][gc,marking    ] GC(931) Concurrent Clear Claimed Marks
[16.698s][info][gc,marking    ] GC(931) Concurrent Clear Claimed Marks 0.013ms
[16.698s][info][gc,marking    ] GC(931) Concurrent Scan Root Regions
[16.698s][info][gc,marking    ] GC(931) Concurrent Scan Root Regions 0.081ms
[16.698s][info][gc,marking    ] GC(931) Concurrent Mark (16.698s)
[16.699s][info][gc,marking    ] GC(931) Concurrent Mark From Roots
[16.699s][info][gc,task       ] GC(931) Using 2 workers of 2 for marking
[16.704s][info][gc,marking    ] GC(931) Concurrent Mark From Roots 5.366ms
[16.704s][info][gc,marking    ] GC(931) Concurrent Preclean
[16.704s][info][gc,marking    ] GC(931) Concurrent Preclean 0.070ms
[16.704s][info][gc,marking    ] GC(931) Concurrent Mark (16.698s, 16.704s) 5.495ms
[16.704s][info][gc,start      ] GC(931) Pause Remark
[16.705s][info][gc,stringtable] GC(931) Cleaned string and symbol table, strings: 4350 processed, 0 removed, symbols: 36588 processed, 0 removed
[16.706s][info][gc            ] GC(931) Pause Remark 2203M->2203M(2372M) 1.702ms
[16.706s][info][gc,cpu        ] GC(931) User=0.01s Sys=0.00s Real=0.00s
[16.706s][info][gc,marking    ] GC(931) Concurrent Rebuild Remembered Sets
[16.711s][info][gc,marking    ] GC(931) Concurrent Rebuild Remembered Sets 4.910ms
[16.711s][info][gc,start      ] GC(931) Pause Cleanup
[16.712s][info][gc            ] GC(931) Pause Cleanup 2206M->2206M(2372M) 0.213ms
[16.712s][info][gc,cpu        ] GC(931) User=0.00s Sys=0.00s Real=0.00s
[16.712s][info][gc,marking    ] GC(931) Concurrent Cleanup for Next Mark
[16.715s][info][gc,marking    ] GC(931) Concurrent Cleanup for Next Mark 2.784ms
[16.715s][info][gc            ] GC(931) Concurrent Cycle 16.238ms
[16.721s][info][gc,start      ] GC(932) Pause Young (Concurrent Start) (G1 Humongous Allocation)
[16.721s][info][gc,task       ] GC(932) Using 8 workers of 8 for evacuation
[16.723s][info][gc,phases     ] GC(932)   Pre Evacuate Collection Set: 0.5ms
[16.723s][info][gc,phases     ] GC(932)   Evacuate Collection Set: 1.2ms
[16.723s][info][gc,phases     ] GC(932)   Post Evacuate Collection Set: 0.1ms
[16.723s][info][gc,phases     ] GC(932)   Other: 0.2ms
[16.723s][info][gc,heap       ] GC(932) Eden regions: 4->0(117)
[16.723s][info][gc,heap       ] GC(932) Survivor regions: 1->1(15)
[16.723s][info][gc,heap       ] GC(932) Old regions: 27->27
[16.723s][info][gc,heap       ] GC(932) Humongous regions: 2178->2178
[16.723s][info][gc,metaspace  ] GC(932) Metaspace: 9862K->9862K(1058816K)
[16.723s][info][gc            ] GC(932) Pause Young (Concurrent Start) (G1 Humongous Allocation) 2208M->2204M(2372M) 2.050ms
[16.723s][info][gc,cpu        ] GC(932) User=0.01s Sys=0.00s Real=0.00s
[16.723s][info][gc            ] GC(933) Concurrent Cycle
[16.723s][info][gc,marking    ] GC(933) Concurrent Clear Claimed Marks
[16.723s][info][gc,marking    ] GC(933) Concurrent Clear Claimed Marks 0.010ms
[16.723s][info][gc,marking    ] GC(933) Concurrent Scan Root Regions
[16.724s][info][gc,marking    ] GC(933) Concurrent Scan Root Regions 0.065ms
[16.724s][info][gc,marking    ] GC(933) Concurrent Mark (16.724s)
[16.724s][info][gc,marking    ] GC(933) Concurrent Mark From Roots
[16.724s][info][gc,task       ] GC(933) Using 2 workers of 2 for marking
[16.729s][info][gc,marking    ] GC(933) Concurrent Mark From Roots 5.340ms
[16.729s][info][gc,marking    ] GC(933) Concurrent Preclean
[16.729s][info][gc,marking    ] GC(933) Concurrent Preclean 0.076ms
[16.729s][info][gc,marking    ] GC(933) Concurrent Mark (16.724s, 16.729s) 5.481ms
[16.729s][info][gc,start      ] GC(933) Pause Remark
[16.730s][info][gc,stringtable] GC(933) Cleaned string and symbol table, strings: 4350 processed, 0 removed, symbols: 36588 processed, 0 removed
[16.731s][info][gc            ] GC(933) Pause Remark 2207M->2207M(2372M) 1.689ms
[16.731s][info][gc,cpu        ] GC(933) User=0.01s Sys=0.00s Real=0.00s
[16.731s][info][gc,marking    ] GC(933) Concurrent Rebuild Remembered Sets
[16.737s][info][gc,marking    ] GC(933) Concurrent Rebuild Remembered Sets 6.491ms
[16.738s][info][gc,start      ] GC(933) Pause Cleanup
[16.738s][info][gc            ] GC(933) Pause Cleanup 2210M->2210M(2372M) 0.258ms
[16.738s][info][gc,cpu        ] GC(933) User=0.00s Sys=0.00s Real=0.00s
[16.738s][info][gc,marking    ] GC(933) Concurrent Cleanup for Next Mark
[16.741s][info][gc,marking    ] GC(933) Concurrent Cleanup for Next Mark 2.807ms
[16.741s][info][gc            ] GC(933) Concurrent Cycle 17.546ms
[16.748s][info][gc,start      ] GC(934) Pause Young (Concurrent Start) (G1 Humongous Allocation)
[16.748s][info][gc,task       ] GC(934) Using 8 workers of 8 for evacuation
[16.749s][info][gc,phases     ] GC(934)   Pre Evacuate Collection Set: 0.5ms
[16.749s][info][gc,phases     ] GC(934)   Evacuate Collection Set: 0.6ms
[16.749s][info][gc,phases     ] GC(934)   Post Evacuate Collection Set: 0.1ms
[16.749s][info][gc,phases     ] GC(934)   Other: 0.2ms
[16.749s][info][gc,heap       ] GC(934) Eden regions: 4->0(117)
[16.749s][info][gc,heap       ] GC(934) Survivor regions: 1->1(15)
[16.749s][info][gc,heap       ] GC(934) Old regions: 27->27
[16.749s][info][gc,heap       ] GC(934) Humongous regions: 2182->2182
[16.749s][info][gc,metaspace  ] GC(934) Metaspace: 9862K->9862K(1058816K)
[16.749s][info][gc            ] GC(934) Pause Young (Concurrent Start) (G1 Humongous Allocation) 2212M->2208M(2372M) 1.505ms
[16.749s][info][gc,cpu        ] GC(934) User=0.00s Sys=0.00s Real=0.00s
[16.749s][info][gc            ] GC(935) Concurrent Cycle
[16.749s][info][gc,marking    ] GC(935) Concurrent Clear Claimed Marks
[16.749s][info][gc,marking    ] GC(935) Concurrent Clear Claimed Marks 0.011ms
[16.749s][info][gc,marking    ] GC(935) Concurrent Scan Root Regions
[16.750s][info][gc,marking    ] GC(935) Concurrent Scan Root Regions 0.063ms
[16.750s][info][gc,marking    ] GC(935) Concurrent Mark (16.750s)
[16.750s][info][gc,marking    ] GC(935) Concurrent Mark From Roots
[16.750s][info][gc,task       ] GC(935) Using 2 workers of 2 for marking
[16.755s][info][gc,marking    ] GC(935) Concurrent Mark From Roots 5.306ms
[16.755s][info][gc,marking    ] GC(935) Concurrent Preclean
[16.755s][info][gc,marking    ] GC(935) Concurrent Preclean 0.076ms
[16.755s][info][gc,marking    ] GC(935) Concurrent Mark (16.750s, 16.755s) 5.435ms
[16.755s][info][gc,start      ] GC(935) Pause Remark
[16.756s][info][gc,stringtable] GC(935) Cleaned string and symbol table, strings: 4350 processed, 0 removed, symbols: 36588 processed, 0 removed
[16.757s][info][gc            ] GC(935) Pause Remark 2211M->2211M(2372M) 1.418ms
[16.757s][info][gc,cpu        ] GC(935) User=0.00s Sys=0.00s Real=0.00s
[16.757s][info][gc,marking    ] GC(935) Concurrent Rebuild Remembered Sets
[16.762s][info][gc,marking    ] GC(935) Concurrent Rebuild Remembered Sets 5.070ms
[16.762s][info][gc,start      ] GC(935) Pause Cleanup
[16.762s][info][gc            ] GC(935) Pause Cleanup 2214M->2214M(2372M) 0.230ms
[16.762s][info][gc,cpu        ] GC(935) User=0.00s Sys=0.00s Real=0.00s
[16.762s][info][gc,marking    ] GC(935) Concurrent Cleanup for Next Mark
[16.765s][info][gc,marking    ] GC(935) Concurrent Cleanup for Next Mark 2.887ms
[16.765s][info][gc            ] GC(935) Concurrent Cycle 15.511ms
[16.771s][info][gc,start      ] GC(936) Pause Young (Concurrent Start) (G1 Humongous Allocation)
[16.771s][info][gc,task       ] GC(936) Using 8 workers of 8 for evacuation
[16.773s][info][gc,phases     ] GC(936)   Pre Evacuate Collection Set: 0.8ms
[16.773s][info][gc,phases     ] GC(936)   Evacuate Collection Set: 0.7ms
[16.773s][info][gc,phases     ] GC(936)   Post Evacuate Collection Set: 0.1ms
[16.773s][info][gc,phases     ] GC(936)   Other: 0.4ms
[16.773s][info][gc,heap       ] GC(936) Eden regions: 4->0(117)
[16.773s][info][gc,heap       ] GC(936) Survivor regions: 1->1(15)
[16.773s][info][gc,heap       ] GC(936) Old regions: 27->27
[16.773s][info][gc,heap       ] GC(936) Humongous regions: 2186->2186
[16.773s][info][gc,metaspace  ] GC(936) Metaspace: 9862K->9862K(1058816K)
[16.773s][info][gc            ] GC(936) Pause Young (Concurrent Start) (G1 Humongous Allocation) 2216M->2212M(2372M) 2.050ms
[16.773s][info][gc,cpu        ] GC(936) User=0.01s Sys=0.00s Real=0.01s
[16.773s][info][gc            ] GC(937) Concurrent Cycle
[16.773s][info][gc,marking    ] GC(937) Concurrent Clear Claimed Marks
[16.773s][info][gc,marking    ] GC(937) Concurrent Clear Claimed Marks 0.010ms
[16.773s][info][gc,marking    ] GC(937) Concurrent Scan Root Regions
[16.773s][info][gc,marking    ] GC(937) Concurrent Scan Root Regions 0.056ms
[16.773s][info][gc,marking    ] GC(937) Concurrent Mark (16.773s)
[16.773s][info][gc,marking    ] GC(937) Concurrent Mark From Roots
[16.773s][info][gc,task       ] GC(937) Using 2 workers of 2 for marking
[16.779s][info][gc,marking    ] GC(937) Concurrent Mark From Roots 5.436ms
[16.779s][info][gc,marking    ] GC(937) Concurrent Preclean
[16.779s][info][gc,marking    ] GC(937) Concurrent Preclean 0.072ms
[16.779s][info][gc,marking    ] GC(937) Concurrent Mark (16.773s, 16.779s) 5.594ms
[16.779s][info][gc,start      ] GC(937) Pause Remark
[16.780s][info][gc,stringtable] GC(937) Cleaned string and symbol table, strings: 4350 processed, 0 removed, symbols: 36588 processed, 0 removed
[16.780s][info][gc            ] GC(937) Pause Remark 2215M->2215M(2372M) 1.054ms
[16.780s][info][gc,cpu        ] GC(937) User=0.01s Sys=0.00s Real=0.00s
[16.780s][info][gc,marking    ] GC(937) Concurrent Rebuild Remembered Sets
[16.785s][info][gc,marking    ] GC(937) Concurrent Rebuild Remembered Sets 5.050ms
[16.786s][info][gc,start      ] GC(937) Pause Cleanup
[16.786s][info][gc            ] GC(937) Pause Cleanup 2218M->2218M(2372M) 0.218ms
[16.786s][info][gc,cpu        ] GC(937) User=0.00s Sys=0.00s Real=0.00s
[16.786s][info][gc,marking    ] GC(937) Concurrent Cleanup for Next Mark
[16.789s][info][gc,marking    ] GC(937) Concurrent Cleanup for Next Mark 2.789ms
[16.789s][info][gc            ] GC(937) Concurrent Cycle 15.589ms
[16.795s][info][gc,start      ] GC(938) Pause Young (Concurrent Start) (G1 Humongous Allocation)
[16.795s][info][gc,task       ] GC(938) Using 8 workers of 8 for evacuation
[16.797s][info][gc,phases     ] GC(938)   Pre Evacuate Collection Set: 0.5ms
[16.797s][info][gc,phases     ] GC(938)   Evacuate Collection Set: 0.6ms
[16.797s][info][gc,phases     ] GC(938)   Post Evacuate Collection Set: 0.1ms
[16.797s][info][gc,phases     ] GC(938)   Other: 0.2ms
[16.797s][info][gc,heap       ] GC(938) Eden regions: 4->0(117)
[16.797s][info][gc,heap       ] GC(938) Survivor regions: 1->1(15)
[16.797s][info][gc,heap       ] GC(938) Old regions: 27->27
[16.797s][info][gc,heap       ] GC(938) Humongous regions: 2190->2190
[16.797s][info][gc,metaspace  ] GC(938) Metaspace: 9862K->9862K(1058816K)
[16.797s][info][gc            ] GC(938) Pause Young (Concurrent Start) (G1 Humongous Allocation) 2220M->2216M(2372M) 1.477ms
[16.797s][info][gc,cpu        ] GC(938) User=0.00s Sys=0.00s Real=0.00s
[16.797s][info][gc            ] GC(939) Concurrent Cycle
[16.797s][info][gc,marking    ] GC(939) Concurrent Clear Claimed Marks
[16.797s][info][gc,marking    ] GC(939) Concurrent Clear Claimed Marks 0.009ms
[16.797s][info][gc,marking    ] GC(939) Concurrent Scan Root Regions
[16.797s][info][gc,marking    ] GC(939) Concurrent Scan Root Regions 0.060ms
[16.797s][info][gc,marking    ] GC(939) Concurrent Mark (16.797s)
[16.797s][info][gc,marking    ] GC(939) Concurrent Mark From Roots
[16.797s][info][gc,task       ] GC(939) Using 2 workers of 2 for marking
[16.802s][info][gc,marking    ] GC(939) Concurrent Mark From Roots 5.392ms
[16.802s][info][gc,marking    ] GC(939) Concurrent Preclean
[16.803s][info][gc,marking    ] GC(939) Concurrent Preclean 0.070ms
[16.803s][info][gc,marking    ] GC(939) Concurrent Mark (16.797s, 16.803s) 5.518ms
[16.803s][info][gc,start      ] GC(939) Pause Remark
[16.804s][info][gc,stringtable] GC(939) Cleaned string and symbol table, strings: 4350 processed, 0 removed, symbols: 36588 processed, 0 removed
[16.804s][info][gc            ] GC(939) Pause Remark 2219M->2219M(2372M) 1.571ms
[16.804s][info][gc,cpu        ] GC(939) User=0.01s Sys=0.00s Real=0.00s
[16.804s][info][gc,marking    ] GC(939) Concurrent Rebuild Remembered Sets
[16.809s][info][gc,marking    ] GC(939) Concurrent Rebuild Remembered Sets 4.927ms
[16.810s][info][gc,start      ] GC(939) Pause Cleanup
[16.810s][info][gc            ] GC(939) Pause Cleanup 2222M->2222M(2372M) 0.216ms
[16.810s][info][gc,cpu        ] GC(939) User=0.00s Sys=0.00s Real=0.00s
[16.810s][info][gc,marking    ] GC(939) Concurrent Cleanup for Next Mark
[16.813s][info][gc,marking    ] GC(939) Concurrent Cleanup for Next Mark 2.808ms
[16.813s][info][gc            ] GC(939) Concurrent Cycle 16.087ms
[16.820s][info][gc,start      ] GC(940) Pause Young (Concurrent Start) (G1 Humongous Allocation)
[16.820s][info][gc,task       ] GC(940) Using 8 workers of 8 for evacuation
[16.821s][info][gc,phases     ] GC(940)   Pre Evacuate Collection Set: 0.5ms
[16.821s][info][gc,phases     ] GC(940)   Evacuate Collection Set: 0.5ms
[16.821s][info][gc,phases     ] GC(940)   Post Evacuate Collection Set: 0.1ms
[16.821s][info][gc,phases     ] GC(940)   Other: 0.2ms
[16.821s][info][gc,heap       ] GC(940) Eden regions: 4->0(117)
[16.821s][info][gc,heap       ] GC(940) Survivor regions: 1->1(15)
[16.821s][info][gc,heap       ] GC(940) Old regions: 27->27
[16.821s][info][gc,heap       ] GC(940) Humongous regions: 2194->2194
[16.821s][info][gc,metaspace  ] GC(940) Metaspace: 9862K->9862K(1058816K)
[16.821s][info][gc            ] GC(940) Pause Young (Concurrent Start) (G1 Humongous Allocation) 2224M->2220M(2372M) 1.333ms
[16.821s][info][gc,cpu        ] GC(940) User=0.00s Sys=0.00s Real=0.00s
[16.821s][info][gc            ] GC(941) Concurrent Cycle
[16.821s][info][gc,marking    ] GC(941) Concurrent Clear Claimed Marks
[16.821s][info][gc,marking    ] GC(941) Concurrent Clear Claimed Marks 0.009ms
[16.821s][info][gc,marking    ] GC(941) Concurrent Scan Root Regions
[16.821s][info][gc,marking    ] GC(941) Concurrent Scan Root Regions 0.064ms
[16.821s][info][gc,marking    ] GC(941) Concurrent Mark (16.821s)
[16.821s][info][gc,marking    ] GC(941) Concurrent Mark From Roots
[16.821s][info][gc,task       ] GC(941) Using 2 workers of 2 for marking
[16.826s][info][gc,marking    ] GC(941) Concurrent Mark From Roots 5.349ms
[16.827s][info][gc,marking    ] GC(941) Concurrent Preclean
[16.827s][info][gc,marking    ] GC(941) Concurrent Preclean 0.072ms
[16.827s][info][gc,marking    ] GC(941) Concurrent Mark (16.821s, 16.827s) 5.481ms
[16.827s][info][gc,start      ] GC(941) Pause Remark
[16.828s][info][gc,stringtable] GC(941) Cleaned string and symbol table, strings: 4350 processed, 0 removed, symbols: 36588 processed, 0 removed
[16.828s][info][gc            ] GC(941) Pause Remark 2223M->2223M(2372M) 1.435ms
[16.828s][info][gc,cpu        ] GC(941) User=0.00s Sys=0.00s Real=0.00s
[16.828s][info][gc,marking    ] GC(941) Concurrent Rebuild Remembered Sets
[16.833s][info][gc,marking    ] GC(941) Concurrent Rebuild Remembered Sets 5.078ms
[16.834s][info][gc,start      ] GC(941) Pause Cleanup
[16.834s][info][gc            ] GC(941) Pause Cleanup 2226M->2226M(2372M) 0.235ms
[16.834s][info][gc,cpu        ] GC(941) User=0.00s Sys=0.00s Real=0.00s
[16.834s][info][gc,marking    ] GC(941) Concurrent Cleanup for Next Mark
[16.837s][info][gc,marking    ] GC(941) Concurrent Cleanup for Next Mark 2.786ms
[16.837s][info][gc            ] GC(941) Concurrent Cycle 15.964ms
[16.844s][info][gc,start      ] GC(942) Pause Young (Concurrent Start) (G1 Humongous Allocation)
[16.844s][info][gc,task       ] GC(942) Using 8 workers of 8 for evacuation
[16.845s][info][gc,phases     ] GC(942)   Pre Evacuate Collection Set: 0.5ms
[16.845s][info][gc,phases     ] GC(942)   Evacuate Collection Set: 0.5ms
[16.845s][info][gc,phases     ] GC(942)   Post Evacuate Collection Set: 0.1ms
[16.845s][info][gc,phases     ] GC(942)   Other: 0.2ms
[16.845s][info][gc,heap       ] GC(942) Eden regions: 4->0(117)
[16.845s][info][gc,heap       ] GC(942) Survivor regions: 1->1(15)
[16.845s][info][gc,heap       ] GC(942) Old regions: 27->27
[16.845s][info][gc,heap       ] GC(942) Humongous regions: 2198->2198
[16.845s][info][gc,metaspace  ] GC(942) Metaspace: 9862K->9862K(1058816K)
[16.845s][info][gc            ] GC(942) Pause Young (Concurrent Start) (G1 Humongous Allocation) 2228M->2224M(2372M) 1.295ms
[16.845s][info][gc,cpu        ] GC(942) User=0.00s Sys=0.00s Real=0.00s
[16.845s][info][gc            ] GC(943) Concurrent Cycle
[16.845s][info][gc,marking    ] GC(943) Concurrent Clear Claimed Marks
[16.845s][info][gc,marking    ] GC(943) Concurrent Clear Claimed Marks 0.012ms
[16.845s][info][gc,marking    ] GC(943) Concurrent Scan Root Regions
[16.845s][info][gc,marking    ] GC(943) Concurrent Scan Root Regions 0.057ms
[16.845s][info][gc,marking    ] GC(943) Concurrent Mark (16.845s)
[16.845s][info][gc,marking    ] GC(943) Concurrent Mark From Roots
[16.845s][info][gc,task       ] GC(943) Using 2 workers of 2 for marking
[16.851s][info][gc,marking    ] GC(943) Concurrent Mark From Roots 5.428ms
[16.851s][info][gc,marking    ] GC(943) Concurrent Preclean
[16.851s][info][gc,marking    ] GC(943) Concurrent Preclean 0.073ms
[16.851s][info][gc,marking    ] GC(943) Concurrent Mark (16.845s, 16.851s) 5.555ms
[16.851s][info][gc,start      ] GC(943) Pause Remark
[16.852s][info][gc,stringtable] GC(943) Cleaned string and symbol table, strings: 4350 processed, 0 removed, symbols: 36588 processed, 0 removed
[16.852s][info][gc            ] GC(943) Pause Remark 2227M->2227M(2372M) 1.707ms
[16.852s][info][gc,cpu        ] GC(943) User=0.01s Sys=0.00s Real=0.01s
[16.853s][info][gc,marking    ] GC(943) Concurrent Rebuild Remembered Sets
[16.858s][info][gc,marking    ] GC(943) Concurrent Rebuild Remembered Sets 5.016ms
[16.858s][info][gc,start      ] GC(943) Pause Cleanup
[16.858s][info][gc            ] GC(943) Pause Cleanup 2230M->2230M(2372M) 0.231ms
[16.858s][info][gc,cpu        ] GC(943) User=0.00s Sys=0.00s Real=0.00s
[16.858s][info][gc,marking    ] GC(943) Concurrent Cleanup for Next Mark
[16.861s][info][gc,marking    ] GC(943) Concurrent Cleanup for Next Mark 3.010ms
[16.861s][info][gc            ] GC(943) Concurrent Cycle 16.449ms
[16.868s][info][gc,start      ] GC(944) Pause Young (Concurrent Start) (G1 Humongous Allocation)
[16.868s][info][gc,task       ] GC(944) Using 8 workers of 8 for evacuation
[16.869s][info][gc,phases     ] GC(944)   Pre Evacuate Collection Set: 0.5ms
[16.869s][info][gc,phases     ] GC(944)   Evacuate Collection Set: 0.5ms
[16.870s][info][gc,phases     ] GC(944)   Post Evacuate Collection Set: 0.1ms
[16.870s][info][gc,phases     ] GC(944)   Other: 0.2ms
[16.870s][info][gc,heap       ] GC(944) Eden regions: 4->0(117)
[16.870s][info][gc,heap       ] GC(944) Survivor regions: 1->1(15)
[16.870s][info][gc,heap       ] GC(944) Old regions: 27->27
[16.870s][info][gc,heap       ] GC(944) Humongous regions: 2202->2202
[16.870s][info][gc,metaspace  ] GC(944) Metaspace: 9862K->9862K(1058816K)
[16.870s][info][gc            ] GC(944) Pause Young (Concurrent Start) (G1 Humongous Allocation) 2232M->2228M(2372M) 1.411ms
[16.870s][info][gc,cpu        ] GC(944) User=0.01s Sys=0.00s Real=0.00s
[16.870s][info][gc            ] GC(945) Concurrent Cycle
[16.870s][info][gc,marking    ] GC(945) Concurrent Clear Claimed Marks
[16.870s][info][gc,marking    ] GC(945) Concurrent Clear Claimed Marks 0.014ms
[16.870s][info][gc,marking    ] GC(945) Concurrent Scan Root Regions
[16.870s][info][gc,marking    ] GC(945) Concurrent Scan Root Regions 0.050ms
[16.870s][info][gc,marking    ] GC(945) Concurrent Mark (16.870s)
[16.870s][info][gc,marking    ] GC(945) Concurrent Mark From Roots
[16.870s][info][gc,task       ] GC(945) Using 2 workers of 2 for marking
[16.875s][info][gc,marking    ] GC(945) Concurrent Mark From Roots 5.387ms
[16.875s][info][gc,marking    ] GC(945) Concurrent Preclean
[16.875s][info][gc,marking    ] GC(945) Concurrent Preclean 0.074ms
[16.875s][info][gc,marking    ] GC(945) Concurrent Mark (16.870s, 16.875s) 5.517ms
[16.875s][info][gc,start      ] GC(945) Pause Remark
[16.876s][info][gc,stringtable] GC(945) Cleaned string and symbol table, strings: 4350 processed, 0 removed, symbols: 36588 processed, 0 removed
[16.877s][info][gc            ] GC(945) Pause Remark 2231M->2231M(2372M) 1.354ms
[16.877s][info][gc,cpu        ] GC(945) User=0.01s Sys=0.00s Real=0.00s
[16.877s][info][gc,marking    ] GC(945) Concurrent Rebuild Remembered Sets
[16.882s][info][gc,marking    ] GC(945) Concurrent Rebuild Remembered Sets 5.057ms
[16.882s][info][gc,start      ] GC(945) Pause Cleanup
[16.883s][info][gc            ] GC(945) Pause Cleanup 2234M->2234M(2372M) 0.217ms
[16.883s][info][gc,cpu        ] GC(945) User=0.00s Sys=0.00s Real=0.00s
[16.883s][info][gc,marking    ] GC(945) Concurrent Cleanup for Next Mark
[16.886s][info][gc,marking    ] GC(945) Concurrent Cleanup for Next Mark 2.780ms
[16.886s][info][gc            ] GC(945) Concurrent Cycle 15.907ms
[16.892s][info][gc,start      ] GC(946) Pause Young (Concurrent Start) (G1 Humongous Allocation)
[16.892s][info][gc,task       ] GC(946) Using 8 workers of 8 for evacuation
[16.894s][info][gc,phases     ] GC(946)   Pre Evacuate Collection Set: 0.5ms
[16.894s][info][gc,phases     ] GC(946)   Evacuate Collection Set: 0.6ms
[16.894s][info][gc,phases     ] GC(946)   Post Evacuate Collection Set: 0.1ms
[16.894s][info][gc,phases     ] GC(946)   Other: 0.2ms
[16.894s][info][gc,heap       ] GC(946) Eden regions: 4->0(117)
[16.894s][info][gc,heap       ] GC(946) Survivor regions: 1->1(15)
[16.894s][info][gc,heap       ] GC(946) Old regions: 27->27
[16.894s][info][gc,heap       ] GC(946) Humongous regions: 2206->2206
[16.894s][info][gc,metaspace  ] GC(946) Metaspace: 9862K->9862K(1058816K)
[16.894s][info][gc            ] GC(946) Pause Young (Concurrent Start) (G1 Humongous Allocation) 2236M->2232M(2372M) 1.454ms
[16.894s][info][gc,cpu        ] GC(946) User=0.00s Sys=0.00s Real=0.00s
[16.894s][info][gc            ] GC(947) Concurrent Cycle
[16.894s][info][gc,marking    ] GC(947) Concurrent Clear Claimed Marks
[16.894s][info][gc,marking    ] GC(947) Concurrent Clear Claimed Marks 0.013ms
[16.894s][info][gc,marking    ] GC(947) Concurrent Scan Root Regions
[16.894s][info][gc,marking    ] GC(947) Concurrent Scan Root Regions 0.050ms
[16.894s][info][gc,marking    ] GC(947) Concurrent Mark (16.894s)
[16.894s][info][gc,marking    ] GC(947) Concurrent Mark From Roots
[16.894s][info][gc,task       ] GC(947) Using 2 workers of 2 for marking
[16.899s][info][gc,marking    ] GC(947) Concurrent Mark From Roots 5.330ms
[16.899s][info][gc,marking    ] GC(947) Concurrent Preclean
[16.899s][info][gc,marking    ] GC(947) Concurrent Preclean 0.079ms
[16.899s][info][gc,marking    ] GC(947) Concurrent Mark (16.894s, 16.899s) 5.466ms
[16.900s][info][gc,start      ] GC(947) Pause Remark
[16.900s][info][gc,stringtable] GC(947) Cleaned string and symbol table, strings: 4350 processed, 0 removed, symbols: 36588 processed, 0 removed
[16.901s][info][gc            ] GC(947) Pause Remark 2235M->2235M(2372M) 1.280ms
[16.901s][info][gc,cpu        ] GC(947) User=0.00s Sys=0.00s Real=0.00s
[16.901s][info][gc,marking    ] GC(947) Concurrent Rebuild Remembered Sets
[16.906s][info][gc,marking    ] GC(947) Concurrent Rebuild Remembered Sets 5.015ms
[16.907s][info][gc,start      ] GC(947) Pause Cleanup
[16.907s][info][gc            ] GC(947) Pause Cleanup 2238M->2238M(2372M) 0.215ms
[16.907s][info][gc,cpu        ] GC(947) User=0.00s Sys=0.00s Real=0.00s
[16.907s][info][gc,marking    ] GC(947) Concurrent Cleanup for Next Mark
[16.910s][info][gc,marking    ] GC(947) Concurrent Cleanup for Next Mark 2.806ms
[16.910s][info][gc            ] GC(947) Concurrent Cycle 15.857ms
[16.916s][info][gc,start      ] GC(948) Pause Young (Concurrent Start) (G1 Humongous Allocation)
[16.916s][info][gc,task       ] GC(948) Using 8 workers of 8 for evacuation
[16.918s][info][gc,phases     ] GC(948)   Pre Evacuate Collection Set: 0.5ms
[16.918s][info][gc,phases     ] GC(948)   Evacuate Collection Set: 0.5ms
[16.918s][info][gc,phases     ] GC(948)   Post Evacuate Collection Set: 0.1ms
[16.918s][info][gc,phases     ] GC(948)   Other: 0.2ms
[16.918s][info][gc,heap       ] GC(948) Eden regions: 4->0(117)
[16.918s][info][gc,heap       ] GC(948) Survivor regions: 1->1(15)
[16.918s][info][gc,heap       ] GC(948) Old regions: 27->27
[16.918s][info][gc,heap       ] GC(948) Humongous regions: 2210->2210
[16.918s][info][gc,metaspace  ] GC(948) Metaspace: 9862K->9862K(1058816K)
[16.918s][info][gc            ] GC(948) Pause Young (Concurrent Start) (G1 Humongous Allocation) 2240M->2236M(2372M) 1.385ms
[16.918s][info][gc,cpu        ] GC(948) User=0.01s Sys=0.00s Real=0.00s
[16.918s][info][gc            ] GC(949) Concurrent Cycle
[16.918s][info][gc,marking    ] GC(949) Concurrent Clear Claimed Marks
[16.918s][info][gc,marking    ] GC(949) Concurrent Clear Claimed Marks 0.012ms
[16.918s][info][gc,marking    ] GC(949) Concurrent Scan Root Regions
[16.918s][info][gc,marking    ] GC(949) Concurrent Scan Root Regions 0.052ms
[16.918s][info][gc,marking    ] GC(949) Concurrent Mark (16.918s)
[16.918s][info][gc,marking    ] GC(949) Concurrent Mark From Roots
[16.918s][info][gc,task       ] GC(949) Using 2 workers of 2 for marking
[16.923s][info][gc,marking    ] GC(949) Concurrent Mark From Roots 5.356ms
[16.923s][info][gc,marking    ] GC(949) Concurrent Preclean
[16.923s][info][gc,marking    ] GC(949) Concurrent Preclean 0.073ms
[16.923s][info][gc,marking    ] GC(949) Concurrent Mark (16.918s, 16.923s) 5.475ms
[16.924s][info][gc,start      ] GC(949) Pause Remark
[16.925s][info][gc,stringtable] GC(949) Cleaned string and symbol table, strings: 4350 processed, 0 removed, symbols: 36588 processed, 0 removed
[16.925s][info][gc            ] GC(949) Pause Remark 2239M->2239M(2372M) 1.782ms
[16.925s][info][gc,cpu        ] GC(949) User=0.01s Sys=0.00s Real=0.00s
[16.925s][info][gc,marking    ] GC(949) Concurrent Rebuild Remembered Sets
[16.930s][info][gc,marking    ] GC(949) Concurrent Rebuild Remembered Sets 4.989ms
[16.931s][info][gc,start      ] GC(949) Pause Cleanup
[16.931s][info][gc            ] GC(949) Pause Cleanup 2242M->2242M(2372M) 0.276ms
[16.931s][info][gc,cpu        ] GC(949) User=0.00s Sys=0.00s Real=0.01s
[16.931s][info][gc,marking    ] GC(949) Concurrent Cleanup for Next Mark
[16.934s][info][gc,marking    ] GC(949) Concurrent Cleanup for Next Mark 2.943ms
[16.934s][info][gc            ] GC(949) Concurrent Cycle 16.585ms
[16.941s][info][gc,start      ] GC(950) Pause Young (Concurrent Start) (G1 Humongous Allocation)
[16.941s][info][gc,task       ] GC(950) Using 8 workers of 8 for evacuation
[16.943s][info][gc,phases     ] GC(950)   Pre Evacuate Collection Set: 0.5ms
[16.943s][info][gc,phases     ] GC(950)   Evacuate Collection Set: 0.5ms
[16.943s][info][gc,phases     ] GC(950)   Post Evacuate Collection Set: 0.1ms
[16.943s][info][gc,phases     ] GC(950)   Other: 0.3ms
[16.943s][info][gc,heap       ] GC(950) Eden regions: 4->0(117)
[16.943s][info][gc,heap       ] GC(950) Survivor regions: 1->1(15)
[16.943s][info][gc,heap       ] GC(950) Old regions: 27->27
[16.943s][info][gc,heap       ] GC(950) Humongous regions: 2214->2214
[16.943s][info][gc,metaspace  ] GC(950) Metaspace: 9862K->9862K(1058816K)
[16.943s][info][gc            ] GC(950) Pause Young (Concurrent Start) (G1 Humongous Allocation) 2244M->2240M(2372M) 1.485ms
[16.943s][info][gc,cpu        ] GC(950) User=0.01s Sys=0.00s Real=0.00s
[16.943s][info][gc            ] GC(951) Concurrent Cycle
[16.943s][info][gc,marking    ] GC(951) Concurrent Clear Claimed Marks
[16.943s][info][gc,marking    ] GC(951) Concurrent Clear Claimed Marks 0.011ms
[16.943s][info][gc,marking    ] GC(951) Concurrent Scan Root Regions
[16.943s][info][gc,marking    ] GC(951) Concurrent Scan Root Regions 0.050ms
[16.943s][info][gc,marking    ] GC(951) Concurrent Mark (16.943s)
[16.943s][info][gc,marking    ] GC(951) Concurrent Mark From Roots
[16.943s][info][gc,task       ] GC(951) Using 2 workers of 2 for marking
[16.948s][info][gc,marking    ] GC(951) Concurrent Mark From Roots 5.315ms
[16.948s][info][gc,marking    ] GC(951) Concurrent Preclean
[16.948s][info][gc,marking    ] GC(951) Concurrent Preclean 0.069ms
[16.948s][info][gc,marking    ] GC(951) Concurrent Mark (16.943s, 16.948s) 5.433ms
[16.949s][info][gc,start      ] GC(951) Pause Remark
[16.949s][info][gc,stringtable] GC(951) Cleaned string and symbol table, strings: 4350 processed, 0 removed, symbols: 36588 processed, 0 removed
[16.950s][info][gc            ] GC(951) Pause Remark 2243M->2243M(2372M) 1.180ms
[16.950s][info][gc,cpu        ] GC(951) User=0.01s Sys=0.00s Real=0.00s
[16.950s][info][gc,marking    ] GC(951) Concurrent Rebuild Remembered Sets
[16.955s][info][gc,marking    ] GC(951) Concurrent Rebuild Remembered Sets 5.053ms
[16.956s][info][gc,start      ] GC(951) Pause Cleanup
[16.956s][info][gc            ] GC(951) Pause Cleanup 2246M->2246M(2372M) 0.230ms
[16.956s][info][gc,cpu        ] GC(951) User=0.00s Sys=0.00s Real=0.00s
[16.956s][info][gc,marking    ] GC(951) Concurrent Cleanup for Next Mark
[16.959s][info][gc,marking    ] GC(951) Concurrent Cleanup for Next Mark 2.808ms
[16.959s][info][gc            ] GC(951) Concurrent Cycle 15.788ms
[16.965s][info][gc,start      ] GC(952) Pause Young (Concurrent Start) (G1 Humongous Allocation)
[16.966s][info][gc,task       ] GC(952) Using 8 workers of 8 for evacuation
[16.967s][info][gc,phases     ] GC(952)   Pre Evacuate Collection Set: 0.5ms
[16.967s][info][gc,phases     ] GC(952)   Evacuate Collection Set: 0.6ms
[16.967s][info][gc,phases     ] GC(952)   Post Evacuate Collection Set: 0.1ms
[16.967s][info][gc,phases     ] GC(952)   Other: 0.2ms
[16.967s][info][gc,heap       ] GC(952) Eden regions: 4->0(117)
[16.967s][info][gc,heap       ] GC(952) Survivor regions: 1->1(15)
[16.967s][info][gc,heap       ] GC(952) Old regions: 27->27
[16.967s][info][gc,heap       ] GC(952) Humongous regions: 2218->2218
[16.967s][info][gc,metaspace  ] GC(952) Metaspace: 9862K->9862K(1058816K)
[16.967s][info][gc            ] GC(952) Pause Young (Concurrent Start) (G1 Humongous Allocation) 2248M->2244M(2372M) 1.492ms
[16.967s][info][gc,cpu        ] GC(952) User=0.00s Sys=0.00s Real=0.00s
[16.967s][info][gc            ] GC(953) Concurrent Cycle
[16.967s][info][gc,marking    ] GC(953) Concurrent Clear Claimed Marks
[16.967s][info][gc,marking    ] GC(953) Concurrent Clear Claimed Marks 0.009ms
[16.967s][info][gc,marking    ] GC(953) Concurrent Scan Root Regions
[16.967s][info][gc,marking    ] GC(953) Concurrent Scan Root Regions 0.047ms
[16.967s][info][gc,marking    ] GC(953) Concurrent Mark (16.967s)
[16.967s][info][gc,marking    ] GC(953) Concurrent Mark From Roots
[16.967s][info][gc,task       ] GC(953) Using 2 workers of 2 for marking
[16.973s][info][gc,marking    ] GC(953) Concurrent Mark From Roots 5.388ms
[16.973s][info][gc,marking    ] GC(953) Concurrent Preclean
[16.973s][info][gc,marking    ] GC(953) Concurrent Preclean 0.076ms
[16.973s][info][gc,marking    ] GC(953) Concurrent Mark (16.967s, 16.973s) 5.524ms
[16.973s][info][gc,start      ] GC(953) Pause Remark
[16.974s][info][gc,stringtable] GC(953) Cleaned string and symbol table, strings: 4350 processed, 0 removed, symbols: 36588 processed, 0 removed
[16.974s][info][gc            ] GC(953) Pause Remark 2247M->2247M(2372M) 1.637ms
[16.974s][info][gc,cpu        ] GC(953) User=0.01s Sys=0.00s Real=0.00s
[16.974s][info][gc,marking    ] GC(953) Concurrent Rebuild Remembered Sets
[16.980s][info][gc,marking    ] GC(953) Concurrent Rebuild Remembered Sets 5.196ms
[16.981s][info][gc,start      ] GC(953) Pause Cleanup
[16.981s][info][gc            ] GC(953) Pause Cleanup 2250M->2250M(2372M) 0.316ms
[16.981s][info][gc,cpu        ] GC(953) User=0.00s Sys=0.00s Real=0.00s
[16.981s][info][gc,marking    ] GC(953) Concurrent Cleanup for Next Mark
[16.984s][info][gc,marking    ] GC(953) Concurrent Cleanup for Next Mark 2.858ms
[16.984s][info][gc            ] GC(953) Concurrent Cycle 16.784ms
[16.991s][info][gc,start      ] GC(954) Pause Young (Concurrent Start) (G1 Humongous Allocation)
[16.991s][info][gc,task       ] GC(954) Using 8 workers of 8 for evacuation
[16.992s][info][gc,phases     ] GC(954)   Pre Evacuate Collection Set: 0.5ms
[16.992s][info][gc,phases     ] GC(954)   Evacuate Collection Set: 0.7ms
[16.992s][info][gc,phases     ] GC(954)   Post Evacuate Collection Set: 0.1ms
[16.992s][info][gc,phases     ] GC(954)   Other: 0.2ms
[16.992s][info][gc,heap       ] GC(954) Eden regions: 4->0(117)
[16.992s][info][gc,heap       ] GC(954) Survivor regions: 1->1(15)
[16.992s][info][gc,heap       ] GC(954) Old regions: 27->27
[16.992s][info][gc,heap       ] GC(954) Humongous regions: 2222->2222
[16.992s][info][gc,metaspace  ] GC(954) Metaspace: 9862K->9862K(1058816K)
[16.992s][info][gc            ] GC(954) Pause Young (Concurrent Start) (G1 Humongous Allocation) 2252M->2248M(2372M) 1.712ms
[16.992s][info][gc,cpu        ] GC(954) User=0.00s Sys=0.00s Real=0.01s
[16.992s][info][gc            ] GC(955) Concurrent Cycle
[16.992s][info][gc,marking    ] GC(955) Concurrent Clear Claimed Marks
[16.992s][info][gc,marking    ] GC(955) Concurrent Clear Claimed Marks 0.013ms
[16.992s][info][gc,marking    ] GC(955) Concurrent Scan Root Regions
[16.992s][info][gc,marking    ] GC(955) Concurrent Scan Root Regions 0.057ms
[16.992s][info][gc,marking    ] GC(955) Concurrent Mark (16.992s)
[16.992s][info][gc,marking    ] GC(955) Concurrent Mark From Roots
[16.992s][info][gc,task       ] GC(955) Using 2 workers of 2 for marking
[16.998s][info][gc,marking    ] GC(955) Concurrent Mark From Roots 5.375ms
[16.998s][info][gc,marking    ] GC(955) Concurrent Preclean
[16.998s][info][gc,marking    ] GC(955) Concurrent Preclean 0.068ms
[16.998s][info][gc,marking    ] GC(955) Concurrent Mark (16.992s, 16.998s) 5.494ms
[16.998s][info][gc,start      ] GC(955) Pause Remark
[16.999s][info][gc,stringtable] GC(955) Cleaned string and symbol table, strings: 4350 processed, 0 removed, symbols: 36588 processed, 0 removed
[16.999s][info][gc            ] GC(955) Pause Remark 2251M->2251M(2372M) 1.067ms
[16.999s][info][gc,cpu        ] GC(955) User=0.00s Sys=0.00s Real=0.00s
[16.999s][info][gc,marking    ] GC(955) Concurrent Rebuild Remembered Sets
[17.004s][info][gc,marking    ] GC(955) Concurrent Rebuild Remembered Sets 4.960ms
[17.005s][info][gc,start      ] GC(955) Pause Cleanup
[17.005s][info][gc            ] GC(955) Pause Cleanup 2254M->2254M(2372M) 0.217ms
[17.005s][info][gc,cpu        ] GC(955) User=0.00s Sys=0.00s Real=0.00s
[17.005s][info][gc,marking    ] GC(955) Concurrent Cleanup for Next Mark
[17.008s][info][gc,marking    ] GC(955) Concurrent Cleanup for Next Mark 3.143ms
[17.008s][info][gc            ] GC(955) Concurrent Cycle 15.953ms
[17.015s][info][gc,start      ] GC(956) Pause Young (Concurrent Start) (G1 Humongous Allocation)
[17.015s][info][gc,task       ] GC(956) Using 8 workers of 8 for evacuation
[17.016s][info][gc,phases     ] GC(956)   Pre Evacuate Collection Set: 0.5ms
[17.016s][info][gc,phases     ] GC(956)   Evacuate Collection Set: 0.6ms
[17.016s][info][gc,phases     ] GC(956)   Post Evacuate Collection Set: 0.1ms
[17.016s][info][gc,phases     ] GC(956)   Other: 0.3ms
[17.016s][info][gc,heap       ] GC(956) Eden regions: 4->0(117)
[17.016s][info][gc,heap       ] GC(956) Survivor regions: 1->1(15)
[17.016s][info][gc,heap       ] GC(956) Old regions: 27->27
[17.016s][info][gc,heap       ] GC(956) Humongous regions: 2226->2226
[17.016s][info][gc,metaspace  ] GC(956) Metaspace: 9862K->9862K(1058816K)
[17.016s][info][gc            ] GC(956) Pause Young (Concurrent Start) (G1 Humongous Allocation) 2256M->2252M(2372M) 1.537ms
[17.016s][info][gc,cpu        ] GC(956) User=0.01s Sys=0.00s Real=0.00s
[17.016s][info][gc            ] GC(957) Concurrent Cycle
[17.017s][info][gc,marking    ] GC(957) Concurrent Clear Claimed Marks
[17.017s][info][gc,marking    ] GC(957) Concurrent Clear Claimed Marks 0.014ms
[17.017s][info][gc,marking    ] GC(957) Concurrent Scan Root Regions
[17.017s][info][gc,marking    ] GC(957) Concurrent Scan Root Regions 0.050ms
[17.017s][info][gc,marking    ] GC(957) Concurrent Mark (17.017s)
[17.017s][info][gc,marking    ] GC(957) Concurrent Mark From Roots
[17.017s][info][gc,task       ] GC(957) Using 2 workers of 2 for marking
[17.022s][info][gc,marking    ] GC(957) Concurrent Mark From Roots 5.402ms
[17.022s][info][gc,marking    ] GC(957) Concurrent Preclean
[17.022s][info][gc,marking    ] GC(957) Concurrent Preclean 0.067ms
[17.022s][info][gc,marking    ] GC(957) Concurrent Mark (17.017s, 17.022s) 5.517ms
[17.022s][info][gc,start      ] GC(957) Pause Remark
[17.023s][info][gc,stringtable] GC(957) Cleaned string and symbol table, strings: 4350 processed, 0 removed, symbols: 36588 processed, 0 removed
[17.024s][info][gc            ] GC(957) Pause Remark 2255M->2255M(2372M) 1.650ms
[17.024s][info][gc,cpu        ] GC(957) User=0.01s Sys=0.00s Real=0.00s
[17.024s][info][gc,marking    ] GC(957) Concurrent Rebuild Remembered Sets
[17.029s][info][gc,marking    ] GC(957) Concurrent Rebuild Remembered Sets 5.094ms
[17.030s][info][gc,start      ] GC(957) Pause Cleanup
[17.030s][info][gc            ] GC(957) Pause Cleanup 2258M->2258M(2372M) 0.237ms
[17.030s][info][gc,cpu        ] GC(957) User=0.00s Sys=0.00s Real=0.00s
[17.030s][info][gc,marking    ] GC(957) Concurrent Cleanup for Next Mark
[17.033s][info][gc,marking    ] GC(957) Concurrent Cleanup for Next Mark 2.821ms
[17.033s][info][gc            ] GC(957) Concurrent Cycle 16.462ms
[17.040s][info][gc,start      ] GC(958) Pause Young (Concurrent Start) (G1 Humongous Allocation)
[17.040s][info][gc,task       ] GC(958) Using 8 workers of 8 for evacuation
[17.041s][info][gc,phases     ] GC(958)   Pre Evacuate Collection Set: 0.5ms
[17.041s][info][gc,phases     ] GC(958)   Evacuate Collection Set: 0.5ms
[17.041s][info][gc,phases     ] GC(958)   Post Evacuate Collection Set: 0.1ms
[17.041s][info][gc,phases     ] GC(958)   Other: 0.2ms
[17.041s][info][gc,heap       ] GC(958) Eden regions: 4->0(117)
[17.041s][info][gc,heap       ] GC(958) Survivor regions: 1->1(15)
[17.041s][info][gc,heap       ] GC(958) Old regions: 27->27
[17.041s][info][gc,heap       ] GC(958) Humongous regions: 2230->2230
[17.041s][info][gc,metaspace  ] GC(958) Metaspace: 9862K->9862K(1058816K)
[17.041s][info][gc            ] GC(958) Pause Young (Concurrent Start) (G1 Humongous Allocation) 2260M->2256M(2372M) 1.480ms
[17.041s][info][gc,cpu        ] GC(958) User=0.01s Sys=0.00s Real=0.00s
[17.041s][info][gc            ] GC(959) Concurrent Cycle
[17.041s][info][gc,marking    ] GC(959) Concurrent Clear Claimed Marks
[17.041s][info][gc,marking    ] GC(959) Concurrent Clear Claimed Marks 0.014ms
[17.041s][info][gc,marking    ] GC(959) Concurrent Scan Root Regions
[17.041s][info][gc,marking    ] GC(959) Concurrent Scan Root Regions 0.068ms
[17.041s][info][gc,marking    ] GC(959) Concurrent Mark (17.041s)
[17.041s][info][gc,marking    ] GC(959) Concurrent Mark From Roots
[17.041s][info][gc,task       ] GC(959) Using 2 workers of 2 for marking
[17.047s][info][gc,marking    ] GC(959) Concurrent Mark From Roots 5.997ms
[17.047s][info][gc,marking    ] GC(959) Concurrent Preclean
[17.048s][info][gc,marking    ] GC(959) Concurrent Preclean 0.080ms
[17.048s][info][gc,marking    ] GC(959) Concurrent Mark (17.041s, 17.048s) 6.142ms
[17.048s][info][gc,start      ] GC(959) Pause Remark
[17.049s][info][gc,stringtable] GC(959) Cleaned string and symbol table, strings: 4350 processed, 0 removed, symbols: 36588 processed, 0 removed
[17.049s][info][gc            ] GC(959) Pause Remark 2259M->2259M(2372M) 1.603ms
[17.049s][info][gc,cpu        ] GC(959) User=0.01s Sys=0.00s Real=0.00s
[17.049s][info][gc,marking    ] GC(959) Concurrent Rebuild Remembered Sets
[17.054s][info][gc,marking    ] GC(959) Concurrent Rebuild Remembered Sets 5.043ms
[17.055s][info][gc,start      ] GC(959) Pause Cleanup
[17.055s][info][gc            ] GC(959) Pause Cleanup 2262M->2262M(2372M) 0.247ms
[17.055s][info][gc,cpu        ] GC(959) User=0.00s Sys=0.00s Real=0.00s
[17.055s][info][gc,marking    ] GC(959) Concurrent Cleanup for Next Mark
[17.058s][info][gc,marking    ] GC(959) Concurrent Cleanup for Next Mark 2.853ms
[17.058s][info][gc            ] GC(959) Concurrent Cycle 16.832ms
[17.065s][info][gc,start      ] GC(960) Pause Young (Concurrent Start) (G1 Humongous Allocation)
[17.065s][info][gc,task       ] GC(960) Using 8 workers of 8 for evacuation
[17.066s][info][gc,phases     ] GC(960)   Pre Evacuate Collection Set: 0.5ms
[17.066s][info][gc,phases     ] GC(960)   Evacuate Collection Set: 0.5ms
[17.066s][info][gc,phases     ] GC(960)   Post Evacuate Collection Set: 0.1ms
[17.066s][info][gc,phases     ] GC(960)   Other: 0.3ms
[17.066s][info][gc,heap       ] GC(960) Eden regions: 4->0(117)
[17.066s][info][gc,heap       ] GC(960) Survivor regions: 1->1(15)
[17.066s][info][gc,heap       ] GC(960) Old regions: 27->27
[17.066s][info][gc,heap       ] GC(960) Humongous regions: 2234->2234
[17.066s][info][gc,metaspace  ] GC(960) Metaspace: 9862K->9862K(1058816K)
[17.066s][info][gc            ] GC(960) Pause Young (Concurrent Start) (G1 Humongous Allocation) 2264M->2260M(2372M) 1.463ms
[17.066s][info][gc,cpu        ] GC(960) User=0.00s Sys=0.00s Real=0.00s
[17.066s][info][gc            ] GC(961) Concurrent Cycle
[17.066s][info][gc,marking    ] GC(961) Concurrent Clear Claimed Marks
[17.066s][info][gc,marking    ] GC(961) Concurrent Clear Claimed Marks 0.013ms
[17.066s][info][gc,marking    ] GC(961) Concurrent Scan Root Regions
[17.066s][info][gc,marking    ] GC(961) Concurrent Scan Root Regions 0.051ms
[17.066s][info][gc,marking    ] GC(961) Concurrent Mark (17.066s)
[17.066s][info][gc,marking    ] GC(961) Concurrent Mark From Roots
[17.066s][info][gc,task       ] GC(961) Using 2 workers of 2 for marking
[17.072s][info][gc,marking    ] GC(961) Concurrent Mark From Roots 5.320ms
[17.072s][info][gc,marking    ] GC(961) Concurrent Preclean
[17.072s][info][gc,marking    ] GC(961) Concurrent Preclean 0.071ms
[17.072s][info][gc,marking    ] GC(961) Concurrent Mark (17.066s, 17.072s) 5.448ms
[17.072s][info][gc,start      ] GC(961) Pause Remark
[17.073s][info][gc,stringtable] GC(961) Cleaned string and symbol table, strings: 4350 processed, 0 removed, symbols: 36588 processed, 0 removed
[17.073s][info][gc            ] GC(961) Pause Remark 2263M->2263M(2372M) 0.927ms
[17.073s][info][gc,cpu        ] GC(961) User=0.01s Sys=0.00s Real=0.00s
[17.073s][info][gc,marking    ] GC(961) Concurrent Rebuild Remembered Sets
[17.078s][info][gc,marking    ] GC(961) Concurrent Rebuild Remembered Sets 5.028ms
[17.079s][info][gc,start      ] GC(961) Pause Cleanup
[17.079s][info][gc            ] GC(961) Pause Cleanup 2266M->2266M(2372M) 0.222ms
[17.079s][info][gc,cpu        ] GC(961) User=0.00s Sys=0.00s Real=0.00s
[17.079s][info][gc,marking    ] GC(961) Concurrent Cleanup for Next Mark
[17.082s][info][gc,marking    ] GC(961) Concurrent Cleanup for Next Mark 2.799ms
[17.082s][info][gc            ] GC(961) Concurrent Cycle 15.501ms
[17.088s][info][gc,start      ] GC(962) Pause Young (Concurrent Start) (G1 Humongous Allocation)
[17.089s][info][gc,task       ] GC(962) Using 8 workers of 8 for evacuation
[17.090s][info][gc,phases     ] GC(962)   Pre Evacuate Collection Set: 0.5ms
[17.090s][info][gc,phases     ] GC(962)   Evacuate Collection Set: 0.6ms
[17.090s][info][gc,phases     ] GC(962)   Post Evacuate Collection Set: 0.1ms
[17.090s][info][gc,phases     ] GC(962)   Other: 0.2ms
[17.090s][info][gc,heap       ] GC(962) Eden regions: 4->0(117)
[17.090s][info][gc,heap       ] GC(962) Survivor regions: 1->1(15)
[17.090s][info][gc,heap       ] GC(962) Old regions: 27->27
[17.090s][info][gc,heap       ] GC(962) Humongous regions: 2238->2238
[17.090s][info][gc,metaspace  ] GC(962) Metaspace: 9862K->9862K(1058816K)
[17.090s][info][gc            ] GC(962) Pause Young (Concurrent Start) (G1 Humongous Allocation) 2268M->2264M(2372M) 1.510ms
[17.090s][info][gc,cpu        ] GC(962) User=0.00s Sys=0.00s Real=0.00s
[17.090s][info][gc            ] GC(963) Concurrent Cycle
[17.090s][info][gc,marking    ] GC(963) Concurrent Clear Claimed Marks
[17.090s][info][gc,marking    ] GC(963) Concurrent Clear Claimed Marks 0.013ms
[17.090s][info][gc,marking    ] GC(963) Concurrent Scan Root Regions
[17.090s][info][gc,marking    ] GC(963) Concurrent Scan Root Regions 0.050ms
[17.090s][info][gc,marking    ] GC(963) Concurrent Mark (17.090s)
[17.090s][info][gc,marking    ] GC(963) Concurrent Mark From Roots
[17.090s][info][gc,task       ] GC(963) Using 2 workers of 2 for marking
[17.096s][info][gc,marking    ] GC(963) Concurrent Mark From Roots 5.413ms
[17.096s][info][gc,marking    ] GC(963) Concurrent Preclean
[17.096s][info][gc,marking    ] GC(963) Concurrent Preclean 0.072ms
[17.096s][info][gc,marking    ] GC(963) Concurrent Mark (17.090s, 17.096s) 5.535ms
[17.096s][info][gc,start      ] GC(963) Pause Remark
[17.097s][info][gc,stringtable] GC(963) Cleaned string and symbol table, strings: 4350 processed, 0 removed, symbols: 36588 processed, 0 removed
[17.097s][info][gc            ] GC(963) Pause Remark 2268M->2268M(2372M) 1.578ms
[17.097s][info][gc,cpu        ] GC(963) User=0.00s Sys=0.00s Real=0.00s
[17.097s][info][gc,marking    ] GC(963) Concurrent Rebuild Remembered Sets
[17.102s][info][gc,marking    ] GC(963) Concurrent Rebuild Remembered Sets 5.015ms
[17.103s][info][gc,start      ] GC(963) Pause Cleanup
[17.103s][info][gc            ] GC(963) Pause Cleanup 2270M->2270M(2372M) 0.221ms
[17.103s][info][gc,cpu        ] GC(963) User=0.00s Sys=0.00s Real=0.00s
[17.103s][info][gc,marking    ] GC(963) Concurrent Cleanup for Next Mark
[17.106s][info][gc,marking    ] GC(963) Concurrent Cleanup for Next Mark 2.791ms
[17.106s][info][gc            ] GC(963) Concurrent Cycle 16.247ms
[17.113s][info][gc,start      ] GC(964) Pause Young (Concurrent Start) (G1 Humongous Allocation)
[17.113s][info][gc,task       ] GC(964) Using 8 workers of 8 for evacuation
[17.114s][info][gc,phases     ] GC(964)   Pre Evacuate Collection Set: 0.5ms
[17.114s][info][gc,phases     ] GC(964)   Evacuate Collection Set: 0.5ms
[17.114s][info][gc,phases     ] GC(964)   Post Evacuate Collection Set: 0.1ms
[17.114s][info][gc,phases     ] GC(964)   Other: 0.2ms
[17.114s][info][gc,heap       ] GC(964) Eden regions: 4->0(117)
[17.114s][info][gc,heap       ] GC(964) Survivor regions: 1->1(15)
[17.114s][info][gc,heap       ] GC(964) Old regions: 27->27
[17.114s][info][gc,heap       ] GC(964) Humongous regions: 2242->2242
[17.114s][info][gc,metaspace  ] GC(964) Metaspace: 9862K->9862K(1058816K)
[17.114s][info][gc            ] GC(964) Pause Young (Concurrent Start) (G1 Humongous Allocation) 2272M->2268M(2372M) 1.357ms
[17.114s][info][gc,cpu        ] GC(964) User=0.01s Sys=0.00s Real=0.00s
[17.114s][info][gc            ] GC(965) Concurrent Cycle
[17.114s][info][gc,marking    ] GC(965) Concurrent Clear Claimed Marks
[17.114s][info][gc,marking    ] GC(965) Concurrent Clear Claimed Marks 0.009ms
[17.114s][info][gc,marking    ] GC(965) Concurrent Scan Root Regions
[17.114s][info][gc,marking    ] GC(965) Concurrent Scan Root Regions 0.047ms
[17.114s][info][gc,marking    ] GC(965) Concurrent Mark (17.114s)
[17.115s][info][gc,marking    ] GC(965) Concurrent Mark From Roots
[17.115s][info][gc,task       ] GC(965) Using 2 workers of 2 for marking
[17.120s][info][gc,marking    ] GC(965) Concurrent Mark From Roots 5.318ms
[17.120s][info][gc,marking    ] GC(965) Concurrent Preclean
[17.120s][info][gc,marking    ] GC(965) Concurrent Preclean 0.068ms
[17.120s][info][gc,marking    ] GC(965) Concurrent Mark (17.114s, 17.120s) 5.444ms
[17.120s][info][gc,start      ] GC(965) Pause Remark
[17.121s][info][gc,stringtable] GC(965) Cleaned string and symbol table, strings: 4350 processed, 0 removed, symbols: 36588 processed, 0 removed
[17.122s][info][gc            ] GC(965) Pause Remark 2271M->2271M(2372M) 1.558ms
[17.122s][info][gc,cpu        ] GC(965) User=0.01s Sys=0.00s Real=0.01s
[17.122s][info][gc,marking    ] GC(965) Concurrent Rebuild Remembered Sets
[17.127s][info][gc,marking    ] GC(965) Concurrent Rebuild Remembered Sets 5.111ms
[17.127s][info][gc,start      ] GC(965) Pause Cleanup
[17.128s][info][gc            ] GC(965) Pause Cleanup 2274M->2274M(2372M) 0.221ms
[17.128s][info][gc,cpu        ] GC(965) User=0.00s Sys=0.00s Real=0.00s
[17.128s][info][gc,marking    ] GC(965) Concurrent Cleanup for Next Mark
[17.131s][info][gc,marking    ] GC(965) Concurrent Cleanup for Next Mark 2.898ms
[17.131s][info][gc            ] GC(965) Concurrent Cycle 16.170ms
[17.137s][info][gc,start      ] GC(966) Pause Young (Concurrent Start) (G1 Humongous Allocation)
[17.137s][info][gc,task       ] GC(966) Using 8 workers of 8 for evacuation
[17.139s][info][gc,phases     ] GC(966)   Pre Evacuate Collection Set: 0.5ms
[17.139s][info][gc,phases     ] GC(966)   Evacuate Collection Set: 1.1ms
[17.139s][info][gc,phases     ] GC(966)   Post Evacuate Collection Set: 0.1ms
[17.139s][info][gc,phases     ] GC(966)   Other: 0.2ms
[17.139s][info][gc,heap       ] GC(966) Eden regions: 4->0(117)
[17.139s][info][gc,heap       ] GC(966) Survivor regions: 1->1(15)
[17.139s][info][gc,heap       ] GC(966) Old regions: 27->27
[17.139s][info][gc,heap       ] GC(966) Humongous regions: 2246->2246
[17.139s][info][gc,metaspace  ] GC(966) Metaspace: 9862K->9862K(1058816K)
[17.139s][info][gc            ] GC(966) Pause Young (Concurrent Start) (G1 Humongous Allocation) 2276M->2272M(2372M) 2.047ms
[17.139s][info][gc,cpu        ] GC(966) User=0.01s Sys=0.00s Real=0.00s
[17.139s][info][gc            ] GC(967) Concurrent Cycle
[17.139s][info][gc,marking    ] GC(967) Concurrent Clear Claimed Marks
[17.139s][info][gc,marking    ] GC(967) Concurrent Clear Claimed Marks 0.012ms
[17.139s][info][gc,marking    ] GC(967) Concurrent Scan Root Regions
[17.139s][info][gc,marking    ] GC(967) Concurrent Scan Root Regions 0.080ms
[17.139s][info][gc,marking    ] GC(967) Concurrent Mark (17.139s)
[17.139s][info][gc,marking    ] GC(967) Concurrent Mark From Roots
[17.140s][info][gc,task       ] GC(967) Using 2 workers of 2 for marking
[17.146s][info][gc,marking    ] GC(967) Concurrent Mark From Roots 6.430ms
[17.146s][info][gc,marking    ] GC(967) Concurrent Preclean
[17.146s][info][gc,marking    ] GC(967) Concurrent Preclean 0.079ms
[17.146s][info][gc,marking    ] GC(967) Concurrent Mark (17.139s, 17.146s) 6.579ms
[17.146s][info][gc,start      ] GC(967) Pause Remark
[17.147s][info][gc,stringtable] GC(967) Cleaned string and symbol table, strings: 4350 processed, 0 removed, symbols: 36588 processed, 0 removed
[17.147s][info][gc            ] GC(967) Pause Remark 2276M->2276M(2372M) 1.282ms
[17.147s][info][gc,cpu        ] GC(967) User=0.00s Sys=0.00s Real=0.00s
[17.147s][info][gc,marking    ] GC(967) Concurrent Rebuild Remembered Sets
[17.153s][info][gc,marking    ] GC(967) Concurrent Rebuild Remembered Sets 5.047ms
[17.153s][info][gc,start      ] GC(967) Pause Cleanup
[17.153s][info][gc            ] GC(967) Pause Cleanup 2278M->2278M(2372M) 0.224ms
[17.153s][info][gc,cpu        ] GC(967) User=0.00s Sys=0.00s Real=0.00s
[17.153s][info][gc,marking    ] GC(967) Concurrent Cleanup for Next Mark
[17.156s][info][gc,marking    ] GC(967) Concurrent Cleanup for Next Mark 2.786ms
[17.156s][info][gc            ] GC(967) Concurrent Cycle 16.893ms
[17.163s][info][gc,start      ] GC(968) Pause Young (Concurrent Start) (G1 Humongous Allocation)
[17.163s][info][gc,task       ] GC(968) Using 8 workers of 8 for evacuation
[17.164s][info][gc,phases     ] GC(968)   Pre Evacuate Collection Set: 0.5ms
[17.164s][info][gc,phases     ] GC(968)   Evacuate Collection Set: 0.6ms
[17.164s][info][gc,phases     ] GC(968)   Post Evacuate Collection Set: 0.1ms
[17.164s][info][gc,phases     ] GC(968)   Other: 0.2ms
[17.164s][info][gc,heap       ] GC(968) Eden regions: 4->0(117)
[17.164s][info][gc,heap       ] GC(968) Survivor regions: 1->1(15)
[17.164s][info][gc,heap       ] GC(968) Old regions: 27->27
[17.164s][info][gc,heap       ] GC(968) Humongous regions: 2250->2250
[17.164s][info][gc,metaspace  ] GC(968) Metaspace: 9862K->9862K(1058816K)
[17.164s][info][gc            ] GC(968) Pause Young (Concurrent Start) (G1 Humongous Allocation) 2280M->2276M(2372M) 1.463ms
[17.164s][info][gc,cpu        ] GC(968) User=0.01s Sys=0.00s Real=0.00s
[17.164s][info][gc            ] GC(969) Concurrent Cycle
[17.165s][info][gc,marking    ] GC(969) Concurrent Clear Claimed Marks
[17.165s][info][gc,marking    ] GC(969) Concurrent Clear Claimed Marks 0.009ms
[17.165s][info][gc,marking    ] GC(969) Concurrent Scan Root Regions
[17.165s][info][gc,marking    ] GC(969) Concurrent Scan Root Regions 0.064ms
[17.165s][info][gc,marking    ] GC(969) Concurrent Mark (17.165s)
[17.165s][info][gc,marking    ] GC(969) Concurrent Mark From Roots
[17.165s][info][gc,task       ] GC(969) Using 2 workers of 2 for marking
[17.170s][info][gc,marking    ] GC(969) Concurrent Mark From Roots 5.312ms
[17.170s][info][gc,marking    ] GC(969) Concurrent Preclean
[17.170s][info][gc,marking    ] GC(969) Concurrent Preclean 0.067ms
[17.170s][info][gc,marking    ] GC(969) Concurrent Mark (17.165s, 17.170s) 5.429ms
[17.170s][info][gc,start      ] GC(969) Pause Remark
[17.171s][info][gc,stringtable] GC(969) Cleaned string and symbol table, strings: 4350 processed, 0 removed, symbols: 36588 processed, 0 removed
[17.172s][info][gc            ] GC(969) Pause Remark 2279M->2279M(2372M) 1.616ms
[17.172s][info][gc,cpu        ] GC(969) User=0.01s Sys=0.00s Real=0.01s
[17.172s][info][gc,marking    ] GC(969) Concurrent Rebuild Remembered Sets
[17.177s][info][gc,marking    ] GC(969) Concurrent Rebuild Remembered Sets 5.225ms
[17.178s][info][gc,start      ] GC(969) Pause Cleanup
[17.178s][info][gc            ] GC(969) Pause Cleanup 2282M->2282M(2372M) 0.266ms
[17.178s][info][gc,cpu        ] GC(969) User=0.00s Sys=0.00s Real=0.00s
[17.178s][info][gc,marking    ] GC(969) Concurrent Cleanup for Next Mark
[17.181s][info][gc,marking    ] GC(969) Concurrent Cleanup for Next Mark 2.859ms
[17.181s][info][gc            ] GC(969) Concurrent Cycle 16.682ms
[17.188s][info][gc,start      ] GC(970) Pause Young (Concurrent Start) (G1 Humongous Allocation)
[17.188s][info][gc,task       ] GC(970) Using 8 workers of 8 for evacuation
[17.189s][info][gc,phases     ] GC(970)   Pre Evacuate Collection Set: 0.5ms
[17.189s][info][gc,phases     ] GC(970)   Evacuate Collection Set: 0.6ms
[17.189s][info][gc,phases     ] GC(970)   Post Evacuate Collection Set: 0.1ms
[17.189s][info][gc,phases     ] GC(970)   Other: 0.2ms
[17.189s][info][gc,heap       ] GC(970) Eden regions: 4->0(117)
[17.189s][info][gc,heap       ] GC(970) Survivor regions: 1->1(15)
[17.189s][info][gc,heap       ] GC(970) Old regions: 27->27
[17.189s][info][gc,heap       ] GC(970) Humongous regions: 2254->2254
[17.189s][info][gc,metaspace  ] GC(970) Metaspace: 9862K->9862K(1058816K)
[17.189s][info][gc            ] GC(970) Pause Young (Concurrent Start) (G1 Humongous Allocation) 2284M->2280M(2372M) 1.495ms
[17.189s][info][gc,cpu        ] GC(970) User=0.01s Sys=0.00s Real=0.00s
[17.189s][info][gc            ] GC(971) Concurrent Cycle
[17.189s][info][gc,marking    ] GC(971) Concurrent Clear Claimed Marks
[17.189s][info][gc,marking    ] GC(971) Concurrent Clear Claimed Marks 0.010ms
[17.189s][info][gc,marking    ] GC(971) Concurrent Scan Root Regions
[17.190s][info][gc,marking    ] GC(971) Concurrent Scan Root Regions 0.063ms
[17.190s][info][gc,marking    ] GC(971) Concurrent Mark (17.190s)
[17.190s][info][gc,marking    ] GC(971) Concurrent Mark From Roots
[17.190s][info][gc,task       ] GC(971) Using 2 workers of 2 for marking
[17.195s][info][gc,marking    ] GC(971) Concurrent Mark From Roots 5.464ms
[17.195s][info][gc,marking    ] GC(971) Concurrent Preclean
[17.195s][info][gc,marking    ] GC(971) Concurrent Preclean 0.071ms
[17.195s][info][gc,marking    ] GC(971) Concurrent Mark (17.190s, 17.195s) 5.593ms
[17.195s][info][gc,start      ] GC(971) Pause Remark
[17.196s][info][gc,stringtable] GC(971) Cleaned string and symbol table, strings: 4350 processed, 0 removed, symbols: 36588 processed, 0 removed
[17.197s][info][gc            ] GC(971) Pause Remark 2284M->2284M(2372M) 1.496ms
[17.197s][info][gc,cpu        ] GC(971) User=0.01s Sys=0.00s Real=0.00s
[17.197s][info][gc,marking    ] GC(971) Concurrent Rebuild Remembered Sets
[17.202s][info][gc,marking    ] GC(971) Concurrent Rebuild Remembered Sets 5.087ms
[17.202s][info][gc,start      ] GC(971) Pause Cleanup
[17.203s][info][gc            ] GC(971) Pause Cleanup 2286M->2286M(2372M) 0.210ms
[17.203s][info][gc,cpu        ] GC(971) User=0.00s Sys=0.00s Real=0.00s
[17.203s][info][gc,marking    ] GC(971) Concurrent Cleanup for Next Mark
[17.205s][info][gc,marking    ] GC(971) Concurrent Cleanup for Next Mark 2.821ms
[17.206s][info][gc            ] GC(971) Concurrent Cycle 16.064ms
[17.212s][info][gc,start      ] GC(972) Pause Young (Concurrent Start) (G1 Humongous Allocation)
[17.212s][info][gc,task       ] GC(972) Using 8 workers of 8 for evacuation
[17.214s][info][gc,phases     ] GC(972)   Pre Evacuate Collection Set: 0.5ms
[17.214s][info][gc,phases     ] GC(972)   Evacuate Collection Set: 0.6ms
[17.214s][info][gc,phases     ] GC(972)   Post Evacuate Collection Set: 0.1ms
[17.214s][info][gc,phases     ] GC(972)   Other: 0.2ms
[17.214s][info][gc,heap       ] GC(972) Eden regions: 4->0(117)
[17.214s][info][gc,heap       ] GC(972) Survivor regions: 1->1(15)
[17.214s][info][gc,heap       ] GC(972) Old regions: 27->27
[17.214s][info][gc,heap       ] GC(972) Humongous regions: 2258->2258
[17.214s][info][gc,metaspace  ] GC(972) Metaspace: 9862K->9862K(1058816K)
[17.214s][info][gc            ] GC(972) Pause Young (Concurrent Start) (G1 Humongous Allocation) 2288M->2284M(2372M) 1.466ms
[17.214s][info][gc,cpu        ] GC(972) User=0.01s Sys=0.00s Real=0.00s
[17.214s][info][gc            ] GC(973) Concurrent Cycle
[17.214s][info][gc,marking    ] GC(973) Concurrent Clear Claimed Marks
[17.214s][info][gc,marking    ] GC(973) Concurrent Clear Claimed Marks 0.012ms
[17.214s][info][gc,marking    ] GC(973) Concurrent Scan Root Regions
[17.214s][info][gc,marking    ] GC(973) Concurrent Scan Root Regions 0.050ms
[17.214s][info][gc,marking    ] GC(973) Concurrent Mark (17.214s)
[17.214s][info][gc,marking    ] GC(973) Concurrent Mark From Roots
[17.214s][info][gc,task       ] GC(973) Using 2 workers of 2 for marking
[17.219s][info][gc,marking    ] GC(973) Concurrent Mark From Roots 5.326ms
[17.219s][info][gc,marking    ] GC(973) Concurrent Preclean
[17.219s][info][gc,marking    ] GC(973) Concurrent Preclean 0.066ms
[17.219s][info][gc,marking    ] GC(973) Concurrent Mark (17.214s, 17.219s) 5.438ms
[17.219s][info][gc,start      ] GC(973) Pause Remark
[17.221s][info][gc,stringtable] GC(973) Cleaned string and symbol table, strings: 4350 processed, 0 removed, symbols: 36588 processed, 0 removed
[17.221s][info][gc            ] GC(973) Pause Remark 2288M->2288M(2372M) 1.732ms
[17.221s][info][gc,cpu        ] GC(973) User=0.01s Sys=0.00s Real=0.00s
[17.221s][info][gc,marking    ] GC(973) Concurrent Rebuild Remembered Sets
[17.226s][info][gc,marking    ] GC(973) Concurrent Rebuild Remembered Sets 4.897ms
[17.227s][info][gc,start      ] GC(973) Pause Cleanup
[17.227s][info][gc            ] GC(973) Pause Cleanup 2290M->2290M(2372M) 0.213ms
[17.227s][info][gc,cpu        ] GC(973) User=0.00s Sys=0.00s Real=0.00s
[17.227s][info][gc,marking    ] GC(973) Concurrent Cleanup for Next Mark
[17.230s][info][gc,marking    ] GC(973) Concurrent Cleanup for Next Mark 2.787ms
[17.230s][info][gc            ] GC(973) Concurrent Cycle 16.169ms
[17.237s][info][gc,start      ] GC(974) Pause Young (Concurrent Start) (G1 Humongous Allocation)
[17.237s][info][gc,task       ] GC(974) Using 8 workers of 8 for evacuation
[17.238s][info][gc,phases     ] GC(974)   Pre Evacuate Collection Set: 0.5ms
[17.238s][info][gc,phases     ] GC(974)   Evacuate Collection Set: 0.6ms
[17.238s][info][gc,phases     ] GC(974)   Post Evacuate Collection Set: 0.1ms
[17.238s][info][gc,phases     ] GC(974)   Other: 0.2ms
[17.238s][info][gc,heap       ] GC(974) Eden regions: 4->0(117)
[17.238s][info][gc,heap       ] GC(974) Survivor regions: 1->1(15)
[17.238s][info][gc,heap       ] GC(974) Old regions: 27->27
[17.238s][info][gc,heap       ] GC(974) Humongous regions: 2262->2262
[17.238s][info][gc,metaspace  ] GC(974) Metaspace: 9862K->9862K(1058816K)
[17.238s][info][gc            ] GC(974) Pause Young (Concurrent Start) (G1 Humongous Allocation) 2292M->2288M(2372M) 1.399ms
[17.238s][info][gc,cpu        ] GC(974) User=0.00s Sys=0.00s Real=0.00s
[17.238s][info][gc            ] GC(975) Concurrent Cycle
[17.238s][info][gc,marking    ] GC(975) Concurrent Clear Claimed Marks
[17.238s][info][gc,marking    ] GC(975) Concurrent Clear Claimed Marks 0.013ms
[17.238s][info][gc,marking    ] GC(975) Concurrent Scan Root Regions
[17.238s][info][gc,marking    ] GC(975) Concurrent Scan Root Regions 0.049ms
[17.238s][info][gc,marking    ] GC(975) Concurrent Mark (17.238s)
[17.238s][info][gc,marking    ] GC(975) Concurrent Mark From Roots
[17.238s][info][gc,task       ] GC(975) Using 2 workers of 2 for marking
[17.244s][info][gc,marking    ] GC(975) Concurrent Mark From Roots 5.362ms
[17.244s][info][gc,marking    ] GC(975) Concurrent Preclean
[17.244s][info][gc,marking    ] GC(975) Concurrent Preclean 0.069ms
[17.244s][info][gc,marking    ] GC(975) Concurrent Mark (17.238s, 17.244s) 5.490ms
[17.244s][info][gc,start      ] GC(975) Pause Remark
[17.245s][info][gc,stringtable] GC(975) Cleaned string and symbol table, strings: 4350 processed, 0 removed, symbols: 36588 processed, 0 removed
[17.245s][info][gc            ] GC(975) Pause Remark 2291M->2291M(2372M) 1.551ms
[17.245s][info][gc,cpu        ] GC(975) User=0.00s Sys=0.00s Real=0.00s
[17.245s][info][gc,marking    ] GC(975) Concurrent Rebuild Remembered Sets
[17.250s][info][gc,marking    ] GC(975) Concurrent Rebuild Remembered Sets 5.086ms
[17.251s][info][gc,start      ] GC(975) Pause Cleanup
[17.251s][info][gc            ] GC(975) Pause Cleanup 2294M->2294M(2372M) 0.214ms
[17.251s][info][gc,cpu        ] GC(975) User=0.00s Sys=0.00s Real=0.01s
[17.251s][info][gc,marking    ] GC(975) Concurrent Cleanup for Next Mark
[17.254s][info][gc,marking    ] GC(975) Concurrent Cleanup for Next Mark 2.794ms
[17.254s][info][gc            ] GC(975) Concurrent Cycle 16.259ms
[17.261s][info][gc,start      ] GC(976) Pause Young (Concurrent Start) (G1 Humongous Allocation)
[17.261s][info][gc,task       ] GC(976) Using 8 workers of 8 for evacuation
[17.262s][info][gc,phases     ] GC(976)   Pre Evacuate Collection Set: 0.5ms
[17.262s][info][gc,phases     ] GC(976)   Evacuate Collection Set: 0.6ms
[17.262s][info][gc,phases     ] GC(976)   Post Evacuate Collection Set: 0.1ms
[17.262s][info][gc,phases     ] GC(976)   Other: 0.2ms
[17.262s][info][gc,heap       ] GC(976) Eden regions: 4->0(117)
[17.262s][info][gc,heap       ] GC(976) Survivor regions: 1->1(15)
[17.262s][info][gc,heap       ] GC(976) Old regions: 27->27
[17.262s][info][gc,heap       ] GC(976) Humongous regions: 2266->2266
[17.262s][info][gc,metaspace  ] GC(976) Metaspace: 9862K->9862K(1058816K)
[17.262s][info][gc            ] GC(976) Pause Young (Concurrent Start) (G1 Humongous Allocation) 2296M->2292M(2372M) 1.458ms
[17.262s][info][gc,cpu        ] GC(976) User=0.00s Sys=0.00s Real=0.01s
[17.263s][info][gc            ] GC(977) Concurrent Cycle
[17.263s][info][gc,marking    ] GC(977) Concurrent Clear Claimed Marks
[17.263s][info][gc,marking    ] GC(977) Concurrent Clear Claimed Marks 0.012ms
[17.263s][info][gc,marking    ] GC(977) Concurrent Scan Root Regions
[17.263s][info][gc,marking    ] GC(977) Concurrent Scan Root Regions 0.054ms
[17.263s][info][gc,marking    ] GC(977) Concurrent Mark (17.263s)
[17.263s][info][gc,marking    ] GC(977) Concurrent Mark From Roots
[17.263s][info][gc,task       ] GC(977) Using 2 workers of 2 for marking
[17.268s][info][gc,marking    ] GC(977) Concurrent Mark From Roots 5.366ms
[17.268s][info][gc,marking    ] GC(977) Concurrent Preclean
[17.268s][info][gc,marking    ] GC(977) Concurrent Preclean 0.071ms
[17.268s][info][gc,marking    ] GC(977) Concurrent Mark (17.263s, 17.268s) 5.493ms
[17.268s][info][gc,start      ] GC(977) Pause Remark
[17.269s][info][gc,stringtable] GC(977) Cleaned string and symbol table, strings: 4350 processed, 0 removed, symbols: 36588 processed, 0 removed
[17.270s][info][gc            ] GC(977) Pause Remark 2295M->2295M(2372M) 1.589ms
[17.270s][info][gc,cpu        ] GC(977) User=0.00s Sys=0.00s Real=0.00s
[17.270s][info][gc,marking    ] GC(977) Concurrent Rebuild Remembered Sets
[17.275s][info][gc,marking    ] GC(977) Concurrent Rebuild Remembered Sets 5.057ms
[17.276s][info][gc,start      ] GC(977) Pause Cleanup
[17.276s][info][gc            ] GC(977) Pause Cleanup 2298M->2298M(2372M) 0.229ms
[17.276s][info][gc,cpu        ] GC(977) User=0.00s Sys=0.00s Real=0.00s
[17.276s][info][gc,marking    ] GC(977) Concurrent Cleanup for Next Mark
[17.279s][info][gc,marking    ] GC(977) Concurrent Cleanup for Next Mark 2.786ms
[17.279s][info][gc            ] GC(977) Concurrent Cycle 16.392ms
[17.286s][info][gc,start      ] GC(978) Pause Young (Concurrent Start) (G1 Humongous Allocation)
[17.286s][info][gc,task       ] GC(978) Using 8 workers of 8 for evacuation
[17.287s][info][gc,phases     ] GC(978)   Pre Evacuate Collection Set: 0.5ms
[17.287s][info][gc,phases     ] GC(978)   Evacuate Collection Set: 0.6ms
[17.287s][info][gc,phases     ] GC(978)   Post Evacuate Collection Set: 0.2ms
[17.287s][info][gc,phases     ] GC(978)   Other: 0.2ms
[17.287s][info][gc,heap       ] GC(978) Eden regions: 4->0(117)
[17.287s][info][gc,heap       ] GC(978) Survivor regions: 1->1(15)
[17.287s][info][gc,heap       ] GC(978) Old regions: 27->27
[17.287s][info][gc,heap       ] GC(978) Humongous regions: 2270->2270
[17.287s][info][gc,metaspace  ] GC(978) Metaspace: 9862K->9862K(1058816K)
[17.287s][info][gc            ] GC(978) Pause Young (Concurrent Start) (G1 Humongous Allocation) 2300M->2296M(2372M) 1.559ms
[17.287s][info][gc,cpu        ] GC(978) User=0.01s Sys=0.00s Real=0.00s
[17.287s][info][gc            ] GC(979) Concurrent Cycle
[17.287s][info][gc,marking    ] GC(979) Concurrent Clear Claimed Marks
[17.287s][info][gc,marking    ] GC(979) Concurrent Clear Claimed Marks 0.041ms
[17.287s][info][gc,marking    ] GC(979) Concurrent Scan Root Regions
[17.287s][info][gc,marking    ] GC(979) Concurrent Scan Root Regions 0.116ms
[17.288s][info][gc,marking    ] GC(979) Concurrent Mark (17.288s)
[17.288s][info][gc,marking    ] GC(979) Concurrent Mark From Roots
[17.288s][info][gc,task       ] GC(979) Using 2 workers of 2 for marking
[17.293s][info][gc,marking    ] GC(979) Concurrent Mark From Roots 5.356ms
[17.293s][info][gc,marking    ] GC(979) Concurrent Preclean
[17.293s][info][gc,marking    ] GC(979) Concurrent Preclean 0.070ms
[17.293s][info][gc,marking    ] GC(979) Concurrent Mark (17.288s, 17.293s) 5.481ms
[17.293s][info][gc,start      ] GC(979) Pause Remark
[17.294s][info][gc,stringtable] GC(979) Cleaned string and symbol table, strings: 4350 processed, 0 removed, symbols: 36588 processed, 0 removed
[17.295s][info][gc            ] GC(979) Pause Remark 2299M->2299M(2372M) 1.598ms
[17.295s][info][gc,cpu        ] GC(979) User=0.01s Sys=0.00s Real=0.00s
[17.295s][info][gc,marking    ] GC(979) Concurrent Rebuild Remembered Sets
[17.300s][info][gc,marking    ] GC(979) Concurrent Rebuild Remembered Sets 5.043ms
[17.301s][info][gc,start      ] GC(979) Pause Cleanup
[17.301s][info][gc            ] GC(979) Pause Cleanup 2302M->2302M(2372M) 0.281ms
[17.301s][info][gc,cpu        ] GC(979) User=0.00s Sys=0.00s Real=0.00s
[17.301s][info][gc,marking    ] GC(979) Concurrent Cleanup for Next Mark
[17.304s][info][gc,marking    ] GC(979) Concurrent Cleanup for Next Mark 2.886ms
[17.304s][info][gc            ] GC(979) Concurrent Cycle 16.536ms
[17.310s][info][gc,start      ] GC(980) Pause Young (Concurrent Start) (G1 Humongous Allocation)
[17.310s][info][gc,task       ] GC(980) Using 8 workers of 8 for evacuation
[17.312s][info][gc,phases     ] GC(980)   Pre Evacuate Collection Set: 0.5ms
[17.312s][info][gc,phases     ] GC(980)   Evacuate Collection Set: 0.6ms
[17.312s][info][gc,phases     ] GC(980)   Post Evacuate Collection Set: 0.1ms
[17.312s][info][gc,phases     ] GC(980)   Other: 0.2ms
[17.312s][info][gc,heap       ] GC(980) Eden regions: 4->0(117)
[17.312s][info][gc,heap       ] GC(980) Survivor regions: 1->1(15)
[17.312s][info][gc,heap       ] GC(980) Old regions: 27->27
[17.312s][info][gc,heap       ] GC(980) Humongous regions: 2274->2274
[17.312s][info][gc,metaspace  ] GC(980) Metaspace: 9862K->9862K(1058816K)
[17.312s][info][gc            ] GC(980) Pause Young (Concurrent Start) (G1 Humongous Allocation) 2304M->2300M(2372M) 1.521ms
[17.312s][info][gc,cpu        ] GC(980) User=0.01s Sys=0.00s Real=0.01s
[17.312s][info][gc            ] GC(981) Concurrent Cycle
[17.312s][info][gc,marking    ] GC(981) Concurrent Clear Claimed Marks
[17.312s][info][gc,marking    ] GC(981) Concurrent Clear Claimed Marks 0.010ms
[17.312s][info][gc,marking    ] GC(981) Concurrent Scan Root Regions
[17.312s][info][gc,marking    ] GC(981) Concurrent Scan Root Regions 0.062ms
[17.312s][info][gc,marking    ] GC(981) Concurrent Mark (17.312s)
[17.312s][info][gc,marking    ] GC(981) Concurrent Mark From Roots
[17.312s][info][gc,task       ] GC(981) Using 2 workers of 2 for marking
[17.317s][info][gc,marking    ] GC(981) Concurrent Mark From Roots 5.379ms
[17.317s][info][gc,marking    ] GC(981) Concurrent Preclean
[17.318s][info][gc,marking    ] GC(981) Concurrent Preclean 0.070ms
[17.318s][info][gc,marking    ] GC(981) Concurrent Mark (17.312s, 17.318s) 5.503ms
[17.318s][info][gc,start      ] GC(981) Pause Remark
[17.319s][info][gc,stringtable] GC(981) Cleaned string and symbol table, strings: 4350 processed, 0 removed, symbols: 36588 processed, 0 removed
[17.319s][info][gc            ] GC(981) Pause Remark 2304M->2304M(2372M) 1.490ms
[17.319s][info][gc,cpu        ] GC(981) User=0.01s Sys=0.00s Real=0.00s
[17.319s][info][gc,marking    ] GC(981) Concurrent Rebuild Remembered Sets
[17.324s][info][gc,marking    ] GC(981) Concurrent Rebuild Remembered Sets 5.090ms
[17.325s][info][gc,start      ] GC(981) Pause Cleanup
[17.325s][info][gc            ] GC(981) Pause Cleanup 2306M->2306M(2372M) 0.216ms
[17.325s][info][gc,cpu        ] GC(981) User=0.00s Sys=0.00s Real=0.00s
[17.325s][info][gc,marking    ] GC(981) Concurrent Cleanup for Next Mark
[17.328s][info][gc,marking    ] GC(981) Concurrent Cleanup for Next Mark 2.799ms
[17.328s][info][gc            ] GC(981) Concurrent Cycle 16.005ms
[17.335s][info][gc,start      ] GC(982) Pause Young (Concurrent Start) (G1 Humongous Allocation)
[17.335s][info][gc,task       ] GC(982) Using 8 workers of 8 for evacuation
[17.336s][info][gc,phases     ] GC(982)   Pre Evacuate Collection Set: 0.5ms
[17.336s][info][gc,phases     ] GC(982)   Evacuate Collection Set: 0.8ms
[17.336s][info][gc,phases     ] GC(982)   Post Evacuate Collection Set: 0.1ms
[17.336s][info][gc,phases     ] GC(982)   Other: 0.2ms
[17.336s][info][gc,heap       ] GC(982) Eden regions: 4->0(117)
[17.336s][info][gc,heap       ] GC(982) Survivor regions: 1->1(15)
[17.336s][info][gc,heap       ] GC(982) Old regions: 27->27
[17.336s][info][gc,heap       ] GC(982) Humongous regions: 2278->2278
[17.336s][info][gc,metaspace  ] GC(982) Metaspace: 9862K->9862K(1058816K)
[17.336s][info][gc            ] GC(982) Pause Young (Concurrent Start) (G1 Humongous Allocation) 2308M->2304M(2372M) 1.694ms
[17.336s][info][gc,cpu        ] GC(982) User=0.00s Sys=0.00s Real=0.00s
[17.336s][info][gc            ] GC(983) Concurrent Cycle
[17.336s][info][gc,marking    ] GC(983) Concurrent Clear Claimed Marks
[17.336s][info][gc,marking    ] GC(983) Concurrent Clear Claimed Marks 0.010ms
[17.336s][info][gc,marking    ] GC(983) Concurrent Scan Root Regions
[17.336s][info][gc,marking    ] GC(983) Concurrent Scan Root Regions 0.050ms
[17.336s][info][gc,marking    ] GC(983) Concurrent Mark (17.336s)
[17.336s][info][gc,marking    ] GC(983) Concurrent Mark From Roots
[17.336s][info][gc,task       ] GC(983) Using 2 workers of 2 for marking
[17.342s][info][gc,marking    ] GC(983) Concurrent Mark From Roots 5.351ms
[17.342s][info][gc,marking    ] GC(983) Concurrent Preclean
[17.342s][info][gc,marking    ] GC(983) Concurrent Preclean 0.069ms
[17.342s][info][gc,marking    ] GC(983) Concurrent Mark (17.336s, 17.342s) 5.486ms
[17.342s][info][gc,start      ] GC(983) Pause Remark
[17.343s][info][gc,stringtable] GC(983) Cleaned string and symbol table, strings: 4350 processed, 0 removed, symbols: 36588 processed, 0 removed
[17.344s][info][gc            ] GC(983) Pause Remark 2307M->2307M(2372M) 1.692ms
[17.344s][info][gc,cpu        ] GC(983) User=0.01s Sys=0.00s Real=0.00s
[17.344s][info][gc,marking    ] GC(983) Concurrent Rebuild Remembered Sets
[17.351s][info][gc,marking    ] GC(983) Concurrent Rebuild Remembered Sets 6.770ms
[17.351s][info][gc,start      ] GC(983) Pause Cleanup
[17.352s][info][gc            ] GC(983) Pause Cleanup 2310M->2310M(2372M) 0.268ms
[17.352s][info][gc,cpu        ] GC(983) User=0.00s Sys=0.00s Real=0.00s
[17.352s][info][gc,marking    ] GC(983) Concurrent Cleanup for Next Mark
[17.355s][info][gc,marking    ] GC(983) Concurrent Cleanup for Next Mark 2.797ms
[17.355s][info][gc            ] GC(983) Concurrent Cycle 18.185ms
[17.361s][info][gc,start      ] GC(984) Pause Young (Concurrent Start) (G1 Humongous Allocation)
[17.361s][info][gc,task       ] GC(984) Using 8 workers of 8 for evacuation
[17.363s][info][gc,phases     ] GC(984)   Pre Evacuate Collection Set: 0.5ms
[17.363s][info][gc,phases     ] GC(984)   Evacuate Collection Set: 1.0ms
[17.363s][info][gc,phases     ] GC(984)   Post Evacuate Collection Set: 0.1ms
[17.363s][info][gc,phases     ] GC(984)   Other: 0.2ms
[17.363s][info][gc,heap       ] GC(984) Eden regions: 4->0(117)
[17.363s][info][gc,heap       ] GC(984) Survivor regions: 1->1(15)
[17.363s][info][gc,heap       ] GC(984) Old regions: 27->27
[17.363s][info][gc,heap       ] GC(984) Humongous regions: 2282->2282
[17.363s][info][gc,metaspace  ] GC(984) Metaspace: 9862K->9862K(1058816K)
[17.363s][info][gc            ] GC(984) Pause Young (Concurrent Start) (G1 Humongous Allocation) 2312M->2308M(2372M) 1.902ms
[17.363s][info][gc,cpu        ] GC(984) User=0.01s Sys=0.00s Real=0.00s
[17.363s][info][gc            ] GC(985) Concurrent Cycle
[17.363s][info][gc,marking    ] GC(985) Concurrent Clear Claimed Marks
[17.363s][info][gc,marking    ] GC(985) Concurrent Clear Claimed Marks 0.013ms
[17.363s][info][gc,marking    ] GC(985) Concurrent Scan Root Regions
[17.363s][info][gc,marking    ] GC(985) Concurrent Scan Root Regions 0.060ms
[17.363s][info][gc,marking    ] GC(985) Concurrent Mark (17.363s)
[17.363s][info][gc,marking    ] GC(985) Concurrent Mark From Roots
[17.363s][info][gc,task       ] GC(985) Using 2 workers of 2 for marking
[17.369s][info][gc,marking    ] GC(985) Concurrent Mark From Roots 5.369ms
[17.369s][info][gc,marking    ] GC(985) Concurrent Preclean
[17.369s][info][gc,marking    ] GC(985) Concurrent Preclean 0.075ms
[17.369s][info][gc,marking    ] GC(985) Concurrent Mark (17.363s, 17.369s) 5.498ms
[17.369s][info][gc,start      ] GC(985) Pause Remark
[17.370s][info][gc,stringtable] GC(985) Cleaned string and symbol table, strings: 4350 processed, 0 removed, symbols: 36588 processed, 0 removed
[17.371s][info][gc            ] GC(985) Pause Remark 2312M->2312M(2372M) 1.633ms
[17.371s][info][gc,cpu        ] GC(985) User=0.01s Sys=0.00s Real=0.00s
[17.371s][info][gc,marking    ] GC(985) Concurrent Rebuild Remembered Sets
[17.376s][info][gc,marking    ] GC(985) Concurrent Rebuild Remembered Sets 5.078ms
[17.377s][info][gc,start      ] GC(985) Pause Cleanup
[17.377s][info][gc            ] GC(985) Pause Cleanup 2314M->2314M(2372M) 0.352ms
[17.377s][info][gc,cpu        ] GC(985) User=0.00s Sys=0.00s Real=0.00s
[17.377s][info][gc,marking    ] GC(985) Concurrent Cleanup for Next Mark
[17.380s][info][gc,marking    ] GC(985) Concurrent Cleanup for Next Mark 2.886ms
[17.380s][info][gc            ] GC(985) Concurrent Cycle 16.755ms
[17.387s][info][gc,start      ] GC(986) Pause Young (Concurrent Start) (G1 Humongous Allocation)
[17.387s][info][gc,task       ] GC(986) Using 8 workers of 8 for evacuation
[17.388s][info][gc,phases     ] GC(986)   Pre Evacuate Collection Set: 0.5ms
[17.388s][info][gc,phases     ] GC(986)   Evacuate Collection Set: 0.5ms
[17.388s][info][gc,phases     ] GC(986)   Post Evacuate Collection Set: 0.1ms
[17.388s][info][gc,phases     ] GC(986)   Other: 0.2ms
[17.388s][info][gc,heap       ] GC(986) Eden regions: 4->0(117)
[17.388s][info][gc,heap       ] GC(986) Survivor regions: 1->1(15)
[17.388s][info][gc,heap       ] GC(986) Old regions: 27->27
[17.388s][info][gc,heap       ] GC(986) Humongous regions: 2286->2286
[17.388s][info][gc,metaspace  ] GC(986) Metaspace: 9862K->9862K(1058816K)
[17.388s][info][gc            ] GC(986) Pause Young (Concurrent Start) (G1 Humongous Allocation) 2316M->2312M(2372M) 1.472ms
[17.388s][info][gc,cpu        ] GC(986) User=0.00s Sys=0.00s Real=0.00s
[17.388s][info][gc            ] GC(987) Concurrent Cycle
[17.388s][info][gc,marking    ] GC(987) Concurrent Clear Claimed Marks
[17.388s][info][gc,marking    ] GC(987) Concurrent Clear Claimed Marks 0.011ms
[17.388s][info][gc,marking    ] GC(987) Concurrent Scan Root Regions
[17.388s][info][gc,marking    ] GC(987) Concurrent Scan Root Regions 0.050ms
[17.388s][info][gc,marking    ] GC(987) Concurrent Mark (17.388s)
[17.388s][info][gc,marking    ] GC(987) Concurrent Mark From Roots
[17.388s][info][gc,task       ] GC(987) Using 2 workers of 2 for marking
[17.394s][info][gc,marking    ] GC(987) Concurrent Mark From Roots 5.412ms
[17.394s][info][gc,marking    ] GC(987) Concurrent Preclean
[17.394s][info][gc,marking    ] GC(987) Concurrent Preclean 0.069ms
[17.394s][info][gc,marking    ] GC(987) Concurrent Mark (17.388s, 17.394s) 5.535ms
[17.394s][info][gc,start      ] GC(987) Pause Remark
[17.395s][info][gc,stringtable] GC(987) Cleaned string and symbol table, strings: 4350 processed, 0 removed, symbols: 36588 processed, 0 removed
[17.396s][info][gc            ] GC(987) Pause Remark 2316M->2316M(2372M) 1.627ms
[17.396s][info][gc,cpu        ] GC(987) User=0.01s Sys=0.00s Real=0.00s
[17.396s][info][gc,marking    ] GC(987) Concurrent Rebuild Remembered Sets
[17.401s][info][gc,marking    ] GC(987) Concurrent Rebuild Remembered Sets 4.959ms
[17.401s][info][gc,start      ] GC(987) Pause Cleanup
[17.402s][info][gc            ] GC(987) Pause Cleanup 2318M->2318M(2372M) 0.269ms
[17.402s][info][gc,cpu        ] GC(987) User=0.00s Sys=0.00s Real=0.00s
[17.402s][info][gc,marking    ] GC(987) Concurrent Cleanup for Next Mark
[17.405s][info][gc,marking    ] GC(987) Concurrent Cleanup for Next Mark 2.804ms
[17.405s][info][gc            ] GC(987) Concurrent Cycle 16.407ms
[17.411s][info][gc,start      ] GC(988) Pause Young (Concurrent Start) (G1 Humongous Allocation)
[17.411s][info][gc,task       ] GC(988) Using 8 workers of 8 for evacuation
[17.413s][info][gc,phases     ] GC(988)   Pre Evacuate Collection Set: 0.5ms
[17.413s][info][gc,phases     ] GC(988)   Evacuate Collection Set: 0.6ms
[17.413s][info][gc,phases     ] GC(988)   Post Evacuate Collection Set: 0.1ms
[17.413s][info][gc,phases     ] GC(988)   Other: 0.2ms
[17.413s][info][gc,heap       ] GC(988) Eden regions: 4->0(117)
[17.413s][info][gc,heap       ] GC(988) Survivor regions: 1->1(15)
[17.413s][info][gc,heap       ] GC(988) Old regions: 27->27
[17.413s][info][gc,heap       ] GC(988) Humongous regions: 2290->2290
[17.413s][info][gc,metaspace  ] GC(988) Metaspace: 9862K->9862K(1058816K)
[17.413s][info][gc            ] GC(988) Pause Young (Concurrent Start) (G1 Humongous Allocation) 2320M->2316M(2372M) 1.500ms
[17.413s][info][gc,cpu        ] GC(988) User=0.00s Sys=0.00s Real=0.00s
[17.413s][info][gc            ] GC(989) Concurrent Cycle
[17.413s][info][gc,marking    ] GC(989) Concurrent Clear Claimed Marks
[17.413s][info][gc,marking    ] GC(989) Concurrent Clear Claimed Marks 0.012ms
[17.413s][info][gc,marking    ] GC(989) Concurrent Scan Root Regions
[17.413s][info][gc,marking    ] GC(989) Concurrent Scan Root Regions 0.051ms
[17.413s][info][gc,marking    ] GC(989) Concurrent Mark (17.413s)
[17.413s][info][gc,marking    ] GC(989) Concurrent Mark From Roots
[17.413s][info][gc,task       ] GC(989) Using 2 workers of 2 for marking
[17.418s][info][gc,marking    ] GC(989) Concurrent Mark From Roots 5.361ms
[17.418s][info][gc,marking    ] GC(989) Concurrent Preclean
[17.418s][info][gc,marking    ] GC(989) Concurrent Preclean 0.067ms
[17.418s][info][gc,marking    ] GC(989) Concurrent Mark (17.413s, 17.418s) 5.484ms
[17.419s][info][gc,start      ] GC(989) Pause Remark
[17.419s][info][gc,stringtable] GC(989) Cleaned string and symbol table, strings: 4350 processed, 0 removed, symbols: 36588 processed, 0 removed
[17.420s][info][gc            ] GC(989) Pause Remark 2320M->2320M(2372M) 1.140ms
[17.420s][info][gc,cpu        ] GC(989) User=0.00s Sys=0.00s Real=0.00s
[17.420s][info][gc,marking    ] GC(989) Concurrent Rebuild Remembered Sets
[17.425s][info][gc,marking    ] GC(989) Concurrent Rebuild Remembered Sets 5.057ms
[17.425s][info][gc,start      ] GC(989) Pause Cleanup
[17.426s][info][gc            ] GC(989) Pause Cleanup 2322M->2322M(2372M) 0.242ms
[17.426s][info][gc,cpu        ] GC(989) User=0.00s Sys=0.00s Real=0.00s
[17.426s][info][gc,marking    ] GC(989) Concurrent Cleanup for Next Mark
[17.428s][info][gc,marking    ] GC(989) Concurrent Cleanup for Next Mark 2.814ms
[17.428s][info][gc            ] GC(989) Concurrent Cycle 15.624ms
[17.435s][info][gc,start      ] GC(990) Pause Young (Concurrent Start) (G1 Humongous Allocation)
[17.435s][info][gc,task       ] GC(990) Using 8 workers of 8 for evacuation
[17.436s][info][gc,phases     ] GC(990)   Pre Evacuate Collection Set: 0.5ms
[17.436s][info][gc,phases     ] GC(990)   Evacuate Collection Set: 0.6ms
[17.437s][info][gc,phases     ] GC(990)   Post Evacuate Collection Set: 0.1ms
[17.437s][info][gc,phases     ] GC(990)   Other: 0.2ms
[17.437s][info][gc,heap       ] GC(990) Eden regions: 4->0(117)
[17.437s][info][gc,heap       ] GC(990) Survivor regions: 1->1(15)
[17.437s][info][gc,heap       ] GC(990) Old regions: 27->27
[17.437s][info][gc,heap       ] GC(990) Humongous regions: 2294->2294
[17.437s][info][gc,metaspace  ] GC(990) Metaspace: 9862K->9862K(1058816K)
[17.437s][info][gc            ] GC(990) Pause Young (Concurrent Start) (G1 Humongous Allocation) 2324M->2320M(2372M) 1.445ms
[17.437s][info][gc,cpu        ] GC(990) User=0.01s Sys=0.00s Real=0.00s
[17.437s][info][gc            ] GC(991) Concurrent Cycle
[17.437s][info][gc,marking    ] GC(991) Concurrent Clear Claimed Marks
[17.437s][info][gc,marking    ] GC(991) Concurrent Clear Claimed Marks 0.012ms
[17.437s][info][gc,marking    ] GC(991) Concurrent Scan Root Regions
[17.437s][info][gc,marking    ] GC(991) Concurrent Scan Root Regions 0.050ms
[17.437s][info][gc,marking    ] GC(991) Concurrent Mark (17.437s)
[17.437s][info][gc,marking    ] GC(991) Concurrent Mark From Roots
[17.437s][info][gc,task       ] GC(991) Using 2 workers of 2 for marking
[17.442s][info][gc,marking    ] GC(991) Concurrent Mark From Roots 5.309ms
[17.442s][info][gc,marking    ] GC(991) Concurrent Preclean
[17.442s][info][gc,marking    ] GC(991) Concurrent Preclean 0.076ms
[17.442s][info][gc,marking    ] GC(991) Concurrent Mark (17.437s, 17.442s) 5.440ms
[17.442s][info][gc,start      ] GC(991) Pause Remark
[17.444s][info][gc,stringtable] GC(991) Cleaned string and symbol table, strings: 4350 processed, 0 removed, symbols: 36588 processed, 0 removed
[17.444s][info][gc            ] GC(991) Pause Remark 2323M->2323M(2372M) 1.647ms
[17.444s][info][gc,cpu        ] GC(991) User=0.01s Sys=0.00s Real=0.00s
[17.444s][info][gc,marking    ] GC(991) Concurrent Rebuild Remembered Sets
[17.449s][info][gc,marking    ] GC(991) Concurrent Rebuild Remembered Sets 5.030ms
[17.450s][info][gc,start      ] GC(991) Pause Cleanup
[17.450s][info][gc            ] GC(991) Pause Cleanup 2326M->2326M(2372M) 0.215ms
[17.450s][info][gc,cpu        ] GC(991) User=0.00s Sys=0.00s Real=0.00s
[17.450s][info][gc,marking    ] GC(991) Concurrent Cleanup for Next Mark
[17.453s][info][gc,marking    ] GC(991) Concurrent Cleanup for Next Mark 2.812ms
[17.453s][info][gc            ] GC(991) Concurrent Cycle 16.190ms
[17.459s][info][gc,start      ] GC(992) Pause Young (Concurrent Start) (G1 Humongous Allocation)
[17.459s][info][gc,task       ] GC(992) Using 8 workers of 8 for evacuation
[17.461s][info][gc,phases     ] GC(992)   Pre Evacuate Collection Set: 0.5ms
[17.461s][info][gc,phases     ] GC(992)   Evacuate Collection Set: 0.6ms
[17.461s][info][gc,phases     ] GC(992)   Post Evacuate Collection Set: 0.1ms
[17.461s][info][gc,phases     ] GC(992)   Other: 0.2ms
[17.461s][info][gc,heap       ] GC(992) Eden regions: 4->0(117)
[17.461s][info][gc,heap       ] GC(992) Survivor regions: 1->1(15)
[17.461s][info][gc,heap       ] GC(992) Old regions: 27->27
[17.461s][info][gc,heap       ] GC(992) Humongous regions: 2298->2298
[17.461s][info][gc,metaspace  ] GC(992) Metaspace: 9862K->9862K(1058816K)
[17.461s][info][gc            ] GC(992) Pause Young (Concurrent Start) (G1 Humongous Allocation) 2328M->2324M(2372M) 1.442ms
[17.461s][info][gc,cpu        ] GC(992) User=0.01s Sys=0.00s Real=0.00s
[17.461s][info][gc            ] GC(993) Concurrent Cycle
[17.461s][info][gc,marking    ] GC(993) Concurrent Clear Claimed Marks
[17.461s][info][gc,marking    ] GC(993) Concurrent Clear Claimed Marks 0.013ms
[17.461s][info][gc,marking    ] GC(993) Concurrent Scan Root Regions
[17.461s][info][gc,marking    ] GC(993) Concurrent Scan Root Regions 0.050ms
[17.461s][info][gc,marking    ] GC(993) Concurrent Mark (17.461s)
[17.461s][info][gc,marking    ] GC(993) Concurrent Mark From Roots
[17.461s][info][gc,task       ] GC(993) Using 2 workers of 2 for marking
[17.467s][info][gc,marking    ] GC(993) Concurrent Mark From Roots 5.452ms
[17.467s][info][gc,marking    ] GC(993) Concurrent Preclean
[17.467s][info][gc,marking    ] GC(993) Concurrent Preclean 0.082ms
[17.467s][info][gc,marking    ] GC(993) Concurrent Mark (17.461s, 17.467s) 5.609ms
[17.467s][info][gc,start      ] GC(993) Pause Remark
[17.468s][info][gc,stringtable] GC(993) Cleaned string and symbol table, strings: 4350 processed, 0 removed, symbols: 36588 processed, 0 removed
[17.468s][info][gc            ] GC(993) Pause Remark 2328M->2328M(2372M) 1.101ms
[17.468s][info][gc,cpu        ] GC(993) User=0.01s Sys=0.00s Real=0.00s
[17.468s][info][gc,marking    ] GC(993) Concurrent Rebuild Remembered Sets
[17.473s][info][gc,marking    ] GC(993) Concurrent Rebuild Remembered Sets 4.996ms
[17.473s][info][gc,start      ] GC(993) Pause Cleanup
[17.474s][info][gc            ] GC(993) Pause Cleanup 2330M->2330M(2372M) 0.214ms
[17.474s][info][gc,cpu        ] GC(993) User=0.00s Sys=0.00s Real=0.00s
[17.474s][info][gc,marking    ] GC(993) Concurrent Cleanup for Next Mark
[17.477s][info][gc,marking    ] GC(993) Concurrent Cleanup for Next Mark 2.796ms
[17.477s][info][gc            ] GC(993) Concurrent Cycle 15.621ms
[17.483s][info][gc,start      ] GC(994) Pause Young (Concurrent Start) (G1 Humongous Allocation)
[17.483s][info][gc,task       ] GC(994) Using 8 workers of 8 for evacuation
[17.485s][info][gc,phases     ] GC(994)   Pre Evacuate Collection Set: 0.5ms
[17.485s][info][gc,phases     ] GC(994)   Evacuate Collection Set: 0.6ms
[17.485s][info][gc,phases     ] GC(994)   Post Evacuate Collection Set: 0.1ms
[17.485s][info][gc,phases     ] GC(994)   Other: 0.2ms
[17.485s][info][gc,heap       ] GC(994) Eden regions: 4->0(117)
[17.485s][info][gc,heap       ] GC(994) Survivor regions: 1->1(15)
[17.485s][info][gc,heap       ] GC(994) Old regions: 27->27
[17.485s][info][gc,heap       ] GC(994) Humongous regions: 2302->2302
[17.485s][info][gc,metaspace  ] GC(994) Metaspace: 9862K->9862K(1058816K)
[17.485s][info][gc            ] GC(994) Pause Young (Concurrent Start) (G1 Humongous Allocation) 2332M->2328M(2372M) 1.500ms
[17.485s][info][gc,cpu        ] GC(994) User=0.00s Sys=0.00s Real=0.00s
[17.485s][info][gc            ] GC(995) Concurrent Cycle
[17.485s][info][gc,marking    ] GC(995) Concurrent Clear Claimed Marks
[17.485s][info][gc,marking    ] GC(995) Concurrent Clear Claimed Marks 0.011ms
[17.485s][info][gc,marking    ] GC(995) Concurrent Scan Root Regions
[17.485s][info][gc,marking    ] GC(995) Concurrent Scan Root Regions 0.050ms
[17.485s][info][gc,marking    ] GC(995) Concurrent Mark (17.485s)
[17.485s][info][gc,marking    ] GC(995) Concurrent Mark From Roots
[17.485s][info][gc,task       ] GC(995) Using 2 workers of 2 for marking
[17.490s][info][gc,marking    ] GC(995) Concurrent Mark From Roots 5.406ms
[17.490s][info][gc,marking    ] GC(995) Concurrent Preclean
[17.490s][info][gc,marking    ] GC(995) Concurrent Preclean 0.073ms
[17.490s][info][gc,marking    ] GC(995) Concurrent Mark (17.485s, 17.490s) 5.534ms
[17.491s][info][gc,start      ] GC(995) Pause Remark
[17.492s][info][gc,stringtable] GC(995) Cleaned string and symbol table, strings: 4350 processed, 0 removed, symbols: 36588 processed, 0 removed
[17.492s][info][gc            ] GC(995) Pause Remark 2332M->2332M(2372M) 1.519ms
[17.492s][info][gc,cpu        ] GC(995) User=0.00s Sys=0.00s Real=0.01s
[17.492s][info][gc,marking    ] GC(995) Concurrent Rebuild Remembered Sets
[17.497s][info][gc,marking    ] GC(995) Concurrent Rebuild Remembered Sets 5.102ms
[17.498s][info][gc,start      ] GC(995) Pause Cleanup
[17.498s][info][gc            ] GC(995) Pause Cleanup 2334M->2334M(2372M) 0.208ms
[17.498s][info][gc,cpu        ] GC(995) User=0.00s Sys=0.00s Real=0.00s
[17.498s][info][gc,marking    ] GC(995) Concurrent Cleanup for Next Mark
[17.501s][info][gc,marking    ] GC(995) Concurrent Cleanup for Next Mark 2.804ms
[17.501s][info][gc            ] GC(995) Concurrent Cycle 16.207ms
[17.508s][info][gc,start      ] GC(996) Pause Young (Concurrent Start) (G1 Humongous Allocation)
[17.508s][info][gc,task       ] GC(996) Using 8 workers of 8 for evacuation
[17.510s][info][gc,phases     ] GC(996)   Pre Evacuate Collection Set: 0.6ms
[17.510s][info][gc,phases     ] GC(996)   Evacuate Collection Set: 0.8ms
[17.510s][info][gc,phases     ] GC(996)   Post Evacuate Collection Set: 0.2ms
[17.510s][info][gc,phases     ] GC(996)   Other: 0.3ms
[17.510s][info][gc,heap       ] GC(996) Eden regions: 4->0(117)
[17.510s][info][gc,heap       ] GC(996) Survivor regions: 1->1(15)
[17.510s][info][gc,heap       ] GC(996) Old regions: 27->27
[17.510s][info][gc,heap       ] GC(996) Humongous regions: 2306->2306
[17.510s][info][gc,metaspace  ] GC(996) Metaspace: 9862K->9862K(1058816K)
[17.510s][info][gc            ] GC(996) Pause Young (Concurrent Start) (G1 Humongous Allocation) 2336M->2332M(2372M) 2.129ms
[17.510s][info][gc,cpu        ] GC(996) User=0.01s Sys=0.00s Real=0.00s
[17.510s][info][gc            ] GC(997) Concurrent Cycle
[17.510s][info][gc,marking    ] GC(997) Concurrent Clear Claimed Marks
[17.510s][info][gc,marking    ] GC(997) Concurrent Clear Claimed Marks 0.013ms
[17.510s][info][gc,marking    ] GC(997) Concurrent Scan Root Regions
[17.510s][info][gc,marking    ] GC(997) Concurrent Scan Root Regions 0.061ms
[17.510s][info][gc,marking    ] GC(997) Concurrent Mark (17.510s)
[17.510s][info][gc,marking    ] GC(997) Concurrent Mark From Roots
[17.510s][info][gc,task       ] GC(997) Using 2 workers of 2 for marking
[17.516s][info][gc,marking    ] GC(997) Concurrent Mark From Roots 5.408ms
[17.516s][info][gc,marking    ] GC(997) Concurrent Preclean
[17.516s][info][gc,marking    ] GC(997) Concurrent Preclean 0.069ms
[17.516s][info][gc,marking    ] GC(997) Concurrent Mark (17.510s, 17.516s) 5.534ms
[17.516s][info][gc,start      ] GC(997) Pause Remark
[17.517s][info][gc,stringtable] GC(997) Cleaned string and symbol table, strings: 4350 processed, 0 removed, symbols: 36588 processed, 0 removed
[17.517s][info][gc            ] GC(997) Pause Remark 2336M->2336M(2372M) 1.179ms
[17.517s][info][gc,cpu        ] GC(997) User=0.00s Sys=0.00s Real=0.00s
[17.517s][info][gc,marking    ] GC(997) Concurrent Rebuild Remembered Sets
[17.522s][info][gc,marking    ] GC(997) Concurrent Rebuild Remembered Sets 5.220ms
[17.523s][info][gc,start      ] GC(997) Pause Cleanup
[17.524s][info][gc            ] GC(997) Pause Cleanup 2338M->2338M(2372M) 0.282ms
[17.524s][info][gc,cpu        ] GC(997) User=0.00s Sys=0.00s Real=0.00s
[17.524s][info][gc,marking    ] GC(997) Concurrent Cleanup for Next Mark
[17.526s][info][gc,marking    ] GC(997) Concurrent Cleanup for Next Mark 2.838ms
[17.527s][info][gc            ] GC(997) Concurrent Cycle 16.413ms
[17.533s][info][gc,start      ] GC(998) Pause Young (Concurrent Start) (G1 Humongous Allocation)
[17.533s][info][gc,task       ] GC(998) Using 8 workers of 8 for evacuation
[17.535s][info][gc,phases     ] GC(998)   Pre Evacuate Collection Set: 0.5ms
[17.535s][info][gc,phases     ] GC(998)   Evacuate Collection Set: 0.5ms
[17.535s][info][gc,phases     ] GC(998)   Post Evacuate Collection Set: 0.1ms
[17.535s][info][gc,phases     ] GC(998)   Other: 0.2ms
[17.535s][info][gc,heap       ] GC(998) Eden regions: 4->0(117)
[17.535s][info][gc,heap       ] GC(998) Survivor regions: 1->1(15)
[17.535s][info][gc,heap       ] GC(998) Old regions: 27->27
[17.535s][info][gc,heap       ] GC(998) Humongous regions: 2310->2310
[17.535s][info][gc,metaspace  ] GC(998) Metaspace: 9862K->9862K(1058816K)
[17.535s][info][gc            ] GC(998) Pause Young (Concurrent Start) (G1 Humongous Allocation) 2340M->2336M(2372M) 1.447ms
[17.535s][info][gc,cpu        ] GC(998) User=0.01s Sys=0.00s Real=0.00s
[17.535s][info][gc            ] GC(999) Concurrent Cycle
[17.535s][info][gc,marking    ] GC(999) Concurrent Clear Claimed Marks
[17.535s][info][gc,marking    ] GC(999) Concurrent Clear Claimed Marks 0.014ms
[17.535s][info][gc,marking    ] GC(999) Concurrent Scan Root Regions
[17.535s][info][gc,marking    ] GC(999) Concurrent Scan Root Regions 0.070ms
[17.535s][info][gc,marking    ] GC(999) Concurrent Mark (17.535s)
[17.535s][info][gc,marking    ] GC(999) Concurrent Mark From Roots
[17.535s][info][gc,task       ] GC(999) Using 2 workers of 2 for marking
[17.541s][info][gc,marking    ] GC(999) Concurrent Mark From Roots 5.613ms
[17.541s][info][gc,marking    ] GC(999) Concurrent Preclean
[17.541s][info][gc,marking    ] GC(999) Concurrent Preclean 0.081ms
[17.541s][info][gc,marking    ] GC(999) Concurrent Mark (17.535s, 17.541s) 5.760ms
[17.541s][info][gc,start      ] GC(999) Pause Remark
[17.542s][info][gc,stringtable] GC(999) Cleaned string and symbol table, strings: 4350 processed, 0 removed, symbols: 36588 processed, 0 removed
[17.542s][info][gc            ] GC(999) Pause Remark 2340M->2340M(2372M) 1.198ms
[17.542s][info][gc,cpu        ] GC(999) User=0.01s Sys=0.00s Real=0.01s
[17.542s][info][gc,marking    ] GC(999) Concurrent Rebuild Remembered Sets
[17.547s][info][gc,marking    ] GC(999) Concurrent Rebuild Remembered Sets 5.274ms
[17.548s][info][gc,start      ] GC(999) Pause Cleanup
[17.549s][info][gc            ] GC(999) Pause Cleanup 2342M->2342M(2372M) 0.413ms
[17.549s][info][gc,cpu        ] GC(999) User=0.01s Sys=0.00s Real=0.00s
[17.549s][info][gc,marking    ] GC(999) Concurrent Cleanup for Next Mark
[17.552s][info][gc,marking    ] GC(999) Concurrent Cleanup for Next Mark 3.343ms
[17.552s][info][gc            ] GC(999) Concurrent Cycle 17.112ms
[17.560s][info][gc,start      ] GC(1000) Pause Young (Concurrent Start) (G1 Humongous Allocation)
[17.560s][info][gc,task       ] GC(1000) Using 8 workers of 8 for evacuation
[17.561s][info][gc,phases     ] GC(1000)   Pre Evacuate Collection Set: 0.5ms
[17.561s][info][gc,phases     ] GC(1000)   Evacuate Collection Set: 0.6ms
[17.561s][info][gc,phases     ] GC(1000)   Post Evacuate Collection Set: 0.1ms
[17.562s][info][gc,phases     ] GC(1000)   Other: 0.3ms
[17.562s][info][gc,heap       ] GC(1000) Eden regions: 4->0(117)
[17.562s][info][gc,heap       ] GC(1000) Survivor regions: 1->1(15)
[17.562s][info][gc,heap       ] GC(1000) Old regions: 27->27
[17.562s][info][gc,heap       ] GC(1000) Humongous regions: 2314->2314
[17.562s][info][gc,metaspace  ] GC(1000) Metaspace: 9862K->9862K(1058816K)
[17.562s][info][gc            ] GC(1000) Pause Young (Concurrent Start) (G1 Humongous Allocation) 2344M->2340M(2372M) 1.728ms
[17.562s][info][gc,cpu        ] GC(1000) User=0.01s Sys=0.00s Real=0.01s
[17.562s][info][gc            ] GC(1001) Concurrent Cycle
[17.562s][info][gc,marking    ] GC(1001) Concurrent Clear Claimed Marks
[17.562s][info][gc,marking    ] GC(1001) Concurrent Clear Claimed Marks 0.012ms
[17.562s][info][gc,marking    ] GC(1001) Concurrent Scan Root Regions
[17.562s][info][gc,marking    ] GC(1001) Concurrent Scan Root Regions 0.053ms
[17.562s][info][gc,marking    ] GC(1001) Concurrent Mark (17.562s)
[17.562s][info][gc,marking    ] GC(1001) Concurrent Mark From Roots
[17.562s][info][gc,task       ] GC(1001) Using 2 workers of 2 for marking
[17.567s][info][gc,marking    ] GC(1001) Concurrent Mark From Roots 5.534ms
[17.567s][info][gc,marking    ] GC(1001) Concurrent Preclean
[17.567s][info][gc,marking    ] GC(1001) Concurrent Preclean 0.072ms
[17.567s][info][gc,marking    ] GC(1001) Concurrent Mark (17.562s, 17.567s) 5.663ms
[17.568s][info][gc,start      ] GC(1001) Pause Remark
[17.568s][info][gc,stringtable] GC(1001) Cleaned string and symbol table, strings: 4350 processed, 0 removed, symbols: 36588 processed, 0 removed
[17.569s][info][gc            ] GC(1001) Pause Remark 2344M->2344M(2372M) 0.968ms
[17.569s][info][gc,cpu        ] GC(1001) User=0.01s Sys=0.00s Real=0.00s
[17.569s][info][gc,marking    ] GC(1001) Concurrent Rebuild Remembered Sets
[17.574s][info][gc,marking    ] GC(1001) Concurrent Rebuild Remembered Sets 5.012ms
[17.574s][info][gc,start      ] GC(1001) Pause Cleanup
[17.575s][info][gc            ] GC(1001) Pause Cleanup 2346M->2346M(2372M) 0.230ms
[17.575s][info][gc,cpu        ] GC(1001) User=0.00s Sys=0.00s Real=0.00s
[17.575s][info][gc,marking    ] GC(1001) Concurrent Cleanup for Next Mark
[17.578s][info][gc,marking    ] GC(1001) Concurrent Cleanup for Next Mark 3.117ms
[17.578s][info][gc            ] GC(1001) Concurrent Cycle 16.012ms
[17.585s][info][gc,start      ] GC(1002) Pause Young (Concurrent Start) (G1 Humongous Allocation)
[17.585s][info][gc,task       ] GC(1002) Using 8 workers of 8 for evacuation
[17.586s][info][gc,phases     ] GC(1002)   Pre Evacuate Collection Set: 0.5ms
[17.586s][info][gc,phases     ] GC(1002)   Evacuate Collection Set: 0.5ms
[17.586s][info][gc,phases     ] GC(1002)   Post Evacuate Collection Set: 0.1ms
[17.586s][info][gc,phases     ] GC(1002)   Other: 0.2ms
[17.586s][info][gc,heap       ] GC(1002) Eden regions: 4->0(117)
[17.586s][info][gc,heap       ] GC(1002) Survivor regions: 1->1(15)
[17.586s][info][gc,heap       ] GC(1002) Old regions: 27->27
[17.586s][info][gc,heap       ] GC(1002) Humongous regions: 2318->2318
[17.586s][info][gc,metaspace  ] GC(1002) Metaspace: 9862K->9862K(1058816K)
[17.586s][info][gc            ] GC(1002) Pause Young (Concurrent Start) (G1 Humongous Allocation) 2348M->2344M(2372M) 1.463ms
[17.586s][info][gc,cpu        ] GC(1002) User=0.00s Sys=0.00s Real=0.00s
[17.586s][info][gc            ] GC(1003) Concurrent Cycle
[17.586s][info][gc,marking    ] GC(1003) Concurrent Clear Claimed Marks
[17.586s][info][gc,marking    ] GC(1003) Concurrent Clear Claimed Marks 0.013ms
[17.586s][info][gc,marking    ] GC(1003) Concurrent Scan Root Regions
[17.586s][info][gc,marking    ] GC(1003) Concurrent Scan Root Regions 0.066ms
[17.586s][info][gc,marking    ] GC(1003) Concurrent Mark (17.586s)
[17.586s][info][gc,marking    ] GC(1003) Concurrent Mark From Roots
[17.586s][info][gc,task       ] GC(1003) Using 2 workers of 2 for marking
[17.592s][info][gc,marking    ] GC(1003) Concurrent Mark From Roots 5.331ms
[17.592s][info][gc,marking    ] GC(1003) Concurrent Preclean
[17.592s][info][gc,marking    ] GC(1003) Concurrent Preclean 0.131ms
[17.592s][info][gc,marking    ] GC(1003) Concurrent Mark (17.586s, 17.592s) 5.534ms
[17.592s][info][gc,start      ] GC(1003) Pause Remark
[17.593s][info][gc,stringtable] GC(1003) Cleaned string and symbol table, strings: 4350 processed, 0 removed, symbols: 36588 processed, 0 removed
[17.593s][info][gc            ] GC(1003) Pause Remark 2348M->2348M(2372M) 1.335ms
[17.593s][info][gc,cpu        ] GC(1003) User=0.00s Sys=0.00s Real=0.00s
[17.593s][info][gc,marking    ] GC(1003) Concurrent Rebuild Remembered Sets
[17.598s][info][gc,marking    ] GC(1003) Concurrent Rebuild Remembered Sets 5.156ms
[17.599s][info][gc,start      ] GC(1003) Pause Cleanup
[17.599s][info][gc            ] GC(1003) Pause Cleanup 2350M->2350M(2372M) 0.215ms
[17.599s][info][gc,cpu        ] GC(1003) User=0.00s Sys=0.00s Real=0.00s
[17.599s][info][gc,marking    ] GC(1003) Concurrent Cleanup for Next Mark
[17.602s][info][gc,marking    ] GC(1003) Concurrent Cleanup for Next Mark 2.783ms
[17.602s][info][gc            ] GC(1003) Concurrent Cycle 16.055ms
[17.609s][info][gc,start      ] GC(1004) Pause Young (Concurrent Start) (G1 Humongous Allocation)
[17.609s][info][gc,task       ] GC(1004) Using 8 workers of 8 for evacuation
[17.610s][info][gc,phases     ] GC(1004)   Pre Evacuate Collection Set: 0.5ms
[17.610s][info][gc,phases     ] GC(1004)   Evacuate Collection Set: 0.6ms
[17.610s][info][gc,phases     ] GC(1004)   Post Evacuate Collection Set: 0.1ms
[17.610s][info][gc,phases     ] GC(1004)   Other: 0.2ms
[17.610s][info][gc,heap       ] GC(1004) Eden regions: 4->0(117)
[17.610s][info][gc,heap       ] GC(1004) Survivor regions: 1->1(15)
[17.610s][info][gc,heap       ] GC(1004) Old regions: 27->27
[17.610s][info][gc,heap       ] GC(1004) Humongous regions: 2322->2322
[17.610s][info][gc,metaspace  ] GC(1004) Metaspace: 9862K->9862K(1058816K)
[17.610s][info][gc            ] GC(1004) Pause Young (Concurrent Start) (G1 Humongous Allocation) 2352M->2348M(2372M) 1.455ms
[17.610s][info][gc,cpu        ] GC(1004) User=0.01s Sys=0.00s Real=0.00s
[17.610s][info][gc            ] GC(1005) Concurrent Cycle
[17.610s][info][gc,marking    ] GC(1005) Concurrent Clear Claimed Marks
[17.610s][info][gc,marking    ] GC(1005) Concurrent Clear Claimed Marks 0.012ms
[17.610s][info][gc,marking    ] GC(1005) Concurrent Scan Root Regions
[17.611s][info][gc,marking    ] GC(1005) Concurrent Scan Root Regions 0.051ms
[17.611s][info][gc,marking    ] GC(1005) Concurrent Mark (17.611s)
[17.611s][info][gc,marking    ] GC(1005) Concurrent Mark From Roots
[17.611s][info][gc,task       ] GC(1005) Using 2 workers of 2 for marking
[17.616s][info][gc,marking    ] GC(1005) Concurrent Mark From Roots 5.369ms
[17.616s][info][gc,marking    ] GC(1005) Concurrent Preclean
[17.616s][info][gc,marking    ] GC(1005) Concurrent Preclean 0.072ms
[17.616s][info][gc,marking    ] GC(1005) Concurrent Mark (17.611s, 17.616s) 5.497ms
[17.616s][info][gc,start      ] GC(1005) Pause Remark
[17.617s][info][gc,stringtable] GC(1005) Cleaned string and symbol table, strings: 4350 processed, 0 removed, symbols: 36588 processed, 0 removed
[17.617s][info][gc            ] GC(1005) Pause Remark 2351M->2351M(2372M) 1.149ms
[17.617s][info][gc,cpu        ] GC(1005) User=0.01s Sys=0.00s Real=0.00s
[17.617s][info][gc,marking    ] GC(1005) Concurrent Rebuild Remembered Sets
[17.622s][info][gc,marking    ] GC(1005) Concurrent Rebuild Remembered Sets 5.022ms
[17.623s][info][gc,start      ] GC(1005) Pause Cleanup
[17.623s][info][gc            ] GC(1005) Pause Cleanup 2354M->2354M(2372M) 0.217ms
[17.623s][info][gc,cpu        ] GC(1005) User=0.00s Sys=0.00s Real=0.00s
[17.623s][info][gc,marking    ] GC(1005) Concurrent Cleanup for Next Mark
[17.626s][info][gc,marking    ] GC(1005) Concurrent Cleanup for Next Mark 2.823ms
[17.626s][info][gc            ] GC(1005) Concurrent Cycle 15.883ms
[17.633s][info][gc,start      ] GC(1006) Pause Young (Concurrent Start) (G1 Humongous Allocation)
[17.633s][info][gc,task       ] GC(1006) Using 8 workers of 8 for evacuation
[17.634s][info][gc,phases     ] GC(1006)   Pre Evacuate Collection Set: 0.5ms
[17.634s][info][gc,phases     ] GC(1006)   Evacuate Collection Set: 0.6ms
[17.634s][info][gc,phases     ] GC(1006)   Post Evacuate Collection Set: 0.1ms
[17.634s][info][gc,phases     ] GC(1006)   Other: 0.3ms
[17.634s][info][gc,heap       ] GC(1006) Eden regions: 4->0(117)
[17.634s][info][gc,heap       ] GC(1006) Survivor regions: 1->1(15)
[17.634s][info][gc,heap       ] GC(1006) Old regions: 27->27
[17.634s][info][gc,heap       ] GC(1006) Humongous regions: 2326->2326
[17.635s][info][gc,metaspace  ] GC(1006) Metaspace: 9862K->9862K(1058816K)
[17.635s][info][gc            ] GC(1006) Pause Young (Concurrent Start) (G1 Humongous Allocation) 2356M->2352M(2372M) 1.486ms
[17.635s][info][gc,cpu        ] GC(1006) User=0.00s Sys=0.00s Real=0.00s
[17.635s][info][gc            ] GC(1007) Concurrent Cycle
[17.635s][info][gc,marking    ] GC(1007) Concurrent Clear Claimed Marks
[17.635s][info][gc,marking    ] GC(1007) Concurrent Clear Claimed Marks 0.013ms
[17.635s][info][gc,marking    ] GC(1007) Concurrent Scan Root Regions
[17.635s][info][gc,marking    ] GC(1007) Concurrent Scan Root Regions 0.050ms
[17.635s][info][gc,marking    ] GC(1007) Concurrent Mark (17.635s)
[17.635s][info][gc,marking    ] GC(1007) Concurrent Mark From Roots
[17.635s][info][gc,task       ] GC(1007) Using 2 workers of 2 for marking
[17.640s][info][gc,marking    ] GC(1007) Concurrent Mark From Roots 5.407ms
[17.640s][info][gc,marking    ] GC(1007) Concurrent Preclean
[17.640s][info][gc,marking    ] GC(1007) Concurrent Preclean 0.070ms
[17.640s][info][gc,marking    ] GC(1007) Concurrent Mark (17.635s, 17.640s) 5.532ms
[17.640s][info][gc,start      ] GC(1007) Pause Remark
[17.642s][info][gc,stringtable] GC(1007) Cleaned string and symbol table, strings: 4350 processed, 0 removed, symbols: 36588 processed, 0 removed
[17.642s][info][gc            ] GC(1007) Pause Remark 2356M->2356M(2372M) 1.649ms
[17.642s][info][gc,cpu        ] GC(1007) User=0.01s Sys=0.00s Real=0.01s
[17.642s][info][gc,marking    ] GC(1007) Concurrent Rebuild Remembered Sets
[17.647s][info][gc,marking    ] GC(1007) Concurrent Rebuild Remembered Sets 5.098ms
[17.648s][info][gc,start      ] GC(1007) Pause Cleanup
[17.648s][info][gc            ] GC(1007) Pause Cleanup 2358M->2358M(2372M) 0.211ms
[17.648s][info][gc,cpu        ] GC(1007) User=0.00s Sys=0.00s Real=0.00s
[17.648s][info][gc,marking    ] GC(1007) Concurrent Cleanup for Next Mark
[17.651s][info][gc,marking    ] GC(1007) Concurrent Cleanup for Next Mark 2.803ms
[17.651s][info][gc            ] GC(1007) Concurrent Cycle 16.131ms
[17.657s][info][gc,start      ] GC(1008) Pause Young (Concurrent Start) (G1 Humongous Allocation)
[17.657s][info][gc,task       ] GC(1008) Using 8 workers of 8 for evacuation
[17.659s][info][gc,phases     ] GC(1008)   Pre Evacuate Collection Set: 0.5ms
[17.659s][info][gc,phases     ] GC(1008)   Evacuate Collection Set: 0.6ms
[17.659s][info][gc,phases     ] GC(1008)   Post Evacuate Collection Set: 0.1ms
[17.659s][info][gc,phases     ] GC(1008)   Other: 0.2ms
[17.659s][info][gc,heap       ] GC(1008) Eden regions: 4->0(117)
[17.659s][info][gc,heap       ] GC(1008) Survivor regions: 1->1(15)
[17.659s][info][gc,heap       ] GC(1008) Old regions: 27->27
[17.659s][info][gc,heap       ] GC(1008) Humongous regions: 2330->2330
[17.659s][info][gc,metaspace  ] GC(1008) Metaspace: 9862K->9862K(1058816K)
[17.659s][info][gc            ] GC(1008) Pause Young (Concurrent Start) (G1 Humongous Allocation) 2360M->2356M(2372M) 1.452ms
[17.659s][info][gc,cpu        ] GC(1008) User=0.00s Sys=0.00s Real=0.00s
[17.659s][info][gc            ] GC(1009) Concurrent Cycle
[17.659s][info][gc,marking    ] GC(1009) Concurrent Clear Claimed Marks
[17.659s][info][gc,marking    ] GC(1009) Concurrent Clear Claimed Marks 0.012ms
[17.659s][info][gc,marking    ] GC(1009) Concurrent Scan Root Regions
[17.659s][info][gc,marking    ] GC(1009) Concurrent Scan Root Regions 0.058ms
[17.659s][info][gc,marking    ] GC(1009) Concurrent Mark (17.659s)
[17.659s][info][gc,marking    ] GC(1009) Concurrent Mark From Roots
[17.659s][info][gc,task       ] GC(1009) Using 2 workers of 2 for marking
[17.664s][info][gc,marking    ] GC(1009) Concurrent Mark From Roots 5.365ms
[17.664s][info][gc,marking    ] GC(1009) Concurrent Preclean
[17.665s][info][gc,marking    ] GC(1009) Concurrent Preclean 0.068ms
[17.665s][info][gc,marking    ] GC(1009) Concurrent Mark (17.659s, 17.665s) 5.506ms
[17.665s][info][gc,start      ] GC(1009) Pause Remark
[17.666s][info][gc,stringtable] GC(1009) Cleaned string and symbol table, strings: 4350 processed, 0 removed, symbols: 36588 processed, 0 removed
[17.666s][info][gc            ] GC(1009) Pause Remark 2360M->2360M(2372M) 1.532ms
[17.666s][info][gc,cpu        ] GC(1009) User=0.00s Sys=0.00s Real=0.00s
[17.666s][info][gc,marking    ] GC(1009) Concurrent Rebuild Remembered Sets
[17.671s][info][gc,marking    ] GC(1009) Concurrent Rebuild Remembered Sets 4.941ms
[17.672s][info][gc,start      ] GC(1009) Pause Cleanup
[17.672s][info][gc            ] GC(1009) Pause Cleanup 2362M->2362M(2372M) 0.216ms
[17.672s][info][gc,cpu        ] GC(1009) User=0.00s Sys=0.00s Real=0.00s
[17.672s][info][gc,marking    ] GC(1009) Concurrent Cleanup for Next Mark
[17.675s][info][gc,marking    ] GC(1009) Concurrent Cleanup for Next Mark 2.783ms
[17.675s][info][gc            ] GC(1009) Concurrent Cycle 15.692ms
[17.682s][info][gc,start      ] GC(1010) Pause Young (Concurrent Start) (G1 Humongous Allocation)
[17.682s][info][gc,task       ] GC(1010) Using 8 workers of 8 for evacuation
[17.683s][info][gc,phases     ] GC(1010)   Pre Evacuate Collection Set: 0.5ms
[17.683s][info][gc,phases     ] GC(1010)   Evacuate Collection Set: 0.6ms
[17.683s][info][gc,phases     ] GC(1010)   Post Evacuate Collection Set: 0.1ms
[17.683s][info][gc,phases     ] GC(1010)   Other: 0.2ms
[17.683s][info][gc,heap       ] GC(1010) Eden regions: 4->0(117)
[17.683s][info][gc,heap       ] GC(1010) Survivor regions: 1->1(15)
[17.683s][info][gc,heap       ] GC(1010) Old regions: 27->27
[17.683s][info][gc,heap       ] GC(1010) Humongous regions: 2334->2334
[17.683s][info][gc,metaspace  ] GC(1010) Metaspace: 9862K->9862K(1058816K)
[17.683s][info][gc            ] GC(1010) Pause Young (Concurrent Start) (G1 Humongous Allocation) 2364M->2360M(2372M) 1.447ms
[17.683s][info][gc,cpu        ] GC(1010) User=0.01s Sys=0.00s Real=0.00s
[17.683s][info][gc            ] GC(1011) Concurrent Cycle
[17.683s][info][gc,marking    ] GC(1011) Concurrent Clear Claimed Marks
[17.683s][info][gc,marking    ] GC(1011) Concurrent Clear Claimed Marks 0.016ms
[17.683s][info][gc,marking    ] GC(1011) Concurrent Scan Root Regions
[17.683s][info][gc,marking    ] GC(1011) Concurrent Scan Root Regions 0.051ms
[17.683s][info][gc,marking    ] GC(1011) Concurrent Mark (17.683s)
[17.683s][info][gc,marking    ] GC(1011) Concurrent Mark From Roots
[17.683s][info][gc,task       ] GC(1011) Using 2 workers of 2 for marking
[17.689s][info][gc,marking    ] GC(1011) Concurrent Mark From Roots 5.403ms
[17.689s][info][gc,marking    ] GC(1011) Concurrent Preclean
[17.689s][info][gc,marking    ] GC(1011) Concurrent Preclean 0.066ms
[17.689s][info][gc,marking    ] GC(1011) Concurrent Mark (17.683s, 17.689s) 5.523ms
[17.689s][info][gc,start      ] GC(1011) Pause Remark
[17.690s][info][gc,stringtable] GC(1011) Cleaned string and symbol table, strings: 4350 processed, 0 removed, symbols: 36588 processed, 0 removed
[17.690s][info][gc            ] GC(1011) Pause Remark 2364M->2364M(2372M) 1.154ms
[17.690s][info][gc,cpu        ] GC(1011) User=0.01s Sys=0.00s Real=0.00s
[17.690s][info][gc,marking    ] GC(1011) Concurrent Rebuild Remembered Sets
[17.695s][info][gc,marking    ] GC(1011) Concurrent Rebuild Remembered Sets 5.024ms
[17.696s][info][gc,start      ] GC(1011) Pause Cleanup
[17.696s][info][gc            ] GC(1011) Pause Cleanup 2366M->2366M(2374M) 0.305ms
[17.696s][info][gc,cpu        ] GC(1011) User=0.01s Sys=0.00s Real=0.00s
[17.696s][info][gc,marking    ] GC(1011) Concurrent Cleanup for Next Mark
[17.699s][info][gc,marking    ] GC(1011) Concurrent Cleanup for Next Mark 2.815ms
[17.699s][info][gc            ] GC(1011) Concurrent Cycle 15.494ms
[17.705s][info][gc,start      ] GC(1012) Pause Young (Concurrent Start) (G1 Humongous Allocation)
[17.705s][info][gc,task       ] GC(1012) Using 8 workers of 8 for evacuation
[17.707s][info][gc,phases     ] GC(1012)   Pre Evacuate Collection Set: 0.5ms
[17.707s][info][gc,phases     ] GC(1012)   Evacuate Collection Set: 0.6ms
[17.707s][info][gc,phases     ] GC(1012)   Post Evacuate Collection Set: 0.2ms
[17.707s][info][gc,phases     ] GC(1012)   Other: 0.2ms
[17.707s][info][gc,heap       ] GC(1012) Eden regions: 4->0(117)
[17.707s][info][gc,heap       ] GC(1012) Survivor regions: 1->1(15)
[17.707s][info][gc,heap       ] GC(1012) Old regions: 27->27
[17.707s][info][gc,heap       ] GC(1012) Humongous regions: 2338->2338
[17.707s][info][gc,metaspace  ] GC(1012) Metaspace: 9862K->9862K(1058816K)
[17.707s][info][gc            ] GC(1012) Pause Young (Concurrent Start) (G1 Humongous Allocation) 2368M->2364M(2374M) 1.498ms
[17.707s][info][gc,cpu        ] GC(1012) User=0.00s Sys=0.00s Real=0.00s
[17.707s][info][gc            ] GC(1013) Concurrent Cycle
[17.707s][info][gc,marking    ] GC(1013) Concurrent Clear Claimed Marks
[17.707s][info][gc,marking    ] GC(1013) Concurrent Clear Claimed Marks 0.014ms
[17.707s][info][gc,marking    ] GC(1013) Concurrent Scan Root Regions
[17.707s][info][gc,marking    ] GC(1013) Concurrent Scan Root Regions 0.058ms
[17.707s][info][gc,marking    ] GC(1013) Concurrent Mark (17.707s)
[17.707s][info][gc,marking    ] GC(1013) Concurrent Mark From Roots
[17.707s][info][gc,task       ] GC(1013) Using 2 workers of 2 for marking
[17.713s][info][gc,marking    ] GC(1013) Concurrent Mark From Roots 5.519ms
[17.713s][info][gc,marking    ] GC(1013) Concurrent Preclean
[17.713s][info][gc,marking    ] GC(1013) Concurrent Preclean 0.067ms
[17.713s][info][gc,marking    ] GC(1013) Concurrent Mark (17.707s, 17.713s) 5.637ms
[17.713s][info][gc,start      ] GC(1013) Pause Remark
[17.714s][info][gc,stringtable] GC(1013) Cleaned string and symbol table, strings: 4350 processed, 0 removed, symbols: 36588 processed, 0 removed
[17.714s][info][gc            ] GC(1013) Pause Remark 2368M->2368M(2374M) 1.654ms
[17.714s][info][gc,cpu        ] GC(1013) User=0.01s Sys=0.00s Real=0.00s
[17.715s][info][gc,marking    ] GC(1013) Concurrent Rebuild Remembered Sets
[17.720s][info][gc,marking    ] GC(1013) Concurrent Rebuild Remembered Sets 5.157ms
[17.720s][info][gc,start      ] GC(1013) Pause Cleanup
[17.720s][info][gc            ] GC(1013) Pause Cleanup 2370M->2370M(2376M) 0.226ms
[17.720s][info][gc,cpu        ] GC(1013) User=0.00s Sys=0.00s Real=0.00s
[17.720s][info][gc,marking    ] GC(1013) Concurrent Cleanup for Next Mark
[17.723s][info][gc,marking    ] GC(1013) Concurrent Cleanup for Next Mark 2.965ms
[17.723s][info][gc            ] GC(1013) Concurrent Cycle 16.137ms
[17.730s][info][gc,start      ] GC(1014) Pause Young (Concurrent Start) (G1 Humongous Allocation)
[17.730s][info][gc,task       ] GC(1014) Using 8 workers of 8 for evacuation
[17.731s][info][gc,phases     ] GC(1014)   Pre Evacuate Collection Set: 0.5ms
[17.731s][info][gc,phases     ] GC(1014)   Evacuate Collection Set: 0.5ms
[17.731s][info][gc,phases     ] GC(1014)   Post Evacuate Collection Set: 0.1ms
[17.731s][info][gc,phases     ] GC(1014)   Other: 0.2ms
[17.731s][info][gc,heap       ] GC(1014) Eden regions: 4->0(117)
[17.731s][info][gc,heap       ] GC(1014) Survivor regions: 1->1(15)
[17.731s][info][gc,heap       ] GC(1014) Old regions: 27->27
[17.731s][info][gc,heap       ] GC(1014) Humongous regions: 2342->2342
[17.731s][info][gc,metaspace  ] GC(1014) Metaspace: 9862K->9862K(1058816K)
[17.731s][info][gc            ] GC(1014) Pause Young (Concurrent Start) (G1 Humongous Allocation) 2372M->2368M(2376M) 1.375ms
[17.731s][info][gc,cpu        ] GC(1014) User=0.00s Sys=0.00s Real=0.00s
[17.731s][info][gc            ] GC(1015) Concurrent Cycle
[17.731s][info][gc,marking    ] GC(1015) Concurrent Clear Claimed Marks
[17.731s][info][gc,marking    ] GC(1015) Concurrent Clear Claimed Marks 0.013ms
[17.731s][info][gc,marking    ] GC(1015) Concurrent Scan Root Regions
[17.731s][info][gc,marking    ] GC(1015) Concurrent Scan Root Regions 0.049ms
[17.731s][info][gc,marking    ] GC(1015) Concurrent Mark (17.731s)
[17.731s][info][gc,marking    ] GC(1015) Concurrent Mark From Roots
[17.731s][info][gc,task       ] GC(1015) Using 2 workers of 2 for marking
[17.736s][info][gc,marking    ] GC(1015) Concurrent Mark From Roots 5.379ms
[17.736s][info][gc,marking    ] GC(1015) Concurrent Preclean
[17.737s][info][gc,marking    ] GC(1015) Concurrent Preclean 0.072ms
[17.737s][info][gc,marking    ] GC(1015) Concurrent Mark (17.731s, 17.737s) 5.506ms
[17.737s][info][gc,start      ] GC(1015) Pause Remark
[17.737s][info][gc,stringtable] GC(1015) Cleaned string and symbol table, strings: 4350 processed, 0 removed, symbols: 36588 processed, 0 removed
[17.738s][info][gc            ] GC(1015) Pause Remark 2371M->2371M(2378M) 1.252ms
[17.738s][info][gc,cpu        ] GC(1015) User=0.00s Sys=0.00s Real=0.00s
[17.738s][info][gc,marking    ] GC(1015) Concurrent Rebuild Remembered Sets
[17.743s][info][gc,marking    ] GC(1015) Concurrent Rebuild Remembered Sets 5.117ms
[17.744s][info][gc,start      ] GC(1015) Pause Cleanup
[17.744s][info][gc            ] GC(1015) Pause Cleanup 2374M->2374M(2380M) 0.296ms
[17.744s][info][gc,cpu        ] GC(1015) User=0.00s Sys=0.00s Real=0.00s
[17.744s][info][gc,marking    ] GC(1015) Concurrent Cleanup for Next Mark
[17.748s][info][gc,marking    ] GC(1015) Concurrent Cleanup for Next Mark 3.156ms
[17.748s][info][gc            ] GC(1015) Concurrent Cycle 16.675ms
[17.754s][info][gc,start      ] GC(1016) Pause Young (Concurrent Start) (G1 Humongous Allocation)
[17.754s][info][gc,task       ] GC(1016) Using 8 workers of 8 for evacuation
[17.756s][info][gc,phases     ] GC(1016)   Pre Evacuate Collection Set: 0.6ms
[17.756s][info][gc,phases     ] GC(1016)   Evacuate Collection Set: 1.2ms
[17.756s][info][gc,phases     ] GC(1016)   Post Evacuate Collection Set: 0.1ms
[17.756s][info][gc,phases     ] GC(1016)   Other: 0.3ms
[17.756s][info][gc,heap       ] GC(1016) Eden regions: 4->0(118)
[17.756s][info][gc,heap       ] GC(1016) Survivor regions: 1->1(15)
[17.756s][info][gc,heap       ] GC(1016) Old regions: 27->27
[17.756s][info][gc,heap       ] GC(1016) Humongous regions: 2346->2346
[17.756s][info][gc,metaspace  ] GC(1016) Metaspace: 9862K->9862K(1058816K)
[17.756s][info][gc            ] GC(1016) Pause Young (Concurrent Start) (G1 Humongous Allocation) 2376M->2372M(2380M) 2.311ms
[17.756s][info][gc,cpu        ] GC(1016) User=0.00s Sys=0.00s Real=0.00s
[17.756s][info][gc            ] GC(1017) Concurrent Cycle
[17.756s][info][gc,marking    ] GC(1017) Concurrent Clear Claimed Marks
[17.756s][info][gc,marking    ] GC(1017) Concurrent Clear Claimed Marks 0.015ms
[17.756s][info][gc,marking    ] GC(1017) Concurrent Scan Root Regions
[17.757s][info][gc,marking    ] GC(1017) Concurrent Scan Root Regions 0.056ms
[17.757s][info][gc,marking    ] GC(1017) Concurrent Mark (17.757s)
[17.757s][info][gc,marking    ] GC(1017) Concurrent Mark From Roots
[17.757s][info][gc,task       ] GC(1017) Using 2 workers of 2 for marking
[17.763s][info][gc,marking    ] GC(1017) Concurrent Mark From Roots 6.597ms
[17.763s][info][gc,marking    ] GC(1017) Concurrent Preclean
[17.763s][info][gc,marking    ] GC(1017) Concurrent Preclean 0.089ms
[17.763s][info][gc,marking    ] GC(1017) Concurrent Mark (17.757s, 17.763s) 6.760ms
[17.763s][info][gc,start      ] GC(1017) Pause Remark
[17.765s][info][gc,stringtable] GC(1017) Cleaned string and symbol table, strings: 4350 processed, 0 removed, symbols: 36588 processed, 0 removed
[17.765s][info][gc            ] GC(1017) Pause Remark 2375M->2375M(2382M) 1.469ms
[17.765s][info][gc,cpu        ] GC(1017) User=0.01s Sys=0.00s Real=0.00s
[17.765s][info][gc,marking    ] GC(1017) Concurrent Rebuild Remembered Sets
[17.770s][info][gc,marking    ] GC(1017) Concurrent Rebuild Remembered Sets 5.068ms
[17.771s][info][gc,start      ] GC(1017) Pause Cleanup
[17.771s][info][gc            ] GC(1017) Pause Cleanup 2378M->2378M(2384M) 0.238ms
[17.771s][info][gc,cpu        ] GC(1017) User=0.00s Sys=0.00s Real=0.00s
[17.771s][info][gc,marking    ] GC(1017) Concurrent Cleanup for Next Mark
[17.774s][info][gc,marking    ] GC(1017) Concurrent Cleanup for Next Mark 2.901ms
[17.774s][info][gc            ] GC(1017) Concurrent Cycle 17.584ms
[17.781s][info][gc,start      ] GC(1018) Pause Young (Concurrent Start) (G1 Humongous Allocation)
[17.781s][info][gc,task       ] GC(1018) Using 8 workers of 8 for evacuation
[17.782s][info][gc,phases     ] GC(1018)   Pre Evacuate Collection Set: 0.5ms
[17.782s][info][gc,phases     ] GC(1018)   Evacuate Collection Set: 0.5ms
[17.782s][info][gc,phases     ] GC(1018)   Post Evacuate Collection Set: 0.1ms
[17.782s][info][gc,phases     ] GC(1018)   Other: 0.3ms
[17.782s][info][gc,heap       ] GC(1018) Eden regions: 4->0(118)
[17.782s][info][gc,heap       ] GC(1018) Survivor regions: 1->1(15)
[17.782s][info][gc,heap       ] GC(1018) Old regions: 27->27
[17.782s][info][gc,heap       ] GC(1018) Humongous regions: 2350->2350
[17.782s][info][gc,metaspace  ] GC(1018) Metaspace: 9862K->9862K(1058816K)
[17.782s][info][gc            ] GC(1018) Pause Young (Concurrent Start) (G1 Humongous Allocation) 2380M->2376M(2384M) 1.474ms
[17.782s][info][gc,cpu        ] GC(1018) User=0.00s Sys=0.00s Real=0.01s
[17.782s][info][gc            ] GC(1019) Concurrent Cycle
[17.782s][info][gc,marking    ] GC(1019) Concurrent Clear Claimed Marks
[17.782s][info][gc,marking    ] GC(1019) Concurrent Clear Claimed Marks 0.009ms
[17.782s][info][gc,marking    ] GC(1019) Concurrent Scan Root Regions
[17.782s][info][gc,marking    ] GC(1019) Concurrent Scan Root Regions 0.049ms
[17.782s][info][gc,marking    ] GC(1019) Concurrent Mark (17.782s)
[17.782s][info][gc,marking    ] GC(1019) Concurrent Mark From Roots
[17.782s][info][gc,task       ] GC(1019) Using 2 workers of 2 for marking
[17.788s][info][gc,marking    ] GC(1019) Concurrent Mark From Roots 5.341ms
[17.788s][info][gc,marking    ] GC(1019) Concurrent Preclean
[17.788s][info][gc,marking    ] GC(1019) Concurrent Preclean 0.068ms
[17.788s][info][gc,marking    ] GC(1019) Concurrent Mark (17.782s, 17.788s) 5.467ms
[17.788s][info][gc,start      ] GC(1019) Pause Remark
[17.789s][info][gc,stringtable] GC(1019) Cleaned string and symbol table, strings: 4350 processed, 0 removed, symbols: 36588 processed, 0 removed
[17.789s][info][gc            ] GC(1019) Pause Remark 2379M->2379M(2386M) 1.545ms
[17.789s][info][gc,cpu        ] GC(1019) User=0.01s Sys=0.00s Real=0.00s
[17.789s][info][gc,marking    ] GC(1019) Concurrent Rebuild Remembered Sets
[17.795s][info][gc,marking    ] GC(1019) Concurrent Rebuild Remembered Sets 5.144ms
[17.796s][info][gc,start      ] GC(1019) Pause Cleanup
[17.796s][info][gc            ] GC(1019) Pause Cleanup 2382M->2382M(2388M) 0.267ms
[17.796s][info][gc,cpu        ] GC(1019) User=0.00s Sys=0.00s Real=0.00s
[17.796s][info][gc,marking    ] GC(1019) Concurrent Cleanup for Next Mark
[17.799s][info][gc,marking    ] GC(1019) Concurrent Cleanup for Next Mark 2.881ms
[17.799s][info][gc            ] GC(1019) Concurrent Cycle 16.565ms
[17.806s][info][gc,start      ] GC(1020) Pause Young (Concurrent Start) (G1 Humongous Allocation)
[17.806s][info][gc,task       ] GC(1020) Using 8 workers of 8 for evacuation
[17.807s][info][gc,phases     ] GC(1020)   Pre Evacuate Collection Set: 0.5ms
[17.807s][info][gc,phases     ] GC(1020)   Evacuate Collection Set: 0.6ms
[17.807s][info][gc,phases     ] GC(1020)   Post Evacuate Collection Set: 0.1ms
[17.807s][info][gc,phases     ] GC(1020)   Other: 0.2ms
[17.807s][info][gc,heap       ] GC(1020) Eden regions: 4->0(118)
[17.807s][info][gc,heap       ] GC(1020) Survivor regions: 1->1(15)
[17.807s][info][gc,heap       ] GC(1020) Old regions: 27->27
[17.807s][info][gc,heap       ] GC(1020) Humongous regions: 2354->2354
[17.807s][info][gc,metaspace  ] GC(1020) Metaspace: 9862K->9862K(1058816K)
[17.807s][info][gc            ] GC(1020) Pause Young (Concurrent Start) (G1 Humongous Allocation) 2384M->2380M(2388M) 1.549ms
[17.807s][info][gc,cpu        ] GC(1020) User=0.00s Sys=0.00s Real=0.00s
[17.807s][info][gc            ] GC(1021) Concurrent Cycle
[17.807s][info][gc,marking    ] GC(1021) Concurrent Clear Claimed Marks
[17.807s][info][gc,marking    ] GC(1021) Concurrent Clear Claimed Marks 0.009ms
[17.807s][info][gc,marking    ] GC(1021) Concurrent Scan Root Regions
[17.807s][info][gc,marking    ] GC(1021) Concurrent Scan Root Regions 0.049ms
[17.807s][info][gc,marking    ] GC(1021) Concurrent Mark (17.807s)
[17.807s][info][gc,marking    ] GC(1021) Concurrent Mark From Roots
[17.807s][info][gc,task       ] GC(1021) Using 2 workers of 2 for marking
[17.813s][info][gc,marking    ] GC(1021) Concurrent Mark From Roots 5.432ms
[17.813s][info][gc,marking    ] GC(1021) Concurrent Preclean
[17.813s][info][gc,marking    ] GC(1021) Concurrent Preclean 0.070ms
[17.813s][info][gc,marking    ] GC(1021) Concurrent Mark (17.807s, 17.813s) 5.559ms
[17.813s][info][gc,start      ] GC(1021) Pause Remark
[17.814s][info][gc,stringtable] GC(1021) Cleaned string and symbol table, strings: 4350 processed, 0 removed, symbols: 36588 processed, 0 removed
[17.814s][info][gc            ] GC(1021) Pause Remark 2384M->2384M(2390M) 1.124ms
[17.814s][info][gc,cpu        ] GC(1021) User=0.00s Sys=0.00s Real=0.00s
[17.814s][info][gc,marking    ] GC(1021) Concurrent Rebuild Remembered Sets
[17.819s][info][gc,marking    ] GC(1021) Concurrent Rebuild Remembered Sets 5.001ms
[17.820s][info][gc,start      ] GC(1021) Pause Cleanup
[17.820s][info][gc            ] GC(1021) Pause Cleanup 2386M->2386M(2392M) 0.231ms
[17.820s][info][gc,cpu        ] GC(1021) User=0.00s Sys=0.00s Real=0.00s
[17.820s][info][gc,marking    ] GC(1021) Concurrent Cleanup for Next Mark
[17.823s][info][gc,marking    ] GC(1021) Concurrent Cleanup for Next Mark 2.863ms
[17.823s][info][gc            ] GC(1021) Concurrent Cycle 15.960ms
[17.830s][info][gc,start      ] GC(1022) Pause Young (Concurrent Start) (G1 Humongous Allocation)
[17.830s][info][gc,task       ] GC(1022) Using 8 workers of 8 for evacuation
[17.831s][info][gc,phases     ] GC(1022)   Pre Evacuate Collection Set: 0.5ms
[17.831s][info][gc,phases     ] GC(1022)   Evacuate Collection Set: 0.6ms
[17.831s][info][gc,phases     ] GC(1022)   Post Evacuate Collection Set: 0.1ms
[17.831s][info][gc,phases     ] GC(1022)   Other: 0.2ms
[17.831s][info][gc,heap       ] GC(1022) Eden regions: 4->0(118)
[17.831s][info][gc,heap       ] GC(1022) Survivor regions: 1->1(15)
[17.831s][info][gc,heap       ] GC(1022) Old regions: 27->27
[17.831s][info][gc,heap       ] GC(1022) Humongous regions: 2358->2358
[17.831s][info][gc,metaspace  ] GC(1022) Metaspace: 9862K->9862K(1058816K)
[17.831s][info][gc            ] GC(1022) Pause Young (Concurrent Start) (G1 Humongous Allocation) 2388M->2384M(2392M) 1.447ms
[17.831s][info][gc,cpu        ] GC(1022) User=0.01s Sys=0.00s Real=0.00s
[17.831s][info][gc            ] GC(1023) Concurrent Cycle
[17.831s][info][gc,marking    ] GC(1023) Concurrent Clear Claimed Marks
[17.831s][info][gc,marking    ] GC(1023) Concurrent Clear Claimed Marks 0.011ms
[17.831s][info][gc,marking    ] GC(1023) Concurrent Scan Root Regions
[17.831s][info][gc,marking    ] GC(1023) Concurrent Scan Root Regions 0.048ms
[17.831s][info][gc,marking    ] GC(1023) Concurrent Mark (17.831s)
[17.831s][info][gc,marking    ] GC(1023) Concurrent Mark From Roots
[17.831s][info][gc,task       ] GC(1023) Using 2 workers of 2 for marking
[17.837s][info][gc,marking    ] GC(1023) Concurrent Mark From Roots 5.361ms
[17.837s][info][gc,marking    ] GC(1023) Concurrent Preclean
[17.837s][info][gc,marking    ] GC(1023) Concurrent Preclean 0.070ms
[17.837s][info][gc,marking    ] GC(1023) Concurrent Mark (17.831s, 17.837s) 5.486ms
[17.837s][info][gc,start      ] GC(1023) Pause Remark
[17.838s][info][gc,stringtable] GC(1023) Cleaned string and symbol table, strings: 4350 processed, 0 removed, symbols: 36588 processed, 0 removed
[17.838s][info][gc            ] GC(1023) Pause Remark 2387M->2387M(2394M) 1.044ms
[17.838s][info][gc,cpu        ] GC(1023) User=0.01s Sys=0.00s Real=0.00s
[17.838s][info][gc,marking    ] GC(1023) Concurrent Rebuild Remembered Sets
[17.843s][info][gc,marking    ] GC(1023) Concurrent Rebuild Remembered Sets 4.938ms
[17.844s][info][gc,start      ] GC(1023) Pause Cleanup
[17.844s][info][gc            ] GC(1023) Pause Cleanup 2390M->2390M(2396M) 0.218ms
[17.844s][info][gc,cpu        ] GC(1023) User=0.00s Sys=0.00s Real=0.00s
[17.844s][info][gc,marking    ] GC(1023) Concurrent Cleanup for Next Mark
[17.847s][info][gc,marking    ] GC(1023) Concurrent Cleanup for Next Mark 2.866ms
[17.847s][info][gc            ] GC(1023) Concurrent Cycle 15.928ms
[17.854s][info][gc,start      ] GC(1024) Pause Young (Concurrent Start) (G1 Humongous Allocation)
[17.854s][info][gc,task       ] GC(1024) Using 8 workers of 8 for evacuation
[17.855s][info][gc,phases     ] GC(1024)   Pre Evacuate Collection Set: 0.5ms
[17.855s][info][gc,phases     ] GC(1024)   Evacuate Collection Set: 0.6ms
[17.855s][info][gc,phases     ] GC(1024)   Post Evacuate Collection Set: 0.1ms
[17.855s][info][gc,phases     ] GC(1024)   Other: 0.2ms
[17.855s][info][gc,heap       ] GC(1024) Eden regions: 4->0(118)
[17.855s][info][gc,heap       ] GC(1024) Survivor regions: 1->1(15)
[17.855s][info][gc,heap       ] GC(1024) Old regions: 27->27
[17.855s][info][gc,heap       ] GC(1024) Humongous regions: 2362->2362
[17.855s][info][gc,metaspace  ] GC(1024) Metaspace: 9862K->9862K(1058816K)
[17.855s][info][gc            ] GC(1024) Pause Young (Concurrent Start) (G1 Humongous Allocation) 2392M->2388M(2396M) 1.454ms
[17.855s][info][gc,cpu        ] GC(1024) User=0.00s Sys=0.00s Real=0.00s
[17.855s][info][gc            ] GC(1025) Concurrent Cycle
[17.855s][info][gc,marking    ] GC(1025) Concurrent Clear Claimed Marks
[17.855s][info][gc,marking    ] GC(1025) Concurrent Clear Claimed Marks 0.011ms
[17.855s][info][gc,marking    ] GC(1025) Concurrent Scan Root Regions
[17.855s][info][gc,marking    ] GC(1025) Concurrent Scan Root Regions 0.051ms
[17.855s][info][gc,marking    ] GC(1025) Concurrent Mark (17.855s)
[17.855s][info][gc,marking    ] GC(1025) Concurrent Mark From Roots
[17.855s][info][gc,task       ] GC(1025) Using 2 workers of 2 for marking
[17.861s][info][gc,marking    ] GC(1025) Concurrent Mark From Roots 5.342ms
[17.861s][info][gc,marking    ] GC(1025) Concurrent Preclean
[17.861s][info][gc,marking    ] GC(1025) Concurrent Preclean 0.070ms
[17.861s][info][gc,marking    ] GC(1025) Concurrent Mark (17.855s, 17.861s) 5.472ms
[17.861s][info][gc,start      ] GC(1025) Pause Remark
[17.862s][info][gc,stringtable] GC(1025) Cleaned string and symbol table, strings: 4350 processed, 0 removed, symbols: 36588 processed, 0 removed
[17.863s][info][gc            ] GC(1025) Pause Remark 2391M->2391M(2398M) 1.640ms
[17.863s][info][gc,cpu        ] GC(1025) User=0.00s Sys=0.00s Real=0.01s
[17.863s][info][gc,marking    ] GC(1025) Concurrent Rebuild Remembered Sets
[17.868s][info][gc,marking    ] GC(1025) Concurrent Rebuild Remembered Sets 4.971ms
[17.868s][info][gc,start      ] GC(1025) Pause Cleanup
[17.869s][info][gc            ] GC(1025) Pause Cleanup 2394M->2394M(2400M) 0.219ms
[17.869s][info][gc,cpu        ] GC(1025) User=0.00s Sys=0.00s Real=0.00s
[17.869s][info][gc,marking    ] GC(1025) Concurrent Cleanup for Next Mark
[17.872s][info][gc,marking    ] GC(1025) Concurrent Cleanup for Next Mark 2.867ms
[17.872s][info][gc            ] GC(1025) Concurrent Cycle 16.401ms
[17.878s][info][gc,start      ] GC(1026) Pause Young (Concurrent Start) (G1 Humongous Allocation)
[17.878s][info][gc,task       ] GC(1026) Using 8 workers of 8 for evacuation
[17.880s][info][gc,phases     ] GC(1026)   Pre Evacuate Collection Set: 0.5ms
[17.880s][info][gc,phases     ] GC(1026)   Evacuate Collection Set: 0.6ms
[17.880s][info][gc,phases     ] GC(1026)   Post Evacuate Collection Set: 0.1ms
[17.880s][info][gc,phases     ] GC(1026)   Other: 0.2ms
[17.880s][info][gc,heap       ] GC(1026) Eden regions: 4->0(119)
[17.880s][info][gc,heap       ] GC(1026) Survivor regions: 1->1(15)
[17.880s][info][gc,heap       ] GC(1026) Old regions: 27->27
[17.880s][info][gc,heap       ] GC(1026) Humongous regions: 2366->2366
[17.880s][info][gc,metaspace  ] GC(1026) Metaspace: 9862K->9862K(1058816K)
[17.880s][info][gc            ] GC(1026) Pause Young (Concurrent Start) (G1 Humongous Allocation) 2396M->2392M(2400M) 1.451ms
[17.880s][info][gc,cpu        ] GC(1026) User=0.01s Sys=0.00s Real=0.00s
[17.880s][info][gc            ] GC(1027) Concurrent Cycle
[17.880s][info][gc,marking    ] GC(1027) Concurrent Clear Claimed Marks
[17.880s][info][gc,marking    ] GC(1027) Concurrent Clear Claimed Marks 0.012ms
[17.880s][info][gc,marking    ] GC(1027) Concurrent Scan Root Regions
[17.880s][info][gc,marking    ] GC(1027) Concurrent Scan Root Regions 0.051ms
[17.880s][info][gc,marking    ] GC(1027) Concurrent Mark (17.880s)
[17.880s][info][gc,marking    ] GC(1027) Concurrent Mark From Roots
[17.880s][info][gc,task       ] GC(1027) Using 2 workers of 2 for marking
[17.885s][info][gc,marking    ] GC(1027) Concurrent Mark From Roots 5.352ms
[17.885s][info][gc,marking    ] GC(1027) Concurrent Preclean
[17.885s][info][gc,marking    ] GC(1027) Concurrent Preclean 0.069ms
[17.885s][info][gc,marking    ] GC(1027) Concurrent Mark (17.880s, 17.885s) 5.477ms
[17.885s][info][gc,start      ] GC(1027) Pause Remark
[17.887s][info][gc,stringtable] GC(1027) Cleaned string and symbol table, strings: 4350 processed, 0 removed, symbols: 36588 processed, 0 removed
[17.887s][info][gc            ] GC(1027) Pause Remark 2395M->2395M(2402M) 1.663ms
[17.887s][info][gc,cpu        ] GC(1027) User=0.01s Sys=0.00s Real=0.00s
[17.887s][info][gc,marking    ] GC(1027) Concurrent Rebuild Remembered Sets
[17.892s][info][gc,marking    ] GC(1027) Concurrent Rebuild Remembered Sets 5.018ms
[17.893s][info][gc,start      ] GC(1027) Pause Cleanup
[17.893s][info][gc            ] GC(1027) Pause Cleanup 2398M->2398M(2404M) 0.241ms
[17.893s][info][gc,cpu        ] GC(1027) User=0.00s Sys=0.00s Real=0.00s
[17.893s][info][gc,marking    ] GC(1027) Concurrent Cleanup for Next Mark
[17.896s][info][gc,marking    ] GC(1027) Concurrent Cleanup for Next Mark 2.889ms
[17.896s][info][gc            ] GC(1027) Concurrent Cycle 16.505ms
[17.903s][info][gc,start      ] GC(1028) Pause Young (Concurrent Start) (G1 Humongous Allocation)
[17.903s][info][gc,task       ] GC(1028) Using 8 workers of 8 for evacuation
[17.904s][info][gc,phases     ] GC(1028)   Pre Evacuate Collection Set: 0.5ms
[17.904s][info][gc,phases     ] GC(1028)   Evacuate Collection Set: 0.6ms
[17.904s][info][gc,phases     ] GC(1028)   Post Evacuate Collection Set: 0.1ms
[17.904s][info][gc,phases     ] GC(1028)   Other: 0.2ms
[17.904s][info][gc,heap       ] GC(1028) Eden regions: 4->0(119)
[17.904s][info][gc,heap       ] GC(1028) Survivor regions: 1->1(15)
[17.904s][info][gc,heap       ] GC(1028) Old regions: 27->27
[17.904s][info][gc,heap       ] GC(1028) Humongous regions: 2370->2370
[17.904s][info][gc,metaspace  ] GC(1028) Metaspace: 9862K->9862K(1058816K)
[17.904s][info][gc            ] GC(1028) Pause Young (Concurrent Start) (G1 Humongous Allocation) 2400M->2396M(2404M) 1.489ms
[17.904s][info][gc,cpu        ] GC(1028) User=0.01s Sys=0.00s Real=0.00s
[17.904s][info][gc            ] GC(1029) Concurrent Cycle
[17.904s][info][gc,marking    ] GC(1029) Concurrent Clear Claimed Marks
[17.904s][info][gc,marking    ] GC(1029) Concurrent Clear Claimed Marks 0.013ms
[17.904s][info][gc,marking    ] GC(1029) Concurrent Scan Root Regions
[17.904s][info][gc,marking    ] GC(1029) Concurrent Scan Root Regions 0.048ms
[17.904s][info][gc,marking    ] GC(1029) Concurrent Mark (17.904s)
[17.905s][info][gc,marking    ] GC(1029) Concurrent Mark From Roots
[17.905s][info][gc,task       ] GC(1029) Using 2 workers of 2 for marking
[17.910s][info][gc,marking    ] GC(1029) Concurrent Mark From Roots 5.415ms
[17.910s][info][gc,marking    ] GC(1029) Concurrent Preclean
[17.910s][info][gc,marking    ] GC(1029) Concurrent Preclean 0.070ms
[17.910s][info][gc,marking    ] GC(1029) Concurrent Mark (17.904s, 17.910s) 5.540ms
[17.910s][info][gc,start      ] GC(1029) Pause Remark
[17.911s][info][gc,stringtable] GC(1029) Cleaned string and symbol table, strings: 4350 processed, 0 removed, symbols: 36588 processed, 0 removed
[17.911s][info][gc            ] GC(1029) Pause Remark 2400M->2400M(2406M) 1.017ms
[17.911s][info][gc,cpu        ] GC(1029) User=0.01s Sys=0.00s Real=0.00s
[17.911s][info][gc,marking    ] GC(1029) Concurrent Rebuild Remembered Sets
[17.916s][info][gc,marking    ] GC(1029) Concurrent Rebuild Remembered Sets 5.119ms
[17.917s][info][gc,start      ] GC(1029) Pause Cleanup
[17.917s][info][gc            ] GC(1029) Pause Cleanup 2402M->2402M(2408M) 0.237ms
[17.917s][info][gc,cpu        ] GC(1029) User=0.00s Sys=0.00s Real=0.00s
[17.917s][info][gc,marking    ] GC(1029) Concurrent Cleanup for Next Mark
[17.920s][info][gc,marking    ] GC(1029) Concurrent Cleanup for Next Mark 2.906ms
[17.920s][info][gc            ] GC(1029) Concurrent Cycle 15.804ms
[17.927s][info][gc,start      ] GC(1030) Pause Young (Concurrent Start) (G1 Humongous Allocation)
[17.927s][info][gc,task       ] GC(1030) Using 8 workers of 8 for evacuation
[17.928s][info][gc,phases     ] GC(1030)   Pre Evacuate Collection Set: 0.5ms
[17.928s][info][gc,phases     ] GC(1030)   Evacuate Collection Set: 0.6ms
[17.928s][info][gc,phases     ] GC(1030)   Post Evacuate Collection Set: 0.1ms
[17.928s][info][gc,phases     ] GC(1030)   Other: 0.2ms
[17.928s][info][gc,heap       ] GC(1030) Eden regions: 4->0(119)
[17.928s][info][gc,heap       ] GC(1030) Survivor regions: 1->1(15)
[17.928s][info][gc,heap       ] GC(1030) Old regions: 27->27
[17.928s][info][gc,heap       ] GC(1030) Humongous regions: 2374->2374
[17.928s][info][gc,metaspace  ] GC(1030) Metaspace: 9862K->9862K(1058816K)
[17.928s][info][gc            ] GC(1030) Pause Young (Concurrent Start) (G1 Humongous Allocation) 2404M->2400M(2408M) 1.451ms
[17.928s][info][gc,cpu        ] GC(1030) User=0.00s Sys=0.00s Real=0.00s
[17.928s][info][gc            ] GC(1031) Concurrent Cycle
[17.928s][info][gc,marking    ] GC(1031) Concurrent Clear Claimed Marks
[17.928s][info][gc,marking    ] GC(1031) Concurrent Clear Claimed Marks 0.012ms
[17.928s][info][gc,marking    ] GC(1031) Concurrent Scan Root Regions
[17.928s][info][gc,marking    ] GC(1031) Concurrent Scan Root Regions 0.052ms
[17.928s][info][gc,marking    ] GC(1031) Concurrent Mark (17.928s)
[17.928s][info][gc,marking    ] GC(1031) Concurrent Mark From Roots
[17.928s][info][gc,task       ] GC(1031) Using 2 workers of 2 for marking
[17.934s][info][gc,marking    ] GC(1031) Concurrent Mark From Roots 5.663ms
[17.934s][info][gc,marking    ] GC(1031) Concurrent Preclean
[17.934s][info][gc,marking    ] GC(1031) Concurrent Preclean 0.074ms
[17.934s][info][gc,marking    ] GC(1031) Concurrent Mark (17.928s, 17.934s) 5.803ms
[17.934s][info][gc,start      ] GC(1031) Pause Remark
[17.936s][info][gc,stringtable] GC(1031) Cleaned string and symbol table, strings: 4350 processed, 0 removed, symbols: 36588 processed, 0 removed
[17.936s][info][gc            ] GC(1031) Pause Remark 2403M->2403M(2410M) 1.771ms
[17.936s][info][gc,cpu        ] GC(1031) User=0.01s Sys=0.00s Real=0.00s
[17.936s][info][gc,marking    ] GC(1031) Concurrent Rebuild Remembered Sets
[17.941s][info][gc,marking    ] GC(1031) Concurrent Rebuild Remembered Sets 5.048ms
[17.942s][info][gc,start      ] GC(1031) Pause Cleanup
[17.942s][info][gc            ] GC(1031) Pause Cleanup 2406M->2406M(2412M) 0.226ms
[17.942s][info][gc,cpu        ] GC(1031) User=0.00s Sys=0.00s Real=0.00s
[17.942s][info][gc,marking    ] GC(1031) Concurrent Cleanup for Next Mark
[17.945s][info][gc,marking    ] GC(1031) Concurrent Cleanup for Next Mark 2.845ms
[17.945s][info][gc            ] GC(1031) Concurrent Cycle 16.905ms
[17.952s][info][gc,start      ] GC(1032) Pause Young (Concurrent Start) (G1 Humongous Allocation)
[17.952s][info][gc,task       ] GC(1032) Using 8 workers of 8 for evacuation
[17.954s][info][gc,phases     ] GC(1032)   Pre Evacuate Collection Set: 0.7ms
[17.954s][info][gc,phases     ] GC(1032)   Evacuate Collection Set: 1.1ms
[17.954s][info][gc,phases     ] GC(1032)   Post Evacuate Collection Set: 0.1ms
[17.954s][info][gc,phases     ] GC(1032)   Other: 0.3ms
[17.954s][info][gc,heap       ] GC(1032) Eden regions: 4->0(119)
[17.954s][info][gc,heap       ] GC(1032) Survivor regions: 1->1(15)
[17.954s][info][gc,heap       ] GC(1032) Old regions: 27->27
[17.954s][info][gc,heap       ] GC(1032) Humongous regions: 2378->2378
[17.954s][info][gc,metaspace  ] GC(1032) Metaspace: 9862K->9862K(1058816K)
[17.954s][info][gc            ] GC(1032) Pause Young (Concurrent Start) (G1 Humongous Allocation) 2408M->2404M(2412M) 2.408ms
[17.954s][info][gc,cpu        ] GC(1032) User=0.00s Sys=0.01s Real=0.00s
[17.954s][info][gc            ] GC(1033) Concurrent Cycle
[17.954s][info][gc,marking    ] GC(1033) Concurrent Clear Claimed Marks
[17.954s][info][gc,marking    ] GC(1033) Concurrent Clear Claimed Marks 0.014ms
[17.954s][info][gc,marking    ] GC(1033) Concurrent Scan Root Regions
[17.955s][info][gc,marking    ] GC(1033) Concurrent Scan Root Regions 0.057ms
[17.955s][info][gc,marking    ] GC(1033) Concurrent Mark (17.955s)
[17.955s][info][gc,marking    ] GC(1033) Concurrent Mark From Roots
[17.955s][info][gc,task       ] GC(1033) Using 2 workers of 2 for marking
[17.962s][info][gc,marking    ] GC(1033) Concurrent Mark From Roots 7.232ms
[17.962s][info][gc,marking    ] GC(1033) Concurrent Preclean
[17.962s][info][gc,marking    ] GC(1033) Concurrent Preclean 0.083ms
[17.962s][info][gc,marking    ] GC(1033) Concurrent Mark (17.955s, 17.962s) 7.374ms
[17.962s][info][gc,start      ] GC(1033) Pause Remark
[17.963s][info][gc,stringtable] GC(1033) Cleaned string and symbol table, strings: 4350 processed, 0 removed, symbols: 36588 processed, 0 removed
[17.964s][info][gc            ] GC(1033) Pause Remark 2408M->2408M(2414M) 1.678ms
[17.964s][info][gc,cpu        ] GC(1033) User=0.01s Sys=0.00s Real=0.00s
[17.964s][info][gc,marking    ] GC(1033) Concurrent Rebuild Remembered Sets
[17.969s][info][gc,marking    ] GC(1033) Concurrent Rebuild Remembered Sets 5.337ms
[17.970s][info][gc,start      ] GC(1033) Pause Cleanup
[17.970s][info][gc            ] GC(1033) Pause Cleanup 2410M->2410M(2416M) 0.299ms
[17.970s][info][gc,cpu        ] GC(1033) User=0.00s Sys=0.00s Real=0.00s
[17.970s][info][gc,marking    ] GC(1033) Concurrent Cleanup for Next Mark
[17.974s][info][gc,marking    ] GC(1033) Concurrent Cleanup for Next Mark 3.726ms
[17.974s][info][gc            ] GC(1033) Concurrent Cycle 19.738ms
[17.982s][info][gc,start      ] GC(1034) Pause Young (Concurrent Start) (G1 Humongous Allocation)
[17.982s][info][gc,task       ] GC(1034) Using 8 workers of 8 for evacuation
[17.984s][info][gc,phases     ] GC(1034)   Pre Evacuate Collection Set: 0.6ms
[17.984s][info][gc,phases     ] GC(1034)   Evacuate Collection Set: 0.5ms
[17.984s][info][gc,phases     ] GC(1034)   Post Evacuate Collection Set: 0.2ms
[17.984s][info][gc,phases     ] GC(1034)   Other: 0.3ms
[17.984s][info][gc,heap       ] GC(1034) Eden regions: 4->0(119)
[17.984s][info][gc,heap       ] GC(1034) Survivor regions: 1->1(15)
[17.984s][info][gc,heap       ] GC(1034) Old regions: 27->27
[17.984s][info][gc,heap       ] GC(1034) Humongous regions: 2382->2382
[17.984s][info][gc,metaspace  ] GC(1034) Metaspace: 9862K->9862K(1058816K)
[17.984s][info][gc            ] GC(1034) Pause Young (Concurrent Start) (G1 Humongous Allocation) 2412M->2408M(2416M) 1.610ms
[17.984s][info][gc,cpu        ] GC(1034) User=0.00s Sys=0.00s Real=0.00s
[17.984s][info][gc            ] GC(1035) Concurrent Cycle
[17.984s][info][gc,marking    ] GC(1035) Concurrent Clear Claimed Marks
[17.984s][info][gc,marking    ] GC(1035) Concurrent Clear Claimed Marks 0.014ms
[17.984s][info][gc,marking    ] GC(1035) Concurrent Scan Root Regions
[17.984s][info][gc,marking    ] GC(1035) Concurrent Scan Root Regions 0.056ms
[17.984s][info][gc,marking    ] GC(1035) Concurrent Mark (17.984s)
[17.984s][info][gc,marking    ] GC(1035) Concurrent Mark From Roots
[17.984s][info][gc,task       ] GC(1035) Using 2 workers of 2 for marking
[17.990s][info][gc,marking    ] GC(1035) Concurrent Mark From Roots 5.774ms
[17.990s][info][gc,marking    ] GC(1035) Concurrent Preclean
[17.990s][info][gc,marking    ] GC(1035) Concurrent Preclean 0.082ms
[17.990s][info][gc,marking    ] GC(1035) Concurrent Mark (17.984s, 17.990s) 5.941ms
[17.990s][info][gc,start      ] GC(1035) Pause Remark
[17.991s][info][gc,stringtable] GC(1035) Cleaned string and symbol table, strings: 4350 processed, 0 removed, symbols: 36588 processed, 0 removed
[17.991s][info][gc            ] GC(1035) Pause Remark 2411M->2411M(2418M) 0.981ms
[17.991s][info][gc,cpu        ] GC(1035) User=0.00s Sys=0.00s Real=0.00s
[17.991s][info][gc,marking    ] GC(1035) Concurrent Rebuild Remembered Sets
[17.996s][info][gc,marking    ] GC(1035) Concurrent Rebuild Remembered Sets 5.450ms
[17.996s][info][gc,start      ] GC(1035) Pause Cleanup
[17.997s][info][gc            ] GC(1035) Pause Cleanup 2412M->2412M(2418M) 0.267ms
[17.997s][info][gc,cpu        ] GC(1035) User=0.00s Sys=0.00s Real=0.00s
[17.997s][info][gc,marking    ] GC(1035) Concurrent Cleanup for Next Mark
[18.000s][info][gc,marking    ] GC(1035) Concurrent Cleanup for Next Mark 3.117ms
[18.000s][info][gc            ] GC(1035) Concurrent Cycle 16.246ms
[18.008s][info][gc,start      ] GC(1036) Pause Young (Concurrent Start) (G1 Humongous Allocation)
[18.008s][info][gc,task       ] GC(1036) Using 8 workers of 8 for evacuation
[18.010s][info][gc,phases     ] GC(1036)   Pre Evacuate Collection Set: 0.6ms
[18.010s][info][gc,phases     ] GC(1036)   Evacuate Collection Set: 1.0ms
[18.010s][info][gc,phases     ] GC(1036)   Post Evacuate Collection Set: 0.2ms
[18.010s][info][gc,phases     ] GC(1036)   Other: 0.3ms
[18.010s][info][gc,heap       ] GC(1036) Eden regions: 4->0(120)
[18.010s][info][gc,heap       ] GC(1036) Survivor regions: 1->1(15)
[18.010s][info][gc,heap       ] GC(1036) Old regions: 27->27
[18.010s][info][gc,heap       ] GC(1036) Humongous regions: 2386->2386
[18.010s][info][gc,metaspace  ] GC(1036) Metaspace: 9862K->9862K(1058816K)
[18.010s][info][gc            ] GC(1036) Pause Young (Concurrent Start) (G1 Humongous Allocation) 2416M->2412M(2420M) 2.237ms
[18.010s][info][gc,cpu        ] GC(1036) User=0.01s Sys=0.00s Real=0.00s
[18.010s][info][gc            ] GC(1037) Concurrent Cycle
[18.010s][info][gc,marking    ] GC(1037) Concurrent Clear Claimed Marks
[18.010s][info][gc,marking    ] GC(1037) Concurrent Clear Claimed Marks 0.016ms
[18.010s][info][gc,marking    ] GC(1037) Concurrent Scan Root Regions
[18.010s][info][gc,marking    ] GC(1037) Concurrent Scan Root Regions 0.087ms
[18.010s][info][gc,marking    ] GC(1037) Concurrent Mark (18.010s)
[18.010s][info][gc,marking    ] GC(1037) Concurrent Mark From Roots
[18.010s][info][gc,task       ] GC(1037) Using 2 workers of 2 for marking
[18.016s][info][gc,marking    ] GC(1037) Concurrent Mark From Roots 5.873ms
[18.016s][info][gc,marking    ] GC(1037) Concurrent Preclean
[18.016s][info][gc,marking    ] GC(1037) Concurrent Preclean 0.105ms
[18.016s][info][gc,marking    ] GC(1037) Concurrent Mark (18.010s, 18.016s) 6.041ms
[18.017s][info][gc,start      ] GC(1037) Pause Remark
[18.018s][info][gc,stringtable] GC(1037) Cleaned string and symbol table, strings: 4350 processed, 0 removed, symbols: 36588 processed, 0 removed
[18.018s][info][gc            ] GC(1037) Pause Remark 2415M->2415M(2422M) 1.613ms
[18.018s][info][gc,cpu        ] GC(1037) User=0.01s Sys=0.00s Real=0.00s
[18.018s][info][gc,marking    ] GC(1037) Concurrent Rebuild Remembered Sets
[18.024s][info][gc,marking    ] GC(1037) Concurrent Rebuild Remembered Sets 5.348ms
[18.025s][info][gc,start      ] GC(1037) Pause Cleanup
[18.025s][info][gc            ] GC(1037) Pause Cleanup 2418M->2418M(2424M) 0.295ms
[18.025s][info][gc,cpu        ] GC(1037) User=0.00s Sys=0.00s Real=0.00s
[18.025s][info][gc,marking    ] GC(1037) Concurrent Cleanup for Next Mark
[18.028s][info][gc,marking    ] GC(1037) Concurrent Cleanup for Next Mark 3.027ms
[18.028s][info][gc            ] GC(1037) Concurrent Cycle 17.804ms
[18.035s][info][gc,start      ] GC(1038) Pause Young (Concurrent Start) (G1 Humongous Allocation)
[18.035s][info][gc,task       ] GC(1038) Using 8 workers of 8 for evacuation
[18.036s][info][gc,phases     ] GC(1038)   Pre Evacuate Collection Set: 0.6ms
[18.036s][info][gc,phases     ] GC(1038)   Evacuate Collection Set: 0.6ms
[18.036s][info][gc,phases     ] GC(1038)   Post Evacuate Collection Set: 0.1ms
[18.036s][info][gc,phases     ] GC(1038)   Other: 0.3ms
[18.036s][info][gc,heap       ] GC(1038) Eden regions: 4->0(120)
[18.036s][info][gc,heap       ] GC(1038) Survivor regions: 1->1(16)
[18.036s][info][gc,heap       ] GC(1038) Old regions: 27->27
[18.036s][info][gc,heap       ] GC(1038) Humongous regions: 2390->2390
[18.036s][info][gc,metaspace  ] GC(1038) Metaspace: 9862K->9862K(1058816K)
[18.036s][info][gc            ] GC(1038) Pause Young (Concurrent Start) (G1 Humongous Allocation) 2420M->2416M(2424M) 1.638ms
[18.036s][info][gc,cpu        ] GC(1038) User=0.00s Sys=0.00s Real=0.00s
[18.036s][info][gc            ] GC(1039) Concurrent Cycle
[18.036s][info][gc,marking    ] GC(1039) Concurrent Clear Claimed Marks
[18.036s][info][gc,marking    ] GC(1039) Concurrent Clear Claimed Marks 0.012ms
[18.037s][info][gc,marking    ] GC(1039) Concurrent Scan Root Regions
[18.037s][info][gc,marking    ] GC(1039) Concurrent Scan Root Regions 0.053ms
[18.037s][info][gc,marking    ] GC(1039) Concurrent Mark (18.037s)
[18.037s][info][gc,marking    ] GC(1039) Concurrent Mark From Roots
[18.037s][info][gc,task       ] GC(1039) Using 2 workers of 2 for marking
[18.042s][info][gc,marking    ] GC(1039) Concurrent Mark From Roots 5.488ms
[18.042s][info][gc,marking    ] GC(1039) Concurrent Preclean
[18.042s][info][gc,marking    ] GC(1039) Concurrent Preclean 0.104ms
[18.042s][info][gc,marking    ] GC(1039) Concurrent Mark (18.037s, 18.042s) 5.667ms
[18.042s][info][gc,start      ] GC(1039) Pause Remark
[18.044s][info][gc,stringtable] GC(1039) Cleaned string and symbol table, strings: 4350 processed, 0 removed, symbols: 36588 processed, 0 removed
[18.044s][info][gc            ] GC(1039) Pause Remark 2419M->2419M(2426M) 1.709ms
[18.044s][info][gc,cpu        ] GC(1039) User=0.01s Sys=0.00s Real=0.00s
[18.044s][info][gc,marking    ] GC(1039) Concurrent Rebuild Remembered Sets
[18.050s][info][gc,marking    ] GC(1039) Concurrent Rebuild Remembered Sets 5.745ms
[18.051s][info][gc,start      ] GC(1039) Pause Cleanup
[18.051s][info][gc            ] GC(1039) Pause Cleanup 2422M->2422M(2428M) 0.343ms
[18.051s][info][gc,cpu        ] GC(1039) User=0.00s Sys=0.00s Real=0.01s
[18.051s][info][gc,marking    ] GC(1039) Concurrent Cleanup for Next Mark
[18.054s][info][gc,marking    ] GC(1039) Concurrent Cleanup for Next Mark 2.970ms
[18.054s][info][gc            ] GC(1039) Concurrent Cycle 17.803ms
[18.061s][info][gc,start      ] GC(1040) Pause Young (Concurrent Start) (G1 Humongous Allocation)
[18.061s][info][gc,task       ] GC(1040) Using 8 workers of 8 for evacuation
[18.063s][info][gc,phases     ] GC(1040)   Pre Evacuate Collection Set: 0.6ms
[18.063s][info][gc,phases     ] GC(1040)   Evacuate Collection Set: 0.6ms
[18.063s][info][gc,phases     ] GC(1040)   Post Evacuate Collection Set: 0.1ms
[18.063s][info][gc,phases     ] GC(1040)   Other: 0.3ms
[18.063s][info][gc,heap       ] GC(1040) Eden regions: 4->0(120)
[18.063s][info][gc,heap       ] GC(1040) Survivor regions: 1->1(16)
[18.063s][info][gc,heap       ] GC(1040) Old regions: 27->27
[18.063s][info][gc,heap       ] GC(1040) Humongous regions: 2394->2394
[18.063s][info][gc,metaspace  ] GC(1040) Metaspace: 9862K->9862K(1058816K)
[18.063s][info][gc            ] GC(1040) Pause Young (Concurrent Start) (G1 Humongous Allocation) 2424M->2420M(2428M) 1.608ms
[18.063s][info][gc,cpu        ] GC(1040) User=0.01s Sys=0.00s Real=0.01s
[18.063s][info][gc            ] GC(1041) Concurrent Cycle
[18.063s][info][gc,marking    ] GC(1041) Concurrent Clear Claimed Marks
[18.063s][info][gc,marking    ] GC(1041) Concurrent Clear Claimed Marks 0.012ms
[18.063s][info][gc,marking    ] GC(1041) Concurrent Scan Root Regions
[18.063s][info][gc,marking    ] GC(1041) Concurrent Scan Root Regions 0.053ms
[18.063s][info][gc,marking    ] GC(1041) Concurrent Mark (18.063s)
[18.063s][info][gc,marking    ] GC(1041) Concurrent Mark From Roots
[18.063s][info][gc,task       ] GC(1041) Using 2 workers of 2 for marking
[18.070s][info][gc,marking    ] GC(1041) Concurrent Mark From Roots 7.209ms
[18.070s][info][gc,marking    ] GC(1041) Concurrent Preclean
[18.070s][info][gc,marking    ] GC(1041) Concurrent Preclean 0.092ms
[18.070s][info][gc,marking    ] GC(1041) Concurrent Mark (18.063s, 18.070s) 7.361ms
[18.070s][info][gc,start      ] GC(1041) Pause Remark
[18.072s][info][gc,stringtable] GC(1041) Cleaned string and symbol table, strings: 4350 processed, 0 removed, symbols: 36588 processed, 0 removed
[18.072s][info][gc            ] GC(1041) Pause Remark 2424M->2424M(2430M) 2.047ms
[18.072s][info][gc,cpu        ] GC(1041) User=0.01s Sys=0.00s Real=0.01s
[18.072s][info][gc,marking    ] GC(1041) Concurrent Rebuild Remembered Sets
[18.079s][info][gc,marking    ] GC(1041) Concurrent Rebuild Remembered Sets 6.311ms
[18.079s][info][gc,start      ] GC(1041) Pause Cleanup
[18.079s][info][gc            ] GC(1041) Pause Cleanup 2427M->2427M(2432M) 0.336ms
[18.079s][info][gc,cpu        ] GC(1041) User=0.00s Sys=0.00s Real=0.00s
[18.079s][info][gc,marking    ] GC(1041) Concurrent Cleanup for Next Mark
[18.083s][info][gc,marking    ] GC(1041) Concurrent Cleanup for Next Mark 3.720ms
[18.083s][info][gc            ] GC(1041) Concurrent Cycle 20.439ms
[18.092s][info][gc,start      ] GC(1042) Pause Young (Concurrent Start) (G1 Humongous Allocation)
[18.092s][info][gc,task       ] GC(1042) Using 8 workers of 8 for evacuation
[18.095s][info][gc,phases     ] GC(1042)   Pre Evacuate Collection Set: 0.8ms
[18.095s][info][gc,phases     ] GC(1042)   Evacuate Collection Set: 1.4ms
[18.095s][info][gc,phases     ] GC(1042)   Post Evacuate Collection Set: 0.3ms
[18.095s][info][gc,phases     ] GC(1042)   Other: 0.4ms
[18.095s][info][gc,heap       ] GC(1042) Eden regions: 4->0(120)
[18.095s][info][gc,heap       ] GC(1042) Survivor regions: 1->1(16)
[18.095s][info][gc,heap       ] GC(1042) Old regions: 27->27
[18.095s][info][gc,heap       ] GC(1042) Humongous regions: 2398->2398
[18.095s][info][gc,metaspace  ] GC(1042) Metaspace: 9862K->9862K(1058816K)
[18.095s][info][gc            ] GC(1042) Pause Young (Concurrent Start) (G1 Humongous Allocation) 2428M->2424M(2432M) 3.086ms
[18.095s][info][gc,cpu        ] GC(1042) User=0.01s Sys=0.00s Real=0.00s
[18.095s][info][gc            ] GC(1043) Concurrent Cycle
[18.095s][info][gc,marking    ] GC(1043) Concurrent Clear Claimed Marks
[18.095s][info][gc,marking    ] GC(1043) Concurrent Clear Claimed Marks 0.032ms
[18.095s][info][gc,marking    ] GC(1043) Concurrent Scan Root Regions
[18.095s][info][gc,marking    ] GC(1043) Concurrent Scan Root Regions 0.096ms
[18.095s][info][gc,marking    ] GC(1043) Concurrent Mark (18.095s)
[18.095s][info][gc,marking    ] GC(1043) Concurrent Mark From Roots
[18.095s][info][gc,task       ] GC(1043) Using 2 workers of 2 for marking
[18.102s][info][gc,marking    ] GC(1043) Concurrent Mark From Roots 6.873ms
[18.102s][info][gc,marking    ] GC(1043) Concurrent Preclean
[18.102s][info][gc,marking    ] GC(1043) Concurrent Preclean 0.103ms
[18.102s][info][gc,marking    ] GC(1043) Concurrent Mark (18.095s, 18.102s) 7.039ms
[18.103s][info][gc,start      ] GC(1043) Pause Remark
[18.104s][info][gc,stringtable] GC(1043) Cleaned string and symbol table, strings: 4350 processed, 0 removed, symbols: 36588 processed, 0 removed
[18.104s][info][gc            ] GC(1043) Pause Remark 2428M->2428M(2434M) 1.617ms
[18.104s][info][gc,cpu        ] GC(1043) User=0.01s Sys=0.00s Real=0.00s
[18.104s][info][gc,marking    ] GC(1043) Concurrent Rebuild Remembered Sets
[18.111s][info][gc,marking    ] GC(1043) Concurrent Rebuild Remembered Sets 6.761ms
[18.111s][info][gc,start      ] GC(1043) Pause Cleanup
[18.112s][info][gc            ] GC(1043) Pause Cleanup 2430M->2430M(2436M) 0.408ms
[18.112s][info][gc,cpu        ] GC(1043) User=0.00s Sys=0.00s Real=0.00s
[18.112s][info][gc,marking    ] GC(1043) Concurrent Cleanup for Next Mark
[18.115s][info][gc,marking    ] GC(1043) Concurrent Cleanup for Next Mark 3.644ms
[18.115s][info][gc            ] GC(1043) Concurrent Cycle 20.236ms
[18.124s][info][gc,start      ] GC(1044) Pause Young (Concurrent Start) (G1 Humongous Allocation)
[18.124s][info][gc,task       ] GC(1044) Using 8 workers of 8 for evacuation
[18.127s][info][gc,phases     ] GC(1044)   Pre Evacuate Collection Set: 0.7ms
[18.127s][info][gc,phases     ] GC(1044)   Evacuate Collection Set: 2.4ms
[18.127s][info][gc,phases     ] GC(1044)   Post Evacuate Collection Set: 0.2ms
[18.127s][info][gc,phases     ] GC(1044)   Other: 0.4ms
[18.127s][info][gc,heap       ] GC(1044) Eden regions: 4->0(120)
[18.127s][info][gc,heap       ] GC(1044) Survivor regions: 1->1(16)
[18.127s][info][gc,heap       ] GC(1044) Old regions: 27->27
[18.127s][info][gc,heap       ] GC(1044) Humongous regions: 2402->2402
[18.127s][info][gc,metaspace  ] GC(1044) Metaspace: 9862K->9862K(1058816K)
[18.128s][info][gc            ] GC(1044) Pause Young (Concurrent Start) (G1 Humongous Allocation) 2432M->2428M(2436M) 3.822ms
[18.128s][info][gc,cpu        ] GC(1044) User=0.00s Sys=0.00s Real=0.00s
[18.128s][info][gc            ] GC(1045) Concurrent Cycle
[18.128s][info][gc,marking    ] GC(1045) Concurrent Clear Claimed Marks
[18.128s][info][gc,marking    ] GC(1045) Concurrent Clear Claimed Marks 0.020ms
[18.128s][info][gc,marking    ] GC(1045) Concurrent Scan Root Regions
[18.128s][info][gc,marking    ] GC(1045) Concurrent Scan Root Regions 0.083ms
[18.128s][info][gc,marking    ] GC(1045) Concurrent Mark (18.128s)
[18.128s][info][gc,marking    ] GC(1045) Concurrent Mark From Roots
[18.128s][info][gc,task       ] GC(1045) Using 2 workers of 2 for marking
[18.135s][info][gc,marking    ] GC(1045) Concurrent Mark From Roots 7.345ms
[18.135s][info][gc,marking    ] GC(1045) Concurrent Preclean
[18.135s][info][gc,marking    ] GC(1045) Concurrent Preclean 0.092ms
[18.135s][info][gc,marking    ] GC(1045) Concurrent Mark (18.128s, 18.135s) 7.499ms
[18.135s][info][gc,start      ] GC(1045) Pause Remark
[18.136s][info][gc,stringtable] GC(1045) Cleaned string and symbol table, strings: 4350 processed, 0 removed, symbols: 36588 processed, 0 removed
[18.137s][info][gc            ] GC(1045) Pause Remark 2431M->2431M(2438M) 1.337ms
[18.137s][info][gc,cpu        ] GC(1045) User=0.01s Sys=0.00s Real=0.00s
[18.137s][info][gc,marking    ] GC(1045) Concurrent Rebuild Remembered Sets
[18.143s][info][gc,marking    ] GC(1045) Concurrent Rebuild Remembered Sets 5.994ms
[18.144s][info][gc,start      ] GC(1045) Pause Cleanup
[18.144s][info][gc            ] GC(1045) Pause Cleanup 2434M->2434M(2440M) 0.367ms
[18.144s][info][gc,cpu        ] GC(1045) User=0.00s Sys=0.00s Real=0.00s
[18.144s][info][gc,marking    ] GC(1045) Concurrent Cleanup for Next Mark
[18.148s][info][gc,marking    ] GC(1045) Concurrent Cleanup for Next Mark 3.316ms
[18.148s][info][gc            ] GC(1045) Concurrent Cycle 20.046ms
[18.156s][info][gc,start      ] GC(1046) Pause Young (Concurrent Start) (G1 Humongous Allocation)
[18.156s][info][gc,task       ] GC(1046) Using 8 workers of 8 for evacuation
[18.159s][info][gc,phases     ] GC(1046)   Pre Evacuate Collection Set: 0.9ms
[18.159s][info][gc,phases     ] GC(1046)   Evacuate Collection Set: 1.7ms
[18.159s][info][gc,phases     ] GC(1046)   Post Evacuate Collection Set: 0.2ms
[18.159s][info][gc,phases     ] GC(1046)   Other: 0.4ms
[18.159s][info][gc,heap       ] GC(1046) Eden regions: 4->0(121)
[18.159s][info][gc,heap       ] GC(1046) Survivor regions: 1->1(16)
[18.159s][info][gc,heap       ] GC(1046) Old regions: 27->27
[18.159s][info][gc,heap       ] GC(1046) Humongous regions: 2406->2406
[18.159s][info][gc,metaspace  ] GC(1046) Metaspace: 9862K->9862K(1058816K)
[18.159s][info][gc            ] GC(1046) Pause Young (Concurrent Start) (G1 Humongous Allocation) 2436M->2432M(2440M) 3.298ms
[18.159s][info][gc,cpu        ] GC(1046) User=0.01s Sys=0.00s Real=0.00s
[18.159s][info][gc            ] GC(1047) Concurrent Cycle
[18.159s][info][gc,marking    ] GC(1047) Concurrent Clear Claimed Marks
[18.159s][info][gc,marking    ] GC(1047) Concurrent Clear Claimed Marks 0.016ms
[18.159s][info][gc,marking    ] GC(1047) Concurrent Scan Root Regions
[18.159s][info][gc,marking    ] GC(1047) Concurrent Scan Root Regions 0.096ms
[18.159s][info][gc,marking    ] GC(1047) Concurrent Mark (18.159s)
[18.159s][info][gc,marking    ] GC(1047) Concurrent Mark From Roots
[18.159s][info][gc,task       ] GC(1047) Using 2 workers of 2 for marking
[18.168s][info][gc,marking    ] GC(1047) Concurrent Mark From Roots 8.421ms
[18.168s][info][gc,marking    ] GC(1047) Concurrent Preclean
[18.168s][info][gc,marking    ] GC(1047) Concurrent Preclean 0.305ms
[18.168s][info][gc,marking    ] GC(1047) Concurrent Mark (18.159s, 18.168s) 8.864ms
[18.168s][info][gc,start      ] GC(1047) Pause Remark
[18.170s][info][gc,stringtable] GC(1047) Cleaned string and symbol table, strings: 4350 processed, 0 removed, symbols: 36588 processed, 0 removed
[18.170s][info][gc            ] GC(1047) Pause Remark 2436M->2436M(2442M) 1.921ms
[18.170s][info][gc,cpu        ] GC(1047) User=0.00s Sys=0.00s Real=0.00s
[18.170s][info][gc,marking    ] GC(1047) Concurrent Rebuild Remembered Sets
[18.176s][info][gc,marking    ] GC(1047) Concurrent Rebuild Remembered Sets 5.555ms
[18.176s][info][gc,start      ] GC(1047) Pause Cleanup
[18.177s][info][gc            ] GC(1047) Pause Cleanup 2439M->2439M(2444M) 0.466ms
[18.177s][info][gc,cpu        ] GC(1047) User=0.00s Sys=0.00s Real=0.00s
[18.177s][info][gc,marking    ] GC(1047) Concurrent Cleanup for Next Mark
[18.180s][info][gc,marking    ] GC(1047) Concurrent Cleanup for Next Mark 3.717ms
[18.180s][info][gc            ] GC(1047) Concurrent Cycle 21.417ms
[18.188s][info][gc,start      ] GC(1048) Pause Young (Concurrent Start) (G1 Humongous Allocation)
[18.188s][info][gc,task       ] GC(1048) Using 8 workers of 8 for evacuation
[18.190s][info][gc,phases     ] GC(1048)   Pre Evacuate Collection Set: 0.7ms
[18.190s][info][gc,phases     ] GC(1048)   Evacuate Collection Set: 0.6ms
[18.190s][info][gc,phases     ] GC(1048)   Post Evacuate Collection Set: 0.1ms
[18.190s][info][gc,phases     ] GC(1048)   Other: 0.4ms
[18.190s][info][gc,heap       ] GC(1048) Eden regions: 4->0(121)
[18.190s][info][gc,heap       ] GC(1048) Survivor regions: 1->1(16)
[18.190s][info][gc,heap       ] GC(1048) Old regions: 27->27
[18.190s][info][gc,heap       ] GC(1048) Humongous regions: 2410->2410
[18.190s][info][gc,metaspace  ] GC(1048) Metaspace: 9862K->9862K(1058816K)
[18.190s][info][gc            ] GC(1048) Pause Young (Concurrent Start) (G1 Humongous Allocation) 2440M->2436M(2444M) 2.037ms
[18.190s][info][gc,cpu        ] GC(1048) User=0.00s Sys=0.00s Real=0.00s
[18.190s][info][gc            ] GC(1049) Concurrent Cycle
[18.190s][info][gc,marking    ] GC(1049) Concurrent Clear Claimed Marks
[18.190s][info][gc,marking    ] GC(1049) Concurrent Clear Claimed Marks 0.016ms
[18.190s][info][gc,marking    ] GC(1049) Concurrent Scan Root Regions
[18.190s][info][gc,marking    ] GC(1049) Concurrent Scan Root Regions 0.071ms
[18.190s][info][gc,marking    ] GC(1049) Concurrent Mark (18.190s)
[18.190s][info][gc,marking    ] GC(1049) Concurrent Mark From Roots
[18.190s][info][gc,task       ] GC(1049) Using 2 workers of 2 for marking
[18.196s][info][gc,marking    ] GC(1049) Concurrent Mark From Roots 6.388ms
[18.196s][info][gc,marking    ] GC(1049) Concurrent Preclean
[18.197s][info][gc,marking    ] GC(1049) Concurrent Preclean 0.081ms
[18.197s][info][gc,marking    ] GC(1049) Concurrent Mark (18.190s, 18.197s) 6.530ms
[18.197s][info][gc,start      ] GC(1049) Pause Remark
[18.197s][info][gc,stringtable] GC(1049) Cleaned string and symbol table, strings: 4350 processed, 0 removed, symbols: 36588 processed, 0 removed
[18.198s][info][gc            ] GC(1049) Pause Remark 2440M->2440M(2446M) 0.977ms
[18.198s][info][gc,cpu        ] GC(1049) User=0.01s Sys=0.00s Real=0.00s
[18.198s][info][gc,marking    ] GC(1049) Concurrent Rebuild Remembered Sets
[18.203s][info][gc,marking    ] GC(1049) Concurrent Rebuild Remembered Sets 5.579ms
[18.204s][info][gc,start      ] GC(1049) Pause Cleanup
[18.204s][info][gc            ] GC(1049) Pause Cleanup 2442M->2442M(2448M) 0.278ms
[18.204s][info][gc,cpu        ] GC(1049) User=0.00s Sys=0.00s Real=0.00s
[18.204s][info][gc,marking    ] GC(1049) Concurrent Cleanup for Next Mark
[18.207s][info][gc,marking    ] GC(1049) Concurrent Cleanup for Next Mark 3.118ms
[18.207s][info][gc            ] GC(1049) Concurrent Cycle 17.310ms
[18.214s][info][gc,start      ] GC(1050) Pause Young (Concurrent Start) (G1 Humongous Allocation)
[18.214s][info][gc,task       ] GC(1050) Using 8 workers of 8 for evacuation
[18.216s][info][gc,phases     ] GC(1050)   Pre Evacuate Collection Set: 0.6ms
[18.216s][info][gc,phases     ] GC(1050)   Evacuate Collection Set: 0.5ms
[18.216s][info][gc,phases     ] GC(1050)   Post Evacuate Collection Set: 0.1ms
[18.216s][info][gc,phases     ] GC(1050)   Other: 0.3ms
[18.216s][info][gc,heap       ] GC(1050) Eden regions: 4->0(121)
[18.216s][info][gc,heap       ] GC(1050) Survivor regions: 1->1(16)
[18.216s][info][gc,heap       ] GC(1050) Old regions: 27->27
[18.216s][info][gc,heap       ] GC(1050) Humongous regions: 2414->2414
[18.216s][info][gc,metaspace  ] GC(1050) Metaspace: 9862K->9862K(1058816K)
[18.216s][info][gc            ] GC(1050) Pause Young (Concurrent Start) (G1 Humongous Allocation) 2444M->2440M(2448M) 1.521ms
[18.216s][info][gc,cpu        ] GC(1050) User=0.00s Sys=0.00s Real=0.00s
[18.216s][info][gc            ] GC(1051) Concurrent Cycle
[18.216s][info][gc,marking    ] GC(1051) Concurrent Clear Claimed Marks
[18.216s][info][gc,marking    ] GC(1051) Concurrent Clear Claimed Marks 0.012ms
[18.216s][info][gc,marking    ] GC(1051) Concurrent Scan Root Regions
[18.216s][info][gc,marking    ] GC(1051) Concurrent Scan Root Regions 0.066ms
[18.216s][info][gc,marking    ] GC(1051) Concurrent Mark (18.216s)
[18.216s][info][gc,marking    ] GC(1051) Concurrent Mark From Roots
[18.216s][info][gc,task       ] GC(1051) Using 2 workers of 2 for marking
[18.222s][info][gc,marking    ] GC(1051) Concurrent Mark From Roots 5.957ms
[18.222s][info][gc,marking    ] GC(1051) Concurrent Preclean
[18.222s][info][gc,marking    ] GC(1051) Concurrent Preclean 0.081ms
[18.222s][info][gc,marking    ] GC(1051) Concurrent Mark (18.216s, 18.222s) 6.101ms
[18.222s][info][gc,start      ] GC(1051) Pause Remark
[18.223s][info][gc,stringtable] GC(1051) Cleaned string and symbol table, strings: 4350 processed, 0 removed, symbols: 36588 processed, 0 removed
[18.223s][info][gc            ] GC(1051) Pause Remark 2444M->2444M(2450M) 0.995ms
[18.223s][info][gc,cpu        ] GC(1051) User=0.01s Sys=0.00s Real=0.00s
[18.223s][info][gc,marking    ] GC(1051) Concurrent Rebuild Remembered Sets
[18.229s][info][gc,marking    ] GC(1051) Concurrent Rebuild Remembered Sets 5.679ms
[18.229s][info][gc,start      ] GC(1051) Pause Cleanup
[18.230s][info][gc            ] GC(1051) Pause Cleanup 2446M->2446M(2452M) 0.288ms
[18.230s][info][gc,cpu        ] GC(1051) User=0.00s Sys=0.00s Real=0.00s
[18.230s][info][gc,marking    ] GC(1051) Concurrent Cleanup for Next Mark
[18.233s][info][gc,marking    ] GC(1051) Concurrent Cleanup for Next Mark 3.112ms
[18.233s][info][gc            ] GC(1051) Concurrent Cycle 17.107ms
[18.240s][info][gc,start      ] GC(1052) Pause Young (Concurrent Start) (G1 Humongous Allocation)
[18.240s][info][gc,task       ] GC(1052) Using 8 workers of 8 for evacuation
[18.241s][info][gc,phases     ] GC(1052)   Pre Evacuate Collection Set: 0.6ms
[18.241s][info][gc,phases     ] GC(1052)   Evacuate Collection Set: 0.5ms
[18.241s][info][gc,phases     ] GC(1052)   Post Evacuate Collection Set: 0.1ms
[18.241s][info][gc,phases     ] GC(1052)   Other: 0.3ms
[18.241s][info][gc,heap       ] GC(1052) Eden regions: 4->0(121)
[18.241s][info][gc,heap       ] GC(1052) Survivor regions: 1->1(16)
[18.241s][info][gc,heap       ] GC(1052) Old regions: 27->27
[18.241s][info][gc,heap       ] GC(1052) Humongous regions: 2418->2418
[18.241s][info][gc,metaspace  ] GC(1052) Metaspace: 9862K->9862K(1058816K)
[18.241s][info][gc            ] GC(1052) Pause Young (Concurrent Start) (G1 Humongous Allocation) 2448M->2444M(2452M) 1.552ms
[18.241s][info][gc,cpu        ] GC(1052) User=0.00s Sys=0.00s Real=0.01s
[18.241s][info][gc            ] GC(1053) Concurrent Cycle
[18.241s][info][gc,marking    ] GC(1053) Concurrent Clear Claimed Marks
[18.241s][info][gc,marking    ] GC(1053) Concurrent Clear Claimed Marks 0.013ms
[18.241s][info][gc,marking    ] GC(1053) Concurrent Scan Root Regions
[18.241s][info][gc,marking    ] GC(1053) Concurrent Scan Root Regions 0.064ms
[18.241s][info][gc,marking    ] GC(1053) Concurrent Mark (18.241s)
[18.241s][info][gc,marking    ] GC(1053) Concurrent Mark From Roots
[18.241s][info][gc,task       ] GC(1053) Using 2 workers of 2 for marking
[18.248s][info][gc,marking    ] GC(1053) Concurrent Mark From Roots 6.164ms
[18.248s][info][gc,marking    ] GC(1053) Concurrent Preclean
[18.248s][info][gc,marking    ] GC(1053) Concurrent Preclean 0.083ms
[18.248s][info][gc,marking    ] GC(1053) Concurrent Mark (18.241s, 18.248s) 6.314ms
[18.248s][info][gc,start      ] GC(1053) Pause Remark
[18.248s][info][gc,stringtable] GC(1053) Cleaned string and symbol table, strings: 4350 processed, 0 removed, symbols: 36588 processed, 0 removed
[18.249s][info][gc            ] GC(1053) Pause Remark 2448M->2448M(2454M) 0.971ms
[18.249s][info][gc,cpu        ] GC(1053) User=0.01s Sys=0.00s Real=0.00s
[18.249s][info][gc,marking    ] GC(1053) Concurrent Rebuild Remembered Sets
[18.254s][info][gc,marking    ] GC(1053) Concurrent Rebuild Remembered Sets 5.511ms
[18.255s][info][gc,start      ] GC(1053) Pause Cleanup
[18.255s][info][gc            ] GC(1053) Pause Cleanup 2450M->2450M(2456M) 0.261ms
[18.255s][info][gc,cpu        ] GC(1053) User=0.00s Sys=0.00s Real=0.00s
[18.255s][info][gc,marking    ] GC(1053) Concurrent Cleanup for Next Mark
[18.259s][info][gc,marking    ] GC(1053) Concurrent Cleanup for Next Mark 3.128ms
[18.259s][info][gc            ] GC(1053) Concurrent Cycle 17.276ms
[18.266s][info][gc,start      ] GC(1054) Pause Young (Concurrent Start) (G1 Humongous Allocation)
[18.266s][info][gc,task       ] GC(1054) Using 8 workers of 8 for evacuation
[18.267s][info][gc,phases     ] GC(1054)   Pre Evacuate Collection Set: 0.6ms
[18.267s][info][gc,phases     ] GC(1054)   Evacuate Collection Set: 0.8ms
[18.267s][info][gc,phases     ] GC(1054)   Post Evacuate Collection Set: 0.1ms
[18.267s][info][gc,phases     ] GC(1054)   Other: 0.3ms
[18.267s][info][gc,heap       ] GC(1054) Eden regions: 4->0(121)
[18.267s][info][gc,heap       ] GC(1054) Survivor regions: 1->1(16)
[18.267s][info][gc,heap       ] GC(1054) Old regions: 27->27
[18.267s][info][gc,heap       ] GC(1054) Humongous regions: 2422->2422
[18.267s][info][gc,metaspace  ] GC(1054) Metaspace: 9862K->9862K(1058816K)
[18.267s][info][gc            ] GC(1054) Pause Young (Concurrent Start) (G1 Humongous Allocation) 2452M->2448M(2456M) 1.886ms
[18.267s][info][gc,cpu        ] GC(1054) User=0.01s Sys=0.01s Real=0.00s
[18.267s][info][gc            ] GC(1055) Concurrent Cycle
[18.267s][info][gc,marking    ] GC(1055) Concurrent Clear Claimed Marks
[18.267s][info][gc,marking    ] GC(1055) Concurrent Clear Claimed Marks 0.012ms
[18.267s][info][gc,marking    ] GC(1055) Concurrent Scan Root Regions
[18.268s][info][gc,marking    ] GC(1055) Concurrent Scan Root Regions 0.053ms
[18.268s][info][gc,marking    ] GC(1055) Concurrent Mark (18.268s)
[18.268s][info][gc,marking    ] GC(1055) Concurrent Mark From Roots
[18.268s][info][gc,task       ] GC(1055) Using 2 workers of 2 for marking
[18.274s][info][gc,marking    ] GC(1055) Concurrent Mark From Roots 6.281ms
[18.274s][info][gc,marking    ] GC(1055) Concurrent Preclean
[18.274s][info][gc,marking    ] GC(1055) Concurrent Preclean 0.086ms
[18.274s][info][gc,marking    ] GC(1055) Concurrent Mark (18.268s, 18.274s) 6.429ms
[18.274s][info][gc,start      ] GC(1055) Pause Remark
[18.275s][info][gc,stringtable] GC(1055) Cleaned string and symbol table, strings: 4350 processed, 0 removed, symbols: 36588 processed, 0 removed
[18.275s][info][gc            ] GC(1055) Pause Remark 2451M->2451M(2458M) 0.961ms
[18.275s][info][gc,cpu        ] GC(1055) User=0.01s Sys=0.00s Real=0.00s
[18.275s][info][gc,marking    ] GC(1055) Concurrent Rebuild Remembered Sets
[18.281s][info][gc,marking    ] GC(1055) Concurrent Rebuild Remembered Sets 6.247ms
[18.282s][info][gc,start      ] GC(1055) Pause Cleanup
[18.282s][info][gc            ] GC(1055) Pause Cleanup 2454M->2454M(2460M) 0.316ms
[18.282s][info][gc,cpu        ] GC(1055) User=0.00s Sys=0.00s Real=0.00s
[18.282s][info][gc,marking    ] GC(1055) Concurrent Cleanup for Next Mark
[18.285s][info][gc,marking    ] GC(1055) Concurrent Cleanup for Next Mark 2.957ms
[18.285s][info][gc            ] GC(1055) Concurrent Cycle 17.833ms
[18.292s][info][gc,start      ] GC(1056) Pause Young (Concurrent Start) (G1 Humongous Allocation)
[18.292s][info][gc,task       ] GC(1056) Using 8 workers of 8 for evacuation
[18.293s][info][gc,phases     ] GC(1056)   Pre Evacuate Collection Set: 0.5ms
[18.293s][info][gc,phases     ] GC(1056)   Evacuate Collection Set: 0.5ms
[18.293s][info][gc,phases     ] GC(1056)   Post Evacuate Collection Set: 0.1ms
[18.293s][info][gc,phases     ] GC(1056)   Other: 0.3ms
[18.293s][info][gc,heap       ] GC(1056) Eden regions: 4->0(122)
[18.293s][info][gc,heap       ] GC(1056) Survivor regions: 1->1(16)
[18.293s][info][gc,heap       ] GC(1056) Old regions: 27->27
[18.293s][info][gc,heap       ] GC(1056) Humongous regions: 2426->2426
[18.293s][info][gc,metaspace  ] GC(1056) Metaspace: 9862K->9862K(1058816K)
[18.293s][info][gc            ] GC(1056) Pause Young (Concurrent Start) (G1 Humongous Allocation) 2456M->2452M(2460M) 1.606ms
[18.293s][info][gc,cpu        ] GC(1056) User=0.01s Sys=0.00s Real=0.00s
[18.293s][info][gc            ] GC(1057) Concurrent Cycle
[18.294s][info][gc,marking    ] GC(1057) Concurrent Clear Claimed Marks
[18.294s][info][gc,marking    ] GC(1057) Concurrent Clear Claimed Marks 0.032ms
[18.294s][info][gc,marking    ] GC(1057) Concurrent Scan Root Regions
[18.294s][info][gc,marking    ] GC(1057) Concurrent Scan Root Regions 0.095ms
[18.294s][info][gc,marking    ] GC(1057) Concurrent Mark (18.294s)
[18.294s][info][gc,marking    ] GC(1057) Concurrent Mark From Roots
[18.294s][info][gc,task       ] GC(1057) Using 2 workers of 2 for marking
[18.299s][info][gc,marking    ] GC(1057) Concurrent Mark From Roots 5.393ms
[18.299s][info][gc,marking    ] GC(1057) Concurrent Preclean
[18.299s][info][gc,marking    ] GC(1057) Concurrent Preclean 0.135ms
[18.299s][info][gc,marking    ] GC(1057) Concurrent Mark (18.294s, 18.299s) 5.616ms
[18.299s][info][gc,start      ] GC(1057) Pause Remark
[18.301s][info][gc,stringtable] GC(1057) Cleaned string and symbol table, strings: 4350 processed, 0 removed, symbols: 36588 processed, 0 removed
[18.301s][info][gc            ] GC(1057) Pause Remark 2455M->2455M(2462M) 1.805ms
[18.301s][info][gc,cpu        ] GC(1057) User=0.01s Sys=0.00s Real=0.01s
[18.301s][info][gc,marking    ] GC(1057) Concurrent Rebuild Remembered Sets
[18.306s][info][gc,marking    ] GC(1057) Concurrent Rebuild Remembered Sets 5.015ms
[18.307s][info][gc,start      ] GC(1057) Pause Cleanup
[18.308s][info][gc            ] GC(1057) Pause Cleanup 2458M->2458M(2464M) 0.333ms
[18.308s][info][gc,cpu        ] GC(1057) User=0.00s Sys=0.00s Real=0.00s
[18.308s][info][gc,marking    ] GC(1057) Concurrent Cleanup for Next Mark
[18.311s][info][gc,marking    ] GC(1057) Concurrent Cleanup for Next Mark 3.644ms
[18.311s][info][gc            ] GC(1057) Concurrent Cycle 17.886ms
[18.318s][info][gc,start      ] GC(1058) Pause Young (Concurrent Start) (G1 Humongous Allocation)
[18.318s][info][gc,task       ] GC(1058) Using 8 workers of 8 for evacuation
[18.320s][info][gc,phases     ] GC(1058)   Pre Evacuate Collection Set: 0.6ms
[18.320s][info][gc,phases     ] GC(1058)   Evacuate Collection Set: 0.6ms
[18.320s][info][gc,phases     ] GC(1058)   Post Evacuate Collection Set: 0.2ms
[18.320s][info][gc,phases     ] GC(1058)   Other: 0.3ms
[18.320s][info][gc,heap       ] GC(1058) Eden regions: 4->0(122)
[18.320s][info][gc,heap       ] GC(1058) Survivor regions: 1->1(16)
[18.320s][info][gc,heap       ] GC(1058) Old regions: 27->27
[18.320s][info][gc,heap       ] GC(1058) Humongous regions: 2430->2430
[18.320s][info][gc,metaspace  ] GC(1058) Metaspace: 9862K->9862K(1058816K)
[18.320s][info][gc            ] GC(1058) Pause Young (Concurrent Start) (G1 Humongous Allocation) 2460M->2456M(2464M) 1.703ms
[18.320s][info][gc,cpu        ] GC(1058) User=0.00s Sys=0.00s Real=0.00s
[18.320s][info][gc            ] GC(1059) Concurrent Cycle
[18.320s][info][gc,marking    ] GC(1059) Concurrent Clear Claimed Marks
[18.320s][info][gc,marking    ] GC(1059) Concurrent Clear Claimed Marks 0.032ms
[18.320s][info][gc,marking    ] GC(1059) Concurrent Scan Root Regions
[18.320s][info][gc,marking    ] GC(1059) Concurrent Scan Root Regions 0.083ms
[18.320s][info][gc,marking    ] GC(1059) Concurrent Mark (18.320s)
[18.320s][info][gc,marking    ] GC(1059) Concurrent Mark From Roots
[18.320s][info][gc,task       ] GC(1059) Using 2 workers of 2 for marking
[18.326s][info][gc,marking    ] GC(1059) Concurrent Mark From Roots 5.426ms
[18.326s][info][gc,marking    ] GC(1059) Concurrent Preclean
[18.326s][info][gc,marking    ] GC(1059) Concurrent Preclean 0.069ms
[18.326s][info][gc,marking    ] GC(1059) Concurrent Mark (18.320s, 18.326s) 5.539ms
[18.326s][info][gc,start      ] GC(1059) Pause Remark
[18.327s][info][gc,stringtable] GC(1059) Cleaned string and symbol table, strings: 4350 processed, 0 removed, symbols: 36588 processed, 0 removed
[18.328s][info][gc            ] GC(1059) Pause Remark 2460M->2460M(2466M) 1.847ms
[18.328s][info][gc,cpu        ] GC(1059) User=0.00s Sys=0.00s Real=0.00s
[18.328s][info][gc,marking    ] GC(1059) Concurrent Rebuild Remembered Sets
[18.333s][info][gc,marking    ] GC(1059) Concurrent Rebuild Remembered Sets 5.076ms
[18.334s][info][gc,start      ] GC(1059) Pause Cleanup
[18.334s][info][gc            ] GC(1059) Pause Cleanup 2462M->2462M(2468M) 0.384ms
[18.334s][info][gc,cpu        ] GC(1059) User=0.00s Sys=0.00s Real=0.00s
[18.334s][info][gc,marking    ] GC(1059) Concurrent Cleanup for Next Mark
[18.337s][info][gc,marking    ] GC(1059) Concurrent Cleanup for Next Mark 3.028ms
[18.337s][info][gc            ] GC(1059) Concurrent Cycle 17.097ms
[18.344s][info][gc,start      ] GC(1060) Pause Young (Concurrent Start) (G1 Humongous Allocation)
[18.344s][info][gc,task       ] GC(1060) Using 8 workers of 8 for evacuation
[18.345s][info][gc,phases     ] GC(1060)   Pre Evacuate Collection Set: 0.5ms
[18.345s][info][gc,phases     ] GC(1060)   Evacuate Collection Set: 0.6ms
[18.345s][info][gc,phases     ] GC(1060)   Post Evacuate Collection Set: 0.2ms
[18.345s][info][gc,phases     ] GC(1060)   Other: 0.2ms
[18.345s][info][gc,heap       ] GC(1060) Eden regions: 4->0(122)
[18.345s][info][gc,heap       ] GC(1060) Survivor regions: 1->1(16)
[18.345s][info][gc,heap       ] GC(1060) Old regions: 27->27
[18.345s][info][gc,heap       ] GC(1060) Humongous regions: 2434->2434
[18.345s][info][gc,metaspace  ] GC(1060) Metaspace: 9862K->9862K(1058816K)
[18.345s][info][gc            ] GC(1060) Pause Young (Concurrent Start) (G1 Humongous Allocation) 2464M->2460M(2468M) 1.589ms
[18.345s][info][gc,cpu        ] GC(1060) User=0.00s Sys=0.00s Real=0.00s
[18.345s][info][gc            ] GC(1061) Concurrent Cycle
[18.345s][info][gc,marking    ] GC(1061) Concurrent Clear Claimed Marks
[18.345s][info][gc,marking    ] GC(1061) Concurrent Clear Claimed Marks 0.009ms
[18.345s][info][gc,marking    ] GC(1061) Concurrent Scan Root Regions
[18.345s][info][gc,marking    ] GC(1061) Concurrent Scan Root Regions 0.086ms
[18.345s][info][gc,marking    ] GC(1061) Concurrent Mark (18.345s)
[18.345s][info][gc,marking    ] GC(1061) Concurrent Mark From Roots
[18.345s][info][gc,task       ] GC(1061) Using 2 workers of 2 for marking
[18.351s][info][gc,marking    ] GC(1061) Concurrent Mark From Roots 5.302ms
[18.351s][info][gc,marking    ] GC(1061) Concurrent Preclean
[18.351s][info][gc,marking    ] GC(1061) Concurrent Preclean 0.070ms
[18.351s][info][gc,marking    ] GC(1061) Concurrent Mark (18.345s, 18.351s) 5.427ms
[18.351s][info][gc,start      ] GC(1061) Pause Remark
[18.352s][info][gc,stringtable] GC(1061) Cleaned string and symbol table, strings: 4350 processed, 0 removed, symbols: 36588 processed, 0 removed
[18.353s][info][gc            ] GC(1061) Pause Remark 2463M->2463M(2470M) 1.808ms
[18.353s][info][gc,cpu        ] GC(1061) User=0.01s Sys=0.01s Real=0.01s
[18.353s][info][gc,marking    ] GC(1061) Concurrent Rebuild Remembered Sets
[18.358s][info][gc,marking    ] GC(1061) Concurrent Rebuild Remembered Sets 5.007ms
[18.359s][info][gc,start      ] GC(1061) Pause Cleanup
[18.359s][info][gc            ] GC(1061) Pause Cleanup 2466M->2466M(2472M) 0.298ms
[18.359s][info][gc,cpu        ] GC(1061) User=0.00s Sys=0.00s Real=0.00s
[18.359s][info][gc,marking    ] GC(1061) Concurrent Cleanup for Next Mark
[18.363s][info][gc,marking    ] GC(1061) Concurrent Cleanup for Next Mark 3.396ms
[18.363s][info][gc            ] GC(1061) Concurrent Cycle 17.459ms
[18.369s][info][gc,start      ] GC(1062) Pause Young (Concurrent Start) (G1 Humongous Allocation)
[18.369s][info][gc,task       ] GC(1062) Using 8 workers of 8 for evacuation
[18.371s][info][gc,phases     ] GC(1062)   Pre Evacuate Collection Set: 0.6ms
[18.371s][info][gc,phases     ] GC(1062)   Evacuate Collection Set: 1.1ms
[18.371s][info][gc,phases     ] GC(1062)   Post Evacuate Collection Set: 0.2ms
[18.371s][info][gc,phases     ] GC(1062)   Other: 0.3ms
[18.371s][info][gc,heap       ] GC(1062) Eden regions: 4->0(122)
[18.371s][info][gc,heap       ] GC(1062) Survivor regions: 1->1(16)
[18.371s][info][gc,heap       ] GC(1062) Old regions: 27->27
[18.371s][info][gc,heap       ] GC(1062) Humongous regions: 2438->2438
[18.371s][info][gc,metaspace  ] GC(1062) Metaspace: 9862K->9862K(1058816K)
[18.371s][info][gc            ] GC(1062) Pause Young (Concurrent Start) (G1 Humongous Allocation) 2468M->2464M(2472M) 2.333ms
[18.371s][info][gc,cpu        ] GC(1062) User=0.00s Sys=0.00s Real=0.01s
[18.371s][info][gc            ] GC(1063) Concurrent Cycle
[18.372s][info][gc,marking    ] GC(1063) Concurrent Clear Claimed Marks
[18.372s][info][gc,marking    ] GC(1063) Concurrent Clear Claimed Marks 0.013ms
[18.372s][info][gc,marking    ] GC(1063) Concurrent Scan Root Regions
[18.372s][info][gc,marking    ] GC(1063) Concurrent Scan Root Regions 0.068ms
[18.372s][info][gc,marking    ] GC(1063) Concurrent Mark (18.372s)
[18.372s][info][gc,marking    ] GC(1063) Concurrent Mark From Roots
[18.372s][info][gc,task       ] GC(1063) Using 2 workers of 2 for marking
[18.379s][info][gc,marking    ] GC(1063) Concurrent Mark From Roots 7.157ms
[18.379s][info][gc,marking    ] GC(1063) Concurrent Preclean
[18.379s][info][gc,marking    ] GC(1063) Concurrent Preclean 0.092ms
[18.379s][info][gc,marking    ] GC(1063) Concurrent Mark (18.372s, 18.379s) 7.320ms
[18.379s][info][gc,start      ] GC(1063) Pause Remark
[18.381s][info][gc,stringtable] GC(1063) Cleaned string and symbol table, strings: 4350 processed, 0 removed, symbols: 36588 processed, 0 removed
[18.381s][info][gc            ] GC(1063) Pause Remark 2468M->2468M(2474M) 1.805ms
[18.381s][info][gc,cpu        ] GC(1063) User=0.01s Sys=0.00s Real=0.00s
[18.381s][info][gc,marking    ] GC(1063) Concurrent Rebuild Remembered Sets
[18.386s][info][gc,marking    ] GC(1063) Concurrent Rebuild Remembered Sets 4.990ms
[18.387s][info][gc,start      ] GC(1063) Pause Cleanup
[18.387s][info][gc            ] GC(1063) Pause Cleanup 2470M->2470M(2476M) 0.221ms
[18.387s][info][gc,cpu        ] GC(1063) User=0.00s Sys=0.00s Real=0.00s
[18.387s][info][gc,marking    ] GC(1063) Concurrent Cleanup for Next Mark
[18.390s][info][gc,marking    ] GC(1063) Concurrent Cleanup for Next Mark 2.987ms
[18.390s][info][gc            ] GC(1063) Concurrent Cycle 18.558ms
[18.397s][info][gc,start      ] GC(1064) Pause Young (Concurrent Start) (G1 Humongous Allocation)
[18.397s][info][gc,task       ] GC(1064) Using 8 workers of 8 for evacuation
[18.398s][info][gc,phases     ] GC(1064)   Pre Evacuate Collection Set: 0.5ms
[18.398s][info][gc,phases     ] GC(1064)   Evacuate Collection Set: 0.6ms
[18.398s][info][gc,phases     ] GC(1064)   Post Evacuate Collection Set: 0.2ms
[18.398s][info][gc,phases     ] GC(1064)   Other: 0.2ms
[18.398s][info][gc,heap       ] GC(1064) Eden regions: 4->0(122)
[18.398s][info][gc,heap       ] GC(1064) Survivor regions: 1->1(16)
[18.398s][info][gc,heap       ] GC(1064) Old regions: 27->27
[18.398s][info][gc,heap       ] GC(1064) Humongous regions: 2442->2442
[18.398s][info][gc,metaspace  ] GC(1064) Metaspace: 9862K->9862K(1058816K)
[18.398s][info][gc            ] GC(1064) Pause Young (Concurrent Start) (G1 Humongous Allocation) 2472M->2468M(2476M) 1.630ms
[18.398s][info][gc,cpu        ] GC(1064) User=0.01s Sys=0.00s Real=0.00s
[18.398s][info][gc            ] GC(1065) Concurrent Cycle
[18.399s][info][gc,marking    ] GC(1065) Concurrent Clear Claimed Marks
[18.399s][info][gc,marking    ] GC(1065) Concurrent Clear Claimed Marks 0.013ms
[18.399s][info][gc,marking    ] GC(1065) Concurrent Scan Root Regions
[18.399s][info][gc,marking    ] GC(1065) Concurrent Scan Root Regions 0.076ms
[18.399s][info][gc,marking    ] GC(1065) Concurrent Mark (18.399s)
[18.399s][info][gc,marking    ] GC(1065) Concurrent Mark From Roots
[18.399s][info][gc,task       ] GC(1065) Using 2 workers of 2 for marking
[18.404s][info][gc,marking    ] GC(1065) Concurrent Mark From Roots 5.340ms
[18.404s][info][gc,marking    ] GC(1065) Concurrent Preclean
[18.404s][info][gc,marking    ] GC(1065) Concurrent Preclean 0.083ms
[18.404s][info][gc,marking    ] GC(1065) Concurrent Mark (18.399s, 18.404s) 5.531ms
[18.404s][info][gc,start      ] GC(1065) Pause Remark
[18.406s][info][gc,stringtable] GC(1065) Cleaned string and symbol table, strings: 4350 processed, 0 removed, symbols: 36588 processed, 0 removed
[18.406s][info][gc            ] GC(1065) Pause Remark 2471M->2471M(2478M) 1.666ms
[18.406s][info][gc,cpu        ] GC(1065) User=0.01s Sys=0.00s Real=0.00s
[18.406s][info][gc,marking    ] GC(1065) Concurrent Rebuild Remembered Sets
[18.411s][info][gc,marking    ] GC(1065) Concurrent Rebuild Remembered Sets 5.183ms
[18.412s][info][gc,start      ] GC(1065) Pause Cleanup
[18.413s][info][gc            ] GC(1065) Pause Cleanup 2474M->2474M(2480M) 0.368ms
[18.413s][info][gc,cpu        ] GC(1065) User=0.00s Sys=0.00s Real=0.00s
[18.413s][info][gc,marking    ] GC(1065) Concurrent Cleanup for Next Mark
[18.416s][info][gc,marking    ] GC(1065) Concurrent Cleanup for Next Mark 3.133ms
[18.416s][info][gc            ] GC(1065) Concurrent Cycle 17.484ms
[18.422s][info][gc,start      ] GC(1066) Pause Young (Concurrent Start) (G1 Humongous Allocation)
[18.422s][info][gc,task       ] GC(1066) Using 8 workers of 8 for evacuation
[18.424s][info][gc,phases     ] GC(1066)   Pre Evacuate Collection Set: 0.5ms
[18.424s][info][gc,phases     ] GC(1066)   Evacuate Collection Set: 0.5ms
[18.424s][info][gc,phases     ] GC(1066)   Post Evacuate Collection Set: 0.1ms
[18.424s][info][gc,phases     ] GC(1066)   Other: 0.3ms
[18.424s][info][gc,heap       ] GC(1066) Eden regions: 4->0(123)
[18.424s][info][gc,heap       ] GC(1066) Survivor regions: 1->1(16)
[18.424s][info][gc,heap       ] GC(1066) Old regions: 27->27
[18.424s][info][gc,heap       ] GC(1066) Humongous regions: 2446->2446
[18.424s][info][gc,metaspace  ] GC(1066) Metaspace: 9862K->9862K(1058816K)
[18.424s][info][gc            ] GC(1066) Pause Young (Concurrent Start) (G1 Humongous Allocation) 2476M->2472M(2480M) 1.543ms
[18.424s][info][gc,cpu        ] GC(1066) User=0.01s Sys=0.00s Real=0.00s
[18.424s][info][gc            ] GC(1067) Concurrent Cycle
[18.424s][info][gc,marking    ] GC(1067) Concurrent Clear Claimed Marks
[18.424s][info][gc,marking    ] GC(1067) Concurrent Clear Claimed Marks 0.033ms
[18.424s][info][gc,marking    ] GC(1067) Concurrent Scan Root Regions
[18.424s][info][gc,marking    ] GC(1067) Concurrent Scan Root Regions 0.069ms
[18.424s][info][gc,marking    ] GC(1067) Concurrent Mark (18.424s)
[18.424s][info][gc,marking    ] GC(1067) Concurrent Mark From Roots
[18.424s][info][gc,task       ] GC(1067) Using 2 workers of 2 for marking
[18.430s][info][gc,marking    ] GC(1067) Concurrent Mark From Roots 5.560ms
[18.430s][info][gc,marking    ] GC(1067) Concurrent Preclean
[18.430s][info][gc,marking    ] GC(1067) Concurrent Preclean 0.071ms
[18.430s][info][gc,marking    ] GC(1067) Concurrent Mark (18.424s, 18.430s) 5.722ms
[18.430s][info][gc,start      ] GC(1067) Pause Remark
[18.431s][info][gc,stringtable] GC(1067) Cleaned string and symbol table, strings: 4350 processed, 0 removed, symbols: 36588 processed, 0 removed
[18.432s][info][gc            ] GC(1067) Pause Remark 2476M->2476M(2482M) 1.855ms
[18.432s][info][gc,cpu        ] GC(1067) User=0.01s Sys=0.01s Real=0.01s
[18.432s][info][gc,marking    ] GC(1067) Concurrent Rebuild Remembered Sets
[18.437s][info][gc,marking    ] GC(1067) Concurrent Rebuild Remembered Sets 4.967ms
[18.438s][info][gc,start      ] GC(1067) Pause Cleanup
[18.438s][info][gc            ] GC(1067) Pause Cleanup 2478M->2478M(2484M) 0.341ms
[18.438s][info][gc,cpu        ] GC(1067) User=0.01s Sys=0.00s Real=0.00s
[18.438s][info][gc,marking    ] GC(1067) Concurrent Cleanup for Next Mark
[18.441s][info][gc,marking    ] GC(1067) Concurrent Cleanup for Next Mark 3.148ms
[18.441s][info][gc            ] GC(1067) Concurrent Cycle 17.340ms
[18.448s][info][gc,start      ] GC(1068) Pause Young (Concurrent Start) (G1 Humongous Allocation)
[18.448s][info][gc,task       ] GC(1068) Using 8 workers of 8 for evacuation
[18.449s][info][gc,phases     ] GC(1068)   Pre Evacuate Collection Set: 0.5ms
[18.449s][info][gc,phases     ] GC(1068)   Evacuate Collection Set: 0.5ms
[18.449s][info][gc,phases     ] GC(1068)   Post Evacuate Collection Set: 0.2ms
[18.449s][info][gc,phases     ] GC(1068)   Other: 0.3ms
[18.449s][info][gc,heap       ] GC(1068) Eden regions: 4->0(123)
[18.449s][info][gc,heap       ] GC(1068) Survivor regions: 1->1(16)
[18.449s][info][gc,heap       ] GC(1068) Old regions: 27->27
[18.449s][info][gc,heap       ] GC(1068) Humongous regions: 2450->2450
[18.449s][info][gc,metaspace  ] GC(1068) Metaspace: 9862K->9862K(1058816K)
[18.449s][info][gc            ] GC(1068) Pause Young (Concurrent Start) (G1 Humongous Allocation) 2480M->2476M(2484M) 1.600ms
[18.449s][info][gc,cpu        ] GC(1068) User=0.00s Sys=0.00s Real=0.00s
[18.449s][info][gc            ] GC(1069) Concurrent Cycle
[18.449s][info][gc,marking    ] GC(1069) Concurrent Clear Claimed Marks
[18.450s][info][gc,marking    ] GC(1069) Concurrent Clear Claimed Marks 0.032ms
[18.450s][info][gc,marking    ] GC(1069) Concurrent Scan Root Regions
[18.450s][info][gc,marking    ] GC(1069) Concurrent Scan Root Regions 0.083ms
[18.450s][info][gc,marking    ] GC(1069) Concurrent Mark (18.450s)
[18.450s][info][gc,marking    ] GC(1069) Concurrent Mark From Roots
[18.450s][info][gc,task       ] GC(1069) Using 2 workers of 2 for marking
[18.455s][info][gc,marking    ] GC(1069) Concurrent Mark From Roots 5.303ms
[18.455s][info][gc,marking    ] GC(1069) Concurrent Preclean
[18.455s][info][gc,marking    ] GC(1069) Concurrent Preclean 0.105ms
[18.455s][info][gc,marking    ] GC(1069) Concurrent Mark (18.450s, 18.455s) 5.528ms
[18.455s][info][gc,start      ] GC(1069) Pause Remark
[18.457s][info][gc,stringtable] GC(1069) Cleaned string and symbol table, strings: 4350 processed, 0 removed, symbols: 36588 processed, 0 removed
[18.457s][info][gc            ] GC(1069) Pause Remark 2479M->2479M(2486M) 1.844ms
[18.457s][info][gc,cpu        ] GC(1069) User=0.01s Sys=0.00s Real=0.00s
[18.457s][info][gc,marking    ] GC(1069) Concurrent Rebuild Remembered Sets
[18.462s][info][gc,marking    ] GC(1069) Concurrent Rebuild Remembered Sets 5.185ms
[18.463s][info][gc,start      ] GC(1069) Pause Cleanup
[18.464s][info][gc            ] GC(1069) Pause Cleanup 2482M->2482M(2488M) 0.329ms
[18.464s][info][gc,cpu        ] GC(1069) User=0.00s Sys=0.00s Real=0.00s
[18.464s][info][gc,marking    ] GC(1069) Concurrent Cleanup for Next Mark
[18.467s][info][gc,marking    ] GC(1069) Concurrent Cleanup for Next Mark 3.089ms
[18.467s][info][gc            ] GC(1069) Concurrent Cycle 17.469ms
[18.473s][info][gc,start      ] GC(1070) Pause Young (Concurrent Start) (G1 Humongous Allocation)
[18.473s][info][gc,task       ] GC(1070) Using 8 workers of 8 for evacuation
[18.475s][info][gc,phases     ] GC(1070)   Pre Evacuate Collection Set: 0.8ms
[18.475s][info][gc,phases     ] GC(1070)   Evacuate Collection Set: 0.7ms
[18.475s][info][gc,phases     ] GC(1070)   Post Evacuate Collection Set: 0.2ms
[18.475s][info][gc,phases     ] GC(1070)   Other: 0.3ms
[18.475s][info][gc,heap       ] GC(1070) Eden regions: 4->0(123)
[18.475s][info][gc,heap       ] GC(1070) Survivor regions: 1->1(16)
[18.475s][info][gc,heap       ] GC(1070) Old regions: 27->27
[18.475s][info][gc,heap       ] GC(1070) Humongous regions: 2454->2454
[18.475s][info][gc,metaspace  ] GC(1070) Metaspace: 9862K->9862K(1058816K)
[18.475s][info][gc            ] GC(1070) Pause Young (Concurrent Start) (G1 Humongous Allocation) 2484M->2480M(2488M) 2.041ms
[18.475s][info][gc,cpu        ] GC(1070) User=0.01s Sys=0.00s Real=0.00s
[18.475s][info][gc            ] GC(1071) Concurrent Cycle
[18.476s][info][gc,marking    ] GC(1071) Concurrent Clear Claimed Marks
[18.476s][info][gc,marking    ] GC(1071) Concurrent Clear Claimed Marks 0.013ms
[18.476s][info][gc,marking    ] GC(1071) Concurrent Scan Root Regions
[18.476s][info][gc,marking    ] GC(1071) Concurrent Scan Root Regions 0.093ms
[18.476s][info][gc,marking    ] GC(1071) Concurrent Mark (18.476s)
[18.476s][info][gc,marking    ] GC(1071) Concurrent Mark From Roots
[18.476s][info][gc,task       ] GC(1071) Using 2 workers of 2 for marking
[18.481s][info][gc,marking    ] GC(1071) Concurrent Mark From Roots 5.374ms
[18.481s][info][gc,marking    ] GC(1071) Concurrent Preclean
[18.481s][info][gc,marking    ] GC(1071) Concurrent Preclean 0.070ms
[18.481s][info][gc,marking    ] GC(1071) Concurrent Mark (18.476s, 18.481s) 5.521ms
[18.481s][info][gc,start      ] GC(1071) Pause Remark
[18.483s][info][gc,stringtable] GC(1071) Cleaned string and symbol table, strings: 4350 processed, 0 removed, symbols: 36588 processed, 0 removed
[18.483s][info][gc            ] GC(1071) Pause Remark 2483M->2483M(2490M) 1.633ms
[18.483s][info][gc,cpu        ] GC(1071) User=0.01s Sys=0.00s Real=0.00s
[18.483s][info][gc,marking    ] GC(1071) Concurrent Rebuild Remembered Sets
[18.488s][info][gc,marking    ] GC(1071) Concurrent Rebuild Remembered Sets 5.115ms
[18.489s][info][gc,start      ] GC(1071) Pause Cleanup
[18.489s][info][gc            ] GC(1071) Pause Cleanup 2486M->2486M(2492M) 0.221ms
[18.489s][info][gc,cpu        ] GC(1071) User=0.00s Sys=0.00s Real=0.00s
[18.489s][info][gc,marking    ] GC(1071) Concurrent Cleanup for Next Mark
[18.492s][info][gc,marking    ] GC(1071) Concurrent Cleanup for Next Mark 3.011ms
[18.492s][info][gc            ] GC(1071) Concurrent Cycle 16.752ms
[18.499s][info][gc,start      ] GC(1072) Pause Young (Concurrent Start) (G1 Humongous Allocation)
[18.499s][info][gc,task       ] GC(1072) Using 8 workers of 8 for evacuation
[18.500s][info][gc,phases     ] GC(1072)   Pre Evacuate Collection Set: 0.6ms
[18.500s][info][gc,phases     ] GC(1072)   Evacuate Collection Set: 0.5ms
[18.500s][info][gc,phases     ] GC(1072)   Post Evacuate Collection Set: 0.2ms
[18.500s][info][gc,phases     ] GC(1072)   Other: 0.4ms
[18.501s][info][gc,heap       ] GC(1072) Eden regions: 4->0(123)
[18.501s][info][gc,heap       ] GC(1072) Survivor regions: 1->1(16)
[18.501s][info][gc,heap       ] GC(1072) Old regions: 27->27
[18.501s][info][gc,heap       ] GC(1072) Humongous regions: 2458->2458
[18.501s][info][gc,metaspace  ] GC(1072) Metaspace: 9862K->9862K(1058816K)
[18.501s][info][gc            ] GC(1072) Pause Young (Concurrent Start) (G1 Humongous Allocation) 2488M->2484M(2492M) 1.848ms
[18.501s][info][gc,cpu        ] GC(1072) User=0.00s Sys=0.00s Real=0.00s
[18.501s][info][gc            ] GC(1073) Concurrent Cycle
[18.501s][info][gc,marking    ] GC(1073) Concurrent Clear Claimed Marks
[18.501s][info][gc,marking    ] GC(1073) Concurrent Clear Claimed Marks 0.012ms
[18.501s][info][gc,marking    ] GC(1073) Concurrent Scan Root Regions
[18.501s][info][gc,marking    ] GC(1073) Concurrent Scan Root Regions 0.068ms
[18.501s][info][gc,marking    ] GC(1073) Concurrent Mark (18.501s)
[18.501s][info][gc,marking    ] GC(1073) Concurrent Mark From Roots
[18.501s][info][gc,task       ] GC(1073) Using 2 workers of 2 for marking
[18.507s][info][gc,marking    ] GC(1073) Concurrent Mark From Roots 5.953ms
[18.507s][info][gc,marking    ] GC(1073) Concurrent Preclean
[18.507s][info][gc,marking    ] GC(1073) Concurrent Preclean 0.074ms
[18.507s][info][gc,marking    ] GC(1073) Concurrent Mark (18.501s, 18.507s) 6.103ms
[18.507s][info][gc,start      ] GC(1073) Pause Remark
[18.508s][info][gc,stringtable] GC(1073) Cleaned string and symbol table, strings: 4350 processed, 0 removed, symbols: 36588 processed, 0 removed
[18.508s][info][gc            ] GC(1073) Pause Remark 2488M->2488M(2494M) 1.179ms
[18.508s][info][gc,cpu        ] GC(1073) User=0.01s Sys=0.00s Real=0.00s
[18.508s][info][gc,marking    ] GC(1073) Concurrent Rebuild Remembered Sets
[18.514s][info][gc,marking    ] GC(1073) Concurrent Rebuild Remembered Sets 5.273ms
[18.514s][info][gc,start      ] GC(1073) Pause Cleanup
[18.515s][info][gc            ] GC(1073) Pause Cleanup 2490M->2490M(2496M) 0.287ms
[18.515s][info][gc,cpu        ] GC(1073) User=0.00s Sys=0.00s Real=0.00s
[18.515s][info][gc,marking    ] GC(1073) Concurrent Cleanup for Next Mark
[18.518s][info][gc,marking    ] GC(1073) Concurrent Cleanup for Next Mark 2.982ms
[18.518s][info][gc            ] GC(1073) Concurrent Cycle 17.011ms
[18.524s][info][gc,start      ] GC(1074) Pause Young (Concurrent Start) (G1 Humongous Allocation)
[18.524s][info][gc,task       ] GC(1074) Using 8 workers of 8 for evacuation
[18.526s][info][gc,phases     ] GC(1074)   Pre Evacuate Collection Set: 0.6ms
[18.526s][info][gc,phases     ] GC(1074)   Evacuate Collection Set: 0.6ms
[18.526s][info][gc,phases     ] GC(1074)   Post Evacuate Collection Set: 0.2ms
[18.526s][info][gc,phases     ] GC(1074)   Other: 0.3ms
[18.526s][info][gc,heap       ] GC(1074) Eden regions: 4->0(123)
[18.526s][info][gc,heap       ] GC(1074) Survivor regions: 1->1(16)
[18.526s][info][gc,heap       ] GC(1074) Old regions: 27->27
[18.526s][info][gc,heap       ] GC(1074) Humongous regions: 2462->2462
[18.526s][info][gc,metaspace  ] GC(1074) Metaspace: 9862K->9862K(1058816K)
[18.526s][info][gc            ] GC(1074) Pause Young (Concurrent Start) (G1 Humongous Allocation) 2492M->2488M(2496M) 1.737ms
[18.526s][info][gc,cpu        ] GC(1074) User=0.00s Sys=0.00s Real=0.00s
[18.526s][info][gc            ] GC(1075) Concurrent Cycle
[18.526s][info][gc,marking    ] GC(1075) Concurrent Clear Claimed Marks
[18.526s][info][gc,marking    ] GC(1075) Concurrent Clear Claimed Marks 0.048ms
[18.526s][info][gc,marking    ] GC(1075) Concurrent Scan Root Regions
[18.526s][info][gc,marking    ] GC(1075) Concurrent Scan Root Regions 0.089ms
[18.526s][info][gc,marking    ] GC(1075) Concurrent Mark (18.526s)
[18.526s][info][gc,marking    ] GC(1075) Concurrent Mark From Roots
[18.526s][info][gc,task       ] GC(1075) Using 2 workers of 2 for marking
[18.532s][info][gc,marking    ] GC(1075) Concurrent Mark From Roots 5.720ms
[18.532s][info][gc,marking    ] GC(1075) Concurrent Preclean
[18.532s][info][gc,marking    ] GC(1075) Concurrent Preclean 0.073ms
[18.532s][info][gc,marking    ] GC(1075) Concurrent Mark (18.526s, 18.532s) 5.884ms
[18.532s][info][gc,start      ] GC(1075) Pause Remark
[18.533s][info][gc,stringtable] GC(1075) Cleaned string and symbol table, strings: 4350 processed, 0 removed, symbols: 36588 processed, 0 removed
[18.534s][info][gc            ] GC(1075) Pause Remark 2492M->2492M(2498M) 1.722ms
[18.534s][info][gc,cpu        ] GC(1075) User=0.01s Sys=0.00s Real=0.00s
[18.534s][info][gc,marking    ] GC(1075) Concurrent Rebuild Remembered Sets
[18.539s][info][gc,marking    ] GC(1075) Concurrent Rebuild Remembered Sets 5.147ms
[18.540s][info][gc,start      ] GC(1075) Pause Cleanup
[18.540s][info][gc            ] GC(1075) Pause Cleanup 2494M->2494M(2500M) 0.328ms
[18.540s][info][gc,cpu        ] GC(1075) User=0.00s Sys=0.00s Real=0.00s
[18.540s][info][gc,marking    ] GC(1075) Concurrent Cleanup for Next Mark
[18.543s][info][gc,marking    ] GC(1075) Concurrent Cleanup for Next Mark 3.280ms
[18.543s][info][gc            ] GC(1075) Concurrent Cycle 17.577ms
[18.550s][info][gc,start      ] GC(1076) Pause Young (Concurrent Start) (G1 Humongous Allocation)
[18.550s][info][gc,task       ] GC(1076) Using 8 workers of 8 for evacuation
[18.552s][info][gc,phases     ] GC(1076)   Pre Evacuate Collection Set: 0.5ms
[18.552s][info][gc,phases     ] GC(1076)   Evacuate Collection Set: 0.7ms
[18.552s][info][gc,phases     ] GC(1076)   Post Evacuate Collection Set: 0.2ms
[18.552s][info][gc,phases     ] GC(1076)   Other: 0.3ms
[18.552s][info][gc,heap       ] GC(1076) Eden regions: 4->0(124)
[18.552s][info][gc,heap       ] GC(1076) Survivor regions: 1->1(16)
[18.552s][info][gc,heap       ] GC(1076) Old regions: 27->27
[18.552s][info][gc,heap       ] GC(1076) Humongous regions: 2466->2466
[18.552s][info][gc,metaspace  ] GC(1076) Metaspace: 9862K->9862K(1058816K)
[18.552s][info][gc            ] GC(1076) Pause Young (Concurrent Start) (G1 Humongous Allocation) 2496M->2492M(2500M) 1.919ms
[18.552s][info][gc,cpu        ] GC(1076) User=0.00s Sys=0.00s Real=0.01s
[18.552s][info][gc            ] GC(1077) Concurrent Cycle
[18.552s][info][gc,marking    ] GC(1077) Concurrent Clear Claimed Marks
[18.552s][info][gc,marking    ] GC(1077) Concurrent Clear Claimed Marks 0.031ms
[18.552s][info][gc,marking    ] GC(1077) Concurrent Scan Root Regions
[18.552s][info][gc,marking    ] GC(1077) Concurrent Scan Root Regions 0.063ms
[18.552s][info][gc,marking    ] GC(1077) Concurrent Mark (18.552s)
[18.552s][info][gc,marking    ] GC(1077) Concurrent Mark From Roots
[18.552s][info][gc,task       ] GC(1077) Using 2 workers of 2 for marking
[18.558s][info][gc,marking    ] GC(1077) Concurrent Mark From Roots 5.448ms
[18.558s][info][gc,marking    ] GC(1077) Concurrent Preclean
[18.558s][info][gc,marking    ] GC(1077) Concurrent Preclean 0.068ms
[18.558s][info][gc,marking    ] GC(1077) Concurrent Mark (18.552s, 18.558s) 5.602ms
[18.558s][info][gc,start      ] GC(1077) Pause Remark
[18.559s][info][gc,stringtable] GC(1077) Cleaned string and symbol table, strings: 4350 processed, 0 removed, symbols: 36588 processed, 0 removed
[18.559s][info][gc            ] GC(1077) Pause Remark 2495M->2495M(2502M) 1.204ms
[18.559s][info][gc,cpu        ] GC(1077) User=0.01s Sys=0.00s Real=0.00s
[18.559s][info][gc,marking    ] GC(1077) Concurrent Rebuild Remembered Sets
[18.565s][info][gc,marking    ] GC(1077) Concurrent Rebuild Remembered Sets 5.168ms
[18.565s][info][gc,start      ] GC(1077) Pause Cleanup
[18.566s][info][gc            ] GC(1077) Pause Cleanup 2498M->2498M(2504M) 0.383ms
[18.566s][info][gc,cpu        ] GC(1077) User=0.00s Sys=0.00s Real=0.00s
[18.566s][info][gc,marking    ] GC(1077) Concurrent Cleanup for Next Mark
[18.569s][info][gc,marking    ] GC(1077) Concurrent Cleanup for Next Mark 3.135ms
[18.569s][info][gc            ] GC(1077) Concurrent Cycle 17.126ms
[18.577s][info][gc,start      ] GC(1078) Pause Young (Concurrent Start) (G1 Humongous Allocation)
[18.577s][info][gc,task       ] GC(1078) Using 8 workers of 8 for evacuation
[18.579s][info][gc,phases     ] GC(1078)   Pre Evacuate Collection Set: 0.6ms
[18.579s][info][gc,phases     ] GC(1078)   Evacuate Collection Set: 0.5ms
[18.579s][info][gc,phases     ] GC(1078)   Post Evacuate Collection Set: 0.1ms
[18.579s][info][gc,phases     ] GC(1078)   Other: 0.3ms
[18.579s][info][gc,heap       ] GC(1078) Eden regions: 4->0(124)
[18.579s][info][gc,heap       ] GC(1078) Survivor regions: 1->1(16)
[18.579s][info][gc,heap       ] GC(1078) Old regions: 27->27
[18.579s][info][gc,heap       ] GC(1078) Humongous regions: 2470->2470
[18.579s][info][gc,metaspace  ] GC(1078) Metaspace: 9862K->9862K(1058816K)
[18.579s][info][gc            ] GC(1078) Pause Young (Concurrent Start) (G1 Humongous Allocation) 2500M->2496M(2504M) 1.532ms
[18.579s][info][gc,cpu        ] GC(1078) User=0.00s Sys=0.00s Real=0.00s
[18.579s][info][gc            ] GC(1079) Concurrent Cycle
[18.579s][info][gc,marking    ] GC(1079) Concurrent Clear Claimed Marks
[18.579s][info][gc,marking    ] GC(1079) Concurrent Clear Claimed Marks 0.024ms
[18.579s][info][gc,marking    ] GC(1079) Concurrent Scan Root Regions
[18.579s][info][gc,marking    ] GC(1079) Concurrent Scan Root Regions 0.083ms
[18.579s][info][gc,marking    ] GC(1079) Concurrent Mark (18.579s)
[18.579s][info][gc,marking    ] GC(1079) Concurrent Mark From Roots
[18.579s][info][gc,task       ] GC(1079) Using 2 workers of 2 for marking
[18.585s][info][gc,marking    ] GC(1079) Concurrent Mark From Roots 5.446ms
[18.585s][info][gc,marking    ] GC(1079) Concurrent Preclean
[18.585s][info][gc,marking    ] GC(1079) Concurrent Preclean 0.069ms
[18.585s][info][gc,marking    ] GC(1079) Concurrent Mark (18.579s, 18.585s) 5.559ms
[18.585s][info][gc,start      ] GC(1079) Pause Remark
[18.586s][info][gc,stringtable] GC(1079) Cleaned string and symbol table, strings: 4350 processed, 0 removed, symbols: 36588 processed, 0 removed
[18.586s][info][gc            ] GC(1079) Pause Remark 2499M->2499M(2506M) 1.601ms
[18.586s][info][gc,cpu        ] GC(1079) User=0.01s Sys=0.00s Real=0.00s
[18.586s][info][gc,marking    ] GC(1079) Concurrent Rebuild Remembered Sets
[18.591s][info][gc,marking    ] GC(1079) Concurrent Rebuild Remembered Sets 4.992ms
[18.592s][info][gc,start      ] GC(1079) Pause Cleanup
[18.593s][info][gc            ] GC(1079) Pause Cleanup 2502M->2502M(2508M) 0.372ms
[18.593s][info][gc,cpu        ] GC(1079) User=0.00s Sys=0.00s Real=0.00s
[18.593s][info][gc,marking    ] GC(1079) Concurrent Cleanup for Next Mark
[18.596s][info][gc,marking    ] GC(1079) Concurrent Cleanup for Next Mark 3.303ms
[18.596s][info][gc            ] GC(1079) Concurrent Cycle 17.168ms
[18.602s][info][gc,start      ] GC(1080) Pause Young (Concurrent Start) (G1 Humongous Allocation)
[18.602s][info][gc,task       ] GC(1080) Using 8 workers of 8 for evacuation
[18.604s][info][gc,phases     ] GC(1080)   Pre Evacuate Collection Set: 0.5ms
[18.604s][info][gc,phases     ] GC(1080)   Evacuate Collection Set: 0.6ms
[18.604s][info][gc,phases     ] GC(1080)   Post Evacuate Collection Set: 0.2ms
[18.604s][info][gc,phases     ] GC(1080)   Other: 0.2ms
[18.604s][info][gc,heap       ] GC(1080) Eden regions: 4->0(124)
[18.604s][info][gc,heap       ] GC(1080) Survivor regions: 1->1(16)
[18.604s][info][gc,heap       ] GC(1080) Old regions: 27->27
[18.604s][info][gc,heap       ] GC(1080) Humongous regions: 2474->2474
[18.604s][info][gc,metaspace  ] GC(1080) Metaspace: 9862K->9862K(1058816K)
[18.604s][info][gc            ] GC(1080) Pause Young (Concurrent Start) (G1 Humongous Allocation) 2504M->2500M(2508M) 1.635ms
[18.604s][info][gc,cpu        ] GC(1080) User=0.00s Sys=0.00s Real=0.00s
[18.604s][info][gc            ] GC(1081) Concurrent Cycle
[18.604s][info][gc,marking    ] GC(1081) Concurrent Clear Claimed Marks
[18.604s][info][gc,marking    ] GC(1081) Concurrent Clear Claimed Marks 0.031ms
[18.604s][info][gc,marking    ] GC(1081) Concurrent Scan Root Regions
[18.604s][info][gc,marking    ] GC(1081) Concurrent Scan Root Regions 0.096ms
[18.604s][info][gc,marking    ] GC(1081) Concurrent Mark (18.604s)
[18.604s][info][gc,marking    ] GC(1081) Concurrent Mark From Roots
[18.604s][info][gc,task       ] GC(1081) Using 2 workers of 2 for marking
[18.610s][info][gc,marking    ] GC(1081) Concurrent Mark From Roots 5.819ms
[18.610s][info][gc,marking    ] GC(1081) Concurrent Preclean
[18.610s][info][gc,marking    ] GC(1081) Concurrent Preclean 0.145ms
[18.610s][info][gc,marking    ] GC(1081) Concurrent Mark (18.604s, 18.610s) 6.027ms
[18.610s][info][gc,start      ] GC(1081) Pause Remark
[18.612s][info][gc,stringtable] GC(1081) Cleaned string and symbol table, strings: 4350 processed, 0 removed, symbols: 36588 processed, 0 removed
[18.612s][info][gc            ] GC(1081) Pause Remark 2504M->2504M(2510M) 1.638ms
[18.612s][info][gc,cpu        ] GC(1081) User=0.01s Sys=0.00s Real=0.01s
[18.612s][info][gc,marking    ] GC(1081) Concurrent Rebuild Remembered Sets
[18.617s][info][gc,marking    ] GC(1081) Concurrent Rebuild Remembered Sets 5.079ms
[18.618s][info][gc,start      ] GC(1081) Pause Cleanup
[18.619s][info][gc            ] GC(1081) Pause Cleanup 2506M->2506M(2512M) 0.393ms
[18.619s][info][gc,cpu        ] GC(1081) User=0.00s Sys=0.00s Real=0.00s
[18.619s][info][gc,marking    ] GC(1081) Concurrent Cleanup for Next Mark
[18.622s][info][gc,marking    ] GC(1081) Concurrent Cleanup for Next Mark 3.045ms
[18.622s][info][gc            ] GC(1081) Concurrent Cycle 17.609ms
[18.628s][info][gc,start      ] GC(1082) Pause Young (Concurrent Start) (G1 Humongous Allocation)
[18.628s][info][gc,task       ] GC(1082) Using 8 workers of 8 for evacuation
[18.630s][info][gc,phases     ] GC(1082)   Pre Evacuate Collection Set: 0.6ms
[18.630s][info][gc,phases     ] GC(1082)   Evacuate Collection Set: 0.5ms
[18.630s][info][gc,phases     ] GC(1082)   Post Evacuate Collection Set: 0.1ms
[18.630s][info][gc,phases     ] GC(1082)   Other: 0.2ms
[18.630s][info][gc,heap       ] GC(1082) Eden regions: 4->0(124)
[18.630s][info][gc,heap       ] GC(1082) Survivor regions: 1->1(16)
[18.630s][info][gc,heap       ] GC(1082) Old regions: 27->27
[18.630s][info][gc,heap       ] GC(1082) Humongous regions: 2478->2478
[18.630s][info][gc,metaspace  ] GC(1082) Metaspace: 9862K->9862K(1058816K)
[18.630s][info][gc            ] GC(1082) Pause Young (Concurrent Start) (G1 Humongous Allocation) 2508M->2504M(2512M) 1.527ms
[18.630s][info][gc,cpu        ] GC(1082) User=0.00s Sys=0.00s Real=0.00s
[18.630s][info][gc            ] GC(1083) Concurrent Cycle
[18.630s][info][gc,marking    ] GC(1083) Concurrent Clear Claimed Marks
[18.630s][info][gc,marking    ] GC(1083) Concurrent Clear Claimed Marks 0.012ms
[18.630s][info][gc,marking    ] GC(1083) Concurrent Scan Root Regions
[18.630s][info][gc,marking    ] GC(1083) Concurrent Scan Root Regions 0.097ms
[18.630s][info][gc,marking    ] GC(1083) Concurrent Mark (18.630s)
[18.630s][info][gc,marking    ] GC(1083) Concurrent Mark From Roots
[18.630s][info][gc,task       ] GC(1083) Using 2 workers of 2 for marking
[18.635s][info][gc,marking    ] GC(1083) Concurrent Mark From Roots 5.319ms
[18.635s][info][gc,marking    ] GC(1083) Concurrent Preclean
[18.636s][info][gc,marking    ] GC(1083) Concurrent Preclean 0.154ms
[18.636s][info][gc,marking    ] GC(1083) Concurrent Mark (18.630s, 18.636s) 5.592ms
[18.636s][info][gc,start      ] GC(1083) Pause Remark
[18.637s][info][gc,stringtable] GC(1083) Cleaned string and symbol table, strings: 4350 processed, 0 removed, symbols: 36588 processed, 0 removed
[18.638s][info][gc            ] GC(1083) Pause Remark 2508M->2508M(2514M) 1.798ms
[18.638s][info][gc,cpu        ] GC(1083) User=0.01s Sys=0.00s Real=0.00s
[18.638s][info][gc,marking    ] GC(1083) Concurrent Rebuild Remembered Sets
[18.643s][info][gc,marking    ] GC(1083) Concurrent Rebuild Remembered Sets 5.041ms
[18.643s][info][gc,start      ] GC(1083) Pause Cleanup
[18.644s][info][gc            ] GC(1083) Pause Cleanup 2510M->2510M(2516M) 0.309ms
[18.644s][info][gc,cpu        ] GC(1083) User=0.01s Sys=0.00s Real=0.00s
[18.644s][info][gc,marking    ] GC(1083) Concurrent Cleanup for Next Mark
[18.647s][info][gc,marking    ] GC(1083) Concurrent Cleanup for Next Mark 3.114ms
[18.647s][info][gc            ] GC(1083) Concurrent Cycle 17.128ms
[18.653s][info][gc,start      ] GC(1084) Pause Young (Concurrent Start) (G1 Humongous Allocation)
[18.653s][info][gc,task       ] GC(1084) Using 8 workers of 8 for evacuation
[18.655s][info][gc,phases     ] GC(1084)   Pre Evacuate Collection Set: 0.5ms
[18.655s][info][gc,phases     ] GC(1084)   Evacuate Collection Set: 0.6ms
[18.655s][info][gc,phases     ] GC(1084)   Post Evacuate Collection Set: 0.2ms
[18.655s][info][gc,phases     ] GC(1084)   Other: 0.3ms
[18.655s][info][gc,heap       ] GC(1084) Eden regions: 4->0(124)
[18.655s][info][gc,heap       ] GC(1084) Survivor regions: 1->1(16)
[18.655s][info][gc,heap       ] GC(1084) Old regions: 27->27
[18.655s][info][gc,heap       ] GC(1084) Humongous regions: 2482->2482
[18.655s][info][gc,metaspace  ] GC(1084) Metaspace: 9862K->9862K(1058816K)
[18.655s][info][gc            ] GC(1084) Pause Young (Concurrent Start) (G1 Humongous Allocation) 2512M->2508M(2516M) 1.634ms
[18.655s][info][gc,cpu        ] GC(1084) User=0.00s Sys=0.00s Real=0.00s
[18.655s][info][gc            ] GC(1085) Concurrent Cycle
[18.655s][info][gc,marking    ] GC(1085) Concurrent Clear Claimed Marks
[18.655s][info][gc,marking    ] GC(1085) Concurrent Clear Claimed Marks 0.032ms
[18.655s][info][gc,marking    ] GC(1085) Concurrent Scan Root Regions
[18.655s][info][gc,marking    ] GC(1085) Concurrent Scan Root Regions 0.083ms
[18.655s][info][gc,marking    ] GC(1085) Concurrent Mark (18.655s)
[18.655s][info][gc,marking    ] GC(1085) Concurrent Mark From Roots
[18.655s][info][gc,task       ] GC(1085) Using 2 workers of 2 for marking
[18.661s][info][gc,marking    ] GC(1085) Concurrent Mark From Roots 5.420ms
[18.661s][info][gc,marking    ] GC(1085) Concurrent Preclean
[18.661s][info][gc,marking    ] GC(1085) Concurrent Preclean 0.076ms
[18.661s][info][gc,marking    ] GC(1085) Concurrent Mark (18.655s, 18.661s) 5.585ms
[18.661s][info][gc,start      ] GC(1085) Pause Remark
[18.662s][info][gc,stringtable] GC(1085) Cleaned string and symbol table, strings: 4350 processed, 0 removed, symbols: 36588 processed, 0 removed
[18.662s][info][gc            ] GC(1085) Pause Remark 2512M->2512M(2518M) 1.468ms
[18.662s][info][gc,cpu        ] GC(1085) User=0.01s Sys=0.00s Real=0.01s
[18.662s][info][gc,marking    ] GC(1085) Concurrent Rebuild Remembered Sets
[18.668s][info][gc,marking    ] GC(1085) Concurrent Rebuild Remembered Sets 5.092ms
[18.668s][info][gc,start      ] GC(1085) Pause Cleanup
[18.669s][info][gc            ] GC(1085) Pause Cleanup 2514M->2514M(2520M) 0.375ms
[18.669s][info][gc,cpu        ] GC(1085) User=0.00s Sys=0.00s Real=0.00s
[18.669s][info][gc,marking    ] GC(1085) Concurrent Cleanup for Next Mark
[18.672s][info][gc,marking    ] GC(1085) Concurrent Cleanup for Next Mark 3.092ms
[18.672s][info][gc            ] GC(1085) Concurrent Cycle 16.929ms
[18.678s][info][gc,start      ] GC(1086) Pause Young (Concurrent Start) (G1 Humongous Allocation)
[18.678s][info][gc,task       ] GC(1086) Using 8 workers of 8 for evacuation
[18.680s][info][gc,phases     ] GC(1086)   Pre Evacuate Collection Set: 0.5ms
[18.680s][info][gc,phases     ] GC(1086)   Evacuate Collection Set: 0.7ms
[18.680s][info][gc,phases     ] GC(1086)   Post Evacuate Collection Set: 0.2ms
[18.680s][info][gc,phases     ] GC(1086)   Other: 0.2ms
[18.680s][info][gc,heap       ] GC(1086) Eden regions: 4->0(125)
[18.680s][info][gc,heap       ] GC(1086) Survivor regions: 1->1(16)
[18.680s][info][gc,heap       ] GC(1086) Old regions: 27->27
[18.680s][info][gc,heap       ] GC(1086) Humongous regions: 2486->2486
[18.680s][info][gc,metaspace  ] GC(1086) Metaspace: 9862K->9862K(1058816K)
[18.680s][info][gc            ] GC(1086) Pause Young (Concurrent Start) (G1 Humongous Allocation) 2516M->2512M(2520M) 1.669ms
[18.680s][info][gc,cpu        ] GC(1086) User=0.00s Sys=0.00s Real=0.00s
[18.680s][info][gc            ] GC(1087) Concurrent Cycle
[18.680s][info][gc,marking    ] GC(1087) Concurrent Clear Claimed Marks
[18.680s][info][gc,marking    ] GC(1087) Concurrent Clear Claimed Marks 0.032ms
[18.680s][info][gc,marking    ] GC(1087) Concurrent Scan Root Regions
[18.680s][info][gc,marking    ] GC(1087) Concurrent Scan Root Regions 0.082ms
[18.680s][info][gc,marking    ] GC(1087) Concurrent Mark (18.680s)
[18.680s][info][gc,marking    ] GC(1087) Concurrent Mark From Roots
[18.680s][info][gc,task       ] GC(1087) Using 2 workers of 2 for marking
[18.686s][info][gc,marking    ] GC(1087) Concurrent Mark From Roots 5.327ms
[18.686s][info][gc,marking    ] GC(1087) Concurrent Preclean
[18.686s][info][gc,marking    ] GC(1087) Concurrent Preclean 0.117ms
[18.686s][info][gc,marking    ] GC(1087) Concurrent Mark (18.680s, 18.686s) 5.520ms
[18.686s][info][gc,start      ] GC(1087) Pause Remark
[18.687s][info][gc,stringtable] GC(1087) Cleaned string and symbol table, strings: 4350 processed, 0 removed, symbols: 36588 processed, 0 removed
[18.688s][info][gc            ] GC(1087) Pause Remark 2515M->2515M(2522M) 1.769ms
[18.688s][info][gc,cpu        ] GC(1087) User=0.01s Sys=0.00s Real=0.00s
[18.688s][info][gc,marking    ] GC(1087) Concurrent Rebuild Remembered Sets
[18.693s][info][gc,marking    ] GC(1087) Concurrent Rebuild Remembered Sets 5.138ms
[18.694s][info][gc,start      ] GC(1087) Pause Cleanup
[18.694s][info][gc            ] GC(1087) Pause Cleanup 2518M->2518M(2524M) 0.309ms
[18.694s][info][gc,cpu        ] GC(1087) User=0.00s Sys=0.00s Real=0.00s
[18.694s][info][gc,marking    ] GC(1087) Concurrent Cleanup for Next Mark
[18.697s][info][gc,marking    ] GC(1087) Concurrent Cleanup for Next Mark 3.029ms
[18.697s][info][gc            ] GC(1087) Concurrent Cycle 17.159ms
[18.704s][info][gc,start      ] GC(1088) Pause Young (Concurrent Start) (G1 Humongous Allocation)
[18.704s][info][gc,task       ] GC(1088) Using 8 workers of 8 for evacuation
[18.705s][info][gc,phases     ] GC(1088)   Pre Evacuate Collection Set: 0.5ms
[18.705s][info][gc,phases     ] GC(1088)   Evacuate Collection Set: 0.6ms
[18.705s][info][gc,phases     ] GC(1088)   Post Evacuate Collection Set: 0.2ms
[18.705s][info][gc,phases     ] GC(1088)   Other: 0.3ms
[18.705s][info][gc,heap       ] GC(1088) Eden regions: 4->0(125)
[18.705s][info][gc,heap       ] GC(1088) Survivor regions: 1->1(16)
[18.705s][info][gc,heap       ] GC(1088) Old regions: 27->27
[18.705s][info][gc,heap       ] GC(1088) Humongous regions: 2490->2490
[18.705s][info][gc,metaspace  ] GC(1088) Metaspace: 9862K->9862K(1058816K)
[18.705s][info][gc            ] GC(1088) Pause Young (Concurrent Start) (G1 Humongous Allocation) 2520M->2516M(2524M) 1.684ms
[18.705s][info][gc,cpu        ] GC(1088) User=0.00s Sys=0.00s Real=0.00s
[18.705s][info][gc            ] GC(1089) Concurrent Cycle
[18.705s][info][gc,marking    ] GC(1089) Concurrent Clear Claimed Marks
[18.705s][info][gc,marking    ] GC(1089) Concurrent Clear Claimed Marks 0.034ms
[18.705s][info][gc,marking    ] GC(1089) Concurrent Scan Root Regions
[18.706s][info][gc,marking    ] GC(1089) Concurrent Scan Root Regions 0.094ms
[18.706s][info][gc,marking    ] GC(1089) Concurrent Mark (18.706s)
[18.706s][info][gc,marking    ] GC(1089) Concurrent Mark From Roots
[18.706s][info][gc,task       ] GC(1089) Using 2 workers of 2 for marking
[18.711s][info][gc,marking    ] GC(1089) Concurrent Mark From Roots 5.318ms
[18.711s][info][gc,marking    ] GC(1089) Concurrent Preclean
[18.711s][info][gc,marking    ] GC(1089) Concurrent Preclean 0.069ms
[18.711s][info][gc,marking    ] GC(1089) Concurrent Mark (18.706s, 18.711s) 5.434ms
[18.711s][info][gc,start      ] GC(1089) Pause Remark
[18.713s][info][gc,stringtable] GC(1089) Cleaned string and symbol table, strings: 4350 processed, 0 removed, symbols: 36588 processed, 0 removed
[18.713s][info][gc            ] GC(1089) Pause Remark 2519M->2519M(2526M) 1.825ms
[18.713s][info][gc,cpu        ] GC(1089) User=0.01s Sys=0.00s Real=0.00s
[18.713s][info][gc,marking    ] GC(1089) Concurrent Rebuild Remembered Sets
[18.718s][info][gc,marking    ] GC(1089) Concurrent Rebuild Remembered Sets 5.071ms
[18.719s][info][gc,start      ] GC(1089) Pause Cleanup
[18.720s][info][gc            ] GC(1089) Pause Cleanup 2522M->2522M(2528M) 0.356ms
[18.720s][info][gc,cpu        ] GC(1089) User=0.00s Sys=0.00s Real=0.00s
[18.720s][info][gc,marking    ] GC(1089) Concurrent Cleanup for Next Mark
[18.723s][info][gc,marking    ] GC(1089) Concurrent Cleanup for Next Mark 3.093ms
[18.723s][info][gc            ] GC(1089) Concurrent Cycle 17.413ms
[18.729s][info][gc,start      ] GC(1090) Pause Young (Concurrent Start) (G1 Humongous Allocation)
[18.729s][info][gc,task       ] GC(1090) Using 8 workers of 8 for evacuation
[18.731s][info][gc,phases     ] GC(1090)   Pre Evacuate Collection Set: 0.9ms
[18.731s][info][gc,phases     ] GC(1090)   Evacuate Collection Set: 0.5ms
[18.731s][info][gc,phases     ] GC(1090)   Post Evacuate Collection Set: 0.2ms
[18.731s][info][gc,phases     ] GC(1090)   Other: 0.3ms
[18.731s][info][gc,heap       ] GC(1090) Eden regions: 4->0(125)
[18.731s][info][gc,heap       ] GC(1090) Survivor regions: 1->1(16)
[18.731s][info][gc,heap       ] GC(1090) Old regions: 27->27
[18.731s][info][gc,heap       ] GC(1090) Humongous regions: 2494->2494
[18.731s][info][gc,metaspace  ] GC(1090) Metaspace: 9862K->9862K(1058816K)
[18.731s][info][gc            ] GC(1090) Pause Young (Concurrent Start) (G1 Humongous Allocation) 2524M->2520M(2528M) 1.997ms
[18.731s][info][gc,cpu        ] GC(1090) User=0.00s Sys=0.00s Real=0.01s
[18.731s][info][gc            ] GC(1091) Concurrent Cycle
[18.731s][info][gc,marking    ] GC(1091) Concurrent Clear Claimed Marks
[18.731s][info][gc,marking    ] GC(1091) Concurrent Clear Claimed Marks 0.036ms
[18.731s][info][gc,marking    ] GC(1091) Concurrent Scan Root Regions
[18.731s][info][gc,marking    ] GC(1091) Concurrent Scan Root Regions 0.064ms
[18.731s][info][gc,marking    ] GC(1091) Concurrent Mark (18.731s)
[18.731s][info][gc,marking    ] GC(1091) Concurrent Mark From Roots
[18.731s][info][gc,task       ] GC(1091) Using 2 workers of 2 for marking
[18.737s][info][gc,marking    ] GC(1091) Concurrent Mark From Roots 5.363ms
[18.737s][info][gc,marking    ] GC(1091) Concurrent Preclean
[18.737s][info][gc,marking    ] GC(1091) Concurrent Preclean 0.103ms
[18.737s][info][gc,marking    ] GC(1091) Concurrent Mark (18.731s, 18.737s) 5.553ms
[18.737s][info][gc,start      ] GC(1091) Pause Remark
[18.738s][info][gc,stringtable] GC(1091) Cleaned string and symbol table, strings: 4350 processed, 0 removed, symbols: 36588 processed, 0 removed
[18.738s][info][gc            ] GC(1091) Pause Remark 2523M->2523M(2530M) 1.236ms
[18.738s][info][gc,cpu        ] GC(1091) User=0.00s Sys=0.00s Real=0.00s
[18.738s][info][gc,marking    ] GC(1091) Concurrent Rebuild Remembered Sets
[18.744s][info][gc,marking    ] GC(1091) Concurrent Rebuild Remembered Sets 5.116ms
[18.744s][info][gc,start      ] GC(1091) Pause Cleanup
[18.745s][info][gc            ] GC(1091) Pause Cleanup 2526M->2526M(2532M) 0.354ms
[18.745s][info][gc,cpu        ] GC(1091) User=0.00s Sys=0.00s Real=0.00s
[18.745s][info][gc,marking    ] GC(1091) Concurrent Cleanup for Next Mark
[18.748s][info][gc,marking    ] GC(1091) Concurrent Cleanup for Next Mark 3.040ms
[18.748s][info][gc            ] GC(1091) Concurrent Cycle 16.592ms
[18.754s][info][gc,start      ] GC(1092) Pause Young (Concurrent Start) (G1 Humongous Allocation)
[18.754s][info][gc,task       ] GC(1092) Using 8 workers of 8 for evacuation
[18.756s][info][gc,phases     ] GC(1092)   Pre Evacuate Collection Set: 0.5ms
[18.756s][info][gc,phases     ] GC(1092)   Evacuate Collection Set: 0.6ms
[18.756s][info][gc,phases     ] GC(1092)   Post Evacuate Collection Set: 0.2ms
[18.756s][info][gc,phases     ] GC(1092)   Other: 0.2ms
[18.756s][info][gc,heap       ] GC(1092) Eden regions: 4->0(125)
[18.756s][info][gc,heap       ] GC(1092) Survivor regions: 1->1(16)
[18.756s][info][gc,heap       ] GC(1092) Old regions: 27->27
[18.756s][info][gc,heap       ] GC(1092) Humongous regions: 2498->2498
[18.756s][info][gc,metaspace  ] GC(1092) Metaspace: 9862K->9862K(1058816K)
[18.756s][info][gc            ] GC(1092) Pause Young (Concurrent Start) (G1 Humongous Allocation) 2528M->2524M(2532M) 1.597ms
[18.756s][info][gc,cpu        ] GC(1092) User=0.01s Sys=0.00s Real=0.00s
[18.756s][info][gc            ] GC(1093) Concurrent Cycle
[18.756s][info][gc,marking    ] GC(1093) Concurrent Clear Claimed Marks
[18.756s][info][gc,marking    ] GC(1093) Concurrent Clear Claimed Marks 0.013ms
[18.756s][info][gc,marking    ] GC(1093) Concurrent Scan Root Regions
[18.756s][info][gc,marking    ] GC(1093) Concurrent Scan Root Regions 0.123ms
[18.756s][info][gc,marking    ] GC(1093) Concurrent Mark (18.756s)
[18.756s][info][gc,marking    ] GC(1093) Concurrent Mark From Roots
[18.756s][info][gc,task       ] GC(1093) Using 2 workers of 2 for marking
[18.762s][info][gc,marking    ] GC(1093) Concurrent Mark From Roots 5.371ms
[18.762s][info][gc,marking    ] GC(1093) Concurrent Preclean
[18.762s][info][gc,marking    ] GC(1093) Concurrent Preclean 0.081ms
[18.762s][info][gc,marking    ] GC(1093) Concurrent Mark (18.756s, 18.762s) 5.531ms
[18.762s][info][gc,start      ] GC(1093) Pause Remark
[18.763s][info][gc,stringtable] GC(1093) Cleaned string and symbol table, strings: 4350 processed, 0 removed, symbols: 36588 processed, 0 removed
[18.764s][info][gc            ] GC(1093) Pause Remark 2528M->2528M(2534M) 1.917ms
[18.764s][info][gc,cpu        ] GC(1093) User=0.01s Sys=0.00s Real=0.00s
[18.764s][info][gc,marking    ] GC(1093) Concurrent Rebuild Remembered Sets
[18.769s][info][gc,marking    ] GC(1093) Concurrent Rebuild Remembered Sets 5.013ms
[18.770s][info][gc,start      ] GC(1093) Pause Cleanup
[18.770s][info][gc            ] GC(1093) Pause Cleanup 2530M->2530M(2536M) 0.344ms
[18.770s][info][gc,cpu        ] GC(1093) User=0.00s Sys=0.00s Real=0.00s
[18.770s][info][gc,marking    ] GC(1093) Concurrent Cleanup for Next Mark
[18.774s][info][gc,marking    ] GC(1093) Concurrent Cleanup for Next Mark 3.416ms
[18.774s][info][gc            ] GC(1093) Concurrent Cycle 17.786ms
[18.780s][info][gc,start      ] GC(1094) Pause Young (Concurrent Start) (G1 Humongous Allocation)
[18.780s][info][gc,task       ] GC(1094) Using 8 workers of 8 for evacuation
[18.782s][info][gc,phases     ] GC(1094)   Pre Evacuate Collection Set: 0.6ms
[18.782s][info][gc,phases     ] GC(1094)   Evacuate Collection Set: 1.1ms
[18.782s][info][gc,phases     ] GC(1094)   Post Evacuate Collection Set: 0.2ms
[18.782s][info][gc,phases     ] GC(1094)   Other: 0.4ms
[18.782s][info][gc,heap       ] GC(1094) Eden regions: 4->0(125)
[18.782s][info][gc,heap       ] GC(1094) Survivor regions: 1->1(16)
[18.782s][info][gc,heap       ] GC(1094) Old regions: 27->27
[18.782s][info][gc,heap       ] GC(1094) Humongous regions: 2502->2502
[18.782s][info][gc,metaspace  ] GC(1094) Metaspace: 9862K->9862K(1058816K)
[18.782s][info][gc            ] GC(1094) Pause Young (Concurrent Start) (G1 Humongous Allocation) 2532M->2528M(2536M) 2.470ms
[18.782s][info][gc,cpu        ] GC(1094) User=0.01s Sys=0.00s Real=0.01s
[18.782s][info][gc            ] GC(1095) Concurrent Cycle
[18.782s][info][gc,marking    ] GC(1095) Concurrent Clear Claimed Marks
[18.783s][info][gc,marking    ] GC(1095) Concurrent Clear Claimed Marks 0.016ms
[18.783s][info][gc,marking    ] GC(1095) Concurrent Scan Root Regions
[18.783s][info][gc,marking    ] GC(1095) Concurrent Scan Root Regions 0.095ms
[18.783s][info][gc,marking    ] GC(1095) Concurrent Mark (18.783s)
[18.783s][info][gc,marking    ] GC(1095) Concurrent Mark From Roots
[18.783s][info][gc,task       ] GC(1095) Using 2 workers of 2 for marking
[18.790s][info][gc,marking    ] GC(1095) Concurrent Mark From Roots 7.124ms
[18.790s][info][gc,marking    ] GC(1095) Concurrent Preclean
[18.790s][info][gc,marking    ] GC(1095) Concurrent Preclean 0.071ms
[18.790s][info][gc,marking    ] GC(1095) Concurrent Mark (18.783s, 18.790s) 7.293ms
[18.790s][info][gc,start      ] GC(1095) Pause Remark
[18.791s][info][gc,stringtable] GC(1095) Cleaned string and symbol table, strings: 4350 processed, 0 removed, symbols: 36588 processed, 0 removed
[18.791s][info][gc            ] GC(1095) Pause Remark 2532M->2532M(2538M) 1.303ms
[18.791s][info][gc,cpu        ] GC(1095) User=0.01s Sys=0.00s Real=0.01s
[18.791s][info][gc,marking    ] GC(1095) Concurrent Rebuild Remembered Sets
[18.797s][info][gc,marking    ] GC(1095) Concurrent Rebuild Remembered Sets 5.335ms
[18.797s][info][gc,start      ] GC(1095) Pause Cleanup
[18.798s][info][gc            ] GC(1095) Pause Cleanup 2534M->2534M(2540M) 0.383ms
[18.798s][info][gc,cpu        ] GC(1095) User=0.00s Sys=0.00s Real=0.00s
[18.798s][info][gc,marking    ] GC(1095) Concurrent Cleanup for Next Mark
[18.801s][info][gc,marking    ] GC(1095) Concurrent Cleanup for Next Mark 3.260ms
[18.801s][info][gc            ] GC(1095) Concurrent Cycle 18.643ms
[18.807s][info][gc,start      ] GC(1096) Pause Young (Concurrent Start) (G1 Humongous Allocation)
[18.807s][info][gc,task       ] GC(1096) Using 8 workers of 8 for evacuation
[18.809s][info][gc,phases     ] GC(1096)   Pre Evacuate Collection Set: 0.6ms
[18.809s][info][gc,phases     ] GC(1096)   Evacuate Collection Set: 0.7ms
[18.809s][info][gc,phases     ] GC(1096)   Post Evacuate Collection Set: 0.1ms
[18.809s][info][gc,phases     ] GC(1096)   Other: 0.2ms
[18.809s][info][gc,heap       ] GC(1096) Eden regions: 4->0(126)
[18.809s][info][gc,heap       ] GC(1096) Survivor regions: 1->1(16)
[18.809s][info][gc,heap       ] GC(1096) Old regions: 27->27
[18.809s][info][gc,heap       ] GC(1096) Humongous regions: 2506->2506
[18.809s][info][gc,metaspace  ] GC(1096) Metaspace: 9862K->9862K(1058816K)
[18.809s][info][gc            ] GC(1096) Pause Young (Concurrent Start) (G1 Humongous Allocation) 2536M->2532M(2540M) 1.685ms
[18.809s][info][gc,cpu        ] GC(1096) User=0.00s Sys=0.00s Real=0.00s
[18.809s][info][gc            ] GC(1097) Concurrent Cycle
[18.809s][info][gc,marking    ] GC(1097) Concurrent Clear Claimed Marks
[18.809s][info][gc,marking    ] GC(1097) Concurrent Clear Claimed Marks 0.012ms
[18.809s][info][gc,marking    ] GC(1097) Concurrent Scan Root Regions
[18.809s][info][gc,marking    ] GC(1097) Concurrent Scan Root Regions 0.074ms
[18.809s][info][gc,marking    ] GC(1097) Concurrent Mark (18.809s)
[18.809s][info][gc,marking    ] GC(1097) Concurrent Mark From Roots
[18.809s][info][gc,task       ] GC(1097) Using 2 workers of 2 for marking
[18.815s][info][gc,marking    ] GC(1097) Concurrent Mark From Roots 5.571ms
[18.815s][info][gc,marking    ] GC(1097) Concurrent Preclean
[18.815s][info][gc,marking    ] GC(1097) Concurrent Preclean 0.070ms
[18.815s][info][gc,marking    ] GC(1097) Concurrent Mark (18.809s, 18.815s) 5.706ms
[18.815s][info][gc,start      ] GC(1097) Pause Remark
[18.817s][info][gc,stringtable] GC(1097) Cleaned string and symbol table, strings: 4350 processed, 0 removed, symbols: 36588 processed, 0 removed
[18.817s][info][gc            ] GC(1097) Pause Remark 2535M->2535M(2542M) 1.728ms
[18.817s][info][gc,cpu        ] GC(1097) User=0.01s Sys=0.00s Real=0.00s
[18.817s][info][gc,marking    ] GC(1097) Concurrent Rebuild Remembered Sets
[18.822s][info][gc,marking    ] GC(1097) Concurrent Rebuild Remembered Sets 5.296ms
[18.823s][info][gc,start      ] GC(1097) Pause Cleanup
[18.824s][info][gc            ] GC(1097) Pause Cleanup 2538M->2538M(2544M) 0.459ms
[18.824s][info][gc,cpu        ] GC(1097) User=0.00s Sys=0.00s Real=0.00s
[18.824s][info][gc,marking    ] GC(1097) Concurrent Cleanup for Next Mark
[18.827s][info][gc,marking    ] GC(1097) Concurrent Cleanup for Next Mark 3.348ms
[18.827s][info][gc            ] GC(1097) Concurrent Cycle 18.001ms
[18.834s][info][gc,start      ] GC(1098) Pause Young (Concurrent Start) (G1 Humongous Allocation)
[18.834s][info][gc,task       ] GC(1098) Using 8 workers of 8 for evacuation
[18.835s][info][gc,phases     ] GC(1098)   Pre Evacuate Collection Set: 0.6ms
[18.835s][info][gc,phases     ] GC(1098)   Evacuate Collection Set: 0.6ms
[18.835s][info][gc,phases     ] GC(1098)   Post Evacuate Collection Set: 0.1ms
[18.835s][info][gc,phases     ] GC(1098)   Other: 0.3ms
[18.835s][info][gc,heap       ] GC(1098) Eden regions: 4->0(126)
[18.835s][info][gc,heap       ] GC(1098) Survivor regions: 1->1(16)
[18.835s][info][gc,heap       ] GC(1098) Old regions: 27->27
[18.835s][info][gc,heap       ] GC(1098) Humongous regions: 2510->2510
[18.835s][info][gc,metaspace  ] GC(1098) Metaspace: 9862K->9862K(1058816K)
[18.835s][info][gc            ] GC(1098) Pause Young (Concurrent Start) (G1 Humongous Allocation) 2540M->2536M(2544M) 1.681ms
[18.835s][info][gc,cpu        ] GC(1098) User=0.00s Sys=0.01s Real=0.00s
[18.835s][info][gc            ] GC(1099) Concurrent Cycle
[18.835s][info][gc,marking    ] GC(1099) Concurrent Clear Claimed Marks
[18.836s][info][gc,marking    ] GC(1099) Concurrent Clear Claimed Marks 0.031ms
[18.836s][info][gc,marking    ] GC(1099) Concurrent Scan Root Regions
[18.836s][info][gc,marking    ] GC(1099) Concurrent Scan Root Regions 0.081ms
[18.836s][info][gc,marking    ] GC(1099) Concurrent Mark (18.836s)
[18.836s][info][gc,marking    ] GC(1099) Concurrent Mark From Roots
[18.836s][info][gc,task       ] GC(1099) Using 2 workers of 2 for marking
[18.841s][info][gc,marking    ] GC(1099) Concurrent Mark From Roots 5.357ms
[18.841s][info][gc,marking    ] GC(1099) Concurrent Preclean
[18.841s][info][gc,marking    ] GC(1099) Concurrent Preclean 0.068ms
[18.841s][info][gc,marking    ] GC(1099) Concurrent Mark (18.836s, 18.841s) 5.473ms
[18.841s][info][gc,start      ] GC(1099) Pause Remark
[18.842s][info][gc,stringtable] GC(1099) Cleaned string and symbol table, strings: 4350 processed, 0 removed, symbols: 36588 processed, 0 removed
[18.843s][info][gc            ] GC(1099) Pause Remark 2540M->2540M(2546M) 1.370ms
[18.843s][info][gc,cpu        ] GC(1099) User=0.01s Sys=0.00s Real=0.00s
[18.843s][info][gc,marking    ] GC(1099) Concurrent Rebuild Remembered Sets
[18.848s][info][gc,marking    ] GC(1099) Concurrent Rebuild Remembered Sets 4.928ms
[18.849s][info][gc,start      ] GC(1099) Pause Cleanup
[18.849s][info][gc            ] GC(1099) Pause Cleanup 2542M->2542M(2548M) 0.420ms
[18.849s][info][gc,cpu        ] GC(1099) User=0.00s Sys=0.00s Real=0.00s
[18.849s][info][gc,marking    ] GC(1099) Concurrent Cleanup for Next Mark
[18.852s][info][gc,marking    ] GC(1099) Concurrent Cleanup for Next Mark 3.191ms
[18.852s][info][gc            ] GC(1099) Concurrent Cycle 16.785ms
[18.858s][info][gc,start      ] GC(1100) Pause Young (Concurrent Start) (G1 Humongous Allocation)
[18.858s][info][gc,task       ] GC(1100) Using 8 workers of 8 for evacuation
[18.860s][info][gc,phases     ] GC(1100)   Pre Evacuate Collection Set: 0.5ms
[18.860s][info][gc,phases     ] GC(1100)   Evacuate Collection Set: 0.7ms
[18.860s][info][gc,phases     ] GC(1100)   Post Evacuate Collection Set: 0.1ms
[18.860s][info][gc,phases     ] GC(1100)   Other: 0.2ms
[18.860s][info][gc,heap       ] GC(1100) Eden regions: 4->0(126)
[18.860s][info][gc,heap       ] GC(1100) Survivor regions: 1->1(16)
[18.860s][info][gc,heap       ] GC(1100) Old regions: 27->27
[18.860s][info][gc,heap       ] GC(1100) Humongous regions: 2514->2514
[18.860s][info][gc,metaspace  ] GC(1100) Metaspace: 9862K->9862K(1058816K)
[18.860s][info][gc            ] GC(1100) Pause Young (Concurrent Start) (G1 Humongous Allocation) 2544M->2540M(2548M) 1.656ms
[18.860s][info][gc,cpu        ] GC(1100) User=0.00s Sys=0.00s Real=0.00s
[18.860s][info][gc            ] GC(1101) Concurrent Cycle
[18.860s][info][gc,marking    ] GC(1101) Concurrent Clear Claimed Marks
[18.860s][info][gc,marking    ] GC(1101) Concurrent Clear Claimed Marks 0.031ms
[18.860s][info][gc,marking    ] GC(1101) Concurrent Scan Root Regions
[18.860s][info][gc,marking    ] GC(1101) Concurrent Scan Root Regions 0.082ms
[18.860s][info][gc,marking    ] GC(1101) Concurrent Mark (18.860s)
[18.860s][info][gc,marking    ] GC(1101) Concurrent Mark From Roots
[18.860s][info][gc,task       ] GC(1101) Using 2 workers of 2 for marking
[18.866s][info][gc,marking    ] GC(1101) Concurrent Mark From Roots 5.346ms
[18.866s][info][gc,marking    ] GC(1101) Concurrent Preclean
[18.866s][info][gc,marking    ] GC(1101) Concurrent Preclean 0.083ms
[18.866s][info][gc,marking    ] GC(1101) Concurrent Mark (18.860s, 18.866s) 5.521ms
[18.866s][info][gc,start      ] GC(1101) Pause Remark
[18.867s][info][gc,stringtable] GC(1101) Cleaned string and symbol table, strings: 4350 processed, 0 removed, symbols: 36588 processed, 0 removed
[18.867s][info][gc            ] GC(1101) Pause Remark 2544M->2544M(2550M) 1.324ms
[18.867s][info][gc,cpu        ] GC(1101) User=0.00s Sys=0.00s Real=0.00s
[18.867s][info][gc,marking    ] GC(1101) Concurrent Rebuild Remembered Sets
[18.872s][info][gc,marking    ] GC(1101) Concurrent Rebuild Remembered Sets 5.031ms
[18.873s][info][gc,start      ] GC(1101) Pause Cleanup
[18.874s][info][gc            ] GC(1101) Pause Cleanup 2546M->2546M(2552M) 0.310ms
[18.874s][info][gc,cpu        ] GC(1101) User=0.00s Sys=0.00s Real=0.00s
[18.874s][info][gc,marking    ] GC(1101) Concurrent Cleanup for Next Mark
[18.877s][info][gc,marking    ] GC(1101) Concurrent Cleanup for Next Mark 3.138ms
[18.877s][info][gc            ] GC(1101) Concurrent Cycle 16.690ms
[18.883s][info][gc,start      ] GC(1102) Pause Young (Concurrent Start) (G1 Humongous Allocation)
[18.883s][info][gc,task       ] GC(1102) Using 8 workers of 8 for evacuation
[18.885s][info][gc,phases     ] GC(1102)   Pre Evacuate Collection Set: 0.5ms
[18.885s][info][gc,phases     ] GC(1102)   Evacuate Collection Set: 0.7ms
[18.885s][info][gc,phases     ] GC(1102)   Post Evacuate Collection Set: 0.2ms
[18.885s][info][gc,phases     ] GC(1102)   Other: 0.2ms
[18.885s][info][gc,heap       ] GC(1102) Eden regions: 4->0(126)
[18.885s][info][gc,heap       ] GC(1102) Survivor regions: 1->1(16)
[18.885s][info][gc,heap       ] GC(1102) Old regions: 27->27
[18.885s][info][gc,heap       ] GC(1102) Humongous regions: 2518->2518
[18.885s][info][gc,metaspace  ] GC(1102) Metaspace: 9862K->9862K(1058816K)
[18.885s][info][gc            ] GC(1102) Pause Young (Concurrent Start) (G1 Humongous Allocation) 2548M->2544M(2552M) 1.728ms
[18.885s][info][gc,cpu        ] GC(1102) User=0.01s Sys=0.00s Real=0.00s
[18.885s][info][gc            ] GC(1103) Concurrent Cycle
[18.885s][info][gc,marking    ] GC(1103) Concurrent Clear Claimed Marks
[18.885s][info][gc,marking    ] GC(1103) Concurrent Clear Claimed Marks 0.046ms
[18.885s][info][gc,marking    ] GC(1103) Concurrent Scan Root Regions
[18.885s][info][gc,marking    ] GC(1103) Concurrent Scan Root Regions 0.065ms
[18.885s][info][gc,marking    ] GC(1103) Concurrent Mark (18.885s)
[18.885s][info][gc,marking    ] GC(1103) Concurrent Mark From Roots
[18.885s][info][gc,task       ] GC(1103) Using 2 workers of 2 for marking
[18.891s][info][gc,marking    ] GC(1103) Concurrent Mark From Roots 5.435ms
[18.891s][info][gc,marking    ] GC(1103) Concurrent Preclean
[18.891s][info][gc,marking    ] GC(1103) Concurrent Preclean 0.069ms
[18.891s][info][gc,marking    ] GC(1103) Concurrent Mark (18.885s, 18.891s) 5.558ms
[18.891s][info][gc,start      ] GC(1103) Pause Remark
[18.892s][info][gc,stringtable] GC(1103) Cleaned string and symbol table, strings: 4350 processed, 0 removed, symbols: 36588 processed, 0 removed
[18.892s][info][gc            ] GC(1103) Pause Remark 2548M->2548M(2554M) 1.222ms
[18.892s][info][gc,cpu        ] GC(1103) User=0.01s Sys=0.00s Real=0.01s
[18.892s][info][gc,marking    ] GC(1103) Concurrent Rebuild Remembered Sets
[18.897s][info][gc,marking    ] GC(1103) Concurrent Rebuild Remembered Sets 4.983ms
[18.898s][info][gc,start      ] GC(1103) Pause Cleanup
[18.898s][info][gc            ] GC(1103) Pause Cleanup 2550M->2550M(2556M) 0.344ms
[18.898s][info][gc,cpu        ] GC(1103) User=0.00s Sys=0.00s Real=0.00s
[18.898s][info][gc,marking    ] GC(1103) Concurrent Cleanup for Next Mark
[18.902s][info][gc,marking    ] GC(1103) Concurrent Cleanup for Next Mark 3.155ms
[18.902s][info][gc            ] GC(1103) Concurrent Cycle 16.691ms
[18.908s][info][gc,start      ] GC(1104) Pause Young (Concurrent Start) (G1 Humongous Allocation)
[18.908s][info][gc,task       ] GC(1104) Using 8 workers of 8 for evacuation
[18.909s][info][gc,phases     ] GC(1104)   Pre Evacuate Collection Set: 0.5ms
[18.909s][info][gc,phases     ] GC(1104)   Evacuate Collection Set: 0.6ms
[18.909s][info][gc,phases     ] GC(1104)   Post Evacuate Collection Set: 0.2ms
[18.909s][info][gc,phases     ] GC(1104)   Other: 0.2ms
[18.909s][info][gc,heap       ] GC(1104) Eden regions: 4->0(126)
[18.909s][info][gc,heap       ] GC(1104) Survivor regions: 1->1(16)
[18.909s][info][gc,heap       ] GC(1104) Old regions: 27->27
[18.909s][info][gc,heap       ] GC(1104) Humongous regions: 2522->2522
[18.909s][info][gc,metaspace  ] GC(1104) Metaspace: 9862K->9862K(1058816K)
[18.909s][info][gc            ] GC(1104) Pause Young (Concurrent Start) (G1 Humongous Allocation) 2552M->2548M(2556M) 1.577ms
[18.909s][info][gc,cpu        ] GC(1104) User=0.00s Sys=0.00s Real=0.00s
[18.909s][info][gc            ] GC(1105) Concurrent Cycle
[18.909s][info][gc,marking    ] GC(1105) Concurrent Clear Claimed Marks
[18.909s][info][gc,marking    ] GC(1105) Concurrent Clear Claimed Marks 0.031ms
[18.909s][info][gc,marking    ] GC(1105) Concurrent Scan Root Regions
[18.910s][info][gc,marking    ] GC(1105) Concurrent Scan Root Regions 0.095ms
[18.910s][info][gc,marking    ] GC(1105) Concurrent Mark (18.910s)
[18.910s][info][gc,marking    ] GC(1105) Concurrent Mark From Roots
[18.910s][info][gc,task       ] GC(1105) Using 2 workers of 2 for marking
[18.915s][info][gc,marking    ] GC(1105) Concurrent Mark From Roots 5.353ms
[18.915s][info][gc,marking    ] GC(1105) Concurrent Preclean
[18.915s][info][gc,marking    ] GC(1105) Concurrent Preclean 0.068ms
[18.915s][info][gc,marking    ] GC(1105) Concurrent Mark (18.910s, 18.915s) 5.475ms
[18.915s][info][gc,start      ] GC(1105) Pause Remark
[18.917s][info][gc,stringtable] GC(1105) Cleaned string and symbol table, strings: 4350 processed, 0 removed, symbols: 36588 processed, 0 removed
[18.917s][info][gc            ] GC(1105) Pause Remark 2552M->2552M(2558M) 1.877ms
[18.917s][info][gc,cpu        ] GC(1105) User=0.01s Sys=0.01s Real=0.00s
[18.917s][info][gc,marking    ] GC(1105) Concurrent Rebuild Remembered Sets
[18.922s][info][gc,marking    ] GC(1105) Concurrent Rebuild Remembered Sets 5.220ms
[18.923s][info][gc,start      ] GC(1105) Pause Cleanup
[18.924s][info][gc            ] GC(1105) Pause Cleanup 2554M->2554M(2560M) 0.392ms
[18.924s][info][gc,cpu        ] GC(1105) User=0.00s Sys=0.00s Real=0.00s
[18.924s][info][gc,marking    ] GC(1105) Concurrent Cleanup for Next Mark
[18.927s][info][gc,marking    ] GC(1105) Concurrent Cleanup for Next Mark 3.190ms
[18.927s][info][gc            ] GC(1105) Concurrent Cycle 17.497ms
[18.933s][info][gc,start      ] GC(1106) Pause Young (Concurrent Start) (G1 Humongous Allocation)
[18.933s][info][gc,task       ] GC(1106) Using 8 workers of 8 for evacuation
[18.935s][info][gc,phases     ] GC(1106)   Pre Evacuate Collection Set: 0.5ms
[18.935s][info][gc,phases     ] GC(1106)   Evacuate Collection Set: 0.6ms
[18.935s][info][gc,phases     ] GC(1106)   Post Evacuate Collection Set: 0.1ms
[18.935s][info][gc,phases     ] GC(1106)   Other: 0.2ms
[18.935s][info][gc,heap       ] GC(1106) Eden regions: 4->0(127)
[18.935s][info][gc,heap       ] GC(1106) Survivor regions: 1->1(16)
[18.935s][info][gc,heap       ] GC(1106) Old regions: 27->27
[18.935s][info][gc,heap       ] GC(1106) Humongous regions: 2526->2526
[18.935s][info][gc,metaspace  ] GC(1106) Metaspace: 9862K->9862K(1058816K)
[18.935s][info][gc            ] GC(1106) Pause Young (Concurrent Start) (G1 Humongous Allocation) 2556M->2552M(2560M) 1.524ms
[18.935s][info][gc,cpu        ] GC(1106) User=0.00s Sys=0.00s Real=0.00s
[18.935s][info][gc            ] GC(1107) Concurrent Cycle
[18.935s][info][gc,marking    ] GC(1107) Concurrent Clear Claimed Marks
[18.935s][info][gc,marking    ] GC(1107) Concurrent Clear Claimed Marks 0.026ms
[18.935s][info][gc,marking    ] GC(1107) Concurrent Scan Root Regions
[18.935s][info][gc,marking    ] GC(1107) Concurrent Scan Root Regions 0.087ms
[18.935s][info][gc,marking    ] GC(1107) Concurrent Mark (18.935s)
[18.935s][info][gc,marking    ] GC(1107) Concurrent Mark From Roots
[18.935s][info][gc,task       ] GC(1107) Using 2 workers of 2 for marking
[18.942s][info][gc,marking    ] GC(1107) Concurrent Mark From Roots 6.702ms
[18.942s][info][gc,marking    ] GC(1107) Concurrent Preclean
[18.942s][info][gc,marking    ] GC(1107) Concurrent Preclean 0.102ms
[18.942s][info][gc,marking    ] GC(1107) Concurrent Mark (18.935s, 18.942s) 6.920ms
[18.942s][info][gc,start      ] GC(1107) Pause Remark
[18.943s][info][gc,stringtable] GC(1107) Cleaned string and symbol table, strings: 4350 processed, 0 removed, symbols: 36588 processed, 0 removed
[18.943s][info][gc            ] GC(1107) Pause Remark 2556M->2556M(2562M) 1.313ms
[18.943s][info][gc,cpu        ] GC(1107) User=0.01s Sys=0.00s Real=0.00s
[18.943s][info][gc,marking    ] GC(1107) Concurrent Rebuild Remembered Sets
[18.948s][info][gc,marking    ] GC(1107) Concurrent Rebuild Remembered Sets 4.976ms
[18.949s][info][gc,start      ] GC(1107) Pause Cleanup
[18.949s][info][gc            ] GC(1107) Pause Cleanup 2559M->2559M(2564M) 0.356ms
[18.949s][info][gc,cpu        ] GC(1107) User=0.00s Sys=0.00s Real=0.00s
[18.949s][info][gc,marking    ] GC(1107) Concurrent Cleanup for Next Mark
[18.952s][info][gc,marking    ] GC(1107) Concurrent Cleanup for Next Mark 3.147ms
[18.952s][info][gc            ] GC(1107) Concurrent Cycle 17.544ms
[18.958s][info][gc,start      ] GC(1108) Pause Young (Concurrent Start) (G1 Humongous Allocation)
[18.958s][info][gc,task       ] GC(1108) Using 8 workers of 8 for evacuation
[18.959s][info][gc,phases     ] GC(1108)   Pre Evacuate Collection Set: 0.5ms
[18.959s][info][gc,phases     ] GC(1108)   Evacuate Collection Set: 0.6ms
[18.959s][info][gc,phases     ] GC(1108)   Post Evacuate Collection Set: 0.2ms
[18.959s][info][gc,phases     ] GC(1108)   Other: 0.2ms
[18.959s][info][gc,heap       ] GC(1108) Eden regions: 4->0(127)
[18.959s][info][gc,heap       ] GC(1108) Survivor regions: 1->1(16)
[18.959s][info][gc,heap       ] GC(1108) Old regions: 27->27
[18.959s][info][gc,heap       ] GC(1108) Humongous regions: 2530->2530
[18.960s][info][gc,metaspace  ] GC(1108) Metaspace: 9862K->9862K(1058816K)
[18.960s][info][gc            ] GC(1108) Pause Young (Concurrent Start) (G1 Humongous Allocation) 2560M->2556M(2564M) 1.593ms
[18.960s][info][gc,cpu        ] GC(1108) User=0.00s Sys=0.00s Real=0.00s
[18.960s][info][gc            ] GC(1109) Concurrent Cycle
[18.960s][info][gc,marking    ] GC(1109) Concurrent Clear Claimed Marks
[18.960s][info][gc,marking    ] GC(1109) Concurrent Clear Claimed Marks 0.014ms
[18.960s][info][gc,marking    ] GC(1109) Concurrent Scan Root Regions
[18.960s][info][gc,marking    ] GC(1109) Concurrent Scan Root Regions 0.094ms
[18.960s][info][gc,marking    ] GC(1109) Concurrent Mark (18.960s)
[18.960s][info][gc,marking    ] GC(1109) Concurrent Mark From Roots
[18.960s][info][gc,task       ] GC(1109) Using 2 workers of 2 for marking
[18.965s][info][gc,marking    ] GC(1109) Concurrent Mark From Roots 5.333ms
[18.965s][info][gc,marking    ] GC(1109) Concurrent Preclean
[18.965s][info][gc,marking    ] GC(1109) Concurrent Preclean 0.068ms
[18.965s][info][gc,marking    ] GC(1109) Concurrent Mark (18.960s, 18.965s) 5.448ms
[18.965s][info][gc,start      ] GC(1109) Pause Remark
[18.967s][info][gc,stringtable] GC(1109) Cleaned string and symbol table, strings: 4350 processed, 0 removed, symbols: 36588 processed, 0 removed
[18.967s][info][gc            ] GC(1109) Pause Remark 2559M->2559M(2566M) 1.743ms
[18.967s][info][gc,cpu        ] GC(1109) User=0.01s Sys=0.00s Real=0.00s
[18.967s][info][gc,marking    ] GC(1109) Concurrent Rebuild Remembered Sets
[18.972s][info][gc,marking    ] GC(1109) Concurrent Rebuild Remembered Sets 4.984ms
[18.973s][info][gc,start      ] GC(1109) Pause Cleanup
[18.974s][info][gc            ] GC(1109) Pause Cleanup 2562M->2562M(2568M) 0.432ms
[18.974s][info][gc,cpu        ] GC(1109) User=0.00s Sys=0.00s Real=0.00s
[18.974s][info][gc,marking    ] GC(1109) Concurrent Cleanup for Next Mark
[18.977s][info][gc,marking    ] GC(1109) Concurrent Cleanup for Next Mark 3.482ms
[18.977s][info][gc            ] GC(1109) Concurrent Cycle 17.599ms
[18.983s][info][gc,start      ] GC(1110) Pause Young (Concurrent Start) (G1 Humongous Allocation)
[18.983s][info][gc,task       ] GC(1110) Using 8 workers of 8 for evacuation
[18.986s][info][gc,phases     ] GC(1110)   Pre Evacuate Collection Set: 0.7ms
[18.986s][info][gc,phases     ] GC(1110)   Evacuate Collection Set: 1.5ms
[18.986s][info][gc,phases     ] GC(1110)   Post Evacuate Collection Set: 0.2ms
[18.986s][info][gc,phases     ] GC(1110)   Other: 0.4ms
[18.986s][info][gc,heap       ] GC(1110) Eden regions: 4->0(127)
[18.986s][info][gc,heap       ] GC(1110) Survivor regions: 1->1(16)
[18.986s][info][gc,heap       ] GC(1110) Old regions: 27->27
[18.986s][info][gc,heap       ] GC(1110) Humongous regions: 2534->2534
[18.986s][info][gc,metaspace  ] GC(1110) Metaspace: 9862K->9862K(1058816K)
[18.986s][info][gc            ] GC(1110) Pause Young (Concurrent Start) (G1 Humongous Allocation) 2564M->2560M(2568M) 3.000ms
[18.986s][info][gc,cpu        ] GC(1110) User=0.01s Sys=0.00s Real=0.00s
[18.986s][info][gc            ] GC(1111) Concurrent Cycle
[18.986s][info][gc,marking    ] GC(1111) Concurrent Clear Claimed Marks
[18.987s][info][gc,marking    ] GC(1111) Concurrent Clear Claimed Marks 0.070ms
[18.987s][info][gc,marking    ] GC(1111) Concurrent Scan Root Regions
[18.987s][info][gc,marking    ] GC(1111) Concurrent Scan Root Regions 0.068ms
[18.987s][info][gc,marking    ] GC(1111) Concurrent Mark (18.987s)
[18.987s][info][gc,marking    ] GC(1111) Concurrent Mark From Roots
[18.987s][info][gc,task       ] GC(1111) Using 2 workers of 2 for marking
[18.994s][info][gc,marking    ] GC(1111) Concurrent Mark From Roots 6.936ms
[18.994s][info][gc,marking    ] GC(1111) Concurrent Preclean
[18.994s][info][gc,marking    ] GC(1111) Concurrent Preclean 0.074ms
[18.994s][info][gc,marking    ] GC(1111) Concurrent Mark (18.987s, 18.994s) 7.075ms
[18.994s][info][gc,start      ] GC(1111) Pause Remark
[18.995s][info][gc,stringtable] GC(1111) Cleaned string and symbol table, strings: 4350 processed, 0 removed, symbols: 36588 processed, 0 removed
[18.995s][info][gc            ] GC(1111) Pause Remark 2564M->2564M(2570M) 1.661ms
[18.995s][info][gc,cpu        ] GC(1111) User=0.01s Sys=0.01s Real=0.00s
[18.996s][info][gc,marking    ] GC(1111) Concurrent Rebuild Remembered Sets
[19.001s][info][gc,marking    ] GC(1111) Concurrent Rebuild Remembered Sets 5.327ms
[19.002s][info][gc,start      ] GC(1111) Pause Cleanup
[19.002s][info][gc            ] GC(1111) Pause Cleanup 2566M->2566M(2572M) 0.340ms
[19.002s][info][gc,cpu        ] GC(1111) User=0.00s Sys=0.00s Real=0.00s
[19.002s][info][gc,marking    ] GC(1111) Concurrent Cleanup for Next Mark
[19.005s][info][gc,marking    ] GC(1111) Concurrent Cleanup for Next Mark 3.160ms
[19.005s][info][gc            ] GC(1111) Concurrent Cycle 18.699ms
[19.012s][info][gc,start      ] GC(1112) Pause Young (Concurrent Start) (G1 Humongous Allocation)
[19.012s][info][gc,task       ] GC(1112) Using 8 workers of 8 for evacuation
[19.014s][info][gc,phases     ] GC(1112)   Pre Evacuate Collection Set: 0.7ms
[19.014s][info][gc,phases     ] GC(1112)   Evacuate Collection Set: 0.7ms
[19.014s][info][gc,phases     ] GC(1112)   Post Evacuate Collection Set: 0.2ms
[19.014s][info][gc,phases     ] GC(1112)   Other: 0.6ms
[19.014s][info][gc,heap       ] GC(1112) Eden regions: 4->0(127)
[19.014s][info][gc,heap       ] GC(1112) Survivor regions: 1->1(16)
[19.014s][info][gc,heap       ] GC(1112) Old regions: 27->27
[19.014s][info][gc,heap       ] GC(1112) Humongous regions: 2538->2538
[19.014s][info][gc,metaspace  ] GC(1112) Metaspace: 9862K->9862K(1058816K)
[19.014s][info][gc            ] GC(1112) Pause Young (Concurrent Start) (G1 Humongous Allocation) 2568M->2564M(2572M) 2.305ms
[19.014s][info][gc,cpu        ] GC(1112) User=0.00s Sys=0.00s Real=0.00s
[19.014s][info][gc            ] GC(1113) Concurrent Cycle
[19.014s][info][gc,marking    ] GC(1113) Concurrent Clear Claimed Marks
[19.014s][info][gc,marking    ] GC(1113) Concurrent Clear Claimed Marks 0.025ms
[19.014s][info][gc,marking    ] GC(1113) Concurrent Scan Root Regions
[19.014s][info][gc,marking    ] GC(1113) Concurrent Scan Root Regions 0.143ms
[19.014s][info][gc,marking    ] GC(1113) Concurrent Mark (19.014s)
[19.014s][info][gc,marking    ] GC(1113) Concurrent Mark From Roots
[19.014s][info][gc,task       ] GC(1113) Using 2 workers of 2 for marking
[19.021s][info][gc,marking    ] GC(1113) Concurrent Mark From Roots 6.083ms
[19.021s][info][gc,marking    ] GC(1113) Concurrent Preclean
[19.021s][info][gc,marking    ] GC(1113) Concurrent Preclean 0.074ms
[19.021s][info][gc,marking    ] GC(1113) Concurrent Mark (19.014s, 19.021s) 6.243ms
[19.021s][info][gc,start      ] GC(1113) Pause Remark
[19.022s][info][gc,stringtable] GC(1113) Cleaned string and symbol table, strings: 4350 processed, 0 removed, symbols: 36588 processed, 0 removed
[19.022s][info][gc            ] GC(1113) Pause Remark 2568M->2568M(2574M) 1.631ms
[19.022s][info][gc,cpu        ] GC(1113) User=0.01s Sys=0.00s Real=0.01s
[19.023s][info][gc,marking    ] GC(1113) Concurrent Rebuild Remembered Sets
[19.028s][info][gc,marking    ] GC(1113) Concurrent Rebuild Remembered Sets 5.186ms
[19.028s][info][gc,start      ] GC(1113) Pause Cleanup
[19.028s][info][gc            ] GC(1113) Pause Cleanup 2570M->2570M(2576M) 0.257ms
[19.028s][info][gc,cpu        ] GC(1113) User=0.01s Sys=0.00s Real=0.00s
[19.029s][info][gc,marking    ] GC(1113) Concurrent Cleanup for Next Mark
[19.032s][info][gc,marking    ] GC(1113) Concurrent Cleanup for Next Mark 3.657ms
[19.032s][info][gc            ] GC(1113) Concurrent Cycle 18.055ms
[19.039s][info][gc,start      ] GC(1114) Pause Young (Concurrent Start) (G1 Humongous Allocation)
[19.039s][info][gc,task       ] GC(1114) Using 8 workers of 8 for evacuation
[19.041s][info][gc,phases     ] GC(1114)   Pre Evacuate Collection Set: 0.6ms
[19.041s][info][gc,phases     ] GC(1114)   Evacuate Collection Set: 1.0ms
[19.041s][info][gc,phases     ] GC(1114)   Post Evacuate Collection Set: 0.2ms
[19.041s][info][gc,phases     ] GC(1114)   Other: 0.3ms
[19.041s][info][gc,heap       ] GC(1114) Eden regions: 4->0(127)
[19.041s][info][gc,heap       ] GC(1114) Survivor regions: 1->1(16)
[19.041s][info][gc,heap       ] GC(1114) Old regions: 27->27
[19.041s][info][gc,heap       ] GC(1114) Humongous regions: 2542->2542
[19.041s][info][gc,metaspace  ] GC(1114) Metaspace: 9862K->9862K(1058816K)
[19.041s][info][gc            ] GC(1114) Pause Young (Concurrent Start) (G1 Humongous Allocation) 2572M->2568M(2576M) 2.172ms
[19.041s][info][gc,cpu        ] GC(1114) User=0.01s Sys=0.00s Real=0.01s
[19.041s][info][gc            ] GC(1115) Concurrent Cycle
[19.041s][info][gc,marking    ] GC(1115) Concurrent Clear Claimed Marks
[19.041s][info][gc,marking    ] GC(1115) Concurrent Clear Claimed Marks 0.013ms
[19.041s][info][gc,marking    ] GC(1115) Concurrent Scan Root Regions
[19.041s][info][gc,marking    ] GC(1115) Concurrent Scan Root Regions 0.078ms
[19.042s][info][gc,marking    ] GC(1115) Concurrent Mark (19.042s)
[19.042s][info][gc,marking    ] GC(1115) Concurrent Mark From Roots
[19.042s][info][gc,task       ] GC(1115) Using 2 workers of 2 for marking
[19.047s][info][gc,marking    ] GC(1115) Concurrent Mark From Roots 5.929ms
[19.048s][info][gc,marking    ] GC(1115) Concurrent Preclean
[19.048s][info][gc,marking    ] GC(1115) Concurrent Preclean 0.119ms
[19.048s][info][gc,marking    ] GC(1115) Concurrent Mark (19.042s, 19.048s) 6.154ms
[19.048s][info][gc,start      ] GC(1115) Pause Remark
[19.049s][info][gc,stringtable] GC(1115) Cleaned string and symbol table, strings: 4350 processed, 0 removed, symbols: 36588 processed, 0 removed
[19.049s][info][gc            ] GC(1115) Pause Remark 2572M->2572M(2578M) 1.222ms
[19.049s][info][gc,cpu        ] GC(1115) User=0.00s Sys=0.00s Real=0.00s
[19.049s][info][gc,marking    ] GC(1115) Concurrent Rebuild Remembered Sets
[19.055s][info][gc,marking    ] GC(1115) Concurrent Rebuild Remembered Sets 5.480ms
[19.055s][info][gc,start      ] GC(1115) Pause Cleanup
[19.056s][info][gc            ] GC(1115) Pause Cleanup 2574M->2574M(2580M) 0.308ms
[19.056s][info][gc,cpu        ] GC(1115) User=0.00s Sys=0.00s Real=0.00s
[19.056s][info][gc,marking    ] GC(1115) Concurrent Cleanup for Next Mark
[19.059s][info][gc,marking    ] GC(1115) Concurrent Cleanup for Next Mark 3.205ms
[19.059s][info][gc            ] GC(1115) Concurrent Cycle 17.693ms
[19.066s][info][gc,start      ] GC(1116) Pause Young (Concurrent Start) (G1 Humongous Allocation)
[19.066s][info][gc,task       ] GC(1116) Using 8 workers of 8 for evacuation
[19.068s][info][gc,phases     ] GC(1116)   Pre Evacuate Collection Set: 0.6ms
[19.068s][info][gc,phases     ] GC(1116)   Evacuate Collection Set: 0.6ms
[19.068s][info][gc,phases     ] GC(1116)   Post Evacuate Collection Set: 0.7ms
[19.068s][info][gc,phases     ] GC(1116)   Other: 0.3ms
[19.068s][info][gc,heap       ] GC(1116) Eden regions: 4->0(131)
[19.068s][info][gc,heap       ] GC(1116) Survivor regions: 1->1(16)
[19.068s][info][gc,heap       ] GC(1116) Old regions: 27->27
[19.068s][info][gc,heap       ] GC(1116) Humongous regions: 2546->2546
[19.068s][info][gc,metaspace  ] GC(1116) Metaspace: 9862K->9862K(1058816K)
[19.068s][info][gc            ] GC(1116) Pause Young (Concurrent Start) (G1 Humongous Allocation) 2576M->2572M(2641M) 2.310ms
[19.068s][info][gc,cpu        ] GC(1116) User=0.01s Sys=0.00s Real=0.00s
[19.068s][info][gc            ] GC(1117) Concurrent Cycle
[19.068s][info][gc,marking    ] GC(1117) Concurrent Clear Claimed Marks
[19.068s][info][gc,marking    ] GC(1117) Concurrent Clear Claimed Marks 0.037ms
[19.068s][info][gc,marking    ] GC(1117) Concurrent Scan Root Regions
[19.068s][info][gc,marking    ] GC(1117) Concurrent Scan Root Regions 0.114ms
[19.068s][info][gc,marking    ] GC(1117) Concurrent Mark (19.068s)
[19.068s][info][gc,marking    ] GC(1117) Concurrent Mark From Roots
[19.068s][info][gc,task       ] GC(1117) Using 2 workers of 2 for marking
[19.074s][info][gc,marking    ] GC(1117) Concurrent Mark From Roots 5.428ms
[19.074s][info][gc,marking    ] GC(1117) Concurrent Preclean
[19.074s][info][gc,marking    ] GC(1117) Concurrent Preclean 0.068ms
[19.074s][info][gc,marking    ] GC(1117) Concurrent Mark (19.068s, 19.074s) 5.553ms
[19.074s][info][gc,start      ] GC(1117) Pause Remark
[19.075s][info][gc,stringtable] GC(1117) Cleaned string and symbol table, strings: 4350 processed, 0 removed, symbols: 36588 processed, 0 removed
[19.076s][info][gc            ] GC(1117) Pause Remark 2575M->2575M(2641M) 1.608ms
[19.076s][info][gc,cpu        ] GC(1117) User=0.01s Sys=0.00s Real=0.00s
[19.076s][info][gc,marking    ] GC(1117) Concurrent Rebuild Remembered Sets
[19.081s][info][gc,marking    ] GC(1117) Concurrent Rebuild Remembered Sets 5.189ms
[19.081s][info][gc,start      ] GC(1117) Pause Cleanup
[19.082s][info][gc            ] GC(1117) Pause Cleanup 2576M->2576M(2641M) 0.502ms
[19.082s][info][gc,cpu        ] GC(1117) User=0.00s Sys=0.00s Real=0.01s
[19.082s][info][gc,marking    ] GC(1117) Concurrent Cleanup for Next Mark
[19.085s][info][gc,marking    ] GC(1117) Concurrent Cleanup for Next Mark 3.455ms
[19.085s][info][gc            ] GC(1117) Concurrent Cycle 17.086ms
[19.094s][info][gc,start      ] GC(1118) Pause Young (Concurrent Start) (G1 Humongous Allocation)
[19.094s][info][gc,task       ] GC(1118) Using 8 workers of 8 for evacuation
[19.096s][info][gc,phases     ] GC(1118)   Pre Evacuate Collection Set: 0.6ms
[19.096s][info][gc,phases     ] GC(1118)   Evacuate Collection Set: 0.6ms
[19.096s][info][gc,phases     ] GC(1118)   Post Evacuate Collection Set: 0.2ms
[19.096s][info][gc,phases     ] GC(1118)   Other: 0.3ms
[19.096s][info][gc,heap       ] GC(1118) Eden regions: 4->0(131)
[19.096s][info][gc,heap       ] GC(1118) Survivor regions: 1->1(17)
[19.096s][info][gc,heap       ] GC(1118) Old regions: 27->27
[19.096s][info][gc,heap       ] GC(1118) Humongous regions: 2550->2550
[19.096s][info][gc,metaspace  ] GC(1118) Metaspace: 9862K->9862K(1058816K)
[19.096s][info][gc            ] GC(1118) Pause Young (Concurrent Start) (G1 Humongous Allocation) 2580M->2576M(2641M) 1.725ms
[19.096s][info][gc,cpu        ] GC(1118) User=0.00s Sys=0.00s Real=0.00s
[19.096s][info][gc            ] GC(1119) Concurrent Cycle
[19.096s][info][gc,marking    ] GC(1119) Concurrent Clear Claimed Marks
[19.096s][info][gc,marking    ] GC(1119) Concurrent Clear Claimed Marks 0.039ms
[19.096s][info][gc,marking    ] GC(1119) Concurrent Scan Root Regions
[19.096s][info][gc,marking    ] GC(1119) Concurrent Scan Root Regions 0.130ms
[19.096s][info][gc,marking    ] GC(1119) Concurrent Mark (19.096s)
[19.096s][info][gc,marking    ] GC(1119) Concurrent Mark From Roots
[19.096s][info][gc,task       ] GC(1119) Using 2 workers of 2 for marking
[19.102s][info][gc,marking    ] GC(1119) Concurrent Mark From Roots 5.670ms
[19.102s][info][gc,marking    ] GC(1119) Concurrent Preclean
[19.102s][info][gc,marking    ] GC(1119) Concurrent Preclean 0.073ms
[19.102s][info][gc,marking    ] GC(1119) Concurrent Mark (19.096s, 19.102s) 5.826ms
[19.102s][info][gc,start      ] GC(1119) Pause Remark
[19.103s][info][gc,stringtable] GC(1119) Cleaned string and symbol table, strings: 4350 processed, 0 removed, symbols: 36588 processed, 0 removed
[19.103s][info][gc            ] GC(1119) Pause Remark 2580M->2580M(2641M) 1.320ms
[19.103s][info][gc,cpu        ] GC(1119) User=0.00s Sys=0.00s Real=0.00s
[19.103s][info][gc,marking    ] GC(1119) Concurrent Rebuild Remembered Sets
[19.108s][info][gc,marking    ] GC(1119) Concurrent Rebuild Remembered Sets 5.107ms
[19.109s][info][gc,start      ] GC(1119) Pause Cleanup
[19.109s][info][gc            ] GC(1119) Pause Cleanup 2582M->2582M(2641M) 0.293ms
[19.109s][info][gc,cpu        ] GC(1119) User=0.00s Sys=0.00s Real=0.00s
[19.109s][info][gc,marking    ] GC(1119) Concurrent Cleanup for Next Mark
[19.113s][info][gc,marking    ] GC(1119) Concurrent Cleanup for Next Mark 3.456ms
[19.113s][info][gc            ] GC(1119) Concurrent Cycle 17.158ms
[19.119s][info][gc,start      ] GC(1120) Pause Young (Concurrent Start) (G1 Humongous Allocation)
[19.119s][info][gc,task       ] GC(1120) Using 8 workers of 8 for evacuation
[19.121s][info][gc,phases     ] GC(1120)   Pre Evacuate Collection Set: 0.6ms
[19.121s][info][gc,phases     ] GC(1120)   Evacuate Collection Set: 0.5ms
[19.121s][info][gc,phases     ] GC(1120)   Post Evacuate Collection Set: 0.1ms
[19.121s][info][gc,phases     ] GC(1120)   Other: 0.4ms
[19.121s][info][gc,heap       ] GC(1120) Eden regions: 4->0(131)
[19.121s][info][gc,heap       ] GC(1120) Survivor regions: 1->1(17)
[19.121s][info][gc,heap       ] GC(1120) Old regions: 27->27
[19.121s][info][gc,heap       ] GC(1120) Humongous regions: 2554->2554
[19.121s][info][gc,metaspace  ] GC(1120) Metaspace: 9862K->9862K(1058816K)
[19.121s][info][gc            ] GC(1120) Pause Young (Concurrent Start) (G1 Humongous Allocation) 2584M->2580M(2641M) 1.677ms
[19.121s][info][gc,cpu        ] GC(1120) User=0.01s Sys=0.00s Real=0.00s
[19.121s][info][gc            ] GC(1121) Concurrent Cycle
[19.121s][info][gc,marking    ] GC(1121) Concurrent Clear Claimed Marks
[19.121s][info][gc,marking    ] GC(1121) Concurrent Clear Claimed Marks 0.032ms
[19.121s][info][gc,marking    ] GC(1121) Concurrent Scan Root Regions
[19.121s][info][gc,marking    ] GC(1121) Concurrent Scan Root Regions 0.117ms
[19.121s][info][gc,marking    ] GC(1121) Concurrent Mark (19.121s)
[19.121s][info][gc,marking    ] GC(1121) Concurrent Mark From Roots
[19.121s][info][gc,task       ] GC(1121) Using 2 workers of 2 for marking
[19.127s][info][gc,marking    ] GC(1121) Concurrent Mark From Roots 5.509ms
[19.127s][info][gc,marking    ] GC(1121) Concurrent Preclean
[19.127s][info][gc,marking    ] GC(1121) Concurrent Preclean 0.083ms
[19.127s][info][gc,marking    ] GC(1121) Concurrent Mark (19.121s, 19.127s) 5.681ms
[19.127s][info][gc,start      ] GC(1121) Pause Remark
[19.129s][info][gc,stringtable] GC(1121) Cleaned string and symbol table, strings: 4350 processed, 0 removed, symbols: 36588 processed, 0 removed
[19.129s][info][gc            ] GC(1121) Pause Remark 2584M->2584M(2641M) 1.887ms
[19.129s][info][gc,cpu        ] GC(1121) User=0.01s Sys=0.00s Real=0.00s
[19.129s][info][gc,marking    ] GC(1121) Concurrent Rebuild Remembered Sets
[19.134s][info][gc,marking    ] GC(1121) Concurrent Rebuild Remembered Sets 5.251ms
[19.135s][info][gc,start      ] GC(1121) Pause Cleanup
[19.136s][info][gc            ] GC(1121) Pause Cleanup 2586M->2586M(2641M) 0.279ms
[19.136s][info][gc,cpu        ] GC(1121) User=0.00s Sys=0.00s Real=0.00s
[19.136s][info][gc,marking    ] GC(1121) Concurrent Cleanup for Next Mark
[19.139s][info][gc,marking    ] GC(1121) Concurrent Cleanup for Next Mark 3.134ms
[19.139s][info][gc            ] GC(1121) Concurrent Cycle 17.626ms
[19.145s][info][gc,start      ] GC(1122) Pause Young (Concurrent Start) (G1 Humongous Allocation)
[19.145s][info][gc,task       ] GC(1122) Using 8 workers of 8 for evacuation
[19.147s][info][gc,phases     ] GC(1122)   Pre Evacuate Collection Set: 0.6ms
[19.147s][info][gc,phases     ] GC(1122)   Evacuate Collection Set: 0.6ms
[19.147s][info][gc,phases     ] GC(1122)   Post Evacuate Collection Set: 0.3ms
[19.147s][info][gc,phases     ] GC(1122)   Other: 0.2ms
[19.147s][info][gc,heap       ] GC(1122) Eden regions: 4->0(131)
[19.147s][info][gc,heap       ] GC(1122) Survivor regions: 1->1(17)
[19.147s][info][gc,heap       ] GC(1122) Old regions: 27->27
[19.147s][info][gc,heap       ] GC(1122) Humongous regions: 2558->2558
[19.147s][info][gc,metaspace  ] GC(1122) Metaspace: 9862K->9862K(1058816K)
[19.147s][info][gc            ] GC(1122) Pause Young (Concurrent Start) (G1 Humongous Allocation) 2588M->2584M(2641M) 1.853ms
[19.147s][info][gc,cpu        ] GC(1122) User=0.00s Sys=0.00s Real=0.00s
[19.147s][info][gc            ] GC(1123) Concurrent Cycle
[19.147s][info][gc,marking    ] GC(1123) Concurrent Clear Claimed Marks
[19.147s][info][gc,marking    ] GC(1123) Concurrent Clear Claimed Marks 0.025ms
[19.147s][info][gc,marking    ] GC(1123) Concurrent Scan Root Regions
[19.147s][info][gc,marking    ] GC(1123) Concurrent Scan Root Regions 0.057ms
[19.147s][info][gc,marking    ] GC(1123) Concurrent Mark (19.147s)
[19.147s][info][gc,marking    ] GC(1123) Concurrent Mark From Roots
[19.147s][info][gc,task       ] GC(1123) Using 2 workers of 2 for marking
[19.153s][info][gc,marking    ] GC(1123) Concurrent Mark From Roots 5.429ms
[19.153s][info][gc,marking    ] GC(1123) Concurrent Preclean
[19.153s][info][gc,marking    ] GC(1123) Concurrent Preclean 0.069ms
[19.153s][info][gc,marking    ] GC(1123) Concurrent Mark (19.147s, 19.153s) 5.571ms
[19.153s][info][gc,start      ] GC(1123) Pause Remark
[19.154s][info][gc,stringtable] GC(1123) Cleaned string and symbol table, strings: 4350 processed, 0 removed, symbols: 36588 processed, 0 removed
[19.154s][info][gc            ] GC(1123) Pause Remark 2588M->2588M(2641M) 1.340ms
[19.154s][info][gc,cpu        ] GC(1123) User=0.00s Sys=0.00s Real=0.00s
[19.154s][info][gc,marking    ] GC(1123) Concurrent Rebuild Remembered Sets
[19.159s][info][gc,marking    ] GC(1123) Concurrent Rebuild Remembered Sets 5.048ms
[19.160s][info][gc,start      ] GC(1123) Pause Cleanup
[19.160s][info][gc            ] GC(1123) Pause Cleanup 2590M->2590M(2641M) 0.267ms
[19.160s][info][gc,cpu        ] GC(1123) User=0.00s Sys=0.00s Real=0.00s
[19.160s][info][gc,marking    ] GC(1123) Concurrent Cleanup for Next Mark
[19.164s][info][gc,marking    ] GC(1123) Concurrent Cleanup for Next Mark 3.422ms
[19.164s][info][gc            ] GC(1123) Concurrent Cycle 16.845ms
[19.170s][info][gc,start      ] GC(1124) Pause Young (Concurrent Start) (G1 Humongous Allocation)
[19.170s][info][gc,task       ] GC(1124) Using 8 workers of 8 for evacuation
[19.172s][info][gc,phases     ] GC(1124)   Pre Evacuate Collection Set: 0.6ms
[19.172s][info][gc,phases     ] GC(1124)   Evacuate Collection Set: 0.6ms
[19.172s][info][gc,phases     ] GC(1124)   Post Evacuate Collection Set: 0.2ms
[19.172s][info][gc,phases     ] GC(1124)   Other: 0.3ms
[19.172s][info][gc,heap       ] GC(1124) Eden regions: 4->0(131)
[19.172s][info][gc,heap       ] GC(1124) Survivor regions: 1->1(17)
[19.172s][info][gc,heap       ] GC(1124) Old regions: 27->27
[19.172s][info][gc,heap       ] GC(1124) Humongous regions: 2562->2562
[19.172s][info][gc,metaspace  ] GC(1124) Metaspace: 9862K->9862K(1058816K)
[19.172s][info][gc            ] GC(1124) Pause Young (Concurrent Start) (G1 Humongous Allocation) 2592M->2588M(2641M) 1.735ms
[19.172s][info][gc,cpu        ] GC(1124) User=0.01s Sys=0.00s Real=0.01s
[19.172s][info][gc            ] GC(1125) Concurrent Cycle
[19.172s][info][gc,marking    ] GC(1125) Concurrent Clear Claimed Marks
[19.172s][info][gc,marking    ] GC(1125) Concurrent Clear Claimed Marks 0.036ms
[19.172s][info][gc,marking    ] GC(1125) Concurrent Scan Root Regions
[19.172s][info][gc,marking    ] GC(1125) Concurrent Scan Root Regions 0.062ms
[19.172s][info][gc,marking    ] GC(1125) Concurrent Mark (19.172s)
[19.172s][info][gc,marking    ] GC(1125) Concurrent Mark From Roots
[19.172s][info][gc,task       ] GC(1125) Using 2 workers of 2 for marking
[19.178s][info][gc,marking    ] GC(1125) Concurrent Mark From Roots 5.740ms
[19.178s][info][gc,marking    ] GC(1125) Concurrent Preclean
[19.178s][info][gc,marking    ] GC(1125) Concurrent Preclean 0.096ms
[19.178s][info][gc,marking    ] GC(1125) Concurrent Mark (19.172s, 19.178s) 5.954ms
[19.178s][info][gc,start      ] GC(1125) Pause Remark
[19.179s][info][gc,stringtable] GC(1125) Cleaned string and symbol table, strings: 4350 processed, 0 removed, symbols: 36588 processed, 0 removed
[19.180s][info][gc            ] GC(1125) Pause Remark 2592M->2592M(2641M) 1.674ms
[19.180s][info][gc,cpu        ] GC(1125) User=0.01s Sys=0.00s Real=0.00s
[19.180s][info][gc,marking    ] GC(1125) Concurrent Rebuild Remembered Sets
[19.186s][info][gc,marking    ] GC(1125) Concurrent Rebuild Remembered Sets 5.583ms
[19.186s][info][gc,start      ] GC(1125) Pause Cleanup
[19.186s][info][gc            ] GC(1125) Pause Cleanup 2594M->2594M(2641M) 0.427ms
[19.186s][info][gc,cpu        ] GC(1125) User=0.00s Sys=0.00s Real=0.00s
[19.186s][info][gc,marking    ] GC(1125) Concurrent Cleanup for Next Mark
[19.190s][info][gc,marking    ] GC(1125) Concurrent Cleanup for Next Mark 4.187ms
[19.191s][info][gc            ] GC(1125) Concurrent Cycle 18.599ms
[19.199s][info][gc,start      ] GC(1126) Pause Young (Concurrent Start) (G1 Humongous Allocation)
[19.199s][info][gc,task       ] GC(1126) Using 8 workers of 8 for evacuation
[19.200s][info][gc,phases     ] GC(1126)   Pre Evacuate Collection Set: 0.6ms
[19.200s][info][gc,phases     ] GC(1126)   Evacuate Collection Set: 0.5ms
[19.200s][info][gc,phases     ] GC(1126)   Post Evacuate Collection Set: 0.1ms
[19.200s][info][gc,phases     ] GC(1126)   Other: 0.3ms
[19.200s][info][gc,heap       ] GC(1126) Eden regions: 4->0(131)
[19.200s][info][gc,heap       ] GC(1126) Survivor regions: 1->1(17)
[19.200s][info][gc,heap       ] GC(1126) Old regions: 27->27
[19.200s][info][gc,heap       ] GC(1126) Humongous regions: 2566->2566
[19.200s][info][gc,metaspace  ] GC(1126) Metaspace: 9862K->9862K(1058816K)
[19.200s][info][gc            ] GC(1126) Pause Young (Concurrent Start) (G1 Humongous Allocation) 2596M->2592M(2641M) 1.634ms
[19.200s][info][gc,cpu        ] GC(1126) User=0.00s Sys=0.00s Real=0.00s
[19.200s][info][gc            ] GC(1127) Concurrent Cycle
[19.200s][info][gc,marking    ] GC(1127) Concurrent Clear Claimed Marks
[19.200s][info][gc,marking    ] GC(1127) Concurrent Clear Claimed Marks 0.010ms
[19.200s][info][gc,marking    ] GC(1127) Concurrent Scan Root Regions
[19.200s][info][gc,marking    ] GC(1127) Concurrent Scan Root Regions 0.053ms
[19.200s][info][gc,marking    ] GC(1127) Concurrent Mark (19.200s)
[19.200s][info][gc,marking    ] GC(1127) Concurrent Mark From Roots
[19.200s][info][gc,task       ] GC(1127) Using 2 workers of 2 for marking
[19.206s][info][gc,marking    ] GC(1127) Concurrent Mark From Roots 5.436ms
[19.206s][info][gc,marking    ] GC(1127) Concurrent Preclean
[19.206s][info][gc,marking    ] GC(1127) Concurrent Preclean 0.069ms
[19.206s][info][gc,marking    ] GC(1127) Concurrent Mark (19.200s, 19.206s) 5.554ms
[19.206s][info][gc,start      ] GC(1127) Pause Remark
[19.207s][info][gc,stringtable] GC(1127) Cleaned string and symbol table, strings: 4350 processed, 0 removed, symbols: 36588 processed, 0 removed
[19.207s][info][gc            ] GC(1127) Pause Remark 2596M->2596M(2641M) 1.067ms
[19.207s][info][gc,cpu        ] GC(1127) User=0.00s Sys=0.00s Real=0.00s
[19.207s][info][gc,marking    ] GC(1127) Concurrent Rebuild Remembered Sets
[19.212s][info][gc,marking    ] GC(1127) Concurrent Rebuild Remembered Sets 5.104ms
[19.213s][info][gc,start      ] GC(1127) Pause Cleanup
[19.214s][info][gc            ] GC(1127) Pause Cleanup 2598M->2598M(2641M) 0.463ms
[19.214s][info][gc,cpu        ] GC(1127) User=0.00s Sys=0.00s Real=0.00s
[19.214s][info][gc,marking    ] GC(1127) Concurrent Cleanup for Next Mark
[19.217s][info][gc,marking    ] GC(1127) Concurrent Cleanup for Next Mark 3.399ms
[19.217s][info][gc            ] GC(1127) Concurrent Cycle 17.024ms
[19.224s][info][gc,start      ] GC(1128) Pause Young (Concurrent Start) (G1 Humongous Allocation)
[19.224s][info][gc,task       ] GC(1128) Using 8 workers of 8 for evacuation
[19.225s][info][gc,phases     ] GC(1128)   Pre Evacuate Collection Set: 0.6ms
[19.225s][info][gc,phases     ] GC(1128)   Evacuate Collection Set: 0.6ms
[19.225s][info][gc,phases     ] GC(1128)   Post Evacuate Collection Set: 0.2ms
[19.225s][info][gc,phases     ] GC(1128)   Other: 0.3ms
[19.225s][info][gc,heap       ] GC(1128) Eden regions: 4->0(131)
[19.225s][info][gc,heap       ] GC(1128) Survivor regions: 1->1(17)
[19.225s][info][gc,heap       ] GC(1128) Old regions: 27->27
[19.225s][info][gc,heap       ] GC(1128) Humongous regions: 2570->2570
[19.225s][info][gc,metaspace  ] GC(1128) Metaspace: 9862K->9862K(1058816K)
[19.225s][info][gc            ] GC(1128) Pause Young (Concurrent Start) (G1 Humongous Allocation) 2600M->2596M(2641M) 1.752ms
[19.225s][info][gc,cpu        ] GC(1128) User=0.00s Sys=0.00s Real=0.00s
[19.225s][info][gc            ] GC(1129) Concurrent Cycle
[19.225s][info][gc,marking    ] GC(1129) Concurrent Clear Claimed Marks
[19.226s][info][gc,marking    ] GC(1129) Concurrent Clear Claimed Marks 0.027ms
[19.226s][info][gc,marking    ] GC(1129) Concurrent Scan Root Regions
[19.226s][info][gc,marking    ] GC(1129) Concurrent Scan Root Regions 0.081ms
[19.226s][info][gc,marking    ] GC(1129) Concurrent Mark (19.226s)
[19.226s][info][gc,marking    ] GC(1129) Concurrent Mark From Roots
[19.226s][info][gc,task       ] GC(1129) Using 2 workers of 2 for marking
[19.232s][info][gc,marking    ] GC(1129) Concurrent Mark From Roots 5.975ms
[19.232s][info][gc,marking    ] GC(1129) Concurrent Preclean
[19.232s][info][gc,marking    ] GC(1129) Concurrent Preclean 0.076ms
[19.232s][info][gc,marking    ] GC(1129) Concurrent Mark (19.226s, 19.232s) 6.131ms
[19.232s][info][gc,start      ] GC(1129) Pause Remark
[19.233s][info][gc,stringtable] GC(1129) Cleaned string and symbol table, strings: 4350 processed, 0 removed, symbols: 36588 processed, 0 removed
[19.233s][info][gc            ] GC(1129) Pause Remark 2600M->2600M(2641M) 1.254ms
[19.233s][info][gc,cpu        ] GC(1129) User=0.00s Sys=0.00s Real=0.00s
[19.233s][info][gc,marking    ] GC(1129) Concurrent Rebuild Remembered Sets
[19.238s][info][gc,marking    ] GC(1129) Concurrent Rebuild Remembered Sets 5.035ms
[19.239s][info][gc,start      ] GC(1129) Pause Cleanup
[19.239s][info][gc            ] GC(1129) Pause Cleanup 2602M->2602M(2641M) 0.358ms
[19.239s][info][gc,cpu        ] GC(1129) User=0.00s Sys=0.00s Real=0.00s
[19.239s][info][gc,marking    ] GC(1129) Concurrent Cleanup for Next Mark
[19.243s][info][gc,marking    ] GC(1129) Concurrent Cleanup for Next Mark 3.325ms
[19.243s][info][gc            ] GC(1129) Concurrent Cycle 17.196ms
[19.249s][info][gc,start      ] GC(1130) Pause Young (Concurrent Start) (G1 Humongous Allocation)
[19.249s][info][gc,task       ] GC(1130) Using 8 workers of 8 for evacuation
[19.251s][info][gc,phases     ] GC(1130)   Pre Evacuate Collection Set: 0.6ms
[19.251s][info][gc,phases     ] GC(1130)   Evacuate Collection Set: 0.6ms
[19.251s][info][gc,phases     ] GC(1130)   Post Evacuate Collection Set: 0.1ms
[19.251s][info][gc,phases     ] GC(1130)   Other: 0.3ms
[19.251s][info][gc,heap       ] GC(1130) Eden regions: 4->0(131)
[19.251s][info][gc,heap       ] GC(1130) Survivor regions: 1->1(17)
[19.251s][info][gc,heap       ] GC(1130) Old regions: 27->27
[19.251s][info][gc,heap       ] GC(1130) Humongous regions: 2574->2574
[19.251s][info][gc,metaspace  ] GC(1130) Metaspace: 9862K->9862K(1058816K)
[19.251s][info][gc            ] GC(1130) Pause Young (Concurrent Start) (G1 Humongous Allocation) 2604M->2600M(2641M) 1.663ms
[19.251s][info][gc,cpu        ] GC(1130) User=0.01s Sys=0.00s Real=0.00s
[19.251s][info][gc            ] GC(1131) Concurrent Cycle
[19.251s][info][gc,marking    ] GC(1131) Concurrent Clear Claimed Marks
[19.251s][info][gc,marking    ] GC(1131) Concurrent Clear Claimed Marks 0.013ms
[19.251s][info][gc,marking    ] GC(1131) Concurrent Scan Root Regions
[19.251s][info][gc,marking    ] GC(1131) Concurrent Scan Root Regions 0.067ms
[19.251s][info][gc,marking    ] GC(1131) Concurrent Mark (19.251s)
[19.251s][info][gc,marking    ] GC(1131) Concurrent Mark From Roots
[19.251s][info][gc,task       ] GC(1131) Using 2 workers of 2 for marking
[19.257s][info][gc,marking    ] GC(1131) Concurrent Mark From Roots 5.526ms
[19.257s][info][gc,marking    ] GC(1131) Concurrent Preclean
[19.257s][info][gc,marking    ] GC(1131) Concurrent Preclean 0.072ms
[19.257s][info][gc,marking    ] GC(1131) Concurrent Mark (19.251s, 19.257s) 5.649ms
[19.257s][info][gc,start      ] GC(1131) Pause Remark
[19.258s][info][gc,stringtable] GC(1131) Cleaned string and symbol table, strings: 4350 processed, 0 removed, symbols: 36588 processed, 0 removed
[19.259s][info][gc            ] GC(1131) Pause Remark 2604M->2604M(2641M) 1.681ms
[19.259s][info][gc,cpu        ] GC(1131) User=0.01s Sys=0.00s Real=0.00s
[19.259s][info][gc,marking    ] GC(1131) Concurrent Rebuild Remembered Sets
[19.264s][info][gc,marking    ] GC(1131) Concurrent Rebuild Remembered Sets 5.155ms
[19.265s][info][gc,start      ] GC(1131) Pause Cleanup
[19.265s][info][gc            ] GC(1131) Pause Cleanup 2606M->2606M(2641M) 0.324ms
[19.265s][info][gc,cpu        ] GC(1131) User=0.00s Sys=0.00s Real=0.00s
[19.265s][info][gc,marking    ] GC(1131) Concurrent Cleanup for Next Mark
[19.268s][info][gc,marking    ] GC(1131) Concurrent Cleanup for Next Mark 3.145ms
[19.268s][info][gc            ] GC(1131) Concurrent Cycle 17.081ms
[19.274s][info][gc,start      ] GC(1132) Pause Young (Concurrent Start) (G1 Humongous Allocation)
[19.274s][info][gc,task       ] GC(1132) Using 8 workers of 8 for evacuation
[19.276s][info][gc,phases     ] GC(1132)   Pre Evacuate Collection Set: 0.6ms
[19.276s][info][gc,phases     ] GC(1132)   Evacuate Collection Set: 0.6ms
[19.276s][info][gc,phases     ] GC(1132)   Post Evacuate Collection Set: 0.2ms
[19.276s][info][gc,phases     ] GC(1132)   Other: 0.3ms
[19.276s][info][gc,heap       ] GC(1132) Eden regions: 4->0(131)
[19.276s][info][gc,heap       ] GC(1132) Survivor regions: 1->1(17)
[19.276s][info][gc,heap       ] GC(1132) Old regions: 27->27
[19.276s][info][gc,heap       ] GC(1132) Humongous regions: 2578->2578
[19.276s][info][gc,metaspace  ] GC(1132) Metaspace: 9862K->9862K(1058816K)
[19.276s][info][gc            ] GC(1132) Pause Young (Concurrent Start) (G1 Humongous Allocation) 2608M->2604M(2641M) 1.729ms
[19.276s][info][gc,cpu        ] GC(1132) User=0.01s Sys=0.00s Real=0.00s
[19.276s][info][gc            ] GC(1133) Concurrent Cycle
[19.276s][info][gc,marking    ] GC(1133) Concurrent Clear Claimed Marks
[19.276s][info][gc,marking    ] GC(1133) Concurrent Clear Claimed Marks 0.054ms
[19.276s][info][gc,marking    ] GC(1133) Concurrent Scan Root Regions
[19.276s][info][gc,marking    ] GC(1133) Concurrent Scan Root Regions 0.111ms
[19.276s][info][gc,marking    ] GC(1133) Concurrent Mark (19.276s)
[19.276s][info][gc,marking    ] GC(1133) Concurrent Mark From Roots
[19.277s][info][gc,task       ] GC(1133) Using 2 workers of 2 for marking
[19.282s][info][gc,marking    ] GC(1133) Concurrent Mark From Roots 5.680ms
[19.282s][info][gc,marking    ] GC(1133) Concurrent Preclean
[19.282s][info][gc,marking    ] GC(1133) Concurrent Preclean 0.077ms
[19.282s][info][gc,marking    ] GC(1133) Concurrent Mark (19.276s, 19.282s) 5.824ms
[19.282s][info][gc,start      ] GC(1133) Pause Remark
[19.283s][info][gc,stringtable] GC(1133) Cleaned string and symbol table, strings: 4350 processed, 0 removed, symbols: 36588 processed, 0 removed
[19.284s][info][gc            ] GC(1133) Pause Remark 2608M->2608M(2641M) 1.298ms
[19.284s][info][gc,cpu        ] GC(1133) User=0.01s Sys=0.00s Real=0.00s
[19.284s][info][gc,marking    ] GC(1133) Concurrent Rebuild Remembered Sets
[19.289s][info][gc,marking    ] GC(1133) Concurrent Rebuild Remembered Sets 5.340ms
[19.290s][info][gc,start      ] GC(1133) Pause Cleanup
[19.290s][info][gc            ] GC(1133) Pause Cleanup 2610M->2610M(2641M) 0.342ms
[19.290s][info][gc,cpu        ] GC(1133) User=0.01s Sys=0.01s Real=0.00s
[19.290s][info][gc,marking    ] GC(1133) Concurrent Cleanup for Next Mark
[19.294s][info][gc,marking    ] GC(1133) Concurrent Cleanup for Next Mark 3.270ms
[19.294s][info][gc            ] GC(1133) Concurrent Cycle 17.550ms
[19.300s][info][gc,start      ] GC(1134) Pause Young (Concurrent Start) (G1 Humongous Allocation)
[19.301s][info][gc,task       ] GC(1134) Using 8 workers of 8 for evacuation
[19.302s][info][gc,phases     ] GC(1134)   Pre Evacuate Collection Set: 0.6ms
[19.302s][info][gc,phases     ] GC(1134)   Evacuate Collection Set: 0.6ms
[19.302s][info][gc,phases     ] GC(1134)   Post Evacuate Collection Set: 0.2ms
[19.302s][info][gc,phases     ] GC(1134)   Other: 0.3ms
[19.302s][info][gc,heap       ] GC(1134) Eden regions: 4->0(131)
[19.302s][info][gc,heap       ] GC(1134) Survivor regions: 1->1(17)
[19.302s][info][gc,heap       ] GC(1134) Old regions: 27->27
[19.302s][info][gc,heap       ] GC(1134) Humongous regions: 2582->2582
[19.302s][info][gc,metaspace  ] GC(1134) Metaspace: 9862K->9862K(1058816K)
[19.302s][info][gc            ] GC(1134) Pause Young (Concurrent Start) (G1 Humongous Allocation) 2612M->2608M(2641M) 1.751ms
[19.302s][info][gc,cpu        ] GC(1134) User=0.01s Sys=0.00s Real=0.01s
[19.302s][info][gc            ] GC(1135) Concurrent Cycle
[19.302s][info][gc,marking    ] GC(1135) Concurrent Clear Claimed Marks
[19.302s][info][gc,marking    ] GC(1135) Concurrent Clear Claimed Marks 0.034ms
[19.302s][info][gc,marking    ] GC(1135) Concurrent Scan Root Regions
[19.302s][info][gc,marking    ] GC(1135) Concurrent Scan Root Regions 0.062ms
[19.302s][info][gc,marking    ] GC(1135) Concurrent Mark (19.302s)
[19.302s][info][gc,marking    ] GC(1135) Concurrent Mark From Roots
[19.302s][info][gc,task       ] GC(1135) Using 2 workers of 2 for marking
[19.308s][info][gc,marking    ] GC(1135) Concurrent Mark From Roots 5.461ms
[19.308s][info][gc,marking    ] GC(1135) Concurrent Preclean
[19.308s][info][gc,marking    ] GC(1135) Concurrent Preclean 0.071ms
[19.308s][info][gc,marking    ] GC(1135) Concurrent Mark (19.302s, 19.308s) 5.620ms
[19.308s][info][gc,start      ] GC(1135) Pause Remark
[19.309s][info][gc,stringtable] GC(1135) Cleaned string and symbol table, strings: 4350 processed, 0 removed, symbols: 36588 processed, 0 removed
[19.309s][info][gc            ] GC(1135) Pause Remark 2612M->2612M(2641M) 1.212ms
[19.309s][info][gc,cpu        ] GC(1135) User=0.01s Sys=0.00s Real=0.00s
[19.310s][info][gc,marking    ] GC(1135) Concurrent Rebuild Remembered Sets
[19.315s][info][gc,marking    ] GC(1135) Concurrent Rebuild Remembered Sets 5.355ms
[19.316s][info][gc,start      ] GC(1135) Pause Cleanup
[19.316s][info][gc            ] GC(1135) Pause Cleanup 2614M->2614M(2641M) 0.288ms
[19.316s][info][gc,cpu        ] GC(1135) User=0.00s Sys=0.00s Real=0.00s
[19.316s][info][gc,marking    ] GC(1135) Concurrent Cleanup for Next Mark
[19.319s][info][gc,marking    ] GC(1135) Concurrent Cleanup for Next Mark 3.118ms
[19.319s][info][gc            ] GC(1135) Concurrent Cycle 16.787ms
[19.325s][info][gc,start      ] GC(1136) Pause Young (Concurrent Start) (G1 Humongous Allocation)
[19.326s][info][gc,task       ] GC(1136) Using 8 workers of 8 for evacuation
[19.327s][info][gc,phases     ] GC(1136)   Pre Evacuate Collection Set: 0.6ms
[19.327s][info][gc,phases     ] GC(1136)   Evacuate Collection Set: 0.6ms
[19.327s][info][gc,phases     ] GC(1136)   Post Evacuate Collection Set: 0.2ms
[19.327s][info][gc,phases     ] GC(1136)   Other: 0.3ms
[19.327s][info][gc,heap       ] GC(1136) Eden regions: 4->0(131)
[19.327s][info][gc,heap       ] GC(1136) Survivor regions: 1->1(17)
[19.327s][info][gc,heap       ] GC(1136) Old regions: 27->27
[19.327s][info][gc,heap       ] GC(1136) Humongous regions: 2586->2586
[19.327s][info][gc,metaspace  ] GC(1136) Metaspace: 9862K->9862K(1058816K)
[19.327s][info][gc            ] GC(1136) Pause Young (Concurrent Start) (G1 Humongous Allocation) 2616M->2612M(2641M) 1.683ms
[19.327s][info][gc,cpu        ] GC(1136) User=0.00s Sys=0.00s Real=0.00s
[19.327s][info][gc            ] GC(1137) Concurrent Cycle
[19.327s][info][gc,marking    ] GC(1137) Concurrent Clear Claimed Marks
[19.327s][info][gc,marking    ] GC(1137) Concurrent Clear Claimed Marks 0.013ms
[19.327s][info][gc,marking    ] GC(1137) Concurrent Scan Root Regions
[19.327s][info][gc,marking    ] GC(1137) Concurrent Scan Root Regions 0.081ms
[19.327s][info][gc,marking    ] GC(1137) Concurrent Mark (19.327s)
[19.328s][info][gc,marking    ] GC(1137) Concurrent Mark From Roots
[19.328s][info][gc,task       ] GC(1137) Using 2 workers of 2 for marking
[19.333s][info][gc,marking    ] GC(1137) Concurrent Mark From Roots 5.833ms
[19.333s][info][gc,marking    ] GC(1137) Concurrent Preclean
[19.334s][info][gc,marking    ] GC(1137) Concurrent Preclean 0.149ms
[19.334s][info][gc,marking    ] GC(1137) Concurrent Mark (19.327s, 19.334s) 6.088ms
[19.334s][info][gc,start      ] GC(1137) Pause Remark
[19.335s][info][gc,stringtable] GC(1137) Cleaned string and symbol table, strings: 4350 processed, 0 removed, symbols: 36588 processed, 0 removed
[19.336s][info][gc            ] GC(1137) Pause Remark 2616M->2616M(2641M) 1.856ms
[19.336s][info][gc,cpu        ] GC(1137) User=0.01s Sys=0.00s Real=0.00s
[19.336s][info][gc,marking    ] GC(1137) Concurrent Rebuild Remembered Sets
[19.341s][info][gc,marking    ] GC(1137) Concurrent Rebuild Remembered Sets 5.121ms
[19.341s][info][gc,start      ] GC(1137) Pause Cleanup
[19.342s][info][gc            ] GC(1137) Pause Cleanup 2618M->2618M(2641M) 0.330ms
[19.342s][info][gc,cpu        ] GC(1137) User=0.01s Sys=0.00s Real=0.00s
[19.342s][info][gc,marking    ] GC(1137) Concurrent Cleanup for Next Mark
[19.345s][info][gc,marking    ] GC(1137) Concurrent Cleanup for Next Mark 3.566ms
[19.345s][info][gc            ] GC(1137) Concurrent Cycle 17.952ms
[19.352s][info][gc,start      ] GC(1138) Pause Young (Concurrent Start) (G1 Humongous Allocation)
[19.352s][info][gc,task       ] GC(1138) Using 8 workers of 8 for evacuation
[19.353s][info][gc,phases     ] GC(1138)   Pre Evacuate Collection Set: 0.6ms
[19.353s][info][gc,phases     ] GC(1138)   Evacuate Collection Set: 0.6ms
[19.353s][info][gc,phases     ] GC(1138)   Post Evacuate Collection Set: 0.1ms
[19.353s][info][gc,phases     ] GC(1138)   Other: 0.3ms
[19.353s][info][gc,heap       ] GC(1138) Eden regions: 4->0(131)
[19.354s][info][gc,heap       ] GC(1138) Survivor regions: 1->1(17)
[19.354s][info][gc,heap       ] GC(1138) Old regions: 27->27
[19.354s][info][gc,heap       ] GC(1138) Humongous regions: 2590->2590
[19.354s][info][gc,metaspace  ] GC(1138) Metaspace: 9862K->9862K(1058816K)
[19.354s][info][gc            ] GC(1138) Pause Young (Concurrent Start) (G1 Humongous Allocation) 2620M->2616M(2641M) 1.693ms
[19.354s][info][gc,cpu        ] GC(1138) User=0.01s Sys=0.00s Real=0.00s
[19.354s][info][gc            ] GC(1139) Concurrent Cycle
[19.354s][info][gc,marking    ] GC(1139) Concurrent Clear Claimed Marks
[19.354s][info][gc,marking    ] GC(1139) Concurrent Clear Claimed Marks 0.012ms
[19.354s][info][gc,marking    ] GC(1139) Concurrent Scan Root Regions
[19.354s][info][gc,marking    ] GC(1139) Concurrent Scan Root Regions 0.049ms
[19.354s][info][gc,marking    ] GC(1139) Concurrent Mark (19.354s)
[19.354s][info][gc,marking    ] GC(1139) Concurrent Mark From Roots
[19.354s][info][gc,task       ] GC(1139) Using 2 workers of 2 for marking
[19.359s][info][gc,marking    ] GC(1139) Concurrent Mark From Roots 5.624ms
[19.359s][info][gc,marking    ] GC(1139) Concurrent Preclean
[19.359s][info][gc,marking    ] GC(1139) Concurrent Preclean 0.078ms
[19.359s][info][gc,marking    ] GC(1139) Concurrent Mark (19.354s, 19.359s) 5.758ms
[19.360s][info][gc,start      ] GC(1139) Pause Remark
[19.361s][info][gc,stringtable] GC(1139) Cleaned string and symbol table, strings: 4350 processed, 0 removed, symbols: 36588 processed, 0 removed
[19.361s][info][gc            ] GC(1139) Pause Remark 2620M->2620M(2641M) 1.728ms
[19.361s][info][gc,cpu        ] GC(1139) User=0.01s Sys=0.00s Real=0.01s
[19.361s][info][gc,marking    ] GC(1139) Concurrent Rebuild Remembered Sets
[19.367s][info][gc,marking    ] GC(1139) Concurrent Rebuild Remembered Sets 5.373ms
[19.367s][info][gc,start      ] GC(1139) Pause Cleanup
[19.368s][info][gc            ] GC(1139) Pause Cleanup 2622M->2622M(2641M) 0.428ms
[19.368s][info][gc,cpu        ] GC(1139) User=0.00s Sys=0.00s Real=0.00s
[19.368s][info][gc,marking    ] GC(1139) Concurrent Cleanup for Next Mark
[19.371s][info][gc,marking    ] GC(1139) Concurrent Cleanup for Next Mark 3.216ms
[19.371s][info][gc            ] GC(1139) Concurrent Cycle 17.510ms
[19.378s][info][gc,start      ] GC(1140) Pause Young (Concurrent Start) (G1 Humongous Allocation)
[19.378s][info][gc,task       ] GC(1140) Using 8 workers of 8 for evacuation
[19.379s][info][gc,phases     ] GC(1140)   Pre Evacuate Collection Set: 0.8ms
[19.380s][info][gc,phases     ] GC(1140)   Evacuate Collection Set: 0.5ms
[19.380s][info][gc,phases     ] GC(1140)   Post Evacuate Collection Set: 0.2ms
[19.380s][info][gc,phases     ] GC(1140)   Other: 0.4ms
[19.380s][info][gc,heap       ] GC(1140) Eden regions: 4->0(131)
[19.380s][info][gc,heap       ] GC(1140) Survivor regions: 1->1(17)
[19.380s][info][gc,heap       ] GC(1140) Old regions: 27->27
[19.380s][info][gc,heap       ] GC(1140) Humongous regions: 2594->2594
[19.380s][info][gc,metaspace  ] GC(1140) Metaspace: 9862K->9862K(1058816K)
[19.380s][info][gc            ] GC(1140) Pause Young (Concurrent Start) (G1 Humongous Allocation) 2624M->2620M(2641M) 2.051ms
[19.380s][info][gc,cpu        ] GC(1140) User=0.01s Sys=0.00s Real=0.00s
[19.380s][info][gc            ] GC(1141) Concurrent Cycle
[19.380s][info][gc,marking    ] GC(1141) Concurrent Clear Claimed Marks
[19.380s][info][gc,marking    ] GC(1141) Concurrent Clear Claimed Marks 0.012ms
[19.380s][info][gc,marking    ] GC(1141) Concurrent Scan Root Regions
[19.380s][info][gc,marking    ] GC(1141) Concurrent Scan Root Regions 0.084ms
[19.380s][info][gc,marking    ] GC(1141) Concurrent Mark (19.380s)
[19.380s][info][gc,marking    ] GC(1141) Concurrent Mark From Roots
[19.380s][info][gc,task       ] GC(1141) Using 2 workers of 2 for marking
[19.385s][info][gc,marking    ] GC(1141) Concurrent Mark From Roots 5.520ms
[19.385s][info][gc,marking    ] GC(1141) Concurrent Preclean
[19.385s][info][gc,marking    ] GC(1141) Concurrent Preclean 0.079ms
[19.385s][info][gc,marking    ] GC(1141) Concurrent Mark (19.380s, 19.385s) 5.665ms
[19.386s][info][gc,start      ] GC(1141) Pause Remark
[19.387s][info][gc,stringtable] GC(1141) Cleaned string and symbol table, strings: 4350 processed, 0 removed, symbols: 36588 processed, 0 removed
[19.387s][info][gc            ] GC(1141) Pause Remark 2623M->2623M(2641M) 1.693ms
[19.387s][info][gc,cpu        ] GC(1141) User=0.01s Sys=0.00s Real=0.00s
[19.387s][info][gc,marking    ] GC(1141) Concurrent Rebuild Remembered Sets
[19.393s][info][gc,marking    ] GC(1141) Concurrent Rebuild Remembered Sets 5.696ms
[19.395s][info][gc,start      ] GC(1141) Pause Cleanup
[19.396s][info][gc            ] GC(1141) Pause Cleanup 2626M->2626M(2641M) 1.306ms
[19.396s][info][gc,cpu        ] GC(1141) User=0.00s Sys=0.00s Real=0.00s
[19.396s][info][gc,marking    ] GC(1141) Concurrent Cleanup for Next Mark
[19.400s][info][gc,marking    ] GC(1141) Concurrent Cleanup for Next Mark 3.607ms
[19.400s][info][gc            ] GC(1141) Concurrent Cycle 20.028ms
[19.406s][info][gc,start      ] GC(1142) Pause Young (Concurrent Start) (G1 Humongous Allocation)
[19.406s][info][gc,task       ] GC(1142) Using 8 workers of 8 for evacuation
[19.408s][info][gc,phases     ] GC(1142)   Pre Evacuate Collection Set: 0.6ms
[19.408s][info][gc,phases     ] GC(1142)   Evacuate Collection Set: 0.6ms
[19.408s][info][gc,phases     ] GC(1142)   Post Evacuate Collection Set: 0.1ms
[19.408s][info][gc,phases     ] GC(1142)   Other: 0.3ms
[19.408s][info][gc,heap       ] GC(1142) Eden regions: 4->0(131)
[19.408s][info][gc,heap       ] GC(1142) Survivor regions: 1->1(17)
[19.408s][info][gc,heap       ] GC(1142) Old regions: 27->27
[19.408s][info][gc,heap       ] GC(1142) Humongous regions: 2598->2598
[19.408s][info][gc,metaspace  ] GC(1142) Metaspace: 9862K->9862K(1058816K)
[19.408s][info][gc            ] GC(1142) Pause Young (Concurrent Start) (G1 Humongous Allocation) 2628M->2624M(2641M) 1.694ms
[19.408s][info][gc,cpu        ] GC(1142) User=0.00s Sys=0.00s Real=0.00s
[19.408s][info][gc            ] GC(1143) Concurrent Cycle
[19.408s][info][gc,marking    ] GC(1143) Concurrent Clear Claimed Marks
[19.408s][info][gc,marking    ] GC(1143) Concurrent Clear Claimed Marks 0.010ms
[19.408s][info][gc,marking    ] GC(1143) Concurrent Scan Root Regions
[19.408s][info][gc,marking    ] GC(1143) Concurrent Scan Root Regions 0.054ms
[19.408s][info][gc,marking    ] GC(1143) Concurrent Mark (19.408s)
[19.408s][info][gc,marking    ] GC(1143) Concurrent Mark From Roots
[19.408s][info][gc,task       ] GC(1143) Using 2 workers of 2 for marking
[19.414s][info][gc,marking    ] GC(1143) Concurrent Mark From Roots 5.839ms
[19.414s][info][gc,marking    ] GC(1143) Concurrent Preclean
[19.414s][info][gc,marking    ] GC(1143) Concurrent Preclean 0.092ms
[19.414s][info][gc,marking    ] GC(1143) Concurrent Mark (19.408s, 19.414s) 6.021ms
[19.414s][info][gc,start      ] GC(1143) Pause Remark
[19.416s][info][gc,stringtable] GC(1143) Cleaned string and symbol table, strings: 4350 processed, 0 removed, symbols: 36588 processed, 0 removed
[19.416s][info][gc            ] GC(1143) Pause Remark 2628M->2628M(2641M) 1.836ms
[19.416s][info][gc,cpu        ] GC(1143) User=0.01s Sys=0.00s Real=0.00s
[19.416s][info][gc,marking    ] GC(1143) Concurrent Rebuild Remembered Sets
[19.421s][info][gc,marking    ] GC(1143) Concurrent Rebuild Remembered Sets 5.250ms
[19.422s][info][gc,start      ] GC(1143) Pause Cleanup
[19.422s][info][gc            ] GC(1143) Pause Cleanup 2630M->2630M(2641M) 0.406ms
[19.422s][info][gc,cpu        ] GC(1143) User=0.00s Sys=0.00s Real=0.00s
[19.422s][info][gc,marking    ] GC(1143) Concurrent Cleanup for Next Mark
[19.425s][info][gc,marking    ] GC(1143) Concurrent Cleanup for Next Mark 3.274ms
[19.425s][info][gc            ] GC(1143) Concurrent Cycle 17.511ms
[19.432s][info][gc,start      ] GC(1144) Pause Young (Concurrent Start) (G1 Humongous Allocation)
[19.432s][info][gc,task       ] GC(1144) Using 8 workers of 8 for evacuation
[19.434s][info][gc,phases     ] GC(1144)   Pre Evacuate Collection Set: 0.6ms
[19.434s][info][gc,phases     ] GC(1144)   Evacuate Collection Set: 0.5ms
[19.434s][info][gc,phases     ] GC(1144)   Post Evacuate Collection Set: 0.1ms
[19.434s][info][gc,phases     ] GC(1144)   Other: 0.3ms
[19.434s][info][gc,heap       ] GC(1144) Eden regions: 4->0(131)
[19.434s][info][gc,heap       ] GC(1144) Survivor regions: 1->1(17)
[19.434s][info][gc,heap       ] GC(1144) Old regions: 27->27
[19.434s][info][gc,heap       ] GC(1144) Humongous regions: 2602->2602
[19.434s][info][gc,metaspace  ] GC(1144) Metaspace: 9862K->9862K(1058816K)
[19.434s][info][gc            ] GC(1144) Pause Young (Concurrent Start) (G1 Humongous Allocation) 2632M->2628M(2641M) 1.618ms
[19.434s][info][gc,cpu        ] GC(1144) User=0.00s Sys=0.00s Real=0.00s
[19.434s][info][gc            ] GC(1145) Concurrent Cycle
[19.434s][info][gc,marking    ] GC(1145) Concurrent Clear Claimed Marks
[19.434s][info][gc,marking    ] GC(1145) Concurrent Clear Claimed Marks 0.012ms
[19.434s][info][gc,marking    ] GC(1145) Concurrent Scan Root Regions
[19.434s][info][gc,marking    ] GC(1145) Concurrent Scan Root Regions 0.060ms
[19.434s][info][gc,marking    ] GC(1145) Concurrent Mark (19.434s)
[19.434s][info][gc,marking    ] GC(1145) Concurrent Mark From Roots
[19.434s][info][gc,task       ] GC(1145) Using 2 workers of 2 for marking
[19.439s][info][gc,marking    ] GC(1145) Concurrent Mark From Roots 5.454ms
[19.439s][info][gc,marking    ] GC(1145) Concurrent Preclean
[19.440s][info][gc,marking    ] GC(1145) Concurrent Preclean 0.066ms
[19.440s][info][gc,marking    ] GC(1145) Concurrent Mark (19.434s, 19.440s) 5.567ms
[19.440s][info][gc,start      ] GC(1145) Pause Remark
[19.440s][info][gc,stringtable] GC(1145) Cleaned string and symbol table, strings: 4350 processed, 0 removed, symbols: 36588 processed, 0 removed
[19.441s][info][gc            ] GC(1145) Pause Remark 2632M->2632M(2641M) 1.285ms
[19.441s][info][gc,cpu        ] GC(1145) User=0.00s Sys=0.00s Real=0.00s
[19.441s][info][gc,marking    ] GC(1145) Concurrent Rebuild Remembered Sets
[19.446s][info][gc,marking    ] GC(1145) Concurrent Rebuild Remembered Sets 5.258ms
[19.446s][info][gc,start      ] GC(1145) Pause Cleanup
[19.447s][info][gc            ] GC(1145) Pause Cleanup 2634M->2634M(2643M) 0.378ms
[19.447s][info][gc,cpu        ] GC(1145) User=0.00s Sys=0.00s Real=0.00s
[19.447s][info][gc,marking    ] GC(1145) Concurrent Cleanup for Next Mark
[19.450s][info][gc,marking    ] GC(1145) Concurrent Cleanup for Next Mark 3.318ms
[19.450s][info][gc            ] GC(1145) Concurrent Cycle 16.515ms
[19.457s][info][gc,start      ] GC(1146) Pause Young (Concurrent Start) (G1 Humongous Allocation)
[19.457s][info][gc,task       ] GC(1146) Using 8 workers of 8 for evacuation
[19.458s][info][gc,phases     ] GC(1146)   Pre Evacuate Collection Set: 0.6ms
[19.458s][info][gc,phases     ] GC(1146)   Evacuate Collection Set: 0.6ms
[19.458s][info][gc,phases     ] GC(1146)   Post Evacuate Collection Set: 0.2ms
[19.458s][info][gc,phases     ] GC(1146)   Other: 0.4ms
[19.458s][info][gc,heap       ] GC(1146) Eden regions: 4->0(131)
[19.458s][info][gc,heap       ] GC(1146) Survivor regions: 1->1(17)
[19.458s][info][gc,heap       ] GC(1146) Old regions: 27->27
[19.458s][info][gc,heap       ] GC(1146) Humongous regions: 2606->2606
[19.458s][info][gc,metaspace  ] GC(1146) Metaspace: 9862K->9862K(1058816K)
[19.458s][info][gc            ] GC(1146) Pause Young (Concurrent Start) (G1 Humongous Allocation) 2636M->2632M(2643M) 1.904ms
[19.458s][info][gc,cpu        ] GC(1146) User=0.00s Sys=0.00s Real=0.00s
[19.458s][info][gc            ] GC(1147) Concurrent Cycle
[19.459s][info][gc,marking    ] GC(1147) Concurrent Clear Claimed Marks
[19.459s][info][gc,marking    ] GC(1147) Concurrent Clear Claimed Marks 0.012ms
[19.459s][info][gc,marking    ] GC(1147) Concurrent Scan Root Regions
[19.459s][info][gc,marking    ] GC(1147) Concurrent Scan Root Regions 0.083ms
[19.459s][info][gc,marking    ] GC(1147) Concurrent Mark (19.459s)
[19.459s][info][gc,marking    ] GC(1147) Concurrent Mark From Roots
[19.459s][info][gc,task       ] GC(1147) Using 2 workers of 2 for marking
[19.464s][info][gc,marking    ] GC(1147) Concurrent Mark From Roots 5.589ms
[19.464s][info][gc,marking    ] GC(1147) Concurrent Preclean
[19.464s][info][gc,marking    ] GC(1147) Concurrent Preclean 0.109ms
[19.464s][info][gc,marking    ] GC(1147) Concurrent Mark (19.459s, 19.464s) 5.800ms
[19.465s][info][gc,start      ] GC(1147) Pause Remark
[19.466s][info][gc,stringtable] GC(1147) Cleaned string and symbol table, strings: 4350 processed, 0 removed, symbols: 36588 processed, 0 removed
[19.466s][info][gc            ] GC(1147) Pause Remark 2636M->2636M(2643M) 1.851ms
[19.467s][info][gc,cpu        ] GC(1147) User=0.01s Sys=0.00s Real=0.00s
[19.467s][info][gc,marking    ] GC(1147) Concurrent Rebuild Remembered Sets
[19.472s][info][gc,marking    ] GC(1147) Concurrent Rebuild Remembered Sets 5.115ms
[19.472s][info][gc,start      ] GC(1147) Pause Cleanup
[19.472s][info][gc            ] GC(1147) Pause Cleanup 2639M->2639M(2645M) 0.357ms
[19.472s][info][gc,cpu        ] GC(1147) User=0.00s Sys=0.00s Real=0.00s
[19.472s][info][gc,marking    ] GC(1147) Concurrent Cleanup for Next Mark
[19.476s][info][gc,marking    ] GC(1147) Concurrent Cleanup for Next Mark 3.239ms
[19.476s][info][gc            ] GC(1147) Concurrent Cycle 17.256ms
[19.482s][info][gc,start      ] GC(1148) Pause Young (Concurrent Start) (G1 Humongous Allocation)
[19.482s][info][gc,task       ] GC(1148) Using 8 workers of 8 for evacuation
[19.483s][info][gc,phases     ] GC(1148)   Pre Evacuate Collection Set: 0.6ms
[19.483s][info][gc,phases     ] GC(1148)   Evacuate Collection Set: 0.6ms
[19.483s][info][gc,phases     ] GC(1148)   Post Evacuate Collection Set: 0.2ms
[19.483s][info][gc,phases     ] GC(1148)   Other: 0.3ms
[19.483s][info][gc,heap       ] GC(1148) Eden regions: 4->0(131)
[19.483s][info][gc,heap       ] GC(1148) Survivor regions: 1->1(17)
[19.483s][info][gc,heap       ] GC(1148) Old regions: 27->27
[19.483s][info][gc,heap       ] GC(1148) Humongous regions: 2610->2610
[19.483s][info][gc,metaspace  ] GC(1148) Metaspace: 9862K->9862K(1058816K)
[19.484s][info][gc            ] GC(1148) Pause Young (Concurrent Start) (G1 Humongous Allocation) 2640M->2636M(2645M) 1.667ms
[19.484s][info][gc,cpu        ] GC(1148) User=0.00s Sys=0.00s Real=0.00s
[19.484s][info][gc            ] GC(1149) Concurrent Cycle
[19.484s][info][gc,marking    ] GC(1149) Concurrent Clear Claimed Marks
[19.484s][info][gc,marking    ] GC(1149) Concurrent Clear Claimed Marks 0.047ms
[19.484s][info][gc,marking    ] GC(1149) Concurrent Scan Root Regions
[19.484s][info][gc,marking    ] GC(1149) Concurrent Scan Root Regions 0.095ms
[19.484s][info][gc,marking    ] GC(1149) Concurrent Mark (19.484s)
[19.484s][info][gc,marking    ] GC(1149) Concurrent Mark From Roots
[19.484s][info][gc,task       ] GC(1149) Using 2 workers of 2 for marking
[19.489s][info][gc,marking    ] GC(1149) Concurrent Mark From Roots 5.350ms
[19.489s][info][gc,marking    ] GC(1149) Concurrent Preclean
[19.489s][info][gc,marking    ] GC(1149) Concurrent Preclean 0.106ms
[19.489s][info][gc,marking    ] GC(1149) Concurrent Mark (19.484s, 19.489s) 5.547ms
[19.490s][info][gc,start      ] GC(1149) Pause Remark
[19.490s][info][gc,stringtable] GC(1149) Cleaned string and symbol table, strings: 4350 processed, 0 removed, symbols: 36588 processed, 0 removed
[19.491s][info][gc            ] GC(1149) Pause Remark 2640M->2640M(2647M) 1.158ms
[19.491s][info][gc,cpu        ] GC(1149) User=0.00s Sys=0.00s Real=0.00s
[19.491s][info][gc,marking    ] GC(1149) Concurrent Rebuild Remembered Sets
[19.496s][info][gc,marking    ] GC(1149) Concurrent Rebuild Remembered Sets 5.297ms
[19.497s][info][gc,start      ] GC(1149) Pause Cleanup
[19.497s][info][gc            ] GC(1149) Pause Cleanup 2642M->2642M(2649M) 0.465ms
[19.497s][info][gc,cpu        ] GC(1149) User=0.00s Sys=0.00s Real=0.00s
[19.497s][info][gc,marking    ] GC(1149) Concurrent Cleanup for Next Mark
[19.501s][info][gc,marking    ] GC(1149) Concurrent Cleanup for Next Mark 3.181ms
[19.501s][info][gc            ] GC(1149) Concurrent Cycle 17.032ms
[19.507s][info][gc,start      ] GC(1150) Pause Young (Concurrent Start) (G1 Humongous Allocation)
[19.507s][info][gc,task       ] GC(1150) Using 8 workers of 8 for evacuation
[19.509s][info][gc,phases     ] GC(1150)   Pre Evacuate Collection Set: 0.6ms
[19.509s][info][gc,phases     ] GC(1150)   Evacuate Collection Set: 0.6ms
[19.509s][info][gc,phases     ] GC(1150)   Post Evacuate Collection Set: 0.2ms
[19.509s][info][gc,phases     ] GC(1150)   Other: 0.3ms
[19.509s][info][gc,heap       ] GC(1150) Eden regions: 4->0(131)
[19.509s][info][gc,heap       ] GC(1150) Survivor regions: 1->1(17)
[19.509s][info][gc,heap       ] GC(1150) Old regions: 27->27
[19.509s][info][gc,heap       ] GC(1150) Humongous regions: 2614->2614
[19.509s][info][gc,metaspace  ] GC(1150) Metaspace: 9862K->9862K(1058816K)
[19.509s][info][gc            ] GC(1150) Pause Young (Concurrent Start) (G1 Humongous Allocation) 2644M->2640M(2649M) 1.769ms
[19.509s][info][gc,cpu        ] GC(1150) User=0.00s Sys=0.00s Real=0.00s
[19.509s][info][gc            ] GC(1151) Concurrent Cycle
[19.509s][info][gc,marking    ] GC(1151) Concurrent Clear Claimed Marks
[19.509s][info][gc,marking    ] GC(1151) Concurrent Clear Claimed Marks 0.047ms
[19.509s][info][gc,marking    ] GC(1151) Concurrent Scan Root Regions
[19.509s][info][gc,marking    ] GC(1151) Concurrent Scan Root Regions 0.100ms
[19.509s][info][gc,marking    ] GC(1151) Concurrent Mark (19.509s)
[19.509s][info][gc,marking    ] GC(1151) Concurrent Mark From Roots
[19.509s][info][gc,task       ] GC(1151) Using 2 workers of 2 for marking
[19.515s][info][gc,marking    ] GC(1151) Concurrent Mark From Roots 5.796ms
[19.515s][info][gc,marking    ] GC(1151) Concurrent Preclean
[19.515s][info][gc,marking    ] GC(1151) Concurrent Preclean 0.085ms
[19.515s][info][gc,marking    ] GC(1151) Concurrent Mark (19.509s, 19.515s) 5.955ms
[19.515s][info][gc,start      ] GC(1151) Pause Remark
[19.517s][info][gc,stringtable] GC(1151) Cleaned string and symbol table, strings: 4350 processed, 0 removed, symbols: 36588 processed, 0 removed
[19.517s][info][gc            ] GC(1151) Pause Remark 2644M->2644M(2651M) 1.852ms
[19.517s][info][gc,cpu        ] GC(1151) User=0.01s Sys=0.00s Real=0.00s
[19.517s][info][gc,marking    ] GC(1151) Concurrent Rebuild Remembered Sets
[19.522s][info][gc,marking    ] GC(1151) Concurrent Rebuild Remembered Sets 5.155ms
[19.523s][info][gc,start      ] GC(1151) Pause Cleanup
[19.524s][info][gc            ] GC(1151) Pause Cleanup 2646M->2646M(2653M) 0.400ms
[19.524s][info][gc,cpu        ] GC(1151) User=0.00s Sys=0.00s Real=0.00s
[19.524s][info][gc,marking    ] GC(1151) Concurrent Cleanup for Next Mark
[19.527s][info][gc,marking    ] GC(1151) Concurrent Cleanup for Next Mark 3.348ms
[19.527s][info][gc            ] GC(1151) Concurrent Cycle 18.160ms
[19.534s][info][gc,start      ] GC(1152) Pause Young (Concurrent Start) (G1 Humongous Allocation)
[19.534s][info][gc,task       ] GC(1152) Using 8 workers of 8 for evacuation
[19.536s][info][gc,phases     ] GC(1152)   Pre Evacuate Collection Set: 0.6ms
[19.536s][info][gc,phases     ] GC(1152)   Evacuate Collection Set: 0.6ms
[19.536s][info][gc,phases     ] GC(1152)   Post Evacuate Collection Set: 0.2ms
[19.536s][info][gc,phases     ] GC(1152)   Other: 0.3ms
[19.536s][info][gc,heap       ] GC(1152) Eden regions: 4->0(131)
[19.536s][info][gc,heap       ] GC(1152) Survivor regions: 1->1(17)
[19.536s][info][gc,heap       ] GC(1152) Old regions: 27->27
[19.536s][info][gc,heap       ] GC(1152) Humongous regions: 2618->2618
[19.536s][info][gc,metaspace  ] GC(1152) Metaspace: 9862K->9862K(1058816K)
[19.536s][info][gc            ] GC(1152) Pause Young (Concurrent Start) (G1 Humongous Allocation) 2648M->2644M(2653M) 1.820ms
[19.536s][info][gc,cpu        ] GC(1152) User=0.00s Sys=0.00s Real=0.00s
[19.536s][info][gc            ] GC(1153) Concurrent Cycle
[19.536s][info][gc,marking    ] GC(1153) Concurrent Clear Claimed Marks
[19.536s][info][gc,marking    ] GC(1153) Concurrent Clear Claimed Marks 0.045ms
[19.536s][info][gc,marking    ] GC(1153) Concurrent Scan Root Regions
[19.536s][info][gc,marking    ] GC(1153) Concurrent Scan Root Regions 0.083ms
[19.536s][info][gc,marking    ] GC(1153) Concurrent Mark (19.536s)
[19.536s][info][gc,marking    ] GC(1153) Concurrent Mark From Roots
[19.536s][info][gc,task       ] GC(1153) Using 2 workers of 2 for marking
[19.542s][info][gc,marking    ] GC(1153) Concurrent Mark From Roots 5.599ms
[19.542s][info][gc,marking    ] GC(1153) Concurrent Preclean
[19.542s][info][gc,marking    ] GC(1153) Concurrent Preclean 0.073ms
[19.542s][info][gc,marking    ] GC(1153) Concurrent Mark (19.536s, 19.542s) 5.734ms
[19.542s][info][gc,start      ] GC(1153) Pause Remark
[19.543s][info][gc,stringtable] GC(1153) Cleaned string and symbol table, strings: 4350 processed, 0 removed, symbols: 36588 processed, 0 removed
[19.543s][info][gc            ] GC(1153) Pause Remark 2647M->2647M(2655M) 1.496ms
[19.543s][info][gc,cpu        ] GC(1153) User=0.01s Sys=0.00s Real=0.00s
[19.543s][info][gc,marking    ] GC(1153) Concurrent Rebuild Remembered Sets
[19.549s][info][gc,marking    ] GC(1153) Concurrent Rebuild Remembered Sets 5.233ms
[19.550s][info][gc,start      ] GC(1153) Pause Cleanup
[19.550s][info][gc            ] GC(1153) Pause Cleanup 2650M->2650M(2657M) 0.268ms
[19.550s][info][gc,cpu        ] GC(1153) User=0.00s Sys=0.00s Real=0.00s
[19.550s][info][gc,marking    ] GC(1153) Concurrent Cleanup for Next Mark
[19.553s][info][gc,marking    ] GC(1153) Concurrent Cleanup for Next Mark 3.157ms
[19.553s][info][gc            ] GC(1153) Concurrent Cycle 17.222ms
[19.560s][info][gc,start      ] GC(1154) Pause Young (Concurrent Start) (G1 Humongous Allocation)
[19.560s][info][gc,task       ] GC(1154) Using 8 workers of 8 for evacuation
[19.561s][info][gc,phases     ] GC(1154)   Pre Evacuate Collection Set: 0.6ms
[19.561s][info][gc,phases     ] GC(1154)   Evacuate Collection Set: 0.5ms
[19.561s][info][gc,phases     ] GC(1154)   Post Evacuate Collection Set: 0.1ms
[19.561s][info][gc,phases     ] GC(1154)   Other: 0.3ms
[19.561s][info][gc,heap       ] GC(1154) Eden regions: 4->0(131)
[19.561s][info][gc,heap       ] GC(1154) Survivor regions: 1->1(17)
[19.561s][info][gc,heap       ] GC(1154) Old regions: 27->27
[19.561s][info][gc,heap       ] GC(1154) Humongous regions: 2622->2622
[19.561s][info][gc,metaspace  ] GC(1154) Metaspace: 9862K->9862K(1058816K)
[19.561s][info][gc            ] GC(1154) Pause Young (Concurrent Start) (G1 Humongous Allocation) 2652M->2648M(2657M) 1.678ms
[19.561s][info][gc,cpu        ] GC(1154) User=0.00s Sys=0.00s Real=0.01s
[19.561s][info][gc            ] GC(1155) Concurrent Cycle
[19.562s][info][gc,marking    ] GC(1155) Concurrent Clear Claimed Marks
[19.562s][info][gc,marking    ] GC(1155) Concurrent Clear Claimed Marks 0.013ms
[19.562s][info][gc,marking    ] GC(1155) Concurrent Scan Root Regions
[19.562s][info][gc,marking    ] GC(1155) Concurrent Scan Root Regions 0.050ms
[19.562s][info][gc,marking    ] GC(1155) Concurrent Mark (19.562s)
[19.562s][info][gc,marking    ] GC(1155) Concurrent Mark From Roots
[19.562s][info][gc,task       ] GC(1155) Using 2 workers of 2 for marking
[19.567s][info][gc,marking    ] GC(1155) Concurrent Mark From Roots 5.639ms
[19.567s][info][gc,marking    ] GC(1155) Concurrent Preclean
[19.567s][info][gc,marking    ] GC(1155) Concurrent Preclean 0.078ms
[19.567s][info][gc,marking    ] GC(1155) Concurrent Mark (19.562s, 19.567s) 5.786ms
[19.567s][info][gc,start      ] GC(1155) Pause Remark
[19.569s][info][gc,stringtable] GC(1155) Cleaned string and symbol table, strings: 4350 processed, 0 removed, symbols: 36588 processed, 0 removed
[19.569s][info][gc            ] GC(1155) Pause Remark 2652M->2652M(2659M) 1.675ms
[19.569s][info][gc,cpu        ] GC(1155) User=0.01s Sys=0.00s Real=0.00s
[19.569s][info][gc,marking    ] GC(1155) Concurrent Rebuild Remembered Sets
[19.574s][info][gc,marking    ] GC(1155) Concurrent Rebuild Remembered Sets 5.160ms
[19.575s][info][gc,start      ] GC(1155) Pause Cleanup
[19.575s][info][gc            ] GC(1155) Pause Cleanup 2654M->2654M(2661M) 0.297ms
[19.575s][info][gc,cpu        ] GC(1155) User=0.00s Sys=0.00s Real=0.00s
[19.576s][info][gc,marking    ] GC(1155) Concurrent Cleanup for Next Mark
[19.579s][info][gc,marking    ] GC(1155) Concurrent Cleanup for Next Mark 3.348ms
[19.579s][info][gc            ] GC(1155) Concurrent Cycle 17.335ms
[19.585s][info][gc,start      ] GC(1156) Pause Young (Concurrent Start) (G1 Humongous Allocation)
[19.585s][info][gc,task       ] GC(1156) Using 8 workers of 8 for evacuation
[19.588s][info][gc,phases     ] GC(1156)   Pre Evacuate Collection Set: 0.6ms
[19.588s][info][gc,phases     ] GC(1156)   Evacuate Collection Set: 1.2ms
[19.588s][info][gc,phases     ] GC(1156)   Post Evacuate Collection Set: 0.2ms
[19.588s][info][gc,phases     ] GC(1156)   Other: 0.4ms
[19.588s][info][gc,heap       ] GC(1156) Eden regions: 4->0(132)
[19.588s][info][gc,heap       ] GC(1156) Survivor regions: 1->1(17)
[19.588s][info][gc,heap       ] GC(1156) Old regions: 27->27
[19.588s][info][gc,heap       ] GC(1156) Humongous regions: 2626->2626
[19.588s][info][gc,metaspace  ] GC(1156) Metaspace: 9862K->9862K(1058816K)
[19.588s][info][gc            ] GC(1156) Pause Young (Concurrent Start) (G1 Humongous Allocation) 2656M->2652M(2661M) 2.486ms
[19.588s][info][gc,cpu        ] GC(1156) User=0.01s Sys=0.00s Real=0.00s
[19.588s][info][gc            ] GC(1157) Concurrent Cycle
[19.588s][info][gc,marking    ] GC(1157) Concurrent Clear Claimed Marks
[19.588s][info][gc,marking    ] GC(1157) Concurrent Clear Claimed Marks 0.013ms
[19.588s][info][gc,marking    ] GC(1157) Concurrent Scan Root Regions
[19.588s][info][gc,marking    ] GC(1157) Concurrent Scan Root Regions 0.052ms
[19.588s][info][gc,marking    ] GC(1157) Concurrent Mark (19.588s)
[19.588s][info][gc,marking    ] GC(1157) Concurrent Mark From Roots
[19.588s][info][gc,task       ] GC(1157) Using 2 workers of 2 for marking
[19.597s][info][gc,marking    ] GC(1157) Concurrent Mark From Roots 8.807ms
[19.597s][info][gc,marking    ] GC(1157) Concurrent Preclean
[19.597s][info][gc,marking    ] GC(1157) Concurrent Preclean 0.170ms
[19.597s][info][gc,marking    ] GC(1157) Concurrent Mark (19.588s, 19.597s) 9.060ms
[19.597s][info][gc,start      ] GC(1157) Pause Remark
[19.599s][info][gc,stringtable] GC(1157) Cleaned string and symbol table, strings: 4350 processed, 0 removed, symbols: 36588 processed, 0 removed
[19.599s][info][gc            ] GC(1157) Pause Remark 2656M->2656M(2663M) 1.817ms
[19.599s][info][gc,cpu        ] GC(1157) User=0.01s Sys=0.00s Real=0.00s
[19.599s][info][gc,marking    ] GC(1157) Concurrent Rebuild Remembered Sets
[19.605s][info][gc,marking    ] GC(1157) Concurrent Rebuild Remembered Sets 5.247ms
[19.605s][info][gc,start      ] GC(1157) Pause Cleanup
[19.605s][info][gc            ] GC(1157) Pause Cleanup 2658M->2658M(2665M) 0.257ms
[19.605s][info][gc,cpu        ] GC(1157) User=0.00s Sys=0.00s Real=0.00s
[19.605s][info][gc,marking    ] GC(1157) Concurrent Cleanup for Next Mark
[19.608s][info][gc,marking    ] GC(1157) Concurrent Cleanup for Next Mark 3.164ms
[19.608s][info][gc            ] GC(1157) Concurrent Cycle 20.370ms
[19.616s][info][gc,start      ] GC(1158) Pause Young (Concurrent Start) (G1 Humongous Allocation)
[19.616s][info][gc,task       ] GC(1158) Using 8 workers of 8 for evacuation
[19.618s][info][gc,phases     ] GC(1158)   Pre Evacuate Collection Set: 0.6ms
[19.618s][info][gc,phases     ] GC(1158)   Evacuate Collection Set: 0.6ms
[19.618s][info][gc,phases     ] GC(1158)   Post Evacuate Collection Set: 0.2ms
[19.618s][info][gc,phases     ] GC(1158)   Other: 0.3ms
[19.618s][info][gc,heap       ] GC(1158) Eden regions: 4->0(132)
[19.618s][info][gc,heap       ] GC(1158) Survivor regions: 1->1(17)
[19.618s][info][gc,heap       ] GC(1158) Old regions: 27->27
[19.618s][info][gc,heap       ] GC(1158) Humongous regions: 2630->2630
[19.618s][info][gc,metaspace  ] GC(1158) Metaspace: 9862K->9862K(1058816K)
[19.618s][info][gc            ] GC(1158) Pause Young (Concurrent Start) (G1 Humongous Allocation) 2660M->2656M(2665M) 1.785ms
[19.618s][info][gc,cpu        ] GC(1158) User=0.00s Sys=0.00s Real=0.00s
[19.618s][info][gc            ] GC(1159) Concurrent Cycle
[19.618s][info][gc,marking    ] GC(1159) Concurrent Clear Claimed Marks
[19.618s][info][gc,marking    ] GC(1159) Concurrent Clear Claimed Marks 0.036ms
[19.618s][info][gc,marking    ] GC(1159) Concurrent Scan Root Regions
[19.618s][info][gc,marking    ] GC(1159) Concurrent Scan Root Regions 0.061ms
[19.618s][info][gc,marking    ] GC(1159) Concurrent Mark (19.618s)
[19.618s][info][gc,marking    ] GC(1159) Concurrent Mark From Roots
[19.618s][info][gc,task       ] GC(1159) Using 2 workers of 2 for marking
[19.624s][info][gc,marking    ] GC(1159) Concurrent Mark From Roots 5.602ms
[19.624s][info][gc,marking    ] GC(1159) Concurrent Preclean
[19.624s][info][gc,marking    ] GC(1159) Concurrent Preclean 0.071ms
[19.624s][info][gc,marking    ] GC(1159) Concurrent Mark (19.618s, 19.624s) 5.734ms
[19.624s][info][gc,start      ] GC(1159) Pause Remark
[19.625s][info][gc,stringtable] GC(1159) Cleaned string and symbol table, strings: 4350 processed, 0 removed, symbols: 36588 processed, 0 removed
[19.626s][info][gc            ] GC(1159) Pause Remark 2660M->2660M(2667M) 1.830ms
[19.626s][info][gc,cpu        ] GC(1159) User=0.01s Sys=0.00s Real=0.00s
[19.626s][info][gc,marking    ] GC(1159) Concurrent Rebuild Remembered Sets
[19.631s][info][gc,marking    ] GC(1159) Concurrent Rebuild Remembered Sets 5.732ms
[19.632s][info][gc,start      ] GC(1159) Pause Cleanup
[19.633s][info][gc            ] GC(1159) Pause Cleanup 2662M->2662M(2669M) 0.401ms
[19.633s][info][gc,cpu        ] GC(1159) User=0.00s Sys=0.00s Real=0.00s
[19.633s][info][gc,marking    ] GC(1159) Concurrent Cleanup for Next Mark
[19.636s][info][gc,marking    ] GC(1159) Concurrent Cleanup for Next Mark 3.375ms
[19.636s][info][gc            ] GC(1159) Concurrent Cycle 18.262ms
[19.643s][info][gc,start      ] GC(1160) Pause Young (Concurrent Start) (G1 Humongous Allocation)
[19.643s][info][gc,task       ] GC(1160) Using 8 workers of 8 for evacuation
[19.645s][info][gc,phases     ] GC(1160)   Pre Evacuate Collection Set: 0.6ms
[19.645s][info][gc,phases     ] GC(1160)   Evacuate Collection Set: 0.6ms
[19.645s][info][gc,phases     ] GC(1160)   Post Evacuate Collection Set: 0.1ms
[19.645s][info][gc,phases     ] GC(1160)   Other: 0.3ms
[19.645s][info][gc,heap       ] GC(1160) Eden regions: 4->0(132)
[19.645s][info][gc,heap       ] GC(1160) Survivor regions: 1->1(17)
[19.645s][info][gc,heap       ] GC(1160) Old regions: 27->27
[19.645s][info][gc,heap       ] GC(1160) Humongous regions: 2634->2634
[19.645s][info][gc,metaspace  ] GC(1160) Metaspace: 9862K->9862K(1058816K)
[19.645s][info][gc            ] GC(1160) Pause Young (Concurrent Start) (G1 Humongous Allocation) 2664M->2660M(2669M) 1.715ms
[19.645s][info][gc,cpu        ] GC(1160) User=0.00s Sys=0.00s Real=0.00s
[19.645s][info][gc            ] GC(1161) Concurrent Cycle
[19.645s][info][gc,marking    ] GC(1161) Concurrent Clear Claimed Marks
[19.645s][info][gc,marking    ] GC(1161) Concurrent Clear Claimed Marks 0.012ms
[19.645s][info][gc,marking    ] GC(1161) Concurrent Scan Root Regions
[19.645s][info][gc,marking    ] GC(1161) Concurrent Scan Root Regions 0.051ms
[19.645s][info][gc,marking    ] GC(1161) Concurrent Mark (19.645s)
[19.645s][info][gc,marking    ] GC(1161) Concurrent Mark From Roots
[19.645s][info][gc,task       ] GC(1161) Using 2 workers of 2 for marking
[19.651s][info][gc,marking    ] GC(1161) Concurrent Mark From Roots 5.848ms
[19.651s][info][gc,marking    ] GC(1161) Concurrent Preclean
[19.651s][info][gc,marking    ] GC(1161) Concurrent Preclean 0.099ms
[19.651s][info][gc,marking    ] GC(1161) Concurrent Mark (19.645s, 19.651s) 6.064ms
[19.651s][info][gc,start      ] GC(1161) Pause Remark
[19.653s][info][gc,stringtable] GC(1161) Cleaned string and symbol table, strings: 4363 processed, 0 removed, symbols: 36588 processed, 0 removed
[19.653s][info][gc            ] GC(1161) Pause Remark 2664M->2664M(2671M) 1.918ms
[19.653s][info][gc,cpu        ] GC(1161) User=0.01s Sys=0.00s Real=0.01s
[19.653s][info][gc,marking    ] GC(1161) Concurrent Rebuild Remembered Sets
[19.658s][info][gc,marking    ] GC(1161) Concurrent Rebuild Remembered Sets 5.167ms
[19.659s][info][gc,start      ] GC(1161) Pause Cleanup
[19.660s][info][gc            ] GC(1161) Pause Cleanup 2666M->2666M(2673M) 0.516ms
[19.660s][info][gc,cpu        ] GC(1161) User=0.01s Sys=0.00s Real=0.00s
[19.660s][info][gc,marking    ] GC(1161) Concurrent Cleanup for Next Mark
[19.663s][info][gc,marking    ] GC(1161) Concurrent Cleanup for Next Mark 3.542ms
[19.663s][info][gc            ] GC(1161) Concurrent Cycle 18.536ms
[19.670s][info][gc,start      ] GC(1162) Pause Young (Concurrent Start) (G1 Humongous Allocation)
[19.670s][info][gc,task       ] GC(1162) Using 8 workers of 8 for evacuation
[19.673s][info][gc,phases     ] GC(1162)   Pre Evacuate Collection Set: 1.1ms
[19.673s][info][gc,phases     ] GC(1162)   Evacuate Collection Set: 1.1ms
[19.673s][info][gc,phases     ] GC(1162)   Post Evacuate Collection Set: 0.3ms
[19.673s][info][gc,phases     ] GC(1162)   Other: 0.6ms
[19.673s][info][gc,heap       ] GC(1162) Eden regions: 4->0(132)
[19.673s][info][gc,heap       ] GC(1162) Survivor regions: 1->1(17)
[19.673s][info][gc,heap       ] GC(1162) Old regions: 27->27
[19.673s][info][gc,heap       ] GC(1162) Humongous regions: 2638->2638
[19.673s][info][gc,metaspace  ] GC(1162) Metaspace: 9862K->9862K(1058816K)
[19.673s][info][gc            ] GC(1162) Pause Young (Concurrent Start) (G1 Humongous Allocation) 2668M->2664M(2673M) 3.190ms
[19.673s][info][gc,cpu        ] GC(1162) User=0.01s Sys=0.00s Real=0.01s
[19.673s][info][gc            ] GC(1163) Concurrent Cycle
[19.673s][info][gc,marking    ] GC(1163) Concurrent Clear Claimed Marks
[19.673s][info][gc,marking    ] GC(1163) Concurrent Clear Claimed Marks 0.014ms
[19.673s][info][gc,marking    ] GC(1163) Concurrent Scan Root Regions
[19.673s][info][gc,marking    ] GC(1163) Concurrent Scan Root Regions 0.074ms
[19.673s][info][gc,marking    ] GC(1163) Concurrent Mark (19.673s)
[19.673s][info][gc,marking    ] GC(1163) Concurrent Mark From Roots
[19.673s][info][gc,task       ] GC(1163) Using 2 workers of 2 for marking
[19.679s][info][gc,marking    ] GC(1163) Concurrent Mark From Roots 5.945ms
[19.679s][info][gc,marking    ] GC(1163) Concurrent Preclean
[19.679s][info][gc,marking    ] GC(1163) Concurrent Preclean 0.083ms
[19.679s][info][gc,marking    ] GC(1163) Concurrent Mark (19.673s, 19.679s) 6.143ms
[19.680s][info][gc,start      ] GC(1163) Pause Remark
[19.680s][info][gc,stringtable] GC(1163) Cleaned string and symbol table, strings: 4363 processed, 0 removed, symbols: 36588 processed, 0 removed
[19.681s][info][gc            ] GC(1163) Pause Remark 2668M->2668M(2675M) 1.365ms
[19.681s][info][gc,cpu        ] GC(1163) User=0.00s Sys=0.00s Real=0.00s
[19.681s][info][gc,marking    ] GC(1163) Concurrent Rebuild Remembered Sets
[19.687s][info][gc,marking    ] GC(1163) Concurrent Rebuild Remembered Sets 5.476ms
[19.687s][info][gc,start      ] GC(1163) Pause Cleanup
[19.688s][info][gc            ] GC(1163) Pause Cleanup 2670M->2670M(2677M) 0.361ms
[19.688s][info][gc,cpu        ] GC(1163) User=0.00s Sys=0.00s Real=0.00s
[19.688s][info][gc,marking    ] GC(1163) Concurrent Cleanup for Next Mark
[19.691s][info][gc,marking    ] GC(1163) Concurrent Cleanup for Next Mark 3.312ms
[19.691s][info][gc            ] GC(1163) Concurrent Cycle 17.884ms
[19.698s][info][gc,start      ] GC(1164) Pause Young (Concurrent Start) (G1 Humongous Allocation)
[19.698s][info][gc,task       ] GC(1164) Using 8 workers of 8 for evacuation
[19.700s][info][gc,phases     ] GC(1164)   Pre Evacuate Collection Set: 0.6ms
[19.700s][info][gc,phases     ] GC(1164)   Evacuate Collection Set: 0.7ms
[19.700s][info][gc,phases     ] GC(1164)   Post Evacuate Collection Set: 0.2ms
[19.700s][info][gc,phases     ] GC(1164)   Other: 0.4ms
[19.700s][info][gc,heap       ] GC(1164) Eden regions: 4->0(132)
[19.700s][info][gc,heap       ] GC(1164) Survivor regions: 1->1(17)
[19.700s][info][gc,heap       ] GC(1164) Old regions: 27->27
[19.700s][info][gc,heap       ] GC(1164) Humongous regions: 2642->2642
[19.700s][info][gc,metaspace  ] GC(1164) Metaspace: 9862K->9862K(1058816K)
[19.700s][info][gc            ] GC(1164) Pause Young (Concurrent Start) (G1 Humongous Allocation) 2672M->2668M(2677M) 1.952ms
[19.700s][info][gc,cpu        ] GC(1164) User=0.00s Sys=0.01s Real=0.00s
[19.700s][info][gc            ] GC(1165) Concurrent Cycle
[19.700s][info][gc,marking    ] GC(1165) Concurrent Clear Claimed Marks
[19.700s][info][gc,marking    ] GC(1165) Concurrent Clear Claimed Marks 0.009ms
[19.700s][info][gc,marking    ] GC(1165) Concurrent Scan Root Regions
[19.700s][info][gc,marking    ] GC(1165) Concurrent Scan Root Regions 0.053ms
[19.700s][info][gc,marking    ] GC(1165) Concurrent Mark (19.700s)
[19.700s][info][gc,marking    ] GC(1165) Concurrent Mark From Roots
[19.700s][info][gc,task       ] GC(1165) Using 2 workers of 2 for marking
[19.706s][info][gc,marking    ] GC(1165) Concurrent Mark From Roots 5.799ms
[19.706s][info][gc,marking    ] GC(1165) Concurrent Preclean
[19.706s][info][gc,marking    ] GC(1165) Concurrent Preclean 0.088ms
[19.706s][info][gc,marking    ] GC(1165) Concurrent Mark (19.700s, 19.706s) 5.949ms
[19.706s][info][gc,start      ] GC(1165) Pause Remark
[19.708s][info][gc,stringtable] GC(1165) Cleaned string and symbol table, strings: 4363 processed, 0 removed, symbols: 36588 processed, 0 removed
[19.708s][info][gc            ] GC(1165) Pause Remark 2671M->2671M(2679M) 1.893ms
[19.708s][info][gc,cpu        ] GC(1165) User=0.01s Sys=0.00s Real=0.00s
[19.708s][info][gc,marking    ] GC(1165) Concurrent Rebuild Remembered Sets
[19.713s][info][gc,marking    ] GC(1165) Concurrent Rebuild Remembered Sets 5.207ms
[19.714s][info][gc,start      ] GC(1165) Pause Cleanup
[19.715s][info][gc            ] GC(1165) Pause Cleanup 2674M->2674M(2681M) 0.308ms
[19.715s][info][gc,cpu        ] GC(1165) User=0.00s Sys=0.00s Real=0.00s
[19.715s][info][gc,marking    ] GC(1165) Concurrent Cleanup for Next Mark
[19.718s][info][gc,marking    ] GC(1165) Concurrent Cleanup for Next Mark 3.722ms
[19.718s][info][gc            ] GC(1165) Concurrent Cycle 18.402ms
[19.725s][info][gc,start      ] GC(1166) Pause Young (Concurrent Start) (G1 Humongous Allocation)
[19.725s][info][gc,task       ] GC(1166) Using 8 workers of 8 for evacuation
[19.727s][info][gc,phases     ] GC(1166)   Pre Evacuate Collection Set: 0.7ms
[19.727s][info][gc,phases     ] GC(1166)   Evacuate Collection Set: 0.7ms
[19.727s][info][gc,phases     ] GC(1166)   Post Evacuate Collection Set: 0.2ms
[19.727s][info][gc,phases     ] GC(1166)   Other: 0.3ms
[19.727s][info][gc,heap       ] GC(1166) Eden regions: 4->0(133)
[19.727s][info][gc,heap       ] GC(1166) Survivor regions: 1->1(17)
[19.727s][info][gc,heap       ] GC(1166) Old regions: 27->27
[19.727s][info][gc,heap       ] GC(1166) Humongous regions: 2646->2646
[19.727s][info][gc,metaspace  ] GC(1166) Metaspace: 9862K->9862K(1058816K)
[19.727s][info][gc            ] GC(1166) Pause Young (Concurrent Start) (G1 Humongous Allocation) 2676M->2672M(2681M) 2.070ms
[19.727s][info][gc,cpu        ] GC(1166) User=0.00s Sys=0.00s Real=0.00s
[19.727s][info][gc            ] GC(1167) Concurrent Cycle
[19.727s][info][gc,marking    ] GC(1167) Concurrent Clear Claimed Marks
[19.727s][info][gc,marking    ] GC(1167) Concurrent Clear Claimed Marks 0.019ms
[19.727s][info][gc,marking    ] GC(1167) Concurrent Scan Root Regions
[19.727s][info][gc,marking    ] GC(1167) Concurrent Scan Root Regions 0.101ms
[19.727s][info][gc,marking    ] GC(1167) Concurrent Mark (19.727s)
[19.727s][info][gc,marking    ] GC(1167) Concurrent Mark From Roots
[19.727s][info][gc,task       ] GC(1167) Using 2 workers of 2 for marking
[19.733s][info][gc,marking    ] GC(1167) Concurrent Mark From Roots 5.887ms
[19.733s][info][gc,marking    ] GC(1167) Concurrent Preclean
[19.733s][info][gc,marking    ] GC(1167) Concurrent Preclean 0.084ms
[19.733s][info][gc,marking    ] GC(1167) Concurrent Mark (19.727s, 19.733s) 6.071ms
[19.733s][info][gc,start      ] GC(1167) Pause Remark
[19.734s][info][gc,stringtable] GC(1167) Cleaned string and symbol table, strings: 4363 processed, 0 removed, symbols: 36588 processed, 0 removed
[19.735s][info][gc            ] GC(1167) Pause Remark 2676M->2676M(2683M) 1.353ms
[19.735s][info][gc,cpu        ] GC(1167) User=0.01s Sys=0.00s Real=0.00s
[19.735s][info][gc,marking    ] GC(1167) Concurrent Rebuild Remembered Sets
[19.740s][info][gc,marking    ] GC(1167) Concurrent Rebuild Remembered Sets 5.600ms
[19.741s][info][gc,start      ] GC(1167) Pause Cleanup
[19.741s][info][gc            ] GC(1167) Pause Cleanup 2678M->2678M(2685M) 0.418ms
[19.741s][info][gc,cpu        ] GC(1167) User=0.00s Sys=0.00s Real=0.01s
[19.741s][info][gc,marking    ] GC(1167) Concurrent Cleanup for Next Mark
[19.745s][info][gc,marking    ] GC(1167) Concurrent Cleanup for Next Mark 3.771ms
[19.745s][info][gc            ] GC(1167) Concurrent Cycle 18.406ms
[19.752s][info][gc,start      ] GC(1168) Pause Young (Concurrent Start) (G1 Humongous Allocation)
[19.752s][info][gc,task       ] GC(1168) Using 8 workers of 8 for evacuation
[19.753s][info][gc,phases     ] GC(1168)   Pre Evacuate Collection Set: 0.6ms
[19.754s][info][gc,phases     ] GC(1168)   Evacuate Collection Set: 0.6ms
[19.754s][info][gc,phases     ] GC(1168)   Post Evacuate Collection Set: 0.1ms
[19.754s][info][gc,phases     ] GC(1168)   Other: 0.3ms
[19.754s][info][gc,heap       ] GC(1168) Eden regions: 4->0(133)
[19.754s][info][gc,heap       ] GC(1168) Survivor regions: 1->1(17)
[19.754s][info][gc,heap       ] GC(1168) Old regions: 27->27
[19.754s][info][gc,heap       ] GC(1168) Humongous regions: 2650->2650
[19.754s][info][gc,metaspace  ] GC(1168) Metaspace: 9862K->9862K(1058816K)
[19.754s][info][gc            ] GC(1168) Pause Young (Concurrent Start) (G1 Humongous Allocation) 2680M->2676M(2685M) 1.687ms
[19.754s][info][gc,cpu        ] GC(1168) User=0.00s Sys=0.00s Real=0.00s
[19.754s][info][gc            ] GC(1169) Concurrent Cycle
[19.754s][info][gc,marking    ] GC(1169) Concurrent Clear Claimed Marks
[19.754s][info][gc,marking    ] GC(1169) Concurrent Clear Claimed Marks 0.013ms
[19.754s][info][gc,marking    ] GC(1169) Concurrent Scan Root Regions
[19.754s][info][gc,marking    ] GC(1169) Concurrent Scan Root Regions 0.052ms
[19.754s][info][gc,marking    ] GC(1169) Concurrent Mark (19.754s)
[19.754s][info][gc,marking    ] GC(1169) Concurrent Mark From Roots
[19.754s][info][gc,task       ] GC(1169) Using 2 workers of 2 for marking
[19.759s][info][gc,marking    ] GC(1169) Concurrent Mark From Roots 5.539ms
[19.759s][info][gc,marking    ] GC(1169) Concurrent Preclean
[19.759s][info][gc,marking    ] GC(1169) Concurrent Preclean 0.075ms
[19.759s][info][gc,marking    ] GC(1169) Concurrent Mark (19.754s, 19.759s) 5.675ms
[19.760s][info][gc,start      ] GC(1169) Pause Remark
[19.761s][info][gc,stringtable] GC(1169) Cleaned string and symbol table, strings: 4363 processed, 0 removed, symbols: 36588 processed, 0 removed
[19.761s][info][gc            ] GC(1169) Pause Remark 2680M->2680M(2687M) 1.472ms
[19.761s][info][gc,cpu        ] GC(1169) User=0.01s Sys=0.00s Real=0.00s
[19.761s][info][gc,marking    ] GC(1169) Concurrent Rebuild Remembered Sets
[19.766s][info][gc,marking    ] GC(1169) Concurrent Rebuild Remembered Sets 5.333ms
[19.767s][info][gc,start      ] GC(1169) Pause Cleanup
[19.768s][info][gc            ] GC(1169) Pause Cleanup 2682M->2682M(2689M) 0.307ms
[19.768s][info][gc,cpu        ] GC(1169) User=0.00s Sys=0.00s Real=0.00s
[19.768s][info][gc,marking    ] GC(1169) Concurrent Cleanup for Next Mark
[19.771s][info][gc,marking    ] GC(1169) Concurrent Cleanup for Next Mark 3.205ms
[19.771s][info][gc            ] GC(1169) Concurrent Cycle 17.241ms
[19.777s][info][gc,start      ] GC(1170) Pause Young (Concurrent Start) (G1 Humongous Allocation)
[19.777s][info][gc,task       ] GC(1170) Using 8 workers of 8 for evacuation
[19.779s][info][gc,phases     ] GC(1170)   Pre Evacuate Collection Set: 0.6ms
[19.779s][info][gc,phases     ] GC(1170)   Evacuate Collection Set: 0.6ms
[19.779s][info][gc,phases     ] GC(1170)   Post Evacuate Collection Set: 0.1ms
[19.779s][info][gc,phases     ] GC(1170)   Other: 0.3ms
[19.779s][info][gc,heap       ] GC(1170) Eden regions: 4->0(133)
[19.779s][info][gc,heap       ] GC(1170) Survivor regions: 1->1(17)
[19.779s][info][gc,heap       ] GC(1170) Old regions: 27->27
[19.779s][info][gc,heap       ] GC(1170) Humongous regions: 2654->2654
[19.779s][info][gc,metaspace  ] GC(1170) Metaspace: 9862K->9862K(1058816K)
[19.779s][info][gc            ] GC(1170) Pause Young (Concurrent Start) (G1 Humongous Allocation) 2684M->2680M(2689M) 1.699ms
[19.779s][info][gc,cpu        ] GC(1170) User=0.00s Sys=0.01s Real=0.00s
[19.779s][info][gc            ] GC(1171) Concurrent Cycle
[19.779s][info][gc,marking    ] GC(1171) Concurrent Clear Claimed Marks
[19.779s][info][gc,marking    ] GC(1171) Concurrent Clear Claimed Marks 0.010ms
[19.779s][info][gc,marking    ] GC(1171) Concurrent Scan Root Regions
[19.779s][info][gc,marking    ] GC(1171) Concurrent Scan Root Regions 0.052ms
[19.779s][info][gc,marking    ] GC(1171) Concurrent Mark (19.779s)
[19.779s][info][gc,marking    ] GC(1171) Concurrent Mark From Roots
[19.779s][info][gc,task       ] GC(1171) Using 2 workers of 2 for marking
[19.785s][info][gc,marking    ] GC(1171) Concurrent Mark From Roots 5.600ms
[19.785s][info][gc,marking    ] GC(1171) Concurrent Preclean
[19.785s][info][gc,marking    ] GC(1171) Concurrent Preclean 0.072ms
[19.785s][info][gc,marking    ] GC(1171) Concurrent Mark (19.779s, 19.785s) 5.721ms
[19.785s][info][gc,start      ] GC(1171) Pause Remark
[19.786s][info][gc,stringtable] GC(1171) Cleaned string and symbol table, strings: 4363 processed, 0 removed, symbols: 36588 processed, 0 removed
[19.787s][info][gc            ] GC(1171) Pause Remark 2684M->2684M(2691M) 1.599ms
[19.787s][info][gc,cpu        ] GC(1171) User=0.01s Sys=0.00s Real=0.00s
[19.787s][info][gc,marking    ] GC(1171) Concurrent Rebuild Remembered Sets
[19.792s][info][gc,marking    ] GC(1171) Concurrent Rebuild Remembered Sets 5.201ms
[19.793s][info][gc,start      ] GC(1171) Pause Cleanup
[19.793s][info][gc            ] GC(1171) Pause Cleanup 2686M->2686M(2693M) 0.366ms
[19.793s][info][gc,cpu        ] GC(1171) User=0.00s Sys=0.00s Real=0.00s
[19.793s][info][gc,marking    ] GC(1171) Concurrent Cleanup for Next Mark
[19.797s][info][gc,marking    ] GC(1171) Concurrent Cleanup for Next Mark 3.623ms
[19.797s][info][gc            ] GC(1171) Concurrent Cycle 17.921ms
[19.804s][info][gc,start      ] GC(1172) Pause Young (Concurrent Start) (G1 Humongous Allocation)
[19.804s][info][gc,task       ] GC(1172) Using 8 workers of 8 for evacuation
[19.806s][info][gc,phases     ] GC(1172)   Pre Evacuate Collection Set: 0.6ms
[19.806s][info][gc,phases     ] GC(1172)   Evacuate Collection Set: 0.5ms
[19.806s][info][gc,phases     ] GC(1172)   Post Evacuate Collection Set: 0.1ms
[19.806s][info][gc,phases     ] GC(1172)   Other: 0.3ms
[19.806s][info][gc,heap       ] GC(1172) Eden regions: 4->0(133)
[19.806s][info][gc,heap       ] GC(1172) Survivor regions: 1->1(17)
[19.806s][info][gc,heap       ] GC(1172) Old regions: 27->27
[19.806s][info][gc,heap       ] GC(1172) Humongous regions: 2658->2658
[19.806s][info][gc,metaspace  ] GC(1172) Metaspace: 9862K->9862K(1058816K)
[19.806s][info][gc            ] GC(1172) Pause Young (Concurrent Start) (G1 Humongous Allocation) 2688M->2684M(2693M) 1.670ms
[19.806s][info][gc,cpu        ] GC(1172) User=0.01s Sys=0.00s Real=0.00s
[19.806s][info][gc            ] GC(1173) Concurrent Cycle
[19.806s][info][gc,marking    ] GC(1173) Concurrent Clear Claimed Marks
[19.806s][info][gc,marking    ] GC(1173) Concurrent Clear Claimed Marks 0.009ms
[19.806s][info][gc,marking    ] GC(1173) Concurrent Scan Root Regions
[19.806s][info][gc,marking    ] GC(1173) Concurrent Scan Root Regions 0.050ms
[19.806s][info][gc,marking    ] GC(1173) Concurrent Mark (19.806s)
[19.806s][info][gc,marking    ] GC(1173) Concurrent Mark From Roots
[19.806s][info][gc,task       ] GC(1173) Using 2 workers of 2 for marking
[19.811s][info][gc,marking    ] GC(1173) Concurrent Mark From Roots 5.489ms
[19.812s][info][gc,marking    ] GC(1173) Concurrent Preclean
[19.812s][info][gc,marking    ] GC(1173) Concurrent Preclean 0.072ms
[19.812s][info][gc,marking    ] GC(1173) Concurrent Mark (19.806s, 19.812s) 5.609ms
[19.812s][info][gc,start      ] GC(1173) Pause Remark
[19.813s][info][gc,stringtable] GC(1173) Cleaned string and symbol table, strings: 4363 processed, 0 removed, symbols: 36588 processed, 0 removed
[19.813s][info][gc            ] GC(1173) Pause Remark 2688M->2688M(2695M) 1.539ms
[19.813s][info][gc,cpu        ] GC(1173) User=0.01s Sys=0.00s Real=0.00s
[19.813s][info][gc,marking    ] GC(1173) Concurrent Rebuild Remembered Sets
[19.819s][info][gc,marking    ] GC(1173) Concurrent Rebuild Remembered Sets 5.266ms
[19.819s][info][gc,start      ] GC(1173) Pause Cleanup
[19.819s][info][gc            ] GC(1173) Pause Cleanup 2690M->2690M(2697M) 0.314ms
[19.819s][info][gc,cpu        ] GC(1173) User=0.00s Sys=0.00s Real=0.00s
[19.820s][info][gc,marking    ] GC(1173) Concurrent Cleanup for Next Mark
[19.823s][info][gc,marking    ] GC(1173) Concurrent Cleanup for Next Mark 3.393ms
[19.823s][info][gc            ] GC(1173) Concurrent Cycle 17.045ms
[19.829s][info][gc,start      ] GC(1174) Pause Young (Concurrent Start) (G1 Humongous Allocation)
[19.829s][info][gc,task       ] GC(1174) Using 8 workers of 8 for evacuation
[19.831s][info][gc,phases     ] GC(1174)   Pre Evacuate Collection Set: 0.6ms
[19.831s][info][gc,phases     ] GC(1174)   Evacuate Collection Set: 0.6ms
[19.831s][info][gc,phases     ] GC(1174)   Post Evacuate Collection Set: 0.2ms
[19.831s][info][gc,phases     ] GC(1174)   Other: 0.3ms
[19.831s][info][gc,heap       ] GC(1174) Eden regions: 4->0(133)
[19.831s][info][gc,heap       ] GC(1174) Survivor regions: 1->1(17)
[19.831s][info][gc,heap       ] GC(1174) Old regions: 27->27
[19.831s][info][gc,heap       ] GC(1174) Humongous regions: 2662->2662
[19.831s][info][gc,metaspace  ] GC(1174) Metaspace: 9862K->9862K(1058816K)
[19.831s][info][gc            ] GC(1174) Pause Young (Concurrent Start) (G1 Humongous Allocation) 2692M->2688M(2697M) 1.820ms
[19.831s][info][gc,cpu        ] GC(1174) User=0.00s Sys=0.00s Real=0.00s
[19.831s][info][gc            ] GC(1175) Concurrent Cycle
[19.831s][info][gc,marking    ] GC(1175) Concurrent Clear Claimed Marks
[19.831s][info][gc,marking    ] GC(1175) Concurrent Clear Claimed Marks 0.011ms
[19.831s][info][gc,marking    ] GC(1175) Concurrent Scan Root Regions
[19.831s][info][gc,marking    ] GC(1175) Concurrent Scan Root Regions 0.095ms
[19.831s][info][gc,marking    ] GC(1175) Concurrent Mark (19.831s)
[19.831s][info][gc,marking    ] GC(1175) Concurrent Mark From Roots
[19.831s][info][gc,task       ] GC(1175) Using 2 workers of 2 for marking
[19.837s][info][gc,marking    ] GC(1175) Concurrent Mark From Roots 5.495ms
[19.837s][info][gc,marking    ] GC(1175) Concurrent Preclean
[19.837s][info][gc,marking    ] GC(1175) Concurrent Preclean 0.070ms
[19.837s][info][gc,marking    ] GC(1175) Concurrent Mark (19.831s, 19.837s) 5.636ms
[19.837s][info][gc,start      ] GC(1175) Pause Remark
[19.838s][info][gc,stringtable] GC(1175) Cleaned string and symbol table, strings: 4363 processed, 0 removed, symbols: 36588 processed, 0 removed
[19.839s][info][gc            ] GC(1175) Pause Remark 2692M->2692M(2699M) 1.568ms
[19.839s][info][gc,cpu        ] GC(1175) User=0.01s Sys=0.00s Real=0.00s
[19.839s][info][gc,marking    ] GC(1175) Concurrent Rebuild Remembered Sets
[19.844s][info][gc,marking    ] GC(1175) Concurrent Rebuild Remembered Sets 5.193ms
[19.845s][info][gc,start      ] GC(1175) Pause Cleanup
[19.845s][info][gc            ] GC(1175) Pause Cleanup 2694M->2694M(2701M) 0.293ms
[19.845s][info][gc,cpu        ] GC(1175) User=0.00s Sys=0.00s Real=0.00s
[19.845s][info][gc,marking    ] GC(1175) Concurrent Cleanup for Next Mark
[19.848s][info][gc,marking    ] GC(1175) Concurrent Cleanup for Next Mark 3.231ms
[19.848s][info][gc            ] GC(1175) Concurrent Cycle 16.992ms
[19.854s][info][gc,start      ] GC(1176) Pause Young (Concurrent Start) (G1 Humongous Allocation)
[19.854s][info][gc,task       ] GC(1176) Using 8 workers of 8 for evacuation
[19.856s][info][gc,phases     ] GC(1176)   Pre Evacuate Collection Set: 0.6ms
[19.856s][info][gc,phases     ] GC(1176)   Evacuate Collection Set: 0.6ms
[19.856s][info][gc,phases     ] GC(1176)   Post Evacuate Collection Set: 0.2ms
[19.856s][info][gc,phases     ] GC(1176)   Other: 0.2ms
[19.856s][info][gc,heap       ] GC(1176) Eden regions: 4->0(134)
[19.856s][info][gc,heap       ] GC(1176) Survivor regions: 1->1(17)
[19.856s][info][gc,heap       ] GC(1176) Old regions: 27->27
[19.856s][info][gc,heap       ] GC(1176) Humongous regions: 2666->2666
[19.856s][info][gc,metaspace  ] GC(1176) Metaspace: 9862K->9862K(1058816K)
[19.856s][info][gc            ] GC(1176) Pause Young (Concurrent Start) (G1 Humongous Allocation) 2696M->2692M(2701M) 1.581ms
[19.856s][info][gc,cpu        ] GC(1176) User=0.00s Sys=0.00s Real=0.00s
[19.856s][info][gc            ] GC(1177) Concurrent Cycle
[19.856s][info][gc,marking    ] GC(1177) Concurrent Clear Claimed Marks
[19.856s][info][gc,marking    ] GC(1177) Concurrent Clear Claimed Marks 0.034ms
[19.856s][info][gc,marking    ] GC(1177) Concurrent Scan Root Regions
[19.856s][info][gc,marking    ] GC(1177) Concurrent Scan Root Regions 0.066ms
[19.856s][info][gc,marking    ] GC(1177) Concurrent Mark (19.856s)
[19.856s][info][gc,marking    ] GC(1177) Concurrent Mark From Roots
[19.856s][info][gc,task       ] GC(1177) Using 2 workers of 2 for marking
[19.862s][info][gc,marking    ] GC(1177) Concurrent Mark From Roots 5.387ms
[19.862s][info][gc,marking    ] GC(1177) Concurrent Preclean
[19.862s][info][gc,marking    ] GC(1177) Concurrent Preclean 0.145ms
[19.862s][info][gc,marking    ] GC(1177) Concurrent Mark (19.856s, 19.862s) 5.652ms
[19.862s][info][gc,start      ] GC(1177) Pause Remark
[19.863s][info][gc,stringtable] GC(1177) Cleaned string and symbol table, strings: 4363 processed, 0 removed, symbols: 36588 processed, 0 removed
[19.863s][info][gc            ] GC(1177) Pause Remark 2696M->2696M(2703M) 1.129ms
[19.863s][info][gc,cpu        ] GC(1177) User=0.00s Sys=0.00s Real=0.00s
[19.863s][info][gc,marking    ] GC(1177) Concurrent Rebuild Remembered Sets
[19.868s][info][gc,marking    ] GC(1177) Concurrent Rebuild Remembered Sets 5.208ms
[19.869s][info][gc,start      ] GC(1177) Pause Cleanup
[19.869s][info][gc            ] GC(1177) Pause Cleanup 2698M->2698M(2705M) 0.391ms
[19.869s][info][gc,cpu        ] GC(1177) User=0.00s Sys=0.00s Real=0.00s
[19.869s][info][gc,marking    ] GC(1177) Concurrent Cleanup for Next Mark
[19.873s][info][gc,marking    ] GC(1177) Concurrent Cleanup for Next Mark 3.295ms
[19.873s][info][gc            ] GC(1177) Concurrent Cycle 16.751ms
[19.879s][info][gc,start      ] GC(1178) Pause Young (Concurrent Start) (G1 Humongous Allocation)
[19.879s][info][gc,task       ] GC(1178) Using 8 workers of 8 for evacuation
[19.880s][info][gc,phases     ] GC(1178)   Pre Evacuate Collection Set: 0.6ms
[19.880s][info][gc,phases     ] GC(1178)   Evacuate Collection Set: 0.6ms
[19.880s][info][gc,phases     ] GC(1178)   Post Evacuate Collection Set: 0.1ms
[19.880s][info][gc,phases     ] GC(1178)   Other: 0.3ms
[19.880s][info][gc,heap       ] GC(1178) Eden regions: 4->0(134)
[19.880s][info][gc,heap       ] GC(1178) Survivor regions: 1->1(17)
[19.880s][info][gc,heap       ] GC(1178) Old regions: 27->27
[19.880s][info][gc,heap       ] GC(1178) Humongous regions: 2670->2670
[19.880s][info][gc,metaspace  ] GC(1178) Metaspace: 9862K->9862K(1058816K)
[19.880s][info][gc            ] GC(1178) Pause Young (Concurrent Start) (G1 Humongous Allocation) 2700M->2696M(2705M) 1.645ms
[19.880s][info][gc,cpu        ] GC(1178) User=0.00s Sys=0.00s Real=0.00s
[19.880s][info][gc            ] GC(1179) Concurrent Cycle
[19.880s][info][gc,marking    ] GC(1179) Concurrent Clear Claimed Marks
[19.880s][info][gc,marking    ] GC(1179) Concurrent Clear Claimed Marks 0.009ms
[19.881s][info][gc,marking    ] GC(1179) Concurrent Scan Root Regions
[19.881s][info][gc,marking    ] GC(1179) Concurrent Scan Root Regions 0.066ms
[19.881s][info][gc,marking    ] GC(1179) Concurrent Mark (19.881s)
[19.881s][info][gc,marking    ] GC(1179) Concurrent Mark From Roots
[19.881s][info][gc,task       ] GC(1179) Using 2 workers of 2 for marking
[19.886s][info][gc,marking    ] GC(1179) Concurrent Mark From Roots 5.507ms
[19.886s][info][gc,marking    ] GC(1179) Concurrent Preclean
[19.886s][info][gc,marking    ] GC(1179) Concurrent Preclean 0.066ms
[19.886s][info][gc,marking    ] GC(1179) Concurrent Mark (19.881s, 19.886s) 5.655ms
[19.887s][info][gc,start      ] GC(1179) Pause Remark
[19.888s][info][gc,stringtable] GC(1179) Cleaned string and symbol table, strings: 4363 processed, 0 removed, symbols: 36588 processed, 0 removed
[19.888s][info][gc            ] GC(1179) Pause Remark 2700M->2700M(2707M) 1.856ms
[19.888s][info][gc,cpu        ] GC(1179) User=0.01s Sys=0.00s Real=0.00s
[19.888s][info][gc,marking    ] GC(1179) Concurrent Rebuild Remembered Sets
[19.894s][info][gc,marking    ] GC(1179) Concurrent Rebuild Remembered Sets 5.234ms
[19.894s][info][gc,start      ] GC(1179) Pause Cleanup
[19.895s][info][gc            ] GC(1179) Pause Cleanup 2702M->2702M(2709M) 0.345ms
[19.895s][info][gc,cpu        ] GC(1179) User=0.00s Sys=0.00s Real=0.00s
[19.895s][info][gc,marking    ] GC(1179) Concurrent Cleanup for Next Mark
[19.898s][info][gc,marking    ] GC(1179) Concurrent Cleanup for Next Mark 3.314ms
[19.898s][info][gc            ] GC(1179) Concurrent Cycle 17.533ms
[19.904s][info][gc,start      ] GC(1180) Pause Young (Concurrent Start) (G1 Humongous Allocation)
[19.904s][info][gc,task       ] GC(1180) Using 8 workers of 8 for evacuation
[19.906s][info][gc,phases     ] GC(1180)   Pre Evacuate Collection Set: 0.6ms
[19.906s][info][gc,phases     ] GC(1180)   Evacuate Collection Set: 0.6ms
[19.906s][info][gc,phases     ] GC(1180)   Post Evacuate Collection Set: 0.2ms
[19.906s][info][gc,phases     ] GC(1180)   Other: 0.2ms
[19.906s][info][gc,heap       ] GC(1180) Eden regions: 4->0(134)
[19.906s][info][gc,heap       ] GC(1180) Survivor regions: 1->1(17)
[19.906s][info][gc,heap       ] GC(1180) Old regions: 27->27
[19.906s][info][gc,heap       ] GC(1180) Humongous regions: 2674->2674
[19.906s][info][gc,metaspace  ] GC(1180) Metaspace: 9862K->9862K(1058816K)
[19.906s][info][gc            ] GC(1180) Pause Young (Concurrent Start) (G1 Humongous Allocation) 2704M->2700M(2709M) 1.666ms
[19.906s][info][gc,cpu        ] GC(1180) User=0.00s Sys=0.00s Real=0.00s
[19.906s][info][gc            ] GC(1181) Concurrent Cycle
[19.906s][info][gc,marking    ] GC(1181) Concurrent Clear Claimed Marks
[19.906s][info][gc,marking    ] GC(1181) Concurrent Clear Claimed Marks 0.032ms
[19.906s][info][gc,marking    ] GC(1181) Concurrent Scan Root Regions
[19.906s][info][gc,marking    ] GC(1181) Concurrent Scan Root Regions 0.112ms
[19.906s][info][gc,marking    ] GC(1181) Concurrent Mark (19.906s)
[19.906s][info][gc,marking    ] GC(1181) Concurrent Mark From Roots
[19.906s][info][gc,task       ] GC(1181) Using 2 workers of 2 for marking
[19.912s][info][gc,marking    ] GC(1181) Concurrent Mark From Roots 5.627ms
[19.912s][info][gc,marking    ] GC(1181) Concurrent Preclean
[19.912s][info][gc,marking    ] GC(1181) Concurrent Preclean 0.072ms
[19.912s][info][gc,marking    ] GC(1181) Concurrent Mark (19.906s, 19.912s) 5.752ms
[19.912s][info][gc,start      ] GC(1181) Pause Remark
[19.913s][info][gc,stringtable] GC(1181) Cleaned string and symbol table, strings: 4363 processed, 0 removed, symbols: 36588 processed, 0 removed
[19.914s][info][gc            ] GC(1181) Pause Remark 2704M->2704M(2711M) 1.746ms
[19.914s][info][gc,cpu        ] GC(1181) User=0.01s Sys=0.00s Real=0.00s
[19.914s][info][gc,marking    ] GC(1181) Concurrent Rebuild Remembered Sets
[19.919s][info][gc,marking    ] GC(1181) Concurrent Rebuild Remembered Sets 5.300ms
[19.920s][info][gc,start      ] GC(1181) Pause Cleanup
[19.920s][info][gc            ] GC(1181) Pause Cleanup 2706M->2706M(2713M) 0.401ms
[19.920s][info][gc,cpu        ] GC(1181) User=0.00s Sys=0.00s Real=0.00s
[19.920s][info][gc,marking    ] GC(1181) Concurrent Cleanup for Next Mark
[19.924s][info][gc,marking    ] GC(1181) Concurrent Cleanup for Next Mark 3.420ms
[19.924s][info][gc            ] GC(1181) Concurrent Cycle 17.856ms
[19.930s][info][gc,start      ] GC(1182) Pause Young (Concurrent Start) (G1 Humongous Allocation)
[19.930s][info][gc,task       ] GC(1182) Using 8 workers of 8 for evacuation
[19.931s][info][gc,phases     ] GC(1182)   Pre Evacuate Collection Set: 0.6ms
[19.931s][info][gc,phases     ] GC(1182)   Evacuate Collection Set: 0.5ms
[19.931s][info][gc,phases     ] GC(1182)   Post Evacuate Collection Set: 0.1ms
[19.932s][info][gc,phases     ] GC(1182)   Other: 0.2ms
[19.932s][info][gc,heap       ] GC(1182) Eden regions: 4->0(134)
[19.932s][info][gc,heap       ] GC(1182) Survivor regions: 1->1(17)
[19.932s][info][gc,heap       ] GC(1182) Old regions: 27->27
[19.932s][info][gc,heap       ] GC(1182) Humongous regions: 2678->2678
[19.932s][info][gc,metaspace  ] GC(1182) Metaspace: 9862K->9862K(1058816K)
[19.932s][info][gc            ] GC(1182) Pause Young (Concurrent Start) (G1 Humongous Allocation) 2708M->2704M(2713M) 1.622ms
[19.932s][info][gc,cpu        ] GC(1182) User=0.00s Sys=0.00s Real=0.01s
[19.932s][info][gc            ] GC(1183) Concurrent Cycle
[19.932s][info][gc,marking    ] GC(1183) Concurrent Clear Claimed Marks
[19.932s][info][gc,marking    ] GC(1183) Concurrent Clear Claimed Marks 0.047ms
[19.932s][info][gc,marking    ] GC(1183) Concurrent Scan Root Regions
[19.932s][info][gc,marking    ] GC(1183) Concurrent Scan Root Regions 0.067ms
[19.932s][info][gc,marking    ] GC(1183) Concurrent Mark (19.932s)
[19.932s][info][gc,marking    ] GC(1183) Concurrent Mark From Roots
[19.932s][info][gc,task       ] GC(1183) Using 2 workers of 2 for marking
[19.937s][info][gc,marking    ] GC(1183) Concurrent Mark From Roots 5.431ms
[19.937s][info][gc,marking    ] GC(1183) Concurrent Preclean
[19.937s][info][gc,marking    ] GC(1183) Concurrent Preclean 0.078ms
[19.937s][info][gc,marking    ] GC(1183) Concurrent Mark (19.932s, 19.937s) 5.560ms
[19.938s][info][gc,start      ] GC(1183) Pause Remark
[19.939s][info][gc,stringtable] GC(1183) Cleaned string and symbol table, strings: 4363 processed, 0 removed, symbols: 36588 processed, 0 removed
[19.939s][info][gc            ] GC(1183) Pause Remark 2708M->2708M(2715M) 1.729ms
[19.939s][info][gc,cpu        ] GC(1183) User=0.01s Sys=0.00s Real=0.00s
[19.939s][info][gc,marking    ] GC(1183) Concurrent Rebuild Remembered Sets
[19.945s][info][gc,marking    ] GC(1183) Concurrent Rebuild Remembered Sets 5.340ms
[19.945s][info][gc,start      ] GC(1183) Pause Cleanup
[19.946s][info][gc            ] GC(1183) Pause Cleanup 2710M->2710M(2717M) 0.345ms
[19.946s][info][gc,cpu        ] GC(1183) User=0.00s Sys=0.00s Real=0.00s
[19.946s][info][gc,marking    ] GC(1183) Concurrent Cleanup for Next Mark
[19.949s][info][gc,marking    ] GC(1183) Concurrent Cleanup for Next Mark 3.395ms
[19.949s][info][gc            ] GC(1183) Concurrent Cycle 17.484ms
[19.955s][info][gc,start      ] GC(1184) Pause Young (Concurrent Start) (G1 Humongous Allocation)
[19.955s][info][gc,task       ] GC(1184) Using 8 workers of 8 for evacuation
[19.957s][info][gc,phases     ] GC(1184)   Pre Evacuate Collection Set: 0.6ms
[19.957s][info][gc,phases     ] GC(1184)   Evacuate Collection Set: 0.6ms
[19.957s][info][gc,phases     ] GC(1184)   Post Evacuate Collection Set: 0.2ms
[19.957s][info][gc,phases     ] GC(1184)   Other: 0.2ms
[19.957s][info][gc,heap       ] GC(1184) Eden regions: 4->0(134)
[19.957s][info][gc,heap       ] GC(1184) Survivor regions: 1->1(17)
[19.957s][info][gc,heap       ] GC(1184) Old regions: 27->27
[19.957s][info][gc,heap       ] GC(1184) Humongous regions: 2682->2682
[19.957s][info][gc,metaspace  ] GC(1184) Metaspace: 9862K->9862K(1058816K)
[19.957s][info][gc            ] GC(1184) Pause Young (Concurrent Start) (G1 Humongous Allocation) 2712M->2708M(2717M) 1.662ms
[19.957s][info][gc,cpu        ] GC(1184) User=0.01s Sys=0.00s Real=0.00s
[19.957s][info][gc            ] GC(1185) Concurrent Cycle
[19.957s][info][gc,marking    ] GC(1185) Concurrent Clear Claimed Marks
[19.957s][info][gc,marking    ] GC(1185) Concurrent Clear Claimed Marks 0.028ms
[19.957s][info][gc,marking    ] GC(1185) Concurrent Scan Root Regions
[19.957s][info][gc,marking    ] GC(1185) Concurrent Scan Root Regions 0.093ms
[19.957s][info][gc,marking    ] GC(1185) Concurrent Mark (19.957s)
[19.957s][info][gc,marking    ] GC(1185) Concurrent Mark From Roots
[19.957s][info][gc,task       ] GC(1185) Using 2 workers of 2 for marking
[19.963s][info][gc,marking    ] GC(1185) Concurrent Mark From Roots 5.471ms
[19.963s][info][gc,marking    ] GC(1185) Concurrent Preclean
[19.963s][info][gc,marking    ] GC(1185) Concurrent Preclean 0.090ms
[19.963s][info][gc,marking    ] GC(1185) Concurrent Mark (19.957s, 19.963s) 5.699ms
[19.963s][info][gc,start      ] GC(1185) Pause Remark
[19.964s][info][gc,stringtable] GC(1185) Cleaned string and symbol table, strings: 4363 processed, 0 removed, symbols: 36588 processed, 0 removed
[19.965s][info][gc            ] GC(1185) Pause Remark 2712M->2712M(2719M) 1.365ms
[19.965s][info][gc,cpu        ] GC(1185) User=0.01s Sys=0.00s Real=0.00s
[19.965s][info][gc,marking    ] GC(1185) Concurrent Rebuild Remembered Sets
[19.970s][info][gc,marking    ] GC(1185) Concurrent Rebuild Remembered Sets 5.025ms
[19.970s][info][gc,start      ] GC(1185) Pause Cleanup
[19.971s][info][gc            ] GC(1185) Pause Cleanup 2714M->2714M(2721M) 0.376ms
[19.971s][info][gc,cpu        ] GC(1185) User=0.00s Sys=0.00s Real=0.00s
[19.971s][info][gc,marking    ] GC(1185) Concurrent Cleanup for Next Mark
[19.974s][info][gc,marking    ] GC(1185) Concurrent Cleanup for Next Mark 3.324ms
[19.974s][info][gc            ] GC(1185) Concurrent Cycle 17.138ms
[19.980s][info][gc,start      ] GC(1186) Pause Young (Concurrent Start) (G1 Humongous Allocation)
[19.980s][info][gc,task       ] GC(1186) Using 8 workers of 8 for evacuation
[19.982s][info][gc,phases     ] GC(1186)   Pre Evacuate Collection Set: 0.6ms
[19.982s][info][gc,phases     ] GC(1186)   Evacuate Collection Set: 0.5ms
[19.982s][info][gc,phases     ] GC(1186)   Post Evacuate Collection Set: 0.2ms
[19.982s][info][gc,phases     ] GC(1186)   Other: 0.2ms
[19.982s][info][gc,heap       ] GC(1186) Eden regions: 4->0(135)
[19.982s][info][gc,heap       ] GC(1186) Survivor regions: 1->1(17)
[19.982s][info][gc,heap       ] GC(1186) Old regions: 27->27
[19.982s][info][gc,heap       ] GC(1186) Humongous regions: 2686->2686
[19.982s][info][gc,metaspace  ] GC(1186) Metaspace: 9862K->9862K(1058816K)
[19.982s][info][gc            ] GC(1186) Pause Young (Concurrent Start) (G1 Humongous Allocation) 2716M->2712M(2721M) 1.575ms
[19.982s][info][gc,cpu        ] GC(1186) User=0.00s Sys=0.00s Real=0.01s
[19.982s][info][gc            ] GC(1187) Concurrent Cycle
[19.982s][info][gc,marking    ] GC(1187) Concurrent Clear Claimed Marks
[19.982s][info][gc,marking    ] GC(1187) Concurrent Clear Claimed Marks 0.031ms
[19.982s][info][gc,marking    ] GC(1187) Concurrent Scan Root Regions
[19.982s][info][gc,marking    ] GC(1187) Concurrent Scan Root Regions 0.092ms
[19.982s][info][gc,marking    ] GC(1187) Concurrent Mark (19.982s)
[19.982s][info][gc,marking    ] GC(1187) Concurrent Mark From Roots
[19.982s][info][gc,task       ] GC(1187) Using 2 workers of 2 for marking
[19.988s][info][gc,marking    ] GC(1187) Concurrent Mark From Roots 5.632ms
[19.988s][info][gc,marking    ] GC(1187) Concurrent Preclean
[19.988s][info][gc,marking    ] GC(1187) Concurrent Preclean 0.089ms
[19.988s][info][gc,marking    ] GC(1187) Concurrent Mark (19.982s, 19.988s) 5.826ms
[19.988s][info][gc,start      ] GC(1187) Pause Remark
[19.990s][info][gc,stringtable] GC(1187) Cleaned string and symbol table, strings: 4363 processed, 0 removed, symbols: 36588 processed, 0 removed
[19.990s][info][gc            ] GC(1187) Pause Remark 2716M->2716M(2723M) 1.907ms
[19.990s][info][gc,cpu        ] GC(1187) User=0.01s Sys=0.00s Real=0.00s
[19.990s][info][gc,marking    ] GC(1187) Concurrent Rebuild Remembered Sets
[19.995s][info][gc,marking    ] GC(1187) Concurrent Rebuild Remembered Sets 5.271ms
[19.996s][info][gc,start      ] GC(1187) Pause Cleanup
[19.996s][info][gc            ] GC(1187) Pause Cleanup 2718M->2718M(2725M) 0.262ms
[19.996s][info][gc,cpu        ] GC(1187) User=0.00s Sys=0.00s Real=0.00s
[19.996s][info][gc,marking    ] GC(1187) Concurrent Cleanup for Next Mark
[20.000s][info][gc,marking    ] GC(1187) Concurrent Cleanup for Next Mark 3.716ms
[20.000s][info][gc            ] GC(1187) Concurrent Cycle 17.940ms
[20.009s][info][gc,start      ] GC(1188) Pause Young (Concurrent Start) (G1 Humongous Allocation)
[20.009s][info][gc,task       ] GC(1188) Using 8 workers of 8 for evacuation
[20.011s][info][gc,phases     ] GC(1188)   Pre Evacuate Collection Set: 0.6ms
[20.011s][info][gc,phases     ] GC(1188)   Evacuate Collection Set: 0.6ms
[20.011s][info][gc,phases     ] GC(1188)   Post Evacuate Collection Set: 0.1ms
[20.011s][info][gc,phases     ] GC(1188)   Other: 0.3ms
[20.011s][info][gc,heap       ] GC(1188) Eden regions: 4->0(135)
[20.011s][info][gc,heap       ] GC(1188) Survivor regions: 1->1(17)
[20.011s][info][gc,heap       ] GC(1188) Old regions: 27->27
[20.011s][info][gc,heap       ] GC(1188) Humongous regions: 2690->2690
[20.011s][info][gc,metaspace  ] GC(1188) Metaspace: 9862K->9862K(1058816K)
[20.011s][info][gc            ] GC(1188) Pause Young (Concurrent Start) (G1 Humongous Allocation) 2720M->2716M(2725M) 1.703ms
[20.011s][info][gc,cpu        ] GC(1188) User=0.01s Sys=0.00s Real=0.00s
[20.011s][info][gc            ] GC(1189) Concurrent Cycle
[20.011s][info][gc,marking    ] GC(1189) Concurrent Clear Claimed Marks
[20.011s][info][gc,marking    ] GC(1189) Concurrent Clear Claimed Marks 0.010ms
[20.011s][info][gc,marking    ] GC(1189) Concurrent Scan Root Regions
[20.011s][info][gc,marking    ] GC(1189) Concurrent Scan Root Regions 0.049ms
[20.011s][info][gc,marking    ] GC(1189) Concurrent Mark (20.011s)
[20.011s][info][gc,marking    ] GC(1189) Concurrent Mark From Roots
[20.011s][info][gc,task       ] GC(1189) Using 2 workers of 2 for marking
[20.017s][info][gc,marking    ] GC(1189) Concurrent Mark From Roots 5.897ms
[20.017s][info][gc,marking    ] GC(1189) Concurrent Preclean
[20.017s][info][gc,marking    ] GC(1189) Concurrent Preclean 0.076ms
[20.017s][info][gc,marking    ] GC(1189) Concurrent Mark (20.011s, 20.017s) 6.037ms
[20.017s][info][gc,start      ] GC(1189) Pause Remark
[20.018s][info][gc,stringtable] GC(1189) Cleaned string and symbol table, strings: 4363 processed, 0 removed, symbols: 36588 processed, 0 removed
[20.019s][info][gc            ] GC(1189) Pause Remark 2720M->2720M(2727M) 1.077ms
[20.019s][info][gc,cpu        ] GC(1189) User=0.01s Sys=0.00s Real=0.00s
[20.019s][info][gc,marking    ] GC(1189) Concurrent Rebuild Remembered Sets
[20.024s][info][gc,marking    ] GC(1189) Concurrent Rebuild Remembered Sets 5.744ms
[20.025s][info][gc,start      ] GC(1189) Pause Cleanup
[20.025s][info][gc            ] GC(1189) Pause Cleanup 2722M->2722M(2729M) 0.326ms
[20.025s][info][gc,cpu        ] GC(1189) User=0.00s Sys=0.00s Real=0.00s
[20.025s][info][gc,marking    ] GC(1189) Concurrent Cleanup for Next Mark
[20.029s][info][gc,marking    ] GC(1189) Concurrent Cleanup for Next Mark 3.600ms
[20.029s][info][gc            ] GC(1189) Concurrent Cycle 17.910ms
[20.036s][info][gc,start      ] GC(1190) Pause Young (Concurrent Start) (G1 Humongous Allocation)
[20.036s][info][gc,task       ] GC(1190) Using 8 workers of 8 for evacuation
[20.037s][info][gc,phases     ] GC(1190)   Pre Evacuate Collection Set: 0.6ms
[20.038s][info][gc,phases     ] GC(1190)   Evacuate Collection Set: 0.6ms
[20.038s][info][gc,phases     ] GC(1190)   Post Evacuate Collection Set: 0.1ms
[20.038s][info][gc,phases     ] GC(1190)   Other: 0.3ms
[20.038s][info][gc,heap       ] GC(1190) Eden regions: 4->0(135)
[20.038s][info][gc,heap       ] GC(1190) Survivor regions: 1->1(17)
[20.038s][info][gc,heap       ] GC(1190) Old regions: 27->27
[20.038s][info][gc,heap       ] GC(1190) Humongous regions: 2694->2694
[20.038s][info][gc,metaspace  ] GC(1190) Metaspace: 9862K->9862K(1058816K)
[20.038s][info][gc            ] GC(1190) Pause Young (Concurrent Start) (G1 Humongous Allocation) 2724M->2720M(2729M) 1.777ms
[20.038s][info][gc,cpu        ] GC(1190) User=0.01s Sys=0.00s Real=0.00s
[20.038s][info][gc            ] GC(1191) Concurrent Cycle
[20.038s][info][gc,marking    ] GC(1191) Concurrent Clear Claimed Marks
[20.038s][info][gc,marking    ] GC(1191) Concurrent Clear Claimed Marks 0.010ms
[20.038s][info][gc,marking    ] GC(1191) Concurrent Scan Root Regions
[20.038s][info][gc,marking    ] GC(1191) Concurrent Scan Root Regions 0.049ms
[20.038s][info][gc,marking    ] GC(1191) Concurrent Mark (20.038s)
[20.038s][info][gc,marking    ] GC(1191) Concurrent Mark From Roots
[20.038s][info][gc,task       ] GC(1191) Using 2 workers of 2 for marking
[20.044s][info][gc,marking    ] GC(1191) Concurrent Mark From Roots 5.971ms
[20.044s][info][gc,marking    ] GC(1191) Concurrent Preclean
[20.044s][info][gc,marking    ] GC(1191) Concurrent Preclean 0.145ms
[20.044s][info][gc,marking    ] GC(1191) Concurrent Mark (20.038s, 20.044s) 6.215ms
[20.044s][info][gc,start      ] GC(1191) Pause Remark
[20.045s][info][gc,stringtable] GC(1191) Cleaned string and symbol table, strings: 4363 processed, 0 removed, symbols: 36588 processed, 0 removed
[20.045s][info][gc            ] GC(1191) Pause Remark 2723M->2723M(2731M) 1.289ms
[20.045s][info][gc,cpu        ] GC(1191) User=0.01s Sys=0.00s Real=0.00s
[20.045s][info][gc,marking    ] GC(1191) Concurrent Rebuild Remembered Sets
[20.051s][info][gc,marking    ] GC(1191) Concurrent Rebuild Remembered Sets 5.503ms
[20.052s][info][gc,start      ] GC(1191) Pause Cleanup
[20.052s][info][gc            ] GC(1191) Pause Cleanup 2726M->2726M(2733M) 0.350ms
[20.052s][info][gc,cpu        ] GC(1191) User=0.00s Sys=0.00s Real=0.00s
[20.052s][info][gc,marking    ] GC(1191) Concurrent Cleanup for Next Mark
[20.056s][info][gc,marking    ] GC(1191) Concurrent Cleanup for Next Mark 4.083ms
[20.056s][info][gc            ] GC(1191) Concurrent Cycle 18.658ms
[20.063s][info][gc,start      ] GC(1192) Pause Young (Concurrent Start) (G1 Humongous Allocation)
[20.063s][info][gc,task       ] GC(1192) Using 8 workers of 8 for evacuation
[20.065s][info][gc,phases     ] GC(1192)   Pre Evacuate Collection Set: 0.6ms
[20.065s][info][gc,phases     ] GC(1192)   Evacuate Collection Set: 1.3ms
[20.065s][info][gc,phases     ] GC(1192)   Post Evacuate Collection Set: 0.2ms
[20.065s][info][gc,phases     ] GC(1192)   Other: 0.3ms
[20.065s][info][gc,heap       ] GC(1192) Eden regions: 4->0(135)
[20.065s][info][gc,heap       ] GC(1192) Survivor regions: 1->1(17)
[20.065s][info][gc,heap       ] GC(1192) Old regions: 27->27
[20.065s][info][gc,heap       ] GC(1192) Humongous regions: 2698->2698
[20.065s][info][gc,metaspace  ] GC(1192) Metaspace: 9862K->9862K(1058816K)
[20.065s][info][gc            ] GC(1192) Pause Young (Concurrent Start) (G1 Humongous Allocation) 2728M->2724M(2733M) 2.474ms
[20.065s][info][gc,cpu        ] GC(1192) User=0.01s Sys=0.00s Real=0.00s
[20.065s][info][gc            ] GC(1193) Concurrent Cycle
[20.065s][info][gc,marking    ] GC(1193) Concurrent Clear Claimed Marks
[20.065s][info][gc,marking    ] GC(1193) Concurrent Clear Claimed Marks 0.031ms
[20.065s][info][gc,marking    ] GC(1193) Concurrent Scan Root Regions
[20.065s][info][gc,marking    ] GC(1193) Concurrent Scan Root Regions 0.092ms
[20.065s][info][gc,marking    ] GC(1193) Concurrent Mark (20.065s)
[20.065s][info][gc,marking    ] GC(1193) Concurrent Mark From Roots
[20.065s][info][gc,task       ] GC(1193) Using 2 workers of 2 for marking
[20.071s][info][gc,marking    ] GC(1193) Concurrent Mark From Roots 5.497ms
[20.071s][info][gc,marking    ] GC(1193) Concurrent Preclean
[20.071s][info][gc,marking    ] GC(1193) Concurrent Preclean 0.088ms
[20.071s][info][gc,marking    ] GC(1193) Concurrent Mark (20.065s, 20.071s) 5.688ms
[20.071s][info][gc,start      ] GC(1193) Pause Remark
[20.073s][info][gc,stringtable] GC(1193) Cleaned string and symbol table, strings: 4363 processed, 0 removed, symbols: 36588 processed, 0 removed
[20.073s][info][gc            ] GC(1193) Pause Remark 2728M->2728M(2735M) 1.808ms
[20.073s][info][gc,cpu        ] GC(1193) User=0.01s Sys=0.00s Real=0.00s
[20.073s][info][gc,marking    ] GC(1193) Concurrent Rebuild Remembered Sets
[20.079s][info][gc,marking    ] GC(1193) Concurrent Rebuild Remembered Sets 5.432ms
[20.079s][info][gc,start      ] GC(1193) Pause Cleanup
[20.080s][info][gc            ] GC(1193) Pause Cleanup 2730M->2730M(2737M) 0.356ms
[20.080s][info][gc,cpu        ] GC(1193) User=0.00s Sys=0.00s Real=0.00s
[20.080s][info][gc,marking    ] GC(1193) Concurrent Cleanup for Next Mark
[20.083s][info][gc,marking    ] GC(1193) Concurrent Cleanup for Next Mark 3.338ms
[20.083s][info][gc            ] GC(1193) Concurrent Cycle 18.006ms
[20.090s][info][gc,start      ] GC(1194) Pause Young (Concurrent Start) (G1 Humongous Allocation)
[20.090s][info][gc,task       ] GC(1194) Using 8 workers of 8 for evacuation
[20.092s][info][gc,phases     ] GC(1194)   Pre Evacuate Collection Set: 0.6ms
[20.092s][info][gc,phases     ] GC(1194)   Evacuate Collection Set: 0.6ms
[20.092s][info][gc,phases     ] GC(1194)   Post Evacuate Collection Set: 0.2ms
[20.092s][info][gc,phases     ] GC(1194)   Other: 0.3ms
[20.092s][info][gc,heap       ] GC(1194) Eden regions: 4->0(135)
[20.092s][info][gc,heap       ] GC(1194) Survivor regions: 1->1(17)
[20.092s][info][gc,heap       ] GC(1194) Old regions: 27->27
[20.092s][info][gc,heap       ] GC(1194) Humongous regions: 2702->2702
[20.092s][info][gc,metaspace  ] GC(1194) Metaspace: 9862K->9862K(1058816K)
[20.092s][info][gc            ] GC(1194) Pause Young (Concurrent Start) (G1 Humongous Allocation) 2732M->2728M(2737M) 1.757ms
[20.092s][info][gc,cpu        ] GC(1194) User=0.00s Sys=0.00s Real=0.01s
[20.092s][info][gc            ] GC(1195) Concurrent Cycle
[20.092s][info][gc,marking    ] GC(1195) Concurrent Clear Claimed Marks
[20.092s][info][gc,marking    ] GC(1195) Concurrent Clear Claimed Marks 0.010ms
[20.092s][info][gc,marking    ] GC(1195) Concurrent Scan Root Regions
[20.092s][info][gc,marking    ] GC(1195) Concurrent Scan Root Regions 0.130ms
[20.092s][info][gc,marking    ] GC(1195) Concurrent Mark (20.092s)
[20.092s][info][gc,marking    ] GC(1195) Concurrent Mark From Roots
[20.092s][info][gc,task       ] GC(1195) Using 2 workers of 2 for marking
[20.098s][info][gc,marking    ] GC(1195) Concurrent Mark From Roots 5.460ms
[20.098s][info][gc,marking    ] GC(1195) Concurrent Preclean
[20.098s][info][gc,marking    ] GC(1195) Concurrent Preclean 0.109ms
[20.098s][info][gc,marking    ] GC(1195) Concurrent Mark (20.092s, 20.098s) 5.691ms
[20.098s][info][gc,start      ] GC(1195) Pause Remark
[20.099s][info][gc,stringtable] GC(1195) Cleaned string and symbol table, strings: 4363 processed, 0 removed, symbols: 36588 processed, 0 removed
[20.100s][info][gc            ] GC(1195) Pause Remark 2732M->2732M(2739M) 2.088ms
[20.100s][info][gc,cpu        ] GC(1195) User=0.01s Sys=0.00s Real=0.00s
[20.100s][info][gc,marking    ] GC(1195) Concurrent Rebuild Remembered Sets
[20.105s][info][gc,marking    ] GC(1195) Concurrent Rebuild Remembered Sets 5.191ms
[20.106s][info][gc,start      ] GC(1195) Pause Cleanup
[20.106s][info][gc            ] GC(1195) Pause Cleanup 2734M->2734M(2741M) 0.292ms
[20.106s][info][gc,cpu        ] GC(1195) User=0.00s Sys=0.00s Real=0.00s
[20.106s][info][gc,marking    ] GC(1195) Concurrent Cleanup for Next Mark
[20.110s][info][gc,marking    ] GC(1195) Concurrent Cleanup for Next Mark 3.725ms
[20.110s][info][gc            ] GC(1195) Concurrent Cycle 18.177ms
[20.116s][info][gc,start      ] GC(1196) Pause Young (Concurrent Start) (G1 Humongous Allocation)
[20.116s][info][gc,task       ] GC(1196) Using 8 workers of 8 for evacuation
[20.118s][info][gc,phases     ] GC(1196)   Pre Evacuate Collection Set: 0.6ms
[20.118s][info][gc,phases     ] GC(1196)   Evacuate Collection Set: 0.6ms
[20.118s][info][gc,phases     ] GC(1196)   Post Evacuate Collection Set: 0.2ms
[20.118s][info][gc,phases     ] GC(1196)   Other: 0.3ms
[20.118s][info][gc,heap       ] GC(1196) Eden regions: 4->0(136)
[20.118s][info][gc,heap       ] GC(1196) Survivor regions: 1->1(17)
[20.118s][info][gc,heap       ] GC(1196) Old regions: 27->27
[20.118s][info][gc,heap       ] GC(1196) Humongous regions: 2706->2706
[20.118s][info][gc,metaspace  ] GC(1196) Metaspace: 9862K->9862K(1058816K)
[20.118s][info][gc            ] GC(1196) Pause Young (Concurrent Start) (G1 Humongous Allocation) 2736M->2732M(2741M) 1.754ms
[20.118s][info][gc,cpu        ] GC(1196) User=0.00s Sys=0.00s Real=0.00s
[20.118s][info][gc            ] GC(1197) Concurrent Cycle
[20.118s][info][gc,marking    ] GC(1197) Concurrent Clear Claimed Marks
[20.118s][info][gc,marking    ] GC(1197) Concurrent Clear Claimed Marks 0.036ms
[20.118s][info][gc,marking    ] GC(1197) Concurrent Scan Root Regions
[20.118s][info][gc,marking    ] GC(1197) Concurrent Scan Root Regions 0.062ms
[20.118s][info][gc,marking    ] GC(1197) Concurrent Mark (20.118s)
[20.118s][info][gc,marking    ] GC(1197) Concurrent Mark From Roots
[20.118s][info][gc,task       ] GC(1197) Using 2 workers of 2 for marking
[20.124s][info][gc,marking    ] GC(1197) Concurrent Mark From Roots 5.599ms
[20.124s][info][gc,marking    ] GC(1197) Concurrent Preclean
[20.124s][info][gc,marking    ] GC(1197) Concurrent Preclean 0.074ms
[20.124s][info][gc,marking    ] GC(1197) Concurrent Mark (20.118s, 20.124s) 5.786ms
[20.124s][info][gc,start      ] GC(1197) Pause Remark
[20.124s][info][gc,stringtable] GC(1197) Cleaned string and symbol table, strings: 4363 processed, 0 removed, symbols: 36588 processed, 0 removed
[20.125s][info][gc            ] GC(1197) Pause Remark 2736M->2736M(2743M) 1.110ms
[20.125s][info][gc,cpu        ] GC(1197) User=0.01s Sys=0.00s Real=0.00s
[20.125s][info][gc,marking    ] GC(1197) Concurrent Rebuild Remembered Sets
[20.130s][info][gc,marking    ] GC(1197) Concurrent Rebuild Remembered Sets 5.103ms
[20.131s][info][gc,start      ] GC(1197) Pause Cleanup
[20.131s][info][gc            ] GC(1197) Pause Cleanup 2738M->2738M(2745M) 0.407ms
[20.131s][info][gc,cpu        ] GC(1197) User=0.00s Sys=0.00s Real=0.00s
[20.131s][info][gc,marking    ] GC(1197) Concurrent Cleanup for Next Mark
[20.135s][info][gc,marking    ] GC(1197) Concurrent Cleanup for Next Mark 3.565ms
[20.135s][info][gc            ] GC(1197) Concurrent Cycle 17.026ms
[20.141s][info][gc,start      ] GC(1198) Pause Young (Concurrent Start) (G1 Humongous Allocation)
[20.141s][info][gc,task       ] GC(1198) Using 8 workers of 8 for evacuation
[20.142s][info][gc,phases     ] GC(1198)   Pre Evacuate Collection Set: 0.6ms
[20.142s][info][gc,phases     ] GC(1198)   Evacuate Collection Set: 0.6ms
[20.142s][info][gc,phases     ] GC(1198)   Post Evacuate Collection Set: 0.1ms
[20.142s][info][gc,phases     ] GC(1198)   Other: 0.3ms
[20.143s][info][gc,heap       ] GC(1198) Eden regions: 4->0(136)
[20.143s][info][gc,heap       ] GC(1198) Survivor regions: 1->1(18)
[20.143s][info][gc,heap       ] GC(1198) Old regions: 27->27
[20.143s][info][gc,heap       ] GC(1198) Humongous regions: 2710->2710
[20.143s][info][gc,metaspace  ] GC(1198) Metaspace: 9862K->9862K(1058816K)
[20.143s][info][gc            ] GC(1198) Pause Young (Concurrent Start) (G1 Humongous Allocation) 2740M->2736M(2745M) 1.710ms
[20.143s][info][gc,cpu        ] GC(1198) User=0.00s Sys=0.00s Real=0.01s
[20.143s][info][gc            ] GC(1199) Concurrent Cycle
[20.143s][info][gc,marking    ] GC(1199) Concurrent Clear Claimed Marks
[20.143s][info][gc,marking    ] GC(1199) Concurrent Clear Claimed Marks 0.014ms
[20.143s][info][gc,marking    ] GC(1199) Concurrent Scan Root Regions
[20.143s][info][gc,marking    ] GC(1199) Concurrent Scan Root Regions 0.072ms
[20.143s][info][gc,marking    ] GC(1199) Concurrent Mark (20.143s)
[20.143s][info][gc,marking    ] GC(1199) Concurrent Mark From Roots
[20.143s][info][gc,task       ] GC(1199) Using 2 workers of 2 for marking
[20.148s][info][gc,marking    ] GC(1199) Concurrent Mark From Roots 5.593ms
[20.149s][info][gc,marking    ] GC(1199) Concurrent Preclean
[20.149s][info][gc,marking    ] GC(1199) Concurrent Preclean 0.068ms
[20.149s][info][gc,marking    ] GC(1199) Concurrent Mark (20.143s, 20.149s) 5.712ms
[20.149s][info][gc,start      ] GC(1199) Pause Remark
[20.150s][info][gc,stringtable] GC(1199) Cleaned string and symbol table, strings: 4363 processed, 0 removed, symbols: 36588 processed, 0 removed
[20.150s][info][gc            ] GC(1199) Pause Remark 2740M->2740M(2747M) 1.279ms
[20.150s][info][gc,cpu        ] GC(1199) User=0.01s Sys=0.00s Real=0.00s
[20.150s][info][gc,marking    ] GC(1199) Concurrent Rebuild Remembered Sets
[20.155s][info][gc,marking    ] GC(1199) Concurrent Rebuild Remembered Sets 5.278ms
[20.156s][info][gc,start      ] GC(1199) Pause Cleanup
[20.156s][info][gc            ] GC(1199) Pause Cleanup 2742M->2742M(2749M) 0.373ms
[20.156s][info][gc,cpu        ] GC(1199) User=0.00s Sys=0.00s Real=0.00s
[20.156s][info][gc,marking    ] GC(1199) Concurrent Cleanup for Next Mark
[20.160s][info][gc,marking    ] GC(1199) Concurrent Cleanup for Next Mark 3.509ms
[20.160s][info][gc            ] GC(1199) Concurrent Cycle 17.093ms
[20.166s][info][gc,start      ] GC(1200) Pause Young (Concurrent Start) (G1 Humongous Allocation)
[20.166s][info][gc,task       ] GC(1200) Using 8 workers of 8 for evacuation
[20.167s][info][gc,phases     ] GC(1200)   Pre Evacuate Collection Set: 0.6ms
[20.167s][info][gc,phases     ] GC(1200)   Evacuate Collection Set: 0.7ms
[20.167s][info][gc,phases     ] GC(1200)   Post Evacuate Collection Set: 0.2ms
[20.167s][info][gc,phases     ] GC(1200)   Other: 0.2ms
[20.167s][info][gc,heap       ] GC(1200) Eden regions: 4->0(136)
[20.167s][info][gc,heap       ] GC(1200) Survivor regions: 1->1(18)
[20.168s][info][gc,heap       ] GC(1200) Old regions: 27->27
[20.168s][info][gc,heap       ] GC(1200) Humongous regions: 2714->2714
[20.168s][info][gc,metaspace  ] GC(1200) Metaspace: 9862K->9862K(1058816K)
[20.168s][info][gc            ] GC(1200) Pause Young (Concurrent Start) (G1 Humongous Allocation) 2744M->2740M(2749M) 1.784ms
[20.168s][info][gc,cpu        ] GC(1200) User=0.00s Sys=0.00s Real=0.00s
[20.168s][info][gc            ] GC(1201) Concurrent Cycle
[20.168s][info][gc,marking    ] GC(1201) Concurrent Clear Claimed Marks
[20.168s][info][gc,marking    ] GC(1201) Concurrent Clear Claimed Marks 0.010ms
[20.168s][info][gc,marking    ] GC(1201) Concurrent Scan Root Regions
[20.168s][info][gc,marking    ] GC(1201) Concurrent Scan Root Regions 0.061ms
[20.168s][info][gc,marking    ] GC(1201) Concurrent Mark (20.168s)
[20.168s][info][gc,marking    ] GC(1201) Concurrent Mark From Roots
[20.168s][info][gc,task       ] GC(1201) Using 2 workers of 2 for marking
[20.173s][info][gc,marking    ] GC(1201) Concurrent Mark From Roots 5.432ms
[20.173s][info][gc,marking    ] GC(1201) Concurrent Preclean
[20.173s][info][gc,marking    ] GC(1201) Concurrent Preclean 0.067ms
[20.173s][info][gc,marking    ] GC(1201) Concurrent Mark (20.168s, 20.173s) 5.558ms
[20.173s][info][gc,start      ] GC(1201) Pause Remark
[20.174s][info][gc,stringtable] GC(1201) Cleaned string and symbol table, strings: 4363 processed, 0 removed, symbols: 36588 processed, 0 removed
[20.175s][info][gc            ] GC(1201) Pause Remark 2744M->2744M(2751M) 1.278ms
[20.175s][info][gc,cpu        ] GC(1201) User=0.00s Sys=0.00s Real=0.00s
[20.175s][info][gc,marking    ] GC(1201) Concurrent Rebuild Remembered Sets
[20.180s][info][gc,marking    ] GC(1201) Concurrent Rebuild Remembered Sets 5.240ms
[20.181s][info][gc,start      ] GC(1201) Pause Cleanup
[20.181s][info][gc            ] GC(1201) Pause Cleanup 2746M->2746M(2753M) 0.303ms
[20.181s][info][gc,cpu        ] GC(1201) User=0.00s Sys=0.01s Real=0.00s
[20.181s][info][gc,marking    ] GC(1201) Concurrent Cleanup for Next Mark
[20.184s][info][gc,marking    ] GC(1201) Concurrent Cleanup for Next Mark 3.415ms
[20.184s][info][gc            ] GC(1201) Concurrent Cycle 16.761ms
[20.191s][info][gc,start      ] GC(1202) Pause Young (Concurrent Start) (G1 Humongous Allocation)
[20.191s][info][gc,task       ] GC(1202) Using 8 workers of 8 for evacuation
[20.192s][info][gc,phases     ] GC(1202)   Pre Evacuate Collection Set: 0.6ms
[20.192s][info][gc,phases     ] GC(1202)   Evacuate Collection Set: 0.6ms
[20.192s][info][gc,phases     ] GC(1202)   Post Evacuate Collection Set: 0.2ms
[20.192s][info][gc,phases     ] GC(1202)   Other: 0.3ms
[20.192s][info][gc,heap       ] GC(1202) Eden regions: 4->0(136)
[20.192s][info][gc,heap       ] GC(1202) Survivor regions: 1->1(18)
[20.192s][info][gc,heap       ] GC(1202) Old regions: 27->27
[20.193s][info][gc,heap       ] GC(1202) Humongous regions: 2718->2718
[20.193s][info][gc,metaspace  ] GC(1202) Metaspace: 9862K->9862K(1058816K)
[20.193s][info][gc            ] GC(1202) Pause Young (Concurrent Start) (G1 Humongous Allocation) 2748M->2744M(2753M) 1.744ms
[20.193s][info][gc,cpu        ] GC(1202) User=0.00s Sys=0.00s Real=0.01s
[20.193s][info][gc            ] GC(1203) Concurrent Cycle
[20.193s][info][gc,marking    ] GC(1203) Concurrent Clear Claimed Marks
[20.193s][info][gc,marking    ] GC(1203) Concurrent Clear Claimed Marks 0.014ms
[20.193s][info][gc,marking    ] GC(1203) Concurrent Scan Root Regions
[20.193s][info][gc,marking    ] GC(1203) Concurrent Scan Root Regions 0.092ms
[20.193s][info][gc,marking    ] GC(1203) Concurrent Mark (20.193s)
[20.193s][info][gc,marking    ] GC(1203) Concurrent Mark From Roots
[20.193s][info][gc,task       ] GC(1203) Using 2 workers of 2 for marking
[20.199s][info][gc,marking    ] GC(1203) Concurrent Mark From Roots 5.715ms
[20.199s][info][gc,marking    ] GC(1203) Concurrent Preclean
[20.199s][info][gc,marking    ] GC(1203) Concurrent Preclean 0.088ms
[20.199s][info][gc,marking    ] GC(1203) Concurrent Mark (20.193s, 20.199s) 5.879ms
[20.199s][info][gc,start      ] GC(1203) Pause Remark
[20.200s][info][gc,stringtable] GC(1203) Cleaned string and symbol table, strings: 4363 processed, 0 removed, symbols: 36588 processed, 0 removed
[20.201s][info][gc            ] GC(1203) Pause Remark 2748M->2748M(2755M) 1.928ms
[20.201s][info][gc,cpu        ] GC(1203) User=0.01s Sys=0.00s Real=0.00s
[20.201s][info][gc,marking    ] GC(1203) Concurrent Rebuild Remembered Sets
[20.208s][info][gc,marking    ] GC(1203) Concurrent Rebuild Remembered Sets 7.313ms
[20.209s][info][gc,start      ] GC(1203) Pause Cleanup
[20.209s][info][gc            ] GC(1203) Pause Cleanup 2750M->2750M(2757M) 0.350ms
[20.209s][info][gc,cpu        ] GC(1203) User=0.00s Sys=0.00s Real=0.00s
[20.209s][info][gc,marking    ] GC(1203) Concurrent Cleanup for Next Mark
[20.213s][info][gc,marking    ] GC(1203) Concurrent Cleanup for Next Mark 3.566ms
[20.213s][info][gc            ] GC(1203) Concurrent Cycle 20.357ms
[20.219s][info][gc,start      ] GC(1204) Pause Young (Concurrent Start) (G1 Humongous Allocation)
[20.219s][info][gc,task       ] GC(1204) Using 8 workers of 8 for evacuation
[20.221s][info][gc,phases     ] GC(1204)   Pre Evacuate Collection Set: 0.6ms
[20.221s][info][gc,phases     ] GC(1204)   Evacuate Collection Set: 0.7ms
[20.221s][info][gc,phases     ] GC(1204)   Post Evacuate Collection Set: 0.2ms
[20.221s][info][gc,phases     ] GC(1204)   Other: 0.3ms
[20.221s][info][gc,heap       ] GC(1204) Eden regions: 4->0(136)
[20.221s][info][gc,heap       ] GC(1204) Survivor regions: 1->1(18)
[20.221s][info][gc,heap       ] GC(1204) Old regions: 27->27
[20.221s][info][gc,heap       ] GC(1204) Humongous regions: 2722->2722
[20.221s][info][gc,metaspace  ] GC(1204) Metaspace: 9862K->9862K(1058816K)
[20.221s][info][gc            ] GC(1204) Pause Young (Concurrent Start) (G1 Humongous Allocation) 2752M->2748M(2757M) 1.885ms
[20.221s][info][gc,cpu        ] GC(1204) User=0.01s Sys=0.00s Real=0.00s
[20.221s][info][gc            ] GC(1205) Concurrent Cycle
[20.221s][info][gc,marking    ] GC(1205) Concurrent Clear Claimed Marks
[20.221s][info][gc,marking    ] GC(1205) Concurrent Clear Claimed Marks 0.027ms
[20.221s][info][gc,marking    ] GC(1205) Concurrent Scan Root Regions
[20.221s][info][gc,marking    ] GC(1205) Concurrent Scan Root Regions 0.208ms
[20.221s][info][gc,marking    ] GC(1205) Concurrent Mark (20.221s)
[20.221s][info][gc,marking    ] GC(1205) Concurrent Mark From Roots
[20.221s][info][gc,task       ] GC(1205) Using 2 workers of 2 for marking
[20.227s][info][gc,marking    ] GC(1205) Concurrent Mark From Roots 5.581ms
[20.227s][info][gc,marking    ] GC(1205) Concurrent Preclean
[20.227s][info][gc,marking    ] GC(1205) Concurrent Preclean 0.096ms
[20.227s][info][gc,marking    ] GC(1205) Concurrent Mark (20.221s, 20.227s) 5.789ms
[20.227s][info][gc,start      ] GC(1205) Pause Remark
[20.228s][info][gc,stringtable] GC(1205) Cleaned string and symbol table, strings: 4363 processed, 0 removed, symbols: 36588 processed, 0 removed
[20.229s][info][gc            ] GC(1205) Pause Remark 2752M->2752M(2759M) 1.384ms
[20.229s][info][gc,cpu        ] GC(1205) User=0.01s Sys=0.00s Real=0.00s
[20.229s][info][gc,marking    ] GC(1205) Concurrent Rebuild Remembered Sets
[20.234s][info][gc,marking    ] GC(1205) Concurrent Rebuild Remembered Sets 5.270ms
[20.235s][info][gc,start      ] GC(1205) Pause Cleanup
[20.235s][info][gc            ] GC(1205) Pause Cleanup 2754M->2754M(2761M) 0.448ms
[20.235s][info][gc,cpu        ] GC(1205) User=0.00s Sys=0.00s Real=0.00s
[20.235s][info][gc,marking    ] GC(1205) Concurrent Cleanup for Next Mark
[20.239s][info][gc,marking    ] GC(1205) Concurrent Cleanup for Next Mark 3.488ms
[20.239s][info][gc            ] GC(1205) Concurrent Cycle 17.816ms
[20.246s][info][gc,start      ] GC(1206) Pause Young (Concurrent Start) (G1 Humongous Allocation)
[20.246s][info][gc,task       ] GC(1206) Using 8 workers of 8 for evacuation
[20.248s][info][gc,phases     ] GC(1206)   Pre Evacuate Collection Set: 0.8ms
[20.248s][info][gc,phases     ] GC(1206)   Evacuate Collection Set: 1.3ms
[20.248s][info][gc,phases     ] GC(1206)   Post Evacuate Collection Set: 0.2ms
[20.248s][info][gc,phases     ] GC(1206)   Other: 0.5ms
[20.248s][info][gc,heap       ] GC(1206) Eden regions: 4->0(137)
[20.248s][info][gc,heap       ] GC(1206) Survivor regions: 1->1(18)
[20.248s][info][gc,heap       ] GC(1206) Old regions: 27->27
[20.248s][info][gc,heap       ] GC(1206) Humongous regions: 2726->2726
[20.248s][info][gc,metaspace  ] GC(1206) Metaspace: 9862K->9862K(1058816K)
[20.248s][info][gc            ] GC(1206) Pause Young (Concurrent Start) (G1 Humongous Allocation) 2756M->2752M(2761M) 2.791ms
[20.248s][info][gc,cpu        ] GC(1206) User=0.01s Sys=0.00s Real=0.00s
[20.248s][info][gc            ] GC(1207) Concurrent Cycle
[20.248s][info][gc,marking    ] GC(1207) Concurrent Clear Claimed Marks
[20.249s][info][gc,marking    ] GC(1207) Concurrent Clear Claimed Marks 0.050ms
[20.249s][info][gc,marking    ] GC(1207) Concurrent Scan Root Regions
[20.249s][info][gc,marking    ] GC(1207) Concurrent Scan Root Regions 0.088ms
[20.249s][info][gc,marking    ] GC(1207) Concurrent Mark (20.249s)
[20.249s][info][gc,marking    ] GC(1207) Concurrent Mark From Roots
[20.249s][info][gc,task       ] GC(1207) Using 2 workers of 2 for marking
[20.254s][info][gc,marking    ] GC(1207) Concurrent Mark From Roots 5.633ms
[20.254s][info][gc,marking    ] GC(1207) Concurrent Preclean
[20.254s][info][gc,marking    ] GC(1207) Concurrent Preclean 0.070ms
[20.254s][info][gc,marking    ] GC(1207) Concurrent Mark (20.249s, 20.254s) 5.751ms
[20.254s][info][gc,start      ] GC(1207) Pause Remark
[20.256s][info][gc,stringtable] GC(1207) Cleaned string and symbol table, strings: 4363 processed, 0 removed, symbols: 36588 processed, 0 removed
[20.256s][info][gc            ] GC(1207) Pause Remark 2756M->2756M(2763M) 1.802ms
[20.256s][info][gc,cpu        ] GC(1207) User=0.00s Sys=0.00s Real=0.00s
[20.256s][info][gc,marking    ] GC(1207) Concurrent Rebuild Remembered Sets
[20.261s][info][gc,marking    ] GC(1207) Concurrent Rebuild Remembered Sets 5.135ms
[20.262s][info][gc,start      ] GC(1207) Pause Cleanup
[20.262s][info][gc            ] GC(1207) Pause Cleanup 2758M->2758M(2765M) 0.328ms
[20.263s][info][gc,cpu        ] GC(1207) User=0.00s Sys=0.00s Real=0.00s
[20.263s][info][gc,marking    ] GC(1207) Concurrent Cleanup for Next Mark
[20.266s][info][gc,marking    ] GC(1207) Concurrent Cleanup for Next Mark 3.744ms
[20.266s][info][gc            ] GC(1207) Concurrent Cycle 17.922ms
[20.273s][info][gc,start      ] GC(1208) Pause Young (Concurrent Start) (G1 Humongous Allocation)
[20.273s][info][gc,task       ] GC(1208) Using 8 workers of 8 for evacuation
[20.274s][info][gc,phases     ] GC(1208)   Pre Evacuate Collection Set: 0.6ms
[20.274s][info][gc,phases     ] GC(1208)   Evacuate Collection Set: 0.6ms
[20.274s][info][gc,phases     ] GC(1208)   Post Evacuate Collection Set: 0.2ms
[20.274s][info][gc,phases     ] GC(1208)   Other: 0.3ms
[20.274s][info][gc,heap       ] GC(1208) Eden regions: 4->0(137)
[20.274s][info][gc,heap       ] GC(1208) Survivor regions: 1->1(18)
[20.274s][info][gc,heap       ] GC(1208) Old regions: 27->27
[20.274s][info][gc,heap       ] GC(1208) Humongous regions: 2730->2730
[20.274s][info][gc,metaspace  ] GC(1208) Metaspace: 9862K->9862K(1058816K)
[20.274s][info][gc            ] GC(1208) Pause Young (Concurrent Start) (G1 Humongous Allocation) 2760M->2756M(2765M) 1.779ms
[20.275s][info][gc,cpu        ] GC(1208) User=0.00s Sys=0.00s Real=0.00s
[20.275s][info][gc            ] GC(1209) Concurrent Cycle
[20.275s][info][gc,marking    ] GC(1209) Concurrent Clear Claimed Marks
[20.275s][info][gc,marking    ] GC(1209) Concurrent Clear Claimed Marks 0.013ms
[20.275s][info][gc,marking    ] GC(1209) Concurrent Scan Root Regions
[20.275s][info][gc,marking    ] GC(1209) Concurrent Scan Root Regions 0.097ms
[20.275s][info][gc,marking    ] GC(1209) Concurrent Mark (20.275s)
[20.275s][info][gc,marking    ] GC(1209) Concurrent Mark From Roots
[20.275s][info][gc,task       ] GC(1209) Using 2 workers of 2 for marking
[20.281s][info][gc,marking    ] GC(1209) Concurrent Mark From Roots 5.809ms
[20.281s][info][gc,marking    ] GC(1209) Concurrent Preclean
[20.281s][info][gc,marking    ] GC(1209) Concurrent Preclean 0.095ms
[20.281s][info][gc,marking    ] GC(1209) Concurrent Mark (20.275s, 20.281s) 5.968ms
[20.281s][info][gc,start      ] GC(1209) Pause Remark
[20.282s][info][gc,stringtable] GC(1209) Cleaned string and symbol table, strings: 4363 processed, 0 removed, symbols: 36588 processed, 0 removed
[20.282s][info][gc            ] GC(1209) Pause Remark 2760M->2760M(2767M) 1.260ms
[20.282s][info][gc,cpu        ] GC(1209) User=0.00s Sys=0.00s Real=0.01s
[20.282s][info][gc,marking    ] GC(1209) Concurrent Rebuild Remembered Sets
[20.288s][info][gc,marking    ] GC(1209) Concurrent Rebuild Remembered Sets 5.358ms
[20.288s][info][gc,start      ] GC(1209) Pause Cleanup
[20.289s][info][gc            ] GC(1209) Pause Cleanup 2762M->2762M(2769M) 0.412ms
[20.289s][info][gc,cpu        ] GC(1209) User=0.00s Sys=0.00s Real=0.00s
[20.289s][info][gc,marking    ] GC(1209) Concurrent Cleanup for Next Mark
[20.292s][info][gc,marking    ] GC(1209) Concurrent Cleanup for Next Mark 3.626ms
[20.292s][info][gc            ] GC(1209) Concurrent Cycle 17.775ms
[20.299s][info][gc,start      ] GC(1210) Pause Young (Concurrent Start) (G1 Humongous Allocation)
[20.299s][info][gc,task       ] GC(1210) Using 8 workers of 8 for evacuation
[20.301s][info][gc,phases     ] GC(1210)   Pre Evacuate Collection Set: 0.6ms
[20.301s][info][gc,phases     ] GC(1210)   Evacuate Collection Set: 1.2ms
[20.301s][info][gc,phases     ] GC(1210)   Post Evacuate Collection Set: 0.2ms
[20.301s][info][gc,phases     ] GC(1210)   Other: 0.3ms
[20.301s][info][gc,heap       ] GC(1210) Eden regions: 4->0(137)
[20.301s][info][gc,heap       ] GC(1210) Survivor regions: 1->1(18)
[20.301s][info][gc,heap       ] GC(1210) Old regions: 27->27
[20.301s][info][gc,heap       ] GC(1210) Humongous regions: 2734->2734
[20.301s][info][gc,metaspace  ] GC(1210) Metaspace: 9862K->9862K(1058816K)
[20.301s][info][gc            ] GC(1210) Pause Young (Concurrent Start) (G1 Humongous Allocation) 2764M->2760M(2769M) 2.413ms
[20.301s][info][gc,cpu        ] GC(1210) User=0.00s Sys=0.00s Real=0.01s
[20.301s][info][gc            ] GC(1211) Concurrent Cycle
[20.301s][info][gc,marking    ] GC(1211) Concurrent Clear Claimed Marks
[20.301s][info][gc,marking    ] GC(1211) Concurrent Clear Claimed Marks 0.034ms
[20.301s][info][gc,marking    ] GC(1211) Concurrent Scan Root Regions
[20.301s][info][gc,marking    ] GC(1211) Concurrent Scan Root Regions 0.060ms
[20.301s][info][gc,marking    ] GC(1211) Concurrent Mark (20.301s)
[20.302s][info][gc,marking    ] GC(1211) Concurrent Mark From Roots
[20.302s][info][gc,task       ] GC(1211) Using 2 workers of 2 for marking
[20.307s][info][gc,marking    ] GC(1211) Concurrent Mark From Roots 5.785ms
[20.307s][info][gc,marking    ] GC(1211) Concurrent Preclean
[20.307s][info][gc,marking    ] GC(1211) Concurrent Preclean 0.075ms
[20.307s][info][gc,marking    ] GC(1211) Concurrent Mark (20.301s, 20.307s) 5.927ms
[20.308s][info][gc,start      ] GC(1211) Pause Remark
[20.309s][info][gc,stringtable] GC(1211) Cleaned string and symbol table, strings: 4363 processed, 0 removed, symbols: 36588 processed, 0 removed
[20.309s][info][gc            ] GC(1211) Pause Remark 2764M->2764M(2771M) 1.698ms
[20.309s][info][gc,cpu        ] GC(1211) User=0.01s Sys=0.00s Real=0.00s
[20.309s][info][gc,marking    ] GC(1211) Concurrent Rebuild Remembered Sets
[20.315s][info][gc,marking    ] GC(1211) Concurrent Rebuild Remembered Sets 5.337ms
[20.315s][info][gc,start      ] GC(1211) Pause Cleanup
[20.315s][info][gc            ] GC(1211) Pause Cleanup 2766M->2766M(2773M) 0.282ms
[20.315s][info][gc,cpu        ] GC(1211) User=0.00s Sys=0.00s Real=0.00s
[20.316s][info][gc,marking    ] GC(1211) Concurrent Cleanup for Next Mark
[20.319s][info][gc,marking    ] GC(1211) Concurrent Cleanup for Next Mark 3.333ms
[20.319s][info][gc            ] GC(1211) Concurrent Cycle 17.517ms
[20.325s][info][gc,start      ] GC(1212) Pause Young (Concurrent Start) (G1 Humongous Allocation)
[20.325s][info][gc,task       ] GC(1212) Using 8 workers of 8 for evacuation
[20.327s][info][gc,phases     ] GC(1212)   Pre Evacuate Collection Set: 0.6ms
[20.327s][info][gc,phases     ] GC(1212)   Evacuate Collection Set: 0.6ms
[20.327s][info][gc,phases     ] GC(1212)   Post Evacuate Collection Set: 0.2ms
[20.327s][info][gc,phases     ] GC(1212)   Other: 0.3ms
[20.327s][info][gc,heap       ] GC(1212) Eden regions: 4->0(137)
[20.327s][info][gc,heap       ] GC(1212) Survivor regions: 1->1(18)
[20.327s][info][gc,heap       ] GC(1212) Old regions: 27->27
[20.327s][info][gc,heap       ] GC(1212) Humongous regions: 2738->2738
[20.327s][info][gc,metaspace  ] GC(1212) Metaspace: 9862K->9862K(1058816K)
[20.327s][info][gc            ] GC(1212) Pause Young (Concurrent Start) (G1 Humongous Allocation) 2768M->2764M(2773M) 1.782ms
[20.327s][info][gc,cpu        ] GC(1212) User=0.01s Sys=0.00s Real=0.00s
[20.327s][info][gc            ] GC(1213) Concurrent Cycle
[20.327s][info][gc,marking    ] GC(1213) Concurrent Clear Claimed Marks
[20.327s][info][gc,marking    ] GC(1213) Concurrent Clear Claimed Marks 0.012ms
[20.327s][info][gc,marking    ] GC(1213) Concurrent Scan Root Regions
[20.327s][info][gc,marking    ] GC(1213) Concurrent Scan Root Regions 0.051ms
[20.327s][info][gc,marking    ] GC(1213) Concurrent Mark (20.327s)
[20.327s][info][gc,marking    ] GC(1213) Concurrent Mark From Roots
[20.327s][info][gc,task       ] GC(1213) Using 2 workers of 2 for marking
[20.333s][info][gc,marking    ] GC(1213) Concurrent Mark From Roots 5.584ms
[20.333s][info][gc,marking    ] GC(1213) Concurrent Preclean
[20.333s][info][gc,marking    ] GC(1213) Concurrent Preclean 0.087ms
[20.333s][info][gc,marking    ] GC(1213) Concurrent Mark (20.327s, 20.333s) 5.749ms
[20.333s][info][gc,start      ] GC(1213) Pause Remark
[20.334s][info][gc,stringtable] GC(1213) Cleaned string and symbol table, strings: 4363 processed, 0 removed, symbols: 36588 processed, 0 removed
[20.335s][info][gc            ] GC(1213) Pause Remark 2767M->2767M(2775M) 1.727ms
[20.335s][info][gc,cpu        ] GC(1213) User=0.01s Sys=0.00s Real=0.00s
[20.335s][info][gc,marking    ] GC(1213) Concurrent Rebuild Remembered Sets
[20.340s][info][gc,marking    ] GC(1213) Concurrent Rebuild Remembered Sets 5.146ms
[20.341s][info][gc,start      ] GC(1213) Pause Cleanup
[20.341s][info][gc            ] GC(1213) Pause Cleanup 2770M->2770M(2777M) 0.345ms
[20.341s][info][gc,cpu        ] GC(1213) User=0.00s Sys=0.00s Real=0.00s
[20.341s][info][gc,marking    ] GC(1213) Concurrent Cleanup for Next Mark
[20.345s][info][gc,marking    ] GC(1213) Concurrent Cleanup for Next Mark 3.532ms
[20.345s][info][gc            ] GC(1213) Concurrent Cycle 17.772ms
[20.351s][info][gc,start      ] GC(1214) Pause Young (Concurrent Start) (G1 Humongous Allocation)
[20.351s][info][gc,task       ] GC(1214) Using 8 workers of 8 for evacuation
[20.353s][info][gc,phases     ] GC(1214)   Pre Evacuate Collection Set: 0.6ms
[20.353s][info][gc,phases     ] GC(1214)   Evacuate Collection Set: 0.5ms
[20.353s][info][gc,phases     ] GC(1214)   Post Evacuate Collection Set: 0.2ms
[20.353s][info][gc,phases     ] GC(1214)   Other: 0.3ms
[20.353s][info][gc,heap       ] GC(1214) Eden regions: 4->0(137)
[20.353s][info][gc,heap       ] GC(1214) Survivor regions: 1->1(18)
[20.353s][info][gc,heap       ] GC(1214) Old regions: 27->27
[20.353s][info][gc,heap       ] GC(1214) Humongous regions: 2742->2742
[20.353s][info][gc,metaspace  ] GC(1214) Metaspace: 9862K->9862K(1058816K)
[20.353s][info][gc            ] GC(1214) Pause Young (Concurrent Start) (G1 Humongous Allocation) 2772M->2768M(2777M) 1.796ms
[20.353s][info][gc,cpu        ] GC(1214) User=0.00s Sys=0.00s Real=0.00s
[20.353s][info][gc            ] GC(1215) Concurrent Cycle
[20.353s][info][gc,marking    ] GC(1215) Concurrent Clear Claimed Marks
[20.353s][info][gc,marking    ] GC(1215) Concurrent Clear Claimed Marks 0.036ms
[20.353s][info][gc,marking    ] GC(1215) Concurrent Scan Root Regions
[20.353s][info][gc,marking    ] GC(1215) Concurrent Scan Root Regions 0.060ms
[20.353s][info][gc,marking    ] GC(1215) Concurrent Mark (20.353s)
[20.353s][info][gc,marking    ] GC(1215) Concurrent Mark From Roots
[20.353s][info][gc,task       ] GC(1215) Using 2 workers of 2 for marking
[20.359s][info][gc,marking    ] GC(1215) Concurrent Mark From Roots 5.679ms
[20.359s][info][gc,marking    ] GC(1215) Concurrent Preclean
[20.359s][info][gc,marking    ] GC(1215) Concurrent Preclean 0.068ms
[20.359s][info][gc,marking    ] GC(1215) Concurrent Mark (20.353s, 20.359s) 5.838ms
[20.359s][info][gc,start      ] GC(1215) Pause Remark
[20.360s][info][gc,stringtable] GC(1215) Cleaned string and symbol table, strings: 4363 processed, 0 removed, symbols: 36588 processed, 0 removed
[20.361s][info][gc            ] GC(1215) Pause Remark 2772M->2772M(2779M) 1.884ms
[20.361s][info][gc,cpu        ] GC(1215) User=0.00s Sys=0.00s Real=0.00s
[20.361s][info][gc,marking    ] GC(1215) Concurrent Rebuild Remembered Sets
[20.366s][info][gc,marking    ] GC(1215) Concurrent Rebuild Remembered Sets 5.273ms
[20.367s][info][gc,start      ] GC(1215) Pause Cleanup
[20.367s][info][gc            ] GC(1215) Pause Cleanup 2774M->2774M(2781M) 0.325ms
[20.367s][info][gc,cpu        ] GC(1215) User=0.00s Sys=0.00s Real=0.00s
[20.367s][info][gc,marking    ] GC(1215) Concurrent Cleanup for Next Mark
[20.371s][info][gc,marking    ] GC(1215) Concurrent Cleanup for Next Mark 3.381ms
[20.371s][info][gc            ] GC(1215) Concurrent Cycle 17.864ms
[20.378s][info][gc,start      ] GC(1216) Pause Young (Concurrent Start) (G1 Humongous Allocation)
[20.378s][info][gc,task       ] GC(1216) Using 8 workers of 8 for evacuation
[20.380s][info][gc,phases     ] GC(1216)   Pre Evacuate Collection Set: 0.8ms
[20.380s][info][gc,phases     ] GC(1216)   Evacuate Collection Set: 1.0ms
[20.380s][info][gc,phases     ] GC(1216)   Post Evacuate Collection Set: 0.2ms
[20.380s][info][gc,phases     ] GC(1216)   Other: 0.4ms
[20.380s][info][gc,heap       ] GC(1216) Eden regions: 4->0(138)
[20.380s][info][gc,heap       ] GC(1216) Survivor regions: 1->1(18)
[20.380s][info][gc,heap       ] GC(1216) Old regions: 27->27
[20.380s][info][gc,heap       ] GC(1216) Humongous regions: 2746->2746
[20.380s][info][gc,metaspace  ] GC(1216) Metaspace: 9862K->9862K(1058816K)
[20.380s][info][gc            ] GC(1216) Pause Young (Concurrent Start) (G1 Humongous Allocation) 2776M->2772M(2781M) 2.510ms
[20.380s][info][gc,cpu        ] GC(1216) User=0.00s Sys=0.00s Real=0.00s
[20.380s][info][gc            ] GC(1217) Concurrent Cycle
[20.380s][info][gc,marking    ] GC(1217) Concurrent Clear Claimed Marks
[20.380s][info][gc,marking    ] GC(1217) Concurrent Clear Claimed Marks 0.064ms
[20.380s][info][gc,marking    ] GC(1217) Concurrent Scan Root Regions
[20.380s][info][gc,marking    ] GC(1217) Concurrent Scan Root Regions 0.080ms
[20.380s][info][gc,marking    ] GC(1217) Concurrent Mark (20.380s)
[20.380s][info][gc,marking    ] GC(1217) Concurrent Mark From Roots
[20.380s][info][gc,task       ] GC(1217) Using 2 workers of 2 for marking
[20.386s][info][gc,marking    ] GC(1217) Concurrent Mark From Roots 5.569ms
[20.386s][info][gc,marking    ] GC(1217) Concurrent Preclean
[20.386s][info][gc,marking    ] GC(1217) Concurrent Preclean 0.099ms
[20.386s][info][gc,marking    ] GC(1217) Concurrent Mark (20.380s, 20.386s) 5.750ms
[20.386s][info][gc,start      ] GC(1217) Pause Remark
[20.387s][info][gc,stringtable] GC(1217) Cleaned string and symbol table, strings: 4363 processed, 0 removed, symbols: 36588 processed, 0 removed
[20.387s][info][gc            ] GC(1217) Pause Remark 2776M->2776M(2783M) 1.196ms
[20.387s][info][gc,cpu        ] GC(1217) User=0.01s Sys=0.00s Real=0.00s
[20.387s][info][gc,marking    ] GC(1217) Concurrent Rebuild Remembered Sets
[20.393s][info][gc,marking    ] GC(1217) Concurrent Rebuild Remembered Sets 5.631ms
[20.394s][info][gc,start      ] GC(1217) Pause Cleanup
[20.394s][info][gc            ] GC(1217) Pause Cleanup 2778M->2778M(2785M) 0.348ms
[20.394s][info][gc,cpu        ] GC(1217) User=0.00s Sys=0.00s Real=0.00s
[20.394s][info][gc,marking    ] GC(1217) Concurrent Cleanup for Next Mark
[20.398s][info][gc,marking    ] GC(1217) Concurrent Cleanup for Next Mark 3.994ms
[20.398s][info][gc            ] GC(1217) Concurrent Cycle 17.885ms
[20.404s][info][gc,start      ] GC(1218) Pause Young (Concurrent Start) (G1 Humongous Allocation)
[20.404s][info][gc,task       ] GC(1218) Using 8 workers of 8 for evacuation
[20.407s][info][gc,phases     ] GC(1218)   Pre Evacuate Collection Set: 0.7ms
[20.407s][info][gc,phases     ] GC(1218)   Evacuate Collection Set: 1.3ms
[20.407s][info][gc,phases     ] GC(1218)   Post Evacuate Collection Set: 0.2ms
[20.407s][info][gc,phases     ] GC(1218)   Other: 0.4ms
[20.407s][info][gc,heap       ] GC(1218) Eden regions: 4->0(138)
[20.407s][info][gc,heap       ] GC(1218) Survivor regions: 1->1(18)
[20.407s][info][gc,heap       ] GC(1218) Old regions: 27->27
[20.407s][info][gc,heap       ] GC(1218) Humongous regions: 2750->2750
[20.407s][info][gc,metaspace  ] GC(1218) Metaspace: 9862K->9862K(1058816K)
[20.407s][info][gc            ] GC(1218) Pause Young (Concurrent Start) (G1 Humongous Allocation) 2780M->2776M(2785M) 2.558ms
[20.407s][info][gc,cpu        ] GC(1218) User=0.01s Sys=0.00s Real=0.00s
[20.407s][info][gc            ] GC(1219) Concurrent Cycle
[20.407s][info][gc,marking    ] GC(1219) Concurrent Clear Claimed Marks
[20.407s][info][gc,marking    ] GC(1219) Concurrent Clear Claimed Marks 0.016ms
[20.407s][info][gc,marking    ] GC(1219) Concurrent Scan Root Regions
[20.407s][info][gc,marking    ] GC(1219) Concurrent Scan Root Regions 0.062ms
[20.407s][info][gc,marking    ] GC(1219) Concurrent Mark (20.407s)
[20.407s][info][gc,marking    ] GC(1219) Concurrent Mark From Roots
[20.407s][info][gc,task       ] GC(1219) Using 2 workers of 2 for marking
[20.415s][info][gc,marking    ] GC(1219) Concurrent Mark From Roots 8.278ms
[20.416s][info][gc,marking    ] GC(1219) Concurrent Preclean
[20.416s][info][gc,marking    ] GC(1219) Concurrent Preclean 0.099ms
[20.416s][info][gc,marking    ] GC(1219) Concurrent Mark (20.407s, 20.416s) 8.490ms
[20.416s][info][gc,start      ] GC(1219) Pause Remark
[20.417s][info][gc,stringtable] GC(1219) Cleaned string and symbol table, strings: 4363 processed, 0 removed, symbols: 36588 processed, 0 removed
[20.417s][info][gc            ] GC(1219) Pause Remark 2780M->2780M(2787M) 1.272ms
[20.417s][info][gc,cpu        ] GC(1219) User=0.01s Sys=0.00s Real=0.00s
[20.417s][info][gc,marking    ] GC(1219) Concurrent Rebuild Remembered Sets
[20.423s][info][gc,marking    ] GC(1219) Concurrent Rebuild Remembered Sets 5.349ms
[20.423s][info][gc,start      ] GC(1219) Pause Cleanup
[20.423s][info][gc            ] GC(1219) Pause Cleanup 2782M->2782M(2789M) 0.400ms
[20.423s][info][gc,cpu        ] GC(1219) User=0.00s Sys=0.00s Real=0.00s
[20.423s][info][gc,marking    ] GC(1219) Concurrent Cleanup for Next Mark
[20.427s][info][gc,marking    ] GC(1219) Concurrent Cleanup for Next Mark 3.599ms
[20.427s][info][gc            ] GC(1219) Concurrent Cycle 19.785ms
[20.434s][info][gc,start      ] GC(1220) Pause Young (Concurrent Start) (G1 Humongous Allocation)
[20.434s][info][gc,task       ] GC(1220) Using 8 workers of 8 for evacuation
[20.437s][info][gc,phases     ] GC(1220)   Pre Evacuate Collection Set: 1.0ms
[20.437s][info][gc,phases     ] GC(1220)   Evacuate Collection Set: 0.6ms
[20.437s][info][gc,phases     ] GC(1220)   Post Evacuate Collection Set: 0.3ms
[20.437s][info][gc,phases     ] GC(1220)   Other: 0.5ms
[20.437s][info][gc,heap       ] GC(1220) Eden regions: 4->0(138)
[20.437s][info][gc,heap       ] GC(1220) Survivor regions: 1->1(18)
[20.437s][info][gc,heap       ] GC(1220) Old regions: 27->27
[20.437s][info][gc,heap       ] GC(1220) Humongous regions: 2754->2754
[20.437s][info][gc,metaspace  ] GC(1220) Metaspace: 9862K->9862K(1058816K)
[20.437s][info][gc            ] GC(1220) Pause Young (Concurrent Start) (G1 Humongous Allocation) 2784M->2780M(2789M) 2.468ms
[20.437s][info][gc,cpu        ] GC(1220) User=0.01s Sys=0.00s Real=0.00s
[20.437s][info][gc            ] GC(1221) Concurrent Cycle
[20.437s][info][gc,marking    ] GC(1221) Concurrent Clear Claimed Marks
[20.437s][info][gc,marking    ] GC(1221) Concurrent Clear Claimed Marks 0.028ms
[20.437s][info][gc,marking    ] GC(1221) Concurrent Scan Root Regions
[20.437s][info][gc,marking    ] GC(1221) Concurrent Scan Root Regions 0.064ms
[20.437s][info][gc,marking    ] GC(1221) Concurrent Mark (20.437s)
[20.437s][info][gc,marking    ] GC(1221) Concurrent Mark From Roots
[20.437s][info][gc,task       ] GC(1221) Using 2 workers of 2 for marking
[20.443s][info][gc,marking    ] GC(1221) Concurrent Mark From Roots 5.978ms
[20.443s][info][gc,marking    ] GC(1221) Concurrent Preclean
[20.443s][info][gc,marking    ] GC(1221) Concurrent Preclean 0.092ms
[20.443s][info][gc,marking    ] GC(1221) Concurrent Mark (20.437s, 20.443s) 6.135ms
[20.443s][info][gc,start      ] GC(1221) Pause Remark
[20.444s][info][gc,stringtable] GC(1221) Cleaned string and symbol table, strings: 4363 processed, 0 removed, symbols: 36588 processed, 0 removed
[20.445s][info][gc            ] GC(1221) Pause Remark 2783M->2783M(2791M) 1.642ms
[20.445s][info][gc,cpu        ] GC(1221) User=0.01s Sys=0.00s Real=0.00s
[20.445s][info][gc,marking    ] GC(1221) Concurrent Rebuild Remembered Sets
[20.451s][info][gc,marking    ] GC(1221) Concurrent Rebuild Remembered Sets 5.627ms
[20.451s][info][gc,start      ] GC(1221) Pause Cleanup
[20.452s][info][gc            ] GC(1221) Pause Cleanup 2786M->2786M(2793M) 0.349ms
[20.452s][info][gc,cpu        ] GC(1221) User=0.00s Sys=0.00s Real=0.01s
[20.452s][info][gc,marking    ] GC(1221) Concurrent Cleanup for Next Mark
[20.456s][info][gc,marking    ] GC(1221) Concurrent Cleanup for Next Mark 3.961ms
[20.456s][info][gc            ] GC(1221) Concurrent Cycle 18.731ms
[20.463s][info][gc,start      ] GC(1222) Pause Young (Concurrent Start) (G1 Humongous Allocation)
[20.463s][info][gc,task       ] GC(1222) Using 8 workers of 8 for evacuation
[20.465s][info][gc,phases     ] GC(1222)   Pre Evacuate Collection Set: 0.9ms
[20.465s][info][gc,phases     ] GC(1222)   Evacuate Collection Set: 1.1ms
[20.465s][info][gc,phases     ] GC(1222)   Post Evacuate Collection Set: 0.1ms
[20.465s][info][gc,phases     ] GC(1222)   Other: 0.4ms
[20.465s][info][gc,heap       ] GC(1222) Eden regions: 4->0(138)
[20.465s][info][gc,heap       ] GC(1222) Survivor regions: 1->1(18)
[20.465s][info][gc,heap       ] GC(1222) Old regions: 27->27
[20.465s][info][gc,heap       ] GC(1222) Humongous regions: 2758->2758
[20.465s][info][gc,metaspace  ] GC(1222) Metaspace: 9862K->9862K(1058816K)
[20.465s][info][gc            ] GC(1222) Pause Young (Concurrent Start) (G1 Humongous Allocation) 2788M->2784M(2793M) 2.576ms
[20.465s][info][gc,cpu        ] GC(1222) User=0.00s Sys=0.00s Real=0.00s
[20.465s][info][gc            ] GC(1223) Concurrent Cycle
[20.465s][info][gc,marking    ] GC(1223) Concurrent Clear Claimed Marks
[20.465s][info][gc,marking    ] GC(1223) Concurrent Clear Claimed Marks 0.014ms
[20.465s][info][gc,marking    ] GC(1223) Concurrent Scan Root Regions
[20.465s][info][gc,marking    ] GC(1223) Concurrent Scan Root Regions 0.056ms
[20.465s][info][gc,marking    ] GC(1223) Concurrent Mark (20.465s)
[20.465s][info][gc,marking    ] GC(1223) Concurrent Mark From Roots
[20.465s][info][gc,task       ] GC(1223) Using 2 workers of 2 for marking
[20.474s][info][gc,marking    ] GC(1223) Concurrent Mark From Roots 8.358ms
[20.474s][info][gc,marking    ] GC(1223) Concurrent Preclean
[20.474s][info][gc,marking    ] GC(1223) Concurrent Preclean 0.094ms
[20.474s][info][gc,marking    ] GC(1223) Concurrent Mark (20.465s, 20.474s) 8.516ms
[20.474s][info][gc,start      ] GC(1223) Pause Remark
[20.475s][info][gc,stringtable] GC(1223) Cleaned string and symbol table, strings: 4363 processed, 0 removed, symbols: 36588 processed, 0 removed
[20.476s][info][gc            ] GC(1223) Pause Remark 2788M->2788M(2795M) 1.871ms
[20.476s][info][gc,cpu        ] GC(1223) User=0.01s Sys=0.00s Real=0.00s
[20.476s][info][gc,marking    ] GC(1223) Concurrent Rebuild Remembered Sets
[20.483s][info][gc,marking    ] GC(1223) Concurrent Rebuild Remembered Sets 7.281ms
[20.484s][info][gc,start      ] GC(1223) Pause Cleanup
[20.484s][info][gc            ] GC(1223) Pause Cleanup 2790M->2790M(2797M) 0.392ms
[20.484s][info][gc,cpu        ] GC(1223) User=0.00s Sys=0.00s Real=0.00s
[20.484s][info][gc,marking    ] GC(1223) Concurrent Cleanup for Next Mark
[20.488s][info][gc,marking    ] GC(1223) Concurrent Cleanup for Next Mark 3.796ms
[20.488s][info][gc            ] GC(1223) Concurrent Cycle 22.581ms
[20.495s][info][gc,start      ] GC(1224) Pause Young (Concurrent Start) (G1 Humongous Allocation)
[20.495s][info][gc,task       ] GC(1224) Using 8 workers of 8 for evacuation
[20.498s][info][gc,phases     ] GC(1224)   Pre Evacuate Collection Set: 0.7ms
[20.498s][info][gc,phases     ] GC(1224)   Evacuate Collection Set: 1.1ms
[20.498s][info][gc,phases     ] GC(1224)   Post Evacuate Collection Set: 0.6ms
[20.498s][info][gc,phases     ] GC(1224)   Other: 0.4ms
[20.498s][info][gc,heap       ] GC(1224) Eden regions: 4->0(141)
[20.498s][info][gc,heap       ] GC(1224) Survivor regions: 1->1(18)
[20.498s][info][gc,heap       ] GC(1224) Old regions: 27->27
[20.498s][info][gc,heap       ] GC(1224) Humongous regions: 2762->2762
[20.498s][info][gc,metaspace  ] GC(1224) Metaspace: 9862K->9862K(1058816K)
[20.498s][info][gc            ] GC(1224) Pause Young (Concurrent Start) (G1 Humongous Allocation) 2792M->2788M(2849M) 2.858ms
[20.498s][info][gc,cpu        ] GC(1224) User=0.00s Sys=0.01s Real=0.00s
[20.498s][info][gc            ] GC(1225) Concurrent Cycle
[20.498s][info][gc,marking    ] GC(1225) Concurrent Clear Claimed Marks
[20.498s][info][gc,marking    ] GC(1225) Concurrent Clear Claimed Marks 0.020ms
[20.498s][info][gc,marking    ] GC(1225) Concurrent Scan Root Regions
[20.498s][info][gc,marking    ] GC(1225) Concurrent Scan Root Regions 0.075ms
[20.498s][info][gc,marking    ] GC(1225) Concurrent Mark (20.498s)
[20.498s][info][gc,marking    ] GC(1225) Concurrent Mark From Roots
[20.498s][info][gc,task       ] GC(1225) Using 2 workers of 2 for marking
[20.505s][info][gc,marking    ] GC(1225) Concurrent Mark From Roots 6.766ms
[20.505s][info][gc,marking    ] GC(1225) Concurrent Preclean
[20.505s][info][gc,marking    ] GC(1225) Concurrent Preclean 0.087ms
[20.505s][info][gc,marking    ] GC(1225) Concurrent Mark (20.498s, 20.505s) 6.918ms
[20.505s][info][gc,start      ] GC(1225) Pause Remark
[20.507s][info][gc,stringtable] GC(1225) Cleaned string and symbol table, strings: 4363 processed, 0 removed, symbols: 36588 processed, 0 removed
[20.507s][info][gc            ] GC(1225) Pause Remark 2792M->2792M(2849M) 1.882ms
[20.507s][info][gc,cpu        ] GC(1225) User=0.01s Sys=0.00s Real=0.00s
[20.507s][info][gc,marking    ] GC(1225) Concurrent Rebuild Remembered Sets
[20.513s][info][gc,marking    ] GC(1225) Concurrent Rebuild Remembered Sets 6.156ms
[20.514s][info][gc,start      ] GC(1225) Pause Cleanup
[20.514s][info][gc            ] GC(1225) Pause Cleanup 2792M->2792M(2849M) 0.461ms
[20.514s][info][gc,cpu        ] GC(1225) User=0.00s Sys=0.00s Real=0.00s
[20.514s][info][gc,marking    ] GC(1225) Concurrent Cleanup for Next Mark
[20.519s][info][gc,marking    ] GC(1225) Concurrent Cleanup for Next Mark 4.626ms
[20.519s][info][gc            ] GC(1225) Concurrent Cycle 20.688ms
[20.529s][info][gc,start      ] GC(1226) Pause Young (Concurrent Start) (G1 Humongous Allocation)
[20.529s][info][gc,task       ] GC(1226) Using 8 workers of 8 for evacuation
[20.532s][info][gc,phases     ] GC(1226)   Pre Evacuate Collection Set: 0.8ms
[20.532s][info][gc,phases     ] GC(1226)   Evacuate Collection Set: 1.3ms
[20.532s][info][gc,phases     ] GC(1226)   Post Evacuate Collection Set: 0.1ms
[20.532s][info][gc,phases     ] GC(1226)   Other: 0.4ms
[20.532s][info][gc,heap       ] GC(1226) Eden regions: 4->0(141)
[20.532s][info][gc,heap       ] GC(1226) Survivor regions: 1->1(18)
[20.532s][info][gc,heap       ] GC(1226) Old regions: 27->27
[20.532s][info][gc,heap       ] GC(1226) Humongous regions: 2766->2766
[20.532s][info][gc,metaspace  ] GC(1226) Metaspace: 9862K->9862K(1058816K)
[20.532s][info][gc            ] GC(1226) Pause Young (Concurrent Start) (G1 Humongous Allocation) 2796M->2792M(2849M) 2.893ms
[20.532s][info][gc,cpu        ] GC(1226) User=0.00s Sys=0.00s Real=0.01s
[20.532s][info][gc            ] GC(1227) Concurrent Cycle
[20.532s][info][gc,marking    ] GC(1227) Concurrent Clear Claimed Marks
[20.532s][info][gc,marking    ] GC(1227) Concurrent Clear Claimed Marks 0.024ms
[20.532s][info][gc,marking    ] GC(1227) Concurrent Scan Root Regions
[20.532s][info][gc,marking    ] GC(1227) Concurrent Scan Root Regions 0.075ms
[20.532s][info][gc,marking    ] GC(1227) Concurrent Mark (20.532s)
[20.532s][info][gc,marking    ] GC(1227) Concurrent Mark From Roots
[20.532s][info][gc,task       ] GC(1227) Using 2 workers of 2 for marking
[20.538s][info][gc,marking    ] GC(1227) Concurrent Mark From Roots 5.684ms
[20.538s][info][gc,marking    ] GC(1227) Concurrent Preclean
[20.538s][info][gc,marking    ] GC(1227) Concurrent Preclean 0.096ms
[20.538s][info][gc,marking    ] GC(1227) Concurrent Mark (20.532s, 20.538s) 5.870ms
[20.538s][info][gc,start      ] GC(1227) Pause Remark
[20.540s][info][gc,stringtable] GC(1227) Cleaned string and symbol table, strings: 4363 processed, 0 removed, symbols: 36588 processed, 0 removed
[20.540s][info][gc            ] GC(1227) Pause Remark 2796M->2796M(2849M) 1.733ms
[20.540s][info][gc,cpu        ] GC(1227) User=0.01s Sys=0.00s Real=0.00s
[20.540s][info][gc,marking    ] GC(1227) Concurrent Rebuild Remembered Sets
[20.546s][info][gc,marking    ] GC(1227) Concurrent Rebuild Remembered Sets 6.014ms
[20.547s][info][gc,start      ] GC(1227) Pause Cleanup
[20.547s][info][gc            ] GC(1227) Pause Cleanup 2798M->2798M(2849M) 0.382ms
[20.547s][info][gc,cpu        ] GC(1227) User=0.00s Sys=0.00s Real=0.00s
[20.547s][info][gc,marking    ] GC(1227) Concurrent Cleanup for Next Mark
[20.552s][info][gc,marking    ] GC(1227) Concurrent Cleanup for Next Mark 4.149ms
[20.552s][info][gc            ] GC(1227) Concurrent Cycle 19.356ms
[20.557s][info][gc,start      ] GC(1228) Pause Young (Concurrent Start) (G1 Humongous Allocation)
[20.557s][info][gc,task       ] GC(1228) Using 8 workers of 8 for evacuation
[20.560s][info][gc,phases     ] GC(1228)   Pre Evacuate Collection Set: 0.9ms
[20.560s][info][gc,phases     ] GC(1228)   Evacuate Collection Set: 1.2ms
[20.560s][info][gc,phases     ] GC(1228)   Post Evacuate Collection Set: 0.2ms
[20.560s][info][gc,phases     ] GC(1228)   Other: 0.5ms
[20.560s][info][gc,heap       ] GC(1228) Eden regions: 4->0(141)
[20.560s][info][gc,heap       ] GC(1228) Survivor regions: 1->1(18)
[20.560s][info][gc,heap       ] GC(1228) Old regions: 27->27
[20.560s][info][gc,heap       ] GC(1228) Humongous regions: 2770->2770
[20.560s][info][gc,metaspace  ] GC(1228) Metaspace: 9862K->9862K(1058816K)
[20.560s][info][gc            ] GC(1228) Pause Young (Concurrent Start) (G1 Humongous Allocation) 2800M->2796M(2849M) 3.013ms
[20.560s][info][gc,cpu        ] GC(1228) User=0.00s Sys=0.00s Real=0.00s
[20.560s][info][gc            ] GC(1229) Concurrent Cycle
[20.560s][info][gc,marking    ] GC(1229) Concurrent Clear Claimed Marks
[20.561s][info][gc,marking    ] GC(1229) Concurrent Clear Claimed Marks 0.020ms
[20.561s][info][gc,marking    ] GC(1229) Concurrent Scan Root Regions
[20.561s][info][gc,marking    ] GC(1229) Concurrent Scan Root Regions 0.103ms
[20.561s][info][gc,marking    ] GC(1229) Concurrent Mark (20.561s)
[20.561s][info][gc,marking    ] GC(1229) Concurrent Mark From Roots
[20.561s][info][gc,task       ] GC(1229) Using 2 workers of 2 for marking
[20.568s][info][gc,marking    ] GC(1229) Concurrent Mark From Roots 7.397ms
[20.568s][info][gc,marking    ] GC(1229) Concurrent Preclean
[20.568s][info][gc,marking    ] GC(1229) Concurrent Preclean 0.091ms
[20.568s][info][gc,marking    ] GC(1229) Concurrent Mark (20.561s, 20.568s) 7.561ms
[20.568s][info][gc,start      ] GC(1229) Pause Remark
[20.570s][info][gc,stringtable] GC(1229) Cleaned string and symbol table, strings: 4363 processed, 0 removed, symbols: 36588 processed, 0 removed
[20.570s][info][gc            ] GC(1229) Pause Remark 2800M->2800M(2849M) 2.001ms
[20.570s][info][gc,cpu        ] GC(1229) User=0.01s Sys=0.00s Real=0.00s
[20.570s][info][gc,marking    ] GC(1229) Concurrent Rebuild Remembered Sets
[20.578s][info][gc,marking    ] GC(1229) Concurrent Rebuild Remembered Sets 7.646ms
[20.578s][info][gc,start      ] GC(1229) Pause Cleanup
[20.579s][info][gc            ] GC(1229) Pause Cleanup 2802M->2802M(2849M) 0.326ms
[20.579s][info][gc,cpu        ] GC(1229) User=0.01s Sys=0.00s Real=0.00s
[20.579s][info][gc,marking    ] GC(1229) Concurrent Cleanup for Next Mark
[20.583s][info][gc,marking    ] GC(1229) Concurrent Cleanup for Next Mark 4.185ms
[20.583s][info][gc            ] GC(1229) Concurrent Cycle 22.396ms
[20.590s][info][gc,start      ] GC(1230) Pause Young (Concurrent Start) (G1 Humongous Allocation)
[20.590s][info][gc,task       ] GC(1230) Using 8 workers of 8 for evacuation
[20.593s][info][gc,phases     ] GC(1230)   Pre Evacuate Collection Set: 0.7ms
[20.593s][info][gc,phases     ] GC(1230)   Evacuate Collection Set: 1.3ms
[20.593s][info][gc,phases     ] GC(1230)   Post Evacuate Collection Set: 0.2ms
[20.593s][info][gc,phases     ] GC(1230)   Other: 0.3ms
[20.593s][info][gc,heap       ] GC(1230) Eden regions: 4->0(141)
[20.593s][info][gc,heap       ] GC(1230) Survivor regions: 1->1(18)
[20.593s][info][gc,heap       ] GC(1230) Old regions: 27->27
[20.593s][info][gc,heap       ] GC(1230) Humongous regions: 2774->2774
[20.593s][info][gc,metaspace  ] GC(1230) Metaspace: 9862K->9862K(1058816K)
[20.593s][info][gc            ] GC(1230) Pause Young (Concurrent Start) (G1 Humongous Allocation) 2804M->2800M(2849M) 2.584ms
[20.593s][info][gc,cpu        ] GC(1230) User=0.01s Sys=0.00s Real=0.01s
[20.593s][info][gc            ] GC(1231) Concurrent Cycle
[20.593s][info][gc,marking    ] GC(1231) Concurrent Clear Claimed Marks
[20.593s][info][gc,marking    ] GC(1231) Concurrent Clear Claimed Marks 0.020ms
[20.593s][info][gc,marking    ] GC(1231) Concurrent Scan Root Regions
[20.593s][info][gc,marking    ] GC(1231) Concurrent Scan Root Regions 0.085ms
[20.593s][info][gc,marking    ] GC(1231) Concurrent Mark (20.593s)
[20.593s][info][gc,marking    ] GC(1231) Concurrent Mark From Roots
[20.593s][info][gc,task       ] GC(1231) Using 2 workers of 2 for marking
[20.601s][info][gc,marking    ] GC(1231) Concurrent Mark From Roots 8.025ms
[20.601s][info][gc,marking    ] GC(1231) Concurrent Preclean
[20.601s][info][gc,marking    ] GC(1231) Concurrent Preclean 0.181ms
[20.601s][info][gc,marking    ] GC(1231) Concurrent Mark (20.593s, 20.601s) 8.342ms
[20.602s][info][gc,start      ] GC(1231) Pause Remark
[20.604s][info][gc,stringtable] GC(1231) Cleaned string and symbol table, strings: 4363 processed, 0 removed, symbols: 36588 processed, 0 removed
[20.605s][info][gc            ] GC(1231) Pause Remark 2804M->2804M(2849M) 3.193ms
[20.605s][info][gc,cpu        ] GC(1231) User=0.00s Sys=0.00s Real=0.00s
[20.605s][info][gc,marking    ] GC(1231) Concurrent Rebuild Remembered Sets
[20.614s][info][gc,marking    ] GC(1231) Concurrent Rebuild Remembered Sets 9.017ms
[20.614s][info][gc,start      ] GC(1231) Pause Cleanup
[20.615s][info][gc            ] GC(1231) Pause Cleanup 2806M->2806M(2849M) 0.441ms
[20.615s][info][gc,cpu        ] GC(1231) User=0.00s Sys=0.00s Real=0.00s
[20.615s][info][gc,marking    ] GC(1231) Concurrent Cleanup for Next Mark
[20.619s][info][gc,marking    ] GC(1231) Concurrent Cleanup for Next Mark 4.576ms
[20.619s][info][gc            ] GC(1231) Concurrent Cycle 26.405ms
[20.627s][info][gc,start      ] GC(1232) Pause Young (Concurrent Start) (G1 Humongous Allocation)
[20.627s][info][gc,task       ] GC(1232) Using 8 workers of 8 for evacuation
[20.630s][info][gc,phases     ] GC(1232)   Pre Evacuate Collection Set: 0.8ms
[20.631s][info][gc,phases     ] GC(1232)   Evacuate Collection Set: 1.5ms
[20.631s][info][gc,phases     ] GC(1232)   Post Evacuate Collection Set: 0.9ms
[20.631s][info][gc,phases     ] GC(1232)   Other: 0.5ms
[20.631s][info][gc,heap       ] GC(1232) Eden regions: 4->0(143)
[20.631s][info][gc,heap       ] GC(1232) Survivor regions: 1->1(18)
[20.631s][info][gc,heap       ] GC(1232) Old regions: 27->27
[20.631s][info][gc,heap       ] GC(1232) Humongous regions: 2778->2778
[20.631s][info][gc,metaspace  ] GC(1232) Metaspace: 9862K->9862K(1058816K)
[20.631s][info][gc            ] GC(1232) Pause Young (Concurrent Start) (G1 Humongous Allocation) 2808M->2804M(2899M) 4.050ms
[20.631s][info][gc,cpu        ] GC(1232) User=0.01s Sys=0.00s Real=0.00s
[20.631s][info][gc            ] GC(1233) Concurrent Cycle
[20.631s][info][gc,marking    ] GC(1233) Concurrent Clear Claimed Marks
[20.631s][info][gc,marking    ] GC(1233) Concurrent Clear Claimed Marks 0.020ms
[20.631s][info][gc,marking    ] GC(1233) Concurrent Scan Root Regions
[20.631s][info][gc,marking    ] GC(1233) Concurrent Scan Root Regions 0.076ms
[20.631s][info][gc,marking    ] GC(1233) Concurrent Mark (20.631s)
[20.631s][info][gc,marking    ] GC(1233) Concurrent Mark From Roots
[20.631s][info][gc,task       ] GC(1233) Using 2 workers of 2 for marking
[20.638s][info][gc,marking    ] GC(1233) Concurrent Mark From Roots 7.010ms
[20.638s][info][gc,marking    ] GC(1233) Concurrent Preclean
[20.638s][info][gc,marking    ] GC(1233) Concurrent Preclean 0.164ms
[20.638s][info][gc,marking    ] GC(1233) Concurrent Mark (20.631s, 20.638s) 7.283ms
[20.638s][info][gc,start      ] GC(1233) Pause Remark
[20.640s][info][gc,stringtable] GC(1233) Cleaned string and symbol table, strings: 4363 processed, 0 removed, symbols: 36588 processed, 0 removed
[20.641s][info][gc            ] GC(1233) Pause Remark 2807M->2807M(2899M) 2.498ms
[20.641s][info][gc,cpu        ] GC(1233) User=0.01s Sys=0.00s Real=0.00s
[20.641s][info][gc,marking    ] GC(1233) Concurrent Rebuild Remembered Sets
[20.649s][info][gc,marking    ] GC(1233) Concurrent Rebuild Remembered Sets 8.094ms
[20.649s][info][gc,start      ] GC(1233) Pause Cleanup
[20.650s][info][gc            ] GC(1233) Pause Cleanup 2808M->2808M(2899M) 0.519ms
[20.650s][info][gc,cpu        ] GC(1233) User=0.00s Sys=0.00s Real=0.00s
[20.650s][info][gc,marking    ] GC(1233) Concurrent Cleanup for Next Mark
[20.655s][info][gc,marking    ] GC(1233) Concurrent Cleanup for Next Mark 4.752ms
[20.655s][info][gc            ] GC(1233) Concurrent Cycle 23.988ms
[20.669s][info][gc,start      ] GC(1234) Pause Young (Concurrent Start) (G1 Humongous Allocation)
[20.669s][info][gc,task       ] GC(1234) Using 8 workers of 8 for evacuation
[20.672s][info][gc,phases     ] GC(1234)   Pre Evacuate Collection Set: 0.8ms
[20.672s][info][gc,phases     ] GC(1234)   Evacuate Collection Set: 1.8ms
[20.672s][info][gc,phases     ] GC(1234)   Post Evacuate Collection Set: 0.2ms
[20.672s][info][gc,phases     ] GC(1234)   Other: 0.5ms
[20.672s][info][gc,heap       ] GC(1234) Eden regions: 4->0(143)
[20.672s][info][gc,heap       ] GC(1234) Survivor regions: 1->1(18)
[20.672s][info][gc,heap       ] GC(1234) Old regions: 27->27
[20.672s][info][gc,heap       ] GC(1234) Humongous regions: 2782->2782
[20.672s][info][gc,metaspace  ] GC(1234) Metaspace: 9862K->9862K(1058816K)
[20.672s][info][gc            ] GC(1234) Pause Young (Concurrent Start) (G1 Humongous Allocation) 2812M->2808M(2899M) 3.411ms
[20.672s][info][gc,cpu        ] GC(1234) User=0.01s Sys=0.00s Real=0.01s
[20.672s][info][gc            ] GC(1235) Concurrent Cycle
[20.672s][info][gc,marking    ] GC(1235) Concurrent Clear Claimed Marks
[20.672s][info][gc,marking    ] GC(1235) Concurrent Clear Claimed Marks 0.013ms
[20.672s][info][gc,marking    ] GC(1235) Concurrent Scan Root Regions
[20.672s][info][gc,marking    ] GC(1235) Concurrent Scan Root Regions 0.083ms
[20.672s][info][gc,marking    ] GC(1235) Concurrent Mark (20.672s)
[20.672s][info][gc,marking    ] GC(1235) Concurrent Mark From Roots
[20.672s][info][gc,task       ] GC(1235) Using 2 workers of 2 for marking
[20.679s][info][gc,marking    ] GC(1235) Concurrent Mark From Roots 6.844ms
[20.679s][info][gc,marking    ] GC(1235) Concurrent Preclean
[20.679s][info][gc,marking    ] GC(1235) Concurrent Preclean 0.084ms
[20.679s][info][gc,marking    ] GC(1235) Concurrent Mark (20.672s, 20.679s) 6.996ms
[20.679s][info][gc,start      ] GC(1235) Pause Remark
[20.680s][info][gc,stringtable] GC(1235) Cleaned string and symbol table, strings: 4363 processed, 0 removed, symbols: 36588 processed, 0 removed
[20.681s][info][gc            ] GC(1235) Pause Remark 2812M->2812M(2899M) 1.226ms
[20.681s][info][gc,cpu        ] GC(1235) User=0.01s Sys=0.01s Real=0.00s
[20.681s][info][gc,marking    ] GC(1235) Concurrent Rebuild Remembered Sets
[20.687s][info][gc,marking    ] GC(1235) Concurrent Rebuild Remembered Sets 6.261ms
[20.687s][info][gc,start      ] GC(1235) Pause Cleanup
[20.688s][info][gc            ] GC(1235) Pause Cleanup 2814M->2814M(2899M) 0.396ms
[20.688s][info][gc,cpu        ] GC(1235) User=0.00s Sys=0.00s Real=0.00s
[20.688s][info][gc,marking    ] GC(1235) Concurrent Cleanup for Next Mark
[20.692s][info][gc,marking    ] GC(1235) Concurrent Cleanup for Next Mark 3.778ms
[20.692s][info][gc            ] GC(1235) Concurrent Cycle 19.574ms
[20.699s][info][gc,start      ] GC(1236) Pause Young (Concurrent Start) (G1 Humongous Allocation)
[20.699s][info][gc,task       ] GC(1236) Using 8 workers of 8 for evacuation
[20.701s][info][gc,phases     ] GC(1236)   Pre Evacuate Collection Set: 0.7ms
[20.701s][info][gc,phases     ] GC(1236)   Evacuate Collection Set: 0.6ms
[20.701s][info][gc,phases     ] GC(1236)   Post Evacuate Collection Set: 0.2ms
[20.701s][info][gc,phases     ] GC(1236)   Other: 0.3ms
[20.701s][info][gc,heap       ] GC(1236) Eden regions: 4->0(143)
[20.701s][info][gc,heap       ] GC(1236) Survivor regions: 1->1(18)
[20.701s][info][gc,heap       ] GC(1236) Old regions: 27->27
[20.701s][info][gc,heap       ] GC(1236) Humongous regions: 2786->2786
[20.701s][info][gc,metaspace  ] GC(1236) Metaspace: 9862K->9862K(1058816K)
[20.701s][info][gc            ] GC(1236) Pause Young (Concurrent Start) (G1 Humongous Allocation) 2816M->2812M(2899M) 1.898ms
[20.701s][info][gc,cpu        ] GC(1236) User=0.00s Sys=0.00s Real=0.00s
[20.701s][info][gc            ] GC(1237) Concurrent Cycle
[20.701s][info][gc,marking    ] GC(1237) Concurrent Clear Claimed Marks
[20.701s][info][gc,marking    ] GC(1237) Concurrent Clear Claimed Marks 0.014ms
[20.701s][info][gc,marking    ] GC(1237) Concurrent Scan Root Regions
[20.701s][info][gc,marking    ] GC(1237) Concurrent Scan Root Regions 0.074ms
[20.701s][info][gc,marking    ] GC(1237) Concurrent Mark (20.701s)
[20.701s][info][gc,marking    ] GC(1237) Concurrent Mark From Roots
[20.701s][info][gc,task       ] GC(1237) Using 2 workers of 2 for marking
[20.707s][info][gc,marking    ] GC(1237) Concurrent Mark From Roots 5.900ms
[20.707s][info][gc,marking    ] GC(1237) Concurrent Preclean
[20.707s][info][gc,marking    ] GC(1237) Concurrent Preclean 0.073ms
[20.707s][info][gc,marking    ] GC(1237) Concurrent Mark (20.701s, 20.707s) 6.033ms
[20.707s][info][gc,start      ] GC(1237) Pause Remark
[20.709s][info][gc,stringtable] GC(1237) Cleaned string and symbol table, strings: 4363 processed, 0 removed, symbols: 36588 processed, 0 removed
[20.709s][info][gc            ] GC(1237) Pause Remark 2816M->2816M(2899M) 1.766ms
[20.709s][info][gc,cpu        ] GC(1237) User=0.01s Sys=0.00s Real=0.00s
[20.709s][info][gc,marking    ] GC(1237) Concurrent Rebuild Remembered Sets
[20.715s][info][gc,marking    ] GC(1237) Concurrent Rebuild Remembered Sets 5.513ms
[20.715s][info][gc,start      ] GC(1237) Pause Cleanup
[20.715s][info][gc            ] GC(1237) Pause Cleanup 2818M->2818M(2899M) 0.356ms
[20.715s][info][gc,cpu        ] GC(1237) User=0.00s Sys=0.00s Real=0.00s
[20.715s][info][gc,marking    ] GC(1237) Concurrent Cleanup for Next Mark
[20.719s][info][gc,marking    ] GC(1237) Concurrent Cleanup for Next Mark 3.427ms
[20.719s][info][gc            ] GC(1237) Concurrent Cycle 17.818ms
[20.725s][info][gc,start      ] GC(1238) Pause Young (Concurrent Start) (G1 Humongous Allocation)
[20.725s][info][gc,task       ] GC(1238) Using 8 workers of 8 for evacuation
[20.726s][info][gc,phases     ] GC(1238)   Pre Evacuate Collection Set: 0.6ms
[20.726s][info][gc,phases     ] GC(1238)   Evacuate Collection Set: 0.5ms
[20.726s][info][gc,phases     ] GC(1238)   Post Evacuate Collection Set: 0.1ms
[20.726s][info][gc,phases     ] GC(1238)   Other: 0.2ms
[20.726s][info][gc,heap       ] GC(1238) Eden regions: 4->0(143)
[20.726s][info][gc,heap       ] GC(1238) Survivor regions: 1->1(18)
[20.726s][info][gc,heap       ] GC(1238) Old regions: 27->27
[20.726s][info][gc,heap       ] GC(1238) Humongous regions: 2790->2790
[20.726s][info][gc,metaspace  ] GC(1238) Metaspace: 9862K->9862K(1058816K)
[20.726s][info][gc            ] GC(1238) Pause Young (Concurrent Start) (G1 Humongous Allocation) 2820M->2816M(2899M) 1.535ms
[20.726s][info][gc,cpu        ] GC(1238) User=0.00s Sys=0.00s Real=0.00s
[20.726s][info][gc            ] GC(1239) Concurrent Cycle
[20.727s][info][gc,marking    ] GC(1239) Concurrent Clear Claimed Marks
[20.727s][info][gc,marking    ] GC(1239) Concurrent Clear Claimed Marks 0.011ms
[20.727s][info][gc,marking    ] GC(1239) Concurrent Scan Root Regions
[20.727s][info][gc,marking    ] GC(1239) Concurrent Scan Root Regions 0.051ms
[20.727s][info][gc,marking    ] GC(1239) Concurrent Mark (20.727s)
[20.727s][info][gc,marking    ] GC(1239) Concurrent Mark From Roots
[20.727s][info][gc,task       ] GC(1239) Using 2 workers of 2 for marking
[20.732s][info][gc,marking    ] GC(1239) Concurrent Mark From Roots 5.720ms
[20.732s][info][gc,marking    ] GC(1239) Concurrent Preclean
[20.732s][info][gc,marking    ] GC(1239) Concurrent Preclean 0.083ms
[20.732s][info][gc,marking    ] GC(1239) Concurrent Mark (20.727s, 20.732s) 5.877ms
[20.733s][info][gc,start      ] GC(1239) Pause Remark
[20.734s][info][gc,stringtable] GC(1239) Cleaned string and symbol table, strings: 4363 processed, 0 removed, symbols: 36588 processed, 0 removed
[20.734s][info][gc            ] GC(1239) Pause Remark 2820M->2820M(2899M) 1.575ms
[20.734s][info][gc,cpu        ] GC(1239) User=0.01s Sys=0.00s Real=0.00s
[20.734s][info][gc,marking    ] GC(1239) Concurrent Rebuild Remembered Sets
[20.739s][info][gc,marking    ] GC(1239) Concurrent Rebuild Remembered Sets 5.215ms
[20.740s][info][gc,start      ] GC(1239) Pause Cleanup
[20.740s][info][gc            ] GC(1239) Pause Cleanup 2822M->2822M(2899M) 0.283ms
[20.740s][info][gc,cpu        ] GC(1239) User=0.00s Sys=0.00s Real=0.00s
[20.740s][info][gc,marking    ] GC(1239) Concurrent Cleanup for Next Mark
[20.744s][info][gc,marking    ] GC(1239) Concurrent Cleanup for Next Mark 3.453ms
[20.744s][info][gc            ] GC(1239) Concurrent Cycle 17.339ms
[20.750s][info][gc,start      ] GC(1240) Pause Young (Concurrent Start) (G1 Humongous Allocation)
[20.750s][info][gc,task       ] GC(1240) Using 8 workers of 8 for evacuation
[20.752s][info][gc,phases     ] GC(1240)   Pre Evacuate Collection Set: 0.6ms
[20.752s][info][gc,phases     ] GC(1240)   Evacuate Collection Set: 0.5ms
[20.752s][info][gc,phases     ] GC(1240)   Post Evacuate Collection Set: 0.1ms
[20.752s][info][gc,phases     ] GC(1240)   Other: 0.3ms
[20.752s][info][gc,heap       ] GC(1240) Eden regions: 4->0(143)
[20.752s][info][gc,heap       ] GC(1240) Survivor regions: 1->1(18)
[20.752s][info][gc,heap       ] GC(1240) Old regions: 27->27
[20.752s][info][gc,heap       ] GC(1240) Humongous regions: 2794->2794
[20.752s][info][gc,metaspace  ] GC(1240) Metaspace: 9862K->9862K(1058816K)
[20.752s][info][gc            ] GC(1240) Pause Young (Concurrent Start) (G1 Humongous Allocation) 2824M->2820M(2899M) 1.641ms
[20.752s][info][gc,cpu        ] GC(1240) User=0.01s Sys=0.00s Real=0.01s
[20.752s][info][gc            ] GC(1241) Concurrent Cycle
[20.752s][info][gc,marking    ] GC(1241) Concurrent Clear Claimed Marks
[20.752s][info][gc,marking    ] GC(1241) Concurrent Clear Claimed Marks 0.009ms
[20.752s][info][gc,marking    ] GC(1241) Concurrent Scan Root Regions
[20.752s][info][gc,marking    ] GC(1241) Concurrent Scan Root Regions 0.050ms
[20.752s][info][gc,marking    ] GC(1241) Concurrent Mark (20.752s)
[20.752s][info][gc,marking    ] GC(1241) Concurrent Mark From Roots
[20.752s][info][gc,task       ] GC(1241) Using 2 workers of 2 for marking
[20.757s][info][gc,marking    ] GC(1241) Concurrent Mark From Roots 5.644ms
[20.757s][info][gc,marking    ] GC(1241) Concurrent Preclean
[20.758s][info][gc,marking    ] GC(1241) Concurrent Preclean 0.074ms
[20.758s][info][gc,marking    ] GC(1241) Concurrent Mark (20.752s, 20.758s) 5.778ms
[20.758s][info][gc,start      ] GC(1241) Pause Remark
[20.759s][info][gc,stringtable] GC(1241) Cleaned string and symbol table, strings: 4363 processed, 0 removed, symbols: 36588 processed, 0 removed
[20.759s][info][gc            ] GC(1241) Pause Remark 2824M->2824M(2899M) 1.209ms
[20.759s][info][gc,cpu        ] GC(1241) User=0.01s Sys=0.00s Real=0.00s
[20.759s][info][gc,marking    ] GC(1241) Concurrent Rebuild Remembered Sets
[20.764s][info][gc,marking    ] GC(1241) Concurrent Rebuild Remembered Sets 5.411ms
[20.765s][info][gc,start      ] GC(1241) Pause Cleanup
[20.765s][info][gc            ] GC(1241) Pause Cleanup 2826M->2826M(2899M) 0.296ms
[20.765s][info][gc,cpu        ] GC(1241) User=0.00s Sys=0.00s Real=0.00s
[20.765s][info][gc,marking    ] GC(1241) Concurrent Cleanup for Next Mark
[20.768s][info][gc,marking    ] GC(1241) Concurrent Cleanup for Next Mark 3.430ms
[20.768s][info][gc            ] GC(1241) Concurrent Cycle 16.795ms
[20.775s][info][gc,start      ] GC(1242) Pause Young (Concurrent Start) (G1 Humongous Allocation)
[20.775s][info][gc,task       ] GC(1242) Using 8 workers of 8 for evacuation
[20.776s][info][gc,phases     ] GC(1242)   Pre Evacuate Collection Set: 0.6ms
[20.776s][info][gc,phases     ] GC(1242)   Evacuate Collection Set: 0.5ms
[20.776s][info][gc,phases     ] GC(1242)   Post Evacuate Collection Set: 0.1ms
[20.776s][info][gc,phases     ] GC(1242)   Other: 0.3ms
[20.776s][info][gc,heap       ] GC(1242) Eden regions: 4->0(143)
[20.776s][info][gc,heap       ] GC(1242) Survivor regions: 1->1(18)
[20.776s][info][gc,heap       ] GC(1242) Old regions: 27->27
[20.776s][info][gc,heap       ] GC(1242) Humongous regions: 2798->2798
[20.776s][info][gc,metaspace  ] GC(1242) Metaspace: 9862K->9862K(1058816K)
[20.776s][info][gc            ] GC(1242) Pause Young (Concurrent Start) (G1 Humongous Allocation) 2828M->2824M(2899M) 1.569ms
[20.776s][info][gc,cpu        ] GC(1242) User=0.00s Sys=0.01s Real=0.00s
[20.776s][info][gc            ] GC(1243) Concurrent Cycle
[20.776s][info][gc,marking    ] GC(1243) Concurrent Clear Claimed Marks
[20.776s][info][gc,marking    ] GC(1243) Concurrent Clear Claimed Marks 0.011ms
[20.776s][info][gc,marking    ] GC(1243) Concurrent Scan Root Regions
[20.776s][info][gc,marking    ] GC(1243) Concurrent Scan Root Regions 0.050ms
[20.776s][info][gc,marking    ] GC(1243) Concurrent Mark (20.776s)
[20.776s][info][gc,marking    ] GC(1243) Concurrent Mark From Roots
[20.776s][info][gc,task       ] GC(1243) Using 2 workers of 2 for marking
[20.782s][info][gc,marking    ] GC(1243) Concurrent Mark From Roots 5.662ms
[20.782s][info][gc,marking    ] GC(1243) Concurrent Preclean
[20.782s][info][gc,marking    ] GC(1243) Concurrent Preclean 0.076ms
[20.782s][info][gc,marking    ] GC(1243) Concurrent Mark (20.776s, 20.782s) 5.793ms
[20.782s][info][gc,start      ] GC(1243) Pause Remark
[20.783s][info][gc,stringtable] GC(1243) Cleaned string and symbol table, strings: 4363 processed, 0 removed, symbols: 36588 processed, 0 removed
[20.784s][info][gc            ] GC(1243) Pause Remark 2828M->2828M(2899M) 1.643ms
[20.784s][info][gc,cpu        ] GC(1243) User=0.01s Sys=0.00s Real=0.00s
[20.784s][info][gc,marking    ] GC(1243) Concurrent Rebuild Remembered Sets
[20.789s][info][gc,marking    ] GC(1243) Concurrent Rebuild Remembered Sets 5.201ms
[20.790s][info][gc,start      ] GC(1243) Pause Cleanup
[20.790s][info][gc            ] GC(1243) Pause Cleanup 2830M->2830M(2899M) 0.264ms
[20.790s][info][gc,cpu        ] GC(1243) User=0.00s Sys=0.00s Real=0.00s
[20.790s][info][gc,marking    ] GC(1243) Concurrent Cleanup for Next Mark
[20.793s][info][gc,marking    ] GC(1243) Concurrent Cleanup for Next Mark 3.477ms
[20.793s][info][gc            ] GC(1243) Concurrent Cycle 17.251ms
[20.800s][info][gc,start      ] GC(1244) Pause Young (Concurrent Start) (G1 Humongous Allocation)
[20.800s][info][gc,task       ] GC(1244) Using 8 workers of 8 for evacuation
[20.801s][info][gc,phases     ] GC(1244)   Pre Evacuate Collection Set: 0.6ms
[20.801s][info][gc,phases     ] GC(1244)   Evacuate Collection Set: 0.5ms
[20.801s][info][gc,phases     ] GC(1244)   Post Evacuate Collection Set: 0.1ms
[20.801s][info][gc,phases     ] GC(1244)   Other: 0.3ms
[20.801s][info][gc,heap       ] GC(1244) Eden regions: 4->0(143)
[20.801s][info][gc,heap       ] GC(1244) Survivor regions: 1->1(18)
[20.801s][info][gc,heap       ] GC(1244) Old regions: 27->27
[20.801s][info][gc,heap       ] GC(1244) Humongous regions: 2802->2802
[20.801s][info][gc,metaspace  ] GC(1244) Metaspace: 9862K->9862K(1058816K)
[20.801s][info][gc            ] GC(1244) Pause Young (Concurrent Start) (G1 Humongous Allocation) 2832M->2828M(2899M) 1.653ms
[20.801s][info][gc,cpu        ] GC(1244) User=0.01s Sys=0.00s Real=0.01s
[20.801s][info][gc            ] GC(1245) Concurrent Cycle
[20.801s][info][gc,marking    ] GC(1245) Concurrent Clear Claimed Marks
[20.801s][info][gc,marking    ] GC(1245) Concurrent Clear Claimed Marks 0.012ms
[20.801s][info][gc,marking    ] GC(1245) Concurrent Scan Root Regions
[20.801s][info][gc,marking    ] GC(1245) Concurrent Scan Root Regions 0.050ms
[20.801s][info][gc,marking    ] GC(1245) Concurrent Mark (20.801s)
[20.801s][info][gc,marking    ] GC(1245) Concurrent Mark From Roots
[20.802s][info][gc,task       ] GC(1245) Using 2 workers of 2 for marking
[20.807s][info][gc,marking    ] GC(1245) Concurrent Mark From Roots 5.731ms
[20.807s][info][gc,marking    ] GC(1245) Concurrent Preclean
[20.807s][info][gc,marking    ] GC(1245) Concurrent Preclean 0.084ms
[20.807s][info][gc,marking    ] GC(1245) Concurrent Mark (20.801s, 20.807s) 5.877ms
[20.807s][info][gc,start      ] GC(1245) Pause Remark
[20.809s][info][gc,stringtable] GC(1245) Cleaned string and symbol table, strings: 4363 processed, 0 removed, symbols: 36588 processed, 0 removed
[20.809s][info][gc            ] GC(1245) Pause Remark 2832M->2832M(2899M) 1.766ms
[20.809s][info][gc,cpu        ] GC(1245) User=0.01s Sys=0.00s Real=0.00s
[20.809s][info][gc,marking    ] GC(1245) Concurrent Rebuild Remembered Sets
[20.815s][info][gc,marking    ] GC(1245) Concurrent Rebuild Remembered Sets 5.680ms
[20.816s][info][gc,start      ] GC(1245) Pause Cleanup
[20.817s][info][gc            ] GC(1245) Pause Cleanup 2834M->2834M(2899M) 0.363ms
[20.817s][info][gc,cpu        ] GC(1245) User=0.00s Sys=0.00s Real=0.00s
[20.817s][info][gc,marking    ] GC(1245) Concurrent Cleanup for Next Mark
[20.821s][info][gc,marking    ] GC(1245) Concurrent Cleanup for Next Mark 3.875ms
[20.821s][info][gc            ] GC(1245) Concurrent Cycle 19.333ms
[20.827s][info][gc,start      ] GC(1246) Pause Young (Concurrent Start) (G1 Humongous Allocation)
[20.827s][info][gc,task       ] GC(1246) Using 8 workers of 8 for evacuation
[20.829s][info][gc,phases     ] GC(1246)   Pre Evacuate Collection Set: 0.7ms
[20.829s][info][gc,phases     ] GC(1246)   Evacuate Collection Set: 1.0ms
[20.829s][info][gc,phases     ] GC(1246)   Post Evacuate Collection Set: 0.2ms
[20.829s][info][gc,phases     ] GC(1246)   Other: 0.3ms
[20.829s][info][gc,heap       ] GC(1246) Eden regions: 4->0(143)
[20.829s][info][gc,heap       ] GC(1246) Survivor regions: 1->1(18)
[20.829s][info][gc,heap       ] GC(1246) Old regions: 27->27
[20.829s][info][gc,heap       ] GC(1246) Humongous regions: 2806->2806
[20.829s][info][gc,metaspace  ] GC(1246) Metaspace: 9862K->9862K(1058816K)
[20.829s][info][gc            ] GC(1246) Pause Young (Concurrent Start) (G1 Humongous Allocation) 2836M->2832M(2899M) 2.227ms
[20.829s][info][gc,cpu        ] GC(1246) User=0.00s Sys=0.00s Real=0.00s
[20.829s][info][gc            ] GC(1247) Concurrent Cycle
[20.829s][info][gc,marking    ] GC(1247) Concurrent Clear Claimed Marks
[20.829s][info][gc,marking    ] GC(1247) Concurrent Clear Claimed Marks 0.020ms
[20.829s][info][gc,marking    ] GC(1247) Concurrent Scan Root Regions
[20.829s][info][gc,marking    ] GC(1247) Concurrent Scan Root Regions 0.071ms
[20.829s][info][gc,marking    ] GC(1247) Concurrent Mark (20.829s)
[20.829s][info][gc,marking    ] GC(1247) Concurrent Mark From Roots
[20.829s][info][gc,task       ] GC(1247) Using 2 workers of 2 for marking
[20.835s][info][gc,marking    ] GC(1247) Concurrent Mark From Roots 5.702ms
[20.835s][info][gc,marking    ] GC(1247) Concurrent Preclean
[20.835s][info][gc,marking    ] GC(1247) Concurrent Preclean 0.075ms
[20.835s][info][gc,marking    ] GC(1247) Concurrent Mark (20.829s, 20.835s) 5.874ms
[20.835s][info][gc,start      ] GC(1247) Pause Remark
[20.837s][info][gc,stringtable] GC(1247) Cleaned string and symbol table, strings: 4363 processed, 0 removed, symbols: 36588 processed, 0 removed
[20.837s][info][gc            ] GC(1247) Pause Remark 2836M->2836M(2899M) 1.676ms
[20.837s][info][gc,cpu        ] GC(1247) User=0.01s Sys=0.00s Real=0.00s
[20.837s][info][gc,marking    ] GC(1247) Concurrent Rebuild Remembered Sets
[20.843s][info][gc,marking    ] GC(1247) Concurrent Rebuild Remembered Sets 5.515ms
[20.843s][info][gc,start      ] GC(1247) Pause Cleanup
[20.843s][info][gc            ] GC(1247) Pause Cleanup 2838M->2838M(2899M) 0.441ms
[20.843s][info][gc,cpu        ] GC(1247) User=0.00s Sys=0.00s Real=0.00s
[20.844s][info][gc,marking    ] GC(1247) Concurrent Cleanup for Next Mark
[20.847s][info][gc,marking    ] GC(1247) Concurrent Cleanup for Next Mark 3.772ms
[20.847s][info][gc            ] GC(1247) Concurrent Cycle 18.109ms
[20.854s][info][gc,start      ] GC(1248) Pause Young (Concurrent Start) (G1 Humongous Allocation)
[20.854s][info][gc,task       ] GC(1248) Using 8 workers of 8 for evacuation
[20.855s][info][gc,phases     ] GC(1248)   Pre Evacuate Collection Set: 0.7ms
[20.855s][info][gc,phases     ] GC(1248)   Evacuate Collection Set: 0.5ms
[20.855s][info][gc,phases     ] GC(1248)   Post Evacuate Collection Set: 0.1ms
[20.855s][info][gc,phases     ] GC(1248)   Other: 0.3ms
[20.855s][info][gc,heap       ] GC(1248) Eden regions: 4->0(143)
[20.855s][info][gc,heap       ] GC(1248) Survivor regions: 1->1(18)
[20.855s][info][gc,heap       ] GC(1248) Old regions: 27->27
[20.855s][info][gc,heap       ] GC(1248) Humongous regions: 2810->2810
[20.855s][info][gc,metaspace  ] GC(1248) Metaspace: 9862K->9862K(1058816K)
[20.855s][info][gc            ] GC(1248) Pause Young (Concurrent Start) (G1 Humongous Allocation) 2840M->2836M(2899M) 1.715ms
[20.855s][info][gc,cpu        ] GC(1248) User=0.00s Sys=0.00s Real=0.00s
[20.855s][info][gc            ] GC(1249) Concurrent Cycle
[20.855s][info][gc,marking    ] GC(1249) Concurrent Clear Claimed Marks
[20.855s][info][gc,marking    ] GC(1249) Concurrent Clear Claimed Marks 0.012ms
[20.855s][info][gc,marking    ] GC(1249) Concurrent Scan Root Regions
[20.855s][info][gc,marking    ] GC(1249) Concurrent Scan Root Regions 0.050ms
[20.855s][info][gc,marking    ] GC(1249) Concurrent Mark (20.855s)
[20.855s][info][gc,marking    ] GC(1249) Concurrent Mark From Roots
[20.855s][info][gc,task       ] GC(1249) Using 2 workers of 2 for marking
[20.861s][info][gc,marking    ] GC(1249) Concurrent Mark From Roots 5.735ms
[20.861s][info][gc,marking    ] GC(1249) Concurrent Preclean
[20.861s][info][gc,marking    ] GC(1249) Concurrent Preclean 0.073ms
[20.861s][info][gc,marking    ] GC(1249) Concurrent Mark (20.855s, 20.861s) 5.871ms
[20.861s][info][gc,start      ] GC(1249) Pause Remark
[20.863s][info][gc,stringtable] GC(1249) Cleaned string and symbol table, strings: 4363 processed, 0 removed, symbols: 36588 processed, 0 removed
[20.863s][info][gc            ] GC(1249) Pause Remark 2840M->2840M(2899M) 1.622ms
[20.863s][info][gc,cpu        ] GC(1249) User=0.01s Sys=0.01s Real=0.00s
[20.863s][info][gc,marking    ] GC(1249) Concurrent Rebuild Remembered Sets
[20.869s][info][gc,marking    ] GC(1249) Concurrent Rebuild Remembered Sets 5.458ms
[20.869s][info][gc,start      ] GC(1249) Pause Cleanup
[20.869s][info][gc            ] GC(1249) Pause Cleanup 2843M->2843M(2899M) 0.310ms
[20.869s][info][gc,cpu        ] GC(1249) User=0.00s Sys=0.00s Real=0.00s
[20.869s][info][gc,marking    ] GC(1249) Concurrent Cleanup for Next Mark
[20.873s][info][gc,marking    ] GC(1249) Concurrent Cleanup for Next Mark 3.438ms
[20.873s][info][gc            ] GC(1249) Concurrent Cycle 17.183ms
[20.877s][info][gc,start      ] GC(1250) Pause Young (Concurrent Start) (G1 Humongous Allocation)
[20.877s][info][gc,task       ] GC(1250) Using 8 workers of 8 for evacuation
[20.879s][info][gc,phases     ] GC(1250)   Pre Evacuate Collection Set: 0.6ms
[20.879s][info][gc,phases     ] GC(1250)   Evacuate Collection Set: 1.1ms
[20.879s][info][gc,phases     ] GC(1250)   Post Evacuate Collection Set: 0.1ms
[20.879s][info][gc,phases     ] GC(1250)   Other: 0.3ms
[20.879s][info][gc,heap       ] GC(1250) Eden regions: 4->0(143)
[20.879s][info][gc,heap       ] GC(1250) Survivor regions: 1->1(18)
[20.879s][info][gc,heap       ] GC(1250) Old regions: 27->27
[20.879s][info][gc,heap       ] GC(1250) Humongous regions: 2814->2814
[20.879s][info][gc,metaspace  ] GC(1250) Metaspace: 9862K->9862K(1058816K)
[20.879s][info][gc            ] GC(1250) Pause Young (Concurrent Start) (G1 Humongous Allocation) 2844M->2840M(2899M) 2.209ms
[20.879s][info][gc,cpu        ] GC(1250) User=0.01s Sys=0.00s Real=0.00s
[20.879s][info][gc            ] GC(1251) Concurrent Cycle
[20.879s][info][gc,marking    ] GC(1251) Concurrent Clear Claimed Marks
[20.879s][info][gc,marking    ] GC(1251) Concurrent Clear Claimed Marks 0.009ms
[20.879s][info][gc,marking    ] GC(1251) Concurrent Scan Root Regions
[20.879s][info][gc,marking    ] GC(1251) Concurrent Scan Root Regions 0.048ms
[20.879s][info][gc,marking    ] GC(1251) Concurrent Mark (20.879s)
[20.879s][info][gc,marking    ] GC(1251) Concurrent Mark From Roots
[20.879s][info][gc,task       ] GC(1251) Using 2 workers of 2 for marking
[20.885s][info][gc,marking    ] GC(1251) Concurrent Mark From Roots 5.746ms
[20.885s][info][gc,marking    ] GC(1251) Concurrent Preclean
[20.885s][info][gc,marking    ] GC(1251) Concurrent Preclean 0.074ms
[20.885s][info][gc,marking    ] GC(1251) Concurrent Mark (20.879s, 20.885s) 5.879ms
[20.885s][info][gc,start      ] GC(1251) Pause Remark
[20.886s][info][gc,stringtable] GC(1251) Cleaned string and symbol table, strings: 4363 processed, 0 removed, symbols: 36588 processed, 0 removed
[20.887s][info][gc            ] GC(1251) Pause Remark 2844M->2844M(2899M) 1.132ms
[20.887s][info][gc,cpu        ] GC(1251) User=0.01s Sys=0.00s Real=0.00s
[20.887s][info][gc,marking    ] GC(1251) Concurrent Rebuild Remembered Sets
[20.892s][info][gc,marking    ] GC(1251) Concurrent Rebuild Remembered Sets 5.287ms
[20.892s][info][gc,start      ] GC(1251) Pause Cleanup
[20.893s][info][gc            ] GC(1251) Pause Cleanup 2846M->2846M(2899M) 0.288ms
[20.893s][info][gc,cpu        ] GC(1251) User=0.00s Sys=0.00s Real=0.00s
[20.893s][info][gc,marking    ] GC(1251) Concurrent Cleanup for Next Mark
[20.896s][info][gc,marking    ] GC(1251) Concurrent Cleanup for Next Mark 3.433ms
[20.896s][info][gc            ] GC(1251) Concurrent Cycle 16.745ms
[20.902s][info][gc,start      ] GC(1252) Pause Young (Concurrent Start) (G1 Humongous Allocation)
[20.903s][info][gc,task       ] GC(1252) Using 8 workers of 8 for evacuation
[20.904s][info][gc,phases     ] GC(1252)   Pre Evacuate Collection Set: 0.6ms
[20.904s][info][gc,phases     ] GC(1252)   Evacuate Collection Set: 0.5ms
[20.904s][info][gc,phases     ] GC(1252)   Post Evacuate Collection Set: 0.1ms
[20.904s][info][gc,phases     ] GC(1252)   Other: 0.3ms
[20.904s][info][gc,heap       ] GC(1252) Eden regions: 4->0(143)
[20.904s][info][gc,heap       ] GC(1252) Survivor regions: 1->1(18)
[20.904s][info][gc,heap       ] GC(1252) Old regions: 27->27
[20.904s][info][gc,heap       ] GC(1252) Humongous regions: 2818->2818
[20.904s][info][gc,metaspace  ] GC(1252) Metaspace: 9862K->9862K(1058816K)
[20.904s][info][gc            ] GC(1252) Pause Young (Concurrent Start) (G1 Humongous Allocation) 2848M->2844M(2899M) 1.677ms
[20.904s][info][gc,cpu        ] GC(1252) User=0.01s Sys=0.00s Real=0.00s
[20.904s][info][gc            ] GC(1253) Concurrent Cycle
[20.904s][info][gc,marking    ] GC(1253) Concurrent Clear Claimed Marks
[20.904s][info][gc,marking    ] GC(1253) Concurrent Clear Claimed Marks 0.014ms
[20.904s][info][gc,marking    ] GC(1253) Concurrent Scan Root Regions
[20.904s][info][gc,marking    ] GC(1253) Concurrent Scan Root Regions 0.059ms
[20.904s][info][gc,marking    ] GC(1253) Concurrent Mark (20.904s)
[20.904s][info][gc,marking    ] GC(1253) Concurrent Mark From Roots
[20.904s][info][gc,task       ] GC(1253) Using 2 workers of 2 for marking
[20.910s][info][gc,marking    ] GC(1253) Concurrent Mark From Roots 5.713ms
[20.910s][info][gc,marking    ] GC(1253) Concurrent Preclean
[20.910s][info][gc,marking    ] GC(1253) Concurrent Preclean 0.072ms
[20.910s][info][gc,marking    ] GC(1253) Concurrent Mark (20.904s, 20.910s) 5.835ms
[20.910s][info][gc,start      ] GC(1253) Pause Remark
[20.912s][info][gc,stringtable] GC(1253) Cleaned string and symbol table, strings: 4363 processed, 0 removed, symbols: 36588 processed, 0 removed
[20.912s][info][gc            ] GC(1253) Pause Remark 2848M->2848M(2899M) 1.601ms
[20.912s][info][gc,cpu        ] GC(1253) User=0.01s Sys=0.00s Real=0.01s
[20.912s][info][gc,marking    ] GC(1253) Concurrent Rebuild Remembered Sets
[20.917s][info][gc,marking    ] GC(1253) Concurrent Rebuild Remembered Sets 5.368ms
[20.918s][info][gc,start      ] GC(1253) Pause Cleanup
[20.918s][info][gc            ] GC(1253) Pause Cleanup 2850M->2850M(2899M) 0.295ms
[20.918s][info][gc,cpu        ] GC(1253) User=0.00s Sys=0.00s Real=0.00s
[20.918s][info][gc,marking    ] GC(1253) Concurrent Cleanup for Next Mark
[20.922s][info][gc,marking    ] GC(1253) Concurrent Cleanup for Next Mark 3.594ms
[20.922s][info][gc            ] GC(1253) Concurrent Cycle 17.407ms
[20.928s][info][gc,start      ] GC(1254) Pause Young (Concurrent Start) (G1 Humongous Allocation)
[20.928s][info][gc,task       ] GC(1254) Using 8 workers of 8 for evacuation
[20.930s][info][gc,phases     ] GC(1254)   Pre Evacuate Collection Set: 0.7ms
[20.930s][info][gc,phases     ] GC(1254)   Evacuate Collection Set: 0.6ms
[20.930s][info][gc,phases     ] GC(1254)   Post Evacuate Collection Set: 0.1ms
[20.930s][info][gc,phases     ] GC(1254)   Other: 0.3ms
[20.930s][info][gc,heap       ] GC(1254) Eden regions: 4->0(143)
[20.930s][info][gc,heap       ] GC(1254) Survivor regions: 1->1(18)
[20.930s][info][gc,heap       ] GC(1254) Old regions: 27->27
[20.930s][info][gc,heap       ] GC(1254) Humongous regions: 2822->2822
[20.930s][info][gc,metaspace  ] GC(1254) Metaspace: 9862K->9862K(1058816K)
[20.930s][info][gc            ] GC(1254) Pause Young (Concurrent Start) (G1 Humongous Allocation) 2852M->2848M(2899M) 1.767ms
[20.930s][info][gc,cpu        ] GC(1254) User=0.01s Sys=0.00s Real=0.00s
[20.930s][info][gc            ] GC(1255) Concurrent Cycle
[20.930s][info][gc,marking    ] GC(1255) Concurrent Clear Claimed Marks
[20.930s][info][gc,marking    ] GC(1255) Concurrent Clear Claimed Marks 0.013ms
[20.930s][info][gc,marking    ] GC(1255) Concurrent Scan Root Regions
[20.930s][info][gc,marking    ] GC(1255) Concurrent Scan Root Regions 0.065ms
[20.930s][info][gc,marking    ] GC(1255) Concurrent Mark (20.930s)
[20.930s][info][gc,marking    ] GC(1255) Concurrent Mark From Roots
[20.930s][info][gc,task       ] GC(1255) Using 2 workers of 2 for marking
[20.936s][info][gc,marking    ] GC(1255) Concurrent Mark From Roots 5.647ms
[20.936s][info][gc,marking    ] GC(1255) Concurrent Preclean
[20.936s][info][gc,marking    ] GC(1255) Concurrent Preclean 0.070ms
[20.936s][info][gc,marking    ] GC(1255) Concurrent Mark (20.930s, 20.936s) 5.770ms
[20.936s][info][gc,start      ] GC(1255) Pause Remark
[20.937s][info][gc,stringtable] GC(1255) Cleaned string and symbol table, strings: 4363 processed, 0 removed, symbols: 36588 processed, 0 removed
[20.938s][info][gc            ] GC(1255) Pause Remark 2852M->2852M(2899M) 1.762ms
[20.938s][info][gc,cpu        ] GC(1255) User=0.01s Sys=0.00s Real=0.00s
[20.938s][info][gc,marking    ] GC(1255) Concurrent Rebuild Remembered Sets
[20.943s][info][gc,marking    ] GC(1255) Concurrent Rebuild Remembered Sets 5.383ms
[20.943s][info][gc,start      ] GC(1255) Pause Cleanup
[20.944s][info][gc            ] GC(1255) Pause Cleanup 2854M->2854M(2899M) 0.310ms
[20.944s][info][gc,cpu        ] GC(1255) User=0.00s Sys=0.00s Real=0.00s
[20.944s][info][gc,marking    ] GC(1255) Concurrent Cleanup for Next Mark
[20.947s][info][gc,marking    ] GC(1255) Concurrent Cleanup for Next Mark 3.673ms
[20.947s][info][gc            ] GC(1255) Concurrent Cycle 17.692ms
[20.954s][info][gc,start      ] GC(1256) Pause Young (Concurrent Start) (G1 Humongous Allocation)
[20.954s][info][gc,task       ] GC(1256) Using 8 workers of 8 for evacuation
[20.955s][info][gc,phases     ] GC(1256)   Pre Evacuate Collection Set: 0.7ms
[20.955s][info][gc,phases     ] GC(1256)   Evacuate Collection Set: 0.6ms
[20.955s][info][gc,phases     ] GC(1256)   Post Evacuate Collection Set: 0.1ms
[20.955s][info][gc,phases     ] GC(1256)   Other: 0.3ms
[20.955s][info][gc,heap       ] GC(1256) Eden regions: 4->0(143)
[20.955s][info][gc,heap       ] GC(1256) Survivor regions: 1->1(18)
[20.955s][info][gc,heap       ] GC(1256) Old regions: 27->27
[20.955s][info][gc,heap       ] GC(1256) Humongous regions: 2826->2826
[20.955s][info][gc,metaspace  ] GC(1256) Metaspace: 9862K->9862K(1058816K)
[20.955s][info][gc            ] GC(1256) Pause Young (Concurrent Start) (G1 Humongous Allocation) 2856M->2852M(2899M) 1.747ms
[20.955s][info][gc,cpu        ] GC(1256) User=0.00s Sys=0.00s Real=0.00s
[20.955s][info][gc            ] GC(1257) Concurrent Cycle
[20.955s][info][gc,marking    ] GC(1257) Concurrent Clear Claimed Marks
[20.955s][info][gc,marking    ] GC(1257) Concurrent Clear Claimed Marks 0.014ms
[20.956s][info][gc,marking    ] GC(1257) Concurrent Scan Root Regions
[20.956s][info][gc,marking    ] GC(1257) Concurrent Scan Root Regions 0.049ms
[20.956s][info][gc,marking    ] GC(1257) Concurrent Mark (20.956s)
[20.956s][info][gc,marking    ] GC(1257) Concurrent Mark From Roots
[20.956s][info][gc,task       ] GC(1257) Using 2 workers of 2 for marking
[20.961s][info][gc,marking    ] GC(1257) Concurrent Mark From Roots 5.774ms
[20.961s][info][gc,marking    ] GC(1257) Concurrent Preclean
[20.961s][info][gc,marking    ] GC(1257) Concurrent Preclean 0.073ms
[20.961s][info][gc,marking    ] GC(1257) Concurrent Mark (20.956s, 20.961s) 5.910ms
[20.962s][info][gc,start      ] GC(1257) Pause Remark
[20.963s][info][gc,stringtable] GC(1257) Cleaned string and symbol table, strings: 4363 processed, 0 removed, symbols: 36588 processed, 0 removed
[20.963s][info][gc            ] GC(1257) Pause Remark 2856M->2856M(2899M) 1.738ms
[20.963s][info][gc,cpu        ] GC(1257) User=0.00s Sys=0.00s Real=0.00s
[20.963s][info][gc,marking    ] GC(1257) Concurrent Rebuild Remembered Sets
[20.969s][info][gc,marking    ] GC(1257) Concurrent Rebuild Remembered Sets 5.409ms
[20.969s][info][gc,start      ] GC(1257) Pause Cleanup
[20.969s][info][gc            ] GC(1257) Pause Cleanup 2858M->2858M(2899M) 0.305ms
[20.969s][info][gc,cpu        ] GC(1257) User=0.00s Sys=0.00s Real=0.00s
[20.969s][info][gc,marking    ] GC(1257) Concurrent Cleanup for Next Mark
[20.973s][info][gc,marking    ] GC(1257) Concurrent Cleanup for Next Mark 3.437ms
[20.973s][info][gc            ] GC(1257) Concurrent Cycle 17.383ms
[20.979s][info][gc,start      ] GC(1258) Pause Young (Concurrent Start) (G1 Humongous Allocation)
[20.979s][info][gc,task       ] GC(1258) Using 8 workers of 8 for evacuation
[20.981s][info][gc,phases     ] GC(1258)   Pre Evacuate Collection Set: 0.7ms
[20.981s][info][gc,phases     ] GC(1258)   Evacuate Collection Set: 0.7ms
[20.981s][info][gc,phases     ] GC(1258)   Post Evacuate Collection Set: 0.1ms
[20.981s][info][gc,phases     ] GC(1258)   Other: 0.3ms
[20.981s][info][gc,heap       ] GC(1258) Eden regions: 4->0(143)
[20.981s][info][gc,heap       ] GC(1258) Survivor regions: 1->1(18)
[20.981s][info][gc,heap       ] GC(1258) Old regions: 27->27
[20.981s][info][gc,heap       ] GC(1258) Humongous regions: 2830->2830
[20.981s][info][gc,metaspace  ] GC(1258) Metaspace: 9862K->9862K(1058816K)
[20.981s][info][gc            ] GC(1258) Pause Young (Concurrent Start) (G1 Humongous Allocation) 2860M->2856M(2899M) 1.859ms
[20.981s][info][gc,cpu        ] GC(1258) User=0.00s Sys=0.00s Real=0.00s
[20.981s][info][gc            ] GC(1259) Concurrent Cycle
[20.981s][info][gc,marking    ] GC(1259) Concurrent Clear Claimed Marks
[20.981s][info][gc,marking    ] GC(1259) Concurrent Clear Claimed Marks 0.013ms
[20.981s][info][gc,marking    ] GC(1259) Concurrent Scan Root Regions
[20.981s][info][gc,marking    ] GC(1259) Concurrent Scan Root Regions 0.077ms
[20.981s][info][gc,marking    ] GC(1259) Concurrent Mark (20.981s)
[20.981s][info][gc,marking    ] GC(1259) Concurrent Mark From Roots
[20.981s][info][gc,task       ] GC(1259) Using 2 workers of 2 for marking
[20.987s][info][gc,marking    ] GC(1259) Concurrent Mark From Roots 5.533ms
[20.987s][info][gc,marking    ] GC(1259) Concurrent Preclean
[20.987s][info][gc,marking    ] GC(1259) Concurrent Preclean 0.073ms
[20.987s][info][gc,marking    ] GC(1259) Concurrent Mark (20.981s, 20.987s) 5.666ms
[20.987s][info][gc,start      ] GC(1259) Pause Remark
[20.988s][info][gc,stringtable] GC(1259) Cleaned string and symbol table, strings: 4363 processed, 0 removed, symbols: 36588 processed, 0 removed
[20.988s][info][gc            ] GC(1259) Pause Remark 2860M->2860M(2899M) 1.755ms
[20.989s][info][gc,cpu        ] GC(1259) User=0.01s Sys=0.00s Real=0.00s
[20.989s][info][gc,marking    ] GC(1259) Concurrent Rebuild Remembered Sets
[20.994s][info][gc,marking    ] GC(1259) Concurrent Rebuild Remembered Sets 5.272ms
[20.994s][info][gc,start      ] GC(1259) Pause Cleanup
[20.994s][info][gc            ] GC(1259) Pause Cleanup 2862M->2862M(2899M) 0.286ms
[20.995s][info][gc,cpu        ] GC(1259) User=0.00s Sys=0.00s Real=0.00s
[20.995s][info][gc,marking    ] GC(1259) Concurrent Cleanup for Next Mark
[20.998s][info][gc,marking    ] GC(1259) Concurrent Cleanup for Next Mark 3.680ms
[20.998s][info][gc            ] GC(1259) Concurrent Cycle 17.438ms
[21.005s][info][gc,start      ] GC(1260) Pause Young (Concurrent Start) (G1 Humongous Allocation)
[21.005s][info][gc,task       ] GC(1260) Using 8 workers of 8 for evacuation
[21.006s][info][gc,phases     ] GC(1260)   Pre Evacuate Collection Set: 0.6ms
[21.006s][info][gc,phases     ] GC(1260)   Evacuate Collection Set: 0.5ms
[21.006s][info][gc,phases     ] GC(1260)   Post Evacuate Collection Set: 0.1ms
[21.006s][info][gc,phases     ] GC(1260)   Other: 0.3ms
[21.006s][info][gc,heap       ] GC(1260) Eden regions: 4->0(143)
[21.006s][info][gc,heap       ] GC(1260) Survivor regions: 1->1(18)
[21.006s][info][gc,heap       ] GC(1260) Old regions: 27->27
[21.006s][info][gc,heap       ] GC(1260) Humongous regions: 2834->2834
[21.006s][info][gc,metaspace  ] GC(1260) Metaspace: 9862K->9862K(1058816K)
[21.006s][info][gc            ] GC(1260) Pause Young (Concurrent Start) (G1 Humongous Allocation) 2864M->2860M(2899M) 1.619ms
[21.006s][info][gc,cpu        ] GC(1260) User=0.00s Sys=0.00s Real=0.00s
[21.006s][info][gc            ] GC(1261) Concurrent Cycle
[21.006s][info][gc,marking    ] GC(1261) Concurrent Clear Claimed Marks
[21.006s][info][gc,marking    ] GC(1261) Concurrent Clear Claimed Marks 0.009ms
[21.006s][info][gc,marking    ] GC(1261) Concurrent Scan Root Regions
[21.006s][info][gc,marking    ] GC(1261) Concurrent Scan Root Regions 0.052ms
[21.006s][info][gc,marking    ] GC(1261) Concurrent Mark (21.006s)
[21.006s][info][gc,marking    ] GC(1261) Concurrent Mark From Roots
[21.006s][info][gc,task       ] GC(1261) Using 2 workers of 2 for marking
[21.012s][info][gc,marking    ] GC(1261) Concurrent Mark From Roots 5.706ms
[21.012s][info][gc,marking    ] GC(1261) Concurrent Preclean
[21.012s][info][gc,marking    ] GC(1261) Concurrent Preclean 0.085ms
[21.012s][info][gc,marking    ] GC(1261) Concurrent Mark (21.006s, 21.012s) 5.857ms
[21.012s][info][gc,start      ] GC(1261) Pause Remark
[21.014s][info][gc,stringtable] GC(1261) Cleaned string and symbol table, strings: 4363 processed, 0 removed, symbols: 36588 processed, 0 removed
[21.014s][info][gc            ] GC(1261) Pause Remark 2864M->2864M(2899M) 1.736ms
[21.014s][info][gc,cpu        ] GC(1261) User=0.01s Sys=0.00s Real=0.00s
[21.014s][info][gc,marking    ] GC(1261) Concurrent Rebuild Remembered Sets
[21.019s][info][gc,marking    ] GC(1261) Concurrent Rebuild Remembered Sets 5.385ms
[21.020s][info][gc,start      ] GC(1261) Pause Cleanup
[21.021s][info][gc            ] GC(1261) Pause Cleanup 2866M->2866M(2899M) 0.345ms
[21.021s][info][gc,cpu        ] GC(1261) User=0.00s Sys=0.00s Real=0.00s
[21.021s][info][gc,marking    ] GC(1261) Concurrent Cleanup for Next Mark
[21.025s][info][gc,marking    ] GC(1261) Concurrent Cleanup for Next Mark 4.329ms
[21.025s][info][gc            ] GC(1261) Concurrent Cycle 18.924ms
[21.033s][info][gc,start      ] GC(1262) Pause Young (Concurrent Start) (G1 Humongous Allocation)
[21.033s][info][gc,task       ] GC(1262) Using 8 workers of 8 for evacuation
[21.035s][info][gc,phases     ] GC(1262)   Pre Evacuate Collection Set: 0.7ms
[21.035s][info][gc,phases     ] GC(1262)   Evacuate Collection Set: 0.5ms
[21.035s][info][gc,phases     ] GC(1262)   Post Evacuate Collection Set: 0.1ms
[21.035s][info][gc,phases     ] GC(1262)   Other: 0.3ms
[21.035s][info][gc,heap       ] GC(1262) Eden regions: 4->0(143)
[21.035s][info][gc,heap       ] GC(1262) Survivor regions: 1->1(18)
[21.035s][info][gc,heap       ] GC(1262) Old regions: 27->27
[21.035s][info][gc,heap       ] GC(1262) Humongous regions: 2838->2838
[21.035s][info][gc,metaspace  ] GC(1262) Metaspace: 9862K->9862K(1058816K)
[21.035s][info][gc            ] GC(1262) Pause Young (Concurrent Start) (G1 Humongous Allocation) 2868M->2864M(2899M) 1.669ms
[21.035s][info][gc,cpu        ] GC(1262) User=0.01s Sys=0.00s Real=0.00s
[21.035s][info][gc            ] GC(1263) Concurrent Cycle
[21.035s][info][gc,marking    ] GC(1263) Concurrent Clear Claimed Marks
[21.035s][info][gc,marking    ] GC(1263) Concurrent Clear Claimed Marks 0.014ms
[21.035s][info][gc,marking    ] GC(1263) Concurrent Scan Root Regions
[21.035s][info][gc,marking    ] GC(1263) Concurrent Scan Root Regions 0.068ms
[21.035s][info][gc,marking    ] GC(1263) Concurrent Mark (21.035s)
[21.035s][info][gc,marking    ] GC(1263) Concurrent Mark From Roots
[21.035s][info][gc,task       ] GC(1263) Using 2 workers of 2 for marking
[21.040s][info][gc,marking    ] GC(1263) Concurrent Mark From Roots 5.536ms
[21.040s][info][gc,marking    ] GC(1263) Concurrent Preclean
[21.040s][info][gc,marking    ] GC(1263) Concurrent Preclean 0.072ms
[21.040s][info][gc,marking    ] GC(1263) Concurrent Mark (21.035s, 21.040s) 5.663ms
[21.041s][info][gc,start      ] GC(1263) Pause Remark
[21.041s][info][gc,stringtable] GC(1263) Cleaned string and symbol table, strings: 4363 processed, 0 removed, symbols: 36588 processed, 0 removed
[21.042s][info][gc            ] GC(1263) Pause Remark 2868M->2868M(2899M) 1.245ms
[21.042s][info][gc,cpu        ] GC(1263) User=0.01s Sys=0.00s Real=0.01s
[21.042s][info][gc,marking    ] GC(1263) Concurrent Rebuild Remembered Sets
[21.048s][info][gc,marking    ] GC(1263) Concurrent Rebuild Remembered Sets 5.702ms
[21.048s][info][gc,start      ] GC(1263) Pause Cleanup
[21.048s][info][gc            ] GC(1263) Pause Cleanup 2870M->2870M(2899M) 0.393ms
[21.048s][info][gc,cpu        ] GC(1263) User=0.00s Sys=0.00s Real=0.00s
[21.048s][info][gc,marking    ] GC(1263) Concurrent Cleanup for Next Mark
[21.052s][info][gc,marking    ] GC(1263) Concurrent Cleanup for Next Mark 3.419ms
[21.052s][info][gc            ] GC(1263) Concurrent Cycle 17.214ms
[21.058s][info][gc,start      ] GC(1264) Pause Young (Concurrent Start) (G1 Humongous Allocation)
[21.058s][info][gc,task       ] GC(1264) Using 8 workers of 8 for evacuation
[21.060s][info][gc,phases     ] GC(1264)   Pre Evacuate Collection Set: 0.8ms
[21.061s][info][gc,phases     ] GC(1264)   Evacuate Collection Set: 1.2ms
[21.061s][info][gc,phases     ] GC(1264)   Post Evacuate Collection Set: 0.1ms
[21.061s][info][gc,phases     ] GC(1264)   Other: 0.3ms
[21.061s][info][gc,heap       ] GC(1264) Eden regions: 4->0(143)
[21.061s][info][gc,heap       ] GC(1264) Survivor regions: 1->1(18)
[21.061s][info][gc,heap       ] GC(1264) Old regions: 27->27
[21.061s][info][gc,heap       ] GC(1264) Humongous regions: 2842->2842
[21.061s][info][gc,metaspace  ] GC(1264) Metaspace: 9862K->9862K(1058816K)
[21.061s][info][gc            ] GC(1264) Pause Young (Concurrent Start) (G1 Humongous Allocation) 2872M->2868M(2899M) 2.592ms
[21.061s][info][gc,cpu        ] GC(1264) User=0.01s Sys=0.00s Real=0.00s
[21.061s][info][gc            ] GC(1265) Concurrent Cycle
[21.061s][info][gc,marking    ] GC(1265) Concurrent Clear Claimed Marks
[21.061s][info][gc,marking    ] GC(1265) Concurrent Clear Claimed Marks 0.014ms
[21.061s][info][gc,marking    ] GC(1265) Concurrent Scan Root Regions
[21.061s][info][gc,marking    ] GC(1265) Concurrent Scan Root Regions 0.076ms
[21.061s][info][gc,marking    ] GC(1265) Concurrent Mark (21.061s)
[21.061s][info][gc,marking    ] GC(1265) Concurrent Mark From Roots
[21.061s][info][gc,task       ] GC(1265) Using 2 workers of 2 for marking
[21.067s][info][gc,marking    ] GC(1265) Concurrent Mark From Roots 6.179ms
[21.067s][info][gc,marking    ] GC(1265) Concurrent Preclean
[21.067s][info][gc,marking    ] GC(1265) Concurrent Preclean 0.079ms
[21.067s][info][gc,marking    ] GC(1265) Concurrent Mark (21.061s, 21.067s) 6.326ms
[21.067s][info][gc,start      ] GC(1265) Pause Remark
[21.068s][info][gc,stringtable] GC(1265) Cleaned string and symbol table, strings: 4363 processed, 0 removed, symbols: 36588 processed, 0 removed
[21.068s][info][gc            ] GC(1265) Pause Remark 2872M->2872M(2899M) 1.146ms
[21.068s][info][gc,cpu        ] GC(1265) User=0.00s Sys=0.00s Real=0.00s
[21.068s][info][gc,marking    ] GC(1265) Concurrent Rebuild Remembered Sets
[21.074s][info][gc,marking    ] GC(1265) Concurrent Rebuild Remembered Sets 5.267ms
[21.074s][info][gc,start      ] GC(1265) Pause Cleanup
[21.074s][info][gc            ] GC(1265) Pause Cleanup 2874M->2874M(2899M) 0.285ms
[21.074s][info][gc,cpu        ] GC(1265) User=0.00s Sys=0.00s Real=0.00s
[21.074s][info][gc,marking    ] GC(1265) Concurrent Cleanup for Next Mark
[21.078s][info][gc,marking    ] GC(1265) Concurrent Cleanup for Next Mark 3.739ms
[21.078s][info][gc            ] GC(1265) Concurrent Cycle 17.591ms
[21.084s][info][gc,start      ] GC(1266) Pause Young (Concurrent Start) (G1 Humongous Allocation)
[21.084s][info][gc,task       ] GC(1266) Using 8 workers of 8 for evacuation
[21.086s][info][gc,phases     ] GC(1266)   Pre Evacuate Collection Set: 0.7ms
[21.086s][info][gc,phases     ] GC(1266)   Evacuate Collection Set: 0.6ms
[21.086s][info][gc,phases     ] GC(1266)   Post Evacuate Collection Set: 0.1ms
[21.086s][info][gc,phases     ] GC(1266)   Other: 0.4ms
[21.086s][info][gc,heap       ] GC(1266) Eden regions: 4->0(143)
[21.086s][info][gc,heap       ] GC(1266) Survivor regions: 1->1(18)
[21.086s][info][gc,heap       ] GC(1266) Old regions: 27->27
[21.086s][info][gc,heap       ] GC(1266) Humongous regions: 2846->2846
[21.086s][info][gc,metaspace  ] GC(1266) Metaspace: 9862K->9862K(1058816K)
[21.086s][info][gc            ] GC(1266) Pause Young (Concurrent Start) (G1 Humongous Allocation) 2876M->2872M(2899M) 1.905ms
[21.086s][info][gc,cpu        ] GC(1266) User=0.00s Sys=0.00s Real=0.00s
[21.086s][info][gc            ] GC(1267) Concurrent Cycle
[21.086s][info][gc,marking    ] GC(1267) Concurrent Clear Claimed Marks
[21.086s][info][gc,marking    ] GC(1267) Concurrent Clear Claimed Marks 0.011ms
[21.086s][info][gc,marking    ] GC(1267) Concurrent Scan Root Regions
[21.086s][info][gc,marking    ] GC(1267) Concurrent Scan Root Regions 0.052ms
[21.086s][info][gc,marking    ] GC(1267) Concurrent Mark (21.086s)
[21.086s][info][gc,marking    ] GC(1267) Concurrent Mark From Roots
[21.086s][info][gc,task       ] GC(1267) Using 2 workers of 2 for marking
[21.092s][info][gc,marking    ] GC(1267) Concurrent Mark From Roots 5.609ms
[21.092s][info][gc,marking    ] GC(1267) Concurrent Preclean
[21.092s][info][gc,marking    ] GC(1267) Concurrent Preclean 0.083ms
[21.092s][info][gc,marking    ] GC(1267) Concurrent Mark (21.086s, 21.092s) 5.785ms
[21.092s][info][gc,start      ] GC(1267) Pause Remark
[21.093s][info][gc,stringtable] GC(1267) Cleaned string and symbol table, strings: 4363 processed, 0 removed, symbols: 36588 processed, 0 removed
[21.093s][info][gc            ] GC(1267) Pause Remark 2876M->2876M(2899M) 1.000ms
[21.093s][info][gc,cpu        ] GC(1267) User=0.00s Sys=0.00s Real=0.00s
[21.093s][info][gc,marking    ] GC(1267) Concurrent Rebuild Remembered Sets
[21.099s][info][gc,marking    ] GC(1267) Concurrent Rebuild Remembered Sets 5.420ms
[21.099s][info][gc,start      ] GC(1267) Pause Cleanup
[21.099s][info][gc            ] GC(1267) Pause Cleanup 2878M->2878M(2899M) 0.337ms
[21.099s][info][gc,cpu        ] GC(1267) User=0.00s Sys=0.00s Real=0.00s
[21.099s][info][gc,marking    ] GC(1267) Concurrent Cleanup for Next Mark
[21.103s][info][gc,marking    ] GC(1267) Concurrent Cleanup for Next Mark 3.425ms
[21.103s][info][gc            ] GC(1267) Concurrent Cycle 16.624ms
[21.109s][info][gc,start      ] GC(1268) Pause Young (Concurrent Start) (G1 Humongous Allocation)
[21.109s][info][gc,task       ] GC(1268) Using 8 workers of 8 for evacuation
[21.110s][info][gc,phases     ] GC(1268)   Pre Evacuate Collection Set: 0.6ms
[21.110s][info][gc,phases     ] GC(1268)   Evacuate Collection Set: 0.5ms
[21.110s][info][gc,phases     ] GC(1268)   Post Evacuate Collection Set: 0.1ms
[21.111s][info][gc,phases     ] GC(1268)   Other: 0.2ms
[21.111s][info][gc,heap       ] GC(1268) Eden regions: 4->0(143)
[21.111s][info][gc,heap       ] GC(1268) Survivor regions: 1->1(18)
[21.111s][info][gc,heap       ] GC(1268) Old regions: 27->27
[21.111s][info][gc,heap       ] GC(1268) Humongous regions: 2850->2850
[21.111s][info][gc,metaspace  ] GC(1268) Metaspace: 9862K->9862K(1058816K)
[21.111s][info][gc            ] GC(1268) Pause Young (Concurrent Start) (G1 Humongous Allocation) 2880M->2876M(2899M) 1.584ms
[21.111s][info][gc,cpu        ] GC(1268) User=0.00s Sys=0.00s Real=0.00s
[21.111s][info][gc            ] GC(1269) Concurrent Cycle
[21.111s][info][gc,marking    ] GC(1269) Concurrent Clear Claimed Marks
[21.111s][info][gc,marking    ] GC(1269) Concurrent Clear Claimed Marks 0.012ms
[21.111s][info][gc,marking    ] GC(1269) Concurrent Scan Root Regions
[21.111s][info][gc,marking    ] GC(1269) Concurrent Scan Root Regions 0.052ms
[21.111s][info][gc,marking    ] GC(1269) Concurrent Mark (21.111s)
[21.111s][info][gc,marking    ] GC(1269) Concurrent Mark From Roots
[21.111s][info][gc,task       ] GC(1269) Using 2 workers of 2 for marking
[21.117s][info][gc,marking    ] GC(1269) Concurrent Mark From Roots 5.909ms
[21.117s][info][gc,marking    ] GC(1269) Concurrent Preclean
[21.117s][info][gc,marking    ] GC(1269) Concurrent Preclean 0.079ms
[21.117s][info][gc,marking    ] GC(1269) Concurrent Mark (21.111s, 21.117s) 6.052ms
[21.117s][info][gc,start      ] GC(1269) Pause Remark
[21.118s][info][gc,stringtable] GC(1269) Cleaned string and symbol table, strings: 4363 processed, 0 removed, symbols: 36588 processed, 0 removed
[21.118s][info][gc            ] GC(1269) Pause Remark 2880M->2880M(2899M) 1.014ms
[21.118s][info][gc,cpu        ] GC(1269) User=0.00s Sys=0.00s Real=0.00s
[21.118s][info][gc,marking    ] GC(1269) Concurrent Rebuild Remembered Sets
[21.124s][info][gc,marking    ] GC(1269) Concurrent Rebuild Remembered Sets 5.608ms
[21.124s][info][gc,start      ] GC(1269) Pause Cleanup
[21.124s][info][gc            ] GC(1269) Pause Cleanup 2882M->2882M(2899M) 0.289ms
[21.124s][info][gc,cpu        ] GC(1269) User=0.00s Sys=0.00s Real=0.00s
[21.124s][info][gc,marking    ] GC(1269) Concurrent Cleanup for Next Mark
[21.128s][info][gc,marking    ] GC(1269) Concurrent Cleanup for Next Mark 3.666ms
[21.128s][info][gc            ] GC(1269) Concurrent Cycle 17.149ms
[21.135s][info][gc,start      ] GC(1270) Pause Young (Concurrent Start) (G1 Humongous Allocation)
[21.136s][info][gc,task       ] GC(1270) Using 8 workers of 8 for evacuation
[21.138s][info][gc,phases     ] GC(1270)   Pre Evacuate Collection Set: 0.9ms
[21.138s][info][gc,phases     ] GC(1270)   Evacuate Collection Set: 0.6ms
[21.138s][info][gc,phases     ] GC(1270)   Post Evacuate Collection Set: 0.2ms
[21.138s][info][gc,phases     ] GC(1270)   Other: 0.4ms
[21.138s][info][gc,heap       ] GC(1270) Eden regions: 4->0(143)
[21.138s][info][gc,heap       ] GC(1270) Survivor regions: 1->1(18)
[21.138s][info][gc,heap       ] GC(1270) Old regions: 27->27
[21.138s][info][gc,heap       ] GC(1270) Humongous regions: 2854->2854
[21.138s][info][gc,metaspace  ] GC(1270) Metaspace: 9862K->9862K(1058816K)
[21.138s][info][gc            ] GC(1270) Pause Young (Concurrent Start) (G1 Humongous Allocation) 2884M->2880M(2899M) 2.173ms
[21.138s][info][gc,cpu        ] GC(1270) User=0.00s Sys=0.00s Real=0.00s
[21.138s][info][gc            ] GC(1271) Concurrent Cycle
[21.138s][info][gc,marking    ] GC(1271) Concurrent Clear Claimed Marks
[21.138s][info][gc,marking    ] GC(1271) Concurrent Clear Claimed Marks 0.012ms
[21.138s][info][gc,marking    ] GC(1271) Concurrent Scan Root Regions
[21.138s][info][gc,marking    ] GC(1271) Concurrent Scan Root Regions 0.052ms
[21.138s][info][gc,marking    ] GC(1271) Concurrent Mark (21.138s)
[21.138s][info][gc,marking    ] GC(1271) Concurrent Mark From Roots
[21.138s][info][gc,task       ] GC(1271) Using 2 workers of 2 for marking
[21.144s][info][gc,marking    ] GC(1271) Concurrent Mark From Roots 6.121ms
[21.144s][info][gc,marking    ] GC(1271) Concurrent Preclean
[21.144s][info][gc,marking    ] GC(1271) Concurrent Preclean 0.095ms
[21.144s][info][gc,marking    ] GC(1271) Concurrent Mark (21.138s, 21.144s) 6.275ms
[21.144s][info][gc,start      ] GC(1271) Pause Remark
[21.145s][info][gc,stringtable] GC(1271) Cleaned string and symbol table, strings: 4363 processed, 0 removed, symbols: 36588 processed, 0 removed
[21.145s][info][gc            ] GC(1271) Pause Remark 2884M->2884M(2899M) 1.103ms
[21.145s][info][gc,cpu        ] GC(1271) User=0.01s Sys=0.00s Real=0.00s
[21.145s][info][gc,marking    ] GC(1271) Concurrent Rebuild Remembered Sets
[21.151s][info][gc,marking    ] GC(1271) Concurrent Rebuild Remembered Sets 5.789ms
[21.152s][info][gc,start      ] GC(1271) Pause Cleanup
[21.152s][info][gc            ] GC(1271) Pause Cleanup 2886M->2886M(2899M) 0.392ms
[21.152s][info][gc,cpu        ] GC(1271) User=0.00s Sys=0.00s Real=0.00s
[21.152s][info][gc,marking    ] GC(1271) Concurrent Cleanup for Next Mark
[21.156s][info][gc,marking    ] GC(1271) Concurrent Cleanup for Next Mark 3.760ms
[21.156s][info][gc            ] GC(1271) Concurrent Cycle 18.178ms
[21.162s][info][gc,start      ] GC(1272) Pause Young (Concurrent Start) (G1 Humongous Allocation)
[21.162s][info][gc,task       ] GC(1272) Using 8 workers of 8 for evacuation
[21.165s][info][gc,phases     ] GC(1272)   Pre Evacuate Collection Set: 0.7ms
[21.165s][info][gc,phases     ] GC(1272)   Evacuate Collection Set: 1.1ms
[21.165s][info][gc,phases     ] GC(1272)   Post Evacuate Collection Set: 0.1ms
[21.165s][info][gc,phases     ] GC(1272)   Other: 0.3ms
[21.165s][info][gc,heap       ] GC(1272) Eden regions: 4->0(143)
[21.165s][info][gc,heap       ] GC(1272) Survivor regions: 1->1(18)
[21.165s][info][gc,heap       ] GC(1272) Old regions: 27->27
[21.165s][info][gc,heap       ] GC(1272) Humongous regions: 2858->2858
[21.165s][info][gc,metaspace  ] GC(1272) Metaspace: 9862K->9862K(1058816K)
[21.165s][info][gc            ] GC(1272) Pause Young (Concurrent Start) (G1 Humongous Allocation) 2888M->2884M(2899M) 2.361ms
[21.165s][info][gc,cpu        ] GC(1272) User=0.01s Sys=0.00s Real=0.00s
[21.165s][info][gc            ] GC(1273) Concurrent Cycle
[21.165s][info][gc,marking    ] GC(1273) Concurrent Clear Claimed Marks
[21.165s][info][gc,marking    ] GC(1273) Concurrent Clear Claimed Marks 0.014ms
[21.165s][info][gc,marking    ] GC(1273) Concurrent Scan Root Regions
[21.165s][info][gc,marking    ] GC(1273) Concurrent Scan Root Regions 0.054ms
[21.165s][info][gc,marking    ] GC(1273) Concurrent Mark (21.165s)
[21.165s][info][gc,marking    ] GC(1273) Concurrent Mark From Roots
[21.165s][info][gc,task       ] GC(1273) Using 2 workers of 2 for marking
[21.171s][info][gc,marking    ] GC(1273) Concurrent Mark From Roots 6.273ms
[21.171s][info][gc,marking    ] GC(1273) Concurrent Preclean
[21.171s][info][gc,marking    ] GC(1273) Concurrent Preclean 0.080ms
[21.171s][info][gc,marking    ] GC(1273) Concurrent Mark (21.165s, 21.171s) 6.410ms
[21.171s][info][gc,start      ] GC(1273) Pause Remark
[21.172s][info][gc,stringtable] GC(1273) Cleaned string and symbol table, strings: 4363 processed, 0 removed, symbols: 36588 processed, 0 removed
[21.172s][info][gc            ] GC(1273) Pause Remark 2888M->2888M(2899M) 1.079ms
[21.172s][info][gc,cpu        ] GC(1273) User=0.00s Sys=0.00s Real=0.00s
[21.173s][info][gc,marking    ] GC(1273) Concurrent Rebuild Remembered Sets
[21.178s][info][gc,marking    ] GC(1273) Concurrent Rebuild Remembered Sets 5.310ms
[21.178s][info][gc,start      ] GC(1273) Pause Cleanup
[21.178s][info][gc            ] GC(1273) Pause Cleanup 2890M->2890M(2901M) 0.344ms
[21.178s][info][gc,cpu        ] GC(1273) User=0.00s Sys=0.00s Real=0.00s
[21.178s][info][gc,marking    ] GC(1273) Concurrent Cleanup for Next Mark
[21.182s][info][gc,marking    ] GC(1273) Concurrent Cleanup for Next Mark 4.049ms
[21.182s][info][gc            ] GC(1273) Concurrent Cycle 17.678ms
[21.189s][info][gc,start      ] GC(1274) Pause Young (Concurrent Start) (G1 Humongous Allocation)
[21.189s][info][gc,task       ] GC(1274) Using 8 workers of 8 for evacuation
[21.191s][info][gc,phases     ] GC(1274)   Pre Evacuate Collection Set: 0.7ms
[21.191s][info][gc,phases     ] GC(1274)   Evacuate Collection Set: 0.8ms
[21.191s][info][gc,phases     ] GC(1274)   Post Evacuate Collection Set: 0.1ms
[21.191s][info][gc,phases     ] GC(1274)   Other: 0.4ms
[21.191s][info][gc,heap       ] GC(1274) Eden regions: 4->0(144)
[21.191s][info][gc,heap       ] GC(1274) Survivor regions: 1->1(18)
[21.191s][info][gc,heap       ] GC(1274) Old regions: 27->27
[21.191s][info][gc,heap       ] GC(1274) Humongous regions: 2862->2862
[21.191s][info][gc,metaspace  ] GC(1274) Metaspace: 9862K->9862K(1058816K)
[21.191s][info][gc            ] GC(1274) Pause Young (Concurrent Start) (G1 Humongous Allocation) 2892M->2888M(2901M) 2.130ms
[21.191s][info][gc,cpu        ] GC(1274) User=0.00s Sys=0.00s Real=0.00s
[21.191s][info][gc            ] GC(1275) Concurrent Cycle
[21.191s][info][gc,marking    ] GC(1275) Concurrent Clear Claimed Marks
[21.191s][info][gc,marking    ] GC(1275) Concurrent Clear Claimed Marks 0.014ms
[21.191s][info][gc,marking    ] GC(1275) Concurrent Scan Root Regions
[21.191s][info][gc,marking    ] GC(1275) Concurrent Scan Root Regions 0.051ms
[21.191s][info][gc,marking    ] GC(1275) Concurrent Mark (21.191s)
[21.191s][info][gc,marking    ] GC(1275) Concurrent Mark From Roots
[21.191s][info][gc,task       ] GC(1275) Using 2 workers of 2 for marking
[21.197s][info][gc,marking    ] GC(1275) Concurrent Mark From Roots 6.009ms
[21.197s][info][gc,marking    ] GC(1275) Concurrent Preclean
[21.197s][info][gc,marking    ] GC(1275) Concurrent Preclean 0.131ms
[21.197s][info][gc,marking    ] GC(1275) Concurrent Mark (21.191s, 21.197s) 6.229ms
[21.197s][info][gc,start      ] GC(1275) Pause Remark
[21.198s][info][gc,stringtable] GC(1275) Cleaned string and symbol table, strings: 4363 processed, 0 removed, symbols: 36588 processed, 0 removed
[21.198s][info][gc            ] GC(1275) Pause Remark 2892M->2892M(2901M) 1.033ms
[21.198s][info][gc,cpu        ] GC(1275) User=0.01s Sys=0.00s Real=0.00s
[21.198s][info][gc,marking    ] GC(1275) Concurrent Rebuild Remembered Sets
[21.204s][info][gc,marking    ] GC(1275) Concurrent Rebuild Remembered Sets 5.774ms
[21.204s][info][gc,start      ] GC(1275) Pause Cleanup
[21.205s][info][gc            ] GC(1275) Pause Cleanup 2894M->2894M(2903M) 0.374ms
[21.205s][info][gc,cpu        ] GC(1275) User=0.00s Sys=0.00s Real=0.00s
[21.205s][info][gc,marking    ] GC(1275) Concurrent Cleanup for Next Mark
[21.208s][info][gc,marking    ] GC(1275) Concurrent Cleanup for Next Mark 3.590ms
[21.208s][info][gc            ] GC(1275) Concurrent Cycle 17.456ms
[21.215s][info][gc,start      ] GC(1276) Pause Young (Concurrent Start) (G1 Humongous Allocation)
[21.215s][info][gc,task       ] GC(1276) Using 8 workers of 8 for evacuation
[21.217s][info][gc,phases     ] GC(1276)   Pre Evacuate Collection Set: 0.7ms
[21.217s][info][gc,phases     ] GC(1276)   Evacuate Collection Set: 1.0ms
[21.217s][info][gc,phases     ] GC(1276)   Post Evacuate Collection Set: 0.1ms
[21.217s][info][gc,phases     ] GC(1276)   Other: 0.3ms
[21.217s][info][gc,heap       ] GC(1276) Eden regions: 4->0(144)
[21.217s][info][gc,heap       ] GC(1276) Survivor regions: 1->1(19)
[21.217s][info][gc,heap       ] GC(1276) Old regions: 27->27
[21.217s][info][gc,heap       ] GC(1276) Humongous regions: 2866->2866
[21.217s][info][gc,metaspace  ] GC(1276) Metaspace: 9862K->9862K(1058816K)
[21.217s][info][gc            ] GC(1276) Pause Young (Concurrent Start) (G1 Humongous Allocation) 2896M->2892M(2903M) 2.273ms
[21.217s][info][gc,cpu        ] GC(1276) User=0.01s Sys=0.00s Real=0.00s
[21.217s][info][gc            ] GC(1277) Concurrent Cycle
[21.217s][info][gc,marking    ] GC(1277) Concurrent Clear Claimed Marks
[21.217s][info][gc,marking    ] GC(1277) Concurrent Clear Claimed Marks 0.010ms
[21.217s][info][gc,marking    ] GC(1277) Concurrent Scan Root Regions
[21.217s][info][gc,marking    ] GC(1277) Concurrent Scan Root Regions 0.059ms
[21.217s][info][gc,marking    ] GC(1277) Concurrent Mark (21.217s)
[21.217s][info][gc,marking    ] GC(1277) Concurrent Mark From Roots
[21.217s][info][gc,task       ] GC(1277) Using 2 workers of 2 for marking
[21.224s][info][gc,marking    ] GC(1277) Concurrent Mark From Roots 7.344ms
[21.224s][info][gc,marking    ] GC(1277) Concurrent Preclean
[21.224s][info][gc,marking    ] GC(1277) Concurrent Preclean 0.102ms
[21.224s][info][gc,marking    ] GC(1277) Concurrent Mark (21.217s, 21.224s) 7.517ms
[21.225s][info][gc,start      ] GC(1277) Pause Remark
[21.225s][info][gc,stringtable] GC(1277) Cleaned string and symbol table, strings: 4363 processed, 0 removed, symbols: 36588 processed, 0 removed
[21.226s][info][gc            ] GC(1277) Pause Remark 2896M->2896M(2905M) 1.273ms
[21.226s][info][gc,cpu        ] GC(1277) User=0.00s Sys=0.00s Real=0.00s
[21.226s][info][gc,marking    ] GC(1277) Concurrent Rebuild Remembered Sets
[21.233s][info][gc,marking    ] GC(1277) Concurrent Rebuild Remembered Sets 6.941ms
[21.233s][info][gc,start      ] GC(1277) Pause Cleanup
[21.233s][info][gc            ] GC(1277) Pause Cleanup 2898M->2898M(2907M) 0.320ms
[21.233s][info][gc,cpu        ] GC(1277) User=0.00s Sys=0.00s Real=0.00s
[21.233s][info][gc,marking    ] GC(1277) Concurrent Cleanup for Next Mark
[21.237s][info][gc,marking    ] GC(1277) Concurrent Cleanup for Next Mark 3.765ms
[21.237s][info][gc            ] GC(1277) Concurrent Cycle 20.300ms
[21.243s][info][gc,start      ] GC(1278) Pause Young (Concurrent Start) (G1 Humongous Allocation)
[21.243s][info][gc,task       ] GC(1278) Using 8 workers of 8 for evacuation
[21.245s][info][gc,phases     ] GC(1278)   Pre Evacuate Collection Set: 0.7ms
[21.245s][info][gc,phases     ] GC(1278)   Evacuate Collection Set: 0.6ms
[21.245s][info][gc,phases     ] GC(1278)   Post Evacuate Collection Set: 0.2ms
[21.245s][info][gc,phases     ] GC(1278)   Other: 0.3ms
[21.245s][info][gc,heap       ] GC(1278) Eden regions: 4->0(144)
[21.245s][info][gc,heap       ] GC(1278) Survivor regions: 1->1(19)
[21.245s][info][gc,heap       ] GC(1278) Old regions: 27->27
[21.245s][info][gc,heap       ] GC(1278) Humongous regions: 2870->2870
[21.245s][info][gc,metaspace  ] GC(1278) Metaspace: 9862K->9862K(1058816K)
[21.245s][info][gc            ] GC(1278) Pause Young (Concurrent Start) (G1 Humongous Allocation) 2900M->2896M(2907M) 1.977ms
[21.245s][info][gc,cpu        ] GC(1278) User=0.00s Sys=0.00s Real=0.00s
[21.245s][info][gc            ] GC(1279) Concurrent Cycle
[21.245s][info][gc,marking    ] GC(1279) Concurrent Clear Claimed Marks
[21.245s][info][gc,marking    ] GC(1279) Concurrent Clear Claimed Marks 0.013ms
[21.245s][info][gc,marking    ] GC(1279) Concurrent Scan Root Regions
[21.245s][info][gc,marking    ] GC(1279) Concurrent Scan Root Regions 0.061ms
[21.245s][info][gc,marking    ] GC(1279) Concurrent Mark (21.245s)
[21.245s][info][gc,marking    ] GC(1279) Concurrent Mark From Roots
[21.245s][info][gc,task       ] GC(1279) Using 2 workers of 2 for marking
[21.251s][info][gc,marking    ] GC(1279) Concurrent Mark From Roots 6.069ms
[21.251s][info][gc,marking    ] GC(1279) Concurrent Preclean
[21.252s][info][gc,marking    ] GC(1279) Concurrent Preclean 0.080ms
[21.252s][info][gc,marking    ] GC(1279) Concurrent Mark (21.245s, 21.252s) 6.210ms
[21.252s][info][gc,start      ] GC(1279) Pause Remark
[21.252s][info][gc,stringtable] GC(1279) Cleaned string and symbol table, strings: 4363 processed, 0 removed, symbols: 36588 processed, 0 removed
[21.253s][info][gc            ] GC(1279) Pause Remark 2900M->2900M(2909M) 1.063ms
[21.253s][info][gc,cpu        ] GC(1279) User=0.01s Sys=0.00s Real=0.00s
[21.253s][info][gc,marking    ] GC(1279) Concurrent Rebuild Remembered Sets
[21.258s][info][gc,marking    ] GC(1279) Concurrent Rebuild Remembered Sets 5.342ms
[21.259s][info][gc,start      ] GC(1279) Pause Cleanup
[21.259s][info][gc            ] GC(1279) Pause Cleanup 2902M->2902M(2911M) 0.378ms
[21.259s][info][gc,cpu        ] GC(1279) User=0.00s Sys=0.00s Real=0.00s
[21.259s][info][gc,marking    ] GC(1279) Concurrent Cleanup for Next Mark
[21.263s][info][gc,marking    ] GC(1279) Concurrent Cleanup for Next Mark 3.847ms
[21.263s][info][gc            ] GC(1279) Concurrent Cycle 18.033ms
[21.270s][info][gc,start      ] GC(1280) Pause Young (Concurrent Start) (G1 Humongous Allocation)
[21.270s][info][gc,task       ] GC(1280) Using 8 workers of 8 for evacuation
[21.272s][info][gc,phases     ] GC(1280)   Pre Evacuate Collection Set: 0.7ms
[21.272s][info][gc,phases     ] GC(1280)   Evacuate Collection Set: 0.8ms
[21.272s][info][gc,phases     ] GC(1280)   Post Evacuate Collection Set: 0.1ms
[21.272s][info][gc,phases     ] GC(1280)   Other: 0.3ms
[21.272s][info][gc,heap       ] GC(1280) Eden regions: 4->0(144)
[21.272s][info][gc,heap       ] GC(1280) Survivor regions: 1->1(19)
[21.272s][info][gc,heap       ] GC(1280) Old regions: 27->27
[21.272s][info][gc,heap       ] GC(1280) Humongous regions: 2874->2874
[21.272s][info][gc,metaspace  ] GC(1280) Metaspace: 9862K->9862K(1058816K)
[21.272s][info][gc            ] GC(1280) Pause Young (Concurrent Start) (G1 Humongous Allocation) 2904M->2900M(2911M) 2.043ms
[21.272s][info][gc,cpu        ] GC(1280) User=0.01s Sys=0.00s Real=0.01s
[21.272s][info][gc            ] GC(1281) Concurrent Cycle
[21.272s][info][gc,marking    ] GC(1281) Concurrent Clear Claimed Marks
[21.272s][info][gc,marking    ] GC(1281) Concurrent Clear Claimed Marks 0.012ms
[21.272s][info][gc,marking    ] GC(1281) Concurrent Scan Root Regions
[21.272s][info][gc,marking    ] GC(1281) Concurrent Scan Root Regions 0.057ms
[21.272s][info][gc,marking    ] GC(1281) Concurrent Mark (21.272s)
[21.272s][info][gc,marking    ] GC(1281) Concurrent Mark From Roots
[21.272s][info][gc,task       ] GC(1281) Using 2 workers of 2 for marking
[21.278s][info][gc,marking    ] GC(1281) Concurrent Mark From Roots 5.736ms
[21.278s][info][gc,marking    ] GC(1281) Concurrent Preclean
[21.278s][info][gc,marking    ] GC(1281) Concurrent Preclean 0.074ms
[21.278s][info][gc,marking    ] GC(1281) Concurrent Mark (21.272s, 21.278s) 5.869ms
[21.278s][info][gc,start      ] GC(1281) Pause Remark
[21.278s][info][gc,stringtable] GC(1281) Cleaned string and symbol table, strings: 4363 processed, 0 removed, symbols: 36588 processed, 0 removed
[21.279s][info][gc            ] GC(1281) Pause Remark 2904M->2904M(2913M) 1.035ms
[21.279s][info][gc,cpu        ] GC(1281) User=0.00s Sys=0.00s Real=0.00s
[21.279s][info][gc,marking    ] GC(1281) Concurrent Rebuild Remembered Sets
[21.284s][info][gc,marking    ] GC(1281) Concurrent Rebuild Remembered Sets 5.496ms
[21.285s][info][gc,start      ] GC(1281) Pause Cleanup
[21.285s][info][gc            ] GC(1281) Pause Cleanup 2906M->2906M(2915M) 0.341ms
[21.285s][info][gc,cpu        ] GC(1281) User=0.00s Sys=0.00s Real=0.00s
[21.285s][info][gc,marking    ] GC(1281) Concurrent Cleanup for Next Mark
[21.289s][info][gc,marking    ] GC(1281) Concurrent Cleanup for Next Mark 3.602ms
[21.289s][info][gc            ] GC(1281) Concurrent Cycle 17.351ms
[21.295s][info][gc,start      ] GC(1282) Pause Young (Concurrent Start) (G1 Humongous Allocation)
[21.295s][info][gc,task       ] GC(1282) Using 8 workers of 8 for evacuation
[21.297s][info][gc,phases     ] GC(1282)   Pre Evacuate Collection Set: 0.7ms
[21.297s][info][gc,phases     ] GC(1282)   Evacuate Collection Set: 1.0ms
[21.297s][info][gc,phases     ] GC(1282)   Post Evacuate Collection Set: 0.1ms
[21.297s][info][gc,phases     ] GC(1282)   Other: 0.3ms
[21.297s][info][gc,heap       ] GC(1282) Eden regions: 4->0(144)
[21.297s][info][gc,heap       ] GC(1282) Survivor regions: 1->1(19)
[21.297s][info][gc,heap       ] GC(1282) Old regions: 27->27
[21.297s][info][gc,heap       ] GC(1282) Humongous regions: 2878->2878
[21.297s][info][gc,metaspace  ] GC(1282) Metaspace: 9862K->9862K(1058816K)
[21.297s][info][gc            ] GC(1282) Pause Young (Concurrent Start) (G1 Humongous Allocation) 2908M->2904M(2915M) 2.230ms
[21.297s][info][gc,cpu        ] GC(1282) User=0.01s Sys=0.00s Real=0.00s
[21.297s][info][gc            ] GC(1283) Concurrent Cycle
[21.297s][info][gc,marking    ] GC(1283) Concurrent Clear Claimed Marks
[21.297s][info][gc,marking    ] GC(1283) Concurrent Clear Claimed Marks 0.013ms
[21.297s][info][gc,marking    ] GC(1283) Concurrent Scan Root Regions
[21.297s][info][gc,marking    ] GC(1283) Concurrent Scan Root Regions 0.057ms
[21.297s][info][gc,marking    ] GC(1283) Concurrent Mark (21.297s)
[21.297s][info][gc,marking    ] GC(1283) Concurrent Mark From Roots
[21.297s][info][gc,task       ] GC(1283) Using 2 workers of 2 for marking
[21.303s][info][gc,marking    ] GC(1283) Concurrent Mark From Roots 5.594ms
[21.303s][info][gc,marking    ] GC(1283) Concurrent Preclean
[21.303s][info][gc,marking    ] GC(1283) Concurrent Preclean 0.072ms
[21.303s][info][gc,marking    ] GC(1283) Concurrent Mark (21.297s, 21.303s) 5.724ms
[21.303s][info][gc,start      ] GC(1283) Pause Remark
[21.304s][info][gc,stringtable] GC(1283) Cleaned string and symbol table, strings: 4363 processed, 0 removed, symbols: 36588 processed, 0 removed
[21.304s][info][gc            ] GC(1283) Pause Remark 2907M->2907M(2917M) 0.987ms
[21.304s][info][gc,cpu        ] GC(1283) User=0.00s Sys=0.00s Real=0.00s
[21.304s][info][gc,marking    ] GC(1283) Concurrent Rebuild Remembered Sets
[21.310s][info][gc,marking    ] GC(1283) Concurrent Rebuild Remembered Sets 5.889ms
[21.311s][info][gc,start      ] GC(1283) Pause Cleanup
[21.311s][info][gc            ] GC(1283) Pause Cleanup 2910M->2910M(2919M) 0.352ms
[21.311s][info][gc,cpu        ] GC(1283) User=0.00s Sys=0.00s Real=0.01s
[21.311s][info][gc,marking    ] GC(1283) Concurrent Cleanup for Next Mark
[21.315s][info][gc,marking    ] GC(1283) Concurrent Cleanup for Next Mark 3.875ms
[21.315s][info][gc            ] GC(1283) Concurrent Cycle 17.861ms
[21.321s][info][gc,start      ] GC(1284) Pause Young (Concurrent Start) (G1 Humongous Allocation)
[21.321s][info][gc,task       ] GC(1284) Using 8 workers of 8 for evacuation
[21.324s][info][gc,phases     ] GC(1284)   Pre Evacuate Collection Set: 0.7ms
[21.324s][info][gc,phases     ] GC(1284)   Evacuate Collection Set: 0.7ms
[21.324s][info][gc,phases     ] GC(1284)   Post Evacuate Collection Set: 0.5ms
[21.324s][info][gc,phases     ] GC(1284)   Other: 0.3ms
[21.324s][info][gc,heap       ] GC(1284) Eden regions: 4->0(147)
[21.324s][info][gc,heap       ] GC(1284) Survivor regions: 1->1(19)
[21.324s][info][gc,heap       ] GC(1284) Old regions: 27->27
[21.324s][info][gc,heap       ] GC(1284) Humongous regions: 2882->2882
[21.324s][info][gc,metaspace  ] GC(1284) Metaspace: 9862K->9862K(1058816K)
[21.324s][info][gc            ] GC(1284) Pause Young (Concurrent Start) (G1 Humongous Allocation) 2912M->2908M(2967M) 2.242ms
[21.324s][info][gc,cpu        ] GC(1284) User=0.00s Sys=0.00s Real=0.00s
[21.324s][info][gc            ] GC(1285) Concurrent Cycle
[21.324s][info][gc,marking    ] GC(1285) Concurrent Clear Claimed Marks
[21.324s][info][gc,marking    ] GC(1285) Concurrent Clear Claimed Marks 0.011ms
[21.324s][info][gc,marking    ] GC(1285) Concurrent Scan Root Regions
[21.324s][info][gc,marking    ] GC(1285) Concurrent Scan Root Regions 0.059ms
[21.324s][info][gc,marking    ] GC(1285) Concurrent Mark (21.324s)
[21.324s][info][gc,marking    ] GC(1285) Concurrent Mark From Roots
[21.324s][info][gc,task       ] GC(1285) Using 2 workers of 2 for marking
[21.330s][info][gc,marking    ] GC(1285) Concurrent Mark From Roots 5.876ms
[21.330s][info][gc,marking    ] GC(1285) Concurrent Preclean
[21.330s][info][gc,marking    ] GC(1285) Concurrent Preclean 0.099ms
[21.330s][info][gc,marking    ] GC(1285) Concurrent Mark (21.324s, 21.330s) 6.053ms
[21.330s][info][gc,start      ] GC(1285) Pause Remark
[21.331s][info][gc,stringtable] GC(1285) Cleaned string and symbol table, strings: 4363 processed, 0 removed, symbols: 36588 processed, 0 removed
[21.331s][info][gc            ] GC(1285) Pause Remark 2911M->2911M(2967M) 1.138ms
[21.331s][info][gc,cpu        ] GC(1285) User=0.01s Sys=0.00s Real=0.00s
[21.331s][info][gc,marking    ] GC(1285) Concurrent Rebuild Remembered Sets
[21.336s][info][gc,marking    ] GC(1285) Concurrent Rebuild Remembered Sets 5.284ms
[21.337s][info][gc,start      ] GC(1285) Pause Cleanup
[21.337s][info][gc            ] GC(1285) Pause Cleanup 2912M->2912M(2967M) 0.314ms
[21.337s][info][gc,cpu        ] GC(1285) User=0.00s Sys=0.00s Real=0.00s
[21.337s][info][gc,marking    ] GC(1285) Concurrent Cleanup for Next Mark
[21.341s][info][gc,marking    ] GC(1285) Concurrent Cleanup for Next Mark 3.979ms
[21.341s][info][gc            ] GC(1285) Concurrent Cycle 17.269ms
[21.350s][info][gc,start      ] GC(1286) Pause Young (Concurrent Start) (G1 Humongous Allocation)
[21.350s][info][gc,task       ] GC(1286) Using 8 workers of 8 for evacuation
[21.352s][info][gc,phases     ] GC(1286)   Pre Evacuate Collection Set: 0.7ms
[21.352s][info][gc,phases     ] GC(1286)   Evacuate Collection Set: 0.8ms
[21.352s][info][gc,phases     ] GC(1286)   Post Evacuate Collection Set: 0.1ms
[21.352s][info][gc,phases     ] GC(1286)   Other: 0.3ms
[21.352s][info][gc,heap       ] GC(1286) Eden regions: 4->0(147)
[21.352s][info][gc,heap       ] GC(1286) Survivor regions: 1->1(19)
[21.352s][info][gc,heap       ] GC(1286) Old regions: 27->27
[21.352s][info][gc,heap       ] GC(1286) Humongous regions: 2886->2886
[21.352s][info][gc,metaspace  ] GC(1286) Metaspace: 9862K->9862K(1058816K)
[21.352s][info][gc            ] GC(1286) Pause Young (Concurrent Start) (G1 Humongous Allocation) 2916M->2912M(2967M) 2.028ms
[21.352s][info][gc,cpu        ] GC(1286) User=0.01s Sys=0.00s Real=0.01s
[21.352s][info][gc            ] GC(1287) Concurrent Cycle
[21.352s][info][gc,marking    ] GC(1287) Concurrent Clear Claimed Marks
[21.352s][info][gc,marking    ] GC(1287) Concurrent Clear Claimed Marks 0.011ms
[21.352s][info][gc,marking    ] GC(1287) Concurrent Scan Root Regions
[21.352s][info][gc,marking    ] GC(1287) Concurrent Scan Root Regions 0.060ms
[21.352s][info][gc,marking    ] GC(1287) Concurrent Mark (21.352s)
[21.352s][info][gc,marking    ] GC(1287) Concurrent Mark From Roots
[21.352s][info][gc,task       ] GC(1287) Using 2 workers of 2 for marking
[21.358s][info][gc,marking    ] GC(1287) Concurrent Mark From Roots 5.703ms
[21.358s][info][gc,marking    ] GC(1287) Concurrent Preclean
[21.358s][info][gc,marking    ] GC(1287) Concurrent Preclean 0.079ms
[21.358s][info][gc,marking    ] GC(1287) Concurrent Mark (21.352s, 21.358s) 5.845ms
[21.358s][info][gc,start      ] GC(1287) Pause Remark
[21.358s][info][gc,stringtable] GC(1287) Cleaned string and symbol table, strings: 4363 processed, 0 removed, symbols: 36588 processed, 0 removed
[21.359s][info][gc            ] GC(1287) Pause Remark 2916M->2916M(2967M) 1.014ms
[21.359s][info][gc,cpu        ] GC(1287) User=0.01s Sys=0.00s Real=0.00s
[21.359s][info][gc,marking    ] GC(1287) Concurrent Rebuild Remembered Sets
[21.365s][info][gc,marking    ] GC(1287) Concurrent Rebuild Remembered Sets 5.722ms
[21.365s][info][gc,start      ] GC(1287) Pause Cleanup
[21.365s][info][gc            ] GC(1287) Pause Cleanup 2918M->2918M(2967M) 0.312ms
[21.365s][info][gc,cpu        ] GC(1287) User=0.00s Sys=0.00s Real=0.00s
[21.365s][info][gc,marking    ] GC(1287) Concurrent Cleanup for Next Mark
[21.369s][info][gc,marking    ] GC(1287) Concurrent Cleanup for Next Mark 3.821ms
[21.369s][info][gc            ] GC(1287) Concurrent Cycle 17.399ms
[21.375s][info][gc,start      ] GC(1288) Pause Young (Concurrent Start) (G1 Humongous Allocation)
[21.375s][info][gc,task       ] GC(1288) Using 8 workers of 8 for evacuation
[21.377s][info][gc,phases     ] GC(1288)   Pre Evacuate Collection Set: 0.7ms
[21.377s][info][gc,phases     ] GC(1288)   Evacuate Collection Set: 1.1ms
[21.377s][info][gc,phases     ] GC(1288)   Post Evacuate Collection Set: 0.1ms
[21.377s][info][gc,phases     ] GC(1288)   Other: 0.3ms
[21.377s][info][gc,heap       ] GC(1288) Eden regions: 4->0(147)
[21.377s][info][gc,heap       ] GC(1288) Survivor regions: 1->1(19)
[21.377s][info][gc,heap       ] GC(1288) Old regions: 27->27
[21.377s][info][gc,heap       ] GC(1288) Humongous regions: 2890->2890
[21.377s][info][gc,metaspace  ] GC(1288) Metaspace: 9862K->9862K(1058816K)
[21.377s][info][gc            ] GC(1288) Pause Young (Concurrent Start) (G1 Humongous Allocation) 2920M->2916M(2967M) 2.297ms
[21.377s][info][gc,cpu        ] GC(1288) User=0.01s Sys=0.00s Real=0.00s
[21.377s][info][gc            ] GC(1289) Concurrent Cycle
[21.377s][info][gc,marking    ] GC(1289) Concurrent Clear Claimed Marks
[21.377s][info][gc,marking    ] GC(1289) Concurrent Clear Claimed Marks 0.010ms
[21.377s][info][gc,marking    ] GC(1289) Concurrent Scan Root Regions
[21.378s][info][gc,marking    ] GC(1289) Concurrent Scan Root Regions 0.058ms
[21.378s][info][gc,marking    ] GC(1289) Concurrent Mark (21.378s)
[21.378s][info][gc,marking    ] GC(1289) Concurrent Mark From Roots
[21.378s][info][gc,task       ] GC(1289) Using 2 workers of 2 for marking
[21.384s][info][gc,marking    ] GC(1289) Concurrent Mark From Roots 5.933ms
[21.384s][info][gc,marking    ] GC(1289) Concurrent Preclean
[21.384s][info][gc,marking    ] GC(1289) Concurrent Preclean 0.077ms
[21.384s][info][gc,marking    ] GC(1289) Concurrent Mark (21.378s, 21.384s) 6.068ms
[21.384s][info][gc,start      ] GC(1289) Pause Remark
[21.385s][info][gc,stringtable] GC(1289) Cleaned string and symbol table, strings: 4363 processed, 0 removed, symbols: 36588 processed, 0 removed
[21.385s][info][gc            ] GC(1289) Pause Remark 2919M->2919M(2967M) 1.264ms
[21.385s][info][gc,cpu        ] GC(1289) User=0.00s Sys=0.00s Real=0.00s
[21.385s][info][gc,marking    ] GC(1289) Concurrent Rebuild Remembered Sets
[21.390s][info][gc,marking    ] GC(1289) Concurrent Rebuild Remembered Sets 5.365ms
[21.391s][info][gc,start      ] GC(1289) Pause Cleanup
[21.392s][info][gc            ] GC(1289) Pause Cleanup 2922M->2922M(2967M) 0.383ms
[21.392s][info][gc,cpu        ] GC(1289) User=0.00s Sys=0.00s Real=0.00s
[21.392s][info][gc,marking    ] GC(1289) Concurrent Cleanup for Next Mark
[21.395s][info][gc,marking    ] GC(1289) Concurrent Cleanup for Next Mark 3.670ms
[21.395s][info][gc            ] GC(1289) Concurrent Cycle 17.974ms
[21.402s][info][gc,start      ] GC(1290) Pause Young (Concurrent Start) (G1 Humongous Allocation)
[21.402s][info][gc,task       ] GC(1290) Using 8 workers of 8 for evacuation
[21.404s][info][gc,phases     ] GC(1290)   Pre Evacuate Collection Set: 0.7ms
[21.404s][info][gc,phases     ] GC(1290)   Evacuate Collection Set: 0.8ms
[21.404s][info][gc,phases     ] GC(1290)   Post Evacuate Collection Set: 0.1ms
[21.404s][info][gc,phases     ] GC(1290)   Other: 0.3ms
[21.404s][info][gc,heap       ] GC(1290) Eden regions: 4->0(147)
[21.404s][info][gc,heap       ] GC(1290) Survivor regions: 1->1(19)
[21.404s][info][gc,heap       ] GC(1290) Old regions: 27->27
[21.404s][info][gc,heap       ] GC(1290) Humongous regions: 2894->2894
[21.404s][info][gc,metaspace  ] GC(1290) Metaspace: 9862K->9862K(1058816K)
[21.404s][info][gc            ] GC(1290) Pause Young (Concurrent Start) (G1 Humongous Allocation) 2924M->2920M(2967M) 2.027ms
[21.404s][info][gc,cpu        ] GC(1290) User=0.00s Sys=0.00s Real=0.00s
[21.404s][info][gc            ] GC(1291) Concurrent Cycle
[21.404s][info][gc,marking    ] GC(1291) Concurrent Clear Claimed Marks
[21.404s][info][gc,marking    ] GC(1291) Concurrent Clear Claimed Marks 0.010ms
[21.404s][info][gc,marking    ] GC(1291) Concurrent Scan Root Regions
[21.404s][info][gc,marking    ] GC(1291) Concurrent Scan Root Regions 0.093ms
[21.404s][info][gc,marking    ] GC(1291) Concurrent Mark (21.404s)
[21.404s][info][gc,marking    ] GC(1291) Concurrent Mark From Roots
[21.404s][info][gc,task       ] GC(1291) Using 2 workers of 2 for marking
[21.410s][info][gc,marking    ] GC(1291) Concurrent Mark From Roots 5.670ms
[21.410s][info][gc,marking    ] GC(1291) Concurrent Preclean
[21.410s][info][gc,marking    ] GC(1291) Concurrent Preclean 0.075ms
[21.410s][info][gc,marking    ] GC(1291) Concurrent Mark (21.404s, 21.410s) 5.804ms
[21.410s][info][gc,start      ] GC(1291) Pause Remark
[21.410s][info][gc,stringtable] GC(1291) Cleaned string and symbol table, strings: 4363 processed, 0 removed, symbols: 36588 processed, 0 removed
[21.411s][info][gc            ] GC(1291) Pause Remark 2924M->2924M(2967M) 1.074ms
[21.411s][info][gc,cpu        ] GC(1291) User=0.01s Sys=0.00s Real=0.00s
[21.411s][info][gc,marking    ] GC(1291) Concurrent Rebuild Remembered Sets
[21.417s][info][gc,marking    ] GC(1291) Concurrent Rebuild Remembered Sets 6.274ms
[21.418s][info][gc,start      ] GC(1291) Pause Cleanup
[21.418s][info][gc            ] GC(1291) Pause Cleanup 2926M->2926M(2967M) 0.382ms
[21.418s][info][gc,cpu        ] GC(1291) User=0.00s Sys=0.00s Real=0.00s
[21.418s][info][gc,marking    ] GC(1291) Concurrent Cleanup for Next Mark
[21.422s][info][gc,marking    ] GC(1291) Concurrent Cleanup for Next Mark 3.799ms
[21.422s][info][gc            ] GC(1291) Concurrent Cycle 18.183ms
[21.430s][info][gc,start      ] GC(1292) Pause Young (Concurrent Start) (G1 Humongous Allocation)
[21.430s][info][gc,task       ] GC(1292) Using 8 workers of 8 for evacuation
[21.432s][info][gc,phases     ] GC(1292)   Pre Evacuate Collection Set: 0.8ms
[21.432s][info][gc,phases     ] GC(1292)   Evacuate Collection Set: 0.5ms
[21.432s][info][gc,phases     ] GC(1292)   Post Evacuate Collection Set: 0.2ms
[21.432s][info][gc,phases     ] GC(1292)   Other: 0.4ms
[21.432s][info][gc,heap       ] GC(1292) Eden regions: 4->0(147)
[21.432s][info][gc,heap       ] GC(1292) Survivor regions: 1->1(19)
[21.432s][info][gc,heap       ] GC(1292) Old regions: 27->27
[21.432s][info][gc,heap       ] GC(1292) Humongous regions: 2898->2898
[21.432s][info][gc,metaspace  ] GC(1292) Metaspace: 9862K->9862K(1058816K)
[21.432s][info][gc            ] GC(1292) Pause Young (Concurrent Start) (G1 Humongous Allocation) 2928M->2924M(2967M) 1.987ms
[21.432s][info][gc,cpu        ] GC(1292) User=0.01s Sys=0.00s Real=0.01s
[21.432s][info][gc            ] GC(1293) Concurrent Cycle
[21.432s][info][gc,marking    ] GC(1293) Concurrent Clear Claimed Marks
[21.432s][info][gc,marking    ] GC(1293) Concurrent Clear Claimed Marks 0.013ms
[21.432s][info][gc,marking    ] GC(1293) Concurrent Scan Root Regions
[21.432s][info][gc,marking    ] GC(1293) Concurrent Scan Root Regions 0.058ms
[21.432s][info][gc,marking    ] GC(1293) Concurrent Mark (21.432s)
[21.432s][info][gc,marking    ] GC(1293) Concurrent Mark From Roots
[21.432s][info][gc,task       ] GC(1293) Using 2 workers of 2 for marking
[21.439s][info][gc,marking    ] GC(1293) Concurrent Mark From Roots 6.498ms
[21.439s][info][gc,marking    ] GC(1293) Concurrent Preclean
[21.439s][info][gc,marking    ] GC(1293) Concurrent Preclean 0.084ms
[21.439s][info][gc,marking    ] GC(1293) Concurrent Mark (21.432s, 21.439s) 6.640ms
[21.439s][info][gc,start      ] GC(1293) Pause Remark
[21.440s][info][gc,stringtable] GC(1293) Cleaned string and symbol table, strings: 4363 processed, 0 removed, symbols: 36588 processed, 0 removed
[21.440s][info][gc            ] GC(1293) Pause Remark 2928M->2928M(2967M) 1.115ms
[21.440s][info][gc,cpu        ] GC(1293) User=0.00s Sys=0.00s Real=0.00s
[21.440s][info][gc,marking    ] GC(1293) Concurrent Rebuild Remembered Sets
[21.446s][info][gc,marking    ] GC(1293) Concurrent Rebuild Remembered Sets 5.866ms
[21.446s][info][gc,start      ] GC(1293) Pause Cleanup
[21.446s][info][gc            ] GC(1293) Pause Cleanup 2930M->2930M(2967M) 0.395ms
[21.447s][info][gc,cpu        ] GC(1293) User=0.00s Sys=0.00s Real=0.00s
[21.447s][info][gc,marking    ] GC(1293) Concurrent Cleanup for Next Mark
[21.451s][info][gc,marking    ] GC(1293) Concurrent Cleanup for Next Mark 4.247ms
[21.451s][info][gc            ] GC(1293) Concurrent Cycle 18.773ms
[21.457s][info][gc,start      ] GC(1294) Pause Young (Concurrent Start) (G1 Humongous Allocation)
[21.457s][info][gc,task       ] GC(1294) Using 8 workers of 8 for evacuation
[21.459s][info][gc,phases     ] GC(1294)   Pre Evacuate Collection Set: 0.7ms
[21.459s][info][gc,phases     ] GC(1294)   Evacuate Collection Set: 0.5ms
[21.459s][info][gc,phases     ] GC(1294)   Post Evacuate Collection Set: 0.1ms
[21.459s][info][gc,phases     ] GC(1294)   Other: 0.3ms
[21.459s][info][gc,heap       ] GC(1294) Eden regions: 4->0(147)
[21.459s][info][gc,heap       ] GC(1294) Survivor regions: 1->1(19)
[21.459s][info][gc,heap       ] GC(1294) Old regions: 27->27
[21.459s][info][gc,heap       ] GC(1294) Humongous regions: 2902->2902
[21.459s][info][gc,metaspace  ] GC(1294) Metaspace: 9862K->9862K(1058816K)
[21.459s][info][gc            ] GC(1294) Pause Young (Concurrent Start) (G1 Humongous Allocation) 2932M->2928M(2967M) 1.780ms
[21.459s][info][gc,cpu        ] GC(1294) User=0.00s Sys=0.00s Real=0.00s
[21.459s][info][gc            ] GC(1295) Concurrent Cycle
[21.459s][info][gc,marking    ] GC(1295) Concurrent Clear Claimed Marks
[21.459s][info][gc,marking    ] GC(1295) Concurrent Clear Claimed Marks 0.023ms
[21.459s][info][gc,marking    ] GC(1295) Concurrent Scan Root Regions
[21.459s][info][gc,marking    ] GC(1295) Concurrent Scan Root Regions 0.066ms
[21.459s][info][gc,marking    ] GC(1295) Concurrent Mark (21.459s)
[21.459s][info][gc,marking    ] GC(1295) Concurrent Mark From Roots
[21.459s][info][gc,task       ] GC(1295) Using 2 workers of 2 for marking
[21.465s][info][gc,marking    ] GC(1295) Concurrent Mark From Roots 6.022ms
[21.465s][info][gc,marking    ] GC(1295) Concurrent Preclean
[21.465s][info][gc,marking    ] GC(1295) Concurrent Preclean 0.080ms
[21.465s][info][gc,marking    ] GC(1295) Concurrent Mark (21.459s, 21.465s) 6.168ms
[21.465s][info][gc,start      ] GC(1295) Pause Remark
[21.466s][info][gc,stringtable] GC(1295) Cleaned string and symbol table, strings: 4363 processed, 0 removed, symbols: 36588 processed, 0 removed
[21.466s][info][gc            ] GC(1295) Pause Remark 2932M->2932M(2967M) 1.119ms
[21.466s][info][gc,cpu        ] GC(1295) User=0.01s Sys=0.00s Real=0.00s
[21.466s][info][gc,marking    ] GC(1295) Concurrent Rebuild Remembered Sets
[21.472s][info][gc,marking    ] GC(1295) Concurrent Rebuild Remembered Sets 5.404ms
[21.472s][info][gc,start      ] GC(1295) Pause Cleanup
[21.472s][info][gc            ] GC(1295) Pause Cleanup 2934M->2934M(2967M) 0.324ms
[21.473s][info][gc,cpu        ] GC(1295) User=0.00s Sys=0.00s Real=0.00s
[21.473s][info][gc,marking    ] GC(1295) Concurrent Cleanup for Next Mark
[21.476s][info][gc,marking    ] GC(1295) Concurrent Cleanup for Next Mark 3.582ms
[21.476s][info][gc            ] GC(1295) Concurrent Cycle 17.328ms
[21.482s][info][gc,start      ] GC(1296) Pause Young (Concurrent Start) (G1 Humongous Allocation)
[21.482s][info][gc,task       ] GC(1296) Using 8 workers of 8 for evacuation
[21.484s][info][gc,phases     ] GC(1296)   Pre Evacuate Collection Set: 0.6ms
[21.484s][info][gc,phases     ] GC(1296)   Evacuate Collection Set: 0.6ms
[21.484s][info][gc,phases     ] GC(1296)   Post Evacuate Collection Set: 0.1ms
[21.484s][info][gc,phases     ] GC(1296)   Other: 0.3ms
[21.484s][info][gc,heap       ] GC(1296) Eden regions: 4->0(147)
[21.484s][info][gc,heap       ] GC(1296) Survivor regions: 1->1(19)
[21.484s][info][gc,heap       ] GC(1296) Old regions: 27->27
[21.484s][info][gc,heap       ] GC(1296) Humongous regions: 2906->2906
[21.484s][info][gc,metaspace  ] GC(1296) Metaspace: 9862K->9862K(1058816K)
[21.484s][info][gc            ] GC(1296) Pause Young (Concurrent Start) (G1 Humongous Allocation) 2936M->2932M(2967M) 1.802ms
[21.484s][info][gc,cpu        ] GC(1296) User=0.00s Sys=0.00s Real=0.00s
[21.484s][info][gc            ] GC(1297) Concurrent Cycle
[21.484s][info][gc,marking    ] GC(1297) Concurrent Clear Claimed Marks
[21.484s][info][gc,marking    ] GC(1297) Concurrent Clear Claimed Marks 0.011ms
[21.484s][info][gc,marking    ] GC(1297) Concurrent Scan Root Regions
[21.485s][info][gc,marking    ] GC(1297) Concurrent Scan Root Regions 0.107ms
[21.485s][info][gc,marking    ] GC(1297) Concurrent Mark (21.485s)
[21.485s][info][gc,marking    ] GC(1297) Concurrent Mark From Roots
[21.485s][info][gc,task       ] GC(1297) Using 2 workers of 2 for marking
[21.490s][info][gc,marking    ] GC(1297) Concurrent Mark From Roots 5.646ms
[21.490s][info][gc,marking    ] GC(1297) Concurrent Preclean
[21.490s][info][gc,marking    ] GC(1297) Concurrent Preclean 0.088ms
[21.490s][info][gc,marking    ] GC(1297) Concurrent Mark (21.485s, 21.490s) 5.824ms
[21.491s][info][gc,start      ] GC(1297) Pause Remark
[21.492s][info][gc,stringtable] GC(1297) Cleaned string and symbol table, strings: 4363 processed, 0 removed, symbols: 36588 processed, 0 removed
[21.492s][info][gc            ] GC(1297) Pause Remark 2936M->2936M(2967M) 1.877ms
[21.492s][info][gc,cpu        ] GC(1297) User=0.01s Sys=0.00s Real=0.01s
[21.493s][info][gc,marking    ] GC(1297) Concurrent Rebuild Remembered Sets
[21.498s][info][gc,marking    ] GC(1297) Concurrent Rebuild Remembered Sets 5.260ms
[21.498s][info][gc,start      ] GC(1297) Pause Cleanup
[21.498s][info][gc            ] GC(1297) Pause Cleanup 2938M->2938M(2967M) 0.317ms
[21.499s][info][gc,cpu        ] GC(1297) User=0.00s Sys=0.00s Real=0.00s
[21.499s][info][gc,marking    ] GC(1297) Concurrent Cleanup for Next Mark
[21.502s][info][gc,marking    ] GC(1297) Concurrent Cleanup for Next Mark 3.594ms
[21.502s][info][gc            ] GC(1297) Concurrent Cycle 17.840ms
[21.508s][info][gc,start      ] GC(1298) Pause Young (Concurrent Start) (G1 Humongous Allocation)
[21.508s][info][gc,task       ] GC(1298) Using 8 workers of 8 for evacuation
[21.510s][info][gc,phases     ] GC(1298)   Pre Evacuate Collection Set: 0.7ms
[21.510s][info][gc,phases     ] GC(1298)   Evacuate Collection Set: 0.6ms
[21.510s][info][gc,phases     ] GC(1298)   Post Evacuate Collection Set: 0.2ms
[21.510s][info][gc,phases     ] GC(1298)   Other: 0.3ms
[21.510s][info][gc,heap       ] GC(1298) Eden regions: 4->0(147)
[21.510s][info][gc,heap       ] GC(1298) Survivor regions: 1->1(19)
[21.510s][info][gc,heap       ] GC(1298) Old regions: 27->27
[21.510s][info][gc,heap       ] GC(1298) Humongous regions: 2910->2910
[21.510s][info][gc,metaspace  ] GC(1298) Metaspace: 9862K->9862K(1058816K)
[21.510s][info][gc            ] GC(1298) Pause Young (Concurrent Start) (G1 Humongous Allocation) 2940M->2936M(2967M) 1.840ms
[21.510s][info][gc,cpu        ] GC(1298) User=0.00s Sys=0.00s Real=0.00s
[21.510s][info][gc            ] GC(1299) Concurrent Cycle
[21.510s][info][gc,marking    ] GC(1299) Concurrent Clear Claimed Marks
[21.510s][info][gc,marking    ] GC(1299) Concurrent Clear Claimed Marks 0.048ms
[21.510s][info][gc,marking    ] GC(1299) Concurrent Scan Root Regions
[21.510s][info][gc,marking    ] GC(1299) Concurrent Scan Root Regions 0.080ms
[21.510s][info][gc,marking    ] GC(1299) Concurrent Mark (21.510s)
[21.510s][info][gc,marking    ] GC(1299) Concurrent Mark From Roots
[21.510s][info][gc,task       ] GC(1299) Using 2 workers of 2 for marking
[21.517s][info][gc,marking    ] GC(1299) Concurrent Mark From Roots 6.547ms
[21.517s][info][gc,marking    ] GC(1299) Concurrent Preclean
[21.517s][info][gc,marking    ] GC(1299) Concurrent Preclean 0.089ms
[21.517s][info][gc,marking    ] GC(1299) Concurrent Mark (21.510s, 21.517s) 6.712ms
[21.517s][info][gc,start      ] GC(1299) Pause Remark
[21.519s][info][gc,stringtable] GC(1299) Cleaned string and symbol table, strings: 4363 processed, 0 removed, symbols: 36588 processed, 0 removed
[21.519s][info][gc            ] GC(1299) Pause Remark 2940M->2940M(2967M) 1.919ms
[21.519s][info][gc,cpu        ] GC(1299) User=0.01s Sys=0.00s Real=0.00s
[21.519s][info][gc,marking    ] GC(1299) Concurrent Rebuild Remembered Sets
[21.525s][info][gc,marking    ] GC(1299) Concurrent Rebuild Remembered Sets 5.507ms
[21.525s][info][gc,start      ] GC(1299) Pause Cleanup
[21.525s][info][gc            ] GC(1299) Pause Cleanup 2942M->2942M(2967M) 0.367ms
[21.525s][info][gc,cpu        ] GC(1299) User=0.00s Sys=0.00s Real=0.00s
[21.525s][info][gc,marking    ] GC(1299) Concurrent Cleanup for Next Mark
[21.529s][info][gc,marking    ] GC(1299) Concurrent Cleanup for Next Mark 3.778ms
[21.529s][info][gc            ] GC(1299) Concurrent Cycle 19.094ms
[21.535s][info][gc,start      ] GC(1300) Pause Young (Concurrent Start) (G1 Humongous Allocation)
[21.535s][info][gc,task       ] GC(1300) Using 8 workers of 8 for evacuation
[21.537s][info][gc,phases     ] GC(1300)   Pre Evacuate Collection Set: 0.7ms
[21.537s][info][gc,phases     ] GC(1300)   Evacuate Collection Set: 0.5ms
[21.537s][info][gc,phases     ] GC(1300)   Post Evacuate Collection Set: 0.2ms
[21.537s][info][gc,phases     ] GC(1300)   Other: 0.3ms
[21.537s][info][gc,heap       ] GC(1300) Eden regions: 4->0(147)
[21.537s][info][gc,heap       ] GC(1300) Survivor regions: 1->1(19)
[21.537s][info][gc,heap       ] GC(1300) Old regions: 27->27
[21.537s][info][gc,heap       ] GC(1300) Humongous regions: 2914->2914
[21.537s][info][gc,metaspace  ] GC(1300) Metaspace: 9862K->9862K(1058816K)
[21.537s][info][gc            ] GC(1300) Pause Young (Concurrent Start) (G1 Humongous Allocation) 2944M->2940M(2967M) 1.781ms
[21.537s][info][gc,cpu        ] GC(1300) User=0.00s Sys=0.00s Real=0.00s
[21.537s][info][gc            ] GC(1301) Concurrent Cycle
[21.537s][info][gc,marking    ] GC(1301) Concurrent Clear Claimed Marks
[21.537s][info][gc,marking    ] GC(1301) Concurrent Clear Claimed Marks 0.032ms
[21.537s][info][gc,marking    ] GC(1301) Concurrent Scan Root Regions
[21.537s][info][gc,marking    ] GC(1301) Concurrent Scan Root Regions 0.106ms
[21.537s][info][gc,marking    ] GC(1301) Concurrent Mark (21.537s)
[21.537s][info][gc,marking    ] GC(1301) Concurrent Mark From Roots
[21.537s][info][gc,task       ] GC(1301) Using 2 workers of 2 for marking
[21.543s][info][gc,marking    ] GC(1301) Concurrent Mark From Roots 5.917ms
[21.543s][info][gc,marking    ] GC(1301) Concurrent Preclean
[21.543s][info][gc,marking    ] GC(1301) Concurrent Preclean 0.071ms
[21.543s][info][gc,marking    ] GC(1301) Concurrent Mark (21.537s, 21.543s) 6.062ms
[21.544s][info][gc,start      ] GC(1301) Pause Remark
[21.544s][info][gc,stringtable] GC(1301) Cleaned string and symbol table, strings: 4363 processed, 0 removed, symbols: 36588 processed, 0 removed
[21.545s][info][gc            ] GC(1301) Pause Remark 2944M->2944M(2967M) 1.281ms
[21.545s][info][gc,cpu        ] GC(1301) User=0.00s Sys=0.00s Real=0.00s
[21.545s][info][gc,marking    ] GC(1301) Concurrent Rebuild Remembered Sets
[21.550s][info][gc,marking    ] GC(1301) Concurrent Rebuild Remembered Sets 5.369ms
[21.551s][info][gc,start      ] GC(1301) Pause Cleanup
[21.551s][info][gc            ] GC(1301) Pause Cleanup 2946M->2946M(2967M) 0.449ms
[21.551s][info][gc,cpu        ] GC(1301) User=0.00s Sys=0.00s Real=0.00s
[21.551s][info][gc,marking    ] GC(1301) Concurrent Cleanup for Next Mark
[21.555s][info][gc,marking    ] GC(1301) Concurrent Cleanup for Next Mark 3.683ms
[21.555s][info][gc            ] GC(1301) Concurrent Cycle 17.759ms
[21.561s][info][gc,start      ] GC(1302) Pause Young (Concurrent Start) (G1 Humongous Allocation)
[21.561s][info][gc,task       ] GC(1302) Using 8 workers of 8 for evacuation
[21.563s][info][gc,phases     ] GC(1302)   Pre Evacuate Collection Set: 0.7ms
[21.563s][info][gc,phases     ] GC(1302)   Evacuate Collection Set: 0.6ms
[21.563s][info][gc,phases     ] GC(1302)   Post Evacuate Collection Set: 0.2ms
[21.563s][info][gc,phases     ] GC(1302)   Other: 0.3ms
[21.563s][info][gc,heap       ] GC(1302) Eden regions: 4->0(147)
[21.563s][info][gc,heap       ] GC(1302) Survivor regions: 1->1(19)
[21.563s][info][gc,heap       ] GC(1302) Old regions: 27->27
[21.563s][info][gc,heap       ] GC(1302) Humongous regions: 2918->2918
[21.563s][info][gc,metaspace  ] GC(1302) Metaspace: 9862K->9862K(1058816K)
[21.563s][info][gc            ] GC(1302) Pause Young (Concurrent Start) (G1 Humongous Allocation) 2948M->2944M(2967M) 1.796ms
[21.563s][info][gc,cpu        ] GC(1302) User=0.00s Sys=0.00s Real=0.00s
[21.563s][info][gc            ] GC(1303) Concurrent Cycle
[21.563s][info][gc,marking    ] GC(1303) Concurrent Clear Claimed Marks
[21.563s][info][gc,marking    ] GC(1303) Concurrent Clear Claimed Marks 0.037ms
[21.563s][info][gc,marking    ] GC(1303) Concurrent Scan Root Regions
[21.563s][info][gc,marking    ] GC(1303) Concurrent Scan Root Regions 0.084ms
[21.563s][info][gc,marking    ] GC(1303) Concurrent Mark (21.563s)
[21.563s][info][gc,marking    ] GC(1303) Concurrent Mark From Roots
[21.563s][info][gc,task       ] GC(1303) Using 2 workers of 2 for marking
[21.569s][info][gc,marking    ] GC(1303) Concurrent Mark From Roots 5.652ms
[21.569s][info][gc,marking    ] GC(1303) Concurrent Preclean
[21.569s][info][gc,marking    ] GC(1303) Concurrent Preclean 0.135ms
[21.569s][info][gc,marking    ] GC(1303) Concurrent Mark (21.563s, 21.569s) 5.879ms
[21.569s][info][gc,start      ] GC(1303) Pause Remark
[21.570s][info][gc,stringtable] GC(1303) Cleaned string and symbol table, strings: 4363 processed, 0 removed, symbols: 36588 processed, 0 removed
[21.571s][info][gc            ] GC(1303) Pause Remark 2947M->2947M(2967M) 1.178ms
[21.571s][info][gc,cpu        ] GC(1303) User=0.00s Sys=0.00s Real=0.00s
[21.571s][info][gc,marking    ] GC(1303) Concurrent Rebuild Remembered Sets
[21.576s][info][gc,marking    ] GC(1303) Concurrent Rebuild Remembered Sets 5.415ms
[21.577s][info][gc,start      ] GC(1303) Pause Cleanup
[21.577s][info][gc            ] GC(1303) Pause Cleanup 2950M->2950M(2967M) 0.322ms
[21.577s][info][gc,cpu        ] GC(1303) User=0.00s Sys=0.00s Real=0.00s
[21.577s][info][gc,marking    ] GC(1303) Concurrent Cleanup for Next Mark
[21.581s][info][gc,marking    ] GC(1303) Concurrent Cleanup for Next Mark 3.758ms
[21.581s][info][gc            ] GC(1303) Concurrent Cycle 17.733ms
[21.587s][info][gc,start      ] GC(1304) Pause Young (Concurrent Start) (G1 Humongous Allocation)
[21.587s][info][gc,task       ] GC(1304) Using 8 workers of 8 for evacuation
[21.588s][info][gc,phases     ] GC(1304)   Pre Evacuate Collection Set: 0.7ms
[21.588s][info][gc,phases     ] GC(1304)   Evacuate Collection Set: 0.5ms
[21.588s][info][gc,phases     ] GC(1304)   Post Evacuate Collection Set: 0.2ms
[21.588s][info][gc,phases     ] GC(1304)   Other: 0.3ms
[21.589s][info][gc,heap       ] GC(1304) Eden regions: 4->0(147)
[21.589s][info][gc,heap       ] GC(1304) Survivor regions: 1->1(19)
[21.589s][info][gc,heap       ] GC(1304) Old regions: 27->27
[21.589s][info][gc,heap       ] GC(1304) Humongous regions: 2922->2922
[21.589s][info][gc,metaspace  ] GC(1304) Metaspace: 9862K->9862K(1058816K)
[21.589s][info][gc            ] GC(1304) Pause Young (Concurrent Start) (G1 Humongous Allocation) 2952M->2949M(2967M) 1.740ms
[21.589s][info][gc,cpu        ] GC(1304) User=0.00s Sys=0.00s Real=0.00s
[21.589s][info][gc            ] GC(1305) Concurrent Cycle
[21.589s][info][gc,marking    ] GC(1305) Concurrent Clear Claimed Marks
[21.589s][info][gc,marking    ] GC(1305) Concurrent Clear Claimed Marks 0.033ms
[21.589s][info][gc,marking    ] GC(1305) Concurrent Scan Root Regions
[21.589s][info][gc,marking    ] GC(1305) Concurrent Scan Root Regions 0.127ms
[21.589s][info][gc,marking    ] GC(1305) Concurrent Mark (21.589s)
[21.589s][info][gc,marking    ] GC(1305) Concurrent Mark From Roots
[21.589s][info][gc,task       ] GC(1305) Using 2 workers of 2 for marking
[21.595s][info][gc,marking    ] GC(1305) Concurrent Mark From Roots 6.029ms
[21.595s][info][gc,marking    ] GC(1305) Concurrent Preclean
[21.595s][info][gc,marking    ] GC(1305) Concurrent Preclean 0.080ms
[21.595s][info][gc,marking    ] GC(1305) Concurrent Mark (21.589s, 21.595s) 6.175ms
[21.595s][info][gc,start      ] GC(1305) Pause Remark
[21.597s][info][gc,stringtable] GC(1305) Cleaned string and symbol table, strings: 4363 processed, 0 removed, symbols: 36588 processed, 0 removed
[21.597s][info][gc            ] GC(1305) Pause Remark 2952M->2952M(2967M) 1.884ms
[21.597s][info][gc,cpu        ] GC(1305) User=0.01s Sys=0.00s Real=0.00s
[21.597s][info][gc,marking    ] GC(1305) Concurrent Rebuild Remembered Sets
[21.602s][info][gc,marking    ] GC(1305) Concurrent Rebuild Remembered Sets 5.129ms
[21.603s][info][gc,start      ] GC(1305) Pause Cleanup
[21.603s][info][gc            ] GC(1305) Pause Cleanup 2955M->2955M(2967M) 0.305ms
[21.603s][info][gc,cpu        ] GC(1305) User=0.00s Sys=0.00s Real=0.00s
[21.603s][info][gc,marking    ] GC(1305) Concurrent Cleanup for Next Mark
[21.607s][info][gc,marking    ] GC(1305) Concurrent Cleanup for Next Mark 3.792ms
[21.607s][info][gc            ] GC(1305) Concurrent Cycle 18.342ms
[21.613s][info][gc,start      ] GC(1306) Pause Young (Concurrent Start) (G1 Humongous Allocation)
[21.613s][info][gc,task       ] GC(1306) Using 8 workers of 8 for evacuation
[21.615s][info][gc,phases     ] GC(1306)   Pre Evacuate Collection Set: 0.6ms
[21.615s][info][gc,phases     ] GC(1306)   Evacuate Collection Set: 0.9ms
[21.615s][info][gc,phases     ] GC(1306)   Post Evacuate Collection Set: 0.2ms
[21.615s][info][gc,phases     ] GC(1306)   Other: 0.3ms
[21.615s][info][gc,heap       ] GC(1306) Eden regions: 4->0(147)
[21.615s][info][gc,heap       ] GC(1306) Survivor regions: 1->1(19)
[21.615s][info][gc,heap       ] GC(1306) Old regions: 27->27
[21.615s][info][gc,heap       ] GC(1306) Humongous regions: 2926->2926
[21.615s][info][gc,metaspace  ] GC(1306) Metaspace: 9862K->9862K(1058816K)
[21.615s][info][gc            ] GC(1306) Pause Young (Concurrent Start) (G1 Humongous Allocation) 2957M->2953M(2967M) 2.069ms
[21.615s][info][gc,cpu        ] GC(1306) User=0.01s Sys=0.00s Real=0.00s
[21.615s][info][gc            ] GC(1307) Concurrent Cycle
[21.615s][info][gc,marking    ] GC(1307) Concurrent Clear Claimed Marks
[21.615s][info][gc,marking    ] GC(1307) Concurrent Clear Claimed Marks 0.014ms
[21.615s][info][gc,marking    ] GC(1307) Concurrent Scan Root Regions
[21.615s][info][gc,marking    ] GC(1307) Concurrent Scan Root Regions 0.087ms
[21.615s][info][gc,marking    ] GC(1307) Concurrent Mark (21.615s)
[21.615s][info][gc,marking    ] GC(1307) Concurrent Mark From Roots
[21.615s][info][gc,task       ] GC(1307) Using 2 workers of 2 for marking
[21.621s][info][gc,marking    ] GC(1307) Concurrent Mark From Roots 5.694ms
[21.621s][info][gc,marking    ] GC(1307) Concurrent Preclean
[21.621s][info][gc,marking    ] GC(1307) Concurrent Preclean 0.070ms
[21.621s][info][gc,marking    ] GC(1307) Concurrent Mark (21.615s, 21.621s) 5.868ms
[21.621s][info][gc,start      ] GC(1307) Pause Remark
[21.623s][info][gc,stringtable] GC(1307) Cleaned string and symbol table, strings: 4363 processed, 0 removed, symbols: 36588 processed, 0 removed
[21.623s][info][gc            ] GC(1307) Pause Remark 2956M->2956M(2967M) 1.864ms
[21.623s][info][gc,cpu        ] GC(1307) User=0.01s Sys=0.00s Real=0.00s
[21.623s][info][gc,marking    ] GC(1307) Concurrent Rebuild Remembered Sets
[21.630s][info][gc,marking    ] GC(1307) Concurrent Rebuild Remembered Sets 6.430ms
[21.630s][info][gc,start      ] GC(1307) Pause Cleanup
[21.630s][info][gc            ] GC(1307) Pause Cleanup 2959M->2959M(2969M) 0.425ms
[21.630s][info][gc,cpu        ] GC(1307) User=0.00s Sys=0.00s Real=0.00s
[21.630s][info][gc,marking    ] GC(1307) Concurrent Cleanup for Next Mark
[21.634s][info][gc,marking    ] GC(1307) Concurrent Cleanup for Next Mark 4.034ms
[21.634s][info][gc            ] GC(1307) Concurrent Cycle 19.480ms
[21.642s][info][gc,start      ] GC(1308) Pause Young (Concurrent Start) (G1 Humongous Allocation)
[21.642s][info][gc,task       ] GC(1308) Using 8 workers of 8 for evacuation
[21.644s][info][gc,phases     ] GC(1308)   Pre Evacuate Collection Set: 0.7ms
[21.644s][info][gc,phases     ] GC(1308)   Evacuate Collection Set: 0.5ms
[21.644s][info][gc,phases     ] GC(1308)   Post Evacuate Collection Set: 0.1ms
[21.644s][info][gc,phases     ] GC(1308)   Other: 0.3ms
[21.644s][info][gc,heap       ] GC(1308) Eden regions: 4->0(147)
[21.644s][info][gc,heap       ] GC(1308) Survivor regions: 1->1(19)
[21.644s][info][gc,heap       ] GC(1308) Old regions: 27->27
[21.644s][info][gc,heap       ] GC(1308) Humongous regions: 2930->2930
[21.644s][info][gc,metaspace  ] GC(1308) Metaspace: 9862K->9862K(1058816K)
[21.644s][info][gc            ] GC(1308) Pause Young (Concurrent Start) (G1 Humongous Allocation) 2961M->2957M(2969M) 1.722ms
[21.644s][info][gc,cpu        ] GC(1308) User=0.01s Sys=0.00s Real=0.00s
[21.644s][info][gc            ] GC(1309) Concurrent Cycle
[21.644s][info][gc,marking    ] GC(1309) Concurrent Clear Claimed Marks
[21.644s][info][gc,marking    ] GC(1309) Concurrent Clear Claimed Marks 0.014ms
[21.644s][info][gc,marking    ] GC(1309) Concurrent Scan Root Regions
[21.644s][info][gc,marking    ] GC(1309) Concurrent Scan Root Regions 0.051ms
[21.644s][info][gc,marking    ] GC(1309) Concurrent Mark (21.644s)
[21.644s][info][gc,marking    ] GC(1309) Concurrent Mark From Roots
[21.644s][info][gc,task       ] GC(1309) Using 2 workers of 2 for marking
[21.650s][info][gc,marking    ] GC(1309) Concurrent Mark From Roots 5.878ms
[21.650s][info][gc,marking    ] GC(1309) Concurrent Preclean
[21.650s][info][gc,marking    ] GC(1309) Concurrent Preclean 0.074ms
[21.650s][info][gc,marking    ] GC(1309) Concurrent Mark (21.644s, 21.650s) 6.015ms
[21.650s][info][gc,start      ] GC(1309) Pause Remark
[21.651s][info][gc,stringtable] GC(1309) Cleaned string and symbol table, strings: 4363 processed, 0 removed, symbols: 36588 processed, 0 removed
[21.652s][info][gc            ] GC(1309) Pause Remark 2960M->2960M(2971M) 1.532ms
[21.652s][info][gc,cpu        ] GC(1309) User=0.01s Sys=0.00s Real=0.01s
[21.652s][info][gc,marking    ] GC(1309) Concurrent Rebuild Remembered Sets
[21.657s][info][gc,marking    ] GC(1309) Concurrent Rebuild Remembered Sets 5.299ms
[21.658s][info][gc,start      ] GC(1309) Pause Cleanup
[21.658s][info][gc            ] GC(1309) Pause Cleanup 2963M->2963M(2973M) 0.330ms
[21.658s][info][gc,cpu        ] GC(1309) User=0.00s Sys=0.00s Real=0.00s
[21.658s][info][gc,marking    ] GC(1309) Concurrent Cleanup for Next Mark
[21.662s][info][gc,marking    ] GC(1309) Concurrent Cleanup for Next Mark 3.967ms
[21.662s][info][gc            ] GC(1309) Concurrent Cycle 18.533ms
[21.669s][info][gc,start      ] GC(1310) Pause Young (Concurrent Start) (G1 Humongous Allocation)
[21.669s][info][gc,task       ] GC(1310) Using 8 workers of 8 for evacuation
[21.670s][info][gc,phases     ] GC(1310)   Pre Evacuate Collection Set: 0.7ms
[21.670s][info][gc,phases     ] GC(1310)   Evacuate Collection Set: 0.6ms
[21.670s][info][gc,phases     ] GC(1310)   Post Evacuate Collection Set: 0.2ms
[21.670s][info][gc,phases     ] GC(1310)   Other: 0.3ms
[21.670s][info][gc,heap       ] GC(1310) Eden regions: 4->0(147)
[21.670s][info][gc,heap       ] GC(1310) Survivor regions: 1->1(19)
[21.670s][info][gc,heap       ] GC(1310) Old regions: 27->27
[21.671s][info][gc,heap       ] GC(1310) Humongous regions: 2934->2934
[21.671s][info][gc,metaspace  ] GC(1310) Metaspace: 9862K->9862K(1058816K)
[21.671s][info][gc            ] GC(1310) Pause Young (Concurrent Start) (G1 Humongous Allocation) 2965M->2961M(2973M) 1.827ms
[21.671s][info][gc,cpu        ] GC(1310) User=0.01s Sys=0.00s Real=0.00s
[21.671s][info][gc            ] GC(1311) Concurrent Cycle
[21.671s][info][gc,marking    ] GC(1311) Concurrent Clear Claimed Marks
[21.671s][info][gc,marking    ] GC(1311) Concurrent Clear Claimed Marks 0.012ms
[21.671s][info][gc,marking    ] GC(1311) Concurrent Scan Root Regions
[21.671s][info][gc,marking    ] GC(1311) Concurrent Scan Root Regions 0.083ms
[21.671s][info][gc,marking    ] GC(1311) Concurrent Mark (21.671s)
[21.671s][info][gc,marking    ] GC(1311) Concurrent Mark From Roots
[21.671s][info][gc,task       ] GC(1311) Using 2 workers of 2 for marking
[21.677s][info][gc,marking    ] GC(1311) Concurrent Mark From Roots 6.096ms
[21.677s][info][gc,marking    ] GC(1311) Concurrent Preclean
[21.677s][info][gc,marking    ] GC(1311) Concurrent Preclean 0.132ms
[21.677s][info][gc,marking    ] GC(1311) Concurrent Mark (21.671s, 21.677s) 6.345ms
[21.677s][info][gc,start      ] GC(1311) Pause Remark
[21.678s][info][gc,stringtable] GC(1311) Cleaned string and symbol table, strings: 4363 processed, 0 removed, symbols: 36588 processed, 0 removed
[21.679s][info][gc            ] GC(1311) Pause Remark 2964M->2964M(2975M) 1.265ms
[21.679s][info][gc,cpu        ] GC(1311) User=0.00s Sys=0.00s Real=0.00s
[21.679s][info][gc,marking    ] GC(1311) Concurrent Rebuild Remembered Sets
[21.684s][info][gc,marking    ] GC(1311) Concurrent Rebuild Remembered Sets 5.411ms
[21.685s][info][gc,start      ] GC(1311) Pause Cleanup
[21.685s][info][gc            ] GC(1311) Pause Cleanup 2967M->2967M(2977M) 0.339ms
[21.685s][info][gc,cpu        ] GC(1311) User=0.00s Sys=0.00s Real=0.00s
[21.685s][info][gc,marking    ] GC(1311) Concurrent Cleanup for Next Mark
[21.689s][info][gc,marking    ] GC(1311) Concurrent Cleanup for Next Mark 3.704ms
[21.689s][info][gc            ] GC(1311) Concurrent Cycle 18.057ms
[21.695s][info][gc,start      ] GC(1312) Pause Young (Concurrent Start) (G1 Humongous Allocation)
[21.695s][info][gc,task       ] GC(1312) Using 8 workers of 8 for evacuation
[21.696s][info][gc,phases     ] GC(1312)   Pre Evacuate Collection Set: 0.8ms
[21.696s][info][gc,phases     ] GC(1312)   Evacuate Collection Set: 0.6ms
[21.697s][info][gc,phases     ] GC(1312)   Post Evacuate Collection Set: 0.2ms
[21.697s][info][gc,phases     ] GC(1312)   Other: 0.4ms
[21.697s][info][gc,heap       ] GC(1312) Eden regions: 4->0(147)
[21.697s][info][gc,heap       ] GC(1312) Survivor regions: 1->1(19)
[21.697s][info][gc,heap       ] GC(1312) Old regions: 27->27
[21.697s][info][gc,heap       ] GC(1312) Humongous regions: 2938->2938
[21.697s][info][gc,metaspace  ] GC(1312) Metaspace: 9862K->9862K(1058816K)
[21.697s][info][gc            ] GC(1312) Pause Young (Concurrent Start) (G1 Humongous Allocation) 2969M->2965M(2977M) 2.029ms
[21.697s][info][gc,cpu        ] GC(1312) User=0.00s Sys=0.00s Real=0.00s
[21.697s][info][gc            ] GC(1313) Concurrent Cycle
[21.697s][info][gc,marking    ] GC(1313) Concurrent Clear Claimed Marks
[21.697s][info][gc,marking    ] GC(1313) Concurrent Clear Claimed Marks 0.013ms
[21.697s][info][gc,marking    ] GC(1313) Concurrent Scan Root Regions
[21.697s][info][gc,marking    ] GC(1313) Concurrent Scan Root Regions 0.080ms
[21.697s][info][gc,marking    ] GC(1313) Concurrent Mark (21.697s)
[21.697s][info][gc,marking    ] GC(1313) Concurrent Mark From Roots
[21.697s][info][gc,task       ] GC(1313) Using 2 workers of 2 for marking
[21.702s][info][gc,marking    ] GC(1313) Concurrent Mark From Roots 5.605ms
[21.702s][info][gc,marking    ] GC(1313) Concurrent Preclean
[21.703s][info][gc,marking    ] GC(1313) Concurrent Preclean 0.069ms
[21.703s][info][gc,marking    ] GC(1313) Concurrent Mark (21.697s, 21.703s) 5.732ms
[21.703s][info][gc,start      ] GC(1313) Pause Remark
[21.704s][info][gc,stringtable] GC(1313) Cleaned string and symbol table, strings: 4363 processed, 0 removed, symbols: 36588 processed, 0 removed
[21.704s][info][gc            ] GC(1313) Pause Remark 2968M->2968M(2979M) 1.288ms
[21.704s][info][gc,cpu        ] GC(1313) User=0.00s Sys=0.01s Real=0.00s
[21.704s][info][gc,marking    ] GC(1313) Concurrent Rebuild Remembered Sets
[21.709s][info][gc,marking    ] GC(1313) Concurrent Rebuild Remembered Sets 5.378ms
[21.711s][info][gc,start      ] GC(1313) Pause Cleanup
[21.711s][info][gc            ] GC(1313) Pause Cleanup 2971M->2971M(2981M) 0.457ms
[21.711s][info][gc,cpu        ] GC(1313) User=0.00s Sys=0.00s Real=0.01s
[21.711s][info][gc,marking    ] GC(1313) Concurrent Cleanup for Next Mark
[21.715s][info][gc,marking    ] GC(1313) Concurrent Cleanup for Next Mark 3.642ms
[21.715s][info][gc            ] GC(1313) Concurrent Cycle 18.384ms
[21.722s][info][gc,start      ] GC(1314) Pause Young (Concurrent Start) (G1 Humongous Allocation)
[21.722s][info][gc,task       ] GC(1314) Using 8 workers of 8 for evacuation
[21.724s][info][gc,phases     ] GC(1314)   Pre Evacuate Collection Set: 0.7ms
[21.724s][info][gc,phases     ] GC(1314)   Evacuate Collection Set: 0.6ms
[21.724s][info][gc,phases     ] GC(1314)   Post Evacuate Collection Set: 0.1ms
[21.724s][info][gc,phases     ] GC(1314)   Other: 0.3ms
[21.724s][info][gc,heap       ] GC(1314) Eden regions: 4->0(148)
[21.724s][info][gc,heap       ] GC(1314) Survivor regions: 1->1(19)
[21.724s][info][gc,heap       ] GC(1314) Old regions: 27->27
[21.724s][info][gc,heap       ] GC(1314) Humongous regions: 2942->2942
[21.724s][info][gc,metaspace  ] GC(1314) Metaspace: 9862K->9862K(1058816K)
[21.724s][info][gc            ] GC(1314) Pause Young (Concurrent Start) (G1 Humongous Allocation) 2973M->2969M(2981M) 1.792ms
[21.724s][info][gc,cpu        ] GC(1314) User=0.00s Sys=0.00s Real=0.00s
[21.724s][info][gc            ] GC(1315) Concurrent Cycle
[21.724s][info][gc,marking    ] GC(1315) Concurrent Clear Claimed Marks
[21.724s][info][gc,marking    ] GC(1315) Concurrent Clear Claimed Marks 0.013ms
[21.724s][info][gc,marking    ] GC(1315) Concurrent Scan Root Regions
[21.724s][info][gc,marking    ] GC(1315) Concurrent Scan Root Regions 0.054ms
[21.724s][info][gc,marking    ] GC(1315) Concurrent Mark (21.724s)
[21.724s][info][gc,marking    ] GC(1315) Concurrent Mark From Roots
[21.724s][info][gc,task       ] GC(1315) Using 2 workers of 2 for marking
[21.730s][info][gc,marking    ] GC(1315) Concurrent Mark From Roots 5.770ms
[21.730s][info][gc,marking    ] GC(1315) Concurrent Preclean
[21.730s][info][gc,marking    ] GC(1315) Concurrent Preclean 0.073ms
[21.730s][info][gc,marking    ] GC(1315) Concurrent Mark (21.724s, 21.730s) 5.892ms
[21.730s][info][gc,start      ] GC(1315) Pause Remark
[21.731s][info][gc,stringtable] GC(1315) Cleaned string and symbol table, strings: 4363 processed, 0 removed, symbols: 36588 processed, 0 removed
[21.732s][info][gc            ] GC(1315) Pause Remark 2972M->2972M(2983M) 1.720ms
[21.732s][info][gc,cpu        ] GC(1315) User=0.01s Sys=0.00s Real=0.01s
[21.732s][info][gc,marking    ] GC(1315) Concurrent Rebuild Remembered Sets
[21.737s][info][gc,marking    ] GC(1315) Concurrent Rebuild Remembered Sets 5.370ms
[21.737s][info][gc,start      ] GC(1315) Pause Cleanup
[21.738s][info][gc            ] GC(1315) Pause Cleanup 2975M->2975M(2985M) 0.358ms
[21.738s][info][gc,cpu        ] GC(1315) User=0.00s Sys=0.00s Real=0.00s
[21.738s][info][gc,marking    ] GC(1315) Concurrent Cleanup for Next Mark
[21.742s][info][gc,marking    ] GC(1315) Concurrent Cleanup for Next Mark 3.711ms
[21.742s][info][gc            ] GC(1315) Concurrent Cycle 17.746ms
[21.748s][info][gc,start      ] GC(1316) Pause Young (Concurrent Start) (G1 Humongous Allocation)
[21.748s][info][gc,task       ] GC(1316) Using 8 workers of 8 for evacuation
[21.749s][info][gc,phases     ] GC(1316)   Pre Evacuate Collection Set: 0.7ms
[21.749s][info][gc,phases     ] GC(1316)   Evacuate Collection Set: 0.5ms
[21.749s][info][gc,phases     ] GC(1316)   Post Evacuate Collection Set: 0.1ms
[21.749s][info][gc,phases     ] GC(1316)   Other: 0.3ms
[21.749s][info][gc,heap       ] GC(1316) Eden regions: 4->0(148)
[21.749s][info][gc,heap       ] GC(1316) Survivor regions: 1->1(19)
[21.749s][info][gc,heap       ] GC(1316) Old regions: 27->27
[21.749s][info][gc,heap       ] GC(1316) Humongous regions: 2946->2946
[21.749s][info][gc,metaspace  ] GC(1316) Metaspace: 9862K->9862K(1058816K)
[21.749s][info][gc            ] GC(1316) Pause Young (Concurrent Start) (G1 Humongous Allocation) 2977M->2973M(2985M) 1.663ms
[21.749s][info][gc,cpu        ] GC(1316) User=0.00s Sys=0.00s Real=0.00s
[21.749s][info][gc            ] GC(1317) Concurrent Cycle
[21.749s][info][gc,marking    ] GC(1317) Concurrent Clear Claimed Marks
[21.749s][info][gc,marking    ] GC(1317) Concurrent Clear Claimed Marks 0.013ms
[21.749s][info][gc,marking    ] GC(1317) Concurrent Scan Root Regions
[21.749s][info][gc,marking    ] GC(1317) Concurrent Scan Root Regions 0.047ms
[21.749s][info][gc,marking    ] GC(1317) Concurrent Mark (21.749s)
[21.749s][info][gc,marking    ] GC(1317) Concurrent Mark From Roots
[21.749s][info][gc,task       ] GC(1317) Using 2 workers of 2 for marking
[21.756s][info][gc,marking    ] GC(1317) Concurrent Mark From Roots 6.164ms
[21.756s][info][gc,marking    ] GC(1317) Concurrent Preclean
[21.756s][info][gc,marking    ] GC(1317) Concurrent Preclean 0.110ms
[21.756s][info][gc,marking    ] GC(1317) Concurrent Mark (21.749s, 21.756s) 6.367ms
[21.756s][info][gc,start      ] GC(1317) Pause Remark
[21.757s][info][gc,stringtable] GC(1317) Cleaned string and symbol table, strings: 4363 processed, 0 removed, symbols: 36588 processed, 0 removed
[21.758s][info][gc            ] GC(1317) Pause Remark 2976M->2976M(2987M) 1.884ms
[21.758s][info][gc,cpu        ] GC(1317) User=0.01s Sys=0.00s Real=0.00s
[21.758s][info][gc,marking    ] GC(1317) Concurrent Rebuild Remembered Sets
[21.763s][info][gc,marking    ] GC(1317) Concurrent Rebuild Remembered Sets 5.397ms
[21.764s][info][gc,start      ] GC(1317) Pause Cleanup
[21.765s][info][gc            ] GC(1317) Pause Cleanup 2979M->2979M(2989M) 0.328ms
[21.765s][info][gc,cpu        ] GC(1317) User=0.01s Sys=0.00s Real=0.00s
[21.765s][info][gc,marking    ] GC(1317) Concurrent Cleanup for Next Mark
[21.768s][info][gc,marking    ] GC(1317) Concurrent Cleanup for Next Mark 3.567ms
[21.768s][info][gc            ] GC(1317) Concurrent Cycle 18.870ms
[21.774s][info][gc,start      ] GC(1318) Pause Young (Concurrent Start) (G1 Humongous Allocation)
[21.774s][info][gc,task       ] GC(1318) Using 8 workers of 8 for evacuation
[21.776s][info][gc,phases     ] GC(1318)   Pre Evacuate Collection Set: 0.6ms
[21.776s][info][gc,phases     ] GC(1318)   Evacuate Collection Set: 0.6ms
[21.776s][info][gc,phases     ] GC(1318)   Post Evacuate Collection Set: 0.1ms
[21.776s][info][gc,phases     ] GC(1318)   Other: 0.3ms
[21.776s][info][gc,heap       ] GC(1318) Eden regions: 4->0(148)
[21.776s][info][gc,heap       ] GC(1318) Survivor regions: 1->1(19)
[21.776s][info][gc,heap       ] GC(1318) Old regions: 27->27
[21.776s][info][gc,heap       ] GC(1318) Humongous regions: 2950->2950
[21.776s][info][gc,metaspace  ] GC(1318) Metaspace: 9862K->9862K(1058816K)
[21.776s][info][gc            ] GC(1318) Pause Young (Concurrent Start) (G1 Humongous Allocation) 2981M->2977M(2989M) 1.771ms
[21.776s][info][gc,cpu        ] GC(1318) User=0.01s Sys=0.00s Real=0.00s
[21.776s][info][gc            ] GC(1319) Concurrent Cycle
[21.776s][info][gc,marking    ] GC(1319) Concurrent Clear Claimed Marks
[21.776s][info][gc,marking    ] GC(1319) Concurrent Clear Claimed Marks 0.038ms
[21.776s][info][gc,marking    ] GC(1319) Concurrent Scan Root Regions
[21.776s][info][gc,marking    ] GC(1319) Concurrent Scan Root Regions 0.095ms
[21.776s][info][gc,marking    ] GC(1319) Concurrent Mark (21.776s)
[21.776s][info][gc,marking    ] GC(1319) Concurrent Mark From Roots
[21.776s][info][gc,task       ] GC(1319) Using 2 workers of 2 for marking
[21.782s][info][gc,marking    ] GC(1319) Concurrent Mark From Roots 5.825ms
[21.782s][info][gc,marking    ] GC(1319) Concurrent Preclean
[21.782s][info][gc,marking    ] GC(1319) Concurrent Preclean 0.095ms
[21.782s][info][gc,marking    ] GC(1319) Concurrent Mark (21.776s, 21.782s) 5.988ms
[21.782s][info][gc,start      ] GC(1319) Pause Remark
[21.784s][info][gc,stringtable] GC(1319) Cleaned string and symbol table, strings: 4363 processed, 0 removed, symbols: 36588 processed, 0 removed
[21.784s][info][gc            ] GC(1319) Pause Remark 2980M->2980M(2991M) 1.851ms
[21.784s][info][gc,cpu        ] GC(1319) User=0.01s Sys=0.00s Real=0.00s
[21.784s][info][gc,marking    ] GC(1319) Concurrent Rebuild Remembered Sets
[21.790s][info][gc,marking    ] GC(1319) Concurrent Rebuild Remembered Sets 5.412ms
[21.790s][info][gc,start      ] GC(1319) Pause Cleanup
[21.791s][info][gc            ] GC(1319) Pause Cleanup 2983M->2983M(2993M) 0.467ms
[21.792s][info][gc,cpu        ] GC(1319) User=0.00s Sys=0.00s Real=0.01s
[21.792s][info][gc,marking    ] GC(1319) Concurrent Cleanup for Next Mark
[21.795s][info][gc,marking    ] GC(1319) Concurrent Cleanup for Next Mark 3.816ms
[21.795s][info][gc            ] GC(1319) Concurrent Cycle 19.363ms
[21.801s][info][gc,start      ] GC(1320) Pause Young (Concurrent Start) (G1 Humongous Allocation)
[21.802s][info][gc,task       ] GC(1320) Using 8 workers of 8 for evacuation
[21.803s][info][gc,phases     ] GC(1320)   Pre Evacuate Collection Set: 0.7ms
[21.803s][info][gc,phases     ] GC(1320)   Evacuate Collection Set: 0.5ms
[21.803s][info][gc,phases     ] GC(1320)   Post Evacuate Collection Set: 0.1ms
[21.803s][info][gc,phases     ] GC(1320)   Other: 0.3ms
[21.803s][info][gc,heap       ] GC(1320) Eden regions: 4->0(148)
[21.803s][info][gc,heap       ] GC(1320) Survivor regions: 1->1(19)
[21.803s][info][gc,heap       ] GC(1320) Old regions: 27->27
[21.803s][info][gc,heap       ] GC(1320) Humongous regions: 2954->2954
[21.803s][info][gc,metaspace  ] GC(1320) Metaspace: 9862K->9862K(1058816K)
[21.803s][info][gc            ] GC(1320) Pause Young (Concurrent Start) (G1 Humongous Allocation) 2985M->2981M(2993M) 1.831ms
[21.803s][info][gc,cpu        ] GC(1320) User=0.00s Sys=0.00s Real=0.00s
[21.803s][info][gc            ] GC(1321) Concurrent Cycle
[21.803s][info][gc,marking    ] GC(1321) Concurrent Clear Claimed Marks
[21.803s][info][gc,marking    ] GC(1321) Concurrent Clear Claimed Marks 0.013ms
[21.803s][info][gc,marking    ] GC(1321) Concurrent Scan Root Regions
[21.803s][info][gc,marking    ] GC(1321) Concurrent Scan Root Regions 0.055ms
[21.803s][info][gc,marking    ] GC(1321) Concurrent Mark (21.803s)
[21.803s][info][gc,marking    ] GC(1321) Concurrent Mark From Roots
[21.804s][info][gc,task       ] GC(1321) Using 2 workers of 2 for marking
[21.809s][info][gc,marking    ] GC(1321) Concurrent Mark From Roots 5.741ms
[21.809s][info][gc,marking    ] GC(1321) Concurrent Preclean
[21.809s][info][gc,marking    ] GC(1321) Concurrent Preclean 0.080ms
[21.809s][info][gc,marking    ] GC(1321) Concurrent Mark (21.803s, 21.809s) 5.887ms
[21.809s][info][gc,start      ] GC(1321) Pause Remark
[21.811s][info][gc,stringtable] GC(1321) Cleaned string and symbol table, strings: 4363 processed, 0 removed, symbols: 36588 processed, 0 removed
[21.811s][info][gc            ] GC(1321) Pause Remark 2984M->2984M(2995M) 1.669ms
[21.811s][info][gc,cpu        ] GC(1321) User=0.01s Sys=0.00s Real=0.01s
[21.811s][info][gc,marking    ] GC(1321) Concurrent Rebuild Remembered Sets
[21.817s][info][gc,marking    ] GC(1321) Concurrent Rebuild Remembered Sets 5.432ms
[21.817s][info][gc,start      ] GC(1321) Pause Cleanup
[21.817s][info][gc            ] GC(1321) Pause Cleanup 2987M->2987M(2997M) 0.336ms
[21.817s][info][gc,cpu        ] GC(1321) User=0.00s Sys=0.00s Real=0.00s
[21.817s][info][gc,marking    ] GC(1321) Concurrent Cleanup for Next Mark
[21.821s][info][gc,marking    ] GC(1321) Concurrent Cleanup for Next Mark 3.788ms
[21.821s][info][gc            ] GC(1321) Concurrent Cycle 17.878ms
[21.827s][info][gc,start      ] GC(1322) Pause Young (Concurrent Start) (G1 Humongous Allocation)
[21.827s][info][gc,task       ] GC(1322) Using 8 workers of 8 for evacuation
[21.830s][info][gc,phases     ] GC(1322)   Pre Evacuate Collection Set: 0.7ms
[21.830s][info][gc,phases     ] GC(1322)   Evacuate Collection Set: 1.3ms
[21.830s][info][gc,phases     ] GC(1322)   Post Evacuate Collection Set: 0.1ms
[21.830s][info][gc,phases     ] GC(1322)   Other: 0.3ms
[21.830s][info][gc,heap       ] GC(1322) Eden regions: 4->0(148)
[21.830s][info][gc,heap       ] GC(1322) Survivor regions: 1->1(19)
[21.830s][info][gc,heap       ] GC(1322) Old regions: 27->28
[21.830s][info][gc,heap       ] GC(1322) Humongous regions: 2958->2958
[21.830s][info][gc,metaspace  ] GC(1322) Metaspace: 9862K->9862K(1058816K)
[21.830s][info][gc            ] GC(1322) Pause Young (Concurrent Start) (G1 Humongous Allocation) 2989M->2985M(2997M) 2.575ms
[21.830s][info][gc,cpu        ] GC(1322) User=0.01s Sys=0.00s Real=0.00s
[21.830s][info][gc            ] GC(1323) Concurrent Cycle
[21.830s][info][gc,marking    ] GC(1323) Concurrent Clear Claimed Marks
[21.830s][info][gc,marking    ] GC(1323) Concurrent Clear Claimed Marks 0.022ms
[21.830s][info][gc,marking    ] GC(1323) Concurrent Scan Root Regions
[21.830s][info][gc,marking    ] GC(1323) Concurrent Scan Root Regions 0.089ms
[21.830s][info][gc,marking    ] GC(1323) Concurrent Mark (21.830s)
[21.830s][info][gc,marking    ] GC(1323) Concurrent Mark From Roots
[21.830s][info][gc,task       ] GC(1323) Using 2 workers of 2 for marking
[21.837s][info][gc,marking    ] GC(1323) Concurrent Mark From Roots 6.956ms
[21.837s][info][gc,marking    ] GC(1323) Concurrent Preclean
[21.837s][info][gc,marking    ] GC(1323) Concurrent Preclean 0.107ms
[21.837s][info][gc,marking    ] GC(1323) Concurrent Mark (21.830s, 21.837s) 7.166ms
[21.837s][info][gc,start      ] GC(1323) Pause Remark
[21.839s][info][gc,stringtable] GC(1323) Cleaned string and symbol table, strings: 4363 processed, 0 removed, symbols: 36588 processed, 0 removed
[21.840s][info][gc            ] GC(1323) Pause Remark 2988M->2988M(2999M) 2.377ms
[21.840s][info][gc,cpu        ] GC(1323) User=0.01s Sys=0.00s Real=0.00s
[21.840s][info][gc,marking    ] GC(1323) Concurrent Rebuild Remembered Sets
[21.846s][info][gc,marking    ] GC(1323) Concurrent Rebuild Remembered Sets 5.647ms
[21.847s][info][gc,start      ] GC(1323) Pause Cleanup
[21.847s][info][gc            ] GC(1323) Pause Cleanup 2991M->2991M(3001M) 0.327ms
[21.847s][info][gc,cpu        ] GC(1323) User=0.00s Sys=0.00s Real=0.00s
[21.847s][info][gc,marking    ] GC(1323) Concurrent Cleanup for Next Mark
[21.851s][info][gc,marking    ] GC(1323) Concurrent Cleanup for Next Mark 3.601ms
[21.851s][info][gc            ] GC(1323) Concurrent Cycle 20.585ms
[21.857s][info][gc,start      ] GC(1324) Pause Young (Concurrent Start) (G1 Humongous Allocation)
[21.857s][info][gc,task       ] GC(1324) Using 8 workers of 8 for evacuation
[21.858s][info][gc,phases     ] GC(1324)   Pre Evacuate Collection Set: 0.7ms
[21.858s][info][gc,phases     ] GC(1324)   Evacuate Collection Set: 0.6ms
[21.858s][info][gc,phases     ] GC(1324)   Post Evacuate Collection Set: 0.1ms
[21.858s][info][gc,phases     ] GC(1324)   Other: 0.3ms
[21.858s][info][gc,heap       ] GC(1324) Eden regions: 4->0(149)
[21.858s][info][gc,heap       ] GC(1324) Survivor regions: 1->1(19)
[21.858s][info][gc,heap       ] GC(1324) Old regions: 28->28
[21.858s][info][gc,heap       ] GC(1324) Humongous regions: 2962->2962
[21.858s][info][gc,metaspace  ] GC(1324) Metaspace: 9862K->9862K(1058816K)
[21.858s][info][gc            ] GC(1324) Pause Young (Concurrent Start) (G1 Humongous Allocation) 2993M->2989M(3001M) 1.752ms
[21.858s][info][gc,cpu        ] GC(1324) User=0.00s Sys=0.00s Real=0.00s
[21.858s][info][gc            ] GC(1325) Concurrent Cycle
[21.858s][info][gc,marking    ] GC(1325) Concurrent Clear Claimed Marks
[21.858s][info][gc,marking    ] GC(1325) Concurrent Clear Claimed Marks 0.012ms
[21.858s][info][gc,marking    ] GC(1325) Concurrent Scan Root Regions
[21.859s][info][gc,marking    ] GC(1325) Concurrent Scan Root Regions 0.055ms
[21.859s][info][gc,marking    ] GC(1325) Concurrent Mark (21.859s)
[21.859s][info][gc,marking    ] GC(1325) Concurrent Mark From Roots
[21.859s][info][gc,task       ] GC(1325) Using 2 workers of 2 for marking
[21.864s][info][gc,marking    ] GC(1325) Concurrent Mark From Roots 5.861ms
[21.864s][info][gc,marking    ] GC(1325) Concurrent Preclean
[21.865s][info][gc,marking    ] GC(1325) Concurrent Preclean 0.086ms
[21.865s][info][gc,marking    ] GC(1325) Concurrent Mark (21.859s, 21.865s) 6.019ms
[21.865s][info][gc,start      ] GC(1325) Pause Remark
[21.866s][info][gc,stringtable] GC(1325) Cleaned string and symbol table, strings: 4363 processed, 0 removed, symbols: 36588 processed, 0 removed
[21.866s][info][gc            ] GC(1325) Pause Remark 2992M->2992M(3003M) 1.370ms
[21.866s][info][gc,cpu        ] GC(1325) User=0.01s Sys=0.00s Real=0.00s
[21.866s][info][gc,marking    ] GC(1325) Concurrent Rebuild Remembered Sets
[21.871s][info][gc,marking    ] GC(1325) Concurrent Rebuild Remembered Sets 5.380ms
[21.872s][info][gc,start      ] GC(1325) Pause Cleanup
[21.872s][info][gc            ] GC(1325) Pause Cleanup 2995M->2995M(3005M) 0.344ms
[21.872s][info][gc,cpu        ] GC(1325) User=0.00s Sys=0.00s Real=0.00s
[21.872s][info][gc,marking    ] GC(1325) Concurrent Cleanup for Next Mark
[21.876s][info][gc,marking    ] GC(1325) Concurrent Cleanup for Next Mark 3.728ms
[21.876s][info][gc            ] GC(1325) Concurrent Cycle 17.650ms
[21.882s][info][gc,start      ] GC(1326) Pause Young (Concurrent Start) (G1 Humongous Allocation)
[21.882s][info][gc,task       ] GC(1326) Using 8 workers of 8 for evacuation
[21.884s][info][gc,phases     ] GC(1326)   Pre Evacuate Collection Set: 0.7ms
[21.884s][info][gc,phases     ] GC(1326)   Evacuate Collection Set: 0.5ms
[21.884s][info][gc,phases     ] GC(1326)   Post Evacuate Collection Set: 0.1ms
[21.884s][info][gc,phases     ] GC(1326)   Other: 0.3ms
[21.884s][info][gc,heap       ] GC(1326) Eden regions: 4->0(149)
[21.884s][info][gc,heap       ] GC(1326) Survivor regions: 1->1(19)
[21.884s][info][gc,heap       ] GC(1326) Old regions: 28->28
[21.884s][info][gc,heap       ] GC(1326) Humongous regions: 2966->2966
[21.884s][info][gc,metaspace  ] GC(1326) Metaspace: 9862K->9862K(1058816K)
[21.884s][info][gc            ] GC(1326) Pause Young (Concurrent Start) (G1 Humongous Allocation) 2997M->2993M(3005M) 1.761ms
[21.884s][info][gc,cpu        ] GC(1326) User=0.00s Sys=0.00s Real=0.00s
[21.884s][info][gc            ] GC(1327) Concurrent Cycle
[21.884s][info][gc,marking    ] GC(1327) Concurrent Clear Claimed Marks
[21.884s][info][gc,marking    ] GC(1327) Concurrent Clear Claimed Marks 0.012ms
[21.884s][info][gc,marking    ] GC(1327) Concurrent Scan Root Regions
[21.884s][info][gc,marking    ] GC(1327) Concurrent Scan Root Regions 0.052ms
[21.884s][info][gc,marking    ] GC(1327) Concurrent Mark (21.884s)
[21.884s][info][gc,marking    ] GC(1327) Concurrent Mark From Roots
[21.884s][info][gc,task       ] GC(1327) Using 2 workers of 2 for marking
[21.890s][info][gc,marking    ] GC(1327) Concurrent Mark From Roots 5.759ms
[21.890s][info][gc,marking    ] GC(1327) Concurrent Preclean
[21.890s][info][gc,marking    ] GC(1327) Concurrent Preclean 0.079ms
[21.890s][info][gc,marking    ] GC(1327) Concurrent Mark (21.884s, 21.890s) 5.904ms
[21.890s][info][gc,start      ] GC(1327) Pause Remark
[21.891s][info][gc,stringtable] GC(1327) Cleaned string and symbol table, strings: 4363 processed, 0 removed, symbols: 36588 processed, 0 removed
[21.892s][info][gc            ] GC(1327) Pause Remark 2996M->2996M(3007M) 1.759ms
[21.892s][info][gc,cpu        ] GC(1327) User=0.01s Sys=0.00s Real=0.01s
[21.892s][info][gc,marking    ] GC(1327) Concurrent Rebuild Remembered Sets
[21.897s][info][gc,marking    ] GC(1327) Concurrent Rebuild Remembered Sets 5.360ms
[21.897s][info][gc,start      ] GC(1327) Pause Cleanup
[21.898s][info][gc            ] GC(1327) Pause Cleanup 2999M->2999M(3009M) 0.352ms
[21.898s][info][gc,cpu        ] GC(1327) User=0.00s Sys=0.00s Real=0.00s
[21.898s][info][gc,marking    ] GC(1327) Concurrent Cleanup for Next Mark
[21.902s][info][gc,marking    ] GC(1327) Concurrent Cleanup for Next Mark 3.605ms
[21.902s][info][gc            ] GC(1327) Concurrent Cycle 17.665ms
[21.907s][info][gc,start      ] GC(1328) Pause Young (Concurrent Start) (G1 Humongous Allocation)
[21.907s][info][gc,task       ] GC(1328) Using 8 workers of 8 for evacuation
[21.909s][info][gc,phases     ] GC(1328)   Pre Evacuate Collection Set: 0.6ms
[21.909s][info][gc,phases     ] GC(1328)   Evacuate Collection Set: 0.5ms
[21.909s][info][gc,phases     ] GC(1328)   Post Evacuate Collection Set: 0.1ms
[21.909s][info][gc,phases     ] GC(1328)   Other: 0.3ms
[21.909s][info][gc,heap       ] GC(1328) Eden regions: 4->0(149)
[21.909s][info][gc,heap       ] GC(1328) Survivor regions: 1->1(19)
[21.909s][info][gc,heap       ] GC(1328) Old regions: 28->28
[21.909s][info][gc,heap       ] GC(1328) Humongous regions: 2970->2970
[21.909s][info][gc,metaspace  ] GC(1328) Metaspace: 9862K->9862K(1058816K)
[21.909s][info][gc            ] GC(1328) Pause Young (Concurrent Start) (G1 Humongous Allocation) 3001M->2997M(3009M) 1.634ms
[21.909s][info][gc,cpu        ] GC(1328) User=0.01s Sys=0.00s Real=0.00s
[21.909s][info][gc            ] GC(1329) Concurrent Cycle
[21.909s][info][gc,marking    ] GC(1329) Concurrent Clear Claimed Marks
[21.909s][info][gc,marking    ] GC(1329) Concurrent Clear Claimed Marks 0.016ms
[21.909s][info][gc,marking    ] GC(1329) Concurrent Scan Root Regions
[21.909s][info][gc,marking    ] GC(1329) Concurrent Scan Root Regions 0.055ms
[21.909s][info][gc,marking    ] GC(1329) Concurrent Mark (21.909s)
[21.909s][info][gc,marking    ] GC(1329) Concurrent Mark From Roots
[21.909s][info][gc,task       ] GC(1329) Using 2 workers of 2 for marking
[21.915s][info][gc,marking    ] GC(1329) Concurrent Mark From Roots 5.758ms
[21.915s][info][gc,marking    ] GC(1329) Concurrent Preclean
[21.915s][info][gc,marking    ] GC(1329) Concurrent Preclean 0.075ms
[21.915s][info][gc,marking    ] GC(1329) Concurrent Mark (21.909s, 21.915s) 5.903ms
[21.915s][info][gc,start      ] GC(1329) Pause Remark
[21.916s][info][gc,stringtable] GC(1329) Cleaned string and symbol table, strings: 4363 processed, 0 removed, symbols: 36588 processed, 0 removed
[21.916s][info][gc            ] GC(1329) Pause Remark 3000M->3000M(3011M) 1.181ms
[21.916s][info][gc,cpu        ] GC(1329) User=0.01s Sys=0.00s Real=0.00s
[21.917s][info][gc,marking    ] GC(1329) Concurrent Rebuild Remembered Sets
[21.922s][info][gc,marking    ] GC(1329) Concurrent Rebuild Remembered Sets 5.336ms
[21.922s][info][gc,start      ] GC(1329) Pause Cleanup
[21.922s][info][gc            ] GC(1329) Pause Cleanup 3003M->3003M(3013M) 0.306ms
[21.922s][info][gc,cpu        ] GC(1329) User=0.01s Sys=0.00s Real=0.00s
[21.922s][info][gc,marking    ] GC(1329) Concurrent Cleanup for Next Mark
[21.926s][info][gc,marking    ] GC(1329) Concurrent Cleanup for Next Mark 3.602ms
[21.926s][info][gc            ] GC(1329) Concurrent Cycle 16.851ms
[21.932s][info][gc,start      ] GC(1330) Pause Young (Concurrent Start) (G1 Humongous Allocation)
[21.932s][info][gc,task       ] GC(1330) Using 8 workers of 8 for evacuation
[21.934s][info][gc,phases     ] GC(1330)   Pre Evacuate Collection Set: 0.6ms
[21.934s][info][gc,phases     ] GC(1330)   Evacuate Collection Set: 0.6ms
[21.934s][info][gc,phases     ] GC(1330)   Post Evacuate Collection Set: 0.1ms
[21.934s][info][gc,phases     ] GC(1330)   Other: 0.2ms
[21.934s][info][gc,heap       ] GC(1330) Eden regions: 4->0(149)
[21.934s][info][gc,heap       ] GC(1330) Survivor regions: 1->1(19)
[21.934s][info][gc,heap       ] GC(1330) Old regions: 28->28
[21.934s][info][gc,heap       ] GC(1330) Humongous regions: 2974->2974
[21.934s][info][gc,metaspace  ] GC(1330) Metaspace: 9862K->9862K(1058816K)
[21.934s][info][gc            ] GC(1330) Pause Young (Concurrent Start) (G1 Humongous Allocation) 3005M->3001M(3013M) 1.739ms
[21.934s][info][gc,cpu        ] GC(1330) User=0.01s Sys=0.00s Real=0.00s
[21.934s][info][gc            ] GC(1331) Concurrent Cycle
[21.934s][info][gc,marking    ] GC(1331) Concurrent Clear Claimed Marks
[21.934s][info][gc,marking    ] GC(1331) Concurrent Clear Claimed Marks 0.012ms
[21.934s][info][gc,marking    ] GC(1331) Concurrent Scan Root Regions
[21.934s][info][gc,marking    ] GC(1331) Concurrent Scan Root Regions 0.048ms
[21.934s][info][gc,marking    ] GC(1331) Concurrent Mark (21.934s)
[21.934s][info][gc,marking    ] GC(1331) Concurrent Mark From Roots
[21.934s][info][gc,task       ] GC(1331) Using 2 workers of 2 for marking
[21.939s][info][gc,marking    ] GC(1331) Concurrent Mark From Roots 5.611ms
[21.939s][info][gc,marking    ] GC(1331) Concurrent Preclean
[21.940s][info][gc,marking    ] GC(1331) Concurrent Preclean 0.073ms
[21.940s][info][gc,marking    ] GC(1331) Concurrent Mark (21.934s, 21.940s) 5.751ms
[21.940s][info][gc,start      ] GC(1331) Pause Remark
[21.941s][info][gc,stringtable] GC(1331) Cleaned string and symbol table, strings: 4363 processed, 0 removed, symbols: 36588 processed, 0 removed
[21.941s][info][gc            ] GC(1331) Pause Remark 3004M->3004M(3015M) 1.675ms
[21.941s][info][gc,cpu        ] GC(1331) User=0.01s Sys=0.00s Real=0.01s
[21.941s][info][gc,marking    ] GC(1331) Concurrent Rebuild Remembered Sets
[21.947s][info][gc,marking    ] GC(1331) Concurrent Rebuild Remembered Sets 5.263ms
[21.947s][info][gc,start      ] GC(1331) Pause Cleanup
[21.947s][info][gc            ] GC(1331) Pause Cleanup 3007M->3007M(3017M) 0.313ms
[21.947s][info][gc,cpu        ] GC(1331) User=0.00s Sys=0.00s Real=0.00s
[21.948s][info][gc,marking    ] GC(1331) Concurrent Cleanup for Next Mark
[21.951s][info][gc,marking    ] GC(1331) Concurrent Cleanup for Next Mark 3.586ms
[21.951s][info][gc            ] GC(1331) Concurrent Cycle 17.421ms
[21.957s][info][gc,start      ] GC(1332) Pause Young (Concurrent Start) (G1 Humongous Allocation)
[21.957s][info][gc,task       ] GC(1332) Using 8 workers of 8 for evacuation
[21.959s][info][gc,phases     ] GC(1332)   Pre Evacuate Collection Set: 0.7ms
[21.959s][info][gc,phases     ] GC(1332)   Evacuate Collection Set: 0.5ms
[21.959s][info][gc,phases     ] GC(1332)   Post Evacuate Collection Set: 0.1ms
[21.959s][info][gc,phases     ] GC(1332)   Other: 0.3ms
[21.959s][info][gc,heap       ] GC(1332) Eden regions: 4->0(149)
[21.959s][info][gc,heap       ] GC(1332) Survivor regions: 1->1(19)
[21.959s][info][gc,heap       ] GC(1332) Old regions: 28->28
[21.959s][info][gc,heap       ] GC(1332) Humongous regions: 2978->2978
[21.959s][info][gc,metaspace  ] GC(1332) Metaspace: 9862K->9862K(1058816K)
[21.959s][info][gc            ] GC(1332) Pause Young (Concurrent Start) (G1 Humongous Allocation) 3009M->3005M(3017M) 1.691ms
[21.959s][info][gc,cpu        ] GC(1332) User=0.01s Sys=0.00s Real=0.00s
[21.959s][info][gc            ] GC(1333) Concurrent Cycle
[21.959s][info][gc,marking    ] GC(1333) Concurrent Clear Claimed Marks
[21.959s][info][gc,marking    ] GC(1333) Concurrent Clear Claimed Marks 0.012ms
[21.959s][info][gc,marking    ] GC(1333) Concurrent Scan Root Regions
[21.959s][info][gc,marking    ] GC(1333) Concurrent Scan Root Regions 0.056ms
[21.959s][info][gc,marking    ] GC(1333) Concurrent Mark (21.959s)
[21.959s][info][gc,marking    ] GC(1333) Concurrent Mark From Roots
[21.959s][info][gc,task       ] GC(1333) Using 2 workers of 2 for marking
[21.965s][info][gc,marking    ] GC(1333) Concurrent Mark From Roots 5.649ms
[21.965s][info][gc,marking    ] GC(1333) Concurrent Preclean
[21.965s][info][gc,marking    ] GC(1333) Concurrent Preclean 0.076ms
[21.965s][info][gc,marking    ] GC(1333) Concurrent Mark (21.959s, 21.965s) 5.789ms
[21.965s][info][gc,start      ] GC(1333) Pause Remark
[21.966s][info][gc,stringtable] GC(1333) Cleaned string and symbol table, strings: 4363 processed, 0 removed, symbols: 36588 processed, 0 removed
[21.967s][info][gc            ] GC(1333) Pause Remark 3008M->3008M(3019M) 1.678ms
[21.967s][info][gc,cpu        ] GC(1333) User=0.01s Sys=0.00s Real=0.00s
[21.967s][info][gc,marking    ] GC(1333) Concurrent Rebuild Remembered Sets
[21.972s][info][gc,marking    ] GC(1333) Concurrent Rebuild Remembered Sets 5.417ms
[21.972s][info][gc,start      ] GC(1333) Pause Cleanup
[21.973s][info][gc            ] GC(1333) Pause Cleanup 3011M->3011M(3021M) 0.258ms
[21.973s][info][gc,cpu        ] GC(1333) User=0.00s Sys=0.00s Real=0.00s
[21.973s][info][gc,marking    ] GC(1333) Concurrent Cleanup for Next Mark
[21.976s][info][gc,marking    ] GC(1333) Concurrent Cleanup for Next Mark 3.669ms
[21.976s][info][gc            ] GC(1333) Concurrent Cycle 17.518ms
[21.982s][info][gc,start      ] GC(1334) Pause Young (Concurrent Start) (G1 Humongous Allocation)
[21.982s][info][gc,task       ] GC(1334) Using 8 workers of 8 for evacuation
[21.984s][info][gc,phases     ] GC(1334)   Pre Evacuate Collection Set: 0.6ms
[21.984s][info][gc,phases     ] GC(1334)   Evacuate Collection Set: 0.5ms
[21.984s][info][gc,phases     ] GC(1334)   Post Evacuate Collection Set: 0.1ms
[21.984s][info][gc,phases     ] GC(1334)   Other: 0.2ms
[21.984s][info][gc,heap       ] GC(1334) Eden regions: 4->0(150)
[21.984s][info][gc,heap       ] GC(1334) Survivor regions: 1->1(19)
[21.984s][info][gc,heap       ] GC(1334) Old regions: 28->28
[21.984s][info][gc,heap       ] GC(1334) Humongous regions: 2982->2982
[21.984s][info][gc,metaspace  ] GC(1334) Metaspace: 9862K->9862K(1058816K)
[21.984s][info][gc            ] GC(1334) Pause Young (Concurrent Start) (G1 Humongous Allocation) 3013M->3009M(3021M) 1.671ms
[21.984s][info][gc,cpu        ] GC(1334) User=0.01s Sys=0.00s Real=0.00s
[21.984s][info][gc            ] GC(1335) Concurrent Cycle
[21.984s][info][gc,marking    ] GC(1335) Concurrent Clear Claimed Marks
[21.984s][info][gc,marking    ] GC(1335) Concurrent Clear Claimed Marks 0.012ms
[21.984s][info][gc,marking    ] GC(1335) Concurrent Scan Root Regions
[21.984s][info][gc,marking    ] GC(1335) Concurrent Scan Root Regions 0.051ms
[21.984s][info][gc,marking    ] GC(1335) Concurrent Mark (21.984s)
[21.984s][info][gc,marking    ] GC(1335) Concurrent Mark From Roots
[21.984s][info][gc,task       ] GC(1335) Using 2 workers of 2 for marking
[21.990s][info][gc,marking    ] GC(1335) Concurrent Mark From Roots 5.574ms
[21.990s][info][gc,marking    ] GC(1335) Concurrent Preclean
[21.990s][info][gc,marking    ] GC(1335) Concurrent Preclean 0.073ms
[21.990s][info][gc,marking    ] GC(1335) Concurrent Mark (21.984s, 21.990s) 5.715ms
[21.990s][info][gc,start      ] GC(1335) Pause Remark
[21.991s][info][gc,stringtable] GC(1335) Cleaned string and symbol table, strings: 4363 processed, 0 removed, symbols: 36588 processed, 0 removed
[21.992s][info][gc            ] GC(1335) Pause Remark 3012M->3012M(3023M) 1.705ms
[21.992s][info][gc,cpu        ] GC(1335) User=0.00s Sys=0.00s Real=0.01s
[21.992s][info][gc,marking    ] GC(1335) Concurrent Rebuild Remembered Sets
[21.997s][info][gc,marking    ] GC(1335) Concurrent Rebuild Remembered Sets 5.359ms
[21.997s][info][gc,start      ] GC(1335) Pause Cleanup
[21.998s][info][gc            ] GC(1335) Pause Cleanup 3015M->3015M(3025M) 0.339ms
[21.998s][info][gc,cpu        ] GC(1335) User=0.00s Sys=0.00s Real=0.00s
[21.998s][info][gc,marking    ] GC(1335) Concurrent Cleanup for Next Mark
[22.002s][info][gc,marking    ] GC(1335) Concurrent Cleanup for Next Mark 3.828ms
[22.002s][info][gc            ] GC(1335) Concurrent Cycle 17.682ms
[22.008s][info][gc,start      ] GC(1336) Pause Young (Concurrent Start) (G1 Humongous Allocation)
[22.008s][info][gc,task       ] GC(1336) Using 8 workers of 8 for evacuation
[22.010s][info][gc,phases     ] GC(1336)   Pre Evacuate Collection Set: 0.7ms
[22.010s][info][gc,phases     ] GC(1336)   Evacuate Collection Set: 0.5ms
[22.010s][info][gc,phases     ] GC(1336)   Post Evacuate Collection Set: 0.1ms
[22.010s][info][gc,phases     ] GC(1336)   Other: 0.3ms
[22.010s][info][gc,heap       ] GC(1336) Eden regions: 4->0(150)
[22.010s][info][gc,heap       ] GC(1336) Survivor regions: 1->1(19)
[22.010s][info][gc,heap       ] GC(1336) Old regions: 28->28
[22.010s][info][gc,heap       ] GC(1336) Humongous regions: 2986->2986
[22.010s][info][gc,metaspace  ] GC(1336) Metaspace: 9862K->9862K(1058816K)
[22.010s][info][gc            ] GC(1336) Pause Young (Concurrent Start) (G1 Humongous Allocation) 3017M->3013M(3025M) 1.738ms
[22.010s][info][gc,cpu        ] GC(1336) User=0.00s Sys=0.00s Real=0.00s
[22.010s][info][gc            ] GC(1337) Concurrent Cycle
[22.010s][info][gc,marking    ] GC(1337) Concurrent Clear Claimed Marks
[22.010s][info][gc,marking    ] GC(1337) Concurrent Clear Claimed Marks 0.012ms
[22.010s][info][gc,marking    ] GC(1337) Concurrent Scan Root Regions
[22.010s][info][gc,marking    ] GC(1337) Concurrent Scan Root Regions 0.050ms
[22.010s][info][gc,marking    ] GC(1337) Concurrent Mark (22.010s)
[22.010s][info][gc,marking    ] GC(1337) Concurrent Mark From Roots
[22.010s][info][gc,task       ] GC(1337) Using 2 workers of 2 for marking
[22.015s][info][gc,marking    ] GC(1337) Concurrent Mark From Roots 5.593ms
[22.016s][info][gc,marking    ] GC(1337) Concurrent Preclean
[22.016s][info][gc,marking    ] GC(1337) Concurrent Preclean 0.079ms
[22.016s][info][gc,marking    ] GC(1337) Concurrent Mark (22.010s, 22.016s) 5.743ms
[22.016s][info][gc,start      ] GC(1337) Pause Remark
[22.016s][info][gc,stringtable] GC(1337) Cleaned string and symbol table, strings: 4363 processed, 0 removed, symbols: 36588 processed, 0 removed
[22.017s][info][gc            ] GC(1337) Pause Remark 3016M->3016M(3027M) 1.070ms
[22.017s][info][gc,cpu        ] GC(1337) User=0.00s Sys=0.00s Real=0.00s
[22.017s][info][gc,marking    ] GC(1337) Concurrent Rebuild Remembered Sets
[22.022s][info][gc,marking    ] GC(1337) Concurrent Rebuild Remembered Sets 5.492ms
[22.023s][info][gc,start      ] GC(1337) Pause Cleanup
[22.023s][info][gc            ] GC(1337) Pause Cleanup 3019M->3019M(3029M) 0.376ms
[22.023s][info][gc,cpu        ] GC(1337) User=0.00s Sys=0.00s Real=0.00s
[22.023s][info][gc,marking    ] GC(1337) Concurrent Cleanup for Next Mark
[22.027s][info][gc,marking    ] GC(1337) Concurrent Cleanup for Next Mark 3.622ms
[22.027s][info][gc            ] GC(1337) Concurrent Cycle 17.073ms
[22.033s][info][gc,start      ] GC(1338) Pause Young (Concurrent Start) (G1 Humongous Allocation)
[22.033s][info][gc,task       ] GC(1338) Using 8 workers of 8 for evacuation
[22.035s][info][gc,phases     ] GC(1338)   Pre Evacuate Collection Set: 0.7ms
[22.035s][info][gc,phases     ] GC(1338)   Evacuate Collection Set: 1.3ms
[22.035s][info][gc,phases     ] GC(1338)   Post Evacuate Collection Set: 0.1ms
[22.035s][info][gc,phases     ] GC(1338)   Other: 0.3ms
[22.035s][info][gc,heap       ] GC(1338) Eden regions: 4->0(150)
[22.035s][info][gc,heap       ] GC(1338) Survivor regions: 1->1(19)
[22.035s][info][gc,heap       ] GC(1338) Old regions: 28->28
[22.035s][info][gc,heap       ] GC(1338) Humongous regions: 2990->2990
[22.035s][info][gc,metaspace  ] GC(1338) Metaspace: 9862K->9862K(1058816K)
[22.035s][info][gc            ] GC(1338) Pause Young (Concurrent Start) (G1 Humongous Allocation) 3021M->3017M(3029M) 2.645ms
[22.035s][info][gc,cpu        ] GC(1338) User=0.01s Sys=0.00s Real=0.00s
[22.036s][info][gc            ] GC(1339) Concurrent Cycle
[22.036s][info][gc,marking    ] GC(1339) Concurrent Clear Claimed Marks
[22.036s][info][gc,marking    ] GC(1339) Concurrent Clear Claimed Marks 0.013ms
[22.036s][info][gc,marking    ] GC(1339) Concurrent Scan Root Regions
[22.036s][info][gc,marking    ] GC(1339) Concurrent Scan Root Regions 0.053ms
[22.036s][info][gc,marking    ] GC(1339) Concurrent Mark (22.036s)
[22.036s][info][gc,marking    ] GC(1339) Concurrent Mark From Roots
[22.036s][info][gc,task       ] GC(1339) Using 2 workers of 2 for marking
[22.042s][info][gc,marking    ] GC(1339) Concurrent Mark From Roots 5.984ms
[22.042s][info][gc,marking    ] GC(1339) Concurrent Preclean
[22.042s][info][gc,marking    ] GC(1339) Concurrent Preclean 0.102ms
[22.042s][info][gc,marking    ] GC(1339) Concurrent Mark (22.036s, 22.042s) 6.181ms
[22.042s][info][gc,start      ] GC(1339) Pause Remark
[22.044s][info][gc,stringtable] GC(1339) Cleaned string and symbol table, strings: 4363 processed, 0 removed, symbols: 36588 processed, 0 removed
[22.044s][info][gc            ] GC(1339) Pause Remark 3020M->3020M(3031M) 2.145ms
[22.044s][info][gc,cpu        ] GC(1339) User=0.01s Sys=0.01s Real=0.00s
[22.044s][info][gc,marking    ] GC(1339) Concurrent Rebuild Remembered Sets
[22.050s][info][gc,marking    ] GC(1339) Concurrent Rebuild Remembered Sets 5.974ms
[22.050s][info][gc,start      ] GC(1339) Pause Cleanup
[22.051s][info][gc            ] GC(1339) Pause Cleanup 3023M->3023M(3033M) 0.414ms
[22.051s][info][gc,cpu        ] GC(1339) User=0.00s Sys=0.00s Real=0.00s
[22.051s][info][gc,marking    ] GC(1339) Concurrent Cleanup for Next Mark
[22.054s][info][gc,marking    ] GC(1339) Concurrent Cleanup for Next Mark 3.644ms
[22.054s][info][gc            ] GC(1339) Concurrent Cycle 18.892ms
[22.060s][info][gc,start      ] GC(1340) Pause Young (Concurrent Start) (G1 Humongous Allocation)
[22.060s][info][gc,task       ] GC(1340) Using 8 workers of 8 for evacuation
[22.062s][info][gc,phases     ] GC(1340)   Pre Evacuate Collection Set: 0.7ms
[22.062s][info][gc,phases     ] GC(1340)   Evacuate Collection Set: 0.5ms
[22.062s][info][gc,phases     ] GC(1340)   Post Evacuate Collection Set: 0.1ms
[22.062s][info][gc,phases     ] GC(1340)   Other: 0.3ms
[22.062s][info][gc,heap       ] GC(1340) Eden regions: 4->0(150)
[22.062s][info][gc,heap       ] GC(1340) Survivor regions: 1->1(19)
[22.062s][info][gc,heap       ] GC(1340) Old regions: 28->28
[22.062s][info][gc,heap       ] GC(1340) Humongous regions: 2994->2994
[22.062s][info][gc,metaspace  ] GC(1340) Metaspace: 9862K->9862K(1058816K)
[22.062s][info][gc            ] GC(1340) Pause Young (Concurrent Start) (G1 Humongous Allocation) 3025M->3021M(3033M) 1.780ms
[22.062s][info][gc,cpu        ] GC(1340) User=0.00s Sys=0.00s Real=0.01s
[22.062s][info][gc            ] GC(1341) Concurrent Cycle
[22.062s][info][gc,marking    ] GC(1341) Concurrent Clear Claimed Marks
[22.062s][info][gc,marking    ] GC(1341) Concurrent Clear Claimed Marks 0.015ms
[22.062s][info][gc,marking    ] GC(1341) Concurrent Scan Root Regions
[22.062s][info][gc,marking    ] GC(1341) Concurrent Scan Root Regions 0.058ms
[22.062s][info][gc,marking    ] GC(1341) Concurrent Mark (22.062s)
[22.062s][info][gc,marking    ] GC(1341) Concurrent Mark From Roots
[22.062s][info][gc,task       ] GC(1341) Using 2 workers of 2 for marking
[22.068s][info][gc,marking    ] GC(1341) Concurrent Mark From Roots 5.837ms
[22.068s][info][gc,marking    ] GC(1341) Concurrent Preclean
[22.068s][info][gc,marking    ] GC(1341) Concurrent Preclean 0.078ms
[22.068s][info][gc,marking    ] GC(1341) Concurrent Mark (22.062s, 22.068s) 5.981ms
[22.068s][info][gc,start      ] GC(1341) Pause Remark
[22.069s][info][gc,stringtable] GC(1341) Cleaned string and symbol table, strings: 4363 processed, 0 removed, symbols: 36588 processed, 0 removed
[22.070s][info][gc            ] GC(1341) Pause Remark 3024M->3024M(3035M) 1.112ms
[22.070s][info][gc,cpu        ] GC(1341) User=0.01s Sys=0.00s Real=0.00s
[22.070s][info][gc,marking    ] GC(1341) Concurrent Rebuild Remembered Sets
[22.075s][info][gc,marking    ] GC(1341) Concurrent Rebuild Remembered Sets 5.516ms
[22.075s][info][gc,start      ] GC(1341) Pause Cleanup
[22.076s][info][gc            ] GC(1341) Pause Cleanup 3027M->3027M(3037M) 0.338ms
[22.076s][info][gc,cpu        ] GC(1341) User=0.00s Sys=0.00s Real=0.00s
[22.076s][info][gc,marking    ] GC(1341) Concurrent Cleanup for Next Mark
[22.079s][info][gc,marking    ] GC(1341) Concurrent Cleanup for Next Mark 3.659ms
[22.079s][info][gc            ] GC(1341) Concurrent Cycle 17.234ms
[22.085s][info][gc,start      ] GC(1342) Pause Young (Concurrent Start) (G1 Humongous Allocation)
[22.085s][info][gc,task       ] GC(1342) Using 8 workers of 8 for evacuation
[22.087s][info][gc,phases     ] GC(1342)   Pre Evacuate Collection Set: 0.7ms
[22.087s][info][gc,phases     ] GC(1342)   Evacuate Collection Set: 0.6ms
[22.087s][info][gc,phases     ] GC(1342)   Post Evacuate Collection Set: 0.1ms
[22.087s][info][gc,phases     ] GC(1342)   Other: 0.3ms
[22.087s][info][gc,heap       ] GC(1342) Eden regions: 4->0(150)
[22.087s][info][gc,heap       ] GC(1342) Survivor regions: 1->1(19)
[22.087s][info][gc,heap       ] GC(1342) Old regions: 28->28
[22.087s][info][gc,heap       ] GC(1342) Humongous regions: 2998->2998
[22.087s][info][gc,metaspace  ] GC(1342) Metaspace: 9862K->9862K(1058816K)
[22.087s][info][gc            ] GC(1342) Pause Young (Concurrent Start) (G1 Humongous Allocation) 3029M->3025M(3037M) 1.798ms
[22.087s][info][gc,cpu        ] GC(1342) User=0.00s Sys=0.00s Real=0.00s
[22.087s][info][gc            ] GC(1343) Concurrent Cycle
[22.087s][info][gc,marking    ] GC(1343) Concurrent Clear Claimed Marks
[22.087s][info][gc,marking    ] GC(1343) Concurrent Clear Claimed Marks 0.017ms
[22.087s][info][gc,marking    ] GC(1343) Concurrent Scan Root Regions
[22.087s][info][gc,marking    ] GC(1343) Concurrent Scan Root Regions 0.053ms
[22.087s][info][gc,marking    ] GC(1343) Concurrent Mark (22.087s)
[22.087s][info][gc,marking    ] GC(1343) Concurrent Mark From Roots
[22.087s][info][gc,task       ] GC(1343) Using 2 workers of 2 for marking
[22.093s][info][gc,marking    ] GC(1343) Concurrent Mark From Roots 5.779ms
[22.093s][info][gc,marking    ] GC(1343) Concurrent Preclean
[22.093s][info][gc,marking    ] GC(1343) Concurrent Preclean 0.093ms
[22.093s][info][gc,marking    ] GC(1343) Concurrent Mark (22.087s, 22.093s) 6.172ms
[22.094s][info][gc,start      ] GC(1343) Pause Remark
[22.095s][info][gc,stringtable] GC(1343) Cleaned string and symbol table, strings: 4363 processed, 0 removed, symbols: 36588 processed, 0 removed
[22.095s][info][gc            ] GC(1343) Pause Remark 3028M->3028M(3039M) 1.732ms
[22.095s][info][gc,cpu        ] GC(1343) User=0.01s Sys=0.00s Real=0.00s
[22.095s][info][gc,marking    ] GC(1343) Concurrent Rebuild Remembered Sets
[22.101s][info][gc,marking    ] GC(1343) Concurrent Rebuild Remembered Sets 5.279ms
[22.101s][info][gc,start      ] GC(1343) Pause Cleanup
[22.101s][info][gc            ] GC(1343) Pause Cleanup 3031M->3031M(3041M) 0.313ms
[22.101s][info][gc,cpu        ] GC(1343) User=0.00s Sys=0.00s Real=0.00s
[22.101s][info][gc,marking    ] GC(1343) Concurrent Cleanup for Next Mark
[22.105s][info][gc,marking    ] GC(1343) Concurrent Cleanup for Next Mark 3.609ms
[22.105s][info][gc            ] GC(1343) Concurrent Cycle 17.590ms
[22.111s][info][gc,start      ] GC(1344) Pause Young (Concurrent Start) (G1 Humongous Allocation)
[22.111s][info][gc,task       ] GC(1344) Using 8 workers of 8 for evacuation
[22.112s][info][gc,phases     ] GC(1344)   Pre Evacuate Collection Set: 0.6ms
[22.112s][info][gc,phases     ] GC(1344)   Evacuate Collection Set: 0.6ms
[22.112s][info][gc,phases     ] GC(1344)   Post Evacuate Collection Set: 0.1ms
[22.112s][info][gc,phases     ] GC(1344)   Other: 0.2ms
[22.112s][info][gc,heap       ] GC(1344) Eden regions: 4->0(151)
[22.112s][info][gc,heap       ] GC(1344) Survivor regions: 1->1(19)
[22.112s][info][gc,heap       ] GC(1344) Old regions: 28->28
[22.112s][info][gc,heap       ] GC(1344) Humongous regions: 3002->3002
[22.112s][info][gc,metaspace  ] GC(1344) Metaspace: 9862K->9862K(1058816K)
[22.112s][info][gc            ] GC(1344) Pause Young (Concurrent Start) (G1 Humongous Allocation) 3033M->3029M(3041M) 1.746ms
[22.112s][info][gc,cpu        ] GC(1344) User=0.00s Sys=0.00s Real=0.01s
[22.112s][info][gc            ] GC(1345) Concurrent Cycle
[22.112s][info][gc,marking    ] GC(1345) Concurrent Clear Claimed Marks
[22.112s][info][gc,marking    ] GC(1345) Concurrent Clear Claimed Marks 0.015ms
[22.112s][info][gc,marking    ] GC(1345) Concurrent Scan Root Regions
[22.112s][info][gc,marking    ] GC(1345) Concurrent Scan Root Regions 0.054ms
[22.113s][info][gc,marking    ] GC(1345) Concurrent Mark (22.113s)
[22.113s][info][gc,marking    ] GC(1345) Concurrent Mark From Roots
[22.113s][info][gc,task       ] GC(1345) Using 2 workers of 2 for marking
[22.118s][info][gc,marking    ] GC(1345) Concurrent Mark From Roots 5.610ms
[22.118s][info][gc,marking    ] GC(1345) Concurrent Preclean
[22.118s][info][gc,marking    ] GC(1345) Concurrent Preclean 0.073ms
[22.118s][info][gc,marking    ] GC(1345) Concurrent Mark (22.113s, 22.118s) 5.757ms
[22.118s][info][gc,start      ] GC(1345) Pause Remark
[22.120s][info][gc,stringtable] GC(1345) Cleaned string and symbol table, strings: 4363 processed, 0 removed, symbols: 36588 processed, 0 removed
[22.120s][info][gc            ] GC(1345) Pause Remark 3032M->3032M(3043M) 1.788ms
[22.120s][info][gc,cpu        ] GC(1345) User=0.01s Sys=0.00s Real=0.00s
[22.120s][info][gc,marking    ] GC(1345) Concurrent Rebuild Remembered Sets
[22.126s][info][gc,marking    ] GC(1345) Concurrent Rebuild Remembered Sets 5.300ms
[22.126s][info][gc,start      ] GC(1345) Pause Cleanup
[22.126s][info][gc            ] GC(1345) Pause Cleanup 3035M->3035M(3045M) 0.342ms
[22.126s][info][gc,cpu        ] GC(1345) User=0.00s Sys=0.00s Real=0.00s
[22.127s][info][gc,marking    ] GC(1345) Concurrent Cleanup for Next Mark
[22.130s][info][gc,marking    ] GC(1345) Concurrent Cleanup for Next Mark 3.647ms
[22.130s][info][gc            ] GC(1345) Concurrent Cycle 17.808ms
[22.136s][info][gc,start      ] GC(1346) Pause Young (Concurrent Start) (G1 Humongous Allocation)
[22.136s][info][gc,task       ] GC(1346) Using 8 workers of 8 for evacuation
[22.138s][info][gc,phases     ] GC(1346)   Pre Evacuate Collection Set: 0.7ms
[22.138s][info][gc,phases     ] GC(1346)   Evacuate Collection Set: 0.5ms
[22.138s][info][gc,phases     ] GC(1346)   Post Evacuate Collection Set: 0.1ms
[22.138s][info][gc,phases     ] GC(1346)   Other: 0.3ms
[22.138s][info][gc,heap       ] GC(1346) Eden regions: 4->0(151)
[22.138s][info][gc,heap       ] GC(1346) Survivor regions: 1->1(19)
[22.138s][info][gc,heap       ] GC(1346) Old regions: 28->28
[22.138s][info][gc,heap       ] GC(1346) Humongous regions: 3006->3006
[22.138s][info][gc,metaspace  ] GC(1346) Metaspace: 9862K->9862K(1058816K)
[22.138s][info][gc            ] GC(1346) Pause Young (Concurrent Start) (G1 Humongous Allocation) 3037M->3033M(3045M) 1.728ms
[22.138s][info][gc,cpu        ] GC(1346) User=0.01s Sys=0.00s Real=0.00s
[22.138s][info][gc            ] GC(1347) Concurrent Cycle
[22.138s][info][gc,marking    ] GC(1347) Concurrent Clear Claimed Marks
[22.138s][info][gc,marking    ] GC(1347) Concurrent Clear Claimed Marks 0.012ms
[22.138s][info][gc,marking    ] GC(1347) Concurrent Scan Root Regions
[22.138s][info][gc,marking    ] GC(1347) Concurrent Scan Root Regions 0.051ms
[22.138s][info][gc,marking    ] GC(1347) Concurrent Mark (22.138s)
[22.138s][info][gc,marking    ] GC(1347) Concurrent Mark From Roots
[22.138s][info][gc,task       ] GC(1347) Using 2 workers of 2 for marking
[22.144s][info][gc,marking    ] GC(1347) Concurrent Mark From Roots 5.678ms
[22.144s][info][gc,marking    ] GC(1347) Concurrent Preclean
[22.144s][info][gc,marking    ] GC(1347) Concurrent Preclean 0.080ms
[22.144s][info][gc,marking    ] GC(1347) Concurrent Mark (22.138s, 22.144s) 5.819ms
[22.144s][info][gc,start      ] GC(1347) Pause Remark
[22.145s][info][gc,stringtable] GC(1347) Cleaned string and symbol table, strings: 4363 processed, 0 removed, symbols: 36588 processed, 0 removed
[22.145s][info][gc            ] GC(1347) Pause Remark 3036M->3036M(3047M) 1.432ms
[22.145s][info][gc,cpu        ] GC(1347) User=0.01s Sys=0.00s Real=0.00s
[22.145s][info][gc,marking    ] GC(1347) Concurrent Rebuild Remembered Sets
[22.151s][info][gc,marking    ] GC(1347) Concurrent Rebuild Remembered Sets 5.773ms
[22.152s][info][gc,start      ] GC(1347) Pause Cleanup
[22.152s][info][gc            ] GC(1347) Pause Cleanup 3039M->3039M(3049M) 0.407ms
[22.152s][info][gc,cpu        ] GC(1347) User=0.00s Sys=0.00s Real=0.00s
[22.152s][info][gc,marking    ] GC(1347) Concurrent Cleanup for Next Mark
[22.157s][info][gc,marking    ] GC(1347) Concurrent Cleanup for Next Mark 4.335ms
[22.157s][info][gc            ] GC(1347) Concurrent Cycle 18.712ms
[22.163s][info][gc,start      ] GC(1348) Pause Young (Concurrent Start) (G1 Humongous Allocation)
[22.163s][info][gc,task       ] GC(1348) Using 8 workers of 8 for evacuation
[22.165s][info][gc,phases     ] GC(1348)   Pre Evacuate Collection Set: 0.7ms
[22.165s][info][gc,phases     ] GC(1348)   Evacuate Collection Set: 1.0ms
[22.165s][info][gc,phases     ] GC(1348)   Post Evacuate Collection Set: 0.1ms
[22.165s][info][gc,phases     ] GC(1348)   Other: 0.3ms
[22.165s][info][gc,heap       ] GC(1348) Eden regions: 4->0(151)
[22.165s][info][gc,heap       ] GC(1348) Survivor regions: 1->1(19)
[22.165s][info][gc,heap       ] GC(1348) Old regions: 28->28
[22.165s][info][gc,heap       ] GC(1348) Humongous regions: 3010->3010
[22.165s][info][gc,metaspace  ] GC(1348) Metaspace: 9862K->9862K(1058816K)
[22.165s][info][gc            ] GC(1348) Pause Young (Concurrent Start) (G1 Humongous Allocation) 3041M->3037M(3049M) 2.331ms
[22.165s][info][gc,cpu        ] GC(1348) User=0.00s Sys=0.00s Real=0.00s
[22.165s][info][gc            ] GC(1349) Concurrent Cycle
[22.165s][info][gc,marking    ] GC(1349) Concurrent Clear Claimed Marks
[22.165s][info][gc,marking    ] GC(1349) Concurrent Clear Claimed Marks 0.013ms
[22.165s][info][gc,marking    ] GC(1349) Concurrent Scan Root Regions
[22.165s][info][gc,marking    ] GC(1349) Concurrent Scan Root Regions 0.054ms
[22.165s][info][gc,marking    ] GC(1349) Concurrent Mark (22.165s)
[22.165s][info][gc,marking    ] GC(1349) Concurrent Mark From Roots
[22.165s][info][gc,task       ] GC(1349) Using 2 workers of 2 for marking
[22.171s][info][gc,marking    ] GC(1349) Concurrent Mark From Roots 5.706ms
[22.171s][info][gc,marking    ] GC(1349) Concurrent Preclean
[22.171s][info][gc,marking    ] GC(1349) Concurrent Preclean 0.085ms
[22.171s][info][gc,marking    ] GC(1349) Concurrent Mark (22.165s, 22.171s) 5.859ms
[22.171s][info][gc,start      ] GC(1349) Pause Remark
[22.173s][info][gc,stringtable] GC(1349) Cleaned string and symbol table, strings: 4363 processed, 0 removed, symbols: 36588 processed, 0 removed
[22.173s][info][gc            ] GC(1349) Pause Remark 3040M->3040M(3051M) 1.706ms
[22.173s][info][gc,cpu        ] GC(1349) User=0.01s Sys=0.00s Real=0.00s
[22.173s][info][gc,marking    ] GC(1349) Concurrent Rebuild Remembered Sets
[22.179s][info][gc,marking    ] GC(1349) Concurrent Rebuild Remembered Sets 5.446ms
[22.179s][info][gc,start      ] GC(1349) Pause Cleanup
[22.180s][info][gc            ] GC(1349) Pause Cleanup 3043M->3043M(3053M) 0.373ms
[22.180s][info][gc,cpu        ] GC(1349) User=0.00s Sys=0.00s Real=0.00s
[22.180s][info][gc,marking    ] GC(1349) Concurrent Cleanup for Next Mark
[22.183s][info][gc,marking    ] GC(1349) Concurrent Cleanup for Next Mark 3.676ms
[22.183s][info][gc            ] GC(1349) Concurrent Cycle 17.987ms
[22.189s][info][gc,start      ] GC(1350) Pause Young (Concurrent Start) (G1 Humongous Allocation)
[22.189s][info][gc,task       ] GC(1350) Using 8 workers of 8 for evacuation
[22.191s][info][gc,phases     ] GC(1350)   Pre Evacuate Collection Set: 0.7ms
[22.191s][info][gc,phases     ] GC(1350)   Evacuate Collection Set: 0.6ms
[22.191s][info][gc,phases     ] GC(1350)   Post Evacuate Collection Set: 0.2ms
[22.191s][info][gc,phases     ] GC(1350)   Other: 0.3ms
[22.191s][info][gc,heap       ] GC(1350) Eden regions: 4->0(151)
[22.191s][info][gc,heap       ] GC(1350) Survivor regions: 1->1(19)
[22.191s][info][gc,heap       ] GC(1350) Old regions: 28->28
[22.191s][info][gc,heap       ] GC(1350) Humongous regions: 3014->3014
[22.191s][info][gc,metaspace  ] GC(1350) Metaspace: 9862K->9862K(1058816K)
[22.191s][info][gc            ] GC(1350) Pause Young (Concurrent Start) (G1 Humongous Allocation) 3045M->3041M(3053M) 1.947ms
[22.191s][info][gc,cpu        ] GC(1350) User=0.01s Sys=0.00s Real=0.00s
[22.191s][info][gc            ] GC(1351) Concurrent Cycle
[22.191s][info][gc,marking    ] GC(1351) Concurrent Clear Claimed Marks
[22.191s][info][gc,marking    ] GC(1351) Concurrent Clear Claimed Marks 0.015ms
[22.191s][info][gc,marking    ] GC(1351) Concurrent Scan Root Regions
[22.191s][info][gc,marking    ] GC(1351) Concurrent Scan Root Regions 0.066ms
[22.191s][info][gc,marking    ] GC(1351) Concurrent Mark (22.191s)
[22.191s][info][gc,marking    ] GC(1351) Concurrent Mark From Roots
[22.191s][info][gc,task       ] GC(1351) Using 2 workers of 2 for marking
[22.198s][info][gc,marking    ] GC(1351) Concurrent Mark From Roots 6.386ms
[22.198s][info][gc,marking    ] GC(1351) Concurrent Preclean
[22.198s][info][gc,marking    ] GC(1351) Concurrent Preclean 0.104ms
[22.198s][info][gc,marking    ] GC(1351) Concurrent Mark (22.191s, 22.198s) 6.628ms
[22.198s][info][gc,start      ] GC(1351) Pause Remark
[22.200s][info][gc,stringtable] GC(1351) Cleaned string and symbol table, strings: 4363 processed, 0 removed, symbols: 36588 processed, 0 removed
[22.200s][info][gc            ] GC(1351) Pause Remark 3044M->3044M(3055M) 1.932ms
[22.200s][info][gc,cpu        ] GC(1351) User=0.01s Sys=0.00s Real=0.00s
[22.200s][info][gc,marking    ] GC(1351) Concurrent Rebuild Remembered Sets
[22.207s][info][gc,marking    ] GC(1351) Concurrent Rebuild Remembered Sets 6.919ms
[22.207s][info][gc,start      ] GC(1351) Pause Cleanup
[22.208s][info][gc            ] GC(1351) Pause Cleanup 3045M->3045M(3055M) 0.439ms
[22.208s][info][gc,cpu        ] GC(1351) User=0.00s Sys=0.00s Real=0.00s
[22.208s][info][gc,marking    ] GC(1351) Concurrent Cleanup for Next Mark
[22.212s][info][gc,marking    ] GC(1351) Concurrent Cleanup for Next Mark 4.254ms
[22.212s][info][gc            ] GC(1351) Concurrent Cycle 20.979ms
[22.219s][info][gc,start      ] GC(1352) Pause Young (Concurrent Start) (G1 Humongous Allocation)
[22.220s][info][gc,task       ] GC(1352) Using 8 workers of 8 for evacuation
[22.222s][info][gc,phases     ] GC(1352)   Pre Evacuate Collection Set: 0.7ms
[22.222s][info][gc,phases     ] GC(1352)   Evacuate Collection Set: 1.5ms
[22.222s][info][gc,phases     ] GC(1352)   Post Evacuate Collection Set: 0.2ms
[22.222s][info][gc,phases     ] GC(1352)   Other: 0.3ms
[22.222s][info][gc,heap       ] GC(1352) Eden regions: 4->0(151)
[22.222s][info][gc,heap       ] GC(1352) Survivor regions: 1->1(19)
[22.222s][info][gc,heap       ] GC(1352) Old regions: 28->28
[22.222s][info][gc,heap       ] GC(1352) Humongous regions: 3018->3018
[22.222s][info][gc,metaspace  ] GC(1352) Metaspace: 9862K->9862K(1058816K)
[22.222s][info][gc            ] GC(1352) Pause Young (Concurrent Start) (G1 Humongous Allocation) 3049M->3045M(3057M) 2.954ms
[22.222s][info][gc,cpu        ] GC(1352) User=0.01s Sys=0.00s Real=0.01s
[22.223s][info][gc            ] GC(1353) Concurrent Cycle
[22.223s][info][gc,marking    ] GC(1353) Concurrent Clear Claimed Marks
[22.223s][info][gc,marking    ] GC(1353) Concurrent Clear Claimed Marks 0.015ms
[22.223s][info][gc,marking    ] GC(1353) Concurrent Scan Root Regions
[22.223s][info][gc,marking    ] GC(1353) Concurrent Scan Root Regions 0.080ms
[22.223s][info][gc,marking    ] GC(1353) Concurrent Mark (22.223s)
[22.223s][info][gc,marking    ] GC(1353) Concurrent Mark From Roots
[22.223s][info][gc,task       ] GC(1353) Using 2 workers of 2 for marking
[22.229s][info][gc,marking    ] GC(1353) Concurrent Mark From Roots 6.163ms
[22.229s][info][gc,marking    ] GC(1353) Concurrent Preclean
[22.229s][info][gc,marking    ] GC(1353) Concurrent Preclean 0.095ms
[22.229s][info][gc,marking    ] GC(1353) Concurrent Mark (22.223s, 22.229s) 6.408ms
[22.229s][info][gc,start      ] GC(1353) Pause Remark
[22.230s][info][gc,stringtable] GC(1353) Cleaned string and symbol table, strings: 4363 processed, 0 removed, symbols: 36588 processed, 0 removed
[22.231s][info][gc            ] GC(1353) Pause Remark 3048M->3048M(3059M) 1.337ms
[22.231s][info][gc,cpu        ] GC(1353) User=0.01s Sys=0.00s Real=0.00s
[22.231s][info][gc,marking    ] GC(1353) Concurrent Rebuild Remembered Sets
[22.236s][info][gc,marking    ] GC(1353) Concurrent Rebuild Remembered Sets 5.391ms
[22.236s][info][gc,start      ] GC(1353) Pause Cleanup
[22.237s][info][gc            ] GC(1353) Pause Cleanup 3051M->3051M(3061M) 0.450ms
[22.237s][info][gc,cpu        ] GC(1353) User=0.00s Sys=0.00s Real=0.00s
[22.237s][info][gc,marking    ] GC(1353) Concurrent Cleanup for Next Mark
[22.241s][info][gc,marking    ] GC(1353) Concurrent Cleanup for Next Mark 4.026ms
[22.241s][info][gc            ] GC(1353) Concurrent Cycle 18.521ms
[22.247s][info][gc,start      ] GC(1354) Pause Young (Concurrent Start) (G1 Humongous Allocation)
[22.247s][info][gc,task       ] GC(1354) Using 8 workers of 8 for evacuation
[22.249s][info][gc,phases     ] GC(1354)   Pre Evacuate Collection Set: 0.7ms
[22.249s][info][gc,phases     ] GC(1354)   Evacuate Collection Set: 1.2ms
[22.249s][info][gc,phases     ] GC(1354)   Post Evacuate Collection Set: 0.2ms
[22.249s][info][gc,phases     ] GC(1354)   Other: 0.3ms
[22.249s][info][gc,heap       ] GC(1354) Eden regions: 4->0(152)
[22.249s][info][gc,heap       ] GC(1354) Survivor regions: 1->1(19)
[22.249s][info][gc,heap       ] GC(1354) Old regions: 28->28
[22.249s][info][gc,heap       ] GC(1354) Humongous regions: 3022->3022
[22.249s][info][gc,metaspace  ] GC(1354) Metaspace: 9862K->9862K(1058816K)
[22.249s][info][gc            ] GC(1354) Pause Young (Concurrent Start) (G1 Humongous Allocation) 3053M->3049M(3061M) 2.565ms
[22.249s][info][gc,cpu        ] GC(1354) User=0.01s Sys=0.00s Real=0.00s
[22.249s][info][gc            ] GC(1355) Concurrent Cycle
[22.249s][info][gc,marking    ] GC(1355) Concurrent Clear Claimed Marks
[22.249s][info][gc,marking    ] GC(1355) Concurrent Clear Claimed Marks 0.020ms
[22.249s][info][gc,marking    ] GC(1355) Concurrent Scan Root Regions
[22.250s][info][gc,marking    ] GC(1355) Concurrent Scan Root Regions 0.140ms
[22.250s][info][gc,marking    ] GC(1355) Concurrent Mark (22.250s)
[22.250s][info][gc,marking    ] GC(1355) Concurrent Mark From Roots
[22.250s][info][gc,task       ] GC(1355) Using 2 workers of 2 for marking
[22.256s][info][gc,marking    ] GC(1355) Concurrent Mark From Roots 6.382ms
[22.256s][info][gc,marking    ] GC(1355) Concurrent Preclean
[22.256s][info][gc,marking    ] GC(1355) Concurrent Preclean 0.082ms
[22.256s][info][gc,marking    ] GC(1355) Concurrent Mark (22.250s, 22.256s) 6.661ms
[22.256s][info][gc,start      ] GC(1355) Pause Remark
[22.257s][info][gc,stringtable] GC(1355) Cleaned string and symbol table, strings: 4363 processed, 0 removed, symbols: 36588 processed, 0 removed
[22.258s][info][gc            ] GC(1355) Pause Remark 3052M->3052M(3063M) 1.433ms
[22.258s][info][gc,cpu        ] GC(1355) User=0.01s Sys=0.00s Real=0.00s
[22.258s][info][gc,marking    ] GC(1355) Concurrent Rebuild Remembered Sets
[22.264s][info][gc,marking    ] GC(1355) Concurrent Rebuild Remembered Sets 5.632ms
[22.265s][info][gc,start      ] GC(1355) Pause Cleanup
[22.265s][info][gc            ] GC(1355) Pause Cleanup 3055M->3055M(3065M) 0.433ms
[22.265s][info][gc,cpu        ] GC(1355) User=0.00s Sys=0.00s Real=0.00s
[22.265s][info][gc,marking    ] GC(1355) Concurrent Cleanup for Next Mark
[22.270s][info][gc,marking    ] GC(1355) Concurrent Cleanup for Next Mark 4.562ms
[22.270s][info][gc            ] GC(1355) Concurrent Cycle 20.312ms
[22.276s][info][gc,start      ] GC(1356) Pause Young (Concurrent Start) (G1 Humongous Allocation)
[22.276s][info][gc,task       ] GC(1356) Using 8 workers of 8 for evacuation
[22.278s][info][gc,phases     ] GC(1356)   Pre Evacuate Collection Set: 0.9ms
[22.278s][info][gc,phases     ] GC(1356)   Evacuate Collection Set: 0.5ms
[22.278s][info][gc,phases     ] GC(1356)   Post Evacuate Collection Set: 0.2ms
[22.278s][info][gc,phases     ] GC(1356)   Other: 0.4ms
[22.278s][info][gc,heap       ] GC(1356) Eden regions: 4->0(152)
[22.278s][info][gc,heap       ] GC(1356) Survivor regions: 1->1(20)
[22.278s][info][gc,heap       ] GC(1356) Old regions: 28->28
[22.278s][info][gc,heap       ] GC(1356) Humongous regions: 3026->3026
[22.278s][info][gc,metaspace  ] GC(1356) Metaspace: 9862K->9862K(1058816K)
[22.278s][info][gc            ] GC(1356) Pause Young (Concurrent Start) (G1 Humongous Allocation) 3057M->3053M(3065M) 2.085ms
[22.278s][info][gc,cpu        ] GC(1356) User=0.01s Sys=0.00s Real=0.00s
[22.278s][info][gc            ] GC(1357) Concurrent Cycle
[22.278s][info][gc,marking    ] GC(1357) Concurrent Clear Claimed Marks
[22.278s][info][gc,marking    ] GC(1357) Concurrent Clear Claimed Marks 0.040ms
[22.278s][info][gc,marking    ] GC(1357) Concurrent Scan Root Regions
[22.278s][info][gc,marking    ] GC(1357) Concurrent Scan Root Regions 0.083ms
[22.278s][info][gc,marking    ] GC(1357) Concurrent Mark (22.278s)
[22.278s][info][gc,marking    ] GC(1357) Concurrent Mark From Roots
[22.278s][info][gc,task       ] GC(1357) Using 2 workers of 2 for marking
[22.284s][info][gc,marking    ] GC(1357) Concurrent Mark From Roots 5.781ms
[22.284s][info][gc,marking    ] GC(1357) Concurrent Preclean
[22.284s][info][gc,marking    ] GC(1357) Concurrent Preclean 0.076ms
[22.284s][info][gc,marking    ] GC(1357) Concurrent Mark (22.278s, 22.284s) 5.925ms
[22.284s][info][gc,start      ] GC(1357) Pause Remark
[22.285s][info][gc,stringtable] GC(1357) Cleaned string and symbol table, strings: 4363 processed, 0 removed, symbols: 36588 processed, 0 removed
[22.286s][info][gc            ] GC(1357) Pause Remark 3056M->3056M(3067M) 1.285ms
[22.286s][info][gc,cpu        ] GC(1357) User=0.01s Sys=0.00s Real=0.00s
[22.286s][info][gc,marking    ] GC(1357) Concurrent Rebuild Remembered Sets
[22.291s][info][gc,marking    ] GC(1357) Concurrent Rebuild Remembered Sets 5.370ms
[22.292s][info][gc,start      ] GC(1357) Pause Cleanup
[22.292s][info][gc            ] GC(1357) Pause Cleanup 3059M->3059M(3069M) 0.329ms
[22.292s][info][gc,cpu        ] GC(1357) User=0.00s Sys=0.00s Real=0.00s
[22.292s][info][gc,marking    ] GC(1357) Concurrent Cleanup for Next Mark
[22.296s][info][gc,marking    ] GC(1357) Concurrent Cleanup for Next Mark 3.687ms
[22.296s][info][gc            ] GC(1357) Concurrent Cycle 17.388ms
[22.302s][info][gc,start      ] GC(1358) Pause Young (Concurrent Start) (G1 Humongous Allocation)
[22.302s][info][gc,task       ] GC(1358) Using 8 workers of 8 for evacuation
[22.303s][info][gc,phases     ] GC(1358)   Pre Evacuate Collection Set: 0.7ms
[22.303s][info][gc,phases     ] GC(1358)   Evacuate Collection Set: 0.5ms
[22.303s][info][gc,phases     ] GC(1358)   Post Evacuate Collection Set: 0.1ms
[22.303s][info][gc,phases     ] GC(1358)   Other: 0.3ms
[22.303s][info][gc,heap       ] GC(1358) Eden regions: 4->0(152)
[22.303s][info][gc,heap       ] GC(1358) Survivor regions: 1->1(20)
[22.303s][info][gc,heap       ] GC(1358) Old regions: 28->28
[22.303s][info][gc,heap       ] GC(1358) Humongous regions: 3030->3030
[22.303s][info][gc,metaspace  ] GC(1358) Metaspace: 9862K->9862K(1058816K)
[22.303s][info][gc            ] GC(1358) Pause Young (Concurrent Start) (G1 Humongous Allocation) 3061M->3057M(3069M) 1.681ms
[22.303s][info][gc,cpu        ] GC(1358) User=0.01s Sys=0.00s Real=0.00s
[22.303s][info][gc            ] GC(1359) Concurrent Cycle
[22.303s][info][gc,marking    ] GC(1359) Concurrent Clear Claimed Marks
[22.303s][info][gc,marking    ] GC(1359) Concurrent Clear Claimed Marks 0.013ms
[22.303s][info][gc,marking    ] GC(1359) Concurrent Scan Root Regions
[22.303s][info][gc,marking    ] GC(1359) Concurrent Scan Root Regions 0.049ms
[22.303s][info][gc,marking    ] GC(1359) Concurrent Mark (22.303s)
[22.303s][info][gc,marking    ] GC(1359) Concurrent Mark From Roots
[22.303s][info][gc,task       ] GC(1359) Using 2 workers of 2 for marking
[22.310s][info][gc,marking    ] GC(1359) Concurrent Mark From Roots 6.528ms
[22.310s][info][gc,marking    ] GC(1359) Concurrent Preclean
[22.310s][info][gc,marking    ] GC(1359) Concurrent Preclean 0.079ms
[22.310s][info][gc,marking    ] GC(1359) Concurrent Mark (22.303s, 22.310s) 6.680ms
[22.310s][info][gc,start      ] GC(1359) Pause Remark
[22.311s][info][gc,stringtable] GC(1359) Cleaned string and symbol table, strings: 4363 processed, 0 removed, symbols: 36588 processed, 0 removed
[22.312s][info][gc            ] GC(1359) Pause Remark 3060M->3060M(3071M) 1.654ms
[22.312s][info][gc,cpu        ] GC(1359) User=0.01s Sys=0.00s Real=0.01s
[22.312s][info][gc,marking    ] GC(1359) Concurrent Rebuild Remembered Sets
[22.317s][info][gc,marking    ] GC(1359) Concurrent Rebuild Remembered Sets 5.231ms
[22.317s][info][gc,start      ] GC(1359) Pause Cleanup
[22.317s][info][gc            ] GC(1359) Pause Cleanup 3061M->3061M(3071M) 0.272ms
[22.317s][info][gc,cpu        ] GC(1359) User=0.00s Sys=0.00s Real=0.00s
[22.318s][info][gc,marking    ] GC(1359) Concurrent Cleanup for Next Mark
[22.321s][info][gc,marking    ] GC(1359) Concurrent Cleanup for Next Mark 3.852ms
[22.321s][info][gc            ] GC(1359) Concurrent Cycle 18.138ms
[22.329s][info][gc,start      ] GC(1360) Pause Young (Concurrent Start) (G1 Humongous Allocation)
[22.329s][info][gc,task       ] GC(1360) Using 8 workers of 8 for evacuation
[22.331s][info][gc,phases     ] GC(1360)   Pre Evacuate Collection Set: 0.7ms
[22.331s][info][gc,phases     ] GC(1360)   Evacuate Collection Set: 0.5ms
[22.331s][info][gc,phases     ] GC(1360)   Post Evacuate Collection Set: 0.1ms
[22.331s][info][gc,phases     ] GC(1360)   Other: 0.3ms
[22.331s][info][gc,heap       ] GC(1360) Eden regions: 4->0(152)
[22.331s][info][gc,heap       ] GC(1360) Survivor regions: 1->1(20)
[22.331s][info][gc,heap       ] GC(1360) Old regions: 28->28
[22.331s][info][gc,heap       ] GC(1360) Humongous regions: 3034->3034
[22.331s][info][gc,metaspace  ] GC(1360) Metaspace: 9862K->9862K(1058816K)
[22.331s][info][gc            ] GC(1360) Pause Young (Concurrent Start) (G1 Humongous Allocation) 3065M->3061M(3073M) 1.709ms
[22.331s][info][gc,cpu        ] GC(1360) User=0.00s Sys=0.00s Real=0.00s
[22.331s][info][gc            ] GC(1361) Concurrent Cycle
[22.331s][info][gc,marking    ] GC(1361) Concurrent Clear Claimed Marks
[22.331s][info][gc,marking    ] GC(1361) Concurrent Clear Claimed Marks 0.012ms
[22.331s][info][gc,marking    ] GC(1361) Concurrent Scan Root Regions
[22.331s][info][gc,marking    ] GC(1361) Concurrent Scan Root Regions 0.062ms
[22.331s][info][gc,marking    ] GC(1361) Concurrent Mark (22.331s)
[22.331s][info][gc,marking    ] GC(1361) Concurrent Mark From Roots
[22.331s][info][gc,task       ] GC(1361) Using 2 workers of 2 for marking
[22.337s][info][gc,marking    ] GC(1361) Concurrent Mark From Roots 5.707ms
[22.337s][info][gc,marking    ] GC(1361) Concurrent Preclean
[22.337s][info][gc,marking    ] GC(1361) Concurrent Preclean 0.075ms
[22.337s][info][gc,marking    ] GC(1361) Concurrent Mark (22.331s, 22.337s) 5.855ms
[22.337s][info][gc,start      ] GC(1361) Pause Remark
[22.338s][info][gc,stringtable] GC(1361) Cleaned string and symbol table, strings: 4363 processed, 0 removed, symbols: 36588 processed, 0 removed
[22.339s][info][gc            ] GC(1361) Pause Remark 3064M->3064M(3075M) 1.714ms
[22.339s][info][gc,cpu        ] GC(1361) User=0.01s Sys=0.00s Real=0.00s
[22.339s][info][gc,marking    ] GC(1361) Concurrent Rebuild Remembered Sets
[22.344s][info][gc,marking    ] GC(1361) Concurrent Rebuild Remembered Sets 5.387ms
[22.345s][info][gc,start      ] GC(1361) Pause Cleanup
[22.345s][info][gc            ] GC(1361) Pause Cleanup 3067M->3067M(3077M) 0.372ms
[22.345s][info][gc,cpu        ] GC(1361) User=0.00s Sys=0.00s Real=0.00s
[22.345s][info][gc,marking    ] GC(1361) Concurrent Cleanup for Next Mark
[22.350s][info][gc,marking    ] GC(1361) Concurrent Cleanup for Next Mark 4.664ms
[22.350s][info][gc            ] GC(1361) Concurrent Cycle 18.688ms
[22.357s][info][gc,start      ] GC(1362) Pause Young (Concurrent Start) (G1 Humongous Allocation)
[22.357s][info][gc,task       ] GC(1362) Using 8 workers of 8 for evacuation
[22.359s][info][gc,phases     ] GC(1362)   Pre Evacuate Collection Set: 0.7ms
[22.359s][info][gc,phases     ] GC(1362)   Evacuate Collection Set: 0.5ms
[22.359s][info][gc,phases     ] GC(1362)   Post Evacuate Collection Set: 0.1ms
[22.359s][info][gc,phases     ] GC(1362)   Other: 0.3ms
[22.359s][info][gc,heap       ] GC(1362) Eden regions: 4->0(152)
[22.359s][info][gc,heap       ] GC(1362) Survivor regions: 1->1(20)
[22.359s][info][gc,heap       ] GC(1362) Old regions: 28->28
[22.359s][info][gc,heap       ] GC(1362) Humongous regions: 3038->3038
[22.359s][info][gc,metaspace  ] GC(1362) Metaspace: 9862K->9862K(1058816K)
[22.359s][info][gc            ] GC(1362) Pause Young (Concurrent Start) (G1 Humongous Allocation) 3069M->3065M(3077M) 1.813ms
[22.359s][info][gc,cpu        ] GC(1362) User=0.00s Sys=0.00s Real=0.00s
[22.359s][info][gc            ] GC(1363) Concurrent Cycle
[22.359s][info][gc,marking    ] GC(1363) Concurrent Clear Claimed Marks
[22.359s][info][gc,marking    ] GC(1363) Concurrent Clear Claimed Marks 0.015ms
[22.359s][info][gc,marking    ] GC(1363) Concurrent Scan Root Regions
[22.359s][info][gc,marking    ] GC(1363) Concurrent Scan Root Regions 0.067ms
[22.359s][info][gc,marking    ] GC(1363) Concurrent Mark (22.359s)
[22.359s][info][gc,marking    ] GC(1363) Concurrent Mark From Roots
[22.359s][info][gc,task       ] GC(1363) Using 2 workers of 2 for marking
[22.365s][info][gc,marking    ] GC(1363) Concurrent Mark From Roots 5.681ms
[22.365s][info][gc,marking    ] GC(1363) Concurrent Preclean
[22.365s][info][gc,marking    ] GC(1363) Concurrent Preclean 0.075ms
[22.365s][info][gc,marking    ] GC(1363) Concurrent Mark (22.359s, 22.365s) 5.823ms
[22.365s][info][gc,start      ] GC(1363) Pause Remark
[22.366s][info][gc,stringtable] GC(1363) Cleaned string and symbol table, strings: 4363 processed, 0 removed, symbols: 36588 processed, 0 removed
[22.367s][info][gc            ] GC(1363) Pause Remark 3068M->3068M(3079M) 1.209ms
[22.367s][info][gc,cpu        ] GC(1363) User=0.01s Sys=0.00s Real=0.00s
[22.367s][info][gc,marking    ] GC(1363) Concurrent Rebuild Remembered Sets
[22.372s][info][gc,marking    ] GC(1363) Concurrent Rebuild Remembered Sets 5.285ms
[22.372s][info][gc,start      ] GC(1363) Pause Cleanup
[22.372s][info][gc            ] GC(1363) Pause Cleanup 3071M->3071M(3081M) 0.330ms
[22.372s][info][gc,cpu        ] GC(1363) User=0.00s Sys=0.00s Real=0.00s
[22.373s][info][gc,marking    ] GC(1363) Concurrent Cleanup for Next Mark
[22.376s][info][gc,marking    ] GC(1363) Concurrent Cleanup for Next Mark 3.937ms
[22.376s][info][gc            ] GC(1363) Concurrent Cycle 17.224ms
[22.382s][info][gc,start      ] GC(1364) Pause Young (Concurrent Start) (G1 Humongous Allocation)
[22.382s][info][gc,task       ] GC(1364) Using 8 workers of 8 for evacuation
[22.384s][info][gc,phases     ] GC(1364)   Pre Evacuate Collection Set: 0.7ms
[22.384s][info][gc,phases     ] GC(1364)   Evacuate Collection Set: 0.5ms
[22.384s][info][gc,phases     ] GC(1364)   Post Evacuate Collection Set: 0.1ms
[22.384s][info][gc,phases     ] GC(1364)   Other: 0.3ms
[22.384s][info][gc,heap       ] GC(1364) Eden regions: 4->0(153)
[22.384s][info][gc,heap       ] GC(1364) Survivor regions: 1->1(20)
[22.384s][info][gc,heap       ] GC(1364) Old regions: 28->28
[22.384s][info][gc,heap       ] GC(1364) Humongous regions: 3042->3042
[22.384s][info][gc,metaspace  ] GC(1364) Metaspace: 9862K->9862K(1058816K)
[22.384s][info][gc            ] GC(1364) Pause Young (Concurrent Start) (G1 Humongous Allocation) 3073M->3069M(3081M) 1.826ms
[22.384s][info][gc,cpu        ] GC(1364) User=0.00s Sys=0.00s Real=0.00s
[22.384s][info][gc            ] GC(1365) Concurrent Cycle
[22.384s][info][gc,marking    ] GC(1365) Concurrent Clear Claimed Marks
[22.384s][info][gc,marking    ] GC(1365) Concurrent Clear Claimed Marks 0.016ms
[22.384s][info][gc,marking    ] GC(1365) Concurrent Scan Root Regions
[22.384s][info][gc,marking    ] GC(1365) Concurrent Scan Root Regions 0.059ms
[22.384s][info][gc,marking    ] GC(1365) Concurrent Mark (22.384s)
[22.384s][info][gc,marking    ] GC(1365) Concurrent Mark From Roots
[22.384s][info][gc,task       ] GC(1365) Using 2 workers of 2 for marking
[22.391s][info][gc,marking    ] GC(1365) Concurrent Mark From Roots 6.628ms
[22.391s][info][gc,marking    ] GC(1365) Concurrent Preclean
[22.391s][info][gc,marking    ] GC(1365) Concurrent Preclean 0.090ms
[22.391s][info][gc,marking    ] GC(1365) Concurrent Mark (22.384s, 22.391s) 6.799ms
[22.391s][info][gc,start      ] GC(1365) Pause Remark
[22.392s][info][gc,stringtable] GC(1365) Cleaned string and symbol table, strings: 4363 processed, 0 removed, symbols: 36588 processed, 0 removed
[22.393s][info][gc            ] GC(1365) Pause Remark 3072M->3072M(3083M) 1.785ms
[22.393s][info][gc,cpu        ] GC(1365) User=0.01s Sys=0.00s Real=0.01s
[22.393s][info][gc,marking    ] GC(1365) Concurrent Rebuild Remembered Sets
[22.400s][info][gc,marking    ] GC(1365) Concurrent Rebuild Remembered Sets 7.184ms
[22.400s][info][gc,start      ] GC(1365) Pause Cleanup
[22.401s][info][gc            ] GC(1365) Pause Cleanup 3072M->3072M(3083M) 0.334ms
[22.401s][info][gc,cpu        ] GC(1365) User=0.00s Sys=0.00s Real=0.00s
[22.401s][info][gc,marking    ] GC(1365) Concurrent Cleanup for Next Mark
[22.404s][info][gc,marking    ] GC(1365) Concurrent Cleanup for Next Mark 3.781ms
[22.404s][info][gc            ] GC(1365) Concurrent Cycle 20.459ms
[22.415s][info][gc,start      ] GC(1366) Pause Young (Concurrent Start) (G1 Humongous Allocation)
[22.415s][info][gc,task       ] GC(1366) Using 8 workers of 8 for evacuation
[22.416s][info][gc,phases     ] GC(1366)   Pre Evacuate Collection Set: 0.7ms
[22.416s][info][gc,phases     ] GC(1366)   Evacuate Collection Set: 0.7ms
[22.416s][info][gc,phases     ] GC(1366)   Post Evacuate Collection Set: 0.1ms
[22.417s][info][gc,phases     ] GC(1366)   Other: 0.3ms
[22.417s][info][gc,heap       ] GC(1366) Eden regions: 4->0(153)
[22.417s][info][gc,heap       ] GC(1366) Survivor regions: 1->1(20)
[22.417s][info][gc,heap       ] GC(1366) Old regions: 28->28
[22.417s][info][gc,heap       ] GC(1366) Humongous regions: 3046->3046
[22.417s][info][gc,metaspace  ] GC(1366) Metaspace: 9862K->9862K(1058816K)
[22.417s][info][gc            ] GC(1366) Pause Young (Concurrent Start) (G1 Humongous Allocation) 3077M->3073M(3085M) 1.864ms
[22.417s][info][gc,cpu        ] GC(1366) User=0.00s Sys=0.00s Real=0.00s
[22.417s][info][gc            ] GC(1367) Concurrent Cycle
[22.417s][info][gc,marking    ] GC(1367) Concurrent Clear Claimed Marks
[22.417s][info][gc,marking    ] GC(1367) Concurrent Clear Claimed Marks 0.013ms
[22.417s][info][gc,marking    ] GC(1367) Concurrent Scan Root Regions
[22.417s][info][gc,marking    ] GC(1367) Concurrent Scan Root Regions 0.059ms
[22.417s][info][gc,marking    ] GC(1367) Concurrent Mark (22.417s)
[22.417s][info][gc,marking    ] GC(1367) Concurrent Mark From Roots
[22.417s][info][gc,task       ] GC(1367) Using 2 workers of 2 for marking
[22.422s][info][gc,marking    ] GC(1367) Concurrent Mark From Roots 5.541ms
[22.422s][info][gc,marking    ] GC(1367) Concurrent Preclean
[22.422s][info][gc,marking    ] GC(1367) Concurrent Preclean 0.074ms
[22.422s][info][gc,marking    ] GC(1367) Concurrent Mark (22.417s, 22.422s) 5.686ms
[22.423s][info][gc,start      ] GC(1367) Pause Remark
[22.424s][info][gc,stringtable] GC(1367) Cleaned string and symbol table, strings: 4363 processed, 0 removed, symbols: 36588 processed, 0 removed
[22.424s][info][gc            ] GC(1367) Pause Remark 3076M->3076M(3087M) 1.656ms
[22.424s][info][gc,cpu        ] GC(1367) User=0.01s Sys=0.00s Real=0.00s
[22.424s][info][gc,marking    ] GC(1367) Concurrent Rebuild Remembered Sets
[22.430s][info][gc,marking    ] GC(1367) Concurrent Rebuild Remembered Sets 5.405ms
[22.430s][info][gc,start      ] GC(1367) Pause Cleanup
[22.431s][info][gc            ] GC(1367) Pause Cleanup 3079M->3079M(3089M) 0.387ms
[22.431s][info][gc,cpu        ] GC(1367) User=0.00s Sys=0.00s Real=0.00s
[22.431s][info][gc,marking    ] GC(1367) Concurrent Cleanup for Next Mark
[22.435s][info][gc,marking    ] GC(1367) Concurrent Cleanup for Next Mark 4.599ms
[22.435s][info][gc            ] GC(1367) Concurrent Cycle 18.618ms
[22.442s][info][gc,start      ] GC(1368) Pause Young (Concurrent Start) (G1 Humongous Allocation)
[22.442s][info][gc,task       ] GC(1368) Using 8 workers of 8 for evacuation
[22.444s][info][gc,phases     ] GC(1368)   Pre Evacuate Collection Set: 0.7ms
[22.445s][info][gc,phases     ] GC(1368)   Evacuate Collection Set: 1.4ms
[22.445s][info][gc,phases     ] GC(1368)   Post Evacuate Collection Set: 0.1ms
[22.445s][info][gc,phases     ] GC(1368)   Other: 0.3ms
[22.445s][info][gc,heap       ] GC(1368) Eden regions: 4->0(153)
[22.445s][info][gc,heap       ] GC(1368) Survivor regions: 1->1(20)
[22.445s][info][gc,heap       ] GC(1368) Old regions: 28->28
[22.445s][info][gc,heap       ] GC(1368) Humongous regions: 3050->3050
[22.445s][info][gc,metaspace  ] GC(1368) Metaspace: 9862K->9862K(1058816K)
[22.445s][info][gc            ] GC(1368) Pause Young (Concurrent Start) (G1 Humongous Allocation) 3081M->3077M(3089M) 2.695ms
[22.445s][info][gc,cpu        ] GC(1368) User=0.01s Sys=0.00s Real=0.00s
[22.445s][info][gc            ] GC(1369) Concurrent Cycle
[22.445s][info][gc,marking    ] GC(1369) Concurrent Clear Claimed Marks
[22.445s][info][gc,marking    ] GC(1369) Concurrent Clear Claimed Marks 0.012ms
[22.445s][info][gc,marking    ] GC(1369) Concurrent Scan Root Regions
[22.445s][info][gc,marking    ] GC(1369) Concurrent Scan Root Regions 0.051ms
[22.445s][info][gc,marking    ] GC(1369) Concurrent Mark (22.445s)
[22.445s][info][gc,marking    ] GC(1369) Concurrent Mark From Roots
[22.445s][info][gc,task       ] GC(1369) Using 2 workers of 2 for marking
[22.452s][info][gc,marking    ] GC(1369) Concurrent Mark From Roots 6.820ms
[22.452s][info][gc,marking    ] GC(1369) Concurrent Preclean
[22.452s][info][gc,marking    ] GC(1369) Concurrent Preclean 0.282ms
[22.452s][info][gc,marking    ] GC(1369) Concurrent Mark (22.445s, 22.452s) 7.291ms
[22.452s][info][gc,start      ] GC(1369) Pause Remark
[22.453s][info][gc,stringtable] GC(1369) Cleaned string and symbol table, strings: 4363 processed, 0 removed, symbols: 36588 processed, 0 removed
[22.454s][info][gc            ] GC(1369) Pause Remark 3080M->3080M(3091M) 1.234ms
[22.454s][info][gc,cpu        ] GC(1369) User=0.01s Sys=0.00s Real=0.00s
[22.454s][info][gc,marking    ] GC(1369) Concurrent Rebuild Remembered Sets
[22.459s][info][gc,marking    ] GC(1369) Concurrent Rebuild Remembered Sets 5.389ms
[22.459s][info][gc,start      ] GC(1369) Pause Cleanup
[22.459s][info][gc            ] GC(1369) Pause Cleanup 3083M->3083M(3093M) 0.341ms
[22.459s][info][gc,cpu        ] GC(1369) User=0.00s Sys=0.00s Real=0.00s
[22.460s][info][gc,marking    ] GC(1369) Concurrent Cleanup for Next Mark
[22.463s][info][gc,marking    ] GC(1369) Concurrent Cleanup for Next Mark 3.944ms
[22.464s][info][gc            ] GC(1369) Concurrent Cycle 18.818ms
[22.469s][info][gc,start      ] GC(1370) Pause Young (Concurrent Start) (G1 Humongous Allocation)
[22.469s][info][gc,task       ] GC(1370) Using 8 workers of 8 for evacuation
[22.471s][info][gc,phases     ] GC(1370)   Pre Evacuate Collection Set: 0.7ms
[22.471s][info][gc,phases     ] GC(1370)   Evacuate Collection Set: 0.5ms
[22.471s][info][gc,phases     ] GC(1370)   Post Evacuate Collection Set: 0.4ms
[22.471s][info][gc,phases     ] GC(1370)   Other: 0.3ms
[22.471s][info][gc,heap       ] GC(1370) Eden regions: 4->0(155)
[22.471s][info][gc,heap       ] GC(1370) Survivor regions: 1->1(20)
[22.471s][info][gc,heap       ] GC(1370) Old regions: 28->28
[22.471s][info][gc,heap       ] GC(1370) Humongous regions: 3054->3054
[22.471s][info][gc,metaspace  ] GC(1370) Metaspace: 9862K->9862K(1058816K)
[22.471s][info][gc            ] GC(1370) Pause Young (Concurrent Start) (G1 Humongous Allocation) 3085M->3081M(3134M) 2.029ms
[22.471s][info][gc,cpu        ] GC(1370) User=0.01s Sys=0.00s Real=0.01s
[22.471s][info][gc            ] GC(1371) Concurrent Cycle
[22.471s][info][gc,marking    ] GC(1371) Concurrent Clear Claimed Marks
[22.471s][info][gc,marking    ] GC(1371) Concurrent Clear Claimed Marks 0.015ms
[22.471s][info][gc,marking    ] GC(1371) Concurrent Scan Root Regions
[22.471s][info][gc,marking    ] GC(1371) Concurrent Scan Root Regions 0.108ms
[22.472s][info][gc,marking    ] GC(1371) Concurrent Mark (22.472s)
[22.472s][info][gc,marking    ] GC(1371) Concurrent Mark From Roots
[22.472s][info][gc,task       ] GC(1371) Using 2 workers of 2 for marking
[22.479s][info][gc,marking    ] GC(1371) Concurrent Mark From Roots 7.173ms
[22.479s][info][gc,marking    ] GC(1371) Concurrent Preclean
[22.479s][info][gc,marking    ] GC(1371) Concurrent Preclean 0.089ms
[22.479s][info][gc,marking    ] GC(1371) Concurrent Mark (22.472s, 22.479s) 7.344ms
[22.479s][info][gc,start      ] GC(1371) Pause Remark
[22.480s][info][gc,stringtable] GC(1371) Cleaned string and symbol table, strings: 4363 processed, 0 removed, symbols: 36588 processed, 0 removed
[22.480s][info][gc            ] GC(1371) Pause Remark 3084M->3084M(3134M) 0.970ms
[22.480s][info][gc,cpu        ] GC(1371) User=0.00s Sys=0.00s Real=0.00s
[22.480s][info][gc,marking    ] GC(1371) Concurrent Rebuild Remembered Sets
[22.486s][info][gc,marking    ] GC(1371) Concurrent Rebuild Remembered Sets 5.484ms
[22.487s][info][gc,start      ] GC(1371) Pause Cleanup
[22.487s][info][gc            ] GC(1371) Pause Cleanup 3087M->3087M(3134M) 0.390ms
[22.487s][info][gc,cpu        ] GC(1371) User=0.00s Sys=0.00s Real=0.00s
[22.487s][info][gc,marking    ] GC(1371) Concurrent Cleanup for Next Mark
[22.491s][info][gc,marking    ] GC(1371) Concurrent Cleanup for Next Mark 4.186ms
[22.491s][info][gc            ] GC(1371) Concurrent Cycle 19.948ms
[22.499s][info][gc,start      ] GC(1372) Pause Young (Concurrent Start) (G1 Humongous Allocation)
[22.499s][info][gc,task       ] GC(1372) Using 8 workers of 8 for evacuation
[22.501s][info][gc,phases     ] GC(1372)   Pre Evacuate Collection Set: 0.7ms
[22.501s][info][gc,phases     ] GC(1372)   Evacuate Collection Set: 0.6ms
[22.501s][info][gc,phases     ] GC(1372)   Post Evacuate Collection Set: 0.2ms
[22.501s][info][gc,phases     ] GC(1372)   Other: 0.3ms
[22.501s][info][gc,heap       ] GC(1372) Eden regions: 4->0(155)
[22.501s][info][gc,heap       ] GC(1372) Survivor regions: 1->1(20)
[22.501s][info][gc,heap       ] GC(1372) Old regions: 28->28
[22.501s][info][gc,heap       ] GC(1372) Humongous regions: 3058->3058
[22.501s][info][gc,metaspace  ] GC(1372) Metaspace: 9862K->9862K(1058816K)
[22.501s][info][gc            ] GC(1372) Pause Young (Concurrent Start) (G1 Humongous Allocation) 3089M->3085M(3134M) 1.913ms
[22.501s][info][gc,cpu        ] GC(1372) User=0.00s Sys=0.00s Real=0.00s
[22.501s][info][gc            ] GC(1373) Concurrent Cycle
[22.501s][info][gc,marking    ] GC(1373) Concurrent Clear Claimed Marks
[22.501s][info][gc,marking    ] GC(1373) Concurrent Clear Claimed Marks 0.013ms
[22.501s][info][gc,marking    ] GC(1373) Concurrent Scan Root Regions
[22.501s][info][gc,marking    ] GC(1373) Concurrent Scan Root Regions 0.069ms
[22.501s][info][gc,marking    ] GC(1373) Concurrent Mark (22.501s)
[22.501s][info][gc,marking    ] GC(1373) Concurrent Mark From Roots
[22.501s][info][gc,task       ] GC(1373) Using 2 workers of 2 for marking
[22.507s][info][gc,marking    ] GC(1373) Concurrent Mark From Roots 5.570ms
[22.507s][info][gc,marking    ] GC(1373) Concurrent Preclean
[22.507s][info][gc,marking    ] GC(1373) Concurrent Preclean 0.072ms
[22.507s][info][gc,marking    ] GC(1373) Concurrent Mark (22.501s, 22.507s) 5.711ms
[22.507s][info][gc,start      ] GC(1373) Pause Remark
[22.508s][info][gc,stringtable] GC(1373) Cleaned string and symbol table, strings: 4363 processed, 0 removed, symbols: 36588 processed, 0 removed
[22.508s][info][gc            ] GC(1373) Pause Remark 3088M->3088M(3134M) 1.221ms
[22.508s][info][gc,cpu        ] GC(1373) User=0.00s Sys=0.00s Real=0.00s
[22.508s][info][gc,marking    ] GC(1373) Concurrent Rebuild Remembered Sets
[22.514s][info][gc,marking    ] GC(1373) Concurrent Rebuild Remembered Sets 5.378ms
[22.514s][info][gc,start      ] GC(1373) Pause Cleanup
[22.514s][info][gc            ] GC(1373) Pause Cleanup 3091M->3091M(3134M) 0.333ms
[22.515s][info][gc,cpu        ] GC(1373) User=0.00s Sys=0.00s Real=0.00s
[22.515s][info][gc,marking    ] GC(1373) Concurrent Cleanup for Next Mark
[22.519s][info][gc,marking    ] GC(1373) Concurrent Cleanup for Next Mark 4.742ms
[22.519s][info][gc            ] GC(1373) Concurrent Cycle 18.127ms
[22.526s][info][gc,start      ] GC(1374) Pause Young (Concurrent Start) (G1 Humongous Allocation)
[22.526s][info][gc,task       ] GC(1374) Using 8 workers of 8 for evacuation
[22.528s][info][gc,phases     ] GC(1374)   Pre Evacuate Collection Set: 0.9ms
[22.528s][info][gc,phases     ] GC(1374)   Evacuate Collection Set: 0.6ms
[22.528s][info][gc,phases     ] GC(1374)   Post Evacuate Collection Set: 0.1ms
[22.528s][info][gc,phases     ] GC(1374)   Other: 0.4ms
[22.528s][info][gc,heap       ] GC(1374) Eden regions: 4->0(155)
[22.528s][info][gc,heap       ] GC(1374) Survivor regions: 1->1(20)
[22.528s][info][gc,heap       ] GC(1374) Old regions: 28->28
[22.528s][info][gc,heap       ] GC(1374) Humongous regions: 3062->3062
[22.528s][info][gc,metaspace  ] GC(1374) Metaspace: 9862K->9862K(1058816K)
[22.528s][info][gc            ] GC(1374) Pause Young (Concurrent Start) (G1 Humongous Allocation) 3093M->3089M(3134M) 2.059ms
[22.528s][info][gc,cpu        ] GC(1374) User=0.01s Sys=0.00s Real=0.00s
[22.528s][info][gc            ] GC(1375) Concurrent Cycle
[22.528s][info][gc,marking    ] GC(1375) Concurrent Clear Claimed Marks
[22.528s][info][gc,marking    ] GC(1375) Concurrent Clear Claimed Marks 0.013ms
[22.528s][info][gc,marking    ] GC(1375) Concurrent Scan Root Regions
[22.528s][info][gc,marking    ] GC(1375) Concurrent Scan Root Regions 0.055ms
[22.529s][info][gc,marking    ] GC(1375) Concurrent Mark (22.529s)
[22.529s][info][gc,marking    ] GC(1375) Concurrent Mark From Roots
[22.529s][info][gc,task       ] GC(1375) Using 2 workers of 2 for marking
[22.534s][info][gc,marking    ] GC(1375) Concurrent Mark From Roots 5.598ms
[22.534s][info][gc,marking    ] GC(1375) Concurrent Preclean
[22.534s][info][gc,marking    ] GC(1375) Concurrent Preclean 0.078ms
[22.534s][info][gc,marking    ] GC(1375) Concurrent Mark (22.529s, 22.534s) 5.749ms
[22.534s][info][gc,start      ] GC(1375) Pause Remark
[22.536s][info][gc,stringtable] GC(1375) Cleaned string and symbol table, strings: 4363 processed, 0 removed, symbols: 36588 processed, 0 removed
[22.536s][info][gc            ] GC(1375) Pause Remark 3092M->3092M(3134M) 1.661ms
[22.536s][info][gc,cpu        ] GC(1375) User=0.01s Sys=0.00s Real=0.00s
[22.536s][info][gc,marking    ] GC(1375) Concurrent Rebuild Remembered Sets
[22.542s][info][gc,marking    ] GC(1375) Concurrent Rebuild Remembered Sets 5.536ms
[22.542s][info][gc,start      ] GC(1375) Pause Cleanup
[22.542s][info][gc            ] GC(1375) Pause Cleanup 3095M->3095M(3134M) 0.323ms
[22.542s][info][gc,cpu        ] GC(1375) User=0.00s Sys=0.00s Real=0.00s
[22.542s][info][gc,marking    ] GC(1375) Concurrent Cleanup for Next Mark
[22.547s][info][gc,marking    ] GC(1375) Concurrent Cleanup for Next Mark 4.479ms
[22.547s][info][gc            ] GC(1375) Concurrent Cycle 18.410ms
[22.553s][info][gc,start      ] GC(1376) Pause Young (Concurrent Start) (G1 Humongous Allocation)
[22.553s][info][gc,task       ] GC(1376) Using 8 workers of 8 for evacuation
[22.556s][info][gc,phases     ] GC(1376)   Pre Evacuate Collection Set: 0.8ms
[22.556s][info][gc,phases     ] GC(1376)   Evacuate Collection Set: 1.0ms
[22.556s][info][gc,phases     ] GC(1376)   Post Evacuate Collection Set: 0.1ms
[22.556s][info][gc,phases     ] GC(1376)   Other: 0.4ms
[22.556s][info][gc,heap       ] GC(1376) Eden regions: 4->0(155)
[22.556s][info][gc,heap       ] GC(1376) Survivor regions: 1->1(20)
[22.556s][info][gc,heap       ] GC(1376) Old regions: 28->28
[22.556s][info][gc,heap       ] GC(1376) Humongous regions: 3066->3066
[22.556s][info][gc,metaspace  ] GC(1376) Metaspace: 9862K->9862K(1058816K)
[22.556s][info][gc            ] GC(1376) Pause Young (Concurrent Start) (G1 Humongous Allocation) 3097M->3093M(3134M) 2.439ms
[22.556s][info][gc,cpu        ] GC(1376) User=0.00s Sys=0.00s Real=0.00s
[22.556s][info][gc            ] GC(1377) Concurrent Cycle
[22.556s][info][gc,marking    ] GC(1377) Concurrent Clear Claimed Marks
[22.556s][info][gc,marking    ] GC(1377) Concurrent Clear Claimed Marks 0.014ms
[22.556s][info][gc,marking    ] GC(1377) Concurrent Scan Root Regions
[22.556s][info][gc,marking    ] GC(1377) Concurrent Scan Root Regions 0.059ms
[22.556s][info][gc,marking    ] GC(1377) Concurrent Mark (22.556s)
[22.556s][info][gc,marking    ] GC(1377) Concurrent Mark From Roots
[22.556s][info][gc,task       ] GC(1377) Using 2 workers of 2 for marking
[22.563s][info][gc,marking    ] GC(1377) Concurrent Mark From Roots 7.369ms
[22.563s][info][gc,marking    ] GC(1377) Concurrent Preclean
[22.563s][info][gc,marking    ] GC(1377) Concurrent Preclean 0.088ms
[22.563s][info][gc,marking    ] GC(1377) Concurrent Mark (22.556s, 22.563s) 7.530ms
[22.564s][info][gc,start      ] GC(1377) Pause Remark
[22.565s][info][gc,stringtable] GC(1377) Cleaned string and symbol table, strings: 4363 processed, 0 removed, symbols: 36588 processed, 0 removed
[22.565s][info][gc            ] GC(1377) Pause Remark 3096M->3096M(3134M) 1.687ms
[22.565s][info][gc,cpu        ] GC(1377) User=0.01s Sys=0.00s Real=0.00s
[22.565s][info][gc,marking    ] GC(1377) Concurrent Rebuild Remembered Sets
[22.571s][info][gc,marking    ] GC(1377) Concurrent Rebuild Remembered Sets 5.423ms
[22.571s][info][gc,start      ] GC(1377) Pause Cleanup
[22.571s][info][gc            ] GC(1377) Pause Cleanup 3099M->3099M(3134M) 0.340ms
[22.571s][info][gc,cpu        ] GC(1377) User=0.00s Sys=0.00s Real=0.01s
[22.571s][info][gc,marking    ] GC(1377) Concurrent Cleanup for Next Mark
[22.575s][info][gc,marking    ] GC(1377) Concurrent Cleanup for Next Mark 3.695ms
[22.575s][info][gc            ] GC(1377) Concurrent Cycle 19.200ms
[22.580s][info][gc,start      ] GC(1378) Pause Young (Concurrent Start) (G1 Humongous Allocation)
[22.580s][info][gc,task       ] GC(1378) Using 8 workers of 8 for evacuation
[22.582s][info][gc,phases     ] GC(1378)   Pre Evacuate Collection Set: 0.7ms
[22.582s][info][gc,phases     ] GC(1378)   Evacuate Collection Set: 0.5ms
[22.582s][info][gc,phases     ] GC(1378)   Post Evacuate Collection Set: 0.1ms
[22.582s][info][gc,phases     ] GC(1378)   Other: 0.3ms
[22.582s][info][gc,heap       ] GC(1378) Eden regions: 4->0(155)
[22.582s][info][gc,heap       ] GC(1378) Survivor regions: 1->1(20)
[22.582s][info][gc,heap       ] GC(1378) Old regions: 28->28
[22.582s][info][gc,heap       ] GC(1378) Humongous regions: 3070->3070
[22.582s][info][gc,metaspace  ] GC(1378) Metaspace: 9862K->9862K(1058816K)
[22.582s][info][gc            ] GC(1378) Pause Young (Concurrent Start) (G1 Humongous Allocation) 3101M->3097M(3134M) 1.655ms
[22.582s][info][gc,cpu        ] GC(1378) User=0.00s Sys=0.00s Real=0.01s
[22.582s][info][gc            ] GC(1379) Concurrent Cycle
[22.582s][info][gc,marking    ] GC(1379) Concurrent Clear Claimed Marks
[22.582s][info][gc,marking    ] GC(1379) Concurrent Clear Claimed Marks 0.012ms
[22.582s][info][gc,marking    ] GC(1379) Concurrent Scan Root Regions
[22.582s][info][gc,marking    ] GC(1379) Concurrent Scan Root Regions 0.052ms
[22.582s][info][gc,marking    ] GC(1379) Concurrent Mark (22.582s)
[22.582s][info][gc,marking    ] GC(1379) Concurrent Mark From Roots
[22.582s][info][gc,task       ] GC(1379) Using 2 workers of 2 for marking
[22.588s][info][gc,marking    ] GC(1379) Concurrent Mark From Roots 5.643ms
[22.588s][info][gc,marking    ] GC(1379) Concurrent Preclean
[22.588s][info][gc,marking    ] GC(1379) Concurrent Preclean 0.073ms
[22.588s][info][gc,marking    ] GC(1379) Concurrent Mark (22.582s, 22.588s) 5.784ms
[22.588s][info][gc,start      ] GC(1379) Pause Remark
[22.589s][info][gc,stringtable] GC(1379) Cleaned string and symbol table, strings: 4363 processed, 0 removed, symbols: 36588 processed, 0 removed
[22.589s][info][gc            ] GC(1379) Pause Remark 3100M->3100M(3134M) 1.196ms
[22.589s][info][gc,cpu        ] GC(1379) User=0.00s Sys=0.01s Real=0.00s
[22.589s][info][gc,marking    ] GC(1379) Concurrent Rebuild Remembered Sets
[22.594s][info][gc,marking    ] GC(1379) Concurrent Rebuild Remembered Sets 5.390ms
[22.595s][info][gc,start      ] GC(1379) Pause Cleanup
[22.595s][info][gc            ] GC(1379) Pause Cleanup 3103M->3103M(3134M) 0.328ms
[22.595s][info][gc,cpu        ] GC(1379) User=0.00s Sys=0.00s Real=0.00s
[22.595s][info][gc,marking    ] GC(1379) Concurrent Cleanup for Next Mark
[22.600s][info][gc,marking    ] GC(1379) Concurrent Cleanup for Next Mark 4.548ms
[22.600s][info][gc            ] GC(1379) Concurrent Cycle 17.975ms
[22.607s][info][gc,start      ] GC(1380) Pause Young (Concurrent Start) (G1 Humongous Allocation)
[22.608s][info][gc,task       ] GC(1380) Using 8 workers of 8 for evacuation
[22.609s][info][gc,phases     ] GC(1380)   Pre Evacuate Collection Set: 0.7ms
[22.609s][info][gc,phases     ] GC(1380)   Evacuate Collection Set: 0.5ms
[22.609s][info][gc,phases     ] GC(1380)   Post Evacuate Collection Set: 0.1ms
[22.609s][info][gc,phases     ] GC(1380)   Other: 0.3ms
[22.609s][info][gc,heap       ] GC(1380) Eden regions: 4->0(155)
[22.609s][info][gc,heap       ] GC(1380) Survivor regions: 1->1(20)
[22.609s][info][gc,heap       ] GC(1380) Old regions: 28->28
[22.609s][info][gc,heap       ] GC(1380) Humongous regions: 3074->3074
[22.609s][info][gc,metaspace  ] GC(1380) Metaspace: 9862K->9862K(1058816K)
[22.609s][info][gc            ] GC(1380) Pause Young (Concurrent Start) (G1 Humongous Allocation) 3105M->3101M(3134M) 1.790ms
[22.609s][info][gc,cpu        ] GC(1380) User=0.00s Sys=0.00s Real=0.00s
[22.609s][info][gc            ] GC(1381) Concurrent Cycle
[22.609s][info][gc,marking    ] GC(1381) Concurrent Clear Claimed Marks
[22.609s][info][gc,marking    ] GC(1381) Concurrent Clear Claimed Marks 0.012ms
[22.609s][info][gc,marking    ] GC(1381) Concurrent Scan Root Regions
[22.609s][info][gc,marking    ] GC(1381) Concurrent Scan Root Regions 0.052ms
[22.609s][info][gc,marking    ] GC(1381) Concurrent Mark (22.609s)
[22.609s][info][gc,marking    ] GC(1381) Concurrent Mark From Roots
[22.609s][info][gc,task       ] GC(1381) Using 2 workers of 2 for marking
[22.615s][info][gc,marking    ] GC(1381) Concurrent Mark From Roots 5.639ms
[22.615s][info][gc,marking    ] GC(1381) Concurrent Preclean
[22.615s][info][gc,marking    ] GC(1381) Concurrent Preclean 0.074ms
[22.615s][info][gc,marking    ] GC(1381) Concurrent Mark (22.609s, 22.615s) 5.781ms
[22.615s][info][gc,start      ] GC(1381) Pause Remark
[22.616s][info][gc,stringtable] GC(1381) Cleaned string and symbol table, strings: 4363 processed, 0 removed, symbols: 36588 processed, 0 removed
[22.617s][info][gc            ] GC(1381) Pause Remark 3104M->3104M(3134M) 1.698ms
[22.617s][info][gc,cpu        ] GC(1381) User=0.01s Sys=0.00s Real=0.00s
[22.617s][info][gc,marking    ] GC(1381) Concurrent Rebuild Remembered Sets
[22.622s][info][gc,marking    ] GC(1381) Concurrent Rebuild Remembered Sets 5.387ms
[22.623s][info][gc,start      ] GC(1381) Pause Cleanup
[22.623s][info][gc            ] GC(1381) Pause Cleanup 3107M->3107M(3134M) 0.328ms
[22.623s][info][gc,cpu        ] GC(1381) User=0.01s Sys=0.00s Real=0.00s
[22.623s][info][gc,marking    ] GC(1381) Concurrent Cleanup for Next Mark
[22.627s][info][gc,marking    ] GC(1381) Concurrent Cleanup for Next Mark 3.702ms
[22.627s][info][gc            ] GC(1381) Concurrent Cycle 17.410ms
[22.633s][info][gc,start      ] GC(1382) Pause Young (Concurrent Start) (G1 Humongous Allocation)
[22.633s][info][gc,task       ] GC(1382) Using 8 workers of 8 for evacuation
[22.634s][info][gc,phases     ] GC(1382)   Pre Evacuate Collection Set: 0.7ms
[22.634s][info][gc,phases     ] GC(1382)   Evacuate Collection Set: 0.6ms
[22.634s][info][gc,phases     ] GC(1382)   Post Evacuate Collection Set: 0.1ms
[22.634s][info][gc,phases     ] GC(1382)   Other: 0.2ms
[22.634s][info][gc,heap       ] GC(1382) Eden regions: 4->0(155)
[22.634s][info][gc,heap       ] GC(1382) Survivor regions: 1->1(20)
[22.634s][info][gc,heap       ] GC(1382) Old regions: 28->28
[22.634s][info][gc,heap       ] GC(1382) Humongous regions: 3078->3078
[22.634s][info][gc,metaspace  ] GC(1382) Metaspace: 9862K->9862K(1058816K)
[22.634s][info][gc            ] GC(1382) Pause Young (Concurrent Start) (G1 Humongous Allocation) 3109M->3105M(3134M) 1.682ms
[22.634s][info][gc,cpu        ] GC(1382) User=0.01s Sys=0.00s Real=0.00s
[22.634s][info][gc            ] GC(1383) Concurrent Cycle
[22.634s][info][gc,marking    ] GC(1383) Concurrent Clear Claimed Marks
[22.634s][info][gc,marking    ] GC(1383) Concurrent Clear Claimed Marks 0.014ms
[22.634s][info][gc,marking    ] GC(1383) Concurrent Scan Root Regions
[22.634s][info][gc,marking    ] GC(1383) Concurrent Scan Root Regions 0.064ms
[22.634s][info][gc,marking    ] GC(1383) Concurrent Mark (22.634s)
[22.634s][info][gc,marking    ] GC(1383) Concurrent Mark From Roots
[22.634s][info][gc,task       ] GC(1383) Using 2 workers of 2 for marking
[22.641s][info][gc,marking    ] GC(1383) Concurrent Mark From Roots 6.716ms
[22.641s][info][gc,marking    ] GC(1383) Concurrent Preclean
[22.641s][info][gc,marking    ] GC(1383) Concurrent Preclean 0.079ms
[22.641s][info][gc,marking    ] GC(1383) Concurrent Mark (22.634s, 22.641s) 6.870ms
[22.641s][info][gc,start      ] GC(1383) Pause Remark
[22.642s][info][gc,stringtable] GC(1383) Cleaned string and symbol table, strings: 4363 processed, 0 removed, symbols: 36588 processed, 0 removed
[22.643s][info][gc            ] GC(1383) Pause Remark 3108M->3108M(3134M) 1.567ms
[22.643s][info][gc,cpu        ] GC(1383) User=0.00s Sys=0.00s Real=0.00s
[22.643s][info][gc,marking    ] GC(1383) Concurrent Rebuild Remembered Sets
[22.649s][info][gc,marking    ] GC(1383) Concurrent Rebuild Remembered Sets 5.501ms
[22.649s][info][gc,start      ] GC(1383) Pause Cleanup
[22.650s][info][gc            ] GC(1383) Pause Cleanup 3111M->3111M(3134M) 0.385ms
[22.650s][info][gc,cpu        ] GC(1383) User=0.00s Sys=0.00s Real=0.00s
[22.650s][info][gc,marking    ] GC(1383) Concurrent Cleanup for Next Mark
[22.654s][info][gc,marking    ] GC(1383) Concurrent Cleanup for Next Mark 4.143ms
[22.654s][info][gc            ] GC(1383) Concurrent Cycle 19.740ms
[22.660s][info][gc,start      ] GC(1384) Pause Young (Concurrent Start) (G1 Humongous Allocation)
[22.660s][info][gc,task       ] GC(1384) Using 8 workers of 8 for evacuation
[22.662s][info][gc,phases     ] GC(1384)   Pre Evacuate Collection Set: 0.8ms
[22.662s][info][gc,phases     ] GC(1384)   Evacuate Collection Set: 0.5ms
[22.662s][info][gc,phases     ] GC(1384)   Post Evacuate Collection Set: 0.1ms
[22.662s][info][gc,phases     ] GC(1384)   Other: 0.4ms
[22.662s][info][gc,heap       ] GC(1384) Eden regions: 4->0(155)
[22.662s][info][gc,heap       ] GC(1384) Survivor regions: 1->1(20)
[22.662s][info][gc,heap       ] GC(1384) Old regions: 28->28
[22.662s][info][gc,heap       ] GC(1384) Humongous regions: 3082->3082
[22.662s][info][gc,metaspace  ] GC(1384) Metaspace: 9862K->9862K(1058816K)
[22.662s][info][gc            ] GC(1384) Pause Young (Concurrent Start) (G1 Humongous Allocation) 3113M->3109M(3134M) 1.920ms
[22.662s][info][gc,cpu        ] GC(1384) User=0.00s Sys=0.00s Real=0.01s
[22.662s][info][gc            ] GC(1385) Concurrent Cycle
[22.662s][info][gc,marking    ] GC(1385) Concurrent Clear Claimed Marks
[22.662s][info][gc,marking    ] GC(1385) Concurrent Clear Claimed Marks 0.016ms
[22.662s][info][gc,marking    ] GC(1385) Concurrent Scan Root Regions
[22.662s][info][gc,marking    ] GC(1385) Concurrent Scan Root Regions 0.054ms
[22.662s][info][gc,marking    ] GC(1385) Concurrent Mark (22.662s)
[22.662s][info][gc,marking    ] GC(1385) Concurrent Mark From Roots
[22.662s][info][gc,task       ] GC(1385) Using 2 workers of 2 for marking
[22.669s][info][gc,marking    ] GC(1385) Concurrent Mark From Roots 6.756ms
[22.669s][info][gc,marking    ] GC(1385) Concurrent Preclean
[22.669s][info][gc,marking    ] GC(1385) Concurrent Preclean 0.078ms
[22.669s][info][gc,marking    ] GC(1385) Concurrent Mark (22.662s, 22.669s) 6.902ms
[22.669s][info][gc,start      ] GC(1385) Pause Remark
[22.670s][info][gc,stringtable] GC(1385) Cleaned string and symbol table, strings: 4363 processed, 0 removed, symbols: 36588 processed, 0 removed
[22.671s][info][gc            ] GC(1385) Pause Remark 3112M->3112M(3134M) 1.713ms
[22.671s][info][gc,cpu        ] GC(1385) User=0.01s Sys=0.00s Real=0.00s
[22.671s][info][gc,marking    ] GC(1385) Concurrent Rebuild Remembered Sets
[22.676s][info][gc,marking    ] GC(1385) Concurrent Rebuild Remembered Sets 5.407ms
[22.677s][info][gc,start      ] GC(1385) Pause Cleanup
[22.677s][info][gc            ] GC(1385) Pause Cleanup 3115M->3115M(3134M) 0.303ms
[22.677s][info][gc,cpu        ] GC(1385) User=0.00s Sys=0.00s Real=0.00s
[22.677s][info][gc,marking    ] GC(1385) Concurrent Cleanup for Next Mark
[22.681s][info][gc,marking    ] GC(1385) Concurrent Cleanup for Next Mark 3.925ms
[22.681s][info][gc            ] GC(1385) Concurrent Cycle 19.327ms
[22.687s][info][gc,start      ] GC(1386) Pause Young (Concurrent Start) (G1 Humongous Allocation)
[22.687s][info][gc,task       ] GC(1386) Using 8 workers of 8 for evacuation
[22.689s][info][gc,phases     ] GC(1386)   Pre Evacuate Collection Set: 0.7ms
[22.689s][info][gc,phases     ] GC(1386)   Evacuate Collection Set: 0.9ms
[22.689s][info][gc,phases     ] GC(1386)   Post Evacuate Collection Set: 0.1ms
[22.689s][info][gc,phases     ] GC(1386)   Other: 0.3ms
[22.689s][info][gc,heap       ] GC(1386) Eden regions: 4->0(155)
[22.689s][info][gc,heap       ] GC(1386) Survivor regions: 1->1(20)
[22.689s][info][gc,heap       ] GC(1386) Old regions: 28->28
[22.689s][info][gc,heap       ] GC(1386) Humongous regions: 3086->3086
[22.689s][info][gc,metaspace  ] GC(1386) Metaspace: 9862K->9862K(1058816K)
[22.689s][info][gc            ] GC(1386) Pause Young (Concurrent Start) (G1 Humongous Allocation) 3117M->3113M(3134M) 2.120ms
[22.689s][info][gc,cpu        ] GC(1386) User=0.01s Sys=0.00s Real=0.00s
[22.689s][info][gc            ] GC(1387) Concurrent Cycle
[22.689s][info][gc,marking    ] GC(1387) Concurrent Clear Claimed Marks
[22.689s][info][gc,marking    ] GC(1387) Concurrent Clear Claimed Marks 0.016ms
[22.689s][info][gc,marking    ] GC(1387) Concurrent Scan Root Regions
[22.689s][info][gc,marking    ] GC(1387) Concurrent Scan Root Regions 0.057ms
[22.689s][info][gc,marking    ] GC(1387) Concurrent Mark (22.689s)
[22.689s][info][gc,marking    ] GC(1387) Concurrent Mark From Roots
[22.689s][info][gc,task       ] GC(1387) Using 2 workers of 2 for marking
[22.695s][info][gc,marking    ] GC(1387) Concurrent Mark From Roots 6.041ms
[22.695s][info][gc,marking    ] GC(1387) Concurrent Preclean
[22.696s][info][gc,marking    ] GC(1387) Concurrent Preclean 0.083ms
[22.696s][info][gc,marking    ] GC(1387) Concurrent Mark (22.689s, 22.696s) 6.205ms
[22.696s][info][gc,start      ] GC(1387) Pause Remark
[22.697s][info][gc,stringtable] GC(1387) Cleaned string and symbol table, strings: 4363 processed, 0 removed, symbols: 36588 processed, 0 removed
[22.697s][info][gc            ] GC(1387) Pause Remark 3116M->3116M(3134M) 1.350ms
[22.697s][info][gc,cpu        ] GC(1387) User=0.00s Sys=0.00s Real=0.00s
[22.697s][info][gc,marking    ] GC(1387) Concurrent Rebuild Remembered Sets
[22.703s][info][gc,marking    ] GC(1387) Concurrent Rebuild Remembered Sets 5.531ms
[22.703s][info][gc,start      ] GC(1387) Pause Cleanup
[22.703s][info][gc            ] GC(1387) Pause Cleanup 3119M->3119M(3134M) 0.498ms
[22.703s][info][gc,cpu        ] GC(1387) User=0.00s Sys=0.00s Real=0.00s
[22.703s][info][gc,marking    ] GC(1387) Concurrent Cleanup for Next Mark
[22.708s][info][gc,marking    ] GC(1387) Concurrent Cleanup for Next Mark 4.677ms
[22.708s][info][gc            ] GC(1387) Concurrent Cycle 18.903ms
[22.714s][info][gc,start      ] GC(1388) Pause Young (Concurrent Start) (G1 Humongous Allocation)
[22.714s][info][gc,task       ] GC(1388) Using 8 workers of 8 for evacuation
[22.716s][info][gc,phases     ] GC(1388)   Pre Evacuate Collection Set: 0.7ms
[22.716s][info][gc,phases     ] GC(1388)   Evacuate Collection Set: 0.6ms
[22.716s][info][gc,phases     ] GC(1388)   Post Evacuate Collection Set: 0.1ms
[22.716s][info][gc,phases     ] GC(1388)   Other: 0.3ms
[22.716s][info][gc,heap       ] GC(1388) Eden regions: 4->0(155)
[22.716s][info][gc,heap       ] GC(1388) Survivor regions: 1->1(20)
[22.716s][info][gc,heap       ] GC(1388) Old regions: 28->28
[22.716s][info][gc,heap       ] GC(1388) Humongous regions: 3090->3090
[22.716s][info][gc,metaspace  ] GC(1388) Metaspace: 9862K->9862K(1058816K)
[22.716s][info][gc            ] GC(1388) Pause Young (Concurrent Start) (G1 Humongous Allocation) 3121M->3117M(3134M) 1.849ms
[22.716s][info][gc,cpu        ] GC(1388) User=0.01s Sys=0.00s Real=0.00s
[22.716s][info][gc            ] GC(1389) Concurrent Cycle
[22.716s][info][gc,marking    ] GC(1389) Concurrent Clear Claimed Marks
[22.716s][info][gc,marking    ] GC(1389) Concurrent Clear Claimed Marks 0.017ms
[22.716s][info][gc,marking    ] GC(1389) Concurrent Scan Root Regions
[22.716s][info][gc,marking    ] GC(1389) Concurrent Scan Root Regions 0.074ms
[22.716s][info][gc,marking    ] GC(1389) Concurrent Mark (22.716s)
[22.716s][info][gc,marking    ] GC(1389) Concurrent Mark From Roots
[22.716s][info][gc,task       ] GC(1389) Using 2 workers of 2 for marking
[22.722s][info][gc,marking    ] GC(1389) Concurrent Mark From Roots 5.801ms
[22.722s][info][gc,marking    ] GC(1389) Concurrent Preclean
[22.722s][info][gc,marking    ] GC(1389) Concurrent Preclean 0.084ms
[22.722s][info][gc,marking    ] GC(1389) Concurrent Mark (22.716s, 22.722s) 5.966ms
[22.722s][info][gc,start      ] GC(1389) Pause Remark
[22.723s][info][gc,stringtable] GC(1389) Cleaned string and symbol table, strings: 4363 processed, 0 removed, symbols: 36588 processed, 0 removed
[22.723s][info][gc            ] GC(1389) Pause Remark 3120M->3120M(3134M) 1.019ms
[22.723s][info][gc,cpu        ] GC(1389) User=0.01s Sys=0.00s Real=0.00s
[22.723s][info][gc,marking    ] GC(1389) Concurrent Rebuild Remembered Sets
[22.729s][info][gc,marking    ] GC(1389) Concurrent Rebuild Remembered Sets 5.480ms
[22.729s][info][gc,start      ] GC(1389) Pause Cleanup
[22.729s][info][gc            ] GC(1389) Pause Cleanup 3123M->3123M(3136M) 0.352ms
[22.729s][info][gc,cpu        ] GC(1389) User=0.01s Sys=0.00s Real=0.00s
[22.730s][info][gc,marking    ] GC(1389) Concurrent Cleanup for Next Mark
[22.733s][info][gc,marking    ] GC(1389) Concurrent Cleanup for Next Mark 3.759ms
[22.733s][info][gc            ] GC(1389) Concurrent Cycle 17.133ms
[22.739s][info][gc,start      ] GC(1390) Pause Young (Concurrent Start) (G1 Humongous Allocation)
[22.739s][info][gc,task       ] GC(1390) Using 8 workers of 8 for evacuation
[22.740s][info][gc,phases     ] GC(1390)   Pre Evacuate Collection Set: 0.7ms
[22.740s][info][gc,phases     ] GC(1390)   Evacuate Collection Set: 0.5ms
[22.740s][info][gc,phases     ] GC(1390)   Post Evacuate Collection Set: 0.1ms
[22.740s][info][gc,phases     ] GC(1390)   Other: 0.3ms
[22.740s][info][gc,heap       ] GC(1390) Eden regions: 4->0(155)
[22.740s][info][gc,heap       ] GC(1390) Survivor regions: 1->1(20)
[22.740s][info][gc,heap       ] GC(1390) Old regions: 28->28
[22.740s][info][gc,heap       ] GC(1390) Humongous regions: 3094->3094
[22.740s][info][gc,metaspace  ] GC(1390) Metaspace: 9862K->9862K(1058816K)
[22.740s][info][gc            ] GC(1390) Pause Young (Concurrent Start) (G1 Humongous Allocation) 3125M->3121M(3136M) 1.725ms
[22.740s][info][gc,cpu        ] GC(1390) User=0.01s Sys=0.00s Real=0.00s
[22.740s][info][gc            ] GC(1391) Concurrent Cycle
[22.740s][info][gc,marking    ] GC(1391) Concurrent Clear Claimed Marks
[22.740s][info][gc,marking    ] GC(1391) Concurrent Clear Claimed Marks 0.012ms
[22.740s][info][gc,marking    ] GC(1391) Concurrent Scan Root Regions
[22.740s][info][gc,marking    ] GC(1391) Concurrent Scan Root Regions 0.053ms
[22.740s][info][gc,marking    ] GC(1391) Concurrent Mark (22.740s)
[22.740s][info][gc,marking    ] GC(1391) Concurrent Mark From Roots
[22.740s][info][gc,task       ] GC(1391) Using 2 workers of 2 for marking
[22.746s][info][gc,marking    ] GC(1391) Concurrent Mark From Roots 5.850ms
[22.746s][info][gc,marking    ] GC(1391) Concurrent Preclean
[22.746s][info][gc,marking    ] GC(1391) Concurrent Preclean 0.080ms
[22.746s][info][gc,marking    ] GC(1391) Concurrent Mark (22.740s, 22.746s) 5.996ms
[22.746s][info][gc,start      ] GC(1391) Pause Remark
[22.748s][info][gc,stringtable] GC(1391) Cleaned string and symbol table, strings: 4363 processed, 0 removed, symbols: 36588 processed, 0 removed
[22.748s][info][gc            ] GC(1391) Pause Remark 3124M->3124M(3136M) 1.718ms
[22.748s][info][gc,cpu        ] GC(1391) User=0.01s Sys=0.00s Real=0.00s
[22.748s][info][gc,marking    ] GC(1391) Concurrent Rebuild Remembered Sets
[22.754s][info][gc,marking    ] GC(1391) Concurrent Rebuild Remembered Sets 5.609ms
[22.754s][info][gc,start      ] GC(1391) Pause Cleanup
[22.754s][info][gc            ] GC(1391) Pause Cleanup 3127M->3127M(3138M) 0.402ms
[22.754s][info][gc,cpu        ] GC(1391) User=0.00s Sys=0.00s Real=0.00s
[22.754s][info][gc,marking    ] GC(1391) Concurrent Cleanup for Next Mark
[22.759s][info][gc,marking    ] GC(1391) Concurrent Cleanup for Next Mark 4.491ms
[22.759s][info][gc            ] GC(1391) Concurrent Cycle 18.695ms
[22.765s][info][gc,start      ] GC(1392) Pause Young (Concurrent Start) (G1 Humongous Allocation)
[22.766s][info][gc,task       ] GC(1392) Using 8 workers of 8 for evacuation
[22.767s][info][gc,phases     ] GC(1392)   Pre Evacuate Collection Set: 0.7ms
[22.767s][info][gc,phases     ] GC(1392)   Evacuate Collection Set: 0.5ms
[22.767s][info][gc,phases     ] GC(1392)   Post Evacuate Collection Set: 0.2ms
[22.767s][info][gc,phases     ] GC(1392)   Other: 0.4ms
[22.767s][info][gc,heap       ] GC(1392) Eden regions: 4->0(155)
[22.767s][info][gc,heap       ] GC(1392) Survivor regions: 1->1(20)
[22.767s][info][gc,heap       ] GC(1392) Old regions: 28->28
[22.767s][info][gc,heap       ] GC(1392) Humongous regions: 3098->3098
[22.767s][info][gc,metaspace  ] GC(1392) Metaspace: 9862K->9862K(1058816K)
[22.767s][info][gc            ] GC(1392) Pause Young (Concurrent Start) (G1 Humongous Allocation) 3129M->3125M(3138M) 1.844ms
[22.767s][info][gc,cpu        ] GC(1392) User=0.00s Sys=0.00s Real=0.00s
[22.767s][info][gc            ] GC(1393) Concurrent Cycle
[22.767s][info][gc,marking    ] GC(1393) Concurrent Clear Claimed Marks
[22.767s][info][gc,marking    ] GC(1393) Concurrent Clear Claimed Marks 0.016ms
[22.767s][info][gc,marking    ] GC(1393) Concurrent Scan Root Regions
[22.767s][info][gc,marking    ] GC(1393) Concurrent Scan Root Regions 0.050ms
[22.768s][info][gc,marking    ] GC(1393) Concurrent Mark (22.768s)
[22.768s][info][gc,marking    ] GC(1393) Concurrent Mark From Roots
[22.768s][info][gc,task       ] GC(1393) Using 2 workers of 2 for marking
[22.773s][info][gc,marking    ] GC(1393) Concurrent Mark From Roots 5.637ms
[22.773s][info][gc,marking    ] GC(1393) Concurrent Preclean
[22.773s][info][gc,marking    ] GC(1393) Concurrent Preclean 0.076ms
[22.773s][info][gc,marking    ] GC(1393) Concurrent Mark (22.768s, 22.773s) 5.782ms
[22.773s][info][gc,start      ] GC(1393) Pause Remark
[22.775s][info][gc,stringtable] GC(1393) Cleaned string and symbol table, strings: 4363 processed, 0 removed, symbols: 36588 processed, 0 removed
[22.775s][info][gc            ] GC(1393) Pause Remark 3128M->3128M(3140M) 1.777ms
[22.775s][info][gc,cpu        ] GC(1393) User=0.01s Sys=0.01s Real=0.00s
[22.775s][info][gc,marking    ] GC(1393) Concurrent Rebuild Remembered Sets
[22.781s][info][gc,marking    ] GC(1393) Concurrent Rebuild Remembered Sets 5.467ms
[22.781s][info][gc,start      ] GC(1393) Pause Cleanup
[22.781s][info][gc            ] GC(1393) Pause Cleanup 3131M->3131M(3142M) 0.373ms
[22.781s][info][gc,cpu        ] GC(1393) User=0.00s Sys=0.00s Real=0.01s
[22.781s][info][gc,marking    ] GC(1393) Concurrent Cleanup for Next Mark
[22.786s][info][gc,marking    ] GC(1393) Concurrent Cleanup for Next Mark 4.346ms
[22.786s][info][gc            ] GC(1393) Concurrent Cycle 18.262ms
[22.792s][info][gc,start      ] GC(1394) Pause Young (Concurrent Start) (G1 Humongous Allocation)
[22.792s][info][gc,task       ] GC(1394) Using 8 workers of 8 for evacuation
[22.794s][info][gc,phases     ] GC(1394)   Pre Evacuate Collection Set: 0.7ms
[22.794s][info][gc,phases     ] GC(1394)   Evacuate Collection Set: 0.5ms
[22.794s][info][gc,phases     ] GC(1394)   Post Evacuate Collection Set: 0.1ms
[22.794s][info][gc,phases     ] GC(1394)   Other: 0.3ms
[22.794s][info][gc,heap       ] GC(1394) Eden regions: 4->0(156)
[22.794s][info][gc,heap       ] GC(1394) Survivor regions: 1->1(20)
[22.794s][info][gc,heap       ] GC(1394) Old regions: 28->28
[22.794s][info][gc,heap       ] GC(1394) Humongous regions: 3102->3102
[22.794s][info][gc,metaspace  ] GC(1394) Metaspace: 9862K->9862K(1058816K)
[22.794s][info][gc            ] GC(1394) Pause Young (Concurrent Start) (G1 Humongous Allocation) 3133M->3129M(3142M) 1.813ms
[22.794s][info][gc,cpu        ] GC(1394) User=0.01s Sys=0.00s Real=0.00s
[22.794s][info][gc            ] GC(1395) Concurrent Cycle
[22.794s][info][gc,marking    ] GC(1395) Concurrent Clear Claimed Marks
[22.794s][info][gc,marking    ] GC(1395) Concurrent Clear Claimed Marks 0.015ms
[22.794s][info][gc,marking    ] GC(1395) Concurrent Scan Root Regions
[22.794s][info][gc,marking    ] GC(1395) Concurrent Scan Root Regions 0.055ms
[22.794s][info][gc,marking    ] GC(1395) Concurrent Mark (22.794s)
[22.794s][info][gc,marking    ] GC(1395) Concurrent Mark From Roots
[22.794s][info][gc,task       ] GC(1395) Using 2 workers of 2 for marking
[22.800s][info][gc,marking    ] GC(1395) Concurrent Mark From Roots 5.672ms
[22.800s][info][gc,marking    ] GC(1395) Concurrent Preclean
[22.800s][info][gc,marking    ] GC(1395) Concurrent Preclean 0.075ms
[22.800s][info][gc,marking    ] GC(1395) Concurrent Mark (22.794s, 22.800s) 5.814ms
[22.800s][info][gc,start      ] GC(1395) Pause Remark
[22.801s][info][gc,stringtable] GC(1395) Cleaned string and symbol table, strings: 4363 processed, 0 removed, symbols: 36588 processed, 0 removed
[22.801s][info][gc            ] GC(1395) Pause Remark 3132M->3132M(3144M) 1.084ms
[22.801s][info][gc,cpu        ] GC(1395) User=0.01s Sys=0.00s Real=0.01s
[22.802s][info][gc,marking    ] GC(1395) Concurrent Rebuild Remembered Sets
[22.807s][info][gc,marking    ] GC(1395) Concurrent Rebuild Remembered Sets 5.358ms
[22.807s][info][gc,start      ] GC(1395) Pause Cleanup
[22.807s][info][gc            ] GC(1395) Pause Cleanup 3135M->3135M(3146M) 0.305ms
[22.807s][info][gc,cpu        ] GC(1395) User=0.00s Sys=0.00s Real=0.00s
[22.807s][info][gc,marking    ] GC(1395) Concurrent Cleanup for Next Mark
[22.811s][info][gc,marking    ] GC(1395) Concurrent Cleanup for Next Mark 3.800ms
[22.811s][info][gc            ] GC(1395) Concurrent Cycle 16.975ms
[22.817s][info][gc,start      ] GC(1396) Pause Young (Concurrent Start) (G1 Humongous Allocation)
[22.817s][info][gc,task       ] GC(1396) Using 8 workers of 8 for evacuation
[22.819s][info][gc,phases     ] GC(1396)   Pre Evacuate Collection Set: 0.7ms
[22.819s][info][gc,phases     ] GC(1396)   Evacuate Collection Set: 0.6ms
[22.819s][info][gc,phases     ] GC(1396)   Post Evacuate Collection Set: 0.1ms
[22.819s][info][gc,phases     ] GC(1396)   Other: 0.3ms
[22.819s][info][gc,heap       ] GC(1396) Eden regions: 4->0(156)
[22.819s][info][gc,heap       ] GC(1396) Survivor regions: 1->1(20)
[22.819s][info][gc,heap       ] GC(1396) Old regions: 28->28
[22.819s][info][gc,heap       ] GC(1396) Humongous regions: 3106->3106
[22.819s][info][gc,metaspace  ] GC(1396) Metaspace: 9862K->9862K(1058816K)
[22.819s][info][gc            ] GC(1396) Pause Young (Concurrent Start) (G1 Humongous Allocation) 3137M->3133M(3146M) 1.799ms
[22.819s][info][gc,cpu        ] GC(1396) User=0.00s Sys=0.00s Real=0.00s
[22.819s][info][gc            ] GC(1397) Concurrent Cycle
[22.819s][info][gc,marking    ] GC(1397) Concurrent Clear Claimed Marks
[22.819s][info][gc,marking    ] GC(1397) Concurrent Clear Claimed Marks 0.013ms
[22.819s][info][gc,marking    ] GC(1397) Concurrent Scan Root Regions
[22.819s][info][gc,marking    ] GC(1397) Concurrent Scan Root Regions 0.049ms
[22.819s][info][gc,marking    ] GC(1397) Concurrent Mark (22.819s)
[22.819s][info][gc,marking    ] GC(1397) Concurrent Mark From Roots
[22.819s][info][gc,task       ] GC(1397) Using 2 workers of 2 for marking
[22.826s][info][gc,marking    ] GC(1397) Concurrent Mark From Roots 7.357ms
[22.826s][info][gc,marking    ] GC(1397) Concurrent Preclean
[22.826s][info][gc,marking    ] GC(1397) Concurrent Preclean 0.081ms
[22.826s][info][gc,marking    ] GC(1397) Concurrent Mark (22.819s, 22.826s) 7.511ms
[22.827s][info][gc,start      ] GC(1397) Pause Remark
[22.828s][info][gc,stringtable] GC(1397) Cleaned string and symbol table, strings: 4363 processed, 0 removed, symbols: 36588 processed, 0 removed
[22.828s][info][gc            ] GC(1397) Pause Remark 3136M->3136M(3148M) 1.576ms
[22.828s][info][gc,cpu        ] GC(1397) User=0.01s Sys=0.00s Real=0.00s
[22.828s][info][gc,marking    ] GC(1397) Concurrent Rebuild Remembered Sets
[22.834s][info][gc,marking    ] GC(1397) Concurrent Rebuild Remembered Sets 5.436ms
[22.834s][info][gc,start      ] GC(1397) Pause Cleanup
[22.834s][info][gc            ] GC(1397) Pause Cleanup 3139M->3139M(3150M) 0.336ms
[22.834s][info][gc,cpu        ] GC(1397) User=0.00s Sys=0.00s Real=0.00s
[22.834s][info][gc,marking    ] GC(1397) Concurrent Cleanup for Next Mark
[22.838s][info][gc,marking    ] GC(1397) Concurrent Cleanup for Next Mark 3.846ms
[22.838s][info][gc            ] GC(1397) Concurrent Cycle 19.129ms
[22.843s][info][gc,start      ] GC(1398) Pause Young (Concurrent Start) (G1 Humongous Allocation)
[22.843s][info][gc,task       ] GC(1398) Using 8 workers of 8 for evacuation
[22.845s][info][gc,phases     ] GC(1398)   Pre Evacuate Collection Set: 0.7ms
[22.845s][info][gc,phases     ] GC(1398)   Evacuate Collection Set: 1.2ms
[22.845s][info][gc,phases     ] GC(1398)   Post Evacuate Collection Set: 0.1ms
[22.845s][info][gc,phases     ] GC(1398)   Other: 0.3ms
[22.845s][info][gc,heap       ] GC(1398) Eden regions: 4->0(156)
[22.845s][info][gc,heap       ] GC(1398) Survivor regions: 1->1(20)
[22.845s][info][gc,heap       ] GC(1398) Old regions: 28->28
[22.845s][info][gc,heap       ] GC(1398) Humongous regions: 3110->3110
[22.845s][info][gc,metaspace  ] GC(1398) Metaspace: 9862K->9862K(1058816K)
[22.846s][info][gc            ] GC(1398) Pause Young (Concurrent Start) (G1 Humongous Allocation) 3141M->3137M(3150M) 2.427ms
[22.846s][info][gc,cpu        ] GC(1398) User=0.01s Sys=0.00s Real=0.00s
[22.846s][info][gc            ] GC(1399) Concurrent Cycle
[22.846s][info][gc,marking    ] GC(1399) Concurrent Clear Claimed Marks
[22.846s][info][gc,marking    ] GC(1399) Concurrent Clear Claimed Marks 0.014ms
[22.846s][info][gc,marking    ] GC(1399) Concurrent Scan Root Regions
[22.846s][info][gc,marking    ] GC(1399) Concurrent Scan Root Regions 0.058ms
[22.846s][info][gc,marking    ] GC(1399) Concurrent Mark (22.846s)
[22.846s][info][gc,marking    ] GC(1399) Concurrent Mark From Roots
[22.846s][info][gc,task       ] GC(1399) Using 2 workers of 2 for marking
[22.851s][info][gc,marking    ] GC(1399) Concurrent Mark From Roots 5.618ms
[22.851s][info][gc,marking    ] GC(1399) Concurrent Preclean
[22.851s][info][gc,marking    ] GC(1399) Concurrent Preclean 0.078ms
[22.851s][info][gc,marking    ] GC(1399) Concurrent Mark (22.846s, 22.851s) 5.770ms
[22.852s][info][gc,start      ] GC(1399) Pause Remark
[22.853s][info][gc,stringtable] GC(1399) Cleaned string and symbol table, strings: 4363 processed, 0 removed, symbols: 36588 processed, 0 removed
[22.853s][info][gc            ] GC(1399) Pause Remark 3140M->3140M(3152M) 1.751ms
[22.853s][info][gc,cpu        ] GC(1399) User=0.01s Sys=0.00s Real=0.00s
[22.853s][info][gc,marking    ] GC(1399) Concurrent Rebuild Remembered Sets
[22.860s][info][gc,marking    ] GC(1399) Concurrent Rebuild Remembered Sets 6.294ms
[22.860s][info][gc,start      ] GC(1399) Pause Cleanup
[22.860s][info][gc            ] GC(1399) Pause Cleanup 3141M->3141M(3152M) 0.388ms
[22.860s][info][gc,cpu        ] GC(1399) User=0.00s Sys=0.01s Real=0.00s
[22.860s][info][gc,marking    ] GC(1399) Concurrent Cleanup for Next Mark
[22.865s][info][gc,marking    ] GC(1399) Concurrent Cleanup for Next Mark 4.501ms
[22.865s][info][gc            ] GC(1399) Concurrent Cycle 19.339ms
[22.874s][info][gc,start      ] GC(1400) Pause Young (Concurrent Start) (G1 Humongous Allocation)
[22.874s][info][gc,task       ] GC(1400) Using 8 workers of 8 for evacuation
[22.876s][info][gc,phases     ] GC(1400)   Pre Evacuate Collection Set: 0.7ms
[22.876s][info][gc,phases     ] GC(1400)   Evacuate Collection Set: 0.6ms
[22.876s][info][gc,phases     ] GC(1400)   Post Evacuate Collection Set: 0.2ms
[22.876s][info][gc,phases     ] GC(1400)   Other: 0.3ms
[22.876s][info][gc,heap       ] GC(1400) Eden regions: 4->0(156)
[22.876s][info][gc,heap       ] GC(1400) Survivor regions: 1->1(20)
[22.876s][info][gc,heap       ] GC(1400) Old regions: 28->28
[22.876s][info][gc,heap       ] GC(1400) Humongous regions: 3114->3114
[22.876s][info][gc,metaspace  ] GC(1400) Metaspace: 9862K->9862K(1058816K)
[22.876s][info][gc            ] GC(1400) Pause Young (Concurrent Start) (G1 Humongous Allocation) 3145M->3141M(3154M) 2.012ms
[22.876s][info][gc,cpu        ] GC(1400) User=0.00s Sys=0.00s Real=0.00s
[22.876s][info][gc            ] GC(1401) Concurrent Cycle
[22.876s][info][gc,marking    ] GC(1401) Concurrent Clear Claimed Marks
[22.876s][info][gc,marking    ] GC(1401) Concurrent Clear Claimed Marks 0.015ms
[22.876s][info][gc,marking    ] GC(1401) Concurrent Scan Root Regions
[22.876s][info][gc,marking    ] GC(1401) Concurrent Scan Root Regions 0.059ms
[22.876s][info][gc,marking    ] GC(1401) Concurrent Mark (22.876s)
[22.876s][info][gc,marking    ] GC(1401) Concurrent Mark From Roots
[22.876s][info][gc,task       ] GC(1401) Using 2 workers of 2 for marking
[22.882s][info][gc,marking    ] GC(1401) Concurrent Mark From Roots 5.837ms
[22.882s][info][gc,marking    ] GC(1401) Concurrent Preclean
[22.882s][info][gc,marking    ] GC(1401) Concurrent Preclean 0.079ms
[22.882s][info][gc,marking    ] GC(1401) Concurrent Mark (22.876s, 22.882s) 5.988ms
[22.882s][info][gc,start      ] GC(1401) Pause Remark
[22.884s][info][gc,stringtable] GC(1401) Cleaned string and symbol table, strings: 4363 processed, 0 removed, symbols: 36588 processed, 0 removed
[22.884s][info][gc            ] GC(1401) Pause Remark 3144M->3144M(3156M) 1.685ms
[22.884s][info][gc,cpu        ] GC(1401) User=0.01s Sys=0.00s Real=0.00s
[22.884s][info][gc,marking    ] GC(1401) Concurrent Rebuild Remembered Sets
[22.890s][info][gc,marking    ] GC(1401) Concurrent Rebuild Remembered Sets 5.418ms
[22.890s][info][gc,start      ] GC(1401) Pause Cleanup
[22.890s][info][gc            ] GC(1401) Pause Cleanup 3147M->3147M(3158M) 0.349ms
[22.890s][info][gc,cpu        ] GC(1401) User=0.00s Sys=0.00s Real=0.00s
[22.890s][info][gc,marking    ] GC(1401) Concurrent Cleanup for Next Mark
[22.894s][info][gc,marking    ] GC(1401) Concurrent Cleanup for Next Mark 4.171ms
[22.895s][info][gc            ] GC(1401) Concurrent Cycle 18.220ms
[22.900s][info][gc,start      ] GC(1402) Pause Young (Concurrent Start) (G1 Humongous Allocation)
[22.900s][info][gc,task       ] GC(1402) Using 8 workers of 8 for evacuation
[22.902s][info][gc,phases     ] GC(1402)   Pre Evacuate Collection Set: 0.8ms
[22.902s][info][gc,phases     ] GC(1402)   Evacuate Collection Set: 0.6ms
[22.902s][info][gc,phases     ] GC(1402)   Post Evacuate Collection Set: 0.1ms
[22.902s][info][gc,phases     ] GC(1402)   Other: 0.3ms
[22.902s][info][gc,heap       ] GC(1402) Eden regions: 4->0(156)
[22.902s][info][gc,heap       ] GC(1402) Survivor regions: 1->1(20)
[22.902s][info][gc,heap       ] GC(1402) Old regions: 28->28
[22.902s][info][gc,heap       ] GC(1402) Humongous regions: 3118->3118
[22.902s][info][gc,metaspace  ] GC(1402) Metaspace: 9862K->9862K(1058816K)
[22.902s][info][gc            ] GC(1402) Pause Young (Concurrent Start) (G1 Humongous Allocation) 3149M->3145M(3158M) 1.879ms
[22.902s][info][gc,cpu        ] GC(1402) User=0.01s Sys=0.00s Real=0.01s
[22.902s][info][gc            ] GC(1403) Concurrent Cycle
[22.902s][info][gc,marking    ] GC(1403) Concurrent Clear Claimed Marks
[22.902s][info][gc,marking    ] GC(1403) Concurrent Clear Claimed Marks 0.014ms
[22.902s][info][gc,marking    ] GC(1403) Concurrent Scan Root Regions
[22.902s][info][gc,marking    ] GC(1403) Concurrent Scan Root Regions 0.056ms
[22.902s][info][gc,marking    ] GC(1403) Concurrent Mark (22.902s)
[22.902s][info][gc,marking    ] GC(1403) Concurrent Mark From Roots
[22.902s][info][gc,task       ] GC(1403) Using 2 workers of 2 for marking
[22.909s][info][gc,marking    ] GC(1403) Concurrent Mark From Roots 7.027ms
[22.909s][info][gc,marking    ] GC(1403) Concurrent Preclean
[22.909s][info][gc,marking    ] GC(1403) Concurrent Preclean 0.077ms
[22.909s][info][gc,marking    ] GC(1403) Concurrent Mark (22.902s, 22.909s) 7.174ms
[22.909s][info][gc,start      ] GC(1403) Pause Remark
[22.910s][info][gc,stringtable] GC(1403) Cleaned string and symbol table, strings: 4363 processed, 0 removed, symbols: 36588 processed, 0 removed
[22.911s][info][gc            ] GC(1403) Pause Remark 3148M->3148M(3160M) 1.200ms
[22.911s][info][gc,cpu        ] GC(1403) User=0.00s Sys=0.00s Real=0.00s
[22.911s][info][gc,marking    ] GC(1403) Concurrent Rebuild Remembered Sets
[22.916s][info][gc,marking    ] GC(1403) Concurrent Rebuild Remembered Sets 5.313ms
[22.916s][info][gc,start      ] GC(1403) Pause Cleanup
[22.916s][info][gc            ] GC(1403) Pause Cleanup 3149M->3149M(3160M) 0.293ms
[22.916s][info][gc,cpu        ] GC(1403) User=0.00s Sys=0.00s Real=0.00s
[22.917s][info][gc,marking    ] GC(1403) Concurrent Cleanup for Next Mark
[22.920s][info][gc,marking    ] GC(1403) Concurrent Cleanup for Next Mark 3.828ms
[22.920s][info][gc            ] GC(1403) Concurrent Cycle 18.299ms
[22.928s][info][gc,start      ] GC(1404) Pause Young (Concurrent Start) (G1 Humongous Allocation)
[22.928s][info][gc,task       ] GC(1404) Using 8 workers of 8 for evacuation
[22.929s][info][gc,phases     ] GC(1404)   Pre Evacuate Collection Set: 0.7ms
[22.929s][info][gc,phases     ] GC(1404)   Evacuate Collection Set: 0.6ms
[22.929s][info][gc,phases     ] GC(1404)   Post Evacuate Collection Set: 0.1ms
[22.929s][info][gc,phases     ] GC(1404)   Other: 0.3ms
[22.929s][info][gc,heap       ] GC(1404) Eden regions: 4->0(157)
[22.929s][info][gc,heap       ] GC(1404) Survivor regions: 1->1(20)
[22.929s][info][gc,heap       ] GC(1404) Old regions: 28->28
[22.929s][info][gc,heap       ] GC(1404) Humongous regions: 3122->3122
[22.929s][info][gc,metaspace  ] GC(1404) Metaspace: 9862K->9862K(1058816K)
[22.929s][info][gc            ] GC(1404) Pause Young (Concurrent Start) (G1 Humongous Allocation) 3153M->3149M(3162M) 1.861ms
[22.929s][info][gc,cpu        ] GC(1404) User=0.00s Sys=0.00s Real=0.00s
[22.929s][info][gc            ] GC(1405) Concurrent Cycle
[22.929s][info][gc,marking    ] GC(1405) Concurrent Clear Claimed Marks
[22.930s][info][gc,marking    ] GC(1405) Concurrent Clear Claimed Marks 0.019ms
[22.930s][info][gc,marking    ] GC(1405) Concurrent Scan Root Regions
[22.930s][info][gc,marking    ] GC(1405) Concurrent Scan Root Regions 0.061ms
[22.930s][info][gc,marking    ] GC(1405) Concurrent Mark (22.930s)
[22.930s][info][gc,marking    ] GC(1405) Concurrent Mark From Roots
[22.930s][info][gc,task       ] GC(1405) Using 2 workers of 2 for marking
[22.935s][info][gc,marking    ] GC(1405) Concurrent Mark From Roots 5.639ms
[22.935s][info][gc,marking    ] GC(1405) Concurrent Preclean
[22.935s][info][gc,marking    ] GC(1405) Concurrent Preclean 0.073ms
[22.935s][info][gc,marking    ] GC(1405) Concurrent Mark (22.930s, 22.935s) 5.782ms
[22.935s][info][gc,start      ] GC(1405) Pause Remark
[22.937s][info][gc,stringtable] GC(1405) Cleaned string and symbol table, strings: 4363 processed, 0 removed, symbols: 36588 processed, 0 removed
[22.937s][info][gc            ] GC(1405) Pause Remark 3152M->3152M(3164M) 1.693ms
[22.937s][info][gc,cpu        ] GC(1405) User=0.01s Sys=0.00s Real=0.00s
[22.937s][info][gc,marking    ] GC(1405) Concurrent Rebuild Remembered Sets
[22.943s][info][gc,marking    ] GC(1405) Concurrent Rebuild Remembered Sets 5.461ms
[22.943s][info][gc,start      ] GC(1405) Pause Cleanup
[22.944s][info][gc            ] GC(1405) Pause Cleanup 3155M->3155M(3166M) 0.411ms
[22.944s][info][gc,cpu        ] GC(1405) User=0.01s Sys=0.00s Real=0.00s
[22.944s][info][gc,marking    ] GC(1405) Concurrent Cleanup for Next Mark
[22.948s][info][gc,marking    ] GC(1405) Concurrent Cleanup for Next Mark 4.795ms
[22.948s][info][gc            ] GC(1405) Concurrent Cycle 18.950ms
[22.955s][info][gc,start      ] GC(1406) Pause Young (Concurrent Start) (G1 Humongous Allocation)
[22.955s][info][gc,task       ] GC(1406) Using 8 workers of 8 for evacuation
[22.957s][info][gc,phases     ] GC(1406)   Pre Evacuate Collection Set: 0.7ms
[22.957s][info][gc,phases     ] GC(1406)   Evacuate Collection Set: 0.5ms
[22.957s][info][gc,phases     ] GC(1406)   Post Evacuate Collection Set: 0.1ms
[22.957s][info][gc,phases     ] GC(1406)   Other: 0.3ms
[22.957s][info][gc,heap       ] GC(1406) Eden regions: 4->0(157)
[22.957s][info][gc,heap       ] GC(1406) Survivor regions: 1->1(20)
[22.957s][info][gc,heap       ] GC(1406) Old regions: 28->28
[22.957s][info][gc,heap       ] GC(1406) Humongous regions: 3126->3126
[22.957s][info][gc,metaspace  ] GC(1406) Metaspace: 9862K->9862K(1058816K)
[22.957s][info][gc            ] GC(1406) Pause Young (Concurrent Start) (G1 Humongous Allocation) 3157M->3153M(3166M) 1.852ms
[22.957s][info][gc,cpu        ] GC(1406) User=0.01s Sys=0.00s Real=0.00s
[22.957s][info][gc            ] GC(1407) Concurrent Cycle
[22.957s][info][gc,marking    ] GC(1407) Concurrent Clear Claimed Marks
[22.957s][info][gc,marking    ] GC(1407) Concurrent Clear Claimed Marks 0.012ms
[22.957s][info][gc,marking    ] GC(1407) Concurrent Scan Root Regions
[22.957s][info][gc,marking    ] GC(1407) Concurrent Scan Root Regions 0.053ms
[22.957s][info][gc,marking    ] GC(1407) Concurrent Mark (22.957s)
[22.957s][info][gc,marking    ] GC(1407) Concurrent Mark From Roots
[22.957s][info][gc,task       ] GC(1407) Using 2 workers of 2 for marking
[22.963s][info][gc,marking    ] GC(1407) Concurrent Mark From Roots 5.649ms
[22.963s][info][gc,marking    ] GC(1407) Concurrent Preclean
[22.963s][info][gc,marking    ] GC(1407) Concurrent Preclean 0.080ms
[22.963s][info][gc,marking    ] GC(1407) Concurrent Mark (22.957s, 22.963s) 5.800ms
[22.963s][info][gc,start      ] GC(1407) Pause Remark
[22.964s][info][gc,stringtable] GC(1407) Cleaned string and symbol table, strings: 4363 processed, 0 removed, symbols: 36588 processed, 0 removed
[22.965s][info][gc            ] GC(1407) Pause Remark 3156M->3156M(3168M) 1.747ms
[22.965s][info][gc,cpu        ] GC(1407) User=0.00s Sys=0.00s Real=0.00s
[22.965s][info][gc,marking    ] GC(1407) Concurrent Rebuild Remembered Sets
[22.970s][info][gc,marking    ] GC(1407) Concurrent Rebuild Remembered Sets 5.340ms
[22.971s][info][gc,start      ] GC(1407) Pause Cleanup
[22.971s][info][gc            ] GC(1407) Pause Cleanup 3159M->3159M(3170M) 0.336ms
[22.971s][info][gc,cpu        ] GC(1407) User=0.00s Sys=0.00s Real=0.00s
[22.971s][info][gc,marking    ] GC(1407) Concurrent Cleanup for Next Mark
[22.975s][info][gc,marking    ] GC(1407) Concurrent Cleanup for Next Mark 3.860ms
[22.975s][info][gc            ] GC(1407) Concurrent Cycle 17.958ms
[22.981s][info][gc,start      ] GC(1408) Pause Young (Concurrent Start) (G1 Humongous Allocation)
[22.981s][info][gc,task       ] GC(1408) Using 8 workers of 8 for evacuation
[22.982s][info][gc,phases     ] GC(1408)   Pre Evacuate Collection Set: 0.7ms
[22.982s][info][gc,phases     ] GC(1408)   Evacuate Collection Set: 0.7ms
[22.982s][info][gc,phases     ] GC(1408)   Post Evacuate Collection Set: 0.1ms
[22.982s][info][gc,phases     ] GC(1408)   Other: 0.3ms
[22.982s][info][gc,heap       ] GC(1408) Eden regions: 4->0(157)
[22.982s][info][gc,heap       ] GC(1408) Survivor regions: 1->1(20)
[22.982s][info][gc,heap       ] GC(1408) Old regions: 28->28
[22.982s][info][gc,heap       ] GC(1408) Humongous regions: 3130->3130
[22.982s][info][gc,metaspace  ] GC(1408) Metaspace: 9862K->9862K(1058816K)
[22.982s][info][gc            ] GC(1408) Pause Young (Concurrent Start) (G1 Humongous Allocation) 3161M->3157M(3170M) 1.893ms
[22.982s][info][gc,cpu        ] GC(1408) User=0.00s Sys=0.00s Real=0.01s
[22.983s][info][gc            ] GC(1409) Concurrent Cycle
[22.983s][info][gc,marking    ] GC(1409) Concurrent Clear Claimed Marks
[22.983s][info][gc,marking    ] GC(1409) Concurrent Clear Claimed Marks 0.015ms
[22.983s][info][gc,marking    ] GC(1409) Concurrent Scan Root Regions
[22.983s][info][gc,marking    ] GC(1409) Concurrent Scan Root Regions 0.058ms
[22.983s][info][gc,marking    ] GC(1409) Concurrent Mark (22.983s)
[22.983s][info][gc,marking    ] GC(1409) Concurrent Mark From Roots
[22.983s][info][gc,task       ] GC(1409) Using 2 workers of 2 for marking
[22.990s][info][gc,marking    ] GC(1409) Concurrent Mark From Roots 7.132ms
[22.990s][info][gc,marking    ] GC(1409) Concurrent Preclean
[22.990s][info][gc,marking    ] GC(1409) Concurrent Preclean 0.095ms
[22.990s][info][gc,marking    ] GC(1409) Concurrent Mark (22.983s, 22.990s) 7.322ms
[22.990s][info][gc,start      ] GC(1409) Pause Remark
[22.991s][info][gc,stringtable] GC(1409) Cleaned string and symbol table, strings: 4363 processed, 0 removed, symbols: 36588 processed, 0 removed
[22.992s][info][gc            ] GC(1409) Pause Remark 3160M->3160M(3172M) 1.746ms
[22.992s][info][gc,cpu        ] GC(1409) User=0.01s Sys=0.00s Real=0.01s
[22.992s][info][gc,marking    ] GC(1409) Concurrent Rebuild Remembered Sets
[22.997s][info][gc,marking    ] GC(1409) Concurrent Rebuild Remembered Sets 5.445ms
[22.998s][info][gc,start      ] GC(1409) Pause Cleanup
[22.998s][info][gc            ] GC(1409) Pause Cleanup 3163M->3163M(3174M) 0.416ms
[22.998s][info][gc,cpu        ] GC(1409) User=0.00s Sys=0.00s Real=0.00s
[22.998s][info][gc,marking    ] GC(1409) Concurrent Cleanup for Next Mark
[23.002s][info][gc,marking    ] GC(1409) Concurrent Cleanup for Next Mark 3.902ms
[23.002s][info][gc            ] GC(1409) Concurrent Cycle 19.889ms
[23.008s][info][gc,start      ] GC(1410) Pause Young (Concurrent Start) (G1 Humongous Allocation)
[23.008s][info][gc,task       ] GC(1410) Using 8 workers of 8 for evacuation
[23.010s][info][gc,phases     ] GC(1410)   Pre Evacuate Collection Set: 0.8ms
[23.010s][info][gc,phases     ] GC(1410)   Evacuate Collection Set: 0.5ms
[23.010s][info][gc,phases     ] GC(1410)   Post Evacuate Collection Set: 0.1ms
[23.010s][info][gc,phases     ] GC(1410)   Other: 0.4ms
[23.010s][info][gc,heap       ] GC(1410) Eden regions: 4->0(157)
[23.010s][info][gc,heap       ] GC(1410) Survivor regions: 1->1(20)
[23.010s][info][gc,heap       ] GC(1410) Old regions: 28->28
[23.010s][info][gc,heap       ] GC(1410) Humongous regions: 3134->3134
[23.010s][info][gc,metaspace  ] GC(1410) Metaspace: 9862K->9862K(1058816K)
[23.010s][info][gc            ] GC(1410) Pause Young (Concurrent Start) (G1 Humongous Allocation) 3165M->3161M(3174M) 1.992ms
[23.010s][info][gc,cpu        ] GC(1410) User=0.00s Sys=0.00s Real=0.00s
[23.011s][info][gc            ] GC(1411) Concurrent Cycle
[23.011s][info][gc,marking    ] GC(1411) Concurrent Clear Claimed Marks
[23.011s][info][gc,marking    ] GC(1411) Concurrent Clear Claimed Marks 0.015ms
[23.011s][info][gc,marking    ] GC(1411) Concurrent Scan Root Regions
[23.011s][info][gc,marking    ] GC(1411) Concurrent Scan Root Regions 0.062ms
[23.011s][info][gc,marking    ] GC(1411) Concurrent Mark (23.011s)
[23.011s][info][gc,marking    ] GC(1411) Concurrent Mark From Roots
[23.011s][info][gc,task       ] GC(1411) Using 2 workers of 2 for marking
[23.017s][info][gc,marking    ] GC(1411) Concurrent Mark From Roots 5.940ms
[23.017s][info][gc,marking    ] GC(1411) Concurrent Preclean
[23.017s][info][gc,marking    ] GC(1411) Concurrent Preclean 0.075ms
[23.017s][info][gc,marking    ] GC(1411) Concurrent Mark (23.011s, 23.017s) 6.092ms
[23.017s][info][gc,start      ] GC(1411) Pause Remark
[23.017s][info][gc,stringtable] GC(1411) Cleaned string and symbol table, strings: 4363 processed, 0 removed, symbols: 36588 processed, 0 removed
[23.018s][info][gc            ] GC(1411) Pause Remark 3164M->3164M(3176M) 1.064ms
[23.018s][info][gc,cpu        ] GC(1411) User=0.00s Sys=0.00s Real=0.00s
[23.018s][info][gc,marking    ] GC(1411) Concurrent Rebuild Remembered Sets
[23.023s][info][gc,marking    ] GC(1411) Concurrent Rebuild Remembered Sets 5.378ms
[23.024s][info][gc,start      ] GC(1411) Pause Cleanup
[23.024s][info][gc            ] GC(1411) Pause Cleanup 3167M->3167M(3178M) 0.396ms
[23.024s][info][gc,cpu        ] GC(1411) User=0.00s Sys=0.00s Real=0.00s
[23.024s][info][gc,marking    ] GC(1411) Concurrent Cleanup for Next Mark
[23.029s][info][gc,marking    ] GC(1411) Concurrent Cleanup for Next Mark 5.152ms
[23.029s][info][gc            ] GC(1411) Concurrent Cycle 18.976ms
[23.036s][info][gc,start      ] GC(1412) Pause Young (Concurrent Start) (G1 Humongous Allocation)
[23.036s][info][gc,task       ] GC(1412) Using 8 workers of 8 for evacuation
[23.037s][info][gc,phases     ] GC(1412)   Pre Evacuate Collection Set: 0.7ms
[23.037s][info][gc,phases     ] GC(1412)   Evacuate Collection Set: 0.5ms
[23.038s][info][gc,phases     ] GC(1412)   Post Evacuate Collection Set: 0.1ms
[23.038s][info][gc,phases     ] GC(1412)   Other: 0.3ms
[23.038s][info][gc,heap       ] GC(1412) Eden regions: 4->0(157)
[23.038s][info][gc,heap       ] GC(1412) Survivor regions: 1->1(20)
[23.038s][info][gc,heap       ] GC(1412) Old regions: 28->28
[23.038s][info][gc,heap       ] GC(1412) Humongous regions: 3138->3138
[23.038s][info][gc,metaspace  ] GC(1412) Metaspace: 9862K->9862K(1058816K)
[23.038s][info][gc            ] GC(1412) Pause Young (Concurrent Start) (G1 Humongous Allocation) 3169M->3165M(3178M) 1.840ms
[23.038s][info][gc,cpu        ] GC(1412) User=0.01s Sys=0.00s Real=0.00s
[23.038s][info][gc            ] GC(1413) Concurrent Cycle
[23.038s][info][gc,marking    ] GC(1413) Concurrent Clear Claimed Marks
[23.038s][info][gc,marking    ] GC(1413) Concurrent Clear Claimed Marks 0.012ms
[23.038s][info][gc,marking    ] GC(1413) Concurrent Scan Root Regions
[23.038s][info][gc,marking    ] GC(1413) Concurrent Scan Root Regions 0.051ms
[23.038s][info][gc,marking    ] GC(1413) Concurrent Mark (23.038s)
[23.038s][info][gc,marking    ] GC(1413) Concurrent Mark From Roots
[23.038s][info][gc,task       ] GC(1413) Using 2 workers of 2 for marking
[23.043s][info][gc,marking    ] GC(1413) Concurrent Mark From Roots 5.638ms
[23.043s][info][gc,marking    ] GC(1413) Concurrent Preclean
[23.044s][info][gc,marking    ] GC(1413) Concurrent Preclean 0.078ms
[23.044s][info][gc,marking    ] GC(1413) Concurrent Mark (23.038s, 23.044s) 5.790ms
[23.044s][info][gc,start      ] GC(1413) Pause Remark
[23.045s][info][gc,stringtable] GC(1413) Cleaned string and symbol table, strings: 4363 processed, 0 removed, symbols: 36588 processed, 0 removed
[23.045s][info][gc            ] GC(1413) Pause Remark 3168M->3168M(3180M) 1.697ms
[23.045s][info][gc,cpu        ] GC(1413) User=0.01s Sys=0.00s Real=0.00s
[23.045s][info][gc,marking    ] GC(1413) Concurrent Rebuild Remembered Sets
[23.051s][info][gc,marking    ] GC(1413) Concurrent Rebuild Remembered Sets 5.547ms
[23.052s][info][gc,start      ] GC(1413) Pause Cleanup
[23.052s][info][gc            ] GC(1413) Pause Cleanup 3171M->3171M(3182M) 0.439ms
[23.052s][info][gc,cpu        ] GC(1413) User=0.00s Sys=0.00s Real=0.00s
[23.052s][info][gc,marking    ] GC(1413) Concurrent Cleanup for Next Mark
[23.057s][info][gc,marking    ] GC(1413) Concurrent Cleanup for Next Mark 5.365ms
[23.058s][info][gc            ] GC(1413) Concurrent Cycle 19.944ms
[23.073s][info][gc,start      ] GC(1414) Pause Young (Concurrent Start) (G1 Humongous Allocation)
[23.073s][info][gc,task       ] GC(1414) Using 8 workers of 8 for evacuation
[23.076s][info][gc,phases     ] GC(1414)   Pre Evacuate Collection Set: 0.9ms
[23.076s][info][gc,phases     ] GC(1414)   Evacuate Collection Set: 1.4ms
[23.076s][info][gc,phases     ] GC(1414)   Post Evacuate Collection Set: 0.1ms
[23.076s][info][gc,phases     ] GC(1414)   Other: 0.7ms
[23.076s][info][gc,heap       ] GC(1414) Eden regions: 4->0(158)
[23.076s][info][gc,heap       ] GC(1414) Survivor regions: 1->1(20)
[23.076s][info][gc,heap       ] GC(1414) Old regions: 28->28
[23.076s][info][gc,heap       ] GC(1414) Humongous regions: 3142->3142
[23.076s][info][gc,metaspace  ] GC(1414) Metaspace: 9862K->9862K(1058816K)
[23.076s][info][gc            ] GC(1414) Pause Young (Concurrent Start) (G1 Humongous Allocation) 3173M->3169M(3182M) 3.258ms
[23.076s][info][gc,cpu        ] GC(1414) User=0.01s Sys=0.00s Real=0.00s
[23.076s][info][gc            ] GC(1415) Concurrent Cycle
[23.076s][info][gc,marking    ] GC(1415) Concurrent Clear Claimed Marks
[23.076s][info][gc,marking    ] GC(1415) Concurrent Clear Claimed Marks 0.013ms
[23.076s][info][gc,marking    ] GC(1415) Concurrent Scan Root Regions
[23.076s][info][gc,marking    ] GC(1415) Concurrent Scan Root Regions 0.116ms
[23.076s][info][gc,marking    ] GC(1415) Concurrent Mark (23.076s)
[23.076s][info][gc,marking    ] GC(1415) Concurrent Mark From Roots
[23.076s][info][gc,task       ] GC(1415) Using 2 workers of 2 for marking
[23.084s][info][gc,marking    ] GC(1415) Concurrent Mark From Roots 7.160ms
[23.084s][info][gc,marking    ] GC(1415) Concurrent Preclean
[23.084s][info][gc,marking    ] GC(1415) Concurrent Preclean 0.085ms
[23.084s][info][gc,marking    ] GC(1415) Concurrent Mark (23.076s, 23.084s) 7.319ms
[23.084s][info][gc,start      ] GC(1415) Pause Remark
[23.085s][info][gc,stringtable] GC(1415) Cleaned string and symbol table, strings: 4363 processed, 0 removed, symbols: 36588 processed, 0 removed
[23.085s][info][gc            ] GC(1415) Pause Remark 3172M->3172M(3184M) 1.762ms
[23.086s][info][gc,cpu        ] GC(1415) User=0.01s Sys=0.00s Real=0.00s
[23.086s][info][gc,marking    ] GC(1415) Concurrent Rebuild Remembered Sets
[23.091s][info][gc,marking    ] GC(1415) Concurrent Rebuild Remembered Sets 5.548ms
[23.091s][info][gc,start      ] GC(1415) Pause Cleanup
[23.092s][info][gc            ] GC(1415) Pause Cleanup 3173M->3173M(3184M) 0.303ms
[23.092s][info][gc,cpu        ] GC(1415) User=0.00s Sys=0.00s Real=0.00s
[23.092s][info][gc,marking    ] GC(1415) Concurrent Cleanup for Next Mark
[23.096s][info][gc,marking    ] GC(1415) Concurrent Cleanup for Next Mark 4.348ms
[23.096s][info][gc            ] GC(1415) Concurrent Cycle 19.963ms
[23.104s][info][gc,start      ] GC(1416) Pause Young (Concurrent Start) (G1 Humongous Allocation)
[23.104s][info][gc,task       ] GC(1416) Using 8 workers of 8 for evacuation
[23.105s][info][gc,phases     ] GC(1416)   Pre Evacuate Collection Set: 0.7ms
[23.105s][info][gc,phases     ] GC(1416)   Evacuate Collection Set: 0.5ms
[23.105s][info][gc,phases     ] GC(1416)   Post Evacuate Collection Set: 0.1ms
[23.105s][info][gc,phases     ] GC(1416)   Other: 0.3ms
[23.105s][info][gc,heap       ] GC(1416) Eden regions: 4->0(158)
[23.105s][info][gc,heap       ] GC(1416) Survivor regions: 1->1(20)
[23.105s][info][gc,heap       ] GC(1416) Old regions: 28->28
[23.105s][info][gc,heap       ] GC(1416) Humongous regions: 3146->3146
[23.105s][info][gc,metaspace  ] GC(1416) Metaspace: 9862K->9862K(1058816K)
[23.106s][info][gc            ] GC(1416) Pause Young (Concurrent Start) (G1 Humongous Allocation) 3177M->3173M(3186M) 1.851ms
[23.106s][info][gc,cpu        ] GC(1416) User=0.00s Sys=0.00s Real=0.00s
[23.106s][info][gc            ] GC(1417) Concurrent Cycle
[23.106s][info][gc,marking    ] GC(1417) Concurrent Clear Claimed Marks
[23.106s][info][gc,marking    ] GC(1417) Concurrent Clear Claimed Marks 0.013ms
[23.106s][info][gc,marking    ] GC(1417) Concurrent Scan Root Regions
[23.106s][info][gc,marking    ] GC(1417) Concurrent Scan Root Regions 0.064ms
[23.106s][info][gc,marking    ] GC(1417) Concurrent Mark (23.106s)
[23.106s][info][gc,marking    ] GC(1417) Concurrent Mark From Roots
[23.106s][info][gc,task       ] GC(1417) Using 2 workers of 2 for marking
[23.112s][info][gc,marking    ] GC(1417) Concurrent Mark From Roots 5.814ms
[23.112s][info][gc,marking    ] GC(1417) Concurrent Preclean
[23.112s][info][gc,marking    ] GC(1417) Concurrent Preclean 0.079ms
[23.112s][info][gc,marking    ] GC(1417) Concurrent Mark (23.106s, 23.112s) 5.964ms
[23.112s][info][gc,start      ] GC(1417) Pause Remark
[23.113s][info][gc,stringtable] GC(1417) Cleaned string and symbol table, strings: 4363 processed, 0 removed, symbols: 36588 processed, 0 removed
[23.113s][info][gc            ] GC(1417) Pause Remark 3176M->3176M(3188M) 1.655ms
[23.113s][info][gc,cpu        ] GC(1417) User=0.01s Sys=0.00s Real=0.00s
[23.114s][info][gc,marking    ] GC(1417) Concurrent Rebuild Remembered Sets
[23.119s][info][gc,marking    ] GC(1417) Concurrent Rebuild Remembered Sets 5.388ms
[23.119s][info][gc,start      ] GC(1417) Pause Cleanup
[23.120s][info][gc            ] GC(1417) Pause Cleanup 3179M->3179M(3190M) 0.325ms
[23.120s][info][gc,cpu        ] GC(1417) User=0.00s Sys=0.00s Real=0.00s
[23.120s][info][gc,marking    ] GC(1417) Concurrent Cleanup for Next Mark
[23.124s][info][gc,marking    ] GC(1417) Concurrent Cleanup for Next Mark 4.612ms
[23.124s][info][gc            ] GC(1417) Concurrent Cycle 18.847ms
[23.133s][info][gc,start      ] GC(1418) Pause Young (Concurrent Start) (G1 Humongous Allocation)
[23.133s][info][gc,task       ] GC(1418) Using 8 workers of 8 for evacuation
[23.135s][info][gc,phases     ] GC(1418)   Pre Evacuate Collection Set: 0.8ms
[23.135s][info][gc,phases     ] GC(1418)   Evacuate Collection Set: 0.6ms
[23.135s][info][gc,phases     ] GC(1418)   Post Evacuate Collection Set: 0.1ms
[23.135s][info][gc,phases     ] GC(1418)   Other: 0.4ms
[23.135s][info][gc,heap       ] GC(1418) Eden regions: 4->0(158)
[23.135s][info][gc,heap       ] GC(1418) Survivor regions: 1->1(20)
[23.135s][info][gc,heap       ] GC(1418) Old regions: 28->28
[23.135s][info][gc,heap       ] GC(1418) Humongous regions: 3150->3150
[23.135s][info][gc,metaspace  ] GC(1418) Metaspace: 9862K->9862K(1058816K)
[23.135s][info][gc            ] GC(1418) Pause Young (Concurrent Start) (G1 Humongous Allocation) 3181M->3177M(3190M) 2.008ms
[23.135s][info][gc,cpu        ] GC(1418) User=0.01s Sys=0.00s Real=0.00s
[23.135s][info][gc            ] GC(1419) Concurrent Cycle
[23.135s][info][gc,marking    ] GC(1419) Concurrent Clear Claimed Marks
[23.135s][info][gc,marking    ] GC(1419) Concurrent Clear Claimed Marks 0.015ms
[23.135s][info][gc,marking    ] GC(1419) Concurrent Scan Root Regions
[23.135s][info][gc,marking    ] GC(1419) Concurrent Scan Root Regions 0.095ms
[23.135s][info][gc,marking    ] GC(1419) Concurrent Mark (23.135s)
[23.135s][info][gc,marking    ] GC(1419) Concurrent Mark From Roots
[23.135s][info][gc,task       ] GC(1419) Using 2 workers of 2 for marking
[23.141s][info][gc,marking    ] GC(1419) Concurrent Mark From Roots 5.814ms
[23.141s][info][gc,marking    ] GC(1419) Concurrent Preclean
[23.141s][info][gc,marking    ] GC(1419) Concurrent Preclean 0.074ms
[23.141s][info][gc,marking    ] GC(1419) Concurrent Mark (23.135s, 23.141s) 5.956ms
[23.141s][info][gc,start      ] GC(1419) Pause Remark
[23.142s][info][gc,stringtable] GC(1419) Cleaned string and symbol table, strings: 4363 processed, 0 removed, symbols: 36588 processed, 0 removed
[23.142s][info][gc            ] GC(1419) Pause Remark 3180M->3180M(3192M) 1.134ms
[23.142s][info][gc,cpu        ] GC(1419) User=0.01s Sys=0.00s Real=0.01s
[23.142s][info][gc,marking    ] GC(1419) Concurrent Rebuild Remembered Sets
[23.148s][info][gc,marking    ] GC(1419) Concurrent Rebuild Remembered Sets 5.657ms
[23.148s][info][gc,start      ] GC(1419) Pause Cleanup
[23.148s][info][gc            ] GC(1419) Pause Cleanup 3183M->3183M(3194M) 0.368ms
[23.148s][info][gc,cpu        ] GC(1419) User=0.00s Sys=0.00s Real=0.00s
[23.148s][info][gc,marking    ] GC(1419) Concurrent Cleanup for Next Mark
[23.152s][info][gc,marking    ] GC(1419) Concurrent Cleanup for Next Mark 3.803ms
[23.152s][info][gc            ] GC(1419) Concurrent Cycle 17.439ms
[23.158s][info][gc,start      ] GC(1420) Pause Young (Concurrent Start) (G1 Humongous Allocation)
[23.158s][info][gc,task       ] GC(1420) Using 8 workers of 8 for evacuation
[23.159s][info][gc,phases     ] GC(1420)   Pre Evacuate Collection Set: 0.7ms
[23.159s][info][gc,phases     ] GC(1420)   Evacuate Collection Set: 0.5ms
[23.159s][info][gc,phases     ] GC(1420)   Post Evacuate Collection Set: 0.1ms
[23.159s][info][gc,phases     ] GC(1420)   Other: 0.3ms
[23.159s][info][gc,heap       ] GC(1420) Eden regions: 4->0(158)
[23.159s][info][gc,heap       ] GC(1420) Survivor regions: 1->1(20)
[23.159s][info][gc,heap       ] GC(1420) Old regions: 28->28
[23.159s][info][gc,heap       ] GC(1420) Humongous regions: 3154->3154
[23.159s][info][gc,metaspace  ] GC(1420) Metaspace: 9862K->9862K(1058816K)
[23.159s][info][gc            ] GC(1420) Pause Young (Concurrent Start) (G1 Humongous Allocation) 3185M->3181M(3194M) 1.773ms
[23.159s][info][gc,cpu        ] GC(1420) User=0.01s Sys=0.00s Real=0.00s
[23.159s][info][gc            ] GC(1421) Concurrent Cycle
[23.159s][info][gc,marking    ] GC(1421) Concurrent Clear Claimed Marks
[23.159s][info][gc,marking    ] GC(1421) Concurrent Clear Claimed Marks 0.012ms
[23.159s][info][gc,marking    ] GC(1421) Concurrent Scan Root Regions
[23.159s][info][gc,marking    ] GC(1421) Concurrent Scan Root Regions 0.052ms
[23.159s][info][gc,marking    ] GC(1421) Concurrent Mark (23.159s)
[23.160s][info][gc,marking    ] GC(1421) Concurrent Mark From Roots
[23.160s][info][gc,task       ] GC(1421) Using 2 workers of 2 for marking
[23.166s][info][gc,marking    ] GC(1421) Concurrent Mark From Roots 6.603ms
[23.166s][info][gc,marking    ] GC(1421) Concurrent Preclean
[23.166s][info][gc,marking    ] GC(1421) Concurrent Preclean 0.083ms
[23.166s][info][gc,marking    ] GC(1421) Concurrent Mark (23.159s, 23.166s) 6.762ms
[23.166s][info][gc,start      ] GC(1421) Pause Remark
[23.168s][info][gc,stringtable] GC(1421) Cleaned string and symbol table, strings: 4363 processed, 0 removed, symbols: 36588 processed, 0 removed
[23.168s][info][gc            ] GC(1421) Pause Remark 3184M->3184M(3196M) 1.862ms
[23.168s][info][gc,cpu        ] GC(1421) User=0.01s Sys=0.00s Real=0.00s
[23.168s][info][gc,marking    ] GC(1421) Concurrent Rebuild Remembered Sets
[23.174s][info][gc,marking    ] GC(1421) Concurrent Rebuild Remembered Sets 5.605ms
[23.174s][info][gc,start      ] GC(1421) Pause Cleanup
[23.174s][info][gc            ] GC(1421) Pause Cleanup 3185M->3185M(3196M) 0.295ms
[23.174s][info][gc,cpu        ] GC(1421) User=0.00s Sys=0.00s Real=0.00s
[23.174s][info][gc,marking    ] GC(1421) Concurrent Cleanup for Next Mark
[23.178s][info][gc,marking    ] GC(1421) Concurrent Cleanup for Next Mark 3.976ms
[23.178s][info][gc            ] GC(1421) Concurrent Cycle 19.017ms
[23.186s][info][gc,start      ] GC(1422) Pause Young (Concurrent Start) (G1 Humongous Allocation)
[23.186s][info][gc,task       ] GC(1422) Using 8 workers of 8 for evacuation
[23.188s][info][gc,phases     ] GC(1422)   Pre Evacuate Collection Set: 0.7ms
[23.188s][info][gc,phases     ] GC(1422)   Evacuate Collection Set: 0.6ms
[23.188s][info][gc,phases     ] GC(1422)   Post Evacuate Collection Set: 0.1ms
[23.188s][info][gc,phases     ] GC(1422)   Other: 0.3ms
[23.188s][info][gc,heap       ] GC(1422) Eden regions: 4->0(158)
[23.188s][info][gc,heap       ] GC(1422) Survivor regions: 1->1(20)
[23.188s][info][gc,heap       ] GC(1422) Old regions: 28->28
[23.188s][info][gc,heap       ] GC(1422) Humongous regions: 3158->3158
[23.188s][info][gc,metaspace  ] GC(1422) Metaspace: 9862K->9862K(1058816K)
[23.188s][info][gc            ] GC(1422) Pause Young (Concurrent Start) (G1 Humongous Allocation) 3189M->3185M(3198M) 1.787ms
[23.188s][info][gc,cpu        ] GC(1422) User=0.00s Sys=0.00s Real=0.00s
[23.188s][info][gc            ] GC(1423) Concurrent Cycle
[23.188s][info][gc,marking    ] GC(1423) Concurrent Clear Claimed Marks
[23.188s][info][gc,marking    ] GC(1423) Concurrent Clear Claimed Marks 0.012ms
[23.188s][info][gc,marking    ] GC(1423) Concurrent Scan Root Regions
[23.188s][info][gc,marking    ] GC(1423) Concurrent Scan Root Regions 0.056ms
[23.188s][info][gc,marking    ] GC(1423) Concurrent Mark (23.188s)
[23.188s][info][gc,marking    ] GC(1423) Concurrent Mark From Roots
[23.188s][info][gc,task       ] GC(1423) Using 2 workers of 2 for marking
[23.194s][info][gc,marking    ] GC(1423) Concurrent Mark From Roots 5.632ms
[23.194s][info][gc,marking    ] GC(1423) Concurrent Preclean
[23.194s][info][gc,marking    ] GC(1423) Concurrent Preclean 0.074ms
[23.194s][info][gc,marking    ] GC(1423) Concurrent Mark (23.188s, 23.194s) 5.775ms
[23.194s][info][gc,start      ] GC(1423) Pause Remark
[23.195s][info][gc,stringtable] GC(1423) Cleaned string and symbol table, strings: 4363 processed, 0 removed, symbols: 36588 processed, 0 removed
[23.196s][info][gc            ] GC(1423) Pause Remark 3188M->3188M(3200M) 1.649ms
[23.196s][info][gc,cpu        ] GC(1423) User=0.01s Sys=0.00s Real=0.00s
[23.196s][info][gc,marking    ] GC(1423) Concurrent Rebuild Remembered Sets
[23.202s][info][gc,marking    ] GC(1423) Concurrent Rebuild Remembered Sets 5.674ms
[23.202s][info][gc,start      ] GC(1423) Pause Cleanup
[23.202s][info][gc            ] GC(1423) Pause Cleanup 3191M->3191M(3202M) 0.327ms
[23.202s][info][gc,cpu        ] GC(1423) User=0.01s Sys=0.00s Real=0.00s
[23.202s][info][gc,marking    ] GC(1423) Concurrent Cleanup for Next Mark
[23.207s][info][gc,marking    ] GC(1423) Concurrent Cleanup for Next Mark 4.519ms
[23.207s][info][gc            ] GC(1423) Concurrent Cycle 18.493ms
[23.217s][info][gc,start      ] GC(1424) Pause Young (Concurrent Start) (G1 Humongous Allocation)
[23.217s][info][gc,task       ] GC(1424) Using 8 workers of 8 for evacuation
[23.218s][info][gc,phases     ] GC(1424)   Pre Evacuate Collection Set: 0.8ms
[23.218s][info][gc,phases     ] GC(1424)   Evacuate Collection Set: 0.6ms
[23.218s][info][gc,phases     ] GC(1424)   Post Evacuate Collection Set: 0.1ms
[23.218s][info][gc,phases     ] GC(1424)   Other: 0.4ms
[23.218s][info][gc,heap       ] GC(1424) Eden regions: 4->0(159)
[23.218s][info][gc,heap       ] GC(1424) Survivor regions: 1->1(20)
[23.219s][info][gc,heap       ] GC(1424) Old regions: 28->28
[23.219s][info][gc,heap       ] GC(1424) Humongous regions: 3162->3162
[23.219s][info][gc,metaspace  ] GC(1424) Metaspace: 9862K->9862K(1058816K)
[23.219s][info][gc            ] GC(1424) Pause Young (Concurrent Start) (G1 Humongous Allocation) 3193M->3189M(3202M) 2.023ms
[23.219s][info][gc,cpu        ] GC(1424) User=0.01s Sys=0.00s Real=0.00s
[23.219s][info][gc            ] GC(1425) Concurrent Cycle
[23.219s][info][gc,marking    ] GC(1425) Concurrent Clear Claimed Marks
[23.219s][info][gc,marking    ] GC(1425) Concurrent Clear Claimed Marks 0.013ms
[23.219s][info][gc,marking    ] GC(1425) Concurrent Scan Root Regions
[23.219s][info][gc,marking    ] GC(1425) Concurrent Scan Root Regions 0.055ms
[23.219s][info][gc,marking    ] GC(1425) Concurrent Mark (23.219s)
[23.219s][info][gc,marking    ] GC(1425) Concurrent Mark From Roots
[23.219s][info][gc,task       ] GC(1425) Using 2 workers of 2 for marking
[23.224s][info][gc,marking    ] GC(1425) Concurrent Mark From Roots 5.708ms
[23.224s][info][gc,marking    ] GC(1425) Concurrent Preclean
[23.225s][info][gc,marking    ] GC(1425) Concurrent Preclean 0.075ms
[23.225s][info][gc,marking    ] GC(1425) Concurrent Mark (23.219s, 23.225s) 5.858ms
[23.225s][info][gc,start      ] GC(1425) Pause Remark
[23.225s][info][gc,stringtable] GC(1425) Cleaned string and symbol table, strings: 4363 processed, 0 removed, symbols: 36588 processed, 0 removed
[23.226s][info][gc            ] GC(1425) Pause Remark 3192M->3192M(3204M) 1.274ms
[23.226s][info][gc,cpu        ] GC(1425) User=0.01s Sys=0.00s Real=0.00s
[23.226s][info][gc,marking    ] GC(1425) Concurrent Rebuild Remembered Sets
[23.232s][info][gc,marking    ] GC(1425) Concurrent Rebuild Remembered Sets 5.790ms
[23.232s][info][gc,start      ] GC(1425) Pause Cleanup
[23.232s][info][gc            ] GC(1425) Pause Cleanup 3195M->3195M(3206M) 0.344ms
[23.232s][info][gc,cpu        ] GC(1425) User=0.00s Sys=0.00s Real=0.00s
[23.232s][info][gc,marking    ] GC(1425) Concurrent Cleanup for Next Mark
[23.236s][info][gc,marking    ] GC(1425) Concurrent Cleanup for Next Mark 3.869ms
[23.236s][info][gc            ] GC(1425) Concurrent Cycle 17.581ms
[23.242s][info][gc,start      ] GC(1426) Pause Young (Concurrent Start) (G1 Humongous Allocation)
[23.242s][info][gc,task       ] GC(1426) Using 8 workers of 8 for evacuation
[23.243s][info][gc,phases     ] GC(1426)   Pre Evacuate Collection Set: 0.7ms
[23.243s][info][gc,phases     ] GC(1426)   Evacuate Collection Set: 0.6ms
[23.243s][info][gc,phases     ] GC(1426)   Post Evacuate Collection Set: 0.1ms
[23.243s][info][gc,phases     ] GC(1426)   Other: 0.2ms
[23.243s][info][gc,heap       ] GC(1426) Eden regions: 4->0(159)
[23.243s][info][gc,heap       ] GC(1426) Survivor regions: 1->1(20)
[23.243s][info][gc,heap       ] GC(1426) Old regions: 28->28
[23.244s][info][gc,heap       ] GC(1426) Humongous regions: 3166->3166
[23.244s][info][gc,metaspace  ] GC(1426) Metaspace: 9862K->9862K(1058816K)
[23.244s][info][gc            ] GC(1426) Pause Young (Concurrent Start) (G1 Humongous Allocation) 3197M->3193M(3206M) 1.835ms
[23.244s][info][gc,cpu        ] GC(1426) User=0.01s Sys=0.00s Real=0.00s
[23.244s][info][gc            ] GC(1427) Concurrent Cycle
[23.244s][info][gc,marking    ] GC(1427) Concurrent Clear Claimed Marks
[23.244s][info][gc,marking    ] GC(1427) Concurrent Clear Claimed Marks 0.012ms
[23.244s][info][gc,marking    ] GC(1427) Concurrent Scan Root Regions
[23.244s][info][gc,marking    ] GC(1427) Concurrent Scan Root Regions 0.052ms
[23.244s][info][gc,marking    ] GC(1427) Concurrent Mark (23.244s)
[23.244s][info][gc,marking    ] GC(1427) Concurrent Mark From Roots
[23.244s][info][gc,task       ] GC(1427) Using 2 workers of 2 for marking
[23.251s][info][gc,marking    ] GC(1427) Concurrent Mark From Roots 6.816ms
[23.251s][info][gc,marking    ] GC(1427) Concurrent Preclean
[23.251s][info][gc,marking    ] GC(1427) Concurrent Preclean 0.099ms
[23.251s][info][gc,marking    ] GC(1427) Concurrent Mark (23.244s, 23.251s) 7.011ms
[23.251s][info][gc,start      ] GC(1427) Pause Remark
[23.252s][info][gc,stringtable] GC(1427) Cleaned string and symbol table, strings: 4363 processed, 0 removed, symbols: 36588 processed, 0 removed
[23.252s][info][gc            ] GC(1427) Pause Remark 3196M->3196M(3208M) 1.467ms
[23.252s][info][gc,cpu        ] GC(1427) User=0.00s Sys=0.00s Real=0.01s
[23.252s][info][gc,marking    ] GC(1427) Concurrent Rebuild Remembered Sets
[23.258s][info][gc,marking    ] GC(1427) Concurrent Rebuild Remembered Sets 5.713ms
[23.259s][info][gc,start      ] GC(1427) Pause Cleanup
[23.260s][info][gc            ] GC(1427) Pause Cleanup 3199M->3199M(3210M) 0.401ms
[23.260s][info][gc,cpu        ] GC(1427) User=0.00s Sys=0.00s Real=0.00s
[23.260s][info][gc,marking    ] GC(1427) Concurrent Cleanup for Next Mark
[23.264s][info][gc,marking    ] GC(1427) Concurrent Cleanup for Next Mark 4.307ms
[23.264s][info][gc            ] GC(1427) Concurrent Cycle 20.480ms
[23.270s][info][gc,start      ] GC(1428) Pause Young (Concurrent Start) (G1 Humongous Allocation)
[23.270s][info][gc,task       ] GC(1428) Using 8 workers of 8 for evacuation
[23.272s][info][gc,phases     ] GC(1428)   Pre Evacuate Collection Set: 0.7ms
[23.272s][info][gc,phases     ] GC(1428)   Evacuate Collection Set: 0.6ms
[23.272s][info][gc,phases     ] GC(1428)   Post Evacuate Collection Set: 0.1ms
[23.272s][info][gc,phases     ] GC(1428)   Other: 0.4ms
[23.272s][info][gc,heap       ] GC(1428) Eden regions: 4->0(159)
[23.272s][info][gc,heap       ] GC(1428) Survivor regions: 1->1(20)
[23.272s][info][gc,heap       ] GC(1428) Old regions: 28->28
[23.272s][info][gc,heap       ] GC(1428) Humongous regions: 3170->3170
[23.272s][info][gc,metaspace  ] GC(1428) Metaspace: 9862K->9862K(1058816K)
[23.272s][info][gc            ] GC(1428) Pause Young (Concurrent Start) (G1 Humongous Allocation) 3201M->3197M(3210M) 1.943ms
[23.272s][info][gc,cpu        ] GC(1428) User=0.00s Sys=0.00s Real=0.01s
[23.272s][info][gc            ] GC(1429) Concurrent Cycle
[23.272s][info][gc,marking    ] GC(1429) Concurrent Clear Claimed Marks
[23.272s][info][gc,marking    ] GC(1429) Concurrent Clear Claimed Marks 0.012ms
[23.272s][info][gc,marking    ] GC(1429) Concurrent Scan Root Regions
[23.273s][info][gc,marking    ] GC(1429) Concurrent Scan Root Regions 0.054ms
[23.273s][info][gc,marking    ] GC(1429) Concurrent Mark (23.273s)
[23.273s][info][gc,marking    ] GC(1429) Concurrent Mark From Roots
[23.273s][info][gc,task       ] GC(1429) Using 2 workers of 2 for marking
[23.278s][info][gc,marking    ] GC(1429) Concurrent Mark From Roots 5.601ms
[23.278s][info][gc,marking    ] GC(1429) Concurrent Preclean
[23.278s][info][gc,marking    ] GC(1429) Concurrent Preclean 0.076ms
[23.278s][info][gc,marking    ] GC(1429) Concurrent Mark (23.273s, 23.278s) 5.746ms
[23.278s][info][gc,start      ] GC(1429) Pause Remark
[23.279s][info][gc,stringtable] GC(1429) Cleaned string and symbol table, strings: 4363 processed, 0 removed, symbols: 36588 processed, 0 removed
[23.280s][info][gc            ] GC(1429) Pause Remark 3200M->3200M(3212M) 1.168ms
[23.280s][info][gc,cpu        ] GC(1429) User=0.01s Sys=0.00s Real=0.00s
[23.280s][info][gc,marking    ] GC(1429) Concurrent Rebuild Remembered Sets
[23.285s][info][gc,marking    ] GC(1429) Concurrent Rebuild Remembered Sets 5.741ms
[23.285s][info][gc,start      ] GC(1429) Pause Cleanup
[23.286s][info][gc            ] GC(1429) Pause Cleanup 3203M->3203M(3214M) 0.352ms
[23.286s][info][gc,cpu        ] GC(1429) User=0.00s Sys=0.00s Real=0.00s
[23.286s][info][gc,marking    ] GC(1429) Concurrent Cleanup for Next Mark
[23.290s][info][gc,marking    ] GC(1429) Concurrent Cleanup for Next Mark 3.970ms
[23.290s][info][gc            ] GC(1429) Concurrent Cycle 17.469ms
[23.295s][info][gc,start      ] GC(1430) Pause Young (Concurrent Start) (G1 Humongous Allocation)
[23.296s][info][gc,task       ] GC(1430) Using 8 workers of 8 for evacuation
[23.297s][info][gc,phases     ] GC(1430)   Pre Evacuate Collection Set: 0.8ms
[23.297s][info][gc,phases     ] GC(1430)   Evacuate Collection Set: 0.7ms
[23.297s][info][gc,phases     ] GC(1430)   Post Evacuate Collection Set: 0.1ms
[23.297s][info][gc,phases     ] GC(1430)   Other: 0.3ms
[23.297s][info][gc,heap       ] GC(1430) Eden regions: 4->0(159)
[23.298s][info][gc,heap       ] GC(1430) Survivor regions: 1->1(20)
[23.298s][info][gc,heap       ] GC(1430) Old regions: 28->28
[23.298s][info][gc,heap       ] GC(1430) Humongous regions: 3174->3174
[23.298s][info][gc,metaspace  ] GC(1430) Metaspace: 9862K->9862K(1058816K)
[23.298s][info][gc            ] GC(1430) Pause Young (Concurrent Start) (G1 Humongous Allocation) 3205M->3201M(3214M) 2.082ms
[23.298s][info][gc,cpu        ] GC(1430) User=0.01s Sys=0.00s Real=0.00s
[23.298s][info][gc            ] GC(1431) Concurrent Cycle
[23.298s][info][gc,marking    ] GC(1431) Concurrent Clear Claimed Marks
[23.298s][info][gc,marking    ] GC(1431) Concurrent Clear Claimed Marks 0.015ms
[23.298s][info][gc,marking    ] GC(1431) Concurrent Scan Root Regions
[23.298s][info][gc,marking    ] GC(1431) Concurrent Scan Root Regions 0.058ms
[23.298s][info][gc,marking    ] GC(1431) Concurrent Mark (23.298s)
[23.298s][info][gc,marking    ] GC(1431) Concurrent Mark From Roots
[23.298s][info][gc,task       ] GC(1431) Using 2 workers of 2 for marking
[23.304s][info][gc,marking    ] GC(1431) Concurrent Mark From Roots 6.668ms
[23.304s][info][gc,marking    ] GC(1431) Concurrent Preclean
[23.305s][info][gc,marking    ] GC(1431) Concurrent Preclean 0.078ms
[23.305s][info][gc,marking    ] GC(1431) Concurrent Mark (23.298s, 23.305s) 6.824ms
[23.305s][info][gc,start      ] GC(1431) Pause Remark
[23.306s][info][gc,stringtable] GC(1431) Cleaned string and symbol table, strings: 4363 processed, 0 removed, symbols: 36588 processed, 0 removed
[23.306s][info][gc            ] GC(1431) Pause Remark 3204M->3204M(3216M) 1.812ms
[23.306s][info][gc,cpu        ] GC(1431) User=0.00s Sys=0.00s Real=0.00s
[23.307s][info][gc,marking    ] GC(1431) Concurrent Rebuild Remembered Sets
[23.312s][info][gc,marking    ] GC(1431) Concurrent Rebuild Remembered Sets 5.791ms
[23.313s][info][gc,start      ] GC(1431) Pause Cleanup
[23.313s][info][gc            ] GC(1431) Pause Cleanup 3207M->3207M(3218M) 0.367ms
[23.313s][info][gc,cpu        ] GC(1431) User=0.00s Sys=0.00s Real=0.00s
[23.313s][info][gc,marking    ] GC(1431) Concurrent Cleanup for Next Mark
[23.317s][info][gc,marking    ] GC(1431) Concurrent Cleanup for Next Mark 3.854ms
[23.317s][info][gc            ] GC(1431) Concurrent Cycle 19.532ms
[23.323s][info][gc,start      ] GC(1432) Pause Young (Concurrent Start) (G1 Humongous Allocation)
[23.323s][info][gc,task       ] GC(1432) Using 8 workers of 8 for evacuation
[23.324s][info][gc,phases     ] GC(1432)   Pre Evacuate Collection Set: 0.7ms
[23.324s][info][gc,phases     ] GC(1432)   Evacuate Collection Set: 0.5ms
[23.324s][info][gc,phases     ] GC(1432)   Post Evacuate Collection Set: 0.1ms
[23.325s][info][gc,phases     ] GC(1432)   Other: 0.3ms
[23.325s][info][gc,heap       ] GC(1432) Eden regions: 4->0(159)
[23.325s][info][gc,heap       ] GC(1432) Survivor regions: 1->1(20)
[23.325s][info][gc,heap       ] GC(1432) Old regions: 28->28
[23.325s][info][gc,heap       ] GC(1432) Humongous regions: 3178->3178
[23.325s][info][gc,metaspace  ] GC(1432) Metaspace: 9862K->9862K(1058816K)
[23.325s][info][gc            ] GC(1432) Pause Young (Concurrent Start) (G1 Humongous Allocation) 3209M->3205M(3218M) 1.737ms
[23.325s][info][gc,cpu        ] GC(1432) User=0.00s Sys=0.00s Real=0.00s
[23.325s][info][gc            ] GC(1433) Concurrent Cycle
[23.325s][info][gc,marking    ] GC(1433) Concurrent Clear Claimed Marks
[23.325s][info][gc,marking    ] GC(1433) Concurrent Clear Claimed Marks 0.015ms
[23.325s][info][gc,marking    ] GC(1433) Concurrent Scan Root Regions
[23.325s][info][gc,marking    ] GC(1433) Concurrent Scan Root Regions 0.055ms
[23.325s][info][gc,marking    ] GC(1433) Concurrent Mark (23.325s)
[23.325s][info][gc,marking    ] GC(1433) Concurrent Mark From Roots
[23.325s][info][gc,task       ] GC(1433) Using 2 workers of 2 for marking
[23.330s][info][gc,marking    ] GC(1433) Concurrent Mark From Roots 5.711ms
[23.331s][info][gc,marking    ] GC(1433) Concurrent Preclean
[23.331s][info][gc,marking    ] GC(1433) Concurrent Preclean 0.076ms
[23.331s][info][gc,marking    ] GC(1433) Concurrent Mark (23.325s, 23.331s) 5.859ms
[23.331s][info][gc,start      ] GC(1433) Pause Remark
[23.332s][info][gc,stringtable] GC(1433) Cleaned string and symbol table, strings: 4363 processed, 0 removed, symbols: 36588 processed, 0 removed
[23.332s][info][gc            ] GC(1433) Pause Remark 3208M->3208M(3220M) 1.659ms
[23.332s][info][gc,cpu        ] GC(1433) User=0.01s Sys=0.00s Real=0.01s
[23.332s][info][gc,marking    ] GC(1433) Concurrent Rebuild Remembered Sets
[23.338s][info][gc,marking    ] GC(1433) Concurrent Rebuild Remembered Sets 5.771ms
[23.338s][info][gc,start      ] GC(1433) Pause Cleanup
[23.339s][info][gc            ] GC(1433) Pause Cleanup 3211M->3211M(3222M) 0.403ms
[23.339s][info][gc,cpu        ] GC(1433) User=0.01s Sys=0.00s Real=0.00s
[23.339s][info][gc,marking    ] GC(1433) Concurrent Cleanup for Next Mark
[23.343s][info][gc,marking    ] GC(1433) Concurrent Cleanup for Next Mark 4.677ms
[23.343s][info][gc            ] GC(1433) Concurrent Cycle 18.862ms
[23.350s][info][gc,start      ] GC(1434) Pause Young (Concurrent Start) (G1 Humongous Allocation)
[23.350s][info][gc,task       ] GC(1434) Using 8 workers of 8 for evacuation
[23.352s][info][gc,phases     ] GC(1434)   Pre Evacuate Collection Set: 0.7ms
[23.352s][info][gc,phases     ] GC(1434)   Evacuate Collection Set: 0.6ms
[23.352s][info][gc,phases     ] GC(1434)   Post Evacuate Collection Set: 0.1ms
[23.352s][info][gc,phases     ] GC(1434)   Other: 0.3ms
[23.352s][info][gc,heap       ] GC(1434) Eden regions: 4->0(160)
[23.352s][info][gc,heap       ] GC(1434) Survivor regions: 1->1(20)
[23.352s][info][gc,heap       ] GC(1434) Old regions: 28->28
[23.352s][info][gc,heap       ] GC(1434) Humongous regions: 3182->3182
[23.352s][info][gc,metaspace  ] GC(1434) Metaspace: 9862K->9862K(1058816K)
[23.352s][info][gc            ] GC(1434) Pause Young (Concurrent Start) (G1 Humongous Allocation) 3213M->3209M(3222M) 1.860ms
[23.352s][info][gc,cpu        ] GC(1434) User=0.00s Sys=0.00s Real=0.01s
[23.352s][info][gc            ] GC(1435) Concurrent Cycle
[23.352s][info][gc,marking    ] GC(1435) Concurrent Clear Claimed Marks
[23.352s][info][gc,marking    ] GC(1435) Concurrent Clear Claimed Marks 0.013ms
[23.352s][info][gc,marking    ] GC(1435) Concurrent Scan Root Regions
[23.352s][info][gc,marking    ] GC(1435) Concurrent Scan Root Regions 0.051ms
[23.352s][info][gc,marking    ] GC(1435) Concurrent Mark (23.352s)
[23.352s][info][gc,marking    ] GC(1435) Concurrent Mark From Roots
[23.352s][info][gc,task       ] GC(1435) Using 2 workers of 2 for marking
[23.357s][info][gc,marking    ] GC(1435) Concurrent Mark From Roots 5.596ms
[23.358s][info][gc,marking    ] GC(1435) Concurrent Preclean
[23.358s][info][gc,marking    ] GC(1435) Concurrent Preclean 0.072ms
[23.358s][info][gc,marking    ] GC(1435) Concurrent Mark (23.352s, 23.358s) 5.737ms
[23.358s][info][gc,start      ] GC(1435) Pause Remark
[23.358s][info][gc,stringtable] GC(1435) Cleaned string and symbol table, strings: 4363 processed, 0 removed, symbols: 36588 processed, 0 removed
[23.359s][info][gc            ] GC(1435) Pause Remark 3212M->3212M(3224M) 1.170ms
[23.359s][info][gc,cpu        ] GC(1435) User=0.00s Sys=0.00s Real=0.00s
[23.359s][info][gc,marking    ] GC(1435) Concurrent Rebuild Remembered Sets
[23.365s][info][gc,marking    ] GC(1435) Concurrent Rebuild Remembered Sets 5.637ms
[23.365s][info][gc,start      ] GC(1435) Pause Cleanup
[23.365s][info][gc            ] GC(1435) Pause Cleanup 3215M->3215M(3226M) 0.343ms
[23.365s][info][gc,cpu        ] GC(1435) User=0.00s Sys=0.00s Real=0.00s
[23.365s][info][gc,marking    ] GC(1435) Concurrent Cleanup for Next Mark
[23.369s][info][gc,marking    ] GC(1435) Concurrent Cleanup for Next Mark 3.937ms
[23.369s][info][gc            ] GC(1435) Concurrent Cycle 17.262ms
[23.375s][info][gc,start      ] GC(1436) Pause Young (Concurrent Start) (G1 Humongous Allocation)
[23.375s][info][gc,task       ] GC(1436) Using 8 workers of 8 for evacuation
[23.377s][info][gc,phases     ] GC(1436)   Pre Evacuate Collection Set: 0.7ms
[23.377s][info][gc,phases     ] GC(1436)   Evacuate Collection Set: 1.4ms
[23.377s][info][gc,phases     ] GC(1436)   Post Evacuate Collection Set: 0.1ms
[23.377s][info][gc,phases     ] GC(1436)   Other: 0.3ms
[23.377s][info][gc,heap       ] GC(1436) Eden regions: 4->0(160)
[23.377s][info][gc,heap       ] GC(1436) Survivor regions: 1->1(21)
[23.377s][info][gc,heap       ] GC(1436) Old regions: 28->28
[23.377s][info][gc,heap       ] GC(1436) Humongous regions: 3186->3186
[23.377s][info][gc,metaspace  ] GC(1436) Metaspace: 9862K->9862K(1058816K)
[23.377s][info][gc            ] GC(1436) Pause Young (Concurrent Start) (G1 Humongous Allocation) 3217M->3213M(3226M) 2.524ms
[23.377s][info][gc,cpu        ] GC(1436) User=0.00s Sys=0.00s Real=0.00s
[23.377s][info][gc            ] GC(1437) Concurrent Cycle
[23.377s][info][gc,marking    ] GC(1437) Concurrent Clear Claimed Marks
[23.377s][info][gc,marking    ] GC(1437) Concurrent Clear Claimed Marks 0.014ms
[23.377s][info][gc,marking    ] GC(1437) Concurrent Scan Root Regions
[23.377s][info][gc,marking    ] GC(1437) Concurrent Scan Root Regions 0.058ms
[23.377s][info][gc,marking    ] GC(1437) Concurrent Mark (23.377s)
[23.377s][info][gc,marking    ] GC(1437) Concurrent Mark From Roots
[23.377s][info][gc,task       ] GC(1437) Using 2 workers of 2 for marking
[23.385s][info][gc,marking    ] GC(1437) Concurrent Mark From Roots 7.756ms
[23.385s][info][gc,marking    ] GC(1437) Concurrent Preclean
[23.385s][info][gc,marking    ] GC(1437) Concurrent Preclean 0.087ms
[23.385s][info][gc,marking    ] GC(1437) Concurrent Mark (23.377s, 23.385s) 7.921ms
[23.385s][info][gc,start      ] GC(1437) Pause Remark
[23.386s][info][gc,stringtable] GC(1437) Cleaned string and symbol table, strings: 4363 processed, 0 removed, symbols: 36588 processed, 0 removed
[23.387s][info][gc            ] GC(1437) Pause Remark 3216M->3216M(3228M) 1.737ms
[23.387s][info][gc,cpu        ] GC(1437) User=0.00s Sys=0.00s Real=0.00s
[23.387s][info][gc,marking    ] GC(1437) Concurrent Rebuild Remembered Sets
[23.393s][info][gc,marking    ] GC(1437) Concurrent Rebuild Remembered Sets 5.826ms
[23.393s][info][gc,start      ] GC(1437) Pause Cleanup
[23.393s][info][gc            ] GC(1437) Pause Cleanup 3219M->3219M(3230M) 0.360ms
[23.393s][info][gc,cpu        ] GC(1437) User=0.00s Sys=0.00s Real=0.00s
[23.393s][info][gc,marking    ] GC(1437) Concurrent Cleanup for Next Mark
[23.397s][info][gc,marking    ] GC(1437) Concurrent Cleanup for Next Mark 3.891ms
[23.397s][info][gc            ] GC(1437) Concurrent Cycle 20.246ms
[23.403s][info][gc,start      ] GC(1438) Pause Young (Concurrent Start) (G1 Humongous Allocation)
[23.403s][info][gc,task       ] GC(1438) Using 8 workers of 8 for evacuation
[23.404s][info][gc,phases     ] GC(1438)   Pre Evacuate Collection Set: 0.7ms
[23.404s][info][gc,phases     ] GC(1438)   Evacuate Collection Set: 0.6ms
[23.404s][info][gc,phases     ] GC(1438)   Post Evacuate Collection Set: 0.1ms
[23.404s][info][gc,phases     ] GC(1438)   Other: 0.3ms
[23.404s][info][gc,heap       ] GC(1438) Eden regions: 4->0(160)
[23.404s][info][gc,heap       ] GC(1438) Survivor regions: 1->1(21)
[23.404s][info][gc,heap       ] GC(1438) Old regions: 28->28
[23.404s][info][gc,heap       ] GC(1438) Humongous regions: 3190->3190
[23.404s][info][gc,metaspace  ] GC(1438) Metaspace: 9862K->9862K(1058816K)
[23.404s][info][gc            ] GC(1438) Pause Young (Concurrent Start) (G1 Humongous Allocation) 3221M->3217M(3230M) 1.826ms
[23.404s][info][gc,cpu        ] GC(1438) User=0.00s Sys=0.00s Real=0.00s
[23.404s][info][gc            ] GC(1439) Concurrent Cycle
[23.404s][info][gc,marking    ] GC(1439) Concurrent Clear Claimed Marks
[23.404s][info][gc,marking    ] GC(1439) Concurrent Clear Claimed Marks 0.012ms
[23.404s][info][gc,marking    ] GC(1439) Concurrent Scan Root Regions
[23.404s][info][gc,marking    ] GC(1439) Concurrent Scan Root Regions 0.053ms
[23.404s][info][gc,marking    ] GC(1439) Concurrent Mark (23.404s)
[23.405s][info][gc,marking    ] GC(1439) Concurrent Mark From Roots
[23.405s][info][gc,task       ] GC(1439) Using 2 workers of 2 for marking
[23.412s][info][gc,marking    ] GC(1439) Concurrent Mark From Roots 7.598ms
[23.412s][info][gc,marking    ] GC(1439) Concurrent Preclean
[23.412s][info][gc,marking    ] GC(1439) Concurrent Preclean 0.083ms
[23.412s][info][gc,marking    ] GC(1439) Concurrent Mark (23.404s, 23.412s) 7.755ms
[23.412s][info][gc,start      ] GC(1439) Pause Remark
[23.414s][info][gc,stringtable] GC(1439) Cleaned string and symbol table, strings: 4363 processed, 0 removed, symbols: 36588 processed, 0 removed
[23.414s][info][gc            ] GC(1439) Pause Remark 3220M->3220M(3232M) 1.684ms
[23.414s][info][gc,cpu        ] GC(1439) User=0.01s Sys=0.00s Real=0.00s
[23.414s][info][gc,marking    ] GC(1439) Concurrent Rebuild Remembered Sets
[23.420s][info][gc,marking    ] GC(1439) Concurrent Rebuild Remembered Sets 5.620ms
[23.420s][info][gc,start      ] GC(1439) Pause Cleanup
[23.420s][info][gc            ] GC(1439) Pause Cleanup 3223M->3223M(3234M) 0.324ms
[23.420s][info][gc,cpu        ] GC(1439) User=0.00s Sys=0.00s Real=0.00s
[23.420s][info][gc,marking    ] GC(1439) Concurrent Cleanup for Next Mark
[23.424s][info][gc,marking    ] GC(1439) Concurrent Cleanup for Next Mark 3.928ms
[23.424s][info][gc            ] GC(1439) Concurrent Cycle 19.804ms
[23.429s][info][gc,start      ] GC(1440) Pause Young (Concurrent Start) (G1 Humongous Allocation)
[23.429s][info][gc,task       ] GC(1440) Using 8 workers of 8 for evacuation
[23.431s][info][gc,phases     ] GC(1440)   Pre Evacuate Collection Set: 0.7ms
[23.431s][info][gc,phases     ] GC(1440)   Evacuate Collection Set: 0.6ms
[23.431s][info][gc,phases     ] GC(1440)   Post Evacuate Collection Set: 0.1ms
[23.431s][info][gc,phases     ] GC(1440)   Other: 0.2ms
[23.431s][info][gc,heap       ] GC(1440) Eden regions: 4->0(160)
[23.431s][info][gc,heap       ] GC(1440) Survivor regions: 1->1(21)
[23.431s][info][gc,heap       ] GC(1440) Old regions: 28->28
[23.431s][info][gc,heap       ] GC(1440) Humongous regions: 3194->3194
[23.431s][info][gc,metaspace  ] GC(1440) Metaspace: 9862K->9862K(1058816K)
[23.431s][info][gc            ] GC(1440) Pause Young (Concurrent Start) (G1 Humongous Allocation) 3225M->3221M(3234M) 1.797ms
[23.431s][info][gc,cpu        ] GC(1440) User=0.00s Sys=0.00s Real=0.01s
[23.431s][info][gc            ] GC(1441) Concurrent Cycle
[23.431s][info][gc,marking    ] GC(1441) Concurrent Clear Claimed Marks
[23.431s][info][gc,marking    ] GC(1441) Concurrent Clear Claimed Marks 0.015ms
[23.431s][info][gc,marking    ] GC(1441) Concurrent Scan Root Regions
[23.431s][info][gc,marking    ] GC(1441) Concurrent Scan Root Regions 0.054ms
[23.431s][info][gc,marking    ] GC(1441) Concurrent Mark (23.431s)
[23.431s][info][gc,marking    ] GC(1441) Concurrent Mark From Roots
[23.431s][info][gc,task       ] GC(1441) Using 2 workers of 2 for marking
[23.437s][info][gc,marking    ] GC(1441) Concurrent Mark From Roots 5.568ms
[23.437s][info][gc,marking    ] GC(1441) Concurrent Preclean
[23.437s][info][gc,marking    ] GC(1441) Concurrent Preclean 0.072ms
[23.437s][info][gc,marking    ] GC(1441) Concurrent Mark (23.431s, 23.437s) 5.710ms
[23.437s][info][gc,start      ] GC(1441) Pause Remark
[23.438s][info][gc,stringtable] GC(1441) Cleaned string and symbol table, strings: 4363 processed, 0 removed, symbols: 36588 processed, 0 removed
[23.438s][info][gc            ] GC(1441) Pause Remark 3224M->3224M(3236M) 1.086ms
[23.438s][info][gc,cpu        ] GC(1441) User=0.00s Sys=0.00s Real=0.00s
[23.438s][info][gc,marking    ] GC(1441) Concurrent Rebuild Remembered Sets
[23.444s][info][gc,marking    ] GC(1441) Concurrent Rebuild Remembered Sets 5.714ms
[23.444s][info][gc,start      ] GC(1441) Pause Cleanup
[23.445s][info][gc            ] GC(1441) Pause Cleanup 3227M->3227M(3238M) 0.353ms
[23.445s][info][gc,cpu        ] GC(1441) User=0.00s Sys=0.00s Real=0.00s
[23.445s][info][gc,marking    ] GC(1441) Concurrent Cleanup for Next Mark
[23.449s][info][gc,marking    ] GC(1441) Concurrent Cleanup for Next Mark 4.753ms
[23.449s][info][gc            ] GC(1441) Concurrent Cycle 18.147ms
[23.456s][info][gc,start      ] GC(1442) Pause Young (Concurrent Start) (G1 Humongous Allocation)
[23.456s][info][gc,task       ] GC(1442) Using 8 workers of 8 for evacuation
[23.458s][info][gc,phases     ] GC(1442)   Pre Evacuate Collection Set: 0.8ms
[23.458s][info][gc,phases     ] GC(1442)   Evacuate Collection Set: 1.1ms
[23.458s][info][gc,phases     ] GC(1442)   Post Evacuate Collection Set: 0.1ms
[23.458s][info][gc,phases     ] GC(1442)   Other: 0.3ms
[23.458s][info][gc,heap       ] GC(1442) Eden regions: 4->0(160)
[23.458s][info][gc,heap       ] GC(1442) Survivor regions: 1->1(21)
[23.458s][info][gc,heap       ] GC(1442) Old regions: 28->28
[23.458s][info][gc,heap       ] GC(1442) Humongous regions: 3198->3198
[23.458s][info][gc,metaspace  ] GC(1442) Metaspace: 9862K->9862K(1058816K)
[23.458s][info][gc            ] GC(1442) Pause Young (Concurrent Start) (G1 Humongous Allocation) 3229M->3225M(3238M) 2.431ms
[23.458s][info][gc,cpu        ] GC(1442) User=0.01s Sys=0.00s Real=0.00s
[23.458s][info][gc            ] GC(1443) Concurrent Cycle
[23.458s][info][gc,marking    ] GC(1443) Concurrent Clear Claimed Marks
[23.458s][info][gc,marking    ] GC(1443) Concurrent Clear Claimed Marks 0.014ms
[23.458s][info][gc,marking    ] GC(1443) Concurrent Scan Root Regions
[23.458s][info][gc,marking    ] GC(1443) Concurrent Scan Root Regions 0.055ms
[23.458s][info][gc,marking    ] GC(1443) Concurrent Mark (23.458s)
[23.458s][info][gc,marking    ] GC(1443) Concurrent Mark From Roots
[23.458s][info][gc,task       ] GC(1443) Using 2 workers of 2 for marking
[23.464s][info][gc,marking    ] GC(1443) Concurrent Mark From Roots 5.739ms
[23.464s][info][gc,marking    ] GC(1443) Concurrent Preclean
[23.464s][info][gc,marking    ] GC(1443) Concurrent Preclean 0.080ms
[23.464s][info][gc,marking    ] GC(1443) Concurrent Mark (23.458s, 23.464s) 5.892ms
[23.464s][info][gc,start      ] GC(1443) Pause Remark
[23.465s][info][gc,stringtable] GC(1443) Cleaned string and symbol table, strings: 4363 processed, 0 removed, symbols: 36588 processed, 0 removed
[23.466s][info][gc            ] GC(1443) Pause Remark 3228M->3228M(3240M) 1.756ms
[23.466s][info][gc,cpu        ] GC(1443) User=0.01s Sys=0.00s Real=0.00s
[23.466s][info][gc,marking    ] GC(1443) Concurrent Rebuild Remembered Sets
[23.473s][info][gc,marking    ] GC(1443) Concurrent Rebuild Remembered Sets 6.830ms
[23.473s][info][gc,start      ] GC(1443) Pause Cleanup
[23.474s][info][gc            ] GC(1443) Pause Cleanup 3231M->3231M(3242M) 0.396ms
[23.474s][info][gc,cpu        ] GC(1443) User=0.00s Sys=0.00s Real=0.00s
[23.474s][info][gc,marking    ] GC(1443) Concurrent Cleanup for Next Mark
[23.479s][info][gc,marking    ] GC(1443) Concurrent Cleanup for Next Mark 4.861ms
[23.479s][info][gc            ] GC(1443) Concurrent Cycle 20.641ms
[23.485s][info][gc,start      ] GC(1444) Pause Young (Concurrent Start) (G1 Humongous Allocation)
[23.485s][info][gc,task       ] GC(1444) Using 8 workers of 8 for evacuation
[23.487s][info][gc,phases     ] GC(1444)   Pre Evacuate Collection Set: 0.7ms
[23.487s][info][gc,phases     ] GC(1444)   Evacuate Collection Set: 0.6ms
[23.487s][info][gc,phases     ] GC(1444)   Post Evacuate Collection Set: 0.1ms
[23.487s][info][gc,phases     ] GC(1444)   Other: 0.3ms
[23.487s][info][gc,heap       ] GC(1444) Eden regions: 4->0(161)
[23.487s][info][gc,heap       ] GC(1444) Survivor regions: 1->1(21)
[23.487s][info][gc,heap       ] GC(1444) Old regions: 28->28
[23.487s][info][gc,heap       ] GC(1444) Humongous regions: 3202->3202
[23.487s][info][gc,metaspace  ] GC(1444) Metaspace: 9862K->9862K(1058816K)
[23.487s][info][gc            ] GC(1444) Pause Young (Concurrent Start) (G1 Humongous Allocation) 3233M->3229M(3242M) 1.902ms
[23.487s][info][gc,cpu        ] GC(1444) User=0.01s Sys=0.00s Real=0.00s
[23.487s][info][gc            ] GC(1445) Concurrent Cycle
[23.487s][info][gc,marking    ] GC(1445) Concurrent Clear Claimed Marks
[23.487s][info][gc,marking    ] GC(1445) Concurrent Clear Claimed Marks 0.015ms
[23.487s][info][gc,marking    ] GC(1445) Concurrent Scan Root Regions
[23.487s][info][gc,marking    ] GC(1445) Concurrent Scan Root Regions 0.052ms
[23.487s][info][gc,marking    ] GC(1445) Concurrent Mark (23.487s)
[23.487s][info][gc,marking    ] GC(1445) Concurrent Mark From Roots
[23.487s][info][gc,task       ] GC(1445) Using 2 workers of 2 for marking
[23.493s][info][gc,marking    ] GC(1445) Concurrent Mark From Roots 5.832ms
[23.493s][info][gc,marking    ] GC(1445) Concurrent Preclean
[23.493s][info][gc,marking    ] GC(1445) Concurrent Preclean 0.091ms
[23.493s][info][gc,marking    ] GC(1445) Concurrent Mark (23.487s, 23.493s) 5.998ms
[23.493s][info][gc,start      ] GC(1445) Pause Remark
[23.495s][info][gc,stringtable] GC(1445) Cleaned string and symbol table, strings: 4363 processed, 0 removed, symbols: 36588 processed, 0 removed
[23.495s][info][gc            ] GC(1445) Pause Remark 3232M->3232M(3244M) 1.636ms
[23.495s][info][gc,cpu        ] GC(1445) User=0.01s Sys=0.00s Real=0.00s
[23.495s][info][gc,marking    ] GC(1445) Concurrent Rebuild Remembered Sets
[23.501s][info][gc,marking    ] GC(1445) Concurrent Rebuild Remembered Sets 6.030ms
[23.501s][info][gc,start      ] GC(1445) Pause Cleanup
[23.502s][info][gc            ] GC(1445) Pause Cleanup 3235M->3235M(3246M) 0.469ms
[23.502s][info][gc,cpu        ] GC(1445) User=0.00s Sys=0.00s Real=0.00s
[23.502s][info][gc,marking    ] GC(1445) Concurrent Cleanup for Next Mark
[23.506s][info][gc,marking    ] GC(1445) Concurrent Cleanup for Next Mark 4.074ms
[23.506s][info][gc            ] GC(1445) Concurrent Cycle 18.735ms
[23.511s][info][gc,start      ] GC(1446) Pause Young (Concurrent Start) (G1 Humongous Allocation)
[23.511s][info][gc,task       ] GC(1446) Using 8 workers of 8 for evacuation
[23.513s][info][gc,phases     ] GC(1446)   Pre Evacuate Collection Set: 0.7ms
[23.513s][info][gc,phases     ] GC(1446)   Evacuate Collection Set: 0.5ms
[23.513s][info][gc,phases     ] GC(1446)   Post Evacuate Collection Set: 0.1ms
[23.513s][info][gc,phases     ] GC(1446)   Other: 0.3ms
[23.513s][info][gc,heap       ] GC(1446) Eden regions: 4->0(161)
[23.513s][info][gc,heap       ] GC(1446) Survivor regions: 1->1(21)
[23.513s][info][gc,heap       ] GC(1446) Old regions: 28->28
[23.513s][info][gc,heap       ] GC(1446) Humongous regions: 3206->3206
[23.513s][info][gc,metaspace  ] GC(1446) Metaspace: 9862K->9862K(1058816K)
[23.513s][info][gc            ] GC(1446) Pause Young (Concurrent Start) (G1 Humongous Allocation) 3237M->3233M(3246M) 1.831ms
[23.513s][info][gc,cpu        ] GC(1446) User=0.00s Sys=0.00s Real=0.00s
[23.513s][info][gc            ] GC(1447) Concurrent Cycle
[23.513s][info][gc,marking    ] GC(1447) Concurrent Clear Claimed Marks
[23.513s][info][gc,marking    ] GC(1447) Concurrent Clear Claimed Marks 0.012ms
[23.513s][info][gc,marking    ] GC(1447) Concurrent Scan Root Regions
[23.513s][info][gc,marking    ] GC(1447) Concurrent Scan Root Regions 0.053ms
[23.513s][info][gc,marking    ] GC(1447) Concurrent Mark (23.513s)
[23.513s][info][gc,marking    ] GC(1447) Concurrent Mark From Roots
[23.513s][info][gc,task       ] GC(1447) Using 2 workers of 2 for marking
[23.520s][info][gc,marking    ] GC(1447) Concurrent Mark From Roots 6.628ms
[23.520s][info][gc,marking    ] GC(1447) Concurrent Preclean
[23.520s][info][gc,marking    ] GC(1447) Concurrent Preclean 0.090ms
[23.520s][info][gc,marking    ] GC(1447) Concurrent Mark (23.513s, 23.520s) 6.798ms
[23.520s][info][gc,start      ] GC(1447) Pause Remark
[23.521s][info][gc,stringtable] GC(1447) Cleaned string and symbol table, strings: 4363 processed, 0 removed, symbols: 36588 processed, 0 removed
[23.522s][info][gc            ] GC(1447) Pause Remark 3236M->3236M(3248M) 1.591ms
[23.522s][info][gc,cpu        ] GC(1447) User=0.01s Sys=0.00s Real=0.01s
[23.522s][info][gc,marking    ] GC(1447) Concurrent Rebuild Remembered Sets
[23.528s][info][gc,marking    ] GC(1447) Concurrent Rebuild Remembered Sets 5.705ms
[23.528s][info][gc,start      ] GC(1447) Pause Cleanup
[23.528s][info][gc            ] GC(1447) Pause Cleanup 3239M->3239M(3250M) 0.412ms
[23.528s][info][gc,cpu        ] GC(1447) User=0.00s Sys=0.00s Real=0.00s
[23.528s][info][gc,marking    ] GC(1447) Concurrent Cleanup for Next Mark
[23.532s][info][gc,marking    ] GC(1447) Concurrent Cleanup for Next Mark 3.958ms
[23.532s][info][gc            ] GC(1447) Concurrent Cycle 18.982ms
[23.537s][info][gc,start      ] GC(1448) Pause Young (Concurrent Start) (G1 Humongous Allocation)
[23.537s][info][gc,task       ] GC(1448) Using 8 workers of 8 for evacuation
[23.539s][info][gc,phases     ] GC(1448)   Pre Evacuate Collection Set: 0.8ms
[23.539s][info][gc,phases     ] GC(1448)   Evacuate Collection Set: 0.6ms
[23.539s][info][gc,phases     ] GC(1448)   Post Evacuate Collection Set: 0.1ms
[23.539s][info][gc,phases     ] GC(1448)   Other: 0.3ms
[23.539s][info][gc,heap       ] GC(1448) Eden regions: 4->0(161)
[23.539s][info][gc,heap       ] GC(1448) Survivor regions: 1->1(21)
[23.539s][info][gc,heap       ] GC(1448) Old regions: 28->28
[23.539s][info][gc,heap       ] GC(1448) Humongous regions: 3210->3210
[23.539s][info][gc,metaspace  ] GC(1448) Metaspace: 9862K->9862K(1058816K)
[23.539s][info][gc            ] GC(1448) Pause Young (Concurrent Start) (G1 Humongous Allocation) 3241M->3237M(3250M) 1.937ms
[23.539s][info][gc,cpu        ] GC(1448) User=0.00s Sys=0.00s Real=0.00s
[23.539s][info][gc            ] GC(1449) Concurrent Cycle
[23.539s][info][gc,marking    ] GC(1449) Concurrent Clear Claimed Marks
[23.539s][info][gc,marking    ] GC(1449) Concurrent Clear Claimed Marks 0.015ms
[23.540s][info][gc,marking    ] GC(1449) Concurrent Scan Root Regions
[23.540s][info][gc,marking    ] GC(1449) Concurrent Scan Root Regions 0.075ms
[23.540s][info][gc,marking    ] GC(1449) Concurrent Mark (23.540s)
[23.540s][info][gc,marking    ] GC(1449) Concurrent Mark From Roots
[23.540s][info][gc,task       ] GC(1449) Using 2 workers of 2 for marking
[23.545s][info][gc,marking    ] GC(1449) Concurrent Mark From Roots 5.702ms
[23.545s][info][gc,marking    ] GC(1449) Concurrent Preclean
[23.545s][info][gc,marking    ] GC(1449) Concurrent Preclean 0.076ms
[23.545s][info][gc,marking    ] GC(1449) Concurrent Mark (23.540s, 23.545s) 5.847ms
[23.546s][info][gc,start      ] GC(1449) Pause Remark
